<?xml version="1.0" encoding="utf-8"?>
<CoverageSession xmlns:xsd="http://www.w3.org/2001/XMLSchema" xmlns:xsi="http://www.w3.org/2001/XMLSchema-instance" Version="4.7.922.0">
  <Summary numSequencePoints="6695" visitedSequencePoints="167" numBranchPoints="4709" visitedBranchPoints="71" sequenceCoverage="2.49" branchCoverage="1.51" maxCyclomaticComplexity="78" minCyclomaticComplexity="1" maxCrapScore="6162" minCrapScore="1" visitedClasses="14" numClasses="323" visitedMethods="33" numMethods="1861" />
  <Modules>
    <Module skippedDueTo="Filter" hash="A5-5F-5C-34-6C-6F-A2-8D-5F-48-3B-97-31-8E-BE-ED-64-C5-34-93">
      <ModulePath>C:\WINDOWS\Microsoft.Net\assembly\GAC_64\mscorlib\v4.0_4.0.0.0__b77a5c561934e089\mscorlib.dll</ModulePath>
      <ModuleTime>2019-12-07T06:00:37.9046237Z</ModuleTime>
      <ModuleName>mscorlib</ModuleName>
      <Classes />
    </Module>
    <Module skippedDueTo="MissingPdb" hash="D3-59-4F-26-D3-26-C0-17-66-0F-B3-C8-8A-0E-4D-7A-8D-86-53-A8">
      <ModulePath>C:\ProgramData\chocolatey\bin\xunit.console.x86.exe</ModulePath>
      <ModuleTime>2020-02-24T01:54:00.5476241Z</ModuleTime>
      <ModuleName>xunit.console.x86</ModuleName>
      <Classes />
    </Module>
    <Module skippedDueTo="Filter" hash="4A-9D-81-85-DC-CF-74-ED-91-AC-6F-7B-37-3D-3E-0B-36-5C-56-66">
      <ModulePath>C:\WINDOWS\Microsoft.Net\assembly\GAC_MSIL\System\v4.0_4.0.0.0__b77a5c561934e089\System.dll</ModulePath>
      <ModuleTime>2019-07-24T02:58:28Z</ModuleTime>
      <ModuleName>System</ModuleName>
      <Classes />
    </Module>
    <Module skippedDueTo="Filter" hash="CC-DB-8A-78-1D-14-03-CA-9E-57-77-AD-02-B0-11-1E-9D-D0-F8-EB">
      <ModulePath>C:\WINDOWS\Microsoft.Net\assembly\GAC_MSIL\System.Core\v4.0_4.0.0.0__b77a5c561934e089\System.Core.dll</ModulePath>
      <ModuleTime>2019-12-07T06:03:04Z</ModuleTime>
      <ModuleName>System.Core</ModuleName>
      <Classes />
    </Module>
    <Module skippedDueTo="Filter" hash="AC-E9-5B-E2-17-18-10-1B-85-F1-52-BC-0C-F5-DD-D8-7F-63-43-3C">
      <ModulePath>C:\WINDOWS\Microsoft.Net\assembly\GAC_32\mscorlib\v4.0_4.0.0.0__b77a5c561934e089\mscorlib.dll</ModulePath>
      <ModuleTime>2019-12-07T06:03:04Z</ModuleTime>
      <ModuleName>mscorlib</ModuleName>
      <Classes />
    </Module>
    <Module hash="22-08-2D-6F-91-93-4F-1E-79-9F-AB-B3-63-3D-0C-5D-0A-C8-2C-0D">
      <Summary numSequencePoints="1269" visitedSequencePoints="142" numBranchPoints="641" visitedBranchPoints="48" sequenceCoverage="11.19" branchCoverage="7.49" maxCyclomaticComplexity="59" minCyclomaticComplexity="1" maxCrapScore="3540" minCrapScore="1" visitedClasses="7" numClasses="31" visitedMethods="18" numMethods="162" />
      <ModulePath>C:\ProgramData\chocolatey\lib\XUnit\tools\xunit.console.x86.exe</ModulePath>
      <ModuleTime>2020-02-24T01:53:59.6823339Z</ModuleTime>
      <ModuleName>xunit.console.x86</ModuleName>
      <Files>
        <File uid="1" fullPath="C:\Dev\xunit\xunit\src\common\AssemblyExtensions.cs" />
        <File uid="2" fullPath="C:\Dev\xunit\xunit\src\common\DictionaryExtensions.cs" />
        <File uid="5" fullPath="C:\Dev\xunit\xunit\src\common\Guard.cs" />
        <File uid="6" fullPath="C:\Dev\xunit\xunit\src\common\ConsoleHelper.cs" />
        <File uid="7" fullPath="C:\Dev\xunit\xunit\src\common\Json.cs" />
        <File uid="18" fullPath="C:\Dev\xunit\xunit\src\xunit.console\CommandLine.cs" />
        <File uid="21" fullPath="C:\Dev\xunit\xunit\src\xunit.console\ConsoleRunner.cs" />
        <File uid="26" fullPath="C:\Dev\xunit\xunit\src\xunit.console\Program.cs" />
        <File uid="27" fullPath="C:\Dev\xunit\xunit\src\xunit.console\Sinks\DiagnosticMessageSink.cs" />
        <File uid="28" fullPath="C:\Dev\xunit\xunit\src\xunit.console\Utility\ConsoleLogger.cs" />
        <File uid="29" fullPath="C:\Dev\xunit\xunit\src\xunit.console\Utility\TransformFactory.cs" />
      </Files>
      <Classes>
        <Class>
          <Summary numSequencePoints="0" visitedSequencePoints="0" numBranchPoints="0" visitedBranchPoints="0" sequenceCoverage="0" branchCoverage="0" maxCyclomaticComplexity="0" minCyclomaticComplexity="0" maxCrapScore="0" minCrapScore="0" visitedClasses="0" numClasses="0" visitedMethods="0" numMethods="0" />
          <FullName>&lt;Module&gt;</FullName>
          <Methods />
        </Class>
        <Class>
          <Summary numSequencePoints="22" visitedSequencePoints="14" numBranchPoints="18" visitedBranchPoints="9" sequenceCoverage="63.64" branchCoverage="50" maxCyclomaticComplexity="8" minCyclomaticComplexity="3" maxCrapScore="12.78" minCrapScore="3" visitedClasses="1" numClasses="1" visitedMethods="2" numMethods="2" />
          <FullName>AssemblyExtensions</FullName>
          <Methods>
            <Method visited="true" cyclomaticComplexity="3" nPathComplexity="2" sequenceCoverage="100" branchCoverage="66.67" crapScore="3" isConstructor="false" isStatic="true" isGetter="false" isSetter="false">
              <Summary numSequencePoints="3" visitedSequencePoints="3" numBranchPoints="3" visitedBranchPoints="2" sequenceCoverage="100" branchCoverage="66.67" maxCyclomaticComplexity="3" minCyclomaticComplexity="3" maxCrapScore="3" minCrapScore="3" visitedClasses="0" numClasses="0" visitedMethods="1" numMethods="1" />
              <MetadataToken>100663297</MetadataToken>
              <Name>System.String AssemblyExtensions::GetLocalCodeBase(System.Reflection.Assembly)</Name>
              <FileRef uid="1" />
              <SequencePoints>
                <SequencePoint vc="1" uspid="1" ordinal="0" offset="0" sl="10" sc="5" el="10" ec="6" bec="0" bev="0" fileid="1" />
                <SequencePoint vc="1" uspid="2" ordinal="1" offset="1" sl="11" sc="9" el="11" ec="82" bec="2" bev="1" fileid="1" />
                <SequencePoint vc="1" uspid="3" ordinal="2" offset="26" sl="12" sc="5" el="12" ec="6" bec="0" bev="0" fileid="1" />
              </SequencePoints>
              <BranchPoints>
                <BranchPoint vc="0" uspid="4" ordinal="0" offset="2" sl="11" path="0" offsetend="4" fileid="1" />
                <BranchPoint vc="1" uspid="5" ordinal="1" offset="2" sl="11" path="1" offsetend="7" fileid="1" />
              </BranchPoints>
              <MethodPoint xsi:type="SequencePoint" vc="1" uspid="1" ordinal="0" offset="0" sl="10" sc="5" el="10" ec="6" bec="0" bev="0" fileid="1" />
            </Method>
            <Method visited="true" cyclomaticComplexity="8" nPathComplexity="128" sequenceCoverage="57.89" branchCoverage="46.67" crapScore="12.78" isConstructor="false" isStatic="true" isGetter="false" isSetter="false">
              <Summary numSequencePoints="19" visitedSequencePoints="11" numBranchPoints="15" visitedBranchPoints="7" sequenceCoverage="57.89" branchCoverage="46.67" maxCyclomaticComplexity="8" minCyclomaticComplexity="8" maxCrapScore="12.78" minCrapScore="12.78" visitedClasses="0" numClasses="0" visitedMethods="1" numMethods="1" />
              <MetadataToken>100663298</MetadataToken>
              <Name>System.String AssemblyExtensions::GetLocalCodeBase(System.String,System.Char)</Name>
              <FileRef uid="1" />
              <SequencePoints>
                <SequencePoint vc="1" uspid="6" ordinal="0" offset="0" sl="15" sc="5" el="15" ec="6" bec="0" bev="0" fileid="1" />
                <SequencePoint vc="1" uspid="7" ordinal="1" offset="1" sl="16" sc="9" el="16" ec="30" bec="2" bev="1" fileid="1" />
                <SequencePoint vc="0" uspid="8" ordinal="2" offset="9" sl="17" sc="13" el="17" ec="25" bec="0" bev="0" fileid="1" />
                <SequencePoint vc="1" uspid="9" ordinal="3" offset="16" sl="19" sc="9" el="19" ec="71" bec="2" bev="1" fileid="1" />
                <SequencePoint vc="0" uspid="10" ordinal="4" offset="35" sl="20" sc="13" el="20" ec="128" bec="0" bev="0" fileid="1" />
                <SequencePoint vc="1" uspid="11" ordinal="5" offset="57" sl="23" sc="9" el="23" ec="67" bec="2" bev="1" fileid="1" />
                <SequencePoint vc="1" uspid="12" ordinal="6" offset="81" sl="26" sc="9" el="26" ec="39" bec="2" bev="1" fileid="1" />
                <SequencePoint vc="0" uspid="13" ordinal="7" offset="92" sl="27" sc="9" el="27" ec="10" bec="0" bev="0" fileid="1" />
                <SequencePoint vc="0" uspid="14" ordinal="8" offset="93" sl="28" sc="13" el="28" ec="27" bec="2" bev="0" fileid="1" />
                <SequencePoint vc="0" uspid="15" ordinal="9" offset="100" sl="29" sc="17" el="29" ec="46" bec="0" bev="0" fileid="1" />
                <SequencePoint vc="0" uspid="16" ordinal="10" offset="110" sl="31" sc="13" el="31" ec="141" bec="0" bev="0" fileid="1" />
                <SequencePoint vc="1" uspid="17" ordinal="11" offset="132" sl="35" sc="9" el="35" ec="40" bec="2" bev="1" fileid="1" />
                <SequencePoint vc="1" uspid="18" ordinal="12" offset="143" sl="36" sc="9" el="36" ec="10" bec="0" bev="0" fileid="1" />
                <SequencePoint vc="1" uspid="19" ordinal="13" offset="144" sl="37" sc="13" el="37" ec="52" bec="0" bev="0" fileid="1" />
                <SequencePoint vc="1" uspid="20" ordinal="14" offset="156" sl="39" sc="13" el="39" ec="27" bec="2" bev="1" fileid="1" />
                <SequencePoint vc="1" uspid="21" ordinal="15" offset="163" sl="40" sc="17" el="40" ec="46" bec="0" bev="0" fileid="1" />
                <SequencePoint vc="0" uspid="22" ordinal="16" offset="173" sl="42" sc="13" el="42" ec="42" bec="0" bev="0" fileid="1" />
                <SequencePoint vc="0" uspid="23" ordinal="17" offset="183" sl="45" sc="9" el="45" ec="149" bec="0" bev="0" fileid="1" />
                <SequencePoint vc="1" uspid="24" ordinal="18" offset="210" sl="46" sc="5" el="46" ec="6" bec="0" bev="0" fileid="1" />
              </SequencePoints>
              <BranchPoints>
                <BranchPoint vc="0" uspid="25" ordinal="0" offset="7" sl="16" path="0" offsetend="9" fileid="1" />
                <BranchPoint vc="1" uspid="26" ordinal="1" offset="7" sl="16" path="1" offsetend="16" fileid="1" />
                <BranchPoint vc="0" uspid="27" ordinal="2" offset="33" sl="19" path="0" offsetend="35" fileid="1" />
                <BranchPoint vc="1" uspid="28" ordinal="3" offset="33" sl="19" path="1" offsetend="57" fileid="1" />
                <BranchPoint vc="1" uspid="29" ordinal="4" offset="64" sl="23" path="0" offsetend="66" fileid="1" />
                <BranchPoint vc="0" uspid="30" ordinal="5" offset="64" sl="23" path="1" offsetend="79" fileid="1" />
                <BranchPoint vc="0" uspid="31" ordinal="6" offset="90" sl="26" path="0" offsetend="92" fileid="1" />
                <BranchPoint vc="1" uspid="32" ordinal="7" offset="90" sl="26" path="1" offsetend="132" fileid="1" />
                <BranchPoint vc="0" uspid="33" ordinal="8" offset="98" sl="28" path="0" offsetend="100" fileid="1" />
                <BranchPoint vc="0" uspid="34" ordinal="9" offset="98" sl="28" path="1" offsetend="110" fileid="1" />
                <BranchPoint vc="1" uspid="35" ordinal="10" offset="141" sl="35" path="0" offsetend="143" fileid="1" />
                <BranchPoint vc="0" uspid="36" ordinal="11" offset="141" sl="35" path="1" offsetend="183" fileid="1" />
                <BranchPoint vc="1" uspid="37" ordinal="12" offset="161" sl="39" path="0" offsetend="163" fileid="1" />
                <BranchPoint vc="0" uspid="38" ordinal="13" offset="161" sl="39" path="1" offsetend="173" fileid="1" />
              </BranchPoints>
              <MethodPoint xsi:type="SequencePoint" vc="1" uspid="6" ordinal="0" offset="0" sl="15" sc="5" el="15" ec="6" bec="0" bev="0" fileid="1" />
            </Method>
          </Methods>
        </Class>
        <Class>
          <Summary numSequencePoints="33" visitedSequencePoints="0" numBranchPoints="16" visitedBranchPoints="0" sequenceCoverage="0" branchCoverage="0" maxCyclomaticComplexity="4" minCyclomaticComplexity="1" maxCrapScore="20" minCrapScore="2" visitedClasses="0" numClasses="1" visitedMethods="0" numMethods="6" />
          <FullName>DictionaryExtensions</FullName>
          <Methods>
            <Method visited="false" cyclomaticComplexity="1" nPathComplexity="0" sequenceCoverage="0" branchCoverage="0" crapScore="2" isConstructor="false" isStatic="true" isGetter="false" isSetter="false">
              <Summary numSequencePoints="3" visitedSequencePoints="0" numBranchPoints="1" visitedBranchPoints="0" sequenceCoverage="0" branchCoverage="0" maxCyclomaticComplexity="1" minCyclomaticComplexity="1" maxCrapScore="2" minCrapScore="2" visitedClasses="0" numClasses="0" visitedMethods="0" numMethods="1" />
              <MetadataToken>100663299</MetadataToken>
              <Name>System.Void DictionaryExtensions::Add(System.Collections.Generic.IDictionary`2&lt;TKey,System.Collections.Generic.List`1&lt;TValue&gt;&gt;,TKey,TValue)</Name>
              <FileRef uid="2" />
              <SequencePoints>
                <SequencePoint vc="0" uspid="39" ordinal="0" offset="0" sl="8" sc="5" el="8" ec="6" bec="0" bev="0" fileid="2" />
                <SequencePoint vc="0" uspid="40" ordinal="1" offset="1" sl="9" sc="9" el="9" ec="45" bec="0" bev="0" fileid="2" />
                <SequencePoint vc="0" uspid="41" ordinal="2" offset="15" sl="10" sc="5" el="10" ec="6" bec="0" bev="0" fileid="2" />
              </SequencePoints>
              <BranchPoints />
              <MethodPoint xsi:type="SequencePoint" vc="0" uspid="39" ordinal="0" offset="0" sl="8" sc="5" el="8" ec="6" bec="0" bev="0" fileid="2" />
            </Method>
            <Method visited="false" cyclomaticComplexity="2" nPathComplexity="2" sequenceCoverage="0" branchCoverage="0" crapScore="6" isConstructor="false" isStatic="true" isGetter="false" isSetter="false">
              <Summary numSequencePoints="5" visitedSequencePoints="0" numBranchPoints="3" visitedBranchPoints="0" sequenceCoverage="0" branchCoverage="0" maxCyclomaticComplexity="2" minCyclomaticComplexity="2" maxCrapScore="6" minCrapScore="6" visitedClasses="0" numClasses="0" visitedMethods="0" numMethods="1" />
              <MetadataToken>100663300</MetadataToken>
              <Name>System.Boolean DictionaryExtensions::Contains(System.Collections.Generic.IDictionary`2&lt;TKey,System.Collections.Generic.List`1&lt;TValue&gt;&gt;,TKey,TValue,System.Collections.Generic.IEqualityComparer`1&lt;TValue&gt;)</Name>
              <FileRef uid="2" />
              <SequencePoints>
                <SequencePoint vc="0" uspid="42" ordinal="0" offset="0" sl="13" sc="5" el="13" ec="6" bec="0" bev="0" fileid="2" />
                <SequencePoint vc="0" uspid="43" ordinal="1" offset="1" sl="16" sc="9" el="16" ec="54" bec="2" bev="0" fileid="2" />
                <SequencePoint vc="0" uspid="44" ordinal="2" offset="17" sl="17" sc="13" el="17" ec="26" bec="0" bev="0" fileid="2" />
                <SequencePoint vc="0" uspid="45" ordinal="3" offset="21" sl="19" sc="9" el="19" ec="54" bec="0" bev="0" fileid="2" />
                <SequencePoint vc="0" uspid="46" ordinal="4" offset="32" sl="20" sc="5" el="20" ec="6" bec="0" bev="0" fileid="2" />
              </SequencePoints>
              <BranchPoints>
                <BranchPoint vc="0" uspid="47" ordinal="0" offset="15" sl="16" path="0" offsetend="17" fileid="2" />
                <BranchPoint vc="0" uspid="48" ordinal="1" offset="15" sl="16" path="1" offsetend="21" fileid="2" />
              </BranchPoints>
              <MethodPoint xsi:type="SequencePoint" vc="0" uspid="42" ordinal="0" offset="0" sl="13" sc="5" el="13" ec="6" bec="0" bev="0" fileid="2" />
            </Method>
            <Method visited="false" cyclomaticComplexity="2" nPathComplexity="2" sequenceCoverage="0" branchCoverage="0" crapScore="6" isConstructor="false" isStatic="true" isGetter="false" isSetter="false">
              <Summary numSequencePoints="3" visitedSequencePoints="0" numBranchPoints="3" visitedBranchPoints="0" sequenceCoverage="0" branchCoverage="0" maxCyclomaticComplexity="2" minCyclomaticComplexity="2" maxCrapScore="6" minCrapScore="6" visitedClasses="0" numClasses="0" visitedMethods="0" numMethods="1" />
              <MetadataToken>100663301</MetadataToken>
              <Name>TValue DictionaryExtensions::GetOrAdd(System.Collections.Generic.IDictionary`2&lt;TKey,TValue&gt;,TKey)</Name>
              <FileRef uid="2" />
              <SequencePoints>
                <SequencePoint vc="0" uspid="49" ordinal="0" offset="0" sl="24" sc="5" el="24" ec="6" bec="0" bev="0" fileid="2" />
                <SequencePoint vc="0" uspid="50" ordinal="1" offset="1" sl="25" sc="9" el="25" ec="75" bec="2" bev="0" fileid="2" />
                <SequencePoint vc="0" uspid="51" ordinal="2" offset="42" sl="26" sc="5" el="26" ec="6" bec="0" bev="0" fileid="2" />
              </SequencePoints>
              <BranchPoints>
                <BranchPoint vc="0" uspid="52" ordinal="0" offset="9" sl="25" path="0" offsetend="11" fileid="2" />
                <BranchPoint vc="0" uspid="53" ordinal="1" offset="9" sl="25" path="1" offsetend="34" fileid="2" />
              </BranchPoints>
              <MethodPoint xsi:type="SequencePoint" vc="0" uspid="49" ordinal="0" offset="0" sl="24" sc="5" el="24" ec="6" bec="0" bev="0" fileid="2" />
            </Method>
            <Method visited="false" cyclomaticComplexity="2" nPathComplexity="2" sequenceCoverage="0" branchCoverage="0" crapScore="6" isConstructor="false" isStatic="true" isGetter="false" isSetter="false">
              <Summary numSequencePoints="8" visitedSequencePoints="0" numBranchPoints="3" visitedBranchPoints="0" sequenceCoverage="0" branchCoverage="0" maxCyclomaticComplexity="2" minCyclomaticComplexity="2" maxCrapScore="6" minCrapScore="6" visitedClasses="0" numClasses="0" visitedMethods="0" numMethods="1" />
              <MetadataToken>100663302</MetadataToken>
              <Name>TValue DictionaryExtensions::GetOrAdd(System.Collections.Generic.IDictionary`2&lt;TKey,TValue&gt;,TKey,System.Func`1&lt;TValue&gt;)</Name>
              <FileRef uid="2" />
              <SequencePoints>
                <SequencePoint vc="0" uspid="54" ordinal="0" offset="0" sl="29" sc="5" el="29" ec="6" bec="0" bev="0" fileid="2" />
                <SequencePoint vc="0" uspid="55" ordinal="1" offset="1" sl="32" sc="9" el="32" ec="54" bec="2" bev="0" fileid="2" />
                <SequencePoint vc="0" uspid="56" ordinal="2" offset="17" sl="33" sc="9" el="33" ec="10" bec="0" bev="0" fileid="2" />
                <SequencePoint vc="0" uspid="57" ordinal="3" offset="18" sl="34" sc="13" el="34" ec="33" bec="0" bev="0" fileid="2" />
                <SequencePoint vc="0" uspid="58" ordinal="4" offset="25" sl="35" sc="13" el="35" ec="38" bec="0" bev="0" fileid="2" />
                <SequencePoint vc="0" uspid="59" ordinal="5" offset="34" sl="36" sc="9" el="36" ec="10" bec="0" bev="0" fileid="2" />
                <SequencePoint vc="0" uspid="60" ordinal="6" offset="35" sl="38" sc="9" el="38" ec="23" bec="0" bev="0" fileid="2" />
                <SequencePoint vc="0" uspid="61" ordinal="7" offset="39" sl="39" sc="5" el="39" ec="6" bec="0" bev="0" fileid="2" />
              </SequencePoints>
              <BranchPoints>
                <BranchPoint vc="0" uspid="62" ordinal="0" offset="15" sl="32" path="0" offsetend="17" fileid="2" />
                <BranchPoint vc="0" uspid="63" ordinal="1" offset="15" sl="32" path="1" offsetend="35" fileid="2" />
              </BranchPoints>
              <MethodPoint xsi:type="SequencePoint" vc="0" uspid="54" ordinal="0" offset="0" sl="29" sc="5" el="29" ec="6" bec="0" bev="0" fileid="2" />
            </Method>
            <Method visited="false" cyclomaticComplexity="2" nPathComplexity="2" sequenceCoverage="0" branchCoverage="0" crapScore="6" isConstructor="false" isStatic="true" isGetter="false" isSetter="false">
              <Summary numSequencePoints="1" visitedSequencePoints="0" numBranchPoints="3" visitedBranchPoints="0" sequenceCoverage="0" branchCoverage="0" maxCyclomaticComplexity="2" minCyclomaticComplexity="2" maxCrapScore="6" minCrapScore="6" visitedClasses="0" numClasses="0" visitedMethods="0" numMethods="1" />
              <MetadataToken>100663303</MetadataToken>
              <Name>System.Collections.Generic.Dictionary`2&lt;TKey,TValue&gt; DictionaryExtensions::ToDictionaryIgnoringDuplicateKeys(System.Collections.Generic.IEnumerable`1&lt;TValue&gt;,System.Func`2&lt;TValue,TKey&gt;,System.Collections.Generic.IEqualityComparer`1&lt;TKey&gt;)</Name>
              <FileRef uid="2" />
              <SequencePoints>
                <SequencePoint vc="0" uspid="64" ordinal="0" offset="0" sl="44" sc="12" el="44" ec="74" bec="2" bev="0" fileid="2" />
              </SequencePoints>
              <BranchPoints>
                <BranchPoint vc="0" uspid="65" ordinal="0" offset="8" sl="44" path="0" offsetend="10" fileid="2" />
                <BranchPoint vc="0" uspid="66" ordinal="1" offset="8" sl="44" path="1" offsetend="33" fileid="2" />
              </BranchPoints>
              <MethodPoint xsi:type="SequencePoint" vc="0" uspid="64" ordinal="0" offset="0" sl="44" sc="12" el="44" ec="74" bec="2" bev="0" fileid="2" />
            </Method>
            <Method visited="false" cyclomaticComplexity="4" nPathComplexity="2" sequenceCoverage="0" branchCoverage="0" crapScore="20" isConstructor="false" isStatic="true" isGetter="false" isSetter="false">
              <Summary numSequencePoints="13" visitedSequencePoints="0" numBranchPoints="3" visitedBranchPoints="0" sequenceCoverage="0" branchCoverage="0" maxCyclomaticComplexity="4" minCyclomaticComplexity="4" maxCrapScore="20" minCrapScore="20" visitedClasses="0" numClasses="0" visitedMethods="0" numMethods="1" />
              <MetadataToken>100663304</MetadataToken>
              <Name>System.Collections.Generic.Dictionary`2&lt;TKey,TValue&gt; DictionaryExtensions::ToDictionaryIgnoringDuplicateKeys(System.Collections.Generic.IEnumerable`1&lt;TInput&gt;,System.Func`2&lt;TInput,TKey&gt;,System.Func`2&lt;TInput,TValue&gt;,System.Collections.Generic.IEqualityComparer`1&lt;TKey&gt;)</Name>
              <FileRef uid="2" />
              <SequencePoints>
                <SequencePoint vc="0" uspid="67" ordinal="0" offset="0" sl="50" sc="5" el="50" ec="6" bec="0" bev="0" fileid="2" />
                <SequencePoint vc="0" uspid="68" ordinal="1" offset="1" sl="51" sc="9" el="51" ec="61" bec="0" bev="0" fileid="2" />
                <SequencePoint vc="0" uspid="69" ordinal="2" offset="8" sl="53" sc="9" el="53" ec="16" bec="0" bev="0" fileid="2" />
                <SequencePoint vc="0" uspid="70" ordinal="3" offset="9" sl="53" sc="36" el="53" ec="47" bec="0" bev="0" fileid="2" />
                <SequencePoint vc="0" uspid="71" ordinal="4" offset="18" sl="53" sc="18" el="53" ec="32" bec="0" bev="0" fileid="2" />
                <SequencePoint vc="0" uspid="72" ordinal="5" offset="25" sl="54" sc="9" el="54" ec="10" bec="0" bev="0" fileid="2" />
                <SequencePoint vc="0" uspid="73" ordinal="6" offset="26" sl="55" sc="13" el="55" ec="47" bec="0" bev="0" fileid="2" />
                <SequencePoint vc="0" uspid="74" ordinal="7" offset="34" sl="56" sc="13" el="56" ec="42" bec="2" bev="0" fileid="2" />
                <SequencePoint vc="0" uspid="75" ordinal="8" offset="50" sl="57" sc="17" el="57" ec="60" bec="0" bev="0" fileid="2" />
                <SequencePoint vc="0" uspid="76" ordinal="9" offset="65" sl="58" sc="9" el="58" ec="10" bec="0" bev="0" fileid="2" />
                <SequencePoint vc="0" uspid="77" ordinal="10" offset="66" sl="53" sc="33" el="53" ec="35" bec="0" bev="0" fileid="2" />
                <SequencePoint vc="0" uspid="78" ordinal="11" offset="87" sl="60" sc="9" el="60" ec="23" bec="0" bev="0" fileid="2" />
                <SequencePoint vc="0" uspid="79" ordinal="12" offset="92" sl="61" sc="5" el="61" ec="6" bec="0" bev="0" fileid="2" />
              </SequencePoints>
              <BranchPoints>
                <BranchPoint vc="0" uspid="80" ordinal="0" offset="48" sl="56" path="0" offsetend="50" fileid="2" />
                <BranchPoint vc="0" uspid="81" ordinal="1" offset="48" sl="56" path="1" offsetend="65" fileid="2" />
              </BranchPoints>
              <MethodPoint xsi:type="SequencePoint" vc="0" uspid="67" ordinal="0" offset="0" sl="50" sc="5" el="50" ec="6" bec="0" bev="0" fileid="2" />
            </Method>
          </Methods>
        </Class>
        <Class>
          <Summary numSequencePoints="1" visitedSequencePoints="0" numBranchPoints="1" visitedBranchPoints="0" sequenceCoverage="0" branchCoverage="0" maxCyclomaticComplexity="1" minCyclomaticComplexity="1" maxCrapScore="2" minCrapScore="2" visitedClasses="0" numClasses="1" visitedMethods="0" numMethods="1" />
          <FullName>DictionaryExtensions/&lt;&gt;c__2`2</FullName>
          <Methods>
            <Method visited="false" cyclomaticComplexity="1" nPathComplexity="0" sequenceCoverage="0" branchCoverage="0" crapScore="2" isConstructor="true" isStatic="true" isGetter="false" isSetter="false">
              <Summary numSequencePoints="0" visitedSequencePoints="0" numBranchPoints="0" visitedBranchPoints="0" sequenceCoverage="0" branchCoverage="0" maxCyclomaticComplexity="1" minCyclomaticComplexity="1" maxCrapScore="2" minCrapScore="2" visitedClasses="0" numClasses="0" visitedMethods="0" numMethods="0" />
              <MetadataToken>100663440</MetadataToken>
              <Name>System.Void DictionaryExtensions/&lt;&gt;c__2`2::.cctor()</Name>
              <SequencePoints />
              <BranchPoints />
              <MethodPoint vc="0" uspid="84" ordinal="0" offset="0" />
            </Method>
            <Method visited="false" cyclomaticComplexity="1" nPathComplexity="0" sequenceCoverage="0" branchCoverage="0" crapScore="2" isConstructor="true" isStatic="false" isGetter="false" isSetter="false">
              <Summary numSequencePoints="0" visitedSequencePoints="0" numBranchPoints="0" visitedBranchPoints="0" sequenceCoverage="0" branchCoverage="0" maxCyclomaticComplexity="1" minCyclomaticComplexity="1" maxCrapScore="2" minCrapScore="2" visitedClasses="0" numClasses="0" visitedMethods="0" numMethods="0" />
              <MetadataToken>100663441</MetadataToken>
              <Name>System.Void DictionaryExtensions/&lt;&gt;c__2`2::.ctor()</Name>
              <SequencePoints />
              <BranchPoints />
              <MethodPoint vc="0" uspid="85" ordinal="0" offset="0" />
            </Method>
            <Method visited="false" cyclomaticComplexity="1" nPathComplexity="0" sequenceCoverage="0" branchCoverage="0" crapScore="2" isConstructor="false" isStatic="false" isGetter="false" isSetter="false">
              <Summary numSequencePoints="1" visitedSequencePoints="0" numBranchPoints="1" visitedBranchPoints="0" sequenceCoverage="0" branchCoverage="0" maxCyclomaticComplexity="1" minCyclomaticComplexity="1" maxCrapScore="2" minCrapScore="2" visitedClasses="0" numClasses="0" visitedMethods="0" numMethods="1" />
              <MetadataToken>100663442</MetadataToken>
              <Name>TValue DictionaryExtensions/&lt;&gt;c__2`2::&lt;GetOrAdd&gt;b__2_0()</Name>
              <FileRef uid="2" />
              <SequencePoints>
                <SequencePoint vc="0" uspid="86" ordinal="0" offset="0" sl="25" sc="61" el="25" ec="73" bec="0" bev="0" fileid="2" />
              </SequencePoints>
              <BranchPoints />
              <MethodPoint xsi:type="SequencePoint" vc="0" uspid="86" ordinal="0" offset="0" sl="25" sc="61" el="25" ec="73" bec="0" bev="0" fileid="2" />
            </Method>
          </Methods>
        </Class>
        <Class>
          <Summary numSequencePoints="1" visitedSequencePoints="0" numBranchPoints="1" visitedBranchPoints="0" sequenceCoverage="0" branchCoverage="0" maxCyclomaticComplexity="1" minCyclomaticComplexity="1" maxCrapScore="2" minCrapScore="2" visitedClasses="0" numClasses="1" visitedMethods="0" numMethods="1" />
          <FullName>DictionaryExtensions/&lt;&gt;c__4`2</FullName>
          <Methods>
            <Method visited="false" cyclomaticComplexity="1" nPathComplexity="0" sequenceCoverage="0" branchCoverage="0" crapScore="2" isConstructor="true" isStatic="true" isGetter="false" isSetter="false">
              <Summary numSequencePoints="0" visitedSequencePoints="0" numBranchPoints="0" visitedBranchPoints="0" sequenceCoverage="0" branchCoverage="0" maxCyclomaticComplexity="1" minCyclomaticComplexity="1" maxCrapScore="2" minCrapScore="2" visitedClasses="0" numClasses="0" visitedMethods="0" numMethods="0" />
              <MetadataToken>100663443</MetadataToken>
              <Name>System.Void DictionaryExtensions/&lt;&gt;c__4`2::.cctor()</Name>
              <SequencePoints />
              <BranchPoints />
              <MethodPoint vc="0" uspid="87" ordinal="0" offset="0" />
            </Method>
            <Method visited="false" cyclomaticComplexity="1" nPathComplexity="0" sequenceCoverage="0" branchCoverage="0" crapScore="2" isConstructor="true" isStatic="false" isGetter="false" isSetter="false">
              <Summary numSequencePoints="0" visitedSequencePoints="0" numBranchPoints="0" visitedBranchPoints="0" sequenceCoverage="0" branchCoverage="0" maxCyclomaticComplexity="1" minCyclomaticComplexity="1" maxCrapScore="2" minCrapScore="2" visitedClasses="0" numClasses="0" visitedMethods="0" numMethods="0" />
              <MetadataToken>100663444</MetadataToken>
              <Name>System.Void DictionaryExtensions/&lt;&gt;c__4`2::.ctor()</Name>
              <SequencePoints />
              <BranchPoints />
              <MethodPoint vc="0" uspid="88" ordinal="0" offset="0" />
            </Method>
            <Method visited="false" cyclomaticComplexity="1" nPathComplexity="0" sequenceCoverage="0" branchCoverage="0" crapScore="2" isConstructor="false" isStatic="false" isGetter="false" isSetter="false">
              <Summary numSequencePoints="1" visitedSequencePoints="0" numBranchPoints="1" visitedBranchPoints="0" sequenceCoverage="0" branchCoverage="0" maxCyclomaticComplexity="1" minCyclomaticComplexity="1" maxCrapScore="2" minCrapScore="2" visitedClasses="0" numClasses="0" visitedMethods="0" numMethods="1" />
              <MetadataToken>100663445</MetadataToken>
              <Name>TValue DictionaryExtensions/&lt;&gt;c__4`2::&lt;ToDictionaryIgnoringDuplicateKeys&gt;b__4_0(TValue)</Name>
              <FileRef uid="2" />
              <SequencePoints>
                <SequencePoint vc="0" uspid="89" ordinal="0" offset="0" sl="44" sc="72" el="44" ec="73" bec="0" bev="0" fileid="2" />
              </SequencePoints>
              <BranchPoints />
              <MethodPoint xsi:type="SequencePoint" vc="0" uspid="89" ordinal="0" offset="0" sl="44" sc="72" el="44" ec="73" bec="0" bev="0" fileid="2" />
            </Method>
          </Methods>
        </Class>
        <Class>
          <Summary numSequencePoints="17" visitedSequencePoints="0" numBranchPoints="10" visitedBranchPoints="0" sequenceCoverage="0" branchCoverage="0" maxCyclomaticComplexity="2" minCyclomaticComplexity="1" maxCrapScore="6" minCrapScore="2" visitedClasses="0" numClasses="1" visitedMethods="0" numMethods="4" />
          <FullName>Guard</FullName>
          <Methods>
            <Method visited="false" cyclomaticComplexity="2" nPathComplexity="2" sequenceCoverage="0" branchCoverage="0" crapScore="6" isConstructor="false" isStatic="true" isGetter="false" isSetter="false">
              <Summary numSequencePoints="4" visitedSequencePoints="0" numBranchPoints="3" visitedBranchPoints="0" sequenceCoverage="0" branchCoverage="0" maxCyclomaticComplexity="2" minCyclomaticComplexity="2" maxCrapScore="6" minCrapScore="6" visitedClasses="0" numClasses="0" visitedMethods="0" numMethods="1" />
              <MetadataToken>100663305</MetadataToken>
              <Name>System.Void Guard::ArgumentNotNull(System.String,System.Object)</Name>
              <FileRef uid="5" />
              <SequencePoints>
                <SequencePoint vc="0" uspid="90" ordinal="0" offset="0" sl="12" sc="5" el="12" ec="6" bec="0" bev="0" fileid="5" />
                <SequencePoint vc="0" uspid="91" ordinal="1" offset="1" sl="13" sc="9" el="13" ec="30" bec="2" bev="0" fileid="5" />
                <SequencePoint vc="0" uspid="92" ordinal="2" offset="9" sl="14" sc="13" el="14" ec="54" bec="0" bev="0" fileid="5" />
                <SequencePoint vc="0" uspid="93" ordinal="3" offset="16" sl="15" sc="5" el="15" ec="6" bec="0" bev="0" fileid="5" />
              </SequencePoints>
              <BranchPoints>
                <BranchPoint vc="0" uspid="94" ordinal="0" offset="7" sl="13" path="0" offsetend="9" fileid="5" />
                <BranchPoint vc="0" uspid="95" ordinal="1" offset="7" sl="13" path="1" offsetend="16" fileid="5" />
              </BranchPoints>
              <MethodPoint xsi:type="SequencePoint" vc="0" uspid="90" ordinal="0" offset="0" sl="12" sc="5" el="12" ec="6" bec="0" bev="0" fileid="5" />
            </Method>
            <Method visited="false" cyclomaticComplexity="2" nPathComplexity="2" sequenceCoverage="0" branchCoverage="0" crapScore="6" isConstructor="false" isStatic="true" isGetter="false" isSetter="false">
              <Summary numSequencePoints="5" visitedSequencePoints="0" numBranchPoints="3" visitedBranchPoints="0" sequenceCoverage="0" branchCoverage="0" maxCyclomaticComplexity="2" minCyclomaticComplexity="2" maxCrapScore="6" minCrapScore="6" visitedClasses="0" numClasses="0" visitedMethods="0" numMethods="1" />
              <MetadataToken>100663306</MetadataToken>
              <Name>System.Void Guard::ArgumentNotNullOrEmpty(System.String,System.Collections.IEnumerable)</Name>
              <FileRef uid="5" />
              <SequencePoints>
                <SequencePoint vc="0" uspid="96" ordinal="0" offset="0" sl="19" sc="5" el="19" ec="6" bec="0" bev="0" fileid="5" />
                <SequencePoint vc="0" uspid="97" ordinal="1" offset="1" sl="20" sc="9" el="20" ec="44" bec="0" bev="0" fileid="5" />
                <SequencePoint vc="0" uspid="98" ordinal="2" offset="9" sl="22" sc="9" el="22" ec="50" bec="2" bev="0" fileid="5" />
                <SequencePoint vc="0" uspid="99" ordinal="3" offset="27" sl="23" sc="13" el="23" ec="72" bec="0" bev="0" fileid="5" />
                <SequencePoint vc="0" uspid="100" ordinal="4" offset="39" sl="24" sc="5" el="24" ec="6" bec="0" bev="0" fileid="5" />
              </SequencePoints>
              <BranchPoints>
                <BranchPoint vc="0" uspid="101" ordinal="0" offset="25" sl="22" path="0" offsetend="27" fileid="5" />
                <BranchPoint vc="0" uspid="102" ordinal="1" offset="25" sl="22" path="1" offsetend="39" fileid="5" />
              </BranchPoints>
              <MethodPoint xsi:type="SequencePoint" vc="0" uspid="96" ordinal="0" offset="0" sl="19" sc="5" el="19" ec="6" bec="0" bev="0" fileid="5" />
            </Method>
            <Method visited="false" cyclomaticComplexity="2" nPathComplexity="2" sequenceCoverage="0" branchCoverage="0" crapScore="6" isConstructor="false" isStatic="true" isGetter="false" isSetter="false">
              <Summary numSequencePoints="4" visitedSequencePoints="0" numBranchPoints="3" visitedBranchPoints="0" sequenceCoverage="0" branchCoverage="0" maxCyclomaticComplexity="2" minCyclomaticComplexity="2" maxCrapScore="6" minCrapScore="6" visitedClasses="0" numClasses="0" visitedMethods="0" numMethods="1" />
              <MetadataToken>100663307</MetadataToken>
              <Name>System.Void Guard::ArgumentValid(System.String,System.String,System.Boolean)</Name>
              <FileRef uid="5" />
              <SequencePoints>
                <SequencePoint vc="0" uspid="103" ordinal="0" offset="0" sl="28" sc="5" el="28" ec="6" bec="0" bev="0" fileid="5" />
                <SequencePoint vc="0" uspid="104" ordinal="1" offset="1" sl="29" sc="9" el="29" ec="19" bec="2" bev="0" fileid="5" />
                <SequencePoint vc="0" uspid="105" ordinal="2" offset="9" sl="30" sc="13" el="30" ec="59" bec="0" bev="0" fileid="5" />
                <SequencePoint vc="0" uspid="106" ordinal="3" offset="17" sl="31" sc="5" el="31" ec="6" bec="0" bev="0" fileid="5" />
              </SequencePoints>
              <BranchPoints>
                <BranchPoint vc="0" uspid="107" ordinal="0" offset="7" sl="29" path="0" offsetend="9" fileid="5" />
                <BranchPoint vc="0" uspid="108" ordinal="1" offset="7" sl="29" path="1" offsetend="17" fileid="5" />
              </BranchPoints>
              <MethodPoint xsi:type="SequencePoint" vc="0" uspid="103" ordinal="0" offset="0" sl="28" sc="5" el="28" ec="6" bec="0" bev="0" fileid="5" />
            </Method>
            <Method visited="false" cyclomaticComplexity="1" nPathComplexity="0" sequenceCoverage="0" branchCoverage="0" crapScore="2" isConstructor="false" isStatic="true" isGetter="false" isSetter="false">
              <Summary numSequencePoints="4" visitedSequencePoints="0" numBranchPoints="1" visitedBranchPoints="0" sequenceCoverage="0" branchCoverage="0" maxCyclomaticComplexity="1" minCyclomaticComplexity="1" maxCrapScore="2" minCrapScore="2" visitedClasses="0" numClasses="0" visitedMethods="0" numMethods="1" />
              <MetadataToken>100663308</MetadataToken>
              <Name>System.Void Guard::FileExists(System.String,System.String)</Name>
              <FileRef uid="5" />
              <SequencePoints>
                <SequencePoint vc="0" uspid="109" ordinal="0" offset="0" sl="36" sc="5" el="36" ec="6" bec="0" bev="0" fileid="5" />
                <SequencePoint vc="0" uspid="110" ordinal="1" offset="1" sl="37" sc="9" el="37" ec="57" bec="0" bev="0" fileid="5" />
                <SequencePoint vc="0" uspid="111" ordinal="2" offset="9" sl="39" sc="9" el="39" ec="92" bec="0" bev="0" fileid="5" />
                <SequencePoint vc="0" uspid="112" ordinal="3" offset="33" sl="41" sc="5" el="41" ec="6" bec="0" bev="0" fileid="5" />
              </SequencePoints>
              <BranchPoints />
              <MethodPoint xsi:type="SequencePoint" vc="0" uspid="109" ordinal="0" offset="0" sl="36" sc="5" el="36" ec="6" bec="0" bev="0" fileid="5" />
            </Method>
          </Methods>
        </Class>
        <Class>
          <Summary numSequencePoints="50" visitedSequencePoints="5" numBranchPoints="24" visitedBranchPoints="2" sequenceCoverage="10" branchCoverage="8.33" maxCyclomaticComplexity="19" minCyclomaticComplexity="1" maxCrapScore="380" minCrapScore="1" visitedClasses="1" numClasses="1" visitedMethods="2" numMethods="5" />
          <FullName>Xunit.ConsoleHelper</FullName>
          <Methods>
            <Method visited="true" cyclomaticComplexity="1" nPathComplexity="0" sequenceCoverage="100" branchCoverage="100" crapScore="1" isConstructor="true" isStatic="true" isGetter="false" isSetter="false">
              <Summary numSequencePoints="4" visitedSequencePoints="4" numBranchPoints="1" visitedBranchPoints="1" sequenceCoverage="100" branchCoverage="100" maxCyclomaticComplexity="1" minCyclomaticComplexity="1" maxCrapScore="1" minCrapScore="1" visitedClasses="0" numClasses="0" visitedMethods="1" numMethods="1" />
              <MetadataToken>100663309</MetadataToken>
              <Name>System.Void Xunit.ConsoleHelper::.cctor()</Name>
              <FileRef uid="6" />
              <SequencePoints>
                <SequencePoint vc="1" uspid="113" ordinal="0" offset="0" sl="16" sc="9" el="16" ec="10" bec="0" bev="0" fileid="6" />
                <SequencePoint vc="1" uspid="114" ordinal="1" offset="1" sl="18" sc="13" el="18" ec="44" bec="0" bev="0" fileid="6" />
                <SequencePoint vc="1" uspid="115" ordinal="2" offset="18" sl="19" sc="13" el="19" ec="60" bec="0" bev="0" fileid="6" />
                <SequencePoint vc="1" uspid="116" ordinal="3" offset="35" sl="32" sc="9" el="32" ec="10" bec="0" bev="0" fileid="6" />
              </SequencePoints>
              <BranchPoints />
              <MethodPoint xsi:type="SequencePoint" vc="1" uspid="113" ordinal="0" offset="0" sl="16" sc="9" el="16" ec="10" bec="0" bev="0" fileid="6" />
            </Method>
            <Method visited="false" cyclomaticComplexity="19" nPathComplexity="34" sequenceCoverage="0" branchCoverage="0" crapScore="380" isConstructor="false" isStatic="true" isGetter="false" isSetter="false">
              <Summary numSequencePoints="43" visitedSequencePoints="0" numBranchPoints="20" visitedBranchPoints="0" sequenceCoverage="0" branchCoverage="0" maxCyclomaticComplexity="19" minCyclomaticComplexity="19" maxCrapScore="380" minCrapScore="380" visitedClasses="0" numClasses="0" visitedMethods="0" numMethods="1" />
              <MetadataToken>100663310</MetadataToken>
              <Name>System.Void Xunit.ConsoleHelper::SetForegroundColorANSI(System.ConsoleColor)</Name>
              <FileRef uid="6" />
              <SequencePoints>
                <SequencePoint vc="0" uspid="117" ordinal="0" offset="0" sl="35" sc="9" el="35" ec="10" bec="0" bev="0" fileid="6" />
                <SequencePoint vc="0" uspid="118" ordinal="1" offset="1" sl="36" sc="13" el="36" ec="42" bec="0" bev="0" fileid="6" />
                <SequencePoint vc="0" uspid="119" ordinal="2" offset="7" sl="37" sc="13" el="37" ec="23" bec="17" bev="0" fileid="6" />
                <SequencePoint vc="0" uspid="120" ordinal="3" offset="84" sl="39" sc="42" el="39" ec="62" bec="0" bev="0" fileid="6" />
                <SequencePoint vc="0" uspid="121" ordinal="4" offset="96" sl="39" sc="63" el="39" ec="69" bec="0" bev="0" fileid="6" />
                <SequencePoint vc="0" uspid="122" ordinal="5" offset="101" sl="40" sc="45" el="40" ec="65" bec="0" bev="0" fileid="6" />
                <SequencePoint vc="0" uspid="123" ordinal="6" offset="113" sl="40" sc="66" el="40" ec="72" bec="0" bev="0" fileid="6" />
                <SequencePoint vc="0" uspid="124" ordinal="7" offset="118" sl="41" sc="46" el="41" ec="66" bec="0" bev="0" fileid="6" />
                <SequencePoint vc="0" uspid="125" ordinal="8" offset="130" sl="41" sc="67" el="41" ec="73" bec="0" bev="0" fileid="6" />
                <SequencePoint vc="0" uspid="126" ordinal="9" offset="135" sl="42" sc="45" el="42" ec="65" bec="0" bev="0" fileid="6" />
                <SequencePoint vc="0" uspid="127" ordinal="10" offset="147" sl="42" sc="66" el="42" ec="72" bec="0" bev="0" fileid="6" />
                <SequencePoint vc="0" uspid="128" ordinal="11" offset="152" sl="43" sc="44" el="43" ec="64" bec="0" bev="0" fileid="6" />
                <SequencePoint vc="0" uspid="129" ordinal="12" offset="164" sl="43" sc="65" el="43" ec="71" bec="0" bev="0" fileid="6" />
                <SequencePoint vc="0" uspid="130" ordinal="13" offset="169" sl="44" sc="48" el="44" ec="68" bec="0" bev="0" fileid="6" />
                <SequencePoint vc="0" uspid="131" ordinal="14" offset="181" sl="44" sc="69" el="44" ec="75" bec="0" bev="0" fileid="6" />
                <SequencePoint vc="0" uspid="132" ordinal="15" offset="186" sl="45" sc="47" el="45" ec="67" bec="0" bev="0" fileid="6" />
                <SequencePoint vc="0" uspid="133" ordinal="16" offset="198" sl="45" sc="68" el="45" ec="74" bec="0" bev="0" fileid="6" />
                <SequencePoint vc="0" uspid="134" ordinal="17" offset="203" sl="46" sc="41" el="46" ec="61" bec="0" bev="0" fileid="6" />
                <SequencePoint vc="0" uspid="135" ordinal="18" offset="215" sl="46" sc="62" el="46" ec="68" bec="0" bev="0" fileid="6" />
                <SequencePoint vc="0" uspid="136" ordinal="19" offset="217" sl="47" sc="45" el="47" ec="67" bec="0" bev="0" fileid="6" />
                <SequencePoint vc="0" uspid="137" ordinal="20" offset="229" sl="47" sc="68" el="47" ec="74" bec="0" bev="0" fileid="6" />
                <SequencePoint vc="0" uspid="138" ordinal="21" offset="231" sl="48" sc="41" el="48" ec="63" bec="0" bev="0" fileid="6" />
                <SequencePoint vc="0" uspid="139" ordinal="22" offset="243" sl="48" sc="64" el="48" ec="70" bec="0" bev="0" fileid="6" />
                <SequencePoint vc="0" uspid="140" ordinal="23" offset="245" sl="49" sc="42" el="49" ec="64" bec="0" bev="0" fileid="6" />
                <SequencePoint vc="0" uspid="141" ordinal="24" offset="257" sl="49" sc="65" el="49" ec="71" bec="0" bev="0" fileid="6" />
                <SequencePoint vc="0" uspid="142" ordinal="25" offset="259" sl="50" sc="41" el="50" ec="63" bec="0" bev="0" fileid="6" />
                <SequencePoint vc="0" uspid="143" ordinal="26" offset="271" sl="50" sc="64" el="50" ec="70" bec="0" bev="0" fileid="6" />
                <SequencePoint vc="0" uspid="144" ordinal="27" offset="273" sl="51" sc="40" el="51" ec="62" bec="0" bev="0" fileid="6" />
                <SequencePoint vc="0" uspid="145" ordinal="28" offset="285" sl="51" sc="63" el="51" ec="69" bec="0" bev="0" fileid="6" />
                <SequencePoint vc="0" uspid="146" ordinal="29" offset="287" sl="52" sc="44" el="52" ec="66" bec="0" bev="0" fileid="6" />
                <SequencePoint vc="0" uspid="147" ordinal="30" offset="299" sl="52" sc="67" el="52" ec="73" bec="0" bev="0" fileid="6" />
                <SequencePoint vc="0" uspid="148" ordinal="31" offset="301" sl="53" sc="43" el="53" ec="65" bec="0" bev="0" fileid="6" />
                <SequencePoint vc="0" uspid="149" ordinal="32" offset="313" sl="53" sc="66" el="53" ec="72" bec="0" bev="0" fileid="6" />
                <SequencePoint vc="0" uspid="150" ordinal="33" offset="315" sl="54" sc="42" el="54" ec="64" bec="0" bev="0" fileid="6" />
                <SequencePoint vc="0" uspid="151" ordinal="34" offset="327" sl="54" sc="65" el="54" ec="71" bec="0" bev="0" fileid="6" />
                <SequencePoint vc="0" uspid="152" ordinal="35" offset="329" sl="55" sc="26" el="55" ec="43" bec="0" bev="0" fileid="6" />
                <SequencePoint vc="0" uspid="153" ordinal="36" offset="335" sl="55" sc="44" el="55" ec="50" bec="0" bev="0" fileid="6" />
                <SequencePoint vc="0" uspid="154" ordinal="37" offset="337" sl="57" sc="13" el="57" ec="35" bec="2" bev="0" fileid="6" />
                <SequencePoint vc="0" uspid="155" ordinal="38" offset="352" sl="58" sc="13" el="58" ec="14" bec="0" bev="0" fileid="6" />
                <SequencePoint vc="0" uspid="156" ordinal="39" offset="353" sl="59" sc="17" el="59" ec="36" bec="0" bev="0" fileid="6" />
                <SequencePoint vc="0" uspid="157" ordinal="40" offset="365" sl="60" sc="17" el="60" ec="48" bec="0" bev="0" fileid="6" />
                <SequencePoint vc="0" uspid="158" ordinal="41" offset="377" sl="61" sc="13" el="61" ec="14" bec="0" bev="0" fileid="6" />
                <SequencePoint vc="0" uspid="159" ordinal="42" offset="378" sl="62" sc="9" el="62" ec="10" bec="0" bev="0" fileid="6" />
              </SequencePoints>
              <BranchPoints>
                <BranchPoint vc="0" uspid="160" ordinal="0" offset="10" sl="37" path="0" offsetchain="79" offsetend="329" fileid="6" />
                <BranchPoint vc="0" uspid="161" ordinal="1" offset="10" sl="37" path="1" offsetend="84" fileid="6" />
                <BranchPoint vc="0" uspid="162" ordinal="2" offset="10" sl="37" path="2" offsetend="101" fileid="6" />
                <BranchPoint vc="0" uspid="163" ordinal="3" offset="10" sl="37" path="3" offsetend="118" fileid="6" />
                <BranchPoint vc="0" uspid="164" ordinal="4" offset="10" sl="37" path="4" offsetend="135" fileid="6" />
                <BranchPoint vc="0" uspid="165" ordinal="5" offset="10" sl="37" path="5" offsetend="152" fileid="6" />
                <BranchPoint vc="0" uspid="166" ordinal="6" offset="10" sl="37" path="6" offsetend="169" fileid="6" />
                <BranchPoint vc="0" uspid="167" ordinal="7" offset="10" sl="37" path="7" offsetend="186" fileid="6" />
                <BranchPoint vc="0" uspid="168" ordinal="8" offset="10" sl="37" path="8" offsetend="203" fileid="6" />
                <BranchPoint vc="0" uspid="169" ordinal="9" offset="10" sl="37" path="9" offsetend="217" fileid="6" />
                <BranchPoint vc="0" uspid="170" ordinal="10" offset="10" sl="37" path="10" offsetend="231" fileid="6" />
                <BranchPoint vc="0" uspid="171" ordinal="11" offset="10" sl="37" path="11" offsetend="245" fileid="6" />
                <BranchPoint vc="0" uspid="172" ordinal="12" offset="10" sl="37" path="12" offsetend="259" fileid="6" />
                <BranchPoint vc="0" uspid="173" ordinal="13" offset="10" sl="37" path="13" offsetend="273" fileid="6" />
                <BranchPoint vc="0" uspid="174" ordinal="14" offset="10" sl="37" path="14" offsetend="287" fileid="6" />
                <BranchPoint vc="0" uspid="175" ordinal="15" offset="10" sl="37" path="15" offsetend="301" fileid="6" />
                <BranchPoint vc="0" uspid="176" ordinal="16" offset="10" sl="37" path="16" offsetend="315" fileid="6" />
                <BranchPoint vc="0" uspid="177" ordinal="17" offset="350" sl="57" path="0" offsetend="352" fileid="6" />
                <BranchPoint vc="0" uspid="178" ordinal="18" offset="350" sl="57" path="1" offsetend="378" fileid="6" />
              </BranchPoints>
              <MethodPoint xsi:type="SequencePoint" vc="0" uspid="117" ordinal="0" offset="0" sl="35" sc="9" el="35" ec="10" bec="0" bev="0" fileid="6" />
            </Method>
            <Method visited="false" cyclomaticComplexity="1" nPathComplexity="0" sequenceCoverage="0" branchCoverage="0" crapScore="2" isConstructor="false" isStatic="true" isGetter="false" isSetter="false">
              <Summary numSequencePoints="1" visitedSequencePoints="0" numBranchPoints="1" visitedBranchPoints="0" sequenceCoverage="0" branchCoverage="0" maxCyclomaticComplexity="1" minCyclomaticComplexity="1" maxCrapScore="2" minCrapScore="2" visitedClasses="0" numClasses="0" visitedMethods="0" numMethods="1" />
              <MetadataToken>100663311</MetadataToken>
              <Name>System.Void Xunit.ConsoleHelper::SetForegroundColorConsole(System.ConsoleColor)</Name>
              <FileRef uid="6" />
              <SequencePoints>
                <SequencePoint vc="0" uspid="179" ordinal="0" offset="0" sl="65" sc="16" el="65" ec="43" bec="0" bev="0" fileid="6" />
              </SequencePoints>
              <BranchPoints />
              <MethodPoint xsi:type="SequencePoint" vc="0" uspid="179" ordinal="0" offset="0" sl="65" sc="16" el="65" ec="43" bec="0" bev="0" fileid="6" />
            </Method>
            <Method visited="false" cyclomaticComplexity="1" nPathComplexity="0" sequenceCoverage="0" branchCoverage="0" crapScore="2" isConstructor="false" isStatic="true" isGetter="false" isSetter="false">
              <Summary numSequencePoints="1" visitedSequencePoints="0" numBranchPoints="1" visitedBranchPoints="0" sequenceCoverage="0" branchCoverage="0" maxCyclomaticComplexity="1" minCyclomaticComplexity="1" maxCrapScore="2" minCrapScore="2" visitedClasses="0" numClasses="0" visitedMethods="0" numMethods="1" />
              <MetadataToken>100663312</MetadataToken>
              <Name>System.Void Xunit.ConsoleHelper::ResetColorANSI()</Name>
              <FileRef uid="6" />
              <SequencePoints>
                <SequencePoint vc="0" uspid="180" ordinal="0" offset="0" sl="68" sc="16" el="68" ec="43" bec="0" bev="0" fileid="6" />
              </SequencePoints>
              <BranchPoints />
              <MethodPoint xsi:type="SequencePoint" vc="0" uspid="180" ordinal="0" offset="0" sl="68" sc="16" el="68" ec="43" bec="0" bev="0" fileid="6" />
            </Method>
            <Method visited="true" cyclomaticComplexity="1" nPathComplexity="0" sequenceCoverage="100" branchCoverage="100" crapScore="1" isConstructor="false" isStatic="true" isGetter="false" isSetter="false">
              <Summary numSequencePoints="1" visitedSequencePoints="1" numBranchPoints="1" visitedBranchPoints="1" sequenceCoverage="100" branchCoverage="100" maxCyclomaticComplexity="1" minCyclomaticComplexity="1" maxCrapScore="1" minCrapScore="1" visitedClasses="0" numClasses="0" visitedMethods="1" numMethods="1" />
              <MetadataToken>100663313</MetadataToken>
              <Name>System.Void Xunit.ConsoleHelper::ResetColorConsole()</Name>
              <FileRef uid="6" />
              <SequencePoints>
                <SequencePoint vc="1" uspid="181" ordinal="0" offset="0" sl="71" sc="16" el="71" ec="36" bec="0" bev="0" fileid="6" />
              </SequencePoints>
              <BranchPoints />
              <MethodPoint xsi:type="SequencePoint" vc="1" uspid="181" ordinal="0" offset="0" sl="71" sc="16" el="71" ec="36" bec="0" bev="0" fileid="6" />
            </Method>
          </Methods>
        </Class>
        <Class>
          <Summary numSequencePoints="13" visitedSequencePoints="0" numBranchPoints="5" visitedBranchPoints="0" sequenceCoverage="0" branchCoverage="0" maxCyclomaticComplexity="2" minCyclomaticComplexity="1" maxCrapScore="6" minCrapScore="2" visitedClasses="0" numClasses="1" visitedMethods="0" numMethods="3" />
          <FullName>Xunit.JsonArray</FullName>
          <Methods>
            <Method visited="false" cyclomaticComplexity="1" nPathComplexity="0" sequenceCoverage="0" branchCoverage="0" crapScore="2" isConstructor="false" isStatic="false" isGetter="true" isSetter="false">
              <Summary numSequencePoints="3" visitedSequencePoints="0" numBranchPoints="1" visitedBranchPoints="0" sequenceCoverage="0" branchCoverage="0" maxCyclomaticComplexity="1" minCyclomaticComplexity="1" maxCrapScore="2" minCrapScore="2" visitedClasses="0" numClasses="0" visitedMethods="0" numMethods="1" />
              <MetadataToken>100663315</MetadataToken>
              <Name>System.Int32 Xunit.JsonArray::get_Length()</Name>
              <FileRef uid="7" />
              <SequencePoints>
                <SequencePoint vc="0" uspid="182" ordinal="0" offset="0" sl="26" sc="17" el="26" ec="18" bec="0" bev="0" fileid="7" />
                <SequencePoint vc="0" uspid="183" ordinal="1" offset="1" sl="26" sc="19" el="26" ec="40" bec="0" bev="0" fileid="7" />
                <SequencePoint vc="0" uspid="184" ordinal="2" offset="12" sl="26" sc="41" el="26" ec="42" bec="0" bev="0" fileid="7" />
              </SequencePoints>
              <BranchPoints />
              <MethodPoint xsi:type="SequencePoint" vc="0" uspid="182" ordinal="0" offset="0" sl="26" sc="17" el="26" ec="18" bec="0" bev="0" fileid="7" />
            </Method>
            <Method visited="false" cyclomaticComplexity="1" nPathComplexity="0" sequenceCoverage="0" branchCoverage="0" crapScore="2" isConstructor="false" isStatic="false" isGetter="true" isSetter="false">
              <Summary numSequencePoints="3" visitedSequencePoints="0" numBranchPoints="1" visitedBranchPoints="0" sequenceCoverage="0" branchCoverage="0" maxCyclomaticComplexity="1" minCyclomaticComplexity="1" maxCrapScore="2" minCrapScore="2" visitedClasses="0" numClasses="0" visitedMethods="0" numMethods="1" />
              <MetadataToken>100663316</MetadataToken>
              <Name>Xunit.JsonValue Xunit.JsonArray::get_Item(System.Int32)</Name>
              <FileRef uid="7" />
              <SequencePoints>
                <SequencePoint vc="0" uspid="185" ordinal="0" offset="0" sl="31" sc="17" el="31" ec="18" bec="0" bev="0" fileid="7" />
                <SequencePoint vc="0" uspid="186" ordinal="1" offset="1" sl="31" sc="19" el="31" ec="40" bec="0" bev="0" fileid="7" />
                <SequencePoint vc="0" uspid="187" ordinal="2" offset="12" sl="31" sc="41" el="31" ec="42" bec="0" bev="0" fileid="7" />
              </SequencePoints>
              <BranchPoints />
              <MethodPoint xsi:type="SequencePoint" vc="0" uspid="185" ordinal="0" offset="0" sl="31" sc="17" el="31" ec="18" bec="0" bev="0" fileid="7" />
            </Method>
            <Method visited="false" cyclomaticComplexity="2" nPathComplexity="2" sequenceCoverage="0" branchCoverage="0" crapScore="6" isConstructor="true" isStatic="false" isGetter="false" isSetter="false">
              <Summary numSequencePoints="7" visitedSequencePoints="0" numBranchPoints="3" visitedBranchPoints="0" sequenceCoverage="0" branchCoverage="0" maxCyclomaticComplexity="2" minCyclomaticComplexity="2" maxCrapScore="6" minCrapScore="6" visitedClasses="0" numClasses="0" visitedMethods="0" numMethods="1" />
              <MetadataToken>100663314</MetadataToken>
              <Name>System.Void Xunit.JsonArray::.ctor(Xunit.JsonValue[],System.Int32,System.Int32)</Name>
              <FileRef uid="7" />
              <SequencePoints>
                <SequencePoint vc="0" uspid="188" ordinal="0" offset="0" sl="14" sc="15" el="14" ec="33" bec="0" bev="0" fileid="7" />
                <SequencePoint vc="0" uspid="189" ordinal="1" offset="9" sl="15" sc="9" el="15" ec="10" bec="0" bev="0" fileid="7" />
                <SequencePoint vc="0" uspid="190" ordinal="2" offset="10" sl="16" sc="13" el="16" ec="31" bec="2" bev="0" fileid="7" />
                <SequencePoint vc="0" uspid="191" ordinal="3" offset="18" sl="17" sc="13" el="17" ec="14" bec="0" bev="0" fileid="7" />
                <SequencePoint vc="0" uspid="192" ordinal="4" offset="19" sl="18" sc="17" el="18" ec="64" bec="0" bev="0" fileid="7" />
                <SequencePoint vc="0" uspid="193" ordinal="5" offset="30" sl="21" sc="13" el="21" ec="28" bec="0" bev="0" fileid="7" />
                <SequencePoint vc="0" uspid="194" ordinal="6" offset="37" sl="22" sc="9" el="22" ec="10" bec="0" bev="0" fileid="7" />
              </SequencePoints>
              <BranchPoints>
                <BranchPoint vc="0" uspid="195" ordinal="0" offset="16" sl="16" path="0" offsetend="18" fileid="7" />
                <BranchPoint vc="0" uspid="196" ordinal="1" offset="16" sl="16" path="1" offsetend="30" fileid="7" />
              </BranchPoints>
              <MethodPoint xsi:type="SequencePoint" vc="0" uspid="188" ordinal="0" offset="0" sl="14" sc="15" el="14" ec="33" bec="0" bev="0" fileid="7" />
            </Method>
          </Methods>
        </Class>
        <Class>
          <Summary numSequencePoints="18" visitedSequencePoints="0" numBranchPoints="8" visitedBranchPoints="0" sequenceCoverage="0" branchCoverage="0" maxCyclomaticComplexity="3" minCyclomaticComplexity="1" maxCrapScore="12" minCrapScore="2" visitedClasses="0" numClasses="1" visitedMethods="0" numMethods="4" />
          <FullName>Xunit.JsonBoolean</FullName>
          <Methods>
            <Method visited="false" cyclomaticComplexity="1" nPathComplexity="0" sequenceCoverage="0" branchCoverage="0" crapScore="2" isConstructor="false" isStatic="false" isGetter="true" isSetter="false">
              <Summary numSequencePoints="1" visitedSequencePoints="0" numBranchPoints="1" visitedBranchPoints="0" sequenceCoverage="0" branchCoverage="0" maxCyclomaticComplexity="1" minCyclomaticComplexity="1" maxCrapScore="2" minCrapScore="2" visitedClasses="0" numClasses="0" visitedMethods="0" numMethods="1" />
              <MetadataToken>100663318</MetadataToken>
              <Name>System.Boolean Xunit.JsonBoolean::get_Value()</Name>
              <FileRef uid="7" />
              <SequencePoints>
                <SequencePoint vc="0" uspid="197" ordinal="0" offset="0" sl="54" sc="29" el="54" ec="33" bec="0" bev="0" fileid="7" />
              </SequencePoints>
              <BranchPoints />
              <MethodPoint xsi:type="SequencePoint" vc="0" uspid="197" ordinal="0" offset="0" sl="54" sc="29" el="54" ec="33" bec="0" bev="0" fileid="7" />
            </Method>
            <Method visited="false" cyclomaticComplexity="1" nPathComplexity="0" sequenceCoverage="0" branchCoverage="0" crapScore="2" isConstructor="false" isStatic="false" isGetter="false" isSetter="true">
              <Summary numSequencePoints="1" visitedSequencePoints="0" numBranchPoints="1" visitedBranchPoints="0" sequenceCoverage="0" branchCoverage="0" maxCyclomaticComplexity="1" minCyclomaticComplexity="1" maxCrapScore="2" minCrapScore="2" visitedClasses="0" numClasses="0" visitedMethods="0" numMethods="1" />
              <MetadataToken>100663319</MetadataToken>
              <Name>System.Void Xunit.JsonBoolean::set_Value(System.Boolean)</Name>
              <FileRef uid="7" />
              <SequencePoints>
                <SequencePoint vc="0" uspid="198" ordinal="0" offset="0" sl="54" sc="34" el="54" ec="46" bec="0" bev="0" fileid="7" />
              </SequencePoints>
              <BranchPoints />
              <MethodPoint xsi:type="SequencePoint" vc="0" uspid="198" ordinal="0" offset="0" sl="54" sc="34" el="54" ec="46" bec="0" bev="0" fileid="7" />
            </Method>
            <Method visited="false" cyclomaticComplexity="3" nPathComplexity="4" sequenceCoverage="0" branchCoverage="0" crapScore="12" isConstructor="true" isStatic="false" isGetter="false" isSetter="false">
              <Summary numSequencePoints="13" visitedSequencePoints="0" numBranchPoints="5" visitedBranchPoints="0" sequenceCoverage="0" branchCoverage="0" maxCyclomaticComplexity="3" minCyclomaticComplexity="3" maxCrapScore="12" minCrapScore="12" visitedClasses="0" numClasses="0" visitedMethods="0" numMethods="1" />
              <MetadataToken>100663317</MetadataToken>
              <Name>System.Void Xunit.JsonBoolean::.ctor(Xunit.JsonToken)</Name>
              <FileRef uid="7" />
              <SequencePoints>
                <SequencePoint vc="0" uspid="199" ordinal="0" offset="0" sl="38" sc="15" el="38" ec="45" bec="0" bev="0" fileid="7" />
                <SequencePoint vc="0" uspid="200" ordinal="1" offset="19" sl="39" sc="9" el="39" ec="10" bec="0" bev="0" fileid="7" />
                <SequencePoint vc="0" uspid="201" ordinal="2" offset="20" sl="40" sc="13" el="40" ec="50" bec="2" bev="0" fileid="7" />
                <SequencePoint vc="0" uspid="202" ordinal="3" offset="33" sl="41" sc="13" el="41" ec="14" bec="0" bev="0" fileid="7" />
                <SequencePoint vc="0" uspid="203" ordinal="4" offset="34" sl="42" sc="17" el="42" ec="30" bec="0" bev="0" fileid="7" />
                <SequencePoint vc="0" uspid="204" ordinal="5" offset="42" sl="43" sc="13" el="43" ec="14" bec="0" bev="0" fileid="7" />
                <SequencePoint vc="0" uspid="205" ordinal="6" offset="45" sl="44" sc="18" el="44" ec="56" bec="2" bev="0" fileid="7" />
                <SequencePoint vc="0" uspid="206" ordinal="7" offset="58" sl="45" sc="13" el="45" ec="14" bec="0" bev="0" fileid="7" />
                <SequencePoint vc="0" uspid="207" ordinal="8" offset="59" sl="46" sc="17" el="46" ec="31" bec="0" bev="0" fileid="7" />
                <SequencePoint vc="0" uspid="208" ordinal="9" offset="67" sl="47" sc="13" el="47" ec="14" bec="0" bev="0" fileid="7" />
                <SequencePoint vc="0" uspid="209" ordinal="10" offset="70" sl="49" sc="13" el="49" ec="14" bec="0" bev="0" fileid="7" />
                <SequencePoint vc="0" uspid="210" ordinal="11" offset="71" sl="50" sc="17" el="50" ec="107" bec="0" bev="0" fileid="7" />
                <SequencePoint vc="0" uspid="211" ordinal="12" offset="87" sl="52" sc="9" el="52" ec="10" bec="0" bev="0" fileid="7" />
              </SequencePoints>
              <BranchPoints>
                <BranchPoint vc="0" uspid="212" ordinal="0" offset="31" sl="40" path="0" offsetend="33" fileid="7" />
                <BranchPoint vc="0" uspid="213" ordinal="1" offset="31" sl="40" path="1" offsetend="45" fileid="7" />
                <BranchPoint vc="0" uspid="214" ordinal="2" offset="56" sl="44" path="0" offsetend="58" fileid="7" />
                <BranchPoint vc="0" uspid="215" ordinal="3" offset="56" sl="44" path="1" offsetend="70" fileid="7" />
              </BranchPoints>
              <MethodPoint xsi:type="SequencePoint" vc="0" uspid="199" ordinal="0" offset="0" sl="38" sc="15" el="38" ec="45" bec="0" bev="0" fileid="7" />
            </Method>
            <Method visited="false" cyclomaticComplexity="1" nPathComplexity="0" sequenceCoverage="0" branchCoverage="0" crapScore="2" isConstructor="false" isStatic="true" isGetter="false" isSetter="false">
              <Summary numSequencePoints="3" visitedSequencePoints="0" numBranchPoints="1" visitedBranchPoints="0" sequenceCoverage="0" branchCoverage="0" maxCyclomaticComplexity="1" minCyclomaticComplexity="1" maxCrapScore="2" minCrapScore="2" visitedClasses="0" numClasses="0" visitedMethods="0" numMethods="1" />
              <MetadataToken>100663320</MetadataToken>
              <Name>System.Boolean Xunit.JsonBoolean::op_Implicit(Xunit.JsonBoolean)</Name>
              <FileRef uid="7" />
              <SequencePoints>
                <SequencePoint vc="0" uspid="216" ordinal="0" offset="0" sl="57" sc="9" el="57" ec="10" bec="0" bev="0" fileid="7" />
                <SequencePoint vc="0" uspid="217" ordinal="1" offset="1" sl="58" sc="13" el="58" ec="38" bec="0" bev="0" fileid="7" />
                <SequencePoint vc="0" uspid="218" ordinal="2" offset="10" sl="59" sc="9" el="59" ec="10" bec="0" bev="0" fileid="7" />
              </SequencePoints>
              <BranchPoints />
              <MethodPoint xsi:type="SequencePoint" vc="0" uspid="216" ordinal="0" offset="0" sl="57" sc="9" el="57" ec="10" bec="0" bev="0" fileid="7" />
            </Method>
          </Methods>
        </Class>
        <Class>
          <Summary numSequencePoints="202" visitedSequencePoints="0" numBranchPoints="105" visitedBranchPoints="0" sequenceCoverage="0" branchCoverage="0" maxCyclomaticComplexity="17" minCyclomaticComplexity="1" maxCrapScore="306" minCrapScore="2" visitedClasses="0" numClasses="1" visitedMethods="0" numMethods="7" />
          <FullName>Xunit.JsonBuffer</FullName>
          <Methods>
            <Method visited="false" cyclomaticComplexity="1" nPathComplexity="0" sequenceCoverage="0" branchCoverage="0" crapScore="2" isConstructor="true" isStatic="false" isGetter="false" isSetter="false">
              <Summary numSequencePoints="7" visitedSequencePoints="0" numBranchPoints="1" visitedBranchPoints="0" sequenceCoverage="0" branchCoverage="0" maxCyclomaticComplexity="1" minCyclomaticComplexity="1" maxCrapScore="2" minCrapScore="2" visitedClasses="0" numClasses="0" visitedMethods="0" numMethods="1" />
              <MetadataToken>100663321</MetadataToken>
              <Name>System.Void Xunit.JsonBuffer::.ctor(System.IO.TextReader)</Name>
              <FileRef uid="7" />
              <SequencePoints>
                <SequencePoint vc="0" uspid="219" ordinal="0" offset="0" sl="68" sc="9" el="68" ec="53" bec="0" bev="0" fileid="7" />
                <SequencePoint vc="0" uspid="220" ordinal="1" offset="11" sl="69" sc="9" el="69" ec="63" bec="0" bev="0" fileid="7" />
                <SequencePoint vc="0" uspid="221" ordinal="2" offset="23" sl="75" sc="9" el="75" ec="45" bec="0" bev="0" fileid="7" />
                <SequencePoint vc="0" uspid="222" ordinal="3" offset="30" sl="76" sc="9" el="76" ec="10" bec="0" bev="0" fileid="7" />
                <SequencePoint vc="0" uspid="223" ordinal="4" offset="31" sl="77" sc="13" el="77" ec="30" bec="0" bev="0" fileid="7" />
                <SequencePoint vc="0" uspid="224" ordinal="5" offset="38" sl="78" sc="13" el="78" ec="23" bec="0" bev="0" fileid="7" />
                <SequencePoint vc="0" uspid="225" ordinal="6" offset="45" sl="79" sc="9" el="79" ec="10" bec="0" bev="0" fileid="7" />
              </SequencePoints>
              <BranchPoints />
              <MethodPoint xsi:type="SequencePoint" vc="0" uspid="219" ordinal="0" offset="0" sl="68" sc="9" el="68" ec="53" bec="0" bev="0" fileid="7" />
            </Method>
            <Method visited="false" cyclomaticComplexity="16" nPathComplexity="32768" sequenceCoverage="0" branchCoverage="0" crapScore="272" isConstructor="false" isStatic="false" isGetter="false" isSetter="false">
              <Summary numSequencePoints="68" visitedSequencePoints="0" numBranchPoints="31" visitedBranchPoints="0" sequenceCoverage="0" branchCoverage="0" maxCyclomaticComplexity="16" minCyclomaticComplexity="16" maxCrapScore="272" minCrapScore="272" visitedClasses="0" numClasses="0" visitedMethods="0" numMethods="1" />
              <MetadataToken>100663322</MetadataToken>
              <Name>Xunit.JsonToken Xunit.JsonBuffer::Read()</Name>
              <FileRef uid="7" />
              <SequencePoints>
                <SequencePoint vc="0" uspid="226" ordinal="0" offset="0" sl="82" sc="9" el="82" ec="10" bec="0" bev="0" fileid="7" />
                <SequencePoint vc="0" uspid="227" ordinal="1" offset="3" sl="85" sc="13" el="85" ec="14" bec="0" bev="0" fileid="7" />
                <SequencePoint vc="0" uspid="228" ordinal="2" offset="4" sl="86" sc="17" el="86" ec="40" bec="0" bev="0" fileid="7" />
                <SequencePoint vc="0" uspid="229" ordinal="3" offset="11" sl="88" sc="17" el="88" ec="33" bec="2" bev="0" fileid="7" />
                <SequencePoint vc="0" uspid="230" ordinal="4" offset="19" sl="89" sc="17" el="89" ec="18" bec="0" bev="0" fileid="7" />
                <SequencePoint vc="0" uspid="231" ordinal="5" offset="20" sl="90" sc="21" el="90" ec="53" bec="0" bev="0" fileid="7" />
                <SequencePoint vc="0" uspid="232" ordinal="6" offset="33" sl="91" sc="21" el="91" ec="35" bec="0" bev="0" fileid="7" />
                <SequencePoint vc="0" uspid="233" ordinal="7" offset="45" sl="93" sc="22" el="93" ec="47" bec="2" bev="0" fileid="7" />
                <SequencePoint vc="0" uspid="234" ordinal="8" offset="58" sl="94" sc="17" el="94" ec="18" bec="0" bev="0" fileid="7" />
                <SequencePoint vc="0" uspid="235" ordinal="9" offset="59" sl="95" sc="21" el="95" ec="27" bec="0" bev="0" fileid="7" />
                <SequencePoint vc="0" uspid="236" ordinal="10" offset="61" sl="97" sc="13" el="97" ec="14" bec="0" bev="0" fileid="7" />
                <SequencePoint vc="0" uspid="237" ordinal="11" offset="62" sl="84" sc="13" el="84" ec="25" bec="0" bev="0" fileid="7" />
                <SequencePoint vc="0" uspid="238" ordinal="12" offset="67" sl="99" sc="13" el="99" ec="53" bec="0" bev="0" fileid="7" />
                <SequencePoint vc="0" uspid="239" ordinal="13" offset="89" sl="100" sc="13" el="100" ec="33" bec="0" bev="0" fileid="7" />
                <SequencePoint vc="0" uspid="240" ordinal="14" offset="106" sl="101" sc="13" el="101" ec="37" bec="0" bev="0" fileid="7" />
                <SequencePoint vc="0" uspid="241" ordinal="15" offset="123" sl="103" sc="13" el="103" ec="30" bec="2" bev="0" fileid="7" />
                <SequencePoint vc="0" uspid="242" ordinal="16" offset="134" sl="104" sc="13" el="104" ec="14" bec="0" bev="0" fileid="7" />
                <SequencePoint vc="0" uspid="243" ordinal="17" offset="135" sl="105" sc="17" el="105" ec="62" bec="0" bev="0" fileid="7" />
                <SequencePoint vc="0" uspid="244" ordinal="18" offset="147" sl="106" sc="13" el="106" ec="14" bec="0" bev="0" fileid="7" />
                <SequencePoint vc="0" uspid="245" ordinal="19" offset="153" sl="107" sc="18" el="107" ec="35" bec="2" bev="0" fileid="7" />
                <SequencePoint vc="0" uspid="246" ordinal="20" offset="164" sl="108" sc="13" el="108" ec="14" bec="0" bev="0" fileid="7" />
                <SequencePoint vc="0" uspid="247" ordinal="21" offset="165" sl="109" sc="17" el="109" ec="63" bec="0" bev="0" fileid="7" />
                <SequencePoint vc="0" uspid="248" ordinal="22" offset="177" sl="110" sc="13" el="110" ec="14" bec="0" bev="0" fileid="7" />
                <SequencePoint vc="0" uspid="249" ordinal="23" offset="183" sl="111" sc="18" el="111" ec="35" bec="2" bev="0" fileid="7" />
                <SequencePoint vc="0" uspid="250" ordinal="24" offset="194" sl="112" sc="13" el="112" ec="14" bec="0" bev="0" fileid="7" />
                <SequencePoint vc="0" uspid="251" ordinal="25" offset="195" sl="113" sc="17" el="113" ec="63" bec="0" bev="0" fileid="7" />
                <SequencePoint vc="0" uspid="252" ordinal="26" offset="207" sl="114" sc="13" el="114" ec="14" bec="0" bev="0" fileid="7" />
                <SequencePoint vc="0" uspid="253" ordinal="27" offset="213" sl="115" sc="18" el="115" ec="35" bec="2" bev="0" fileid="7" />
                <SequencePoint vc="0" uspid="254" ordinal="28" offset="224" sl="116" sc="13" el="116" ec="14" bec="0" bev="0" fileid="7" />
                <SequencePoint vc="0" uspid="255" ordinal="29" offset="225" sl="117" sc="17" el="117" ec="64" bec="0" bev="0" fileid="7" />
                <SequencePoint vc="0" uspid="256" ordinal="30" offset="237" sl="118" sc="13" el="118" ec="14" bec="0" bev="0" fileid="7" />
                <SequencePoint vc="0" uspid="257" ordinal="31" offset="243" sl="119" sc="18" el="119" ec="35" bec="2" bev="0" fileid="7" />
                <SequencePoint vc="0" uspid="258" ordinal="32" offset="254" sl="120" sc="13" el="120" ec="14" bec="0" bev="0" fileid="7" />
                <SequencePoint vc="0" uspid="259" ordinal="33" offset="255" sl="121" sc="17" el="121" ec="51" bec="0" bev="0" fileid="7" />
                <SequencePoint vc="0" uspid="260" ordinal="34" offset="267" sl="122" sc="13" el="122" ec="14" bec="0" bev="0" fileid="7" />
                <SequencePoint vc="0" uspid="261" ordinal="35" offset="273" sl="123" sc="18" el="123" ec="35" bec="2" bev="0" fileid="7" />
                <SequencePoint vc="0" uspid="262" ordinal="36" offset="284" sl="124" sc="13" el="124" ec="14" bec="0" bev="0" fileid="7" />
                <SequencePoint vc="0" uspid="263" ordinal="37" offset="285" sl="125" sc="17" el="125" ec="51" bec="0" bev="0" fileid="7" />
                <SequencePoint vc="0" uspid="264" ordinal="38" offset="297" sl="126" sc="13" el="126" ec="14" bec="0" bev="0" fileid="7" />
                <SequencePoint vc="0" uspid="265" ordinal="39" offset="303" sl="127" sc="18" el="127" ec="35" bec="2" bev="0" fileid="7" />
                <SequencePoint vc="0" uspid="266" ordinal="40" offset="314" sl="128" sc="13" el="128" ec="14" bec="0" bev="0" fileid="7" />
                <SequencePoint vc="0" uspid="267" ordinal="41" offset="315" sl="129" sc="17" el="129" ec="52" bec="0" bev="0" fileid="7" />
                <SequencePoint vc="0" uspid="268" ordinal="42" offset="328" sl="130" sc="17" el="130" ec="45" bec="0" bev="0" fileid="7" />
                <SequencePoint vc="0" uspid="269" ordinal="43" offset="345" sl="131" sc="13" el="131" ec="14" bec="0" bev="0" fileid="7" />
                <SequencePoint vc="0" uspid="270" ordinal="44" offset="351" sl="132" sc="18" el="132" ec="35" bec="2" bev="0" fileid="7" />
                <SequencePoint vc="0" uspid="271" ordinal="45" offset="362" sl="133" sc="13" el="133" ec="14" bec="0" bev="0" fileid="7" />
                <SequencePoint vc="0" uspid="272" ordinal="46" offset="363" sl="134" sc="17" el="134" ec="40" bec="0" bev="0" fileid="7" />
                <SequencePoint vc="0" uspid="273" ordinal="47" offset="375" sl="135" sc="17" el="135" ec="50" bec="0" bev="0" fileid="7" />
                <SequencePoint vc="0" uspid="274" ordinal="48" offset="387" sl="136" sc="13" el="136" ec="14" bec="0" bev="0" fileid="7" />
                <SequencePoint vc="0" uspid="275" ordinal="49" offset="393" sl="137" sc="18" el="137" ec="35" bec="2" bev="0" fileid="7" />
                <SequencePoint vc="0" uspid="276" ordinal="50" offset="404" sl="138" sc="13" el="138" ec="14" bec="0" bev="0" fileid="7" />
                <SequencePoint vc="0" uspid="277" ordinal="51" offset="405" sl="139" sc="17" el="139" ec="41" bec="0" bev="0" fileid="7" />
                <SequencePoint vc="0" uspid="278" ordinal="52" offset="417" sl="140" sc="17" el="140" ec="51" bec="0" bev="0" fileid="7" />
                <SequencePoint vc="0" uspid="279" ordinal="53" offset="429" sl="141" sc="13" el="141" ec="14" bec="0" bev="0" fileid="7" />
                <SequencePoint vc="0" uspid="280" ordinal="54" offset="432" sl="142" sc="18" el="142" ec="35" bec="2" bev="0" fileid="7" />
                <SequencePoint vc="0" uspid="281" ordinal="55" offset="443" sl="143" sc="13" el="143" ec="14" bec="0" bev="0" fileid="7" />
                <SequencePoint vc="0" uspid="282" ordinal="56" offset="444" sl="144" sc="17" el="144" ec="40" bec="0" bev="0" fileid="7" />
                <SequencePoint vc="0" uspid="283" ordinal="57" offset="456" sl="145" sc="17" el="145" ec="50" bec="0" bev="0" fileid="7" />
                <SequencePoint vc="0" uspid="284" ordinal="58" offset="468" sl="146" sc="13" el="146" ec="14" bec="0" bev="0" fileid="7" />
                <SequencePoint vc="0" uspid="285" ordinal="59" offset="471" sl="147" sc="18" el="147" ec="69" bec="5" bev="0" fileid="7" />
                <SequencePoint vc="0" uspid="286" ordinal="60" offset="495" sl="148" sc="13" el="148" ec="14" bec="0" bev="0" fileid="7" />
                <SequencePoint vc="0" uspid="287" ordinal="61" offset="496" sl="149" sc="17" el="149" ec="52" bec="0" bev="0" fileid="7" />
                <SequencePoint vc="0" uspid="288" ordinal="62" offset="509" sl="150" sc="17" el="150" ec="50" bec="0" bev="0" fileid="7" />
                <SequencePoint vc="0" uspid="289" ordinal="63" offset="527" sl="151" sc="13" el="151" ec="14" bec="0" bev="0" fileid="7" />
                <SequencePoint vc="0" uspid="290" ordinal="64" offset="530" sl="153" sc="13" el="153" ec="14" bec="0" bev="0" fileid="7" />
                <SequencePoint vc="0" uspid="291" ordinal="65" offset="531" sl="154" sc="17" el="156" ec="29" bec="0" bev="0" fileid="7" />
                <SequencePoint vc="0" uspid="292" ordinal="66" offset="549" sl="160" sc="13" el="160" ec="27" bec="0" bev="0" fileid="7" />
                <SequencePoint vc="0" uspid="293" ordinal="67" offset="558" sl="161" sc="9" el="161" ec="10" bec="0" bev="0" fileid="7" />
              </SequencePoints>
              <BranchPoints>
                <BranchPoint vc="0" uspid="294" ordinal="0" offset="17" sl="88" path="0" offsetend="19" fileid="7" />
                <BranchPoint vc="0" uspid="295" ordinal="1" offset="17" sl="88" path="1" offsetend="45" fileid="7" />
                <BranchPoint vc="0" uspid="296" ordinal="2" offset="56" sl="93" path="0" offsetend="58" fileid="7" />
                <BranchPoint vc="0" uspid="297" ordinal="3" offset="56" sl="93" path="1" offsetend="61" fileid="7" />
                <BranchPoint vc="0" uspid="298" ordinal="4" offset="132" sl="103" path="0" offsetend="134" fileid="7" />
                <BranchPoint vc="0" uspid="299" ordinal="5" offset="132" sl="103" path="1" offsetend="153" fileid="7" />
                <BranchPoint vc="0" uspid="300" ordinal="6" offset="162" sl="107" path="0" offsetend="164" fileid="7" />
                <BranchPoint vc="0" uspid="301" ordinal="7" offset="162" sl="107" path="1" offsetend="183" fileid="7" />
                <BranchPoint vc="0" uspid="302" ordinal="8" offset="192" sl="111" path="0" offsetend="194" fileid="7" />
                <BranchPoint vc="0" uspid="303" ordinal="9" offset="192" sl="111" path="1" offsetend="213" fileid="7" />
                <BranchPoint vc="0" uspid="304" ordinal="10" offset="222" sl="115" path="0" offsetend="224" fileid="7" />
                <BranchPoint vc="0" uspid="305" ordinal="11" offset="222" sl="115" path="1" offsetend="243" fileid="7" />
                <BranchPoint vc="0" uspid="306" ordinal="12" offset="252" sl="119" path="0" offsetend="254" fileid="7" />
                <BranchPoint vc="0" uspid="307" ordinal="13" offset="252" sl="119" path="1" offsetend="273" fileid="7" />
                <BranchPoint vc="0" uspid="308" ordinal="14" offset="282" sl="123" path="0" offsetend="284" fileid="7" />
                <BranchPoint vc="0" uspid="309" ordinal="15" offset="282" sl="123" path="1" offsetend="303" fileid="7" />
                <BranchPoint vc="0" uspid="310" ordinal="16" offset="312" sl="127" path="0" offsetend="314" fileid="7" />
                <BranchPoint vc="0" uspid="311" ordinal="17" offset="312" sl="127" path="1" offsetend="351" fileid="7" />
                <BranchPoint vc="0" uspid="312" ordinal="18" offset="360" sl="132" path="0" offsetend="362" fileid="7" />
                <BranchPoint vc="0" uspid="313" ordinal="19" offset="360" sl="132" path="1" offsetend="393" fileid="7" />
                <BranchPoint vc="0" uspid="314" ordinal="20" offset="402" sl="137" path="0" offsetend="404" fileid="7" />
                <BranchPoint vc="0" uspid="315" ordinal="21" offset="402" sl="137" path="1" offsetend="432" fileid="7" />
                <BranchPoint vc="0" uspid="316" ordinal="22" offset="441" sl="142" path="0" offsetend="443" fileid="7" />
                <BranchPoint vc="0" uspid="317" ordinal="23" offset="441" sl="142" path="1" offsetend="471" fileid="7" />
                <BranchPoint vc="0" uspid="318" ordinal="24" offset="474" sl="147" path="0" offsetend="476" fileid="7" />
                <BranchPoint vc="0" uspid="319" ordinal="25" offset="474" sl="147" path="1" offsetend="481" fileid="7" />
                <BranchPoint vc="0" uspid="320" ordinal="26" offset="479" sl="147" path="0" offsetend="481" fileid="7" />
                <BranchPoint vc="0" uspid="321" ordinal="27" offset="479" sl="147" path="1" offsetend="488" fileid="7" />
                <BranchPoint vc="0" uspid="322" ordinal="28" offset="493" sl="147" path="0" offsetend="495" fileid="7" />
                <BranchPoint vc="0" uspid="323" ordinal="29" offset="493" sl="147" path="1" offsetend="530" fileid="7" />
              </BranchPoints>
              <MethodPoint xsi:type="SequencePoint" vc="0" uspid="226" ordinal="0" offset="0" sl="82" sc="9" el="82" ec="10" bec="0" bev="0" fileid="7" />
            </Method>
            <Method visited="false" cyclomaticComplexity="4" nPathComplexity="8" sequenceCoverage="0" branchCoverage="0" crapScore="20" isConstructor="false" isStatic="false" isGetter="false" isSetter="false">
              <Summary numSequencePoints="14" visitedSequencePoints="0" numBranchPoints="7" visitedBranchPoints="0" sequenceCoverage="0" branchCoverage="0" maxCyclomaticComplexity="4" minCyclomaticComplexity="4" maxCrapScore="20" minCrapScore="20" visitedClasses="0" numClasses="0" visitedMethods="0" numMethods="1" />
              <MetadataToken>100663323</MetadataToken>
              <Name>System.Int32 Xunit.JsonBuffer::ReadNextChar()</Name>
              <FileRef uid="7" />
              <SequencePoints>
                <SequencePoint vc="0" uspid="324" ordinal="0" offset="0" sl="164" sc="9" el="164" ec="10" bec="0" bev="0" fileid="7" />
                <SequencePoint vc="0" uspid="325" ordinal="1" offset="3" sl="166" sc="13" el="166" ec="14" bec="0" bev="0" fileid="7" />
                <SequencePoint vc="0" uspid="326" ordinal="2" offset="4" sl="167" sc="17" el="167" ec="44" bec="0" bev="0" fileid="7" />
                <SequencePoint vc="0" uspid="327" ordinal="3" offset="16" sl="168" sc="17" el="168" ec="27" bec="0" bev="0" fileid="7" />
                <SequencePoint vc="0" uspid="328" ordinal="4" offset="30" sl="169" sc="17" el="169" ec="31" bec="6" bev="0" fileid="7" />
                <SequencePoint vc="0" uspid="329" ordinal="5" offset="52" sl="173" sc="25" el="173" ec="35" bec="0" bev="0" fileid="7" />
                <SequencePoint vc="0" uspid="330" ordinal="6" offset="56" sl="177" sc="25" el="177" ec="37" bec="0" bev="0" fileid="7" />
                <SequencePoint vc="0" uspid="331" ordinal="7" offset="63" sl="178" sc="25" el="178" ec="33" bec="0" bev="0" fileid="7" />
                <SequencePoint vc="0" uspid="332" ordinal="8" offset="77" sl="180" sc="25" el="180" ec="34" bec="0" bev="0" fileid="7" />
                <SequencePoint vc="0" uspid="333" ordinal="9" offset="79" sl="182" sc="25" el="182" ec="31" bec="0" bev="0" fileid="7" />
                <SequencePoint vc="0" uspid="334" ordinal="10" offset="81" sl="185" sc="25" el="185" ec="38" bec="0" bev="0" fileid="7" />
                <SequencePoint vc="0" uspid="335" ordinal="11" offset="85" sl="187" sc="13" el="187" ec="14" bec="0" bev="0" fileid="7" />
                <SequencePoint vc="0" uspid="336" ordinal="12" offset="86" sl="165" sc="13" el="165" ec="25" bec="0" bev="0" fileid="7" />
                <SequencePoint vc="0" uspid="337" ordinal="13" offset="90" sl="188" sc="9" el="188" ec="10" bec="0" bev="0" fileid="7" />
              </SequencePoints>
              <BranchPoints>
                <BranchPoint vc="0" uspid="338" ordinal="0" offset="34" sl="169" path="0" offsetchain="36" offsetend="38" fileid="7" />
                <BranchPoint vc="0" uspid="339" ordinal="1" offset="34" sl="169" path="1" offsetend="52" fileid="7" />
                <BranchPoint vc="0" uspid="340" ordinal="2" offset="41" sl="169" path="0" offsetchain="43" offsetend="45" fileid="7" />
                <BranchPoint vc="0" uspid="341" ordinal="3" offset="41" sl="169" path="1" offsetend="56" fileid="7" />
                <BranchPoint vc="0" uspid="342" ordinal="4" offset="48" sl="169" path="0" offsetchain="50" offsetend="81" fileid="7" />
                <BranchPoint vc="0" uspid="343" ordinal="5" offset="48" sl="169" path="1" offsetchain="79" offsetend="85" fileid="7" />
              </BranchPoints>
              <MethodPoint xsi:type="SequencePoint" vc="0" uspid="324" ordinal="0" offset="0" sl="164" sc="9" el="164" ec="10" bec="0" bev="0" fileid="7" />
            </Method>
            <Method visited="false" cyclomaticComplexity="6" nPathComplexity="32" sequenceCoverage="0" branchCoverage="0" crapScore="42" isConstructor="false" isStatic="false" isGetter="false" isSetter="false">
              <Summary numSequencePoints="15" visitedSequencePoints="0" numBranchPoints="11" visitedBranchPoints="0" sequenceCoverage="0" branchCoverage="0" maxCyclomaticComplexity="6" minCyclomaticComplexity="6" maxCrapScore="42" minCrapScore="42" visitedClasses="0" numClasses="0" visitedMethods="0" numMethods="1" />
              <MetadataToken>100663324</MetadataToken>
              <Name>System.String Xunit.JsonBuffer::ReadNumber(System.Int32)</Name>
              <FileRef uid="7" />
              <SequencePoints>
                <SequencePoint vc="0" uspid="344" ordinal="0" offset="0" sl="191" sc="9" el="191" ec="10" bec="0" bev="0" fileid="7" />
                <SequencePoint vc="0" uspid="345" ordinal="1" offset="1" sl="195" sc="13" el="195" ec="29" bec="0" bev="0" fileid="7" />
                <SequencePoint vc="0" uspid="346" ordinal="2" offset="13" sl="197" sc="13" el="197" ec="45" bec="0" bev="0" fileid="7" />
                <SequencePoint vc="0" uspid="347" ordinal="3" offset="29" sl="200" sc="13" el="200" ec="14" bec="0" bev="0" fileid="7" />
                <SequencePoint vc="0" uspid="348" ordinal="4" offset="30" sl="201" sc="17" el="201" ec="43" bec="0" bev="0" fileid="7" />
                <SequencePoint vc="0" uspid="349" ordinal="5" offset="42" sl="203" sc="17" el="206" ec="33" bec="7" bev="0" fileid="7" />
                <SequencePoint vc="0" uspid="350" ordinal="6" offset="74" sl="207" sc="17" el="207" ec="18" bec="0" bev="0" fileid="7" />
                <SequencePoint vc="0" uspid="351" ordinal="7" offset="75" sl="208" sc="21" el="208" ec="58" bec="0" bev="0" fileid="7" />
                <SequencePoint vc="0" uspid="352" ordinal="8" offset="94" sl="209" sc="17" el="209" ec="18" bec="0" bev="0" fileid="7" />
                <SequencePoint vc="0" uspid="353" ordinal="9" offset="97" sl="211" sc="17" el="211" ec="18" bec="0" bev="0" fileid="7" />
                <SequencePoint vc="0" uspid="354" ordinal="10" offset="98" sl="212" sc="21" el="212" ec="27" bec="0" bev="0" fileid="7" />
                <SequencePoint vc="0" uspid="355" ordinal="11" offset="100" sl="214" sc="13" el="214" ec="14" bec="0" bev="0" fileid="7" />
                <SequencePoint vc="0" uspid="356" ordinal="12" offset="101" sl="199" sc="13" el="199" ec="25" bec="0" bev="0" fileid="7" />
                <SequencePoint vc="0" uspid="357" ordinal="13" offset="105" sl="216" sc="13" el="216" ec="39" bec="0" bev="0" fileid="7" />
                <SequencePoint vc="0" uspid="358" ordinal="14" offset="119" sl="217" sc="9" el="217" ec="10" bec="0" bev="0" fileid="7" />
              </SequencePoints>
              <BranchPoints>
                <BranchPoint vc="0" uspid="359" ordinal="0" offset="45" sl="203" path="0" offsetend="47" fileid="7" />
                <BranchPoint vc="0" uspid="360" ordinal="1" offset="45" sl="203" path="1" offsetend="52" fileid="7" />
                <BranchPoint vc="0" uspid="361" ordinal="2" offset="50" sl="203" path="0" offsetend="52" fileid="7" />
                <BranchPoint vc="0" uspid="362" ordinal="3" offset="50" sl="203" path="1" offsetend="69" fileid="7" />
                <BranchPoint vc="0" uspid="363" ordinal="4" offset="55" sl="203" path="0" offsetend="57" fileid="7" />
                <BranchPoint vc="0" uspid="364" ordinal="5" offset="55" sl="203" path="1" offsetend="69" fileid="7" />
                <BranchPoint vc="0" uspid="365" ordinal="6" offset="60" sl="203" path="0" offsetend="62" fileid="7" />
                <BranchPoint vc="0" uspid="366" ordinal="7" offset="60" sl="203" path="1" offsetend="69" fileid="7" />
                <BranchPoint vc="0" uspid="367" ordinal="8" offset="72" sl="203" path="0" offsetend="74" fileid="7" />
                <BranchPoint vc="0" uspid="368" ordinal="9" offset="72" sl="203" path="1" offsetend="97" fileid="7" />
              </BranchPoints>
              <MethodPoint xsi:type="SequencePoint" vc="0" uspid="344" ordinal="0" offset="0" sl="191" sc="9" el="191" ec="10" bec="0" bev="0" fileid="7" />
            </Method>
            <Method visited="false" cyclomaticComplexity="9" nPathComplexity="256" sequenceCoverage="0" branchCoverage="0" crapScore="90" isConstructor="false" isStatic="false" isGetter="false" isSetter="false">
              <Summary numSequencePoints="18" visitedSequencePoints="0" numBranchPoints="17" visitedBranchPoints="0" sequenceCoverage="0" branchCoverage="0" maxCyclomaticComplexity="9" minCyclomaticComplexity="9" maxCrapScore="90" minCrapScore="90" visitedClasses="0" numClasses="0" visitedMethods="0" numMethods="1" />
              <MetadataToken>100663325</MetadataToken>
              <Name>System.Void Xunit.JsonBuffer::ReadLiteral(System.String)</Name>
              <FileRef uid="7" />
              <SequencePoints>
                <SequencePoint vc="0" uspid="369" ordinal="0" offset="0" sl="220" sc="9" el="220" ec="10" bec="0" bev="0" fileid="7" />
                <SequencePoint vc="0" uspid="370" ordinal="1" offset="1" sl="221" sc="18" el="221" ec="27" bec="0" bev="0" fileid="7" />
                <SequencePoint vc="0" uspid="371" ordinal="2" offset="5" sl="222" sc="13" el="222" ec="14" bec="0" bev="0" fileid="7" />
                <SequencePoint vc="0" uspid="372" ordinal="3" offset="6" sl="223" sc="17" el="223" ec="43" bec="0" bev="0" fileid="7" />
                <SequencePoint vc="0" uspid="373" ordinal="4" offset="18" sl="224" sc="17" el="224" ec="40" bec="2" bev="0" fileid="7" />
                <SequencePoint vc="0" uspid="374" ordinal="5" offset="35" sl="225" sc="17" el="225" ec="18" bec="0" bev="0" fileid="7" />
                <SequencePoint vc="0" uspid="375" ordinal="6" offset="36" sl="226" sc="21" el="228" ec="41" bec="0" bev="0" fileid="7" />
                <SequencePoint vc="0" uspid="376" ordinal="7" offset="60" sl="231" sc="17" el="231" ec="18" bec="0" bev="0" fileid="7" />
                <SequencePoint vc="0" uspid="377" ordinal="8" offset="61" sl="232" sc="21" el="232" ec="36" bec="0" bev="0" fileid="7" />
                <SequencePoint vc="0" uspid="378" ordinal="9" offset="68" sl="233" sc="17" el="233" ec="18" bec="0" bev="0" fileid="7" />
                <SequencePoint vc="0" uspid="379" ordinal="10" offset="69" sl="234" sc="13" el="234" ec="14" bec="0" bev="0" fileid="7" />
                <SequencePoint vc="0" uspid="380" ordinal="11" offset="70" sl="221" sc="49" el="221" ec="52" bec="0" bev="0" fileid="7" />
                <SequencePoint vc="0" uspid="381" ordinal="12" offset="74" sl="221" sc="29" el="221" ec="47" bec="2" bev="0" fileid="7" />
                <SequencePoint vc="0" uspid="382" ordinal="13" offset="89" sl="236" sc="13" el="236" ec="39" bec="0" bev="0" fileid="7" />
                <SequencePoint vc="0" uspid="383" ordinal="14" offset="101" sl="237" sc="13" el="242" ec="37" bec="8" bev="0" fileid="7" />
                <SequencePoint vc="0" uspid="384" ordinal="15" offset="143" sl="243" sc="13" el="243" ec="14" bec="0" bev="0" fileid="7" />
                <SequencePoint vc="0" uspid="385" ordinal="16" offset="144" sl="244" sc="17" el="246" ec="37" bec="0" bev="0" fileid="7" />
                <SequencePoint vc="0" uspid="386" ordinal="17" offset="169" sl="248" sc="9" el="248" ec="10" bec="0" bev="0" fileid="7" />
              </SequencePoints>
              <BranchPoints>
                <BranchPoint vc="0" uspid="387" ordinal="0" offset="33" sl="224" path="0" offsetend="35" fileid="7" />
                <BranchPoint vc="0" uspid="388" ordinal="1" offset="33" sl="224" path="1" offsetend="60" fileid="7" />
                <BranchPoint vc="0" uspid="389" ordinal="2" offset="87" sl="221" path="0" offsetend="89" fileid="7" />
                <BranchPoint vc="0" uspid="390" ordinal="3" offset="87" sl="221" path="1" offsetend="5" fileid="7" />
                <BranchPoint vc="0" uspid="391" ordinal="4" offset="104" sl="237" path="0" offsetend="106" fileid="7" />
                <BranchPoint vc="0" uspid="392" ordinal="5" offset="104" sl="237" path="1" offsetend="136" fileid="7" />
                <BranchPoint vc="0" uspid="393" ordinal="6" offset="109" sl="237" path="0" offsetend="111" fileid="7" />
                <BranchPoint vc="0" uspid="394" ordinal="7" offset="109" sl="237" path="1" offsetend="136" fileid="7" />
                <BranchPoint vc="0" uspid="395" ordinal="8" offset="114" sl="237" path="0" offsetend="116" fileid="7" />
                <BranchPoint vc="0" uspid="396" ordinal="9" offset="114" sl="237" path="1" offsetend="136" fileid="7" />
                <BranchPoint vc="0" uspid="397" ordinal="10" offset="119" sl="237" path="0" offsetend="121" fileid="7" />
                <BranchPoint vc="0" uspid="398" ordinal="11" offset="119" sl="237" path="1" offsetend="136" fileid="7" />
                <BranchPoint vc="0" uspid="399" ordinal="12" offset="123" sl="237" path="0" offsetend="125" fileid="7" />
                <BranchPoint vc="0" uspid="400" ordinal="13" offset="123" sl="237" path="1" offsetend="136" fileid="7" />
                <BranchPoint vc="0" uspid="401" ordinal="14" offset="141" sl="237" path="0" offsetend="143" fileid="7" />
                <BranchPoint vc="0" uspid="402" ordinal="15" offset="141" sl="237" path="1" offsetend="169" fileid="7" />
              </BranchPoints>
              <MethodPoint xsi:type="SequencePoint" vc="0" uspid="369" ordinal="0" offset="0" sl="220" sc="9" el="220" ec="10" bec="0" bev="0" fileid="7" />
            </Method>
            <Method visited="false" cyclomaticComplexity="17" nPathComplexity="65536" sequenceCoverage="0" branchCoverage="0" crapScore="306" isConstructor="false" isStatic="false" isGetter="false" isSetter="false">
              <Summary numSequencePoints="77" visitedSequencePoints="0" numBranchPoints="33" visitedBranchPoints="0" sequenceCoverage="0" branchCoverage="0" maxCyclomaticComplexity="17" minCyclomaticComplexity="17" maxCrapScore="306" minCrapScore="306" visitedClasses="0" numClasses="0" visitedMethods="0" numMethods="1" />
              <MetadataToken>100663326</MetadataToken>
              <Name>System.String Xunit.JsonBuffer::ReadString()</Name>
              <FileRef uid="7" />
              <SequencePoints>
                <SequencePoint vc="0" uspid="403" ordinal="0" offset="0" sl="251" sc="9" el="251" ec="10" bec="0" bev="0" fileid="7" />
                <SequencePoint vc="0" uspid="404" ordinal="1" offset="1" sl="255" sc="13" el="255" ec="29" bec="0" bev="0" fileid="7" />
                <SequencePoint vc="0" uspid="405" ordinal="2" offset="13" sl="257" sc="13" el="257" ec="33" bec="0" bev="0" fileid="7" />
                <SequencePoint vc="0" uspid="406" ordinal="3" offset="20" sl="260" sc="13" el="260" ec="14" bec="0" bev="0" fileid="7" />
                <SequencePoint vc="0" uspid="407" ordinal="4" offset="21" sl="261" sc="17" el="261" ec="43" bec="0" bev="0" fileid="7" />
                <SequencePoint vc="0" uspid="408" ordinal="5" offset="28" sl="263" sc="17" el="263" ec="48" bec="4" bev="0" fileid="7" />
                <SequencePoint vc="0" uspid="409" ordinal="6" offset="44" sl="264" sc="17" el="264" ec="18" bec="0" bev="0" fileid="7" />
                <SequencePoint vc="0" uspid="410" ordinal="7" offset="45" sl="265" sc="21" el="267" ec="41" bec="0" bev="0" fileid="7" />
                <SequencePoint vc="0" uspid="411" ordinal="8" offset="68" sl="269" sc="22" el="269" ec="34" bec="2" bev="0" fileid="7" />
                <SequencePoint vc="0" uspid="412" ordinal="9" offset="76" sl="270" sc="17" el="270" ec="18" bec="0" bev="0" fileid="7" />
                <SequencePoint vc="0" uspid="413" ordinal="10" offset="77" sl="271" sc="21" el="271" ec="74" bec="5" bev="0" fileid="7" />
                <SequencePoint vc="0" uspid="414" ordinal="11" offset="101" sl="272" sc="21" el="272" ec="22" bec="0" bev="0" fileid="7" />
                <SequencePoint vc="0" uspid="415" ordinal="12" offset="102" sl="273" sc="25" el="273" ec="52" bec="0" bev="0" fileid="7" />
                <SequencePoint vc="0" uspid="416" ordinal="13" offset="116" sl="274" sc="21" el="274" ec="22" bec="0" bev="0" fileid="7" />
                <SequencePoint vc="0" uspid="417" ordinal="14" offset="122" sl="275" sc="26" el="275" ec="42" bec="2" bev="0" fileid="7" />
                <SequencePoint vc="0" uspid="418" ordinal="15" offset="133" sl="276" sc="21" el="276" ec="22" bec="0" bev="0" fileid="7" />
                <SequencePoint vc="0" uspid="419" ordinal="16" offset="134" sl="278" sc="25" el="278" ec="46" bec="0" bev="0" fileid="7" />
                <SequencePoint vc="0" uspid="420" ordinal="17" offset="147" sl="279" sc="21" el="279" ec="22" bec="0" bev="0" fileid="7" />
                <SequencePoint vc="0" uspid="421" ordinal="18" offset="153" sl="280" sc="26" el="280" ec="42" bec="2" bev="0" fileid="7" />
                <SequencePoint vc="0" uspid="422" ordinal="19" offset="164" sl="281" sc="21" el="281" ec="22" bec="0" bev="0" fileid="7" />
                <SequencePoint vc="0" uspid="423" ordinal="20" offset="165" sl="283" sc="25" el="283" ec="46" bec="0" bev="0" fileid="7" />
                <SequencePoint vc="0" uspid="424" ordinal="21" offset="179" sl="284" sc="21" el="284" ec="22" bec="0" bev="0" fileid="7" />
                <SequencePoint vc="0" uspid="425" ordinal="22" offset="185" sl="285" sc="26" el="285" ec="42" bec="2" bev="0" fileid="7" />
                <SequencePoint vc="0" uspid="426" ordinal="23" offset="196" sl="286" sc="21" el="286" ec="22" bec="0" bev="0" fileid="7" />
                <SequencePoint vc="0" uspid="427" ordinal="24" offset="197" sl="288" sc="25" el="288" ec="46" bec="0" bev="0" fileid="7" />
                <SequencePoint vc="0" uspid="428" ordinal="25" offset="211" sl="289" sc="21" el="289" ec="22" bec="0" bev="0" fileid="7" />
                <SequencePoint vc="0" uspid="429" ordinal="26" offset="217" sl="290" sc="26" el="290" ec="42" bec="2" bev="0" fileid="7" />
                <SequencePoint vc="0" uspid="430" ordinal="27" offset="228" sl="291" sc="21" el="291" ec="22" bec="0" bev="0" fileid="7" />
                <SequencePoint vc="0" uspid="431" ordinal="28" offset="229" sl="293" sc="25" el="293" ec="46" bec="0" bev="0" fileid="7" />
                <SequencePoint vc="0" uspid="432" ordinal="29" offset="243" sl="294" sc="21" el="294" ec="22" bec="0" bev="0" fileid="7" />
                <SequencePoint vc="0" uspid="433" ordinal="30" offset="249" sl="295" sc="26" el="295" ec="42" bec="2" bev="0" fileid="7" />
                <SequencePoint vc="0" uspid="434" ordinal="31" offset="260" sl="296" sc="21" el="296" ec="22" bec="0" bev="0" fileid="7" />
                <SequencePoint vc="0" uspid="435" ordinal="32" offset="261" sl="298" sc="25" el="298" ec="46" bec="0" bev="0" fileid="7" />
                <SequencePoint vc="0" uspid="436" ordinal="33" offset="275" sl="299" sc="21" el="299" ec="22" bec="0" bev="0" fileid="7" />
                <SequencePoint vc="0" uspid="437" ordinal="34" offset="281" sl="300" sc="26" el="300" ec="42" bec="2" bev="0" fileid="7" />
                <SequencePoint vc="0" uspid="438" ordinal="35" offset="295" sl="301" sc="21" el="301" ec="22" bec="0" bev="0" fileid="7" />
                <SequencePoint vc="0" uspid="439" ordinal="36" offset="296" sl="303" sc="25" el="303" ec="49" bec="0" bev="0" fileid="7" />
                <SequencePoint vc="0" uspid="440" ordinal="37" offset="304" sl="304" sc="25" el="304" ec="53" bec="0" bev="0" fileid="7" />
                <SequencePoint vc="0" uspid="441" ordinal="38" offset="312" sl="309" sc="25" el="309" ec="50" bec="0" bev="0" fileid="7" />
                <SequencePoint vc="0" uspid="442" ordinal="39" offset="324" sl="311" sc="30" el="311" ec="39" bec="0" bev="0" fileid="7" />
                <SequencePoint vc="0" uspid="443" ordinal="40" offset="329" sl="312" sc="25" el="312" ec="26" bec="0" bev="0" fileid="7" />
                <SequencePoint vc="0" uspid="444" ordinal="41" offset="330" sl="313" sc="29" el="313" ec="51" bec="0" bev="0" fileid="7" />
                <SequencePoint vc="0" uspid="445" ordinal="42" offset="337" sl="314" sc="29" el="314" ec="44" bec="2" bev="0" fileid="7" />
                <SequencePoint vc="0" uspid="446" ordinal="43" offset="347" sl="315" sc="29" el="315" ec="30" bec="0" bev="0" fileid="7" />
                <SequencePoint vc="0" uspid="447" ordinal="44" offset="348" sl="316" sc="33" el="319" ec="52" bec="0" bev="0" fileid="7" />
                <SequencePoint vc="0" uspid="448" ordinal="45" offset="363" sl="322" sc="29" el="322" ec="30" bec="0" bev="0" fileid="7" />
                <SequencePoint vc="0" uspid="449" ordinal="46" offset="364" sl="323" sc="33" el="323" ec="66" bec="0" bev="0" fileid="7" />
                <SequencePoint vc="0" uspid="450" ordinal="47" offset="380" sl="324" sc="29" el="324" ec="30" bec="0" bev="0" fileid="7" />
                <SequencePoint vc="0" uspid="451" ordinal="48" offset="381" sl="325" sc="25" el="325" ec="26" bec="0" bev="0" fileid="7" />
                <SequencePoint vc="0" uspid="452" ordinal="49" offset="382" sl="311" sc="48" el="311" ec="51" bec="0" bev="0" fileid="7" />
                <SequencePoint vc="0" uspid="453" ordinal="50" offset="388" sl="311" sc="41" el="311" ec="46" bec="2" bev="0" fileid="7" />
                <SequencePoint vc="0" uspid="454" ordinal="51" offset="400" sl="328" sc="25" el="328" ec="26" bec="0" bev="0" fileid="7" />
                <SequencePoint vc="0" uspid="455" ordinal="52" offset="401" sl="329" sc="29" el="329" ec="141" bec="0" bev="0" fileid="7" />
                <SequencePoint vc="0" uspid="456" ordinal="53" offset="429" sl="330" sc="29" el="330" ec="64" bec="0" bev="0" fileid="7" />
                <SequencePoint vc="0" uspid="457" ordinal="54" offset="444" sl="331" sc="25" el="331" ec="26" bec="0" bev="0" fileid="7" />
                <SequencePoint vc="0" uspid="458" ordinal="55" offset="447" sl="332" sc="25" el="332" ec="51" bec="0" bev="0" fileid="7" />
                <SequencePoint vc="0" uspid="459" ordinal="56" offset="449" sl="333" sc="25" el="333" ec="26" bec="0" bev="0" fileid="7" />
                <SequencePoint vc="0" uspid="460" ordinal="57" offset="450" sl="334" sc="29" el="338" ec="48" bec="0" bev="0" fileid="7" />
                <SequencePoint vc="0" uspid="461" ordinal="58" offset="478" sl="340" sc="21" el="340" ec="22" bec="0" bev="0" fileid="7" />
                <SequencePoint vc="0" uspid="462" ordinal="59" offset="481" sl="342" sc="21" el="342" ec="22" bec="0" bev="0" fileid="7" />
                <SequencePoint vc="0" uspid="463" ordinal="60" offset="482" sl="343" sc="25" el="346" ec="38" bec="0" bev="0" fileid="7" />
                <SequencePoint vc="0" uspid="464" ordinal="61" offset="526" sl="349" sc="21" el="349" ec="37" bec="0" bev="0" fileid="7" />
                <SequencePoint vc="0" uspid="465" ordinal="62" offset="528" sl="350" sc="17" el="350" ec="18" bec="0" bev="0" fileid="7" />
                <SequencePoint vc="0" uspid="466" ordinal="63" offset="531" sl="351" sc="22" el="351" ec="39" bec="2" bev="0" fileid="7" />
                <SequencePoint vc="0" uspid="467" ordinal="64" offset="542" sl="352" sc="17" el="352" ec="18" bec="0" bev="0" fileid="7" />
                <SequencePoint vc="0" uspid="468" ordinal="65" offset="543" sl="353" sc="21" el="353" ec="36" bec="0" bev="0" fileid="7" />
                <SequencePoint vc="0" uspid="469" ordinal="66" offset="545" sl="354" sc="17" el="354" ec="18" bec="0" bev="0" fileid="7" />
                <SequencePoint vc="0" uspid="470" ordinal="67" offset="548" sl="355" sc="22" el="355" ec="38" bec="2" bev="0" fileid="7" />
                <SequencePoint vc="0" uspid="471" ordinal="68" offset="559" sl="356" sc="17" el="356" ec="18" bec="0" bev="0" fileid="7" />
                <SequencePoint vc="0" uspid="472" ordinal="69" offset="560" sl="357" sc="21" el="357" ec="27" bec="0" bev="0" fileid="7" />
                <SequencePoint vc="0" uspid="473" ordinal="70" offset="562" sl="360" sc="17" el="360" ec="18" bec="0" bev="0" fileid="7" />
                <SequencePoint vc="0" uspid="474" ordinal="71" offset="563" sl="361" sc="21" el="361" ec="48" bec="0" bev="0" fileid="7" />
                <SequencePoint vc="0" uspid="475" ordinal="72" offset="577" sl="362" sc="17" el="362" ec="18" bec="0" bev="0" fileid="7" />
                <SequencePoint vc="0" uspid="476" ordinal="73" offset="578" sl="363" sc="13" el="363" ec="14" bec="0" bev="0" fileid="7" />
                <SequencePoint vc="0" uspid="477" ordinal="74" offset="579" sl="259" sc="13" el="259" ec="25" bec="0" bev="0" fileid="7" />
                <SequencePoint vc="0" uspid="478" ordinal="75" offset="587" sl="365" sc="13" el="365" ec="39" bec="0" bev="0" fileid="7" />
                <SequencePoint vc="0" uspid="479" ordinal="76" offset="602" sl="366" sc="9" el="366" ec="10" bec="0" bev="0" fileid="7" />
              </SequencePoints>
              <BranchPoints>
                <BranchPoint vc="0" uspid="480" ordinal="0" offset="30" sl="263" path="0" offsetend="32" fileid="7" />
                <BranchPoint vc="0" uspid="481" ordinal="1" offset="30" sl="263" path="1" offsetend="39" fileid="7" />
                <BranchPoint vc="0" uspid="482" ordinal="2" offset="42" sl="263" path="0" offsetend="44" fileid="7" />
                <BranchPoint vc="0" uspid="483" ordinal="3" offset="42" sl="263" path="1" offsetend="68" fileid="7" />
                <BranchPoint vc="0" uspid="484" ordinal="4" offset="71" sl="269" path="0" offsetend="76" fileid="7" />
                <BranchPoint vc="0" uspid="485" ordinal="5" offset="71" sl="269" path="1" offsetend="531" fileid="7" />
                <BranchPoint vc="0" uspid="486" ordinal="6" offset="80" sl="271" path="0" offsetend="82" fileid="7" />
                <BranchPoint vc="0" uspid="487" ordinal="7" offset="80" sl="271" path="1" offsetend="94" fileid="7" />
                <BranchPoint vc="0" uspid="488" ordinal="8" offset="85" sl="271" path="0" offsetend="87" fileid="7" />
                <BranchPoint vc="0" uspid="489" ordinal="9" offset="85" sl="271" path="1" offsetend="94" fileid="7" />
                <BranchPoint vc="0" uspid="490" ordinal="10" offset="99" sl="271" path="0" offsetend="101" fileid="7" />
                <BranchPoint vc="0" uspid="491" ordinal="11" offset="99" sl="271" path="1" offsetend="122" fileid="7" />
                <BranchPoint vc="0" uspid="492" ordinal="12" offset="131" sl="275" path="0" offsetend="133" fileid="7" />
                <BranchPoint vc="0" uspid="493" ordinal="13" offset="131" sl="275" path="1" offsetend="153" fileid="7" />
                <BranchPoint vc="0" uspid="494" ordinal="14" offset="162" sl="280" path="0" offsetend="164" fileid="7" />
                <BranchPoint vc="0" uspid="495" ordinal="15" offset="162" sl="280" path="1" offsetend="185" fileid="7" />
                <BranchPoint vc="0" uspid="496" ordinal="16" offset="194" sl="285" path="0" offsetend="196" fileid="7" />
                <BranchPoint vc="0" uspid="497" ordinal="17" offset="194" sl="285" path="1" offsetend="217" fileid="7" />
                <BranchPoint vc="0" uspid="498" ordinal="18" offset="226" sl="290" path="0" offsetend="228" fileid="7" />
                <BranchPoint vc="0" uspid="499" ordinal="19" offset="226" sl="290" path="1" offsetend="249" fileid="7" />
                <BranchPoint vc="0" uspid="500" ordinal="20" offset="258" sl="295" path="0" offsetend="260" fileid="7" />
                <BranchPoint vc="0" uspid="501" ordinal="21" offset="258" sl="295" path="1" offsetend="281" fileid="7" />
                <BranchPoint vc="0" uspid="502" ordinal="22" offset="290" sl="300" path="0" offsetend="295" fileid="7" />
                <BranchPoint vc="0" uspid="503" ordinal="23" offset="290" sl="300" path="1" offsetend="481" fileid="7" />
                <BranchPoint vc="0" uspid="504" ordinal="24" offset="345" sl="314" path="0" offsetend="347" fileid="7" />
                <BranchPoint vc="0" uspid="505" ordinal="25" offset="345" sl="314" path="1" offsetend="363" fileid="7" />
                <BranchPoint vc="0" uspid="506" ordinal="26" offset="397" sl="311" path="0" offsetend="399" fileid="7" />
                <BranchPoint vc="0" uspid="507" ordinal="27" offset="397" sl="311" path="1" offsetend="329" fileid="7" />
                <BranchPoint vc="0" uspid="508" ordinal="28" offset="540" sl="351" path="0" offsetend="542" fileid="7" />
                <BranchPoint vc="0" uspid="509" ordinal="29" offset="540" sl="351" path="1" offsetend="548" fileid="7" />
                <BranchPoint vc="0" uspid="510" ordinal="30" offset="557" sl="355" path="0" offsetend="559" fileid="7" />
                <BranchPoint vc="0" uspid="511" ordinal="31" offset="557" sl="355" path="1" offsetend="562" fileid="7" />
              </BranchPoints>
              <MethodPoint xsi:type="SequencePoint" vc="0" uspid="403" ordinal="0" offset="0" sl="251" sc="9" el="251" ec="10" bec="0" bev="0" fileid="7" />
            </Method>
            <Method visited="false" cyclomaticComplexity="3" nPathComplexity="4" sequenceCoverage="0" branchCoverage="0" crapScore="12" isConstructor="false" isStatic="true" isGetter="false" isSetter="false">
              <Summary numSequencePoints="3" visitedSequencePoints="0" numBranchPoints="5" visitedBranchPoints="0" sequenceCoverage="0" branchCoverage="0" maxCyclomaticComplexity="3" minCyclomaticComplexity="3" maxCrapScore="12" minCrapScore="12" visitedClasses="0" numClasses="0" visitedMethods="0" numMethods="1" />
              <MetadataToken>100663327</MetadataToken>
              <Name>System.Boolean Xunit.JsonBuffer::IsWhitespace(System.Int32)</Name>
              <FileRef uid="7" />
              <SequencePoints>
                <SequencePoint vc="0" uspid="512" ordinal="0" offset="0" sl="369" sc="9" el="369" ec="10" bec="0" bev="0" fileid="7" />
                <SequencePoint vc="0" uspid="513" ordinal="1" offset="1" sl="370" sc="13" el="370" ec="67" bec="3" bev="0" fileid="7" />
                <SequencePoint vc="0" uspid="514" ordinal="2" offset="22" sl="371" sc="9" el="371" ec="10" bec="0" bev="0" fileid="7" />
              </SequencePoints>
              <BranchPoints>
                <BranchPoint vc="0" uspid="515" ordinal="0" offset="4" sl="370" path="0" offsetend="6" fileid="7" />
                <BranchPoint vc="0" uspid="516" ordinal="1" offset="4" sl="370" path="1" offsetend="18" fileid="7" />
                <BranchPoint vc="0" uspid="517" ordinal="2" offset="9" sl="370" path="0" offsetend="11" fileid="7" />
                <BranchPoint vc="0" uspid="518" ordinal="3" offset="9" sl="370" path="1" offsetend="18" fileid="7" />
              </BranchPoints>
              <MethodPoint xsi:type="SequencePoint" vc="0" uspid="512" ordinal="0" offset="0" sl="369" sc="9" el="369" ec="10" bec="0" bev="0" fileid="7" />
            </Method>
          </Methods>
        </Class>
        <Class>
          <Summary numSequencePoints="96" visitedSequencePoints="0" numBranchPoints="48" visitedBranchPoints="0" sequenceCoverage="0" branchCoverage="0" maxCyclomaticComplexity="9" minCyclomaticComplexity="3" maxCrapScore="90" minCrapScore="12" visitedClasses="0" numClasses="1" visitedMethods="0" numMethods="4" />
          <FullName>Xunit.JsonDeserializer</FullName>
          <Methods>
            <Method visited="false" cyclomaticComplexity="3" nPathComplexity="4" sequenceCoverage="0" branchCoverage="0" crapScore="12" isConstructor="false" isStatic="true" isGetter="false" isSetter="false">
              <Summary numSequencePoints="12" visitedSequencePoints="0" numBranchPoints="5" visitedBranchPoints="0" sequenceCoverage="0" branchCoverage="0" maxCyclomaticComplexity="3" minCyclomaticComplexity="3" maxCrapScore="12" minCrapScore="12" visitedClasses="0" numClasses="0" visitedMethods="0" numMethods="1" />
              <MetadataToken>100663328</MetadataToken>
              <Name>Xunit.JsonValue Xunit.JsonDeserializer::Deserialize(System.IO.TextReader)</Name>
              <FileRef uid="7" />
              <SequencePoints>
                <SequencePoint vc="0" uspid="519" ordinal="0" offset="0" sl="377" sc="9" el="377" ec="10" bec="0" bev="0" fileid="7" />
                <SequencePoint vc="0" uspid="520" ordinal="1" offset="1" sl="378" sc="13" el="378" ec="32" bec="2" bev="0" fileid="7" />
                <SequencePoint vc="0" uspid="521" ordinal="2" offset="9" sl="379" sc="13" el="379" ec="14" bec="0" bev="0" fileid="7" />
                <SequencePoint vc="0" uspid="522" ordinal="3" offset="10" sl="380" sc="17" el="380" ec="65" bec="0" bev="0" fileid="7" />
                <SequencePoint vc="0" uspid="523" ordinal="4" offset="21" sl="383" sc="13" el="383" ec="49" bec="0" bev="0" fileid="7" />
                <SequencePoint vc="0" uspid="524" ordinal="5" offset="28" sl="385" sc="13" el="385" ec="69" bec="0" bev="0" fileid="7" />
                <SequencePoint vc="0" uspid="525" ordinal="6" offset="41" sl="388" sc="13" el="388" ec="43" bec="0" bev="0" fileid="7" />
                <SequencePoint vc="0" uspid="526" ordinal="7" offset="48" sl="389" sc="13" el="389" ec="53" bec="2" bev="0" fileid="7" />
                <SequencePoint vc="0" uspid="527" ordinal="8" offset="67" sl="390" sc="13" el="390" ec="14" bec="0" bev="0" fileid="7" />
                <SequencePoint vc="0" uspid="528" ordinal="9" offset="68" sl="391" sc="17" el="393" ec="32" bec="0" bev="0" fileid="7" />
                <SequencePoint vc="0" uspid="529" ordinal="10" offset="86" sl="396" sc="13" el="396" ec="27" bec="0" bev="0" fileid="7" />
                <SequencePoint vc="0" uspid="530" ordinal="11" offset="91" sl="397" sc="9" el="397" ec="10" bec="0" bev="0" fileid="7" />
              </SequencePoints>
              <BranchPoints>
                <BranchPoint vc="0" uspid="531" ordinal="0" offset="7" sl="378" path="0" offsetend="9" fileid="7" />
                <BranchPoint vc="0" uspid="532" ordinal="1" offset="7" sl="378" path="1" offsetend="21" fileid="7" />
                <BranchPoint vc="0" uspid="533" ordinal="2" offset="65" sl="389" path="0" offsetend="67" fileid="7" />
                <BranchPoint vc="0" uspid="534" ordinal="3" offset="65" sl="389" path="1" offsetend="86" fileid="7" />
              </BranchPoints>
              <MethodPoint xsi:type="SequencePoint" vc="0" uspid="519" ordinal="0" offset="0" sl="377" sc="9" el="377" ec="10" bec="0" bev="0" fileid="7" />
            </Method>
            <Method visited="false" cyclomaticComplexity="9" nPathComplexity="256" sequenceCoverage="0" branchCoverage="0" crapScore="90" isConstructor="false" isStatic="true" isGetter="false" isSetter="false">
              <Summary numSequencePoints="24" visitedSequencePoints="0" numBranchPoints="17" visitedBranchPoints="0" sequenceCoverage="0" branchCoverage="0" maxCyclomaticComplexity="9" minCyclomaticComplexity="9" maxCrapScore="90" minCrapScore="90" visitedClasses="0" numClasses="0" visitedMethods="0" numMethods="1" />
              <MetadataToken>100663329</MetadataToken>
              <Name>Xunit.JsonValue Xunit.JsonDeserializer::DeserializeInternal(Xunit.JsonToken,Xunit.JsonBuffer)</Name>
              <FileRef uid="7" />
              <SequencePoints>
                <SequencePoint vc="0" uspid="535" ordinal="0" offset="0" sl="400" sc="9" el="400" ec="10" bec="0" bev="0" fileid="7" />
                <SequencePoint vc="0" uspid="536" ordinal="1" offset="1" sl="401" sc="13" el="401" ec="48" bec="2" bev="0" fileid="7" />
                <SequencePoint vc="0" uspid="537" ordinal="2" offset="15" sl="402" sc="13" el="402" ec="14" bec="0" bev="0" fileid="7" />
                <SequencePoint vc="0" uspid="538" ordinal="3" offset="16" sl="403" sc="17" el="403" ec="29" bec="0" bev="0" fileid="7" />
                <SequencePoint vc="0" uspid="539" ordinal="4" offset="23" sl="406" sc="13" el="406" ec="62" bec="2" bev="0" fileid="7" />
                <SequencePoint vc="0" uspid="540" ordinal="5" offset="36" sl="407" sc="13" el="407" ec="14" bec="0" bev="0" fileid="7" />
                <SequencePoint vc="0" uspid="541" ordinal="6" offset="37" sl="408" sc="17" el="408" ec="55" bec="0" bev="0" fileid="7" />
                <SequencePoint vc="0" uspid="542" ordinal="7" offset="50" sl="411" sc="13" el="411" ec="61" bec="2" bev="0" fileid="7" />
                <SequencePoint vc="0" uspid="543" ordinal="8" offset="63" sl="412" sc="13" el="412" ec="14" bec="0" bev="0" fileid="7" />
                <SequencePoint vc="0" uspid="544" ordinal="9" offset="64" sl="413" sc="17" el="413" ec="56" bec="0" bev="0" fileid="7" />
                <SequencePoint vc="0" uspid="545" ordinal="10" offset="77" sl="416" sc="13" el="416" ec="51" bec="2" bev="0" fileid="7" />
                <SequencePoint vc="0" uspid="546" ordinal="11" offset="93" sl="417" sc="13" el="417" ec="14" bec="0" bev="0" fileid="7" />
                <SequencePoint vc="0" uspid="547" ordinal="12" offset="94" sl="418" sc="17" el="418" ec="75" bec="0" bev="0" fileid="7" />
                <SequencePoint vc="0" uspid="548" ordinal="13" offset="120" sl="421" sc="13" el="421" ec="85" bec="4" bev="0" fileid="7" />
                <SequencePoint vc="0" uspid="549" ordinal="14" offset="147" sl="422" sc="13" el="422" ec="14" bec="0" bev="0" fileid="7" />
                <SequencePoint vc="0" uspid="550" ordinal="15" offset="148" sl="423" sc="17" el="423" ec="46" bec="0" bev="0" fileid="7" />
                <SequencePoint vc="0" uspid="551" ordinal="16" offset="157" sl="426" sc="13" el="426" ec="49" bec="2" bev="0" fileid="7" />
                <SequencePoint vc="0" uspid="552" ordinal="17" offset="172" sl="427" sc="13" el="427" ec="14" bec="0" bev="0" fileid="7" />
                <SequencePoint vc="0" uspid="553" ordinal="18" offset="173" sl="428" sc="17" el="428" ec="61" bec="0" bev="0" fileid="7" />
                <SequencePoint vc="0" uspid="554" ordinal="19" offset="193" sl="431" sc="13" el="431" ec="51" bec="2" bev="0" fileid="7" />
                <SequencePoint vc="0" uspid="555" ordinal="20" offset="209" sl="432" sc="13" el="432" ec="14" bec="0" bev="0" fileid="7" />
                <SequencePoint vc="0" uspid="556" ordinal="21" offset="210" sl="433" sc="17" el="433" ec="45" bec="0" bev="0" fileid="7" />
                <SequencePoint vc="0" uspid="557" ordinal="22" offset="219" sl="436" sc="13" el="438" ec="23" bec="0" bev="0" fileid="7" />
                <SequencePoint vc="0" uspid="558" ordinal="23" offset="242" sl="439" sc="9" el="439" ec="10" bec="0" bev="0" fileid="7" />
              </SequencePoints>
              <BranchPoints>
                <BranchPoint vc="0" uspid="559" ordinal="0" offset="13" sl="401" path="0" offsetend="15" fileid="7" />
                <BranchPoint vc="0" uspid="560" ordinal="1" offset="13" sl="401" path="1" offsetend="23" fileid="7" />
                <BranchPoint vc="0" uspid="561" ordinal="2" offset="34" sl="406" path="0" offsetend="36" fileid="7" />
                <BranchPoint vc="0" uspid="562" ordinal="3" offset="34" sl="406" path="1" offsetend="50" fileid="7" />
                <BranchPoint vc="0" uspid="563" ordinal="4" offset="61" sl="411" path="0" offsetend="63" fileid="7" />
                <BranchPoint vc="0" uspid="564" ordinal="5" offset="61" sl="411" path="1" offsetend="77" fileid="7" />
                <BranchPoint vc="0" uspid="565" ordinal="6" offset="91" sl="416" path="0" offsetend="93" fileid="7" />
                <BranchPoint vc="0" uspid="566" ordinal="7" offset="91" sl="416" path="1" offsetend="120" fileid="7" />
                <BranchPoint vc="0" uspid="567" ordinal="8" offset="127" sl="421" path="0" offsetend="129" fileid="7" />
                <BranchPoint vc="0" uspid="568" ordinal="9" offset="127" sl="421" path="1" offsetend="140" fileid="7" />
                <BranchPoint vc="0" uspid="569" ordinal="10" offset="145" sl="421" path="0" offsetend="147" fileid="7" />
                <BranchPoint vc="0" uspid="570" ordinal="11" offset="145" sl="421" path="1" offsetend="157" fileid="7" />
                <BranchPoint vc="0" uspid="571" ordinal="12" offset="170" sl="426" path="0" offsetend="172" fileid="7" />
                <BranchPoint vc="0" uspid="572" ordinal="13" offset="170" sl="426" path="1" offsetend="193" fileid="7" />
                <BranchPoint vc="0" uspid="573" ordinal="14" offset="207" sl="431" path="0" offsetend="209" fileid="7" />
                <BranchPoint vc="0" uspid="574" ordinal="15" offset="207" sl="431" path="1" offsetend="219" fileid="7" />
              </BranchPoints>
              <MethodPoint xsi:type="SequencePoint" vc="0" uspid="535" ordinal="0" offset="0" sl="400" sc="9" el="400" ec="10" bec="0" bev="0" fileid="7" />
            </Method>
            <Method visited="false" cyclomaticComplexity="5" nPathComplexity="16" sequenceCoverage="0" branchCoverage="0" crapScore="30" isConstructor="false" isStatic="true" isGetter="false" isSetter="false">
              <Summary numSequencePoints="22" visitedSequencePoints="0" numBranchPoints="9" visitedBranchPoints="0" sequenceCoverage="0" branchCoverage="0" maxCyclomaticComplexity="5" minCyclomaticComplexity="5" maxCrapScore="30" minCrapScore="30" visitedClasses="0" numClasses="0" visitedMethods="0" numMethods="1" />
              <MetadataToken>100663330</MetadataToken>
              <Name>Xunit.JsonArray Xunit.JsonDeserializer::DeserializeArray(Xunit.JsonToken,Xunit.JsonBuffer)</Name>
              <FileRef uid="7" />
              <SequencePoints>
                <SequencePoint vc="0" uspid="575" ordinal="0" offset="0" sl="442" sc="9" el="442" ec="10" bec="0" bev="0" fileid="7" />
                <SequencePoint vc="0" uspid="576" ordinal="1" offset="1" sl="443" sc="13" el="443" ec="46" bec="0" bev="0" fileid="7" />
                <SequencePoint vc="0" uspid="577" ordinal="2" offset="12" sl="445" sc="13" el="445" ec="14" bec="0" bev="0" fileid="7" />
                <SequencePoint vc="0" uspid="578" ordinal="3" offset="13" sl="446" sc="17" el="446" ec="42" bec="0" bev="0" fileid="7" />
                <SequencePoint vc="0" uspid="579" ordinal="4" offset="20" sl="447" sc="17" el="447" ec="67" bec="2" bev="0" fileid="7" />
                <SequencePoint vc="0" uspid="580" ordinal="5" offset="33" sl="448" sc="17" el="448" ec="18" bec="0" bev="0" fileid="7" />
                <SequencePoint vc="0" uspid="581" ordinal="6" offset="34" sl="449" sc="21" el="449" ec="27" bec="0" bev="0" fileid="7" />
                <SequencePoint vc="0" uspid="582" ordinal="7" offset="36" sl="452" sc="17" el="452" ec="61" bec="0" bev="0" fileid="7" />
                <SequencePoint vc="0" uspid="583" ordinal="8" offset="50" sl="454" sc="17" el="454" ec="38" bec="0" bev="0" fileid="7" />
                <SequencePoint vc="0" uspid="584" ordinal="9" offset="57" sl="455" sc="17" el="455" ec="52" bec="2" bev="0" fileid="7" />
                <SequencePoint vc="0" uspid="585" ordinal="10" offset="71" sl="456" sc="17" el="456" ec="18" bec="0" bev="0" fileid="7" />
                <SequencePoint vc="0" uspid="586" ordinal="11" offset="72" sl="457" sc="21" el="459" ec="31" bec="0" bev="0" fileid="7" />
                <SequencePoint vc="0" uspid="587" ordinal="12" offset="93" sl="461" sc="22" el="461" ec="72" bec="2" bev="0" fileid="7" />
                <SequencePoint vc="0" uspid="588" ordinal="13" offset="108" sl="462" sc="17" el="462" ec="18" bec="0" bev="0" fileid="7" />
                <SequencePoint vc="0" uspid="589" ordinal="14" offset="109" sl="463" sc="21" el="463" ec="27" bec="0" bev="0" fileid="7" />
                <SequencePoint vc="0" uspid="590" ordinal="15" offset="111" sl="465" sc="22" el="465" ec="59" bec="2" bev="0" fileid="7" />
                <SequencePoint vc="0" uspid="591" ordinal="16" offset="129" sl="466" sc="17" el="466" ec="18" bec="0" bev="0" fileid="7" />
                <SequencePoint vc="0" uspid="592" ordinal="17" offset="130" sl="467" sc="21" el="469" ec="31" bec="0" bev="0" fileid="7" />
                <SequencePoint vc="0" uspid="593" ordinal="18" offset="149" sl="471" sc="13" el="471" ec="14" bec="0" bev="0" fileid="7" />
                <SequencePoint vc="0" uspid="594" ordinal="19" offset="150" sl="444" sc="13" el="444" ec="25" bec="0" bev="0" fileid="7" />
                <SequencePoint vc="0" uspid="595" ordinal="20" offset="158" sl="473" sc="13" el="473" ec="74" bec="0" bev="0" fileid="7" />
                <SequencePoint vc="0" uspid="596" ordinal="21" offset="185" sl="474" sc="9" el="474" ec="10" bec="0" bev="0" fileid="7" />
              </SequencePoints>
              <BranchPoints>
                <BranchPoint vc="0" uspid="597" ordinal="0" offset="31" sl="447" path="0" offsetend="33" fileid="7" />
                <BranchPoint vc="0" uspid="598" ordinal="1" offset="31" sl="447" path="1" offsetend="36" fileid="7" />
                <BranchPoint vc="0" uspid="599" ordinal="2" offset="69" sl="455" path="0" offsetend="71" fileid="7" />
                <BranchPoint vc="0" uspid="600" ordinal="3" offset="69" sl="455" path="1" offsetend="93" fileid="7" />
                <BranchPoint vc="0" uspid="601" ordinal="4" offset="106" sl="461" path="0" offsetend="108" fileid="7" />
                <BranchPoint vc="0" uspid="602" ordinal="5" offset="106" sl="461" path="1" offsetend="111" fileid="7" />
                <BranchPoint vc="0" uspid="603" ordinal="6" offset="127" sl="465" path="0" offsetend="129" fileid="7" />
                <BranchPoint vc="0" uspid="604" ordinal="7" offset="127" sl="465" path="1" offsetend="149" fileid="7" />
              </BranchPoints>
              <MethodPoint xsi:type="SequencePoint" vc="0" uspid="575" ordinal="0" offset="0" sl="442" sc="9" el="442" ec="10" bec="0" bev="0" fileid="7" />
            </Method>
            <Method visited="false" cyclomaticComplexity="9" nPathComplexity="256" sequenceCoverage="0" branchCoverage="0" crapScore="90" isConstructor="false" isStatic="true" isGetter="false" isSetter="false">
              <Summary numSequencePoints="38" visitedSequencePoints="0" numBranchPoints="17" visitedBranchPoints="0" sequenceCoverage="0" branchCoverage="0" maxCyclomaticComplexity="9" minCyclomaticComplexity="9" maxCrapScore="90" minCrapScore="90" visitedClasses="0" numClasses="0" visitedMethods="0" numMethods="1" />
              <MetadataToken>100663331</MetadataToken>
              <Name>Xunit.JsonObject Xunit.JsonDeserializer::DeserializeObject(Xunit.JsonToken,Xunit.JsonBuffer)</Name>
              <FileRef uid="7" />
              <SequencePoints>
                <SequencePoint vc="0" uspid="605" ordinal="0" offset="0" sl="477" sc="9" el="477" ec="10" bec="0" bev="0" fileid="7" />
                <SequencePoint vc="0" uspid="606" ordinal="1" offset="1" sl="478" sc="13" el="478" ec="66" bec="0" bev="0" fileid="7" />
                <SequencePoint vc="0" uspid="607" ordinal="2" offset="12" sl="482" sc="13" el="482" ec="14" bec="0" bev="0" fileid="7" />
                <SequencePoint vc="0" uspid="608" ordinal="3" offset="13" sl="483" sc="17" el="483" ec="42" bec="0" bev="0" fileid="7" />
                <SequencePoint vc="0" uspid="609" ordinal="4" offset="20" sl="484" sc="17" el="484" ec="52" bec="2" bev="0" fileid="7" />
                <SequencePoint vc="0" uspid="610" ordinal="5" offset="34" sl="485" sc="17" el="485" ec="18" bec="0" bev="0" fileid="7" />
                <SequencePoint vc="0" uspid="611" ordinal="6" offset="35" sl="486" sc="21" el="488" ec="31" bec="0" bev="0" fileid="7" />
                <SequencePoint vc="0" uspid="612" ordinal="7" offset="54" sl="491" sc="17" el="491" ec="54" bec="2" bev="0" fileid="7" />
                <SequencePoint vc="0" uspid="613" ordinal="8" offset="67" sl="492" sc="17" el="492" ec="18" bec="0" bev="0" fileid="7" />
                <SequencePoint vc="0" uspid="614" ordinal="9" offset="68" sl="493" sc="21" el="495" ec="31" bec="0" bev="0" fileid="7" />
                <SequencePoint vc="0" uspid="615" ordinal="10" offset="87" sl="497" sc="22" el="497" ec="71" bec="2" bev="0" fileid="7" />
                <SequencePoint vc="0" uspid="616" ordinal="11" offset="102" sl="498" sc="17" el="498" ec="18" bec="0" bev="0" fileid="7" />
                <SequencePoint vc="0" uspid="617" ordinal="12" offset="103" sl="499" sc="21" el="499" ec="27" bec="0" bev="0" fileid="7" />
                <SequencePoint vc="0" uspid="618" ordinal="13" offset="108" sl="502" sc="17" el="502" ec="18" bec="0" bev="0" fileid="7" />
                <SequencePoint vc="0" uspid="619" ordinal="14" offset="109" sl="503" sc="21" el="503" ec="59" bec="2" bev="0" fileid="7" />
                <SequencePoint vc="0" uspid="620" ordinal="15" offset="128" sl="504" sc="21" el="504" ec="22" bec="0" bev="0" fileid="7" />
                <SequencePoint vc="0" uspid="621" ordinal="16" offset="129" sl="505" sc="25" el="507" ec="35" bec="0" bev="0" fileid="7" />
                <SequencePoint vc="0" uspid="622" ordinal="17" offset="151" sl="510" sc="21" el="510" ec="49" bec="0" bev="0" fileid="7" />
                <SequencePoint vc="0" uspid="623" ordinal="18" offset="159" sl="511" sc="21" el="511" ec="60" bec="2" bev="0" fileid="7" />
                <SequencePoint vc="0" uspid="624" ordinal="19" offset="173" sl="512" sc="21" el="512" ec="22" bec="0" bev="0" fileid="7" />
                <SequencePoint vc="0" uspid="625" ordinal="20" offset="174" sl="513" sc="25" el="515" ec="35" bec="0" bev="0" fileid="7" />
                <SequencePoint vc="0" uspid="626" ordinal="21" offset="188" sl="518" sc="21" el="518" ec="42" bec="0" bev="0" fileid="7" />
                <SequencePoint vc="0" uspid="627" ordinal="22" offset="195" sl="519" sc="21" el="519" ec="58" bec="2" bev="0" fileid="7" />
                <SequencePoint vc="0" uspid="628" ordinal="23" offset="213" sl="520" sc="21" el="520" ec="22" bec="0" bev="0" fileid="7" />
                <SequencePoint vc="0" uspid="629" ordinal="24" offset="214" sl="521" sc="25" el="523" ec="35" bec="0" bev="0" fileid="7" />
                <SequencePoint vc="0" uspid="630" ordinal="25" offset="233" sl="526" sc="21" el="526" ec="89" bec="0" bev="0" fileid="7" />
                <SequencePoint vc="0" uspid="631" ordinal="26" offset="254" sl="528" sc="21" el="528" ec="42" bec="0" bev="0" fileid="7" />
                <SequencePoint vc="0" uspid="632" ordinal="27" offset="261" sl="529" sc="21" el="529" ec="70" bec="2" bev="0" fileid="7" />
                <SequencePoint vc="0" uspid="633" ordinal="28" offset="276" sl="530" sc="21" el="530" ec="22" bec="0" bev="0" fileid="7" />
                <SequencePoint vc="0" uspid="634" ordinal="29" offset="277" sl="531" sc="25" el="531" ec="31" bec="0" bev="0" fileid="7" />
                <SequencePoint vc="0" uspid="635" ordinal="30" offset="279" sl="533" sc="26" el="533" ec="63" bec="2" bev="0" fileid="7" />
                <SequencePoint vc="0" uspid="636" ordinal="31" offset="297" sl="534" sc="21" el="534" ec="22" bec="0" bev="0" fileid="7" />
                <SequencePoint vc="0" uspid="637" ordinal="32" offset="298" sl="535" sc="25" el="537" ec="35" bec="0" bev="0" fileid="7" />
                <SequencePoint vc="0" uspid="638" ordinal="33" offset="319" sl="539" sc="17" el="539" ec="18" bec="0" bev="0" fileid="7" />
                <SequencePoint vc="0" uspid="639" ordinal="34" offset="320" sl="540" sc="13" el="540" ec="14" bec="0" bev="0" fileid="7" />
                <SequencePoint vc="0" uspid="640" ordinal="35" offset="321" sl="481" sc="13" el="481" ec="25" bec="0" bev="0" fileid="7" />
                <SequencePoint vc="0" uspid="641" ordinal="36" offset="329" sl="542" sc="13" el="542" ec="71" bec="0" bev="0" fileid="7" />
                <SequencePoint vc="0" uspid="642" ordinal="37" offset="351" sl="543" sc="9" el="543" ec="10" bec="0" bev="0" fileid="7" />
              </SequencePoints>
              <BranchPoints>
                <BranchPoint vc="0" uspid="643" ordinal="0" offset="32" sl="484" path="0" offsetend="34" fileid="7" />
                <BranchPoint vc="0" uspid="644" ordinal="1" offset="32" sl="484" path="1" offsetend="54" fileid="7" />
                <BranchPoint vc="0" uspid="645" ordinal="2" offset="65" sl="491" path="0" offsetend="67" fileid="7" />
                <BranchPoint vc="0" uspid="646" ordinal="3" offset="65" sl="491" path="1" offsetend="87" fileid="7" />
                <BranchPoint vc="0" uspid="647" ordinal="4" offset="100" sl="497" path="0" offsetend="102" fileid="7" />
                <BranchPoint vc="0" uspid="648" ordinal="5" offset="100" sl="497" path="1" offsetend="108" fileid="7" />
                <BranchPoint vc="0" uspid="649" ordinal="6" offset="126" sl="503" path="0" offsetend="128" fileid="7" />
                <BranchPoint vc="0" uspid="650" ordinal="7" offset="126" sl="503" path="1" offsetend="151" fileid="7" />
                <BranchPoint vc="0" uspid="651" ordinal="8" offset="171" sl="511" path="0" offsetend="173" fileid="7" />
                <BranchPoint vc="0" uspid="652" ordinal="9" offset="171" sl="511" path="1" offsetend="188" fileid="7" />
                <BranchPoint vc="0" uspid="653" ordinal="10" offset="211" sl="519" path="0" offsetend="213" fileid="7" />
                <BranchPoint vc="0" uspid="654" ordinal="11" offset="211" sl="519" path="1" offsetend="233" fileid="7" />
                <BranchPoint vc="0" uspid="655" ordinal="12" offset="274" sl="529" path="0" offsetend="276" fileid="7" />
                <BranchPoint vc="0" uspid="656" ordinal="13" offset="274" sl="529" path="1" offsetend="279" fileid="7" />
                <BranchPoint vc="0" uspid="657" ordinal="14" offset="295" sl="533" path="0" offsetend="297" fileid="7" />
                <BranchPoint vc="0" uspid="658" ordinal="15" offset="295" sl="533" path="1" offsetend="319" fileid="7" />
              </BranchPoints>
              <MethodPoint xsi:type="SequencePoint" vc="0" uspid="605" ordinal="0" offset="0" sl="477" sc="9" el="477" ec="10" bec="0" bev="0" fileid="7" />
            </Method>
          </Methods>
        </Class>
        <Class>
          <Summary numSequencePoints="17" visitedSequencePoints="0" numBranchPoints="5" visitedBranchPoints="0" sequenceCoverage="0" branchCoverage="0" maxCyclomaticComplexity="1" minCyclomaticComplexity="1" maxCrapScore="2" minCrapScore="2" visitedClasses="0" numClasses="1" visitedMethods="0" numMethods="5" />
          <FullName>Xunit.JsonDeserializerException</FullName>
          <Methods>
            <Method visited="false" cyclomaticComplexity="1" nPathComplexity="0" sequenceCoverage="0" branchCoverage="0" crapScore="2" isConstructor="false" isStatic="false" isGetter="true" isSetter="false">
              <Summary numSequencePoints="1" visitedSequencePoints="0" numBranchPoints="1" visitedBranchPoints="0" sequenceCoverage="0" branchCoverage="0" maxCyclomaticComplexity="1" minCyclomaticComplexity="1" maxCrapScore="2" minCrapScore="2" visitedClasses="0" numClasses="0" visitedMethods="0" numMethods="1" />
              <MetadataToken>100663335</MetadataToken>
              <Name>System.Int32 Xunit.JsonDeserializerException::get_Line()</Name>
              <FileRef uid="7" />
              <SequencePoints>
                <SequencePoint vc="0" uspid="659" ordinal="0" offset="0" sl="569" sc="27" el="569" ec="31" bec="0" bev="0" fileid="7" />
              </SequencePoints>
              <BranchPoints />
              <MethodPoint xsi:type="SequencePoint" vc="0" uspid="659" ordinal="0" offset="0" sl="569" sc="27" el="569" ec="31" bec="0" bev="0" fileid="7" />
            </Method>
            <Method visited="false" cyclomaticComplexity="1" nPathComplexity="0" sequenceCoverage="0" branchCoverage="0" crapScore="2" isConstructor="false" isStatic="false" isGetter="true" isSetter="false">
              <Summary numSequencePoints="1" visitedSequencePoints="0" numBranchPoints="1" visitedBranchPoints="0" sequenceCoverage="0" branchCoverage="0" maxCyclomaticComplexity="1" minCyclomaticComplexity="1" maxCrapScore="2" minCrapScore="2" visitedClasses="0" numClasses="0" visitedMethods="0" numMethods="1" />
              <MetadataToken>100663336</MetadataToken>
              <Name>System.Int32 Xunit.JsonDeserializerException::get_Column()</Name>
              <FileRef uid="7" />
              <SequencePoints>
                <SequencePoint vc="0" uspid="660" ordinal="0" offset="0" sl="571" sc="29" el="571" ec="33" bec="0" bev="0" fileid="7" />
              </SequencePoints>
              <BranchPoints />
              <MethodPoint xsi:type="SequencePoint" vc="0" uspid="660" ordinal="0" offset="0" sl="571" sc="29" el="571" ec="33" bec="0" bev="0" fileid="7" />
            </Method>
            <Method visited="false" cyclomaticComplexity="1" nPathComplexity="0" sequenceCoverage="0" branchCoverage="0" crapScore="2" isConstructor="true" isStatic="false" isGetter="false" isSetter="false">
              <Summary numSequencePoints="5" visitedSequencePoints="0" numBranchPoints="1" visitedBranchPoints="0" sequenceCoverage="0" branchCoverage="0" maxCyclomaticComplexity="1" minCyclomaticComplexity="1" maxCrapScore="2" minCrapScore="2" visitedClasses="0" numClasses="0" visitedMethods="0" numMethods="1" />
              <MetadataToken>100663332</MetadataToken>
              <Name>System.Void Xunit.JsonDeserializerException::.ctor(System.String,System.Exception,System.Int32,System.Int32)</Name>
              <FileRef uid="7" />
              <SequencePoints>
                <SequencePoint vc="0" uspid="661" ordinal="0" offset="0" sl="549" sc="15" el="549" ec="44" bec="0" bev="0" fileid="7" />
                <SequencePoint vc="0" uspid="662" ordinal="1" offset="9" sl="550" sc="9" el="550" ec="10" bec="0" bev="0" fileid="7" />
                <SequencePoint vc="0" uspid="663" ordinal="2" offset="10" sl="551" sc="13" el="551" ec="25" bec="0" bev="0" fileid="7" />
                <SequencePoint vc="0" uspid="664" ordinal="3" offset="17" sl="552" sc="13" el="552" ec="29" bec="0" bev="0" fileid="7" />
                <SequencePoint vc="0" uspid="665" ordinal="4" offset="25" sl="553" sc="9" el="553" ec="10" bec="0" bev="0" fileid="7" />
              </SequencePoints>
              <BranchPoints />
              <MethodPoint xsi:type="SequencePoint" vc="0" uspid="661" ordinal="0" offset="0" sl="549" sc="15" el="549" ec="44" bec="0" bev="0" fileid="7" />
            </Method>
            <Method visited="false" cyclomaticComplexity="1" nPathComplexity="0" sequenceCoverage="0" branchCoverage="0" crapScore="2" isConstructor="true" isStatic="false" isGetter="false" isSetter="false">
              <Summary numSequencePoints="5" visitedSequencePoints="0" numBranchPoints="1" visitedBranchPoints="0" sequenceCoverage="0" branchCoverage="0" maxCyclomaticComplexity="1" minCyclomaticComplexity="1" maxCrapScore="2" minCrapScore="2" visitedClasses="0" numClasses="0" visitedMethods="0" numMethods="1" />
              <MetadataToken>100663333</MetadataToken>
              <Name>System.Void Xunit.JsonDeserializerException::.ctor(System.String,System.Int32,System.Int32)</Name>
              <FileRef uid="7" />
              <SequencePoints>
                <SequencePoint vc="0" uspid="666" ordinal="0" offset="0" sl="556" sc="15" el="556" ec="28" bec="0" bev="0" fileid="7" />
                <SequencePoint vc="0" uspid="667" ordinal="1" offset="8" sl="557" sc="9" el="557" ec="10" bec="0" bev="0" fileid="7" />
                <SequencePoint vc="0" uspid="668" ordinal="2" offset="9" sl="558" sc="13" el="558" ec="25" bec="0" bev="0" fileid="7" />
                <SequencePoint vc="0" uspid="669" ordinal="3" offset="16" sl="559" sc="13" el="559" ec="29" bec="0" bev="0" fileid="7" />
                <SequencePoint vc="0" uspid="670" ordinal="4" offset="23" sl="560" sc="9" el="560" ec="10" bec="0" bev="0" fileid="7" />
              </SequencePoints>
              <BranchPoints />
              <MethodPoint xsi:type="SequencePoint" vc="0" uspid="666" ordinal="0" offset="0" sl="556" sc="15" el="556" ec="28" bec="0" bev="0" fileid="7" />
            </Method>
            <Method visited="false" cyclomaticComplexity="1" nPathComplexity="0" sequenceCoverage="0" branchCoverage="0" crapScore="2" isConstructor="true" isStatic="false" isGetter="false" isSetter="false">
              <Summary numSequencePoints="5" visitedSequencePoints="0" numBranchPoints="1" visitedBranchPoints="0" sequenceCoverage="0" branchCoverage="0" maxCyclomaticComplexity="1" minCyclomaticComplexity="1" maxCrapScore="2" minCrapScore="2" visitedClasses="0" numClasses="0" visitedMethods="0" numMethods="1" />
              <MetadataToken>100663334</MetadataToken>
              <Name>System.Void Xunit.JsonDeserializerException::.ctor(System.String,Xunit.JsonToken)</Name>
              <FileRef uid="7" />
              <SequencePoints>
                <SequencePoint vc="0" uspid="671" ordinal="0" offset="0" sl="563" sc="15" el="563" ec="28" bec="0" bev="0" fileid="7" />
                <SequencePoint vc="0" uspid="672" ordinal="1" offset="8" sl="564" sc="9" el="564" ec="10" bec="0" bev="0" fileid="7" />
                <SequencePoint vc="0" uspid="673" ordinal="2" offset="9" sl="565" sc="13" el="565" ec="35" bec="0" bev="0" fileid="7" />
                <SequencePoint vc="0" uspid="674" ordinal="3" offset="21" sl="566" sc="13" el="566" ec="39" bec="0" bev="0" fileid="7" />
                <SequencePoint vc="0" uspid="675" ordinal="4" offset="33" sl="567" sc="9" el="567" ec="10" bec="0" bev="0" fileid="7" />
              </SequencePoints>
              <BranchPoints />
              <MethodPoint xsi:type="SequencePoint" vc="0" uspid="671" ordinal="0" offset="0" sl="563" sc="15" el="563" ec="28" bec="0" bev="0" fileid="7" />
            </Method>
          </Methods>
        </Class>
        <Class>
          <Summary numSequencePoints="51" visitedSequencePoints="0" numBranchPoints="17" visitedBranchPoints="0" sequenceCoverage="0" branchCoverage="0" maxCyclomaticComplexity="1" minCyclomaticComplexity="1" maxCrapScore="2" minCrapScore="2" visitedClasses="0" numClasses="1" visitedMethods="0" numMethods="17" />
          <FullName>Xunit.JsonDeserializerResource</FullName>
          <Methods>
            <Method visited="false" cyclomaticComplexity="1" nPathComplexity="0" sequenceCoverage="0" branchCoverage="0" crapScore="2" isConstructor="false" isStatic="true" isGetter="true" isSetter="false">
              <Summary numSequencePoints="3" visitedSequencePoints="0" numBranchPoints="1" visitedBranchPoints="0" sequenceCoverage="0" branchCoverage="0" maxCyclomaticComplexity="1" minCyclomaticComplexity="1" maxCrapScore="2" minCrapScore="2" visitedClasses="0" numClasses="0" visitedMethods="0" numMethods="1" />
              <MetadataToken>100663352</MetadataToken>
              <Name>System.String Xunit.JsonDeserializerResource::get_JSON_OpenString()</Name>
              <FileRef uid="7" />
              <SequencePoints>
                <SequencePoint vc="0" uspid="676" ordinal="0" offset="0" sl="653" sc="17" el="653" ec="18" bec="0" bev="0" fileid="7" />
                <SequencePoint vc="0" uspid="677" ordinal="1" offset="1" sl="653" sc="19" el="653" ec="79" bec="0" bev="0" fileid="7" />
                <SequencePoint vc="0" uspid="678" ordinal="2" offset="16" sl="653" sc="80" el="653" ec="81" bec="0" bev="0" fileid="7" />
              </SequencePoints>
              <BranchPoints />
              <MethodPoint xsi:type="SequencePoint" vc="0" uspid="676" ordinal="0" offset="0" sl="653" sc="17" el="653" ec="18" bec="0" bev="0" fileid="7" />
            </Method>
            <Method visited="false" cyclomaticComplexity="1" nPathComplexity="0" sequenceCoverage="0" branchCoverage="0" crapScore="2" isConstructor="false" isStatic="true" isGetter="true" isSetter="false">
              <Summary numSequencePoints="3" visitedSequencePoints="0" numBranchPoints="1" visitedBranchPoints="0" sequenceCoverage="0" branchCoverage="0" maxCyclomaticComplexity="1" minCyclomaticComplexity="1" maxCrapScore="2" minCrapScore="2" visitedClasses="0" numClasses="0" visitedMethods="0" numMethods="1" />
              <MetadataToken>100663353</MetadataToken>
              <Name>System.String Xunit.JsonDeserializerResource::get_JSON_InvalidEnd()</Name>
              <FileRef uid="7" />
              <SequencePoints>
                <SequencePoint vc="0" uspid="679" ordinal="0" offset="0" sl="658" sc="17" el="658" ec="18" bec="0" bev="0" fileid="7" />
                <SequencePoint vc="0" uspid="680" ordinal="1" offset="1" sl="658" sc="19" el="658" ec="66" bec="0" bev="0" fileid="7" />
                <SequencePoint vc="0" uspid="681" ordinal="2" offset="9" sl="658" sc="67" el="658" ec="68" bec="0" bev="0" fileid="7" />
              </SequencePoints>
              <BranchPoints />
              <MethodPoint xsi:type="SequencePoint" vc="0" uspid="679" ordinal="0" offset="0" sl="658" sc="17" el="658" ec="18" bec="0" bev="0" fileid="7" />
            </Method>
            <Method visited="false" cyclomaticComplexity="1" nPathComplexity="0" sequenceCoverage="0" branchCoverage="0" crapScore="2" isConstructor="false" isStatic="true" isGetter="false" isSetter="false">
              <Summary numSequencePoints="3" visitedSequencePoints="0" numBranchPoints="1" visitedBranchPoints="0" sequenceCoverage="0" branchCoverage="0" maxCyclomaticComplexity="1" minCyclomaticComplexity="1" maxCrapScore="2" minCrapScore="2" visitedClasses="0" numClasses="0" visitedMethods="0" numMethods="1" />
              <MetadataToken>100663337</MetadataToken>
              <Name>System.String Xunit.JsonDeserializerResource::Format_IllegalCharacter(System.Int32)</Name>
              <FileRef uid="7" />
              <SequencePoints>
                <SequencePoint vc="0" uspid="682" ordinal="0" offset="0" sl="577" sc="9" el="577" ec="10" bec="0" bev="0" fileid="7" />
                <SequencePoint vc="0" uspid="683" ordinal="1" offset="1" sl="578" sc="13" el="578" ec="91" bec="0" bev="0" fileid="7" />
                <SequencePoint vc="0" uspid="684" ordinal="2" offset="27" sl="579" sc="9" el="579" ec="10" bec="0" bev="0" fileid="7" />
              </SequencePoints>
              <BranchPoints />
              <MethodPoint xsi:type="SequencePoint" vc="0" uspid="682" ordinal="0" offset="0" sl="577" sc="9" el="577" ec="10" bec="0" bev="0" fileid="7" />
            </Method>
            <Method visited="false" cyclomaticComplexity="1" nPathComplexity="0" sequenceCoverage="0" branchCoverage="0" crapScore="2" isConstructor="false" isStatic="true" isGetter="false" isSetter="false">
              <Summary numSequencePoints="3" visitedSequencePoints="0" numBranchPoints="1" visitedBranchPoints="0" sequenceCoverage="0" branchCoverage="0" maxCyclomaticComplexity="1" minCyclomaticComplexity="1" maxCrapScore="2" minCrapScore="2" visitedClasses="0" numClasses="0" visitedMethods="0" numMethods="1" />
              <MetadataToken>100663338</MetadataToken>
              <Name>System.String Xunit.JsonDeserializerResource::Format_IllegalTrailingCharacterAfterLiteral(System.Int32,System.String)</Name>
              <FileRef uid="7" />
              <SequencePoints>
                <SequencePoint vc="0" uspid="685" ordinal="0" offset="0" sl="582" sc="9" el="582" ec="10" bec="0" bev="0" fileid="7" />
                <SequencePoint vc="0" uspid="686" ordinal="1" offset="1" sl="583" sc="13" el="583" ec="126" bec="0" bev="0" fileid="7" />
                <SequencePoint vc="0" uspid="687" ordinal="2" offset="28" sl="584" sc="9" el="584" ec="10" bec="0" bev="0" fileid="7" />
              </SequencePoints>
              <BranchPoints />
              <MethodPoint xsi:type="SequencePoint" vc="0" uspid="685" ordinal="0" offset="0" sl="582" sc="9" el="582" ec="10" bec="0" bev="0" fileid="7" />
            </Method>
            <Method visited="false" cyclomaticComplexity="1" nPathComplexity="0" sequenceCoverage="0" branchCoverage="0" crapScore="2" isConstructor="false" isStatic="true" isGetter="false" isSetter="false">
              <Summary numSequencePoints="3" visitedSequencePoints="0" numBranchPoints="1" visitedBranchPoints="0" sequenceCoverage="0" branchCoverage="0" maxCyclomaticComplexity="1" minCyclomaticComplexity="1" maxCrapScore="2" minCrapScore="2" visitedClasses="0" numClasses="0" visitedMethods="0" numMethods="1" />
              <MetadataToken>100663339</MetadataToken>
              <Name>System.String Xunit.JsonDeserializerResource::Format_UnrecognizedLiteral(System.String)</Name>
              <FileRef uid="7" />
              <SequencePoints>
                <SequencePoint vc="0" uspid="688" ordinal="0" offset="0" sl="587" sc="9" el="587" ec="10" bec="0" bev="0" fileid="7" />
                <SequencePoint vc="0" uspid="689" ordinal="1" offset="1" sl="588" sc="13" el="588" ec="75" bec="0" bev="0" fileid="7" />
                <SequencePoint vc="0" uspid="690" ordinal="2" offset="15" sl="589" sc="9" el="589" ec="10" bec="0" bev="0" fileid="7" />
              </SequencePoints>
              <BranchPoints />
              <MethodPoint xsi:type="SequencePoint" vc="0" uspid="688" ordinal="0" offset="0" sl="587" sc="9" el="587" ec="10" bec="0" bev="0" fileid="7" />
            </Method>
            <Method visited="false" cyclomaticComplexity="1" nPathComplexity="0" sequenceCoverage="0" branchCoverage="0" crapScore="2" isConstructor="false" isStatic="true" isGetter="false" isSetter="false">
              <Summary numSequencePoints="3" visitedSequencePoints="0" numBranchPoints="1" visitedBranchPoints="0" sequenceCoverage="0" branchCoverage="0" maxCyclomaticComplexity="1" minCyclomaticComplexity="1" maxCrapScore="2" minCrapScore="2" visitedClasses="0" numClasses="0" visitedMethods="0" numMethods="1" />
              <MetadataToken>100663340</MetadataToken>
              <Name>System.String Xunit.JsonDeserializerResource::Format_DuplicateObjectMemberName(System.String)</Name>
              <FileRef uid="7" />
              <SequencePoints>
                <SequencePoint vc="0" uspid="691" ordinal="0" offset="0" sl="592" sc="9" el="592" ec="10" bec="0" bev="0" fileid="7" />
                <SequencePoint vc="0" uspid="692" ordinal="1" offset="1" sl="593" sc="13" el="593" ec="97" bec="0" bev="0" fileid="7" />
                <SequencePoint vc="0" uspid="693" ordinal="2" offset="25" sl="594" sc="9" el="594" ec="10" bec="0" bev="0" fileid="7" />
              </SequencePoints>
              <BranchPoints />
              <MethodPoint xsi:type="SequencePoint" vc="0" uspid="691" ordinal="0" offset="0" sl="592" sc="9" el="592" ec="10" bec="0" bev="0" fileid="7" />
            </Method>
            <Method visited="false" cyclomaticComplexity="1" nPathComplexity="0" sequenceCoverage="0" branchCoverage="0" crapScore="2" isConstructor="false" isStatic="true" isGetter="false" isSetter="false">
              <Summary numSequencePoints="3" visitedSequencePoints="0" numBranchPoints="1" visitedBranchPoints="0" sequenceCoverage="0" branchCoverage="0" maxCyclomaticComplexity="1" minCyclomaticComplexity="1" maxCrapScore="2" minCrapScore="2" visitedClasses="0" numClasses="0" visitedMethods="0" numMethods="1" />
              <MetadataToken>100663341</MetadataToken>
              <Name>System.String Xunit.JsonDeserializerResource::Format_InvalidFloatNumberFormat(System.String)</Name>
              <FileRef uid="7" />
              <SequencePoints>
                <SequencePoint vc="0" uspid="694" ordinal="0" offset="0" sl="597" sc="9" el="597" ec="10" bec="0" bev="0" fileid="7" />
                <SequencePoint vc="0" uspid="695" ordinal="1" offset="1" sl="598" sc="13" el="598" ec="58" bec="0" bev="0" fileid="7" />
                <SequencePoint vc="0" uspid="696" ordinal="2" offset="15" sl="599" sc="9" el="599" ec="10" bec="0" bev="0" fileid="7" />
              </SequencePoints>
              <BranchPoints />
              <MethodPoint xsi:type="SequencePoint" vc="0" uspid="694" ordinal="0" offset="0" sl="597" sc="9" el="597" ec="10" bec="0" bev="0" fileid="7" />
            </Method>
            <Method visited="false" cyclomaticComplexity="1" nPathComplexity="0" sequenceCoverage="0" branchCoverage="0" crapScore="2" isConstructor="false" isStatic="true" isGetter="false" isSetter="false">
              <Summary numSequencePoints="3" visitedSequencePoints="0" numBranchPoints="1" visitedBranchPoints="0" sequenceCoverage="0" branchCoverage="0" maxCyclomaticComplexity="1" minCyclomaticComplexity="1" maxCrapScore="2" minCrapScore="2" visitedClasses="0" numClasses="0" visitedMethods="0" numMethods="1" />
              <MetadataToken>100663342</MetadataToken>
              <Name>System.String Xunit.JsonDeserializerResource::Format_FloatNumberOverflow(System.String)</Name>
              <FileRef uid="7" />
              <SequencePoints>
                <SequencePoint vc="0" uspid="697" ordinal="0" offset="0" sl="602" sc="9" el="602" ec="10" bec="0" bev="0" fileid="7" />
                <SequencePoint vc="0" uspid="698" ordinal="1" offset="1" sl="603" sc="13" el="603" ec="52" bec="0" bev="0" fileid="7" />
                <SequencePoint vc="0" uspid="699" ordinal="2" offset="15" sl="604" sc="9" el="604" ec="10" bec="0" bev="0" fileid="7" />
              </SequencePoints>
              <BranchPoints />
              <MethodPoint xsi:type="SequencePoint" vc="0" uspid="697" ordinal="0" offset="0" sl="602" sc="9" el="602" ec="10" bec="0" bev="0" fileid="7" />
            </Method>
            <Method visited="false" cyclomaticComplexity="1" nPathComplexity="0" sequenceCoverage="0" branchCoverage="0" crapScore="2" isConstructor="false" isStatic="true" isGetter="false" isSetter="false">
              <Summary numSequencePoints="3" visitedSequencePoints="0" numBranchPoints="1" visitedBranchPoints="0" sequenceCoverage="0" branchCoverage="0" maxCyclomaticComplexity="1" minCyclomaticComplexity="1" maxCrapScore="2" minCrapScore="2" visitedClasses="0" numClasses="0" visitedMethods="0" numMethods="1" />
              <MetadataToken>100663343</MetadataToken>
              <Name>System.String Xunit.JsonDeserializerResource::Format_InvalidSyntax(System.String,System.String)</Name>
              <FileRef uid="7" />
              <SequencePoints>
                <SequencePoint vc="0" uspid="700" ordinal="0" offset="0" sl="607" sc="9" el="607" ec="10" bec="0" bev="0" fileid="7" />
                <SequencePoint vc="0" uspid="701" ordinal="1" offset="1" sl="608" sc="13" el="608" ec="61" bec="0" bev="0" fileid="7" />
                <SequencePoint vc="0" uspid="702" ordinal="2" offset="16" sl="609" sc="9" el="609" ec="10" bec="0" bev="0" fileid="7" />
              </SequencePoints>
              <BranchPoints />
              <MethodPoint xsi:type="SequencePoint" vc="0" uspid="700" ordinal="0" offset="0" sl="607" sc="9" el="607" ec="10" bec="0" bev="0" fileid="7" />
            </Method>
            <Method visited="false" cyclomaticComplexity="1" nPathComplexity="0" sequenceCoverage="0" branchCoverage="0" crapScore="2" isConstructor="false" isStatic="true" isGetter="false" isSetter="false">
              <Summary numSequencePoints="3" visitedSequencePoints="0" numBranchPoints="1" visitedBranchPoints="0" sequenceCoverage="0" branchCoverage="0" maxCyclomaticComplexity="1" minCyclomaticComplexity="1" maxCrapScore="2" minCrapScore="2" visitedClasses="0" numClasses="0" visitedMethods="0" numMethods="1" />
              <MetadataToken>100663344</MetadataToken>
              <Name>System.String Xunit.JsonDeserializerResource::Format_InvalidSyntaxNotExpected(System.String,System.Char)</Name>
              <FileRef uid="7" />
              <SequencePoints>
                <SequencePoint vc="0" uspid="703" ordinal="0" offset="0" sl="612" sc="9" el="612" ec="10" bec="0" bev="0" fileid="7" />
                <SequencePoint vc="0" uspid="704" ordinal="1" offset="1" sl="613" sc="13" el="613" ec="79" bec="0" bev="0" fileid="7" />
                <SequencePoint vc="0" uspid="705" ordinal="2" offset="21" sl="614" sc="9" el="614" ec="10" bec="0" bev="0" fileid="7" />
              </SequencePoints>
              <BranchPoints />
              <MethodPoint xsi:type="SequencePoint" vc="0" uspid="703" ordinal="0" offset="0" sl="612" sc="9" el="612" ec="10" bec="0" bev="0" fileid="7" />
            </Method>
            <Method visited="false" cyclomaticComplexity="1" nPathComplexity="0" sequenceCoverage="0" branchCoverage="0" crapScore="2" isConstructor="false" isStatic="true" isGetter="false" isSetter="false">
              <Summary numSequencePoints="3" visitedSequencePoints="0" numBranchPoints="1" visitedBranchPoints="0" sequenceCoverage="0" branchCoverage="0" maxCyclomaticComplexity="1" minCyclomaticComplexity="1" maxCrapScore="2" minCrapScore="2" visitedClasses="0" numClasses="0" visitedMethods="0" numMethods="1" />
              <MetadataToken>100663345</MetadataToken>
              <Name>System.String Xunit.JsonDeserializerResource::Format_InvalidSyntaxNotExpected(System.String,System.String)</Name>
              <FileRef uid="7" />
              <SequencePoints>
                <SequencePoint vc="0" uspid="706" ordinal="0" offset="0" sl="617" sc="9" el="617" ec="10" bec="0" bev="0" fileid="7" />
                <SequencePoint vc="0" uspid="707" ordinal="1" offset="1" sl="618" sc="13" el="618" ec="77" bec="0" bev="0" fileid="7" />
                <SequencePoint vc="0" uspid="708" ordinal="2" offset="16" sl="619" sc="9" el="619" ec="10" bec="0" bev="0" fileid="7" />
              </SequencePoints>
              <BranchPoints />
              <MethodPoint xsi:type="SequencePoint" vc="0" uspid="706" ordinal="0" offset="0" sl="617" sc="9" el="617" ec="10" bec="0" bev="0" fileid="7" />
            </Method>
            <Method visited="false" cyclomaticComplexity="1" nPathComplexity="0" sequenceCoverage="0" branchCoverage="0" crapScore="2" isConstructor="false" isStatic="true" isGetter="false" isSetter="false">
              <Summary numSequencePoints="3" visitedSequencePoints="0" numBranchPoints="1" visitedBranchPoints="0" sequenceCoverage="0" branchCoverage="0" maxCyclomaticComplexity="1" minCyclomaticComplexity="1" maxCrapScore="2" minCrapScore="2" visitedClasses="0" numClasses="0" visitedMethods="0" numMethods="1" />
              <MetadataToken>100663346</MetadataToken>
              <Name>System.String Xunit.JsonDeserializerResource::Format_InvalidSyntaxExpectation(System.String,System.Char)</Name>
              <FileRef uid="7" />
              <SequencePoints>
                <SequencePoint vc="0" uspid="709" ordinal="0" offset="0" sl="622" sc="9" el="622" ec="10" bec="0" bev="0" fileid="7" />
                <SequencePoint vc="0" uspid="710" ordinal="1" offset="1" sl="623" sc="13" el="623" ec="78" bec="0" bev="0" fileid="7" />
                <SequencePoint vc="0" uspid="711" ordinal="2" offset="21" sl="624" sc="9" el="624" ec="10" bec="0" bev="0" fileid="7" />
              </SequencePoints>
              <BranchPoints />
              <MethodPoint xsi:type="SequencePoint" vc="0" uspid="709" ordinal="0" offset="0" sl="622" sc="9" el="622" ec="10" bec="0" bev="0" fileid="7" />
            </Method>
            <Method visited="false" cyclomaticComplexity="1" nPathComplexity="0" sequenceCoverage="0" branchCoverage="0" crapScore="2" isConstructor="false" isStatic="true" isGetter="false" isSetter="false">
              <Summary numSequencePoints="3" visitedSequencePoints="0" numBranchPoints="1" visitedBranchPoints="0" sequenceCoverage="0" branchCoverage="0" maxCyclomaticComplexity="1" minCyclomaticComplexity="1" maxCrapScore="2" minCrapScore="2" visitedClasses="0" numClasses="0" visitedMethods="0" numMethods="1" />
              <MetadataToken>100663347</MetadataToken>
              <Name>System.String Xunit.JsonDeserializerResource::Format_InvalidSyntaxExpectation(System.String,System.String)</Name>
              <FileRef uid="7" />
              <SequencePoints>
                <SequencePoint vc="0" uspid="712" ordinal="0" offset="0" sl="627" sc="9" el="627" ec="10" bec="0" bev="0" fileid="7" />
                <SequencePoint vc="0" uspid="713" ordinal="1" offset="1" sl="628" sc="13" el="628" ec="76" bec="0" bev="0" fileid="7" />
                <SequencePoint vc="0" uspid="714" ordinal="2" offset="16" sl="629" sc="9" el="629" ec="10" bec="0" bev="0" fileid="7" />
              </SequencePoints>
              <BranchPoints />
              <MethodPoint xsi:type="SequencePoint" vc="0" uspid="712" ordinal="0" offset="0" sl="627" sc="9" el="627" ec="10" bec="0" bev="0" fileid="7" />
            </Method>
            <Method visited="false" cyclomaticComplexity="1" nPathComplexity="0" sequenceCoverage="0" branchCoverage="0" crapScore="2" isConstructor="false" isStatic="true" isGetter="false" isSetter="false">
              <Summary numSequencePoints="3" visitedSequencePoints="0" numBranchPoints="1" visitedBranchPoints="0" sequenceCoverage="0" branchCoverage="0" maxCyclomaticComplexity="1" minCyclomaticComplexity="1" maxCrapScore="2" minCrapScore="2" visitedClasses="0" numClasses="0" visitedMethods="0" numMethods="1" />
              <MetadataToken>100663348</MetadataToken>
              <Name>System.String Xunit.JsonDeserializerResource::Format_InvalidSyntaxExpectation(System.String,System.Char,System.Char)</Name>
              <FileRef uid="7" />
              <SequencePoints>
                <SequencePoint vc="0" uspid="715" ordinal="0" offset="0" sl="632" sc="9" el="632" ec="10" bec="0" bev="0" fileid="7" />
                <SequencePoint vc="0" uspid="716" ordinal="1" offset="1" sl="633" sc="13" el="633" ec="99" bec="0" bev="0" fileid="7" />
                <SequencePoint vc="0" uspid="717" ordinal="2" offset="27" sl="634" sc="9" el="634" ec="10" bec="0" bev="0" fileid="7" />
              </SequencePoints>
              <BranchPoints />
              <MethodPoint xsi:type="SequencePoint" vc="0" uspid="715" ordinal="0" offset="0" sl="632" sc="9" el="632" ec="10" bec="0" bev="0" fileid="7" />
            </Method>
            <Method visited="false" cyclomaticComplexity="1" nPathComplexity="0" sequenceCoverage="0" branchCoverage="0" crapScore="2" isConstructor="false" isStatic="true" isGetter="false" isSetter="false">
              <Summary numSequencePoints="3" visitedSequencePoints="0" numBranchPoints="1" visitedBranchPoints="0" sequenceCoverage="0" branchCoverage="0" maxCyclomaticComplexity="1" minCyclomaticComplexity="1" maxCrapScore="2" minCrapScore="2" visitedClasses="0" numClasses="0" visitedMethods="0" numMethods="1" />
              <MetadataToken>100663349</MetadataToken>
              <Name>System.String Xunit.JsonDeserializerResource::Format_InvalidTokenExpectation(System.String,System.String)</Name>
              <FileRef uid="7" />
              <SequencePoints>
                <SequencePoint vc="0" uspid="718" ordinal="0" offset="0" sl="637" sc="9" el="637" ec="10" bec="0" bev="0" fileid="7" />
                <SequencePoint vc="0" uspid="719" ordinal="1" offset="1" sl="638" sc="13" el="638" ec="80" bec="0" bev="0" fileid="7" />
                <SequencePoint vc="0" uspid="720" ordinal="2" offset="16" sl="639" sc="9" el="639" ec="10" bec="0" bev="0" fileid="7" />
              </SequencePoints>
              <BranchPoints />
              <MethodPoint xsi:type="SequencePoint" vc="0" uspid="718" ordinal="0" offset="0" sl="637" sc="9" el="637" ec="10" bec="0" bev="0" fileid="7" />
            </Method>
            <Method visited="false" cyclomaticComplexity="1" nPathComplexity="0" sequenceCoverage="0" branchCoverage="0" crapScore="2" isConstructor="false" isStatic="true" isGetter="false" isSetter="false">
              <Summary numSequencePoints="3" visitedSequencePoints="0" numBranchPoints="1" visitedBranchPoints="0" sequenceCoverage="0" branchCoverage="0" maxCyclomaticComplexity="1" minCyclomaticComplexity="1" maxCrapScore="2" minCrapScore="2" visitedClasses="0" numClasses="0" visitedMethods="0" numMethods="1" />
              <MetadataToken>100663350</MetadataToken>
              <Name>System.String Xunit.JsonDeserializerResource::Format_InvalidUnicode(System.String)</Name>
              <FileRef uid="7" />
              <SequencePoints>
                <SequencePoint vc="0" uspid="721" ordinal="0" offset="0" sl="642" sc="9" el="642" ec="10" bec="0" bev="0" fileid="7" />
                <SequencePoint vc="0" uspid="722" ordinal="1" offset="1" sl="643" sc="13" el="643" ec="51" bec="0" bev="0" fileid="7" />
                <SequencePoint vc="0" uspid="723" ordinal="2" offset="15" sl="644" sc="9" el="644" ec="10" bec="0" bev="0" fileid="7" />
              </SequencePoints>
              <BranchPoints />
              <MethodPoint xsi:type="SequencePoint" vc="0" uspid="721" ordinal="0" offset="0" sl="642" sc="9" el="642" ec="10" bec="0" bev="0" fileid="7" />
            </Method>
            <Method visited="false" cyclomaticComplexity="1" nPathComplexity="0" sequenceCoverage="0" branchCoverage="0" crapScore="2" isConstructor="false" isStatic="true" isGetter="false" isSetter="false">
              <Summary numSequencePoints="3" visitedSequencePoints="0" numBranchPoints="1" visitedBranchPoints="0" sequenceCoverage="0" branchCoverage="0" maxCyclomaticComplexity="1" minCyclomaticComplexity="1" maxCrapScore="2" minCrapScore="2" visitedClasses="0" numClasses="0" visitedMethods="0" numMethods="1" />
              <MetadataToken>100663351</MetadataToken>
              <Name>System.String Xunit.JsonDeserializerResource::Format_UnfinishedJSON(System.String)</Name>
              <FileRef uid="7" />
              <SequencePoints>
                <SequencePoint vc="0" uspid="724" ordinal="0" offset="0" sl="647" sc="9" el="647" ec="10" bec="0" bev="0" fileid="7" />
                <SequencePoint vc="0" uspid="725" ordinal="1" offset="1" sl="648" sc="13" el="648" ec="77" bec="0" bev="0" fileid="7" />
                <SequencePoint vc="0" uspid="726" ordinal="2" offset="15" sl="649" sc="9" el="649" ec="10" bec="0" bev="0" fileid="7" />
              </SequencePoints>
              <BranchPoints />
              <MethodPoint xsi:type="SequencePoint" vc="0" uspid="724" ordinal="0" offset="0" sl="647" sc="9" el="647" ec="10" bec="0" bev="0" fileid="7" />
            </Method>
          </Methods>
        </Class>
        <Class>
          <Summary numSequencePoints="3" visitedSequencePoints="0" numBranchPoints="1" visitedBranchPoints="0" sequenceCoverage="0" branchCoverage="0" maxCyclomaticComplexity="1" minCyclomaticComplexity="1" maxCrapScore="2" minCrapScore="2" visitedClasses="0" numClasses="1" visitedMethods="0" numMethods="1" />
          <FullName>Xunit.JsonNull</FullName>
          <Methods>
            <Method visited="false" cyclomaticComplexity="1" nPathComplexity="0" sequenceCoverage="0" branchCoverage="0" crapScore="2" isConstructor="true" isStatic="false" isGetter="false" isSetter="false">
              <Summary numSequencePoints="3" visitedSequencePoints="0" numBranchPoints="1" visitedBranchPoints="0" sequenceCoverage="0" branchCoverage="0" maxCyclomaticComplexity="1" minCyclomaticComplexity="1" maxCrapScore="2" minCrapScore="2" visitedClasses="0" numClasses="0" visitedMethods="0" numMethods="1" />
              <MetadataToken>100663354</MetadataToken>
              <Name>System.Void Xunit.JsonNull::.ctor(System.Int32,System.Int32)</Name>
              <FileRef uid="7" />
              <SequencePoints>
                <SequencePoint vc="0" uspid="727" ordinal="0" offset="0" sl="665" sc="15" el="665" ec="33" bec="0" bev="0" fileid="7" />
                <SequencePoint vc="0" uspid="728" ordinal="1" offset="9" sl="666" sc="9" el="666" ec="10" bec="0" bev="0" fileid="7" />
                <SequencePoint vc="0" uspid="729" ordinal="2" offset="10" sl="667" sc="9" el="667" ec="10" bec="0" bev="0" fileid="7" />
              </SequencePoints>
              <BranchPoints />
              <MethodPoint xsi:type="SequencePoint" vc="0" uspid="727" ordinal="0" offset="0" sl="665" sc="15" el="665" ec="33" bec="0" bev="0" fileid="7" />
            </Method>
          </Methods>
        </Class>
        <Class>
          <Summary numSequencePoints="19" visitedSequencePoints="0" numBranchPoints="3" visitedBranchPoints="0" sequenceCoverage="0" branchCoverage="0" maxCyclomaticComplexity="1" minCyclomaticComplexity="1" maxCrapScore="2" minCrapScore="2" visitedClasses="0" numClasses="1" visitedMethods="0" numMethods="3" />
          <FullName>Xunit.JsonNumber</FullName>
          <Methods>
            <Method visited="false" cyclomaticComplexity="1" nPathComplexity="0" sequenceCoverage="0" branchCoverage="0" crapScore="2" isConstructor="false" isStatic="false" isGetter="true" isSetter="false">
              <Summary numSequencePoints="3" visitedSequencePoints="0" numBranchPoints="1" visitedBranchPoints="0" sequenceCoverage="0" branchCoverage="0" maxCyclomaticComplexity="1" minCyclomaticComplexity="1" maxCrapScore="2" minCrapScore="2" visitedClasses="0" numClasses="0" visitedMethods="0" numMethods="1" />
              <MetadataToken>100663356</MetadataToken>
              <Name>System.Double Xunit.JsonNumber::get_Double()</Name>
              <FileRef uid="7" />
              <SequencePoints>
                <SequencePoint vc="0" uspid="730" ordinal="0" offset="0" sl="703" sc="17" el="703" ec="18" bec="0" bev="0" fileid="7" />
                <SequencePoint vc="0" uspid="731" ordinal="1" offset="1" sl="703" sc="19" el="703" ec="34" bec="0" bev="0" fileid="7" />
                <SequencePoint vc="0" uspid="732" ordinal="2" offset="10" sl="703" sc="35" el="703" ec="36" bec="0" bev="0" fileid="7" />
              </SequencePoints>
              <BranchPoints />
              <MethodPoint xsi:type="SequencePoint" vc="0" uspid="730" ordinal="0" offset="0" sl="703" sc="17" el="703" ec="18" bec="0" bev="0" fileid="7" />
            </Method>
            <Method visited="false" cyclomaticComplexity="1" nPathComplexity="0" sequenceCoverage="0" branchCoverage="0" crapScore="2" isConstructor="false" isStatic="false" isGetter="true" isSetter="false">
              <Summary numSequencePoints="3" visitedSequencePoints="0" numBranchPoints="1" visitedBranchPoints="0" sequenceCoverage="0" branchCoverage="0" maxCyclomaticComplexity="1" minCyclomaticComplexity="1" maxCrapScore="2" minCrapScore="2" visitedClasses="0" numClasses="0" visitedMethods="0" numMethods="1" />
              <MetadataToken>100663357</MetadataToken>
              <Name>System.String Xunit.JsonNumber::get_Raw()</Name>
              <FileRef uid="7" />
              <SequencePoints>
                <SequencePoint vc="0" uspid="733" ordinal="0" offset="0" sl="708" sc="17" el="708" ec="18" bec="0" bev="0" fileid="7" />
                <SequencePoint vc="0" uspid="734" ordinal="1" offset="1" sl="708" sc="19" el="708" ec="31" bec="0" bev="0" fileid="7" />
                <SequencePoint vc="0" uspid="735" ordinal="2" offset="10" sl="708" sc="32" el="708" ec="33" bec="0" bev="0" fileid="7" />
              </SequencePoints>
              <BranchPoints />
              <MethodPoint xsi:type="SequencePoint" vc="0" uspid="733" ordinal="0" offset="0" sl="708" sc="17" el="708" ec="18" bec="0" bev="0" fileid="7" />
            </Method>
            <Method visited="false" cyclomaticComplexity="1" nPathComplexity="0" sequenceCoverage="0" branchCoverage="0" crapScore="2" isConstructor="true" isStatic="false" isGetter="false" isSetter="false">
              <Summary numSequencePoints="13" visitedSequencePoints="0" numBranchPoints="1" visitedBranchPoints="0" sequenceCoverage="0" branchCoverage="0" maxCyclomaticComplexity="1" minCyclomaticComplexity="1" maxCrapScore="2" minCrapScore="2" visitedClasses="0" numClasses="0" visitedMethods="0" numMethods="1" />
              <MetadataToken>100663355</MetadataToken>
              <Name>System.Void Xunit.JsonNumber::.ctor(Xunit.JsonToken)</Name>
              <FileRef uid="7" />
              <SequencePoints>
                <SequencePoint vc="0" uspid="736" ordinal="0" offset="0" sl="676" sc="15" el="676" ec="45" bec="0" bev="0" fileid="7" />
                <SequencePoint vc="0" uspid="737" ordinal="1" offset="19" sl="677" sc="9" el="677" ec="10" bec="0" bev="0" fileid="7" />
                <SequencePoint vc="0" uspid="738" ordinal="2" offset="20" sl="679" sc="13" el="679" ec="14" bec="0" bev="0" fileid="7" />
                <SequencePoint vc="0" uspid="739" ordinal="3" offset="21" sl="680" sc="17" el="680" ec="36" bec="0" bev="0" fileid="7" />
                <SequencePoint vc="0" uspid="740" ordinal="4" offset="33" sl="681" sc="17" el="681" ec="66" bec="0" bev="0" fileid="7" />
                <SequencePoint vc="0" uspid="741" ordinal="5" offset="55" sl="682" sc="13" el="682" ec="14" bec="0" bev="0" fileid="7" />
                <SequencePoint vc="0" uspid="742" ordinal="6" offset="58" sl="683" sc="13" el="683" ec="39" bec="0" bev="0" fileid="7" />
                <SequencePoint vc="0" uspid="743" ordinal="7" offset="59" sl="684" sc="13" el="684" ec="14" bec="0" bev="0" fileid="7" />
                <SequencePoint vc="0" uspid="744" ordinal="8" offset="60" sl="685" sc="17" el="689" ec="35" bec="0" bev="0" fileid="7" />
                <SequencePoint vc="0" uspid="745" ordinal="9" offset="90" sl="691" sc="13" el="691" ec="41" bec="0" bev="0" fileid="7" />
                <SequencePoint vc="0" uspid="746" ordinal="10" offset="91" sl="692" sc="13" el="692" ec="14" bec="0" bev="0" fileid="7" />
                <SequencePoint vc="0" uspid="747" ordinal="11" offset="92" sl="693" sc="17" el="697" ec="35" bec="0" bev="0" fileid="7" />
                <SequencePoint vc="0" uspid="748" ordinal="12" offset="122" sl="699" sc="9" el="699" ec="10" bec="0" bev="0" fileid="7" />
              </SequencePoints>
              <BranchPoints />
              <MethodPoint xsi:type="SequencePoint" vc="0" uspid="736" ordinal="0" offset="0" sl="676" sc="15" el="676" ec="45" bec="0" bev="0" fileid="7" />
            </Method>
          </Methods>
        </Class>
        <Class>
          <Summary numSequencePoints="59" visitedSequencePoints="0" numBranchPoints="25" visitedBranchPoints="0" sequenceCoverage="0" branchCoverage="0" maxCyclomaticComplexity="5" minCyclomaticComplexity="1" maxCrapScore="30" minCrapScore="2" visitedClasses="0" numClasses="1" visitedMethods="0" numMethods="9" />
          <FullName>Xunit.JsonObject</FullName>
          <Methods>
            <Method visited="false" cyclomaticComplexity="1" nPathComplexity="0" sequenceCoverage="0" branchCoverage="0" crapScore="2" isConstructor="false" isStatic="false" isGetter="true" isSetter="false">
              <Summary numSequencePoints="3" visitedSequencePoints="0" numBranchPoints="1" visitedBranchPoints="0" sequenceCoverage="0" branchCoverage="0" maxCyclomaticComplexity="1" minCyclomaticComplexity="1" maxCrapScore="2" minCrapScore="2" visitedClasses="0" numClasses="0" visitedMethods="0" numMethods="1" />
              <MetadataToken>100663359</MetadataToken>
              <Name>System.Collections.Generic.ICollection`1&lt;System.String&gt; Xunit.JsonObject::get_Keys()</Name>
              <FileRef uid="7" />
              <SequencePoints>
                <SequencePoint vc="0" uspid="749" ordinal="0" offset="0" sl="729" sc="17" el="729" ec="18" bec="0" bev="0" fileid="7" />
                <SequencePoint vc="0" uspid="750" ordinal="1" offset="1" sl="729" sc="19" el="729" ec="37" bec="0" bev="0" fileid="7" />
                <SequencePoint vc="0" uspid="751" ordinal="2" offset="15" sl="729" sc="38" el="729" ec="39" bec="0" bev="0" fileid="7" />
              </SequencePoints>
              <BranchPoints />
              <MethodPoint xsi:type="SequencePoint" vc="0" uspid="749" ordinal="0" offset="0" sl="729" sc="17" el="729" ec="18" bec="0" bev="0" fileid="7" />
            </Method>
            <Method visited="false" cyclomaticComplexity="2" nPathComplexity="2" sequenceCoverage="0" branchCoverage="0" crapScore="6" isConstructor="true" isStatic="false" isGetter="false" isSetter="false">
              <Summary numSequencePoints="7" visitedSequencePoints="0" numBranchPoints="3" visitedBranchPoints="0" sequenceCoverage="0" branchCoverage="0" maxCyclomaticComplexity="2" minCyclomaticComplexity="2" maxCrapScore="6" minCrapScore="6" visitedClasses="0" numClasses="0" visitedMethods="0" numMethods="1" />
              <MetadataToken>100663358</MetadataToken>
              <Name>System.Void Xunit.JsonObject::.ctor(System.Collections.Generic.IDictionary`2&lt;System.String,Xunit.JsonValue&gt;,System.Int32,System.Int32)</Name>
              <FileRef uid="7" />
              <SequencePoints>
                <SequencePoint vc="0" uspid="752" ordinal="0" offset="0" sl="717" sc="15" el="717" ec="33" bec="0" bev="0" fileid="7" />
                <SequencePoint vc="0" uspid="753" ordinal="1" offset="9" sl="718" sc="9" el="718" ec="10" bec="0" bev="0" fileid="7" />
                <SequencePoint vc="0" uspid="754" ordinal="2" offset="10" sl="719" sc="13" el="719" ec="30" bec="2" bev="0" fileid="7" />
                <SequencePoint vc="0" uspid="755" ordinal="3" offset="18" sl="720" sc="13" el="720" ec="14" bec="0" bev="0" fileid="7" />
                <SequencePoint vc="0" uspid="756" ordinal="4" offset="19" sl="721" sc="17" el="721" ec="63" bec="0" bev="0" fileid="7" />
                <SequencePoint vc="0" uspid="757" ordinal="5" offset="30" sl="724" sc="13" el="724" ec="26" bec="0" bev="0" fileid="7" />
                <SequencePoint vc="0" uspid="758" ordinal="6" offset="37" sl="725" sc="9" el="725" ec="10" bec="0" bev="0" fileid="7" />
              </SequencePoints>
              <BranchPoints>
                <BranchPoint vc="0" uspid="759" ordinal="0" offset="16" sl="719" path="0" offsetend="18" fileid="7" />
                <BranchPoint vc="0" uspid="760" ordinal="1" offset="16" sl="719" path="1" offsetend="30" fileid="7" />
              </BranchPoints>
              <MethodPoint xsi:type="SequencePoint" vc="0" uspid="752" ordinal="0" offset="0" sl="717" sc="15" el="717" ec="33" bec="0" bev="0" fileid="7" />
            </Method>
            <Method visited="false" cyclomaticComplexity="2" nPathComplexity="2" sequenceCoverage="0" branchCoverage="0" crapScore="6" isConstructor="false" isStatic="false" isGetter="false" isSetter="false">
              <Summary numSequencePoints="7" visitedSequencePoints="0" numBranchPoints="3" visitedBranchPoints="0" sequenceCoverage="0" branchCoverage="0" maxCyclomaticComplexity="2" minCyclomaticComplexity="2" maxCrapScore="6" minCrapScore="6" visitedClasses="0" numClasses="0" visitedMethods="0" numMethods="1" />
              <MetadataToken>100663360</MetadataToken>
              <Name>Xunit.JsonValue Xunit.JsonObject::Value(System.String)</Name>
              <FileRef uid="7" />
              <SequencePoints>
                <SequencePoint vc="0" uspid="761" ordinal="0" offset="0" sl="733" sc="9" el="733" ec="10" bec="0" bev="0" fileid="7" />
                <SequencePoint vc="0" uspid="762" ordinal="1" offset="1" sl="735" sc="13" el="735" ec="53" bec="2" bev="0" fileid="7" />
                <SequencePoint vc="0" uspid="763" ordinal="2" offset="22" sl="736" sc="13" el="736" ec="14" bec="0" bev="0" fileid="7" />
                <SequencePoint vc="0" uspid="764" ordinal="3" offset="23" sl="737" sc="17" el="737" ec="31" bec="0" bev="0" fileid="7" />
                <SequencePoint vc="0" uspid="765" ordinal="4" offset="25" sl="738" sc="13" el="738" ec="14" bec="0" bev="0" fileid="7" />
                <SequencePoint vc="0" uspid="766" ordinal="5" offset="26" sl="740" sc="13" el="740" ec="27" bec="0" bev="0" fileid="7" />
                <SequencePoint vc="0" uspid="767" ordinal="6" offset="30" sl="741" sc="9" el="741" ec="10" bec="0" bev="0" fileid="7" />
              </SequencePoints>
              <BranchPoints>
                <BranchPoint vc="0" uspid="768" ordinal="0" offset="20" sl="735" path="0" offsetend="22" fileid="7" />
                <BranchPoint vc="0" uspid="769" ordinal="1" offset="20" sl="735" path="1" offsetend="26" fileid="7" />
              </BranchPoints>
              <MethodPoint xsi:type="SequencePoint" vc="0" uspid="761" ordinal="0" offset="0" sl="733" sc="9" el="733" ec="10" bec="0" bev="0" fileid="7" />
            </Method>
            <Method visited="false" cyclomaticComplexity="1" nPathComplexity="0" sequenceCoverage="0" branchCoverage="0" crapScore="2" isConstructor="false" isStatic="false" isGetter="false" isSetter="false">
              <Summary numSequencePoints="3" visitedSequencePoints="0" numBranchPoints="1" visitedBranchPoints="0" sequenceCoverage="0" branchCoverage="0" maxCyclomaticComplexity="1" minCyclomaticComplexity="1" maxCrapScore="2" minCrapScore="2" visitedClasses="0" numClasses="0" visitedMethods="0" numMethods="1" />
              <MetadataToken>100663361</MetadataToken>
              <Name>Xunit.JsonObject Xunit.JsonObject::ValueAsJsonObject(System.String)</Name>
              <FileRef uid="7" />
              <SequencePoints>
                <SequencePoint vc="0" uspid="770" ordinal="0" offset="0" sl="744" sc="9" el="744" ec="10" bec="0" bev="0" fileid="7" />
                <SequencePoint vc="0" uspid="771" ordinal="1" offset="1" sl="745" sc="13" el="745" ec="45" bec="0" bev="0" fileid="7" />
                <SequencePoint vc="0" uspid="772" ordinal="2" offset="16" sl="746" sc="9" el="746" ec="10" bec="0" bev="0" fileid="7" />
              </SequencePoints>
              <BranchPoints />
              <MethodPoint xsi:type="SequencePoint" vc="0" uspid="770" ordinal="0" offset="0" sl="744" sc="9" el="744" ec="10" bec="0" bev="0" fileid="7" />
            </Method>
            <Method visited="false" cyclomaticComplexity="1" nPathComplexity="0" sequenceCoverage="0" branchCoverage="0" crapScore="2" isConstructor="false" isStatic="false" isGetter="false" isSetter="false">
              <Summary numSequencePoints="3" visitedSequencePoints="0" numBranchPoints="1" visitedBranchPoints="0" sequenceCoverage="0" branchCoverage="0" maxCyclomaticComplexity="1" minCyclomaticComplexity="1" maxCrapScore="2" minCrapScore="2" visitedClasses="0" numClasses="0" visitedMethods="0" numMethods="1" />
              <MetadataToken>100663362</MetadataToken>
              <Name>Xunit.JsonString Xunit.JsonObject::ValueAsString(System.String)</Name>
              <FileRef uid="7" />
              <SequencePoints>
                <SequencePoint vc="0" uspid="773" ordinal="0" offset="0" sl="749" sc="9" el="749" ec="10" bec="0" bev="0" fileid="7" />
                <SequencePoint vc="0" uspid="774" ordinal="1" offset="1" sl="750" sc="13" el="750" ec="45" bec="0" bev="0" fileid="7" />
                <SequencePoint vc="0" uspid="775" ordinal="2" offset="16" sl="751" sc="9" el="751" ec="10" bec="0" bev="0" fileid="7" />
              </SequencePoints>
              <BranchPoints />
              <MethodPoint xsi:type="SequencePoint" vc="0" uspid="773" ordinal="0" offset="0" sl="749" sc="9" el="749" ec="10" bec="0" bev="0" fileid="7" />
            </Method>
            <Method visited="false" cyclomaticComplexity="2" nPathComplexity="2" sequenceCoverage="0" branchCoverage="0" crapScore="6" isConstructor="false" isStatic="false" isGetter="false" isSetter="false">
              <Summary numSequencePoints="7" visitedSequencePoints="0" numBranchPoints="3" visitedBranchPoints="0" sequenceCoverage="0" branchCoverage="0" maxCyclomaticComplexity="2" minCyclomaticComplexity="2" maxCrapScore="6" minCrapScore="6" visitedClasses="0" numClasses="0" visitedMethods="0" numMethods="1" />
              <MetadataToken>100663363</MetadataToken>
              <Name>System.Int32 Xunit.JsonObject::ValueAsInt(System.String)</Name>
              <FileRef uid="7" />
              <SequencePoints>
                <SequencePoint vc="0" uspid="776" ordinal="0" offset="0" sl="754" sc="9" el="754" ec="10" bec="0" bev="0" fileid="7" />
                <SequencePoint vc="0" uspid="777" ordinal="1" offset="1" sl="755" sc="13" el="755" ec="51" bec="0" bev="0" fileid="7" />
                <SequencePoint vc="0" uspid="778" ordinal="2" offset="14" sl="756" sc="13" el="756" ec="32" bec="2" bev="0" fileid="7" />
                <SequencePoint vc="0" uspid="779" ordinal="3" offset="22" sl="757" sc="13" el="757" ec="14" bec="0" bev="0" fileid="7" />
                <SequencePoint vc="0" uspid="780" ordinal="4" offset="23" sl="758" sc="17" el="758" ec="45" bec="0" bev="0" fileid="7" />
                <SequencePoint vc="0" uspid="781" ordinal="5" offset="29" sl="760" sc="13" el="760" ec="48" bec="0" bev="0" fileid="7" />
                <SequencePoint vc="0" uspid="782" ordinal="6" offset="43" sl="761" sc="9" el="761" ec="10" bec="0" bev="0" fileid="7" />
              </SequencePoints>
              <BranchPoints>
                <BranchPoint vc="0" uspid="783" ordinal="0" offset="20" sl="756" path="0" offsetend="22" fileid="7" />
                <BranchPoint vc="0" uspid="784" ordinal="1" offset="20" sl="756" path="1" offsetend="29" fileid="7" />
              </BranchPoints>
              <MethodPoint xsi:type="SequencePoint" vc="0" uspid="776" ordinal="0" offset="0" sl="754" sc="9" el="754" ec="10" bec="0" bev="0" fileid="7" />
            </Method>
            <Method visited="false" cyclomaticComplexity="2" nPathComplexity="2" sequenceCoverage="0" branchCoverage="0" crapScore="6" isConstructor="false" isStatic="false" isGetter="false" isSetter="false">
              <Summary numSequencePoints="7" visitedSequencePoints="0" numBranchPoints="3" visitedBranchPoints="0" sequenceCoverage="0" branchCoverage="0" maxCyclomaticComplexity="2" minCyclomaticComplexity="2" maxCrapScore="6" minCrapScore="6" visitedClasses="0" numClasses="0" visitedMethods="0" numMethods="1" />
              <MetadataToken>100663364</MetadataToken>
              <Name>System.Boolean Xunit.JsonObject::ValueAsBoolean(System.String,System.Boolean)</Name>
              <FileRef uid="7" />
              <SequencePoints>
                <SequencePoint vc="0" uspid="785" ordinal="0" offset="0" sl="764" sc="9" el="764" ec="10" bec="0" bev="0" fileid="7" />
                <SequencePoint vc="0" uspid="786" ordinal="1" offset="1" sl="765" sc="13" el="765" ec="53" bec="0" bev="0" fileid="7" />
                <SequencePoint vc="0" uspid="787" ordinal="2" offset="14" sl="766" sc="13" el="766" ec="33" bec="2" bev="0" fileid="7" />
                <SequencePoint vc="0" uspid="788" ordinal="3" offset="22" sl="767" sc="13" el="767" ec="14" bec="0" bev="0" fileid="7" />
                <SequencePoint vc="0" uspid="789" ordinal="4" offset="23" sl="768" sc="17" el="768" ec="38" bec="0" bev="0" fileid="7" />
                <SequencePoint vc="0" uspid="790" ordinal="5" offset="32" sl="771" sc="13" el="771" ec="33" bec="0" bev="0" fileid="7" />
                <SequencePoint vc="0" uspid="791" ordinal="6" offset="36" sl="772" sc="9" el="772" ec="10" bec="0" bev="0" fileid="7" />
              </SequencePoints>
              <BranchPoints>
                <BranchPoint vc="0" uspid="792" ordinal="0" offset="20" sl="766" path="0" offsetend="22" fileid="7" />
                <BranchPoint vc="0" uspid="793" ordinal="1" offset="20" sl="766" path="1" offsetend="32" fileid="7" />
              </BranchPoints>
              <MethodPoint xsi:type="SequencePoint" vc="0" uspid="785" ordinal="0" offset="0" sl="764" sc="9" el="764" ec="10" bec="0" bev="0" fileid="7" />
            </Method>
            <Method visited="false" cyclomaticComplexity="2" nPathComplexity="2" sequenceCoverage="0" branchCoverage="0" crapScore="6" isConstructor="false" isStatic="false" isGetter="false" isSetter="false">
              <Summary numSequencePoints="7" visitedSequencePoints="0" numBranchPoints="3" visitedBranchPoints="0" sequenceCoverage="0" branchCoverage="0" maxCyclomaticComplexity="2" minCyclomaticComplexity="2" maxCrapScore="6" minCrapScore="6" visitedClasses="0" numClasses="0" visitedMethods="0" numMethods="1" />
              <MetadataToken>100663365</MetadataToken>
              <Name>System.Nullable`1&lt;System.Boolean&gt; Xunit.JsonObject::ValueAsNullableBoolean(System.String)</Name>
              <FileRef uid="7" />
              <SequencePoints>
                <SequencePoint vc="0" uspid="794" ordinal="0" offset="0" sl="775" sc="9" el="775" ec="10" bec="0" bev="0" fileid="7" />
                <SequencePoint vc="0" uspid="795" ordinal="1" offset="1" sl="776" sc="13" el="776" ec="53" bec="0" bev="0" fileid="7" />
                <SequencePoint vc="0" uspid="796" ordinal="2" offset="14" sl="777" sc="13" el="777" ec="33" bec="2" bev="0" fileid="7" />
                <SequencePoint vc="0" uspid="797" ordinal="3" offset="22" sl="778" sc="13" el="778" ec="14" bec="0" bev="0" fileid="7" />
                <SequencePoint vc="0" uspid="798" ordinal="4" offset="23" sl="779" sc="17" el="779" ec="38" bec="0" bev="0" fileid="7" />
                <SequencePoint vc="0" uspid="799" ordinal="5" offset="37" sl="782" sc="13" el="782" ec="25" bec="0" bev="0" fileid="7" />
                <SequencePoint vc="0" uspid="800" ordinal="6" offset="49" sl="783" sc="9" el="783" ec="10" bec="0" bev="0" fileid="7" />
              </SequencePoints>
              <BranchPoints>
                <BranchPoint vc="0" uspid="801" ordinal="0" offset="20" sl="777" path="0" offsetend="22" fileid="7" />
                <BranchPoint vc="0" uspid="802" ordinal="1" offset="20" sl="777" path="1" offsetend="37" fileid="7" />
              </BranchPoints>
              <MethodPoint xsi:type="SequencePoint" vc="0" uspid="794" ordinal="0" offset="0" sl="775" sc="9" el="775" ec="10" bec="0" bev="0" fileid="7" />
            </Method>
            <Method visited="false" cyclomaticComplexity="5" nPathComplexity="8" sequenceCoverage="0" branchCoverage="0" crapScore="30" isConstructor="false" isStatic="false" isGetter="false" isSetter="false">
              <Summary numSequencePoints="15" visitedSequencePoints="0" numBranchPoints="7" visitedBranchPoints="0" sequenceCoverage="0" branchCoverage="0" maxCyclomaticComplexity="5" minCyclomaticComplexity="5" maxCrapScore="30" minCrapScore="30" visitedClasses="0" numClasses="0" visitedMethods="0" numMethods="1" />
              <MetadataToken>100663366</MetadataToken>
              <Name>System.String[] Xunit.JsonObject::ValueAsStringArray(System.String)</Name>
              <FileRef uid="7" />
              <SequencePoints>
                <SequencePoint vc="0" uspid="803" ordinal="0" offset="0" sl="786" sc="9" el="786" ec="10" bec="0" bev="0" fileid="7" />
                <SequencePoint vc="0" uspid="804" ordinal="1" offset="1" sl="787" sc="13" el="787" ec="48" bec="0" bev="0" fileid="7" />
                <SequencePoint vc="0" uspid="805" ordinal="2" offset="14" sl="788" sc="13" el="788" ec="30" bec="2" bev="0" fileid="7" />
                <SequencePoint vc="0" uspid="806" ordinal="3" offset="22" sl="789" sc="13" el="789" ec="14" bec="0" bev="0" fileid="7" />
                <SequencePoint vc="0" uspid="807" ordinal="4" offset="23" sl="790" sc="17" el="790" ec="29" bec="0" bev="0" fileid="7" />
                <SequencePoint vc="0" uspid="808" ordinal="5" offset="27" sl="793" sc="13" el="793" ec="50" bec="0" bev="0" fileid="7" />
                <SequencePoint vc="0" uspid="809" ordinal="6" offset="39" sl="795" sc="18" el="795" ec="27" bec="0" bev="0" fileid="7" />
                <SequencePoint vc="0" uspid="810" ordinal="7" offset="44" sl="796" sc="13" el="796" ec="14" bec="0" bev="0" fileid="7" />
                <SequencePoint vc="0" uspid="811" ordinal="8" offset="45" sl="797" sc="17" el="797" ec="56" bec="0" bev="0" fileid="7" />
                <SequencePoint vc="0" uspid="812" ordinal="9" offset="60" sl="798" sc="17" el="798" ec="52" bec="2" bev="0" fileid="7" />
                <SequencePoint vc="0" uspid="813" ordinal="10" offset="78" sl="799" sc="13" el="799" ec="14" bec="0" bev="0" fileid="7" />
                <SequencePoint vc="0" uspid="814" ordinal="11" offset="79" sl="795" sc="46" el="795" ec="49" bec="0" bev="0" fileid="7" />
                <SequencePoint vc="0" uspid="815" ordinal="12" offset="85" sl="795" sc="29" el="795" ec="44" bec="2" bev="0" fileid="7" />
                <SequencePoint vc="0" uspid="816" ordinal="13" offset="101" sl="801" sc="13" el="801" ec="27" bec="0" bev="0" fileid="7" />
                <SequencePoint vc="0" uspid="817" ordinal="14" offset="105" sl="802" sc="9" el="802" ec="10" bec="0" bev="0" fileid="7" />
              </SequencePoints>
              <BranchPoints>
                <BranchPoint vc="0" uspid="818" ordinal="0" offset="20" sl="788" path="0" offsetend="22" fileid="7" />
                <BranchPoint vc="0" uspid="819" ordinal="1" offset="20" sl="788" path="1" offsetend="27" fileid="7" />
                <BranchPoint vc="0" uspid="820" ordinal="2" offset="65" sl="798" path="0" offsetend="67" fileid="7" />
                <BranchPoint vc="0" uspid="821" ordinal="3" offset="65" sl="798" path="1" offsetend="70" fileid="7" />
                <BranchPoint vc="0" uspid="822" ordinal="4" offset="99" sl="795" path="0" offsetend="101" fileid="7" />
                <BranchPoint vc="0" uspid="823" ordinal="5" offset="99" sl="795" path="1" offsetend="44" fileid="7" />
              </BranchPoints>
              <MethodPoint xsi:type="SequencePoint" vc="0" uspid="803" ordinal="0" offset="0" sl="786" sc="9" el="786" ec="10" bec="0" bev="0" fileid="7" />
            </Method>
          </Methods>
        </Class>
        <Class>
          <Summary numSequencePoints="20" visitedSequencePoints="0" numBranchPoints="8" visitedBranchPoints="0" sequenceCoverage="0" branchCoverage="0" maxCyclomaticComplexity="2" minCyclomaticComplexity="1" maxCrapScore="6" minCrapScore="2" visitedClasses="0" numClasses="1" visitedMethods="0" numMethods="4" />
          <FullName>Xunit.JsonString</FullName>
          <Methods>
            <Method visited="false" cyclomaticComplexity="1" nPathComplexity="0" sequenceCoverage="0" branchCoverage="0" crapScore="2" isConstructor="false" isStatic="false" isGetter="true" isSetter="false">
              <Summary numSequencePoints="3" visitedSequencePoints="0" numBranchPoints="1" visitedBranchPoints="0" sequenceCoverage="0" branchCoverage="0" maxCyclomaticComplexity="1" minCyclomaticComplexity="1" maxCrapScore="2" minCrapScore="2" visitedClasses="0" numClasses="0" visitedMethods="0" numMethods="1" />
              <MetadataToken>100663368</MetadataToken>
              <Name>System.String Xunit.JsonString::get_Value()</Name>
              <FileRef uid="7" />
              <SequencePoints>
                <SequencePoint vc="0" uspid="824" ordinal="0" offset="0" sl="822" sc="17" el="822" ec="18" bec="0" bev="0" fileid="7" />
                <SequencePoint vc="0" uspid="825" ordinal="1" offset="1" sl="822" sc="19" el="822" ec="33" bec="0" bev="0" fileid="7" />
                <SequencePoint vc="0" uspid="826" ordinal="2" offset="10" sl="822" sc="34" el="822" ec="35" bec="0" bev="0" fileid="7" />
              </SequencePoints>
              <BranchPoints />
              <MethodPoint xsi:type="SequencePoint" vc="0" uspid="824" ordinal="0" offset="0" sl="822" sc="17" el="822" ec="18" bec="0" bev="0" fileid="7" />
            </Method>
            <Method visited="false" cyclomaticComplexity="2" nPathComplexity="2" sequenceCoverage="0" branchCoverage="0" crapScore="6" isConstructor="true" isStatic="false" isGetter="false" isSetter="false">
              <Summary numSequencePoints="7" visitedSequencePoints="0" numBranchPoints="3" visitedBranchPoints="0" sequenceCoverage="0" branchCoverage="0" maxCyclomaticComplexity="2" minCyclomaticComplexity="2" maxCrapScore="6" minCrapScore="6" visitedClasses="0" numClasses="0" visitedMethods="0" numMethods="1" />
              <MetadataToken>100663367</MetadataToken>
              <Name>System.Void Xunit.JsonString::.ctor(System.String,System.Int32,System.Int32)</Name>
              <FileRef uid="7" />
              <SequencePoints>
                <SequencePoint vc="0" uspid="827" ordinal="0" offset="0" sl="810" sc="15" el="810" ec="33" bec="0" bev="0" fileid="7" />
                <SequencePoint vc="0" uspid="828" ordinal="1" offset="9" sl="811" sc="9" el="811" ec="10" bec="0" bev="0" fileid="7" />
                <SequencePoint vc="0" uspid="829" ordinal="2" offset="10" sl="812" sc="13" el="812" ec="31" bec="2" bev="0" fileid="7" />
                <SequencePoint vc="0" uspid="830" ordinal="3" offset="18" sl="813" sc="13" el="813" ec="14" bec="0" bev="0" fileid="7" />
                <SequencePoint vc="0" uspid="831" ordinal="4" offset="19" sl="814" sc="17" el="814" ec="64" bec="0" bev="0" fileid="7" />
                <SequencePoint vc="0" uspid="832" ordinal="5" offset="30" sl="817" sc="13" el="817" ec="28" bec="0" bev="0" fileid="7" />
                <SequencePoint vc="0" uspid="833" ordinal="6" offset="37" sl="818" sc="9" el="818" ec="10" bec="0" bev="0" fileid="7" />
              </SequencePoints>
              <BranchPoints>
                <BranchPoint vc="0" uspid="834" ordinal="0" offset="16" sl="812" path="0" offsetend="18" fileid="7" />
                <BranchPoint vc="0" uspid="835" ordinal="1" offset="16" sl="812" path="1" offsetend="30" fileid="7" />
              </BranchPoints>
              <MethodPoint xsi:type="SequencePoint" vc="0" uspid="827" ordinal="0" offset="0" sl="810" sc="15" el="810" ec="33" bec="0" bev="0" fileid="7" />
            </Method>
            <Method visited="false" cyclomaticComplexity="1" nPathComplexity="0" sequenceCoverage="0" branchCoverage="0" crapScore="2" isConstructor="false" isStatic="false" isGetter="false" isSetter="false">
              <Summary numSequencePoints="3" visitedSequencePoints="0" numBranchPoints="1" visitedBranchPoints="0" sequenceCoverage="0" branchCoverage="0" maxCyclomaticComplexity="1" minCyclomaticComplexity="1" maxCrapScore="2" minCrapScore="2" visitedClasses="0" numClasses="0" visitedMethods="0" numMethods="1" />
              <MetadataToken>100663369</MetadataToken>
              <Name>System.String Xunit.JsonString::ToString()</Name>
              <FileRef uid="7" />
              <SequencePoints>
                <SequencePoint vc="0" uspid="836" ordinal="0" offset="0" sl="826" sc="9" el="826" ec="10" bec="0" bev="0" fileid="7" />
                <SequencePoint vc="0" uspid="837" ordinal="1" offset="1" sl="827" sc="13" el="827" ec="27" bec="0" bev="0" fileid="7" />
                <SequencePoint vc="0" uspid="838" ordinal="2" offset="10" sl="828" sc="9" el="828" ec="10" bec="0" bev="0" fileid="7" />
              </SequencePoints>
              <BranchPoints />
              <MethodPoint xsi:type="SequencePoint" vc="0" uspid="836" ordinal="0" offset="0" sl="826" sc="9" el="826" ec="10" bec="0" bev="0" fileid="7" />
            </Method>
            <Method visited="false" cyclomaticComplexity="2" nPathComplexity="2" sequenceCoverage="0" branchCoverage="0" crapScore="6" isConstructor="false" isStatic="true" isGetter="false" isSetter="false">
              <Summary numSequencePoints="7" visitedSequencePoints="0" numBranchPoints="3" visitedBranchPoints="0" sequenceCoverage="0" branchCoverage="0" maxCyclomaticComplexity="2" minCyclomaticComplexity="2" maxCrapScore="6" minCrapScore="6" visitedClasses="0" numClasses="0" visitedMethods="0" numMethods="1" />
              <MetadataToken>100663370</MetadataToken>
              <Name>System.String Xunit.JsonString::op_Implicit(Xunit.JsonString)</Name>
              <FileRef uid="7" />
              <SequencePoints>
                <SequencePoint vc="0" uspid="839" ordinal="0" offset="0" sl="831" sc="9" el="831" ec="10" bec="0" bev="0" fileid="7" />
                <SequencePoint vc="0" uspid="840" ordinal="1" offset="1" sl="832" sc="13" el="832" ec="34" bec="2" bev="0" fileid="7" />
                <SequencePoint vc="0" uspid="841" ordinal="2" offset="9" sl="833" sc="13" el="833" ec="14" bec="0" bev="0" fileid="7" />
                <SequencePoint vc="0" uspid="842" ordinal="3" offset="10" sl="834" sc="17" el="834" ec="29" bec="0" bev="0" fileid="7" />
                <SequencePoint vc="0" uspid="843" ordinal="4" offset="14" sl="837" sc="13" el="837" ec="14" bec="0" bev="0" fileid="7" />
                <SequencePoint vc="0" uspid="844" ordinal="5" offset="15" sl="838" sc="17" el="838" ec="39" bec="0" bev="0" fileid="7" />
                <SequencePoint vc="0" uspid="845" ordinal="6" offset="24" sl="840" sc="9" el="840" ec="10" bec="0" bev="0" fileid="7" />
              </SequencePoints>
              <BranchPoints>
                <BranchPoint vc="0" uspid="846" ordinal="0" offset="7" sl="832" path="0" offsetend="9" fileid="7" />
                <BranchPoint vc="0" uspid="847" ordinal="1" offset="7" sl="832" path="1" offsetend="14" fileid="7" />
              </BranchPoints>
              <MethodPoint xsi:type="SequencePoint" vc="0" uspid="839" ordinal="0" offset="0" sl="831" sc="9" el="831" ec="10" bec="0" bev="0" fileid="7" />
            </Method>
          </Methods>
        </Class>
        <Class>
          <Summary numSequencePoints="7" visitedSequencePoints="0" numBranchPoints="3" visitedBranchPoints="0" sequenceCoverage="0" branchCoverage="0" maxCyclomaticComplexity="1" minCyclomaticComplexity="1" maxCrapScore="2" minCrapScore="2" visitedClasses="0" numClasses="1" visitedMethods="0" numMethods="3" />
          <FullName>Xunit.JsonValue</FullName>
          <Methods>
            <Method visited="false" cyclomaticComplexity="1" nPathComplexity="0" sequenceCoverage="0" branchCoverage="0" crapScore="2" isConstructor="false" isStatic="false" isGetter="true" isSetter="false">
              <Summary numSequencePoints="1" visitedSequencePoints="0" numBranchPoints="1" visitedBranchPoints="0" sequenceCoverage="0" branchCoverage="0" maxCyclomaticComplexity="1" minCyclomaticComplexity="1" maxCrapScore="2" minCrapScore="2" visitedClasses="0" numClasses="0" visitedMethods="0" numMethods="1" />
              <MetadataToken>100663372</MetadataToken>
              <Name>System.Int32 Xunit.JsonValue::get_Line()</Name>
              <FileRef uid="7" />
              <SequencePoints>
                <SequencePoint vc="0" uspid="848" ordinal="0" offset="0" sl="875" sc="27" el="875" ec="31" bec="0" bev="0" fileid="7" />
              </SequencePoints>
              <BranchPoints />
              <MethodPoint xsi:type="SequencePoint" vc="0" uspid="848" ordinal="0" offset="0" sl="875" sc="27" el="875" ec="31" bec="0" bev="0" fileid="7" />
            </Method>
            <Method visited="false" cyclomaticComplexity="1" nPathComplexity="0" sequenceCoverage="0" branchCoverage="0" crapScore="2" isConstructor="false" isStatic="false" isGetter="true" isSetter="false">
              <Summary numSequencePoints="1" visitedSequencePoints="0" numBranchPoints="1" visitedBranchPoints="0" sequenceCoverage="0" branchCoverage="0" maxCyclomaticComplexity="1" minCyclomaticComplexity="1" maxCrapScore="2" minCrapScore="2" visitedClasses="0" numClasses="0" visitedMethods="0" numMethods="1" />
              <MetadataToken>100663373</MetadataToken>
              <Name>System.Int32 Xunit.JsonValue::get_Column()</Name>
              <FileRef uid="7" />
              <SequencePoints>
                <SequencePoint vc="0" uspid="849" ordinal="0" offset="0" sl="877" sc="29" el="877" ec="33" bec="0" bev="0" fileid="7" />
              </SequencePoints>
              <BranchPoints />
              <MethodPoint xsi:type="SequencePoint" vc="0" uspid="849" ordinal="0" offset="0" sl="877" sc="29" el="877" ec="33" bec="0" bev="0" fileid="7" />
            </Method>
            <Method visited="false" cyclomaticComplexity="1" nPathComplexity="0" sequenceCoverage="0" branchCoverage="0" crapScore="2" isConstructor="true" isStatic="false" isGetter="false" isSetter="false">
              <Summary numSequencePoints="5" visitedSequencePoints="0" numBranchPoints="1" visitedBranchPoints="0" sequenceCoverage="0" branchCoverage="0" maxCyclomaticComplexity="1" minCyclomaticComplexity="1" maxCrapScore="2" minCrapScore="2" visitedClasses="0" numClasses="0" visitedMethods="0" numMethods="1" />
              <MetadataToken>100663371</MetadataToken>
              <Name>System.Void Xunit.JsonValue::.ctor(System.Int32,System.Int32)</Name>
              <FileRef uid="7" />
              <SequencePoints>
                <SequencePoint vc="0" uspid="850" ordinal="0" offset="0" sl="869" sc="9" el="869" ec="47" bec="0" bev="0" fileid="7" />
                <SequencePoint vc="0" uspid="851" ordinal="1" offset="7" sl="870" sc="9" el="870" ec="10" bec="0" bev="0" fileid="7" />
                <SequencePoint vc="0" uspid="852" ordinal="2" offset="8" sl="871" sc="13" el="871" ec="25" bec="0" bev="0" fileid="7" />
                <SequencePoint vc="0" uspid="853" ordinal="3" offset="15" sl="872" sc="13" el="872" ec="29" bec="0" bev="0" fileid="7" />
                <SequencePoint vc="0" uspid="854" ordinal="4" offset="22" sl="873" sc="9" el="873" ec="10" bec="0" bev="0" fileid="7" />
              </SequencePoints>
              <BranchPoints />
              <MethodPoint xsi:type="SequencePoint" vc="0" uspid="850" ordinal="0" offset="0" sl="869" sc="9" el="869" ec="47" bec="0" bev="0" fileid="7" />
            </Method>
          </Methods>
        </Class>
        <Class>
          <Summary numSequencePoints="276" visitedSequencePoints="0" numBranchPoints="172" visitedBranchPoints="0" sequenceCoverage="0" branchCoverage="0" maxCyclomaticComplexity="59" minCyclomaticComplexity="1" maxCrapScore="3540" minCrapScore="2" visitedClasses="0" numClasses="1" visitedMethods="0" numMethods="40" />
          <FullName>Xunit.ConsoleClient.CommandLine</FullName>
          <Methods>
            <Method visited="false" cyclomaticComplexity="1" nPathComplexity="0" sequenceCoverage="0" branchCoverage="0" crapScore="2" isConstructor="false" isStatic="false" isGetter="true" isSetter="false">
              <Summary numSequencePoints="1" visitedSequencePoints="0" numBranchPoints="1" visitedBranchPoints="0" sequenceCoverage="0" branchCoverage="0" maxCyclomaticComplexity="1" minCyclomaticComplexity="1" maxCrapScore="2" minCrapScore="2" visitedClasses="0" numClasses="0" visitedMethods="0" numMethods="1" />
              <MetadataToken>100663375</MetadataToken>
              <Name>System.Boolean Xunit.ConsoleClient.CommandLine::get_Debug()</Name>
              <FileRef uid="18" />
              <SequencePoints>
                <SequencePoint vc="0" uspid="855" ordinal="0" offset="0" sl="27" sc="29" el="27" ec="33" bec="0" bev="0" fileid="18" />
              </SequencePoints>
              <BranchPoints />
              <MethodPoint xsi:type="SequencePoint" vc="0" uspid="855" ordinal="0" offset="0" sl="27" sc="29" el="27" ec="33" bec="0" bev="0" fileid="18" />
            </Method>
            <Method visited="false" cyclomaticComplexity="1" nPathComplexity="0" sequenceCoverage="0" branchCoverage="0" crapScore="2" isConstructor="false" isStatic="false" isGetter="false" isSetter="true">
              <Summary numSequencePoints="1" visitedSequencePoints="0" numBranchPoints="1" visitedBranchPoints="0" sequenceCoverage="0" branchCoverage="0" maxCyclomaticComplexity="1" minCyclomaticComplexity="1" maxCrapScore="2" minCrapScore="2" visitedClasses="0" numClasses="0" visitedMethods="0" numMethods="1" />
              <MetadataToken>100663376</MetadataToken>
              <Name>System.Void Xunit.ConsoleClient.CommandLine::set_Debug(System.Boolean)</Name>
              <FileRef uid="18" />
              <SequencePoints>
                <SequencePoint vc="0" uspid="856" ordinal="0" offset="0" sl="27" sc="34" el="27" ec="48" bec="0" bev="0" fileid="18" />
              </SequencePoints>
              <BranchPoints />
              <MethodPoint xsi:type="SequencePoint" vc="0" uspid="856" ordinal="0" offset="0" sl="27" sc="34" el="27" ec="48" bec="0" bev="0" fileid="18" />
            </Method>
            <Method visited="false" cyclomaticComplexity="1" nPathComplexity="0" sequenceCoverage="0" branchCoverage="0" crapScore="2" isConstructor="false" isStatic="false" isGetter="true" isSetter="false">
              <Summary numSequencePoints="1" visitedSequencePoints="0" numBranchPoints="1" visitedBranchPoints="0" sequenceCoverage="0" branchCoverage="0" maxCyclomaticComplexity="1" minCyclomaticComplexity="1" maxCrapScore="2" minCrapScore="2" visitedClasses="0" numClasses="0" visitedMethods="0" numMethods="1" />
              <MetadataToken>100663377</MetadataToken>
              <Name>System.Boolean Xunit.ConsoleClient.CommandLine::get_DiagnosticMessages()</Name>
              <FileRef uid="18" />
              <SequencePoints>
                <SequencePoint vc="0" uspid="857" ordinal="0" offset="0" sl="29" sc="42" el="29" ec="46" bec="0" bev="0" fileid="18" />
              </SequencePoints>
              <BranchPoints />
              <MethodPoint xsi:type="SequencePoint" vc="0" uspid="857" ordinal="0" offset="0" sl="29" sc="42" el="29" ec="46" bec="0" bev="0" fileid="18" />
            </Method>
            <Method visited="false" cyclomaticComplexity="1" nPathComplexity="0" sequenceCoverage="0" branchCoverage="0" crapScore="2" isConstructor="false" isStatic="false" isGetter="false" isSetter="true">
              <Summary numSequencePoints="1" visitedSequencePoints="0" numBranchPoints="1" visitedBranchPoints="0" sequenceCoverage="0" branchCoverage="0" maxCyclomaticComplexity="1" minCyclomaticComplexity="1" maxCrapScore="2" minCrapScore="2" visitedClasses="0" numClasses="0" visitedMethods="0" numMethods="1" />
              <MetadataToken>100663378</MetadataToken>
              <Name>System.Void Xunit.ConsoleClient.CommandLine::set_DiagnosticMessages(System.Boolean)</Name>
              <FileRef uid="18" />
              <SequencePoints>
                <SequencePoint vc="0" uspid="858" ordinal="0" offset="0" sl="29" sc="47" el="29" ec="61" bec="0" bev="0" fileid="18" />
              </SequencePoints>
              <BranchPoints />
              <MethodPoint xsi:type="SequencePoint" vc="0" uspid="858" ordinal="0" offset="0" sl="29" sc="47" el="29" ec="61" bec="0" bev="0" fileid="18" />
            </Method>
            <Method visited="false" cyclomaticComplexity="1" nPathComplexity="0" sequenceCoverage="0" branchCoverage="0" crapScore="2" isConstructor="false" isStatic="false" isGetter="true" isSetter="false">
              <Summary numSequencePoints="1" visitedSequencePoints="0" numBranchPoints="1" visitedBranchPoints="0" sequenceCoverage="0" branchCoverage="0" maxCyclomaticComplexity="1" minCyclomaticComplexity="1" maxCrapScore="2" minCrapScore="2" visitedClasses="0" numClasses="0" visitedMethods="0" numMethods="1" />
              <MetadataToken>100663379</MetadataToken>
              <Name>System.Boolean Xunit.ConsoleClient.CommandLine::get_InternalDiagnosticMessages()</Name>
              <FileRef uid="18" />
              <SequencePoints>
                <SequencePoint vc="0" uspid="859" ordinal="0" offset="0" sl="31" sc="50" el="31" ec="54" bec="0" bev="0" fileid="18" />
              </SequencePoints>
              <BranchPoints />
              <MethodPoint xsi:type="SequencePoint" vc="0" uspid="859" ordinal="0" offset="0" sl="31" sc="50" el="31" ec="54" bec="0" bev="0" fileid="18" />
            </Method>
            <Method visited="false" cyclomaticComplexity="1" nPathComplexity="0" sequenceCoverage="0" branchCoverage="0" crapScore="2" isConstructor="false" isStatic="false" isGetter="false" isSetter="true">
              <Summary numSequencePoints="1" visitedSequencePoints="0" numBranchPoints="1" visitedBranchPoints="0" sequenceCoverage="0" branchCoverage="0" maxCyclomaticComplexity="1" minCyclomaticComplexity="1" maxCrapScore="2" minCrapScore="2" visitedClasses="0" numClasses="0" visitedMethods="0" numMethods="1" />
              <MetadataToken>100663380</MetadataToken>
              <Name>System.Void Xunit.ConsoleClient.CommandLine::set_InternalDiagnosticMessages(System.Boolean)</Name>
              <FileRef uid="18" />
              <SequencePoints>
                <SequencePoint vc="0" uspid="860" ordinal="0" offset="0" sl="31" sc="55" el="31" ec="69" bec="0" bev="0" fileid="18" />
              </SequencePoints>
              <BranchPoints />
              <MethodPoint xsi:type="SequencePoint" vc="0" uspid="860" ordinal="0" offset="0" sl="31" sc="55" el="31" ec="69" bec="0" bev="0" fileid="18" />
            </Method>
            <Method visited="false" cyclomaticComplexity="1" nPathComplexity="0" sequenceCoverage="0" branchCoverage="0" crapScore="2" isConstructor="false" isStatic="false" isGetter="true" isSetter="false">
              <Summary numSequencePoints="1" visitedSequencePoints="0" numBranchPoints="1" visitedBranchPoints="0" sequenceCoverage="0" branchCoverage="0" maxCyclomaticComplexity="1" minCyclomaticComplexity="1" maxCrapScore="2" minCrapScore="2" visitedClasses="0" numClasses="0" visitedMethods="0" numMethods="1" />
              <MetadataToken>100663381</MetadataToken>
              <Name>System.Boolean Xunit.ConsoleClient.CommandLine::get_FailSkips()</Name>
              <FileRef uid="18" />
              <SequencePoints>
                <SequencePoint vc="0" uspid="861" ordinal="0" offset="0" sl="33" sc="33" el="33" ec="37" bec="0" bev="0" fileid="18" />
              </SequencePoints>
              <BranchPoints />
              <MethodPoint xsi:type="SequencePoint" vc="0" uspid="861" ordinal="0" offset="0" sl="33" sc="33" el="33" ec="37" bec="0" bev="0" fileid="18" />
            </Method>
            <Method visited="false" cyclomaticComplexity="1" nPathComplexity="0" sequenceCoverage="0" branchCoverage="0" crapScore="2" isConstructor="false" isStatic="false" isGetter="false" isSetter="true">
              <Summary numSequencePoints="1" visitedSequencePoints="0" numBranchPoints="1" visitedBranchPoints="0" sequenceCoverage="0" branchCoverage="0" maxCyclomaticComplexity="1" minCyclomaticComplexity="1" maxCrapScore="2" minCrapScore="2" visitedClasses="0" numClasses="0" visitedMethods="0" numMethods="1" />
              <MetadataToken>100663382</MetadataToken>
              <Name>System.Void Xunit.ConsoleClient.CommandLine::set_FailSkips(System.Boolean)</Name>
              <FileRef uid="18" />
              <SequencePoints>
                <SequencePoint vc="0" uspid="862" ordinal="0" offset="0" sl="33" sc="38" el="33" ec="52" bec="0" bev="0" fileid="18" />
              </SequencePoints>
              <BranchPoints />
              <MethodPoint xsi:type="SequencePoint" vc="0" uspid="862" ordinal="0" offset="0" sl="33" sc="38" el="33" ec="52" bec="0" bev="0" fileid="18" />
            </Method>
            <Method visited="false" cyclomaticComplexity="1" nPathComplexity="0" sequenceCoverage="0" branchCoverage="0" crapScore="2" isConstructor="false" isStatic="false" isGetter="true" isSetter="false">
              <Summary numSequencePoints="1" visitedSequencePoints="0" numBranchPoints="1" visitedBranchPoints="0" sequenceCoverage="0" branchCoverage="0" maxCyclomaticComplexity="1" minCyclomaticComplexity="1" maxCrapScore="2" minCrapScore="2" visitedClasses="0" numClasses="0" visitedMethods="0" numMethods="1" />
              <MetadataToken>100663383</MetadataToken>
              <Name>System.Nullable`1&lt;System.Int32&gt; Xunit.ConsoleClient.CommandLine::get_MaxParallelThreads()</Name>
              <FileRef uid="18" />
              <SequencePoints>
                <SequencePoint vc="0" uspid="863" ordinal="0" offset="0" sl="35" sc="42" el="35" ec="46" bec="0" bev="0" fileid="18" />
              </SequencePoints>
              <BranchPoints />
              <MethodPoint xsi:type="SequencePoint" vc="0" uspid="863" ordinal="0" offset="0" sl="35" sc="42" el="35" ec="46" bec="0" bev="0" fileid="18" />
            </Method>
            <Method visited="false" cyclomaticComplexity="1" nPathComplexity="0" sequenceCoverage="0" branchCoverage="0" crapScore="2" isConstructor="false" isStatic="false" isGetter="false" isSetter="true">
              <Summary numSequencePoints="1" visitedSequencePoints="0" numBranchPoints="1" visitedBranchPoints="0" sequenceCoverage="0" branchCoverage="0" maxCyclomaticComplexity="1" minCyclomaticComplexity="1" maxCrapScore="2" minCrapScore="2" visitedClasses="0" numClasses="0" visitedMethods="0" numMethods="1" />
              <MetadataToken>100663384</MetadataToken>
              <Name>System.Void Xunit.ConsoleClient.CommandLine::set_MaxParallelThreads(System.Nullable`1&lt;System.Int32&gt;)</Name>
              <FileRef uid="18" />
              <SequencePoints>
                <SequencePoint vc="0" uspid="864" ordinal="0" offset="0" sl="35" sc="47" el="35" ec="51" bec="0" bev="0" fileid="18" />
              </SequencePoints>
              <BranchPoints />
              <MethodPoint xsi:type="SequencePoint" vc="0" uspid="864" ordinal="0" offset="0" sl="35" sc="47" el="35" ec="51" bec="0" bev="0" fileid="18" />
            </Method>
            <Method visited="false" cyclomaticComplexity="1" nPathComplexity="0" sequenceCoverage="0" branchCoverage="0" crapScore="2" isConstructor="false" isStatic="false" isGetter="true" isSetter="false">
              <Summary numSequencePoints="1" visitedSequencePoints="0" numBranchPoints="1" visitedBranchPoints="0" sequenceCoverage="0" branchCoverage="0" maxCyclomaticComplexity="1" minCyclomaticComplexity="1" maxCrapScore="2" minCrapScore="2" visitedClasses="0" numClasses="0" visitedMethods="0" numMethods="1" />
              <MetadataToken>100663385</MetadataToken>
              <Name>System.Boolean Xunit.ConsoleClient.CommandLine::get_NoAppDomain()</Name>
              <FileRef uid="18" />
              <SequencePoints>
                <SequencePoint vc="0" uspid="865" ordinal="0" offset="0" sl="37" sc="35" el="37" ec="39" bec="0" bev="0" fileid="18" />
              </SequencePoints>
              <BranchPoints />
              <MethodPoint xsi:type="SequencePoint" vc="0" uspid="865" ordinal="0" offset="0" sl="37" sc="35" el="37" ec="39" bec="0" bev="0" fileid="18" />
            </Method>
            <Method visited="false" cyclomaticComplexity="1" nPathComplexity="0" sequenceCoverage="0" branchCoverage="0" crapScore="2" isConstructor="false" isStatic="false" isGetter="false" isSetter="true">
              <Summary numSequencePoints="1" visitedSequencePoints="0" numBranchPoints="1" visitedBranchPoints="0" sequenceCoverage="0" branchCoverage="0" maxCyclomaticComplexity="1" minCyclomaticComplexity="1" maxCrapScore="2" minCrapScore="2" visitedClasses="0" numClasses="0" visitedMethods="0" numMethods="1" />
              <MetadataToken>100663386</MetadataToken>
              <Name>System.Void Xunit.ConsoleClient.CommandLine::set_NoAppDomain(System.Boolean)</Name>
              <FileRef uid="18" />
              <SequencePoints>
                <SequencePoint vc="0" uspid="866" ordinal="0" offset="0" sl="37" sc="40" el="37" ec="54" bec="0" bev="0" fileid="18" />
              </SequencePoints>
              <BranchPoints />
              <MethodPoint xsi:type="SequencePoint" vc="0" uspid="866" ordinal="0" offset="0" sl="37" sc="40" el="37" ec="54" bec="0" bev="0" fileid="18" />
            </Method>
            <Method visited="false" cyclomaticComplexity="1" nPathComplexity="0" sequenceCoverage="0" branchCoverage="0" crapScore="2" isConstructor="false" isStatic="false" isGetter="true" isSetter="false">
              <Summary numSequencePoints="1" visitedSequencePoints="0" numBranchPoints="1" visitedBranchPoints="0" sequenceCoverage="0" branchCoverage="0" maxCyclomaticComplexity="1" minCyclomaticComplexity="1" maxCrapScore="2" minCrapScore="2" visitedClasses="0" numClasses="0" visitedMethods="0" numMethods="1" />
              <MetadataToken>100663387</MetadataToken>
              <Name>System.Boolean Xunit.ConsoleClient.CommandLine::get_NoAutoReporters()</Name>
              <FileRef uid="18" />
              <SequencePoints>
                <SequencePoint vc="0" uspid="867" ordinal="0" offset="0" sl="39" sc="39" el="39" ec="43" bec="0" bev="0" fileid="18" />
              </SequencePoints>
              <BranchPoints />
              <MethodPoint xsi:type="SequencePoint" vc="0" uspid="867" ordinal="0" offset="0" sl="39" sc="39" el="39" ec="43" bec="0" bev="0" fileid="18" />
            </Method>
            <Method visited="false" cyclomaticComplexity="1" nPathComplexity="0" sequenceCoverage="0" branchCoverage="0" crapScore="2" isConstructor="false" isStatic="false" isGetter="false" isSetter="true">
              <Summary numSequencePoints="1" visitedSequencePoints="0" numBranchPoints="1" visitedBranchPoints="0" sequenceCoverage="0" branchCoverage="0" maxCyclomaticComplexity="1" minCyclomaticComplexity="1" maxCrapScore="2" minCrapScore="2" visitedClasses="0" numClasses="0" visitedMethods="0" numMethods="1" />
              <MetadataToken>100663388</MetadataToken>
              <Name>System.Void Xunit.ConsoleClient.CommandLine::set_NoAutoReporters(System.Boolean)</Name>
              <FileRef uid="18" />
              <SequencePoints>
                <SequencePoint vc="0" uspid="868" ordinal="0" offset="0" sl="39" sc="44" el="39" ec="58" bec="0" bev="0" fileid="18" />
              </SequencePoints>
              <BranchPoints />
              <MethodPoint xsi:type="SequencePoint" vc="0" uspid="868" ordinal="0" offset="0" sl="39" sc="44" el="39" ec="58" bec="0" bev="0" fileid="18" />
            </Method>
            <Method visited="false" cyclomaticComplexity="1" nPathComplexity="0" sequenceCoverage="0" branchCoverage="0" crapScore="2" isConstructor="false" isStatic="false" isGetter="true" isSetter="false">
              <Summary numSequencePoints="1" visitedSequencePoints="0" numBranchPoints="1" visitedBranchPoints="0" sequenceCoverage="0" branchCoverage="0" maxCyclomaticComplexity="1" minCyclomaticComplexity="1" maxCrapScore="2" minCrapScore="2" visitedClasses="0" numClasses="0" visitedMethods="0" numMethods="1" />
              <MetadataToken>100663389</MetadataToken>
              <Name>System.Boolean Xunit.ConsoleClient.CommandLine::get_NoColor()</Name>
              <FileRef uid="18" />
              <SequencePoints>
                <SequencePoint vc="0" uspid="869" ordinal="0" offset="0" sl="41" sc="31" el="41" ec="35" bec="0" bev="0" fileid="18" />
              </SequencePoints>
              <BranchPoints />
              <MethodPoint xsi:type="SequencePoint" vc="0" uspid="869" ordinal="0" offset="0" sl="41" sc="31" el="41" ec="35" bec="0" bev="0" fileid="18" />
            </Method>
            <Method visited="false" cyclomaticComplexity="1" nPathComplexity="0" sequenceCoverage="0" branchCoverage="0" crapScore="2" isConstructor="false" isStatic="false" isGetter="false" isSetter="true">
              <Summary numSequencePoints="1" visitedSequencePoints="0" numBranchPoints="1" visitedBranchPoints="0" sequenceCoverage="0" branchCoverage="0" maxCyclomaticComplexity="1" minCyclomaticComplexity="1" maxCrapScore="2" minCrapScore="2" visitedClasses="0" numClasses="0" visitedMethods="0" numMethods="1" />
              <MetadataToken>100663390</MetadataToken>
              <Name>System.Void Xunit.ConsoleClient.CommandLine::set_NoColor(System.Boolean)</Name>
              <FileRef uid="18" />
              <SequencePoints>
                <SequencePoint vc="0" uspid="870" ordinal="0" offset="0" sl="41" sc="36" el="41" ec="50" bec="0" bev="0" fileid="18" />
              </SequencePoints>
              <BranchPoints />
              <MethodPoint xsi:type="SequencePoint" vc="0" uspid="870" ordinal="0" offset="0" sl="41" sc="36" el="41" ec="50" bec="0" bev="0" fileid="18" />
            </Method>
            <Method visited="false" cyclomaticComplexity="1" nPathComplexity="0" sequenceCoverage="0" branchCoverage="0" crapScore="2" isConstructor="false" isStatic="false" isGetter="true" isSetter="false">
              <Summary numSequencePoints="1" visitedSequencePoints="0" numBranchPoints="1" visitedBranchPoints="0" sequenceCoverage="0" branchCoverage="0" maxCyclomaticComplexity="1" minCyclomaticComplexity="1" maxCrapScore="2" minCrapScore="2" visitedClasses="0" numClasses="0" visitedMethods="0" numMethods="1" />
              <MetadataToken>100663391</MetadataToken>
              <Name>System.Boolean Xunit.ConsoleClient.CommandLine::get_NoLogo()</Name>
              <FileRef uid="18" />
              <SequencePoints>
                <SequencePoint vc="0" uspid="871" ordinal="0" offset="0" sl="43" sc="30" el="43" ec="34" bec="0" bev="0" fileid="18" />
              </SequencePoints>
              <BranchPoints />
              <MethodPoint xsi:type="SequencePoint" vc="0" uspid="871" ordinal="0" offset="0" sl="43" sc="30" el="43" ec="34" bec="0" bev="0" fileid="18" />
            </Method>
            <Method visited="false" cyclomaticComplexity="1" nPathComplexity="0" sequenceCoverage="0" branchCoverage="0" crapScore="2" isConstructor="false" isStatic="false" isGetter="false" isSetter="true">
              <Summary numSequencePoints="1" visitedSequencePoints="0" numBranchPoints="1" visitedBranchPoints="0" sequenceCoverage="0" branchCoverage="0" maxCyclomaticComplexity="1" minCyclomaticComplexity="1" maxCrapScore="2" minCrapScore="2" visitedClasses="0" numClasses="0" visitedMethods="0" numMethods="1" />
              <MetadataToken>100663392</MetadataToken>
              <Name>System.Void Xunit.ConsoleClient.CommandLine::set_NoLogo(System.Boolean)</Name>
              <FileRef uid="18" />
              <SequencePoints>
                <SequencePoint vc="0" uspid="872" ordinal="0" offset="0" sl="43" sc="35" el="43" ec="49" bec="0" bev="0" fileid="18" />
              </SequencePoints>
              <BranchPoints />
              <MethodPoint xsi:type="SequencePoint" vc="0" uspid="872" ordinal="0" offset="0" sl="43" sc="35" el="43" ec="49" bec="0" bev="0" fileid="18" />
            </Method>
            <Method visited="false" cyclomaticComplexity="1" nPathComplexity="0" sequenceCoverage="0" branchCoverage="0" crapScore="2" isConstructor="false" isStatic="false" isGetter="true" isSetter="false">
              <Summary numSequencePoints="1" visitedSequencePoints="0" numBranchPoints="1" visitedBranchPoints="0" sequenceCoverage="0" branchCoverage="0" maxCyclomaticComplexity="1" minCyclomaticComplexity="1" maxCrapScore="2" minCrapScore="2" visitedClasses="0" numClasses="0" visitedMethods="0" numMethods="1" />
              <MetadataToken>100663393</MetadataToken>
              <Name>Xunit.XunitProject Xunit.ConsoleClient.CommandLine::get_Project()</Name>
              <FileRef uid="18" />
              <SequencePoints>
                <SequencePoint vc="0" uspid="873" ordinal="0" offset="0" sl="49" sc="39" el="49" ec="43" bec="0" bev="0" fileid="18" />
              </SequencePoints>
              <BranchPoints />
              <MethodPoint xsi:type="SequencePoint" vc="0" uspid="873" ordinal="0" offset="0" sl="49" sc="39" el="49" ec="43" bec="0" bev="0" fileid="18" />
            </Method>
            <Method visited="false" cyclomaticComplexity="1" nPathComplexity="0" sequenceCoverage="0" branchCoverage="0" crapScore="2" isConstructor="false" isStatic="false" isGetter="false" isSetter="true">
              <Summary numSequencePoints="1" visitedSequencePoints="0" numBranchPoints="1" visitedBranchPoints="0" sequenceCoverage="0" branchCoverage="0" maxCyclomaticComplexity="1" minCyclomaticComplexity="1" maxCrapScore="2" minCrapScore="2" visitedClasses="0" numClasses="0" visitedMethods="0" numMethods="1" />
              <MetadataToken>100663394</MetadataToken>
              <Name>System.Void Xunit.ConsoleClient.CommandLine::set_Project(Xunit.XunitProject)</Name>
              <FileRef uid="18" />
              <SequencePoints>
                <SequencePoint vc="0" uspid="874" ordinal="0" offset="0" sl="49" sc="44" el="49" ec="58" bec="0" bev="0" fileid="18" />
              </SequencePoints>
              <BranchPoints />
              <MethodPoint xsi:type="SequencePoint" vc="0" uspid="874" ordinal="0" offset="0" sl="49" sc="44" el="49" ec="58" bec="0" bev="0" fileid="18" />
            </Method>
            <Method visited="false" cyclomaticComplexity="1" nPathComplexity="0" sequenceCoverage="0" branchCoverage="0" crapScore="2" isConstructor="false" isStatic="false" isGetter="true" isSetter="false">
              <Summary numSequencePoints="1" visitedSequencePoints="0" numBranchPoints="1" visitedBranchPoints="0" sequenceCoverage="0" branchCoverage="0" maxCyclomaticComplexity="1" minCyclomaticComplexity="1" maxCrapScore="2" minCrapScore="2" visitedClasses="0" numClasses="0" visitedMethods="0" numMethods="1" />
              <MetadataToken>100663395</MetadataToken>
              <Name>System.Nullable`1&lt;System.Boolean&gt; Xunit.ConsoleClient.CommandLine::get_ParallelizeAssemblies()</Name>
              <FileRef uid="18" />
              <SequencePoints>
                <SequencePoint vc="0" uspid="875" ordinal="0" offset="0" sl="51" sc="46" el="51" ec="50" bec="0" bev="0" fileid="18" />
              </SequencePoints>
              <BranchPoints />
              <MethodPoint xsi:type="SequencePoint" vc="0" uspid="875" ordinal="0" offset="0" sl="51" sc="46" el="51" ec="50" bec="0" bev="0" fileid="18" />
            </Method>
            <Method visited="false" cyclomaticComplexity="1" nPathComplexity="0" sequenceCoverage="0" branchCoverage="0" crapScore="2" isConstructor="false" isStatic="false" isGetter="false" isSetter="true">
              <Summary numSequencePoints="1" visitedSequencePoints="0" numBranchPoints="1" visitedBranchPoints="0" sequenceCoverage="0" branchCoverage="0" maxCyclomaticComplexity="1" minCyclomaticComplexity="1" maxCrapScore="2" minCrapScore="2" visitedClasses="0" numClasses="0" visitedMethods="0" numMethods="1" />
              <MetadataToken>100663396</MetadataToken>
              <Name>System.Void Xunit.ConsoleClient.CommandLine::set_ParallelizeAssemblies(System.Nullable`1&lt;System.Boolean&gt;)</Name>
              <FileRef uid="18" />
              <SequencePoints>
                <SequencePoint vc="0" uspid="876" ordinal="0" offset="0" sl="51" sc="51" el="51" ec="65" bec="0" bev="0" fileid="18" />
              </SequencePoints>
              <BranchPoints />
              <MethodPoint xsi:type="SequencePoint" vc="0" uspid="876" ordinal="0" offset="0" sl="51" sc="51" el="51" ec="65" bec="0" bev="0" fileid="18" />
            </Method>
            <Method visited="false" cyclomaticComplexity="1" nPathComplexity="0" sequenceCoverage="0" branchCoverage="0" crapScore="2" isConstructor="false" isStatic="false" isGetter="true" isSetter="false">
              <Summary numSequencePoints="1" visitedSequencePoints="0" numBranchPoints="1" visitedBranchPoints="0" sequenceCoverage="0" branchCoverage="0" maxCyclomaticComplexity="1" minCyclomaticComplexity="1" maxCrapScore="2" minCrapScore="2" visitedClasses="0" numClasses="0" visitedMethods="0" numMethods="1" />
              <MetadataToken>100663397</MetadataToken>
              <Name>System.Nullable`1&lt;System.Boolean&gt; Xunit.ConsoleClient.CommandLine::get_ParallelizeTestCollections()</Name>
              <FileRef uid="18" />
              <SequencePoints>
                <SequencePoint vc="0" uspid="877" ordinal="0" offset="0" sl="53" sc="51" el="53" ec="55" bec="0" bev="0" fileid="18" />
              </SequencePoints>
              <BranchPoints />
              <MethodPoint xsi:type="SequencePoint" vc="0" uspid="877" ordinal="0" offset="0" sl="53" sc="51" el="53" ec="55" bec="0" bev="0" fileid="18" />
            </Method>
            <Method visited="false" cyclomaticComplexity="1" nPathComplexity="0" sequenceCoverage="0" branchCoverage="0" crapScore="2" isConstructor="false" isStatic="false" isGetter="false" isSetter="true">
              <Summary numSequencePoints="1" visitedSequencePoints="0" numBranchPoints="1" visitedBranchPoints="0" sequenceCoverage="0" branchCoverage="0" maxCyclomaticComplexity="1" minCyclomaticComplexity="1" maxCrapScore="2" minCrapScore="2" visitedClasses="0" numClasses="0" visitedMethods="0" numMethods="1" />
              <MetadataToken>100663398</MetadataToken>
              <Name>System.Void Xunit.ConsoleClient.CommandLine::set_ParallelizeTestCollections(System.Nullable`1&lt;System.Boolean&gt;)</Name>
              <FileRef uid="18" />
              <SequencePoints>
                <SequencePoint vc="0" uspid="878" ordinal="0" offset="0" sl="53" sc="56" el="53" ec="60" bec="0" bev="0" fileid="18" />
              </SequencePoints>
              <BranchPoints />
              <MethodPoint xsi:type="SequencePoint" vc="0" uspid="878" ordinal="0" offset="0" sl="53" sc="56" el="53" ec="60" bec="0" bev="0" fileid="18" />
            </Method>
            <Method visited="false" cyclomaticComplexity="5" nPathComplexity="16" sequenceCoverage="0" branchCoverage="0" crapScore="30" isConstructor="false" isStatic="false" isGetter="true" isSetter="false">
              <Summary numSequencePoints="6" visitedSequencePoints="0" numBranchPoints="9" visitedBranchPoints="0" sequenceCoverage="0" branchCoverage="0" maxCyclomaticComplexity="5" minCyclomaticComplexity="5" maxCrapScore="30" minCrapScore="30" visitedClasses="0" numClasses="0" visitedMethods="0" numMethods="1" />
              <MetadataToken>100663399</MetadataToken>
              <Name>Xunit.IRunnerReporter Xunit.ConsoleClient.CommandLine::get_Reporter()</Name>
              <FileRef uid="18" />
              <SequencePoints>
                <SequencePoint vc="0" uspid="879" ordinal="0" offset="0" sl="58" sc="13" el="58" ec="14" bec="0" bev="0" fileid="18" />
                <SequencePoint vc="0" uspid="880" ordinal="1" offset="1" sl="59" sc="17" el="59" ec="39" bec="0" bev="0" fileid="18" />
                <SequencePoint vc="0" uspid="881" ordinal="2" offset="8" sl="60" sc="17" el="60" ec="38" bec="2" bev="0" fileid="18" />
                <SequencePoint vc="0" uspid="882" ordinal="3" offset="21" sl="61" sc="21" el="61" ec="98" bec="4" bev="0" fileid="18" />
                <SequencePoint vc="0" uspid="883" ordinal="4" offset="69" sl="63" sc="17" el="63" ec="71" bec="2" bev="0" fileid="18" />
                <SequencePoint vc="0" uspid="884" ordinal="5" offset="82" sl="64" sc="13" el="64" ec="14" bec="0" bev="0" fileid="18" />
              </SequencePoints>
              <BranchPoints>
                <BranchPoint vc="0" uspid="885" ordinal="0" offset="19" sl="60" path="0" offsetend="21" fileid="18" />
                <BranchPoint vc="0" uspid="886" ordinal="1" offset="19" sl="60" path="1" offsetend="69" fileid="18" />
                <BranchPoint vc="0" uspid="887" ordinal="2" offset="33" sl="61" path="0" offsetend="35" fileid="18" />
                <BranchPoint vc="0" uspid="888" ordinal="3" offset="33" sl="61" path="1" offsetend="58" fileid="18" />
                <BranchPoint vc="0" uspid="889" ordinal="4" offset="64" sl="61" path="0" offsetend="66" fileid="18" />
                <BranchPoint vc="0" uspid="890" ordinal="5" offset="64" sl="61" path="1" offsetend="68" fileid="18" />
                <BranchPoint vc="0" uspid="891" ordinal="6" offset="71" sl="63" path="0" offsetend="73" fileid="18" />
                <BranchPoint vc="0" uspid="892" ordinal="7" offset="71" sl="63" path="1" offsetend="79" fileid="18" />
              </BranchPoints>
              <MethodPoint xsi:type="SequencePoint" vc="0" uspid="879" ordinal="0" offset="0" sl="58" sc="13" el="58" ec="14" bec="0" bev="0" fileid="18" />
            </Method>
            <Method visited="false" cyclomaticComplexity="1" nPathComplexity="0" sequenceCoverage="0" branchCoverage="0" crapScore="2" isConstructor="false" isStatic="false" isGetter="true" isSetter="false">
              <Summary numSequencePoints="1" visitedSequencePoints="0" numBranchPoints="1" visitedBranchPoints="0" sequenceCoverage="0" branchCoverage="0" maxCyclomaticComplexity="1" minCyclomaticComplexity="1" maxCrapScore="2" minCrapScore="2" visitedClasses="0" numClasses="0" visitedMethods="0" numMethods="1" />
              <MetadataToken>100663400</MetadataToken>
              <Name>System.Boolean Xunit.ConsoleClient.CommandLine::get_Serialize()</Name>
              <FileRef uid="18" />
              <SequencePoints>
                <SequencePoint vc="0" uspid="893" ordinal="0" offset="0" sl="67" sc="33" el="67" ec="37" bec="0" bev="0" fileid="18" />
              </SequencePoints>
              <BranchPoints />
              <MethodPoint xsi:type="SequencePoint" vc="0" uspid="893" ordinal="0" offset="0" sl="67" sc="33" el="67" ec="37" bec="0" bev="0" fileid="18" />
            </Method>
            <Method visited="false" cyclomaticComplexity="1" nPathComplexity="0" sequenceCoverage="0" branchCoverage="0" crapScore="2" isConstructor="false" isStatic="false" isGetter="false" isSetter="true">
              <Summary numSequencePoints="1" visitedSequencePoints="0" numBranchPoints="1" visitedBranchPoints="0" sequenceCoverage="0" branchCoverage="0" maxCyclomaticComplexity="1" minCyclomaticComplexity="1" maxCrapScore="2" minCrapScore="2" visitedClasses="0" numClasses="0" visitedMethods="0" numMethods="1" />
              <MetadataToken>100663401</MetadataToken>
              <Name>System.Void Xunit.ConsoleClient.CommandLine::set_Serialize(System.Boolean)</Name>
              <FileRef uid="18" />
              <SequencePoints>
                <SequencePoint vc="0" uspid="894" ordinal="0" offset="0" sl="67" sc="38" el="67" ec="52" bec="0" bev="0" fileid="18" />
              </SequencePoints>
              <BranchPoints />
              <MethodPoint xsi:type="SequencePoint" vc="0" uspid="894" ordinal="0" offset="0" sl="67" sc="38" el="67" ec="52" bec="0" bev="0" fileid="18" />
            </Method>
            <Method visited="false" cyclomaticComplexity="1" nPathComplexity="0" sequenceCoverage="0" branchCoverage="0" crapScore="2" isConstructor="false" isStatic="false" isGetter="true" isSetter="false">
              <Summary numSequencePoints="1" visitedSequencePoints="0" numBranchPoints="1" visitedBranchPoints="0" sequenceCoverage="0" branchCoverage="0" maxCyclomaticComplexity="1" minCyclomaticComplexity="1" maxCrapScore="2" minCrapScore="2" visitedClasses="0" numClasses="0" visitedMethods="0" numMethods="1" />
              <MetadataToken>100663402</MetadataToken>
              <Name>System.Boolean Xunit.ConsoleClient.CommandLine::get_StopOnFail()</Name>
              <FileRef uid="18" />
              <SequencePoints>
                <SequencePoint vc="0" uspid="895" ordinal="0" offset="0" sl="69" sc="34" el="69" ec="38" bec="0" bev="0" fileid="18" />
              </SequencePoints>
              <BranchPoints />
              <MethodPoint xsi:type="SequencePoint" vc="0" uspid="895" ordinal="0" offset="0" sl="69" sc="34" el="69" ec="38" bec="0" bev="0" fileid="18" />
            </Method>
            <Method visited="false" cyclomaticComplexity="1" nPathComplexity="0" sequenceCoverage="0" branchCoverage="0" crapScore="2" isConstructor="false" isStatic="false" isGetter="false" isSetter="true">
              <Summary numSequencePoints="1" visitedSequencePoints="0" numBranchPoints="1" visitedBranchPoints="0" sequenceCoverage="0" branchCoverage="0" maxCyclomaticComplexity="1" minCyclomaticComplexity="1" maxCrapScore="2" minCrapScore="2" visitedClasses="0" numClasses="0" visitedMethods="0" numMethods="1" />
              <MetadataToken>100663403</MetadataToken>
              <Name>System.Void Xunit.ConsoleClient.CommandLine::set_StopOnFail(System.Boolean)</Name>
              <FileRef uid="18" />
              <SequencePoints>
                <SequencePoint vc="0" uspid="896" ordinal="0" offset="0" sl="69" sc="39" el="69" ec="53" bec="0" bev="0" fileid="18" />
              </SequencePoints>
              <BranchPoints />
              <MethodPoint xsi:type="SequencePoint" vc="0" uspid="896" ordinal="0" offset="0" sl="69" sc="39" el="69" ec="53" bec="0" bev="0" fileid="18" />
            </Method>
            <Method visited="false" cyclomaticComplexity="1" nPathComplexity="0" sequenceCoverage="0" branchCoverage="0" crapScore="2" isConstructor="false" isStatic="false" isGetter="true" isSetter="false">
              <Summary numSequencePoints="1" visitedSequencePoints="0" numBranchPoints="1" visitedBranchPoints="0" sequenceCoverage="0" branchCoverage="0" maxCyclomaticComplexity="1" minCyclomaticComplexity="1" maxCrapScore="2" minCrapScore="2" visitedClasses="0" numClasses="0" visitedMethods="0" numMethods="1" />
              <MetadataToken>100663404</MetadataToken>
              <Name>System.Boolean Xunit.ConsoleClient.CommandLine::get_Wait()</Name>
              <FileRef uid="18" />
              <SequencePoints>
                <SequencePoint vc="0" uspid="897" ordinal="0" offset="0" sl="71" sc="28" el="71" ec="32" bec="0" bev="0" fileid="18" />
              </SequencePoints>
              <BranchPoints />
              <MethodPoint xsi:type="SequencePoint" vc="0" uspid="897" ordinal="0" offset="0" sl="71" sc="28" el="71" ec="32" bec="0" bev="0" fileid="18" />
            </Method>
            <Method visited="false" cyclomaticComplexity="1" nPathComplexity="0" sequenceCoverage="0" branchCoverage="0" crapScore="2" isConstructor="false" isStatic="false" isGetter="false" isSetter="true">
              <Summary numSequencePoints="1" visitedSequencePoints="0" numBranchPoints="1" visitedBranchPoints="0" sequenceCoverage="0" branchCoverage="0" maxCyclomaticComplexity="1" minCyclomaticComplexity="1" maxCrapScore="2" minCrapScore="2" visitedClasses="0" numClasses="0" visitedMethods="0" numMethods="1" />
              <MetadataToken>100663405</MetadataToken>
              <Name>System.Void Xunit.ConsoleClient.CommandLine::set_Wait(System.Boolean)</Name>
              <FileRef uid="18" />
              <SequencePoints>
                <SequencePoint vc="0" uspid="898" ordinal="0" offset="0" sl="71" sc="33" el="71" ec="47" bec="0" bev="0" fileid="18" />
              </SequencePoints>
              <BranchPoints />
              <MethodPoint xsi:type="SequencePoint" vc="0" uspid="898" ordinal="0" offset="0" sl="71" sc="33" el="71" ec="47" bec="0" bev="0" fileid="18" />
            </Method>
            <Method visited="false" cyclomaticComplexity="3" nPathComplexity="4" sequenceCoverage="0" branchCoverage="0" crapScore="12" isConstructor="true" isStatic="false" isGetter="false" isSetter="false">
              <Summary numSequencePoints="12" visitedSequencePoints="0" numBranchPoints="5" visitedBranchPoints="0" sequenceCoverage="0" branchCoverage="0" maxCyclomaticComplexity="3" minCyclomaticComplexity="3" maxCrapScore="12" minCrapScore="12" visitedClasses="0" numClasses="0" visitedMethods="0" numMethods="1" />
              <MetadataToken>100663374</MetadataToken>
              <Name>System.Void Xunit.ConsoleClient.CommandLine::.ctor(System.Collections.Generic.IReadOnlyList`1&lt;Xunit.IRunnerReporter&gt;,System.String[],System.Predicate`1&lt;System.String&gt;)</Name>
              <FileRef uid="18" />
              <SequencePoints>
                <SequencePoint vc="0" uspid="899" ordinal="0" offset="0" sl="10" sc="9" el="10" ec="64" bec="0" bev="0" fileid="18" />
                <SequencePoint vc="0" uspid="900" ordinal="1" offset="11" sl="14" sc="9" el="14" ec="124" bec="0" bev="0" fileid="18" />
                <SequencePoint vc="0" uspid="901" ordinal="2" offset="18" sl="15" sc="9" el="15" ec="10" bec="0" bev="0" fileid="18" />
                <SequencePoint vc="0" uspid="902" ordinal="3" offset="19" sl="16" sc="13" el="16" ec="40" bec="0" bev="0" fileid="18" />
                <SequencePoint vc="0" uspid="903" ordinal="4" offset="26" sl="18" sc="13" el="18" ec="36" bec="2" bev="0" fileid="18" />
                <SequencePoint vc="0" uspid="904" ordinal="5" offset="34" sl="19" sc="17" el="19" ec="42" bec="0" bev="0" fileid="18" />
                <SequencePoint vc="0" uspid="905" ordinal="6" offset="48" sl="21" sc="18" el="21" ec="41" bec="0" bev="0" fileid="18" />
                <SequencePoint vc="0" uspid="906" ordinal="7" offset="56" sl="22" sc="17" el="22" ec="41" bec="0" bev="0" fileid="18" />
                <SequencePoint vc="0" uspid="907" ordinal="8" offset="71" sl="21" sc="51" el="21" ec="54" bec="0" bev="0" fileid="18" />
                <SequencePoint vc="0" uspid="908" ordinal="9" offset="75" sl="21" sc="43" el="21" ec="49" bec="2" bev="0" fileid="18" />
                <SequencePoint vc="0" uspid="909" ordinal="10" offset="86" sl="24" sc="13" el="24" ec="41" bec="0" bev="0" fileid="18" />
                <SequencePoint vc="0" uspid="910" ordinal="11" offset="100" sl="25" sc="9" el="25" ec="10" bec="0" bev="0" fileid="18" />
              </SequencePoints>
              <BranchPoints>
                <BranchPoint vc="0" uspid="911" ordinal="0" offset="32" sl="18" path="0" offsetend="34" fileid="18" />
                <BranchPoint vc="0" uspid="912" ordinal="1" offset="32" sl="18" path="1" offsetend="48" fileid="18" />
                <BranchPoint vc="0" uspid="913" ordinal="2" offset="84" sl="21" path="0" offsetend="86" fileid="18" />
                <BranchPoint vc="0" uspid="914" ordinal="3" offset="84" sl="21" path="1" offsetend="56" fileid="18" />
              </BranchPoints>
              <MethodPoint xsi:type="SequencePoint" vc="0" uspid="899" ordinal="0" offset="0" sl="10" sc="9" el="10" ec="64" bec="0" bev="0" fileid="18" />
            </Method>
            <Method visited="false" cyclomaticComplexity="1" nPathComplexity="0" sequenceCoverage="0" branchCoverage="0" crapScore="2" isConstructor="false" isStatic="false" isGetter="false" isSetter="false">
              <Summary numSequencePoints="3" visitedSequencePoints="0" numBranchPoints="1" visitedBranchPoints="0" sequenceCoverage="0" branchCoverage="0" maxCyclomaticComplexity="1" minCyclomaticComplexity="1" maxCrapScore="2" minCrapScore="2" visitedClasses="0" numClasses="0" visitedMethods="0" numMethods="1" />
              <MetadataToken>100663406</MetadataToken>
              <Name>System.String Xunit.ConsoleClient.CommandLine::GetFullPath(System.String)</Name>
              <FileRef uid="18" />
              <SequencePoints>
                <SequencePoint vc="0" uspid="915" ordinal="0" offset="0" sl="74" sc="9" el="74" ec="10" bec="0" bev="0" fileid="18" />
                <SequencePoint vc="0" uspid="916" ordinal="1" offset="1" sl="75" sc="13" el="75" ec="47" bec="0" bev="0" fileid="18" />
                <SequencePoint vc="0" uspid="917" ordinal="2" offset="10" sl="76" sc="9" el="76" ec="10" bec="0" bev="0" fileid="18" />
              </SequencePoints>
              <BranchPoints />
              <MethodPoint xsi:type="SequencePoint" vc="0" uspid="915" ordinal="0" offset="0" sl="74" sc="9" el="74" ec="10" bec="0" bev="0" fileid="18" />
            </Method>
            <Method visited="false" cyclomaticComplexity="4" nPathComplexity="2" sequenceCoverage="0" branchCoverage="0" crapScore="20" isConstructor="false" isStatic="false" isGetter="false" isSetter="false">
              <Summary numSequencePoints="9" visitedSequencePoints="0" numBranchPoints="3" visitedBranchPoints="0" sequenceCoverage="0" branchCoverage="0" maxCyclomaticComplexity="4" minCyclomaticComplexity="4" maxCrapScore="20" minCrapScore="20" visitedClasses="0" numClasses="0" visitedMethods="0" numMethods="1" />
              <MetadataToken>100663407</MetadataToken>
              <Name>Xunit.XunitProject Xunit.ConsoleClient.CommandLine::GetProjectFile(System.Collections.Generic.List`1&lt;System.Tuple`2&lt;System.String,System.String&gt;&gt;)</Name>
              <FileRef uid="18" />
              <SequencePoints>
                <SequencePoint vc="0" uspid="918" ordinal="0" offset="0" sl="79" sc="9" el="79" ec="10" bec="0" bev="0" fileid="18" />
                <SequencePoint vc="0" uspid="919" ordinal="1" offset="1" sl="80" sc="13" el="80" ec="45" bec="0" bev="0" fileid="18" />
                <SequencePoint vc="0" uspid="920" ordinal="2" offset="7" sl="82" sc="13" el="82" ec="20" bec="0" bev="0" fileid="18" />
                <SequencePoint vc="0" uspid="921" ordinal="3" offset="8" sl="82" sc="38" el="82" ec="48" bec="0" bev="0" fileid="18" />
                <SequencePoint vc="0" uspid="922" ordinal="4" offset="17" sl="82" sc="22" el="82" ec="34" bec="0" bev="0" fileid="18" />
                <SequencePoint vc="0" uspid="923" ordinal="5" offset="25" sl="83" sc="17" el="87" ec="20" bec="2" bev="0" fileid="18" />
                <SequencePoint vc="0" uspid="924" ordinal="6" offset="86" sl="82" sc="35" el="82" ec="37" bec="0" bev="0" fileid="18" />
                <SequencePoint vc="0" uspid="925" ordinal="7" offset="112" sl="89" sc="13" el="89" ec="27" bec="0" bev="0" fileid="18" />
                <SequencePoint vc="0" uspid="926" ordinal="8" offset="116" sl="90" sc="9" el="90" ec="10" bec="0" bev="0" fileid="18" />
              </SequencePoints>
              <BranchPoints>
                <BranchPoint vc="0" uspid="927" ordinal="0" offset="57" sl="83" path="0" offsetend="59" fileid="18" />
                <BranchPoint vc="0" uspid="928" ordinal="1" offset="57" sl="83" path="1" offsetend="62" fileid="18" />
              </BranchPoints>
              <MethodPoint xsi:type="SequencePoint" vc="0" uspid="918" ordinal="0" offset="0" sl="79" sc="9" el="79" ec="10" bec="0" bev="0" fileid="18" />
            </Method>
            <Method visited="false" cyclomaticComplexity="2" nPathComplexity="2" sequenceCoverage="0" branchCoverage="0" crapScore="6" isConstructor="false" isStatic="true" isGetter="false" isSetter="false">
              <Summary numSequencePoints="4" visitedSequencePoints="0" numBranchPoints="3" visitedBranchPoints="0" sequenceCoverage="0" branchCoverage="0" maxCyclomaticComplexity="2" minCyclomaticComplexity="2" maxCrapScore="6" minCrapScore="6" visitedClasses="0" numClasses="0" visitedMethods="0" numMethods="1" />
              <MetadataToken>100663408</MetadataToken>
              <Name>System.Void Xunit.ConsoleClient.CommandLine::GuardNoOptionValue(System.Collections.Generic.KeyValuePair`2&lt;System.String,System.String&gt;)</Name>
              <FileRef uid="18" />
              <SequencePoints>
                <SequencePoint vc="0" uspid="931" ordinal="0" offset="0" sl="93" sc="9" el="93" ec="10" bec="0" bev="0" fileid="18" />
                <SequencePoint vc="0" uspid="932" ordinal="1" offset="1" sl="94" sc="13" el="94" ec="38" bec="2" bev="0" fileid="18" />
                <SequencePoint vc="0" uspid="933" ordinal="2" offset="15" sl="95" sc="17" el="95" ec="100" bec="0" bev="0" fileid="18" />
                <SequencePoint vc="0" uspid="934" ordinal="3" offset="38" sl="96" sc="9" el="96" ec="10" bec="0" bev="0" fileid="18" />
              </SequencePoints>
              <BranchPoints>
                <BranchPoint vc="0" uspid="935" ordinal="0" offset="13" sl="94" path="0" offsetend="15" fileid="18" />
                <BranchPoint vc="0" uspid="936" ordinal="1" offset="13" sl="94" path="1" offsetend="38" fileid="18" />
              </BranchPoints>
              <MethodPoint xsi:type="SequencePoint" vc="0" uspid="931" ordinal="0" offset="0" sl="93" sc="9" el="93" ec="10" bec="0" bev="0" fileid="18" />
            </Method>
            <Method visited="false" cyclomaticComplexity="2" nPathComplexity="2" sequenceCoverage="0" branchCoverage="0" crapScore="6" isConstructor="false" isStatic="true" isGetter="false" isSetter="false">
              <Summary numSequencePoints="3" visitedSequencePoints="0" numBranchPoints="3" visitedBranchPoints="0" sequenceCoverage="0" branchCoverage="0" maxCyclomaticComplexity="2" minCyclomaticComplexity="2" maxCrapScore="6" minCrapScore="6" visitedClasses="0" numClasses="0" visitedMethods="0" numMethods="1" />
              <MetadataToken>100663409</MetadataToken>
              <Name>System.Boolean Xunit.ConsoleClient.CommandLine::IsConfigFile(System.String)</Name>
              <FileRef uid="18" />
              <SequencePoints>
                <SequencePoint vc="0" uspid="937" ordinal="0" offset="0" sl="99" sc="9" el="99" ec="10" bec="0" bev="0" fileid="18" />
                <SequencePoint vc="0" uspid="938" ordinal="1" offset="1" sl="100" sc="13" el="101" ec="83" bec="2" bev="0" fileid="18" />
                <SequencePoint vc="0" uspid="939" ordinal="2" offset="33" sl="102" sc="9" el="102" ec="10" bec="0" bev="0" fileid="18" />
              </SequencePoints>
              <BranchPoints>
                <BranchPoint vc="0" uspid="940" ordinal="0" offset="13" sl="100" path="0" offsetend="15" fileid="18" />
                <BranchPoint vc="0" uspid="941" ordinal="1" offset="13" sl="100" path="1" offsetend="29" fileid="18" />
              </BranchPoints>
              <MethodPoint xsi:type="SequencePoint" vc="0" uspid="937" ordinal="0" offset="0" sl="99" sc="9" el="99" ec="10" bec="0" bev="0" fileid="18" />
            </Method>
            <Method visited="false" cyclomaticComplexity="1" nPathComplexity="0" sequenceCoverage="0" branchCoverage="0" crapScore="2" isConstructor="false" isStatic="true" isGetter="false" isSetter="false">
              <Summary numSequencePoints="3" visitedSequencePoints="0" numBranchPoints="1" visitedBranchPoints="0" sequenceCoverage="0" branchCoverage="0" maxCyclomaticComplexity="1" minCyclomaticComplexity="1" maxCrapScore="2" minCrapScore="2" visitedClasses="0" numClasses="0" visitedMethods="0" numMethods="1" />
              <MetadataToken>100663410</MetadataToken>
              <Name>Xunit.ConsoleClient.CommandLine Xunit.ConsoleClient.CommandLine::Parse(System.Collections.Generic.IReadOnlyList`1&lt;Xunit.IRunnerReporter&gt;,System.String[])</Name>
              <FileRef uid="18" />
              <SequencePoints>
                <SequencePoint vc="0" uspid="942" ordinal="0" offset="0" sl="105" sc="9" el="105" ec="10" bec="0" bev="0" fileid="18" />
                <SequencePoint vc="0" uspid="943" ordinal="1" offset="1" sl="106" sc="13" el="106" ec="53" bec="0" bev="0" fileid="18" />
                <SequencePoint vc="0" uspid="944" ordinal="2" offset="12" sl="107" sc="9" el="107" ec="10" bec="0" bev="0" fileid="18" />
              </SequencePoints>
              <BranchPoints />
              <MethodPoint xsi:type="SequencePoint" vc="0" uspid="942" ordinal="0" offset="0" sl="105" sc="9" el="105" ec="10" bec="0" bev="0" fileid="18" />
            </Method>
            <Method visited="false" cyclomaticComplexity="59" nPathComplexity="2147483647" sequenceCoverage="0" branchCoverage="0" crapScore="3540" isConstructor="false" isStatic="false" isGetter="false" isSetter="false">
              <Summary numSequencePoints="193" visitedSequencePoints="0" numBranchPoints="109" visitedBranchPoints="0" sequenceCoverage="0" branchCoverage="0" maxCyclomaticComplexity="59" minCyclomaticComplexity="59" maxCrapScore="3540" minCrapScore="3540" visitedClasses="0" numClasses="0" visitedMethods="0" numMethods="1" />
              <MetadataToken>100663411</MetadataToken>
              <Name>Xunit.XunitProject Xunit.ConsoleClient.CommandLine::Parse(System.Predicate`1&lt;System.String&gt;)</Name>
              <FileRef uid="18" />
              <SequencePoints>
                <SequencePoint vc="0" uspid="945" ordinal="0" offset="0" sl="110" sc="9" el="110" ec="10" bec="0" bev="0" fileid="18" />
                <SequencePoint vc="0" uspid="946" ordinal="1" offset="1" sl="111" sc="13" el="111" ec="64" bec="0" bev="0" fileid="18" />
                <SequencePoint vc="0" uspid="947" ordinal="2" offset="12" sl="114" sc="13" el="114" ec="14" bec="0" bev="0" fileid="18" />
                <SequencePoint vc="0" uspid="948" ordinal="3" offset="13" sl="115" sc="17" el="115" ec="80" bec="2" bev="0" fileid="18" />
                <SequencePoint vc="0" uspid="949" ordinal="4" offset="41" sl="116" sc="21" el="116" ec="27" bec="0" bev="0" fileid="18" />
                <SequencePoint vc="0" uspid="950" ordinal="5" offset="46" sl="118" sc="17" el="118" ec="52" bec="0" bev="0" fileid="18" />
                <SequencePoint vc="0" uspid="951" ordinal="6" offset="58" sl="119" sc="17" el="119" ec="48" bec="2" bev="0" fileid="18" />
                <SequencePoint vc="0" uspid="952" ordinal="7" offset="70" sl="120" sc="21" el="120" ec="105" bec="0" bev="0" fileid="18" />
                <SequencePoint vc="0" uspid="953" ordinal="8" offset="87" sl="121" sc="17" el="121" ec="47" bec="2" bev="0" fileid="18" />
                <SequencePoint vc="0" uspid="954" ordinal="9" offset="103" sl="122" sc="21" el="122" ec="84" bec="0" bev="0" fileid="18" />
                <SequencePoint vc="0" uspid="955" ordinal="10" offset="120" sl="124" sc="17" el="124" ec="42" bec="0" bev="0" fileid="18" />
                <SequencePoint vc="0" uspid="956" ordinal="11" offset="122" sl="125" sc="17" el="125" ec="41" bec="2" bev="0" fileid="18" />
                <SequencePoint vc="0" uspid="957" ordinal="12" offset="142" sl="126" sc="17" el="126" ec="18" bec="0" bev="0" fileid="18" />
                <SequencePoint vc="0" uspid="958" ordinal="13" offset="143" sl="127" sc="21" el="127" ec="50" bec="0" bev="0" fileid="18" />
                <SequencePoint vc="0" uspid="959" ordinal="14" offset="156" sl="128" sc="21" el="128" ec="97" bec="4" bev="0" fileid="18" />
                <SequencePoint vc="0" uspid="960" ordinal="15" offset="187" sl="129" sc="21" el="129" ec="22" bec="0" bev="0" fileid="18" />
                <SequencePoint vc="0" uspid="961" ordinal="16" offset="188" sl="130" sc="25" el="130" ec="54" bec="0" bev="0" fileid="18" />
                <SequencePoint vc="0" uspid="962" ordinal="17" offset="200" sl="131" sc="25" el="131" ec="53" bec="2" bev="0" fileid="18" />
                <SequencePoint vc="0" uspid="963" ordinal="18" offset="216" sl="132" sc="29" el="132" ec="97" bec="0" bev="0" fileid="18" />
                <SequencePoint vc="0" uspid="964" ordinal="19" offset="233" sl="133" sc="21" el="133" ec="22" bec="0" bev="0" fileid="18" />
                <SequencePoint vc="0" uspid="965" ordinal="20" offset="234" sl="134" sc="17" el="134" ec="18" bec="0" bev="0" fileid="18" />
                <SequencePoint vc="0" uspid="966" ordinal="21" offset="235" sl="136" sc="17" el="136" ec="72" bec="0" bev="0" fileid="18" />
                <SequencePoint vc="0" uspid="967" ordinal="22" offset="249" sl="137" sc="13" el="137" ec="14" bec="0" bev="0" fileid="18" />
                <SequencePoint vc="0" uspid="968" ordinal="23" offset="250" sl="113" sc="13" el="113" ec="40" bec="2" bev="0" fileid="18" />
                <SequencePoint vc="0" uspid="969" ordinal="24" offset="273" sl="139" sc="13" el="139" ec="39" bec="2" bev="0" fileid="18" />
                <SequencePoint vc="0" uspid="970" ordinal="25" offset="288" sl="140" sc="17" el="140" ec="83" bec="0" bev="0" fileid="18" />
                <SequencePoint vc="0" uspid="971" ordinal="26" offset="299" sl="142" sc="13" el="142" ec="54" bec="0" bev="0" fileid="18" />
                <SequencePoint vc="0" uspid="972" ordinal="27" offset="319" sl="145" sc="13" el="145" ec="14" bec="0" bev="0" fileid="18" />
                <SequencePoint vc="0" uspid="973" ordinal="28" offset="320" sl="146" sc="17" el="146" ec="51" bec="0" bev="0" fileid="18" />
                <SequencePoint vc="0" uspid="974" ordinal="29" offset="333" sl="147" sc="17" el="147" ec="64" bec="0" bev="0" fileid="18" />
                <SequencePoint vc="0" uspid="975" ordinal="30" offset="352" sl="149" sc="17" el="149" ec="75" bec="2" bev="0" fileid="18" />
                <SequencePoint vc="0" uspid="976" ordinal="31" offset="379" sl="150" sc="21" el="150" ec="95" bec="0" bev="0" fileid="18" />
                <SequencePoint vc="0" uspid="977" ordinal="32" offset="402" sl="152" sc="17" el="152" ec="54" bec="0" bev="0" fileid="18" />
                <SequencePoint vc="0" uspid="978" ordinal="33" offset="422" sl="154" sc="17" el="154" ec="44" bec="2" bev="0" fileid="18" />
                <SequencePoint vc="0" uspid="979" ordinal="34" offset="445" sl="155" sc="17" el="155" ec="18" bec="0" bev="0" fileid="18" />
                <SequencePoint vc="0" uspid="980" ordinal="35" offset="446" sl="156" sc="21" el="156" ec="48" bec="0" bev="0" fileid="18" />
                <SequencePoint vc="0" uspid="981" ordinal="36" offset="454" sl="157" sc="21" el="157" ec="35" bec="0" bev="0" fileid="18" />
                <SequencePoint vc="0" uspid="982" ordinal="37" offset="462" sl="158" sc="17" el="158" ec="18" bec="0" bev="0" fileid="18" />
                <SequencePoint vc="0" uspid="983" ordinal="38" offset="468" sl="159" sc="22" el="159" ec="52" bec="2" bev="0" fileid="18" />
                <SequencePoint vc="0" uspid="984" ordinal="39" offset="491" sl="160" sc="17" el="160" ec="18" bec="0" bev="0" fileid="18" />
                <SequencePoint vc="0" uspid="985" ordinal="40" offset="492" sl="161" sc="21" el="161" ec="48" bec="0" bev="0" fileid="18" />
                <SequencePoint vc="0" uspid="986" ordinal="41" offset="500" sl="162" sc="21" el="162" ec="38" bec="0" bev="0" fileid="18" />
                <SequencePoint vc="0" uspid="987" ordinal="42" offset="508" sl="163" sc="17" el="163" ec="18" bec="0" bev="0" fileid="18" />
                <SequencePoint vc="0" uspid="988" ordinal="43" offset="514" sl="164" sc="22" el="164" ec="53" bec="2" bev="0" fileid="18" />
                <SequencePoint vc="0" uspid="989" ordinal="44" offset="537" sl="165" sc="17" el="165" ec="18" bec="0" bev="0" fileid="18" />
                <SequencePoint vc="0" uspid="990" ordinal="45" offset="538" sl="166" sc="21" el="166" ec="48" bec="0" bev="0" fileid="18" />
                <SequencePoint vc="0" uspid="991" ordinal="46" offset="546" sl="167" sc="21" el="167" ec="39" bec="0" bev="0" fileid="18" />
                <SequencePoint vc="0" uspid="992" ordinal="47" offset="554" sl="168" sc="17" el="168" ec="18" bec="0" bev="0" fileid="18" />
                <SequencePoint vc="0" uspid="993" ordinal="48" offset="560" sl="169" sc="22" el="169" ec="50" bec="2" bev="0" fileid="18" />
                <SequencePoint vc="0" uspid="994" ordinal="49" offset="583" sl="170" sc="17" el="170" ec="18" bec="0" bev="0" fileid="18" />
                <SequencePoint vc="0" uspid="995" ordinal="50" offset="584" sl="171" sc="21" el="171" ec="48" bec="0" bev="0" fileid="18" />
                <SequencePoint vc="0" uspid="996" ordinal="51" offset="592" sl="172" sc="21" el="172" ec="36" bec="0" bev="0" fileid="18" />
                <SequencePoint vc="0" uspid="997" ordinal="52" offset="600" sl="173" sc="17" el="173" ec="18" bec="0" bev="0" fileid="18" />
                <SequencePoint vc="0" uspid="998" ordinal="53" offset="606" sl="174" sc="22" el="174" ec="54" bec="2" bev="0" fileid="18" />
                <SequencePoint vc="0" uspid="999" ordinal="54" offset="629" sl="175" sc="17" el="175" ec="18" bec="0" bev="0" fileid="18" />
                <SequencePoint vc="0" uspid="1000" ordinal="55" offset="630" sl="176" sc="21" el="176" ec="48" bec="0" bev="0" fileid="18" />
                <SequencePoint vc="0" uspid="1001" ordinal="56" offset="638" sl="177" sc="21" el="177" ec="40" bec="0" bev="0" fileid="18" />
                <SequencePoint vc="0" uspid="1002" ordinal="57" offset="646" sl="178" sc="17" el="178" ec="18" bec="0" bev="0" fileid="18" />
                <SequencePoint vc="0" uspid="1003" ordinal="58" offset="652" sl="179" sc="22" el="179" ec="58" bec="2" bev="0" fileid="18" />
                <SequencePoint vc="0" uspid="1004" ordinal="59" offset="675" sl="180" sc="17" el="180" ec="18" bec="0" bev="0" fileid="18" />
                <SequencePoint vc="0" uspid="1005" ordinal="60" offset="676" sl="181" sc="21" el="181" ec="48" bec="0" bev="0" fileid="18" />
                <SequencePoint vc="0" uspid="1006" ordinal="61" offset="684" sl="182" sc="21" el="182" ec="44" bec="0" bev="0" fileid="18" />
                <SequencePoint vc="0" uspid="1007" ordinal="62" offset="692" sl="183" sc="17" el="183" ec="18" bec="0" bev="0" fileid="18" />
                <SequencePoint vc="0" uspid="1008" ordinal="63" offset="698" sl="191" sc="22" el="191" ec="48" bec="2" bev="0" fileid="18" />
                <SequencePoint vc="0" uspid="1009" ordinal="64" offset="721" sl="192" sc="17" el="192" ec="18" bec="0" bev="0" fileid="18" />
                <SequencePoint vc="0" uspid="1010" ordinal="65" offset="722" sl="193" sc="21" el="193" ec="48" bec="0" bev="0" fileid="18" />
                <SequencePoint vc="0" uspid="1011" ordinal="66" offset="730" sl="194" sc="21" el="194" ec="34" bec="0" bev="0" fileid="18" />
                <SequencePoint vc="0" uspid="1012" ordinal="67" offset="738" sl="195" sc="17" el="195" ec="18" bec="0" bev="0" fileid="18" />
                <SequencePoint vc="0" uspid="1013" ordinal="68" offset="744" sl="196" sc="22" el="196" ec="52" bec="2" bev="0" fileid="18" />
                <SequencePoint vc="0" uspid="1014" ordinal="69" offset="767" sl="197" sc="17" el="197" ec="18" bec="0" bev="0" fileid="18" />
                <SequencePoint vc="0" uspid="1015" ordinal="70" offset="768" sl="198" sc="21" el="198" ec="48" bec="0" bev="0" fileid="18" />
                <SequencePoint vc="0" uspid="1016" ordinal="71" offset="776" sl="199" sc="21" el="199" ec="38" bec="0" bev="0" fileid="18" />
                <SequencePoint vc="0" uspid="1017" ordinal="72" offset="784" sl="200" sc="17" el="200" ec="18" bec="0" bev="0" fileid="18" />
                <SequencePoint vc="0" uspid="1018" ordinal="73" offset="790" sl="201" sc="22" el="201" ec="47" bec="2" bev="0" fileid="18" />
                <SequencePoint vc="0" uspid="1019" ordinal="74" offset="813" sl="202" sc="17" el="202" ec="18" bec="0" bev="0" fileid="18" />
                <SequencePoint vc="0" uspid="1020" ordinal="75" offset="814" sl="203" sc="21" el="203" ec="48" bec="0" bev="0" fileid="18" />
                <SequencePoint vc="0" uspid="1021" ordinal="76" offset="822" sl="204" sc="21" el="204" ec="33" bec="0" bev="0" fileid="18" />
                <SequencePoint vc="0" uspid="1022" ordinal="77" offset="830" sl="205" sc="17" el="205" ec="18" bec="0" bev="0" fileid="18" />
                <SequencePoint vc="0" uspid="1023" ordinal="78" offset="836" sl="206" sc="22" el="206" ec="54" bec="2" bev="0" fileid="18" />
                <SequencePoint vc="0" uspid="1024" ordinal="79" offset="859" sl="207" sc="17" el="207" ec="18" bec="0" bev="0" fileid="18" />
                <SequencePoint vc="0" uspid="1025" ordinal="80" offset="860" sl="208" sc="21" el="208" ec="48" bec="0" bev="0" fileid="18" />
                <SequencePoint vc="0" uspid="1026" ordinal="81" offset="868" sl="209" sc="21" el="209" ec="47" bec="0" bev="0" fileid="18" />
                <SequencePoint vc="0" uspid="1027" ordinal="82" offset="876" sl="210" sc="17" el="210" ec="18" bec="0" bev="0" fileid="18" />
                <SequencePoint vc="0" uspid="1028" ordinal="83" offset="882" sl="211" sc="22" el="211" ec="62" bec="2" bev="0" fileid="18" />
                <SequencePoint vc="0" uspid="1029" ordinal="84" offset="905" sl="212" sc="17" el="212" ec="18" bec="0" bev="0" fileid="18" />
                <SequencePoint vc="0" uspid="1030" ordinal="85" offset="906" sl="213" sc="21" el="213" ec="48" bec="0" bev="0" fileid="18" />
                <SequencePoint vc="0" uspid="1031" ordinal="86" offset="914" sl="214" sc="21" el="214" ec="55" bec="0" bev="0" fileid="18" />
                <SequencePoint vc="0" uspid="1032" ordinal="87" offset="922" sl="215" sc="17" el="215" ec="18" bec="0" bev="0" fileid="18" />
                <SequencePoint vc="0" uspid="1033" ordinal="88" offset="928" sl="216" sc="22" el="216" ec="53" bec="2" bev="0" fileid="18" />
                <SequencePoint vc="0" uspid="1034" ordinal="89" offset="954" sl="217" sc="17" el="217" ec="18" bec="0" bev="0" fileid="18" />
                <SequencePoint vc="0" uspid="1035" ordinal="90" offset="955" sl="218" sc="21" el="218" ec="46" bec="2" bev="0" fileid="18" />
                <SequencePoint vc="0" uspid="1036" ordinal="91" offset="971" sl="219" sc="25" el="219" ec="89" bec="0" bev="0" fileid="18" />
                <SequencePoint vc="0" uspid="1037" ordinal="92" offset="982" sl="221" sc="21" el="221" ec="42" bec="4" bev="0" fileid="18" />
                <SequencePoint vc="0" uspid="1038" ordinal="93" offset="1021" sl="224" sc="29" el="224" ec="52" bec="0" bev="0" fileid="18" />
                <SequencePoint vc="0" uspid="1039" ordinal="94" offset="1034" sl="225" sc="29" el="225" ec="35" bec="0" bev="0" fileid="18" />
                <SequencePoint vc="0" uspid="1040" ordinal="95" offset="1036" sl="228" sc="29" el="228" ec="53" bec="0" bev="0" fileid="18" />
                <SequencePoint vc="0" uspid="1041" ordinal="96" offset="1049" sl="229" sc="29" el="229" ec="35" bec="0" bev="0" fileid="18" />
                <SequencePoint vc="0" uspid="1042" ordinal="97" offset="1051" sl="233" sc="29" el="233" ec="97" bec="4" bev="0" fileid="18" />
                <SequencePoint vc="0" uspid="1043" ordinal="98" offset="1081" sl="234" sc="33" el="234" ec="160" bec="0" bev="0" fileid="18" />
                <SequencePoint vc="0" uspid="1044" ordinal="99" offset="1092" sl="236" sc="29" el="236" ec="62" bec="0" bev="0" fileid="18" />
                <SequencePoint vc="0" uspid="1045" ordinal="100" offset="1106" sl="237" sc="29" el="237" ec="35" bec="0" bev="0" fileid="18" />
                <SequencePoint vc="0" uspid="1046" ordinal="101" offset="1108" sl="239" sc="17" el="239" ec="18" bec="0" bev="0" fileid="18" />
                <SequencePoint vc="0" uspid="1047" ordinal="102" offset="1114" sl="240" sc="22" el="240" ec="51" bec="2" bev="0" fileid="18" />
                <SequencePoint vc="0" uspid="1048" ordinal="103" offset="1140" sl="241" sc="17" el="241" ec="18" bec="0" bev="0" fileid="18" />
                <SequencePoint vc="0" uspid="1049" ordinal="104" offset="1141" sl="242" sc="21" el="242" ec="46" bec="2" bev="0" fileid="18" />
                <SequencePoint vc="0" uspid="1050" ordinal="105" offset="1157" sl="243" sc="25" el="243" ec="87" bec="0" bev="0" fileid="18" />
                <SequencePoint vc="0" uspid="1051" ordinal="106" offset="1168" sl="246" sc="21" el="246" ec="77" bec="2" bev="0" fileid="18" />
                <SequencePoint vc="0" uspid="1052" ordinal="107" offset="1191" sl="247" sc="25" el="247" ec="95" bec="0" bev="0" fileid="18" />
                <SequencePoint vc="0" uspid="1053" ordinal="108" offset="1202" sl="249" sc="21" el="249" ec="47" bec="4" bev="0" fileid="18" />
                <SequencePoint vc="0" uspid="1054" ordinal="109" offset="1229" sl="252" sc="29" el="252" ec="58" bec="0" bev="0" fileid="18" />
                <SequencePoint vc="0" uspid="1055" ordinal="110" offset="1242" sl="253" sc="29" el="253" ec="63" bec="0" bev="0" fileid="18" />
                <SequencePoint vc="0" uspid="1056" ordinal="111" offset="1255" sl="254" sc="29" el="254" ec="35" bec="0" bev="0" fileid="18" />
                <SequencePoint vc="0" uspid="1057" ordinal="112" offset="1257" sl="257" sc="29" el="257" ec="58" bec="0" bev="0" fileid="18" />
                <SequencePoint vc="0" uspid="1058" ordinal="113" offset="1270" sl="258" sc="29" el="258" ec="64" bec="0" bev="0" fileid="18" />
                <SequencePoint vc="0" uspid="1059" ordinal="114" offset="1283" sl="259" sc="29" el="259" ec="35" bec="0" bev="0" fileid="18" />
                <SequencePoint vc="0" uspid="1060" ordinal="115" offset="1285" sl="262" sc="29" el="262" ec="59" bec="0" bev="0" fileid="18" />
                <SequencePoint vc="0" uspid="1061" ordinal="116" offset="1298" sl="263" sc="29" el="263" ec="63" bec="0" bev="0" fileid="18" />
                <SequencePoint vc="0" uspid="1062" ordinal="117" offset="1311" sl="264" sc="29" el="264" ec="35" bec="0" bev="0" fileid="18" />
                <SequencePoint vc="0" uspid="1063" ordinal="118" offset="1313" sl="267" sc="29" el="267" ec="59" bec="0" bev="0" fileid="18" />
                <SequencePoint vc="0" uspid="1064" ordinal="119" offset="1326" sl="268" sc="29" el="268" ec="64" bec="0" bev="0" fileid="18" />
                <SequencePoint vc="0" uspid="1065" ordinal="120" offset="1339" sl="269" sc="29" el="269" ec="35" bec="0" bev="0" fileid="18" />
                <SequencePoint vc="0" uspid="1066" ordinal="121" offset="1341" sl="271" sc="17" el="271" ec="18" bec="0" bev="0" fileid="18" />
                <SequencePoint vc="0" uspid="1067" ordinal="122" offset="1347" sl="272" sc="22" el="272" ec="51" bec="2" bev="0" fileid="18" />
                <SequencePoint vc="0" uspid="1068" ordinal="123" offset="1370" sl="273" sc="17" el="273" ec="18" bec="0" bev="0" fileid="18" />
                <SequencePoint vc="0" uspid="1069" ordinal="124" offset="1371" sl="274" sc="21" el="274" ec="48" bec="0" bev="0" fileid="18" />
                <SequencePoint vc="0" uspid="1070" ordinal="125" offset="1379" sl="275" sc="21" el="275" ec="28" bec="0" bev="0" fileid="18" />
                <SequencePoint vc="0" uspid="1071" ordinal="126" offset="1380" sl="275" sc="46" el="275" ec="64" bec="0" bev="0" fileid="18" />
                <SequencePoint vc="0" uspid="1072" ordinal="127" offset="1395" sl="275" sc="30" el="275" ec="42" bec="0" bev="0" fileid="18" />
                <SequencePoint vc="0" uspid="1073" ordinal="128" offset="1404" sl="276" sc="25" el="276" ec="67" bec="0" bev="0" fileid="18" />
                <SequencePoint vc="0" uspid="1074" ordinal="129" offset="1423" sl="275" sc="43" el="275" ec="45" bec="0" bev="0" fileid="18" />
                <SequencePoint vc="0" uspid="1075" ordinal="130" offset="1447" sl="277" sc="17" el="277" ec="18" bec="0" bev="0" fileid="18" />
                <SequencePoint vc="0" uspid="1076" ordinal="131" offset="1453" sl="278" sc="22" el="278" ec="48" bec="2" bev="0" fileid="18" />
                <SequencePoint vc="0" uspid="1077" ordinal="132" offset="1479" sl="279" sc="17" el="279" ec="18" bec="0" bev="0" fileid="18" />
                <SequencePoint vc="0" uspid="1078" ordinal="133" offset="1480" sl="280" sc="21" el="280" ec="46" bec="2" bev="0" fileid="18" />
                <SequencePoint vc="0" uspid="1079" ordinal="134" offset="1496" sl="281" sc="25" el="281" ec="84" bec="0" bev="0" fileid="18" />
                <SequencePoint vc="0" uspid="1080" ordinal="135" offset="1507" sl="283" sc="21" el="283" ec="58" bec="0" bev="0" fileid="18" />
                <SequencePoint vc="0" uspid="1081" ordinal="136" offset="1532" sl="284" sc="21" el="284" ec="114" bec="5" bev="0" fileid="18" />
                <SequencePoint vc="0" uspid="1082" ordinal="137" offset="1568" sl="285" sc="25" el="285" ec="120" bec="0" bev="0" fileid="18" />
                <SequencePoint vc="0" uspid="1083" ordinal="138" offset="1579" sl="287" sc="21" el="287" ec="42" bec="0" bev="0" fileid="18" />
                <SequencePoint vc="0" uspid="1084" ordinal="139" offset="1585" sl="288" sc="21" el="288" ec="43" bec="0" bev="0" fileid="18" />
                <SequencePoint vc="0" uspid="1085" ordinal="140" offset="1591" sl="289" sc="21" el="289" ec="69" bec="0" bev="0" fileid="18" />
                <SequencePoint vc="0" uspid="1086" ordinal="141" offset="1612" sl="290" sc="17" el="290" ec="18" bec="0" bev="0" fileid="18" />
                <SequencePoint vc="0" uspid="1087" ordinal="142" offset="1618" sl="291" sc="22" el="291" ec="50" bec="2" bev="0" fileid="18" />
                <SequencePoint vc="0" uspid="1088" ordinal="143" offset="1644" sl="292" sc="17" el="292" ec="18" bec="0" bev="0" fileid="18" />
                <SequencePoint vc="0" uspid="1089" ordinal="144" offset="1645" sl="293" sc="21" el="293" ec="46" bec="2" bev="0" fileid="18" />
                <SequencePoint vc="0" uspid="1090" ordinal="145" offset="1661" sl="294" sc="25" el="294" ec="86" bec="0" bev="0" fileid="18" />
                <SequencePoint vc="0" uspid="1091" ordinal="146" offset="1672" sl="296" sc="21" el="296" ec="58" bec="0" bev="0" fileid="18" />
                <SequencePoint vc="0" uspid="1092" ordinal="147" offset="1697" sl="297" sc="21" el="297" ec="114" bec="5" bev="0" fileid="18" />
                <SequencePoint vc="0" uspid="1093" ordinal="148" offset="1733" sl="298" sc="25" el="298" ec="122" bec="0" bev="0" fileid="18" />
                <SequencePoint vc="0" uspid="1094" ordinal="149" offset="1744" sl="300" sc="21" el="300" ec="42" bec="0" bev="0" fileid="18" />
                <SequencePoint vc="0" uspid="1095" ordinal="150" offset="1750" sl="301" sc="21" el="301" ec="43" bec="0" bev="0" fileid="18" />
                <SequencePoint vc="0" uspid="1096" ordinal="151" offset="1756" sl="302" sc="21" el="302" ec="69" bec="0" bev="0" fileid="18" />
                <SequencePoint vc="0" uspid="1097" ordinal="152" offset="1777" sl="303" sc="17" el="303" ec="18" bec="0" bev="0" fileid="18" />
                <SequencePoint vc="0" uspid="1098" ordinal="153" offset="1783" sl="304" sc="22" el="304" ec="48" bec="2" bev="0" fileid="18" />
                <SequencePoint vc="0" uspid="1099" ordinal="154" offset="1806" sl="305" sc="17" el="305" ec="18" bec="0" bev="0" fileid="18" />
                <SequencePoint vc="0" uspid="1100" ordinal="155" offset="1807" sl="306" sc="21" el="306" ec="46" bec="2" bev="0" fileid="18" />
                <SequencePoint vc="0" uspid="1101" ordinal="156" offset="1823" sl="307" sc="25" el="307" ec="84" bec="0" bev="0" fileid="18" />
                <SequencePoint vc="0" uspid="1102" ordinal="157" offset="1834" sl="309" sc="21" el="309" ec="71" bec="0" bev="0" fileid="18" />
                <SequencePoint vc="0" uspid="1103" ordinal="158" offset="1858" sl="310" sc="17" el="310" ec="18" bec="0" bev="0" fileid="18" />
                <SequencePoint vc="0" uspid="1104" ordinal="159" offset="1864" sl="311" sc="22" el="311" ec="49" bec="2" bev="0" fileid="18" />
                <SequencePoint vc="0" uspid="1105" ordinal="160" offset="1887" sl="312" sc="17" el="312" ec="18" bec="0" bev="0" fileid="18" />
                <SequencePoint vc="0" uspid="1106" ordinal="161" offset="1888" sl="313" sc="21" el="313" ec="46" bec="2" bev="0" fileid="18" />
                <SequencePoint vc="0" uspid="1107" ordinal="162" offset="1904" sl="314" sc="25" el="314" ec="85" bec="0" bev="0" fileid="18" />
                <SequencePoint vc="0" uspid="1108" ordinal="163" offset="1915" sl="316" sc="21" el="316" ec="71" bec="0" bev="0" fileid="18" />
                <SequencePoint vc="0" uspid="1109" ordinal="164" offset="1939" sl="317" sc="17" el="317" ec="18" bec="0" bev="0" fileid="18" />
                <SequencePoint vc="0" uspid="1110" ordinal="165" offset="1945" sl="318" sc="22" el="318" ec="52" bec="2" bev="0" fileid="18" />
                <SequencePoint vc="0" uspid="1111" ordinal="166" offset="1968" sl="319" sc="17" el="319" ec="18" bec="0" bev="0" fileid="18" />
                <SequencePoint vc="0" uspid="1112" ordinal="167" offset="1969" sl="320" sc="21" el="320" ec="46" bec="2" bev="0" fileid="18" />
                <SequencePoint vc="0" uspid="1113" ordinal="168" offset="1985" sl="321" sc="25" el="321" ec="88" bec="0" bev="0" fileid="18" />
                <SequencePoint vc="0" uspid="1114" ordinal="169" offset="1996" sl="323" sc="21" el="323" ec="74" bec="0" bev="0" fileid="18" />
                <SequencePoint vc="0" uspid="1115" ordinal="170" offset="2020" sl="324" sc="17" el="324" ec="18" bec="0" bev="0" fileid="18" />
                <SequencePoint vc="0" uspid="1116" ordinal="171" offset="2026" sl="326" sc="17" el="326" ec="18" bec="0" bev="0" fileid="18" />
                <SequencePoint vc="0" uspid="1117" ordinal="172" offset="2027" sl="328" sc="21" el="328" ec="150" bec="0" bev="0" fileid="18" />
                <SequencePoint vc="0" uspid="1118" ordinal="173" offset="2053" sl="329" sc="21" el="329" ec="47" bec="2" bev="0" fileid="18" />
                <SequencePoint vc="0" uspid="1119" ordinal="174" offset="2064" sl="330" sc="21" el="330" ec="22" bec="0" bev="0" fileid="18" />
                <SequencePoint vc="0" uspid="1120" ordinal="175" offset="2065" sl="331" sc="25" el="331" ec="52" bec="0" bev="0" fileid="18" />
                <SequencePoint vc="0" uspid="1121" ordinal="176" offset="2073" sl="332" sc="25" el="332" ec="46" bec="2" bev="0" fileid="18" />
                <SequencePoint vc="0" uspid="1122" ordinal="177" offset="2088" sl="333" sc="29" el="333" ec="89" bec="0" bev="0" fileid="18" />
                <SequencePoint vc="0" uspid="1123" ordinal="178" offset="2099" sl="335" sc="25" el="335" ec="50" bec="0" bev="0" fileid="18" />
                <SequencePoint vc="0" uspid="1124" ordinal="179" offset="2107" sl="336" sc="21" el="336" ec="22" bec="0" bev="0" fileid="18" />
                <SequencePoint vc="0" uspid="1125" ordinal="180" offset="2113" sl="339" sc="21" el="339" ec="22" bec="0" bev="0" fileid="18" />
                <SequencePoint vc="0" uspid="1126" ordinal="181" offset="2114" sl="340" sc="25" el="340" ec="146" bec="2" bev="0" fileid="18" />
                <SequencePoint vc="0" uspid="1127" ordinal="182" offset="2146" sl="341" sc="29" el="341" ec="90" bec="0" bev="0" fileid="18" />
                <SequencePoint vc="0" uspid="1128" ordinal="183" offset="2169" sl="343" sc="25" el="343" ec="50" bec="2" bev="0" fileid="18" />
                <SequencePoint vc="0" uspid="1129" ordinal="184" offset="2185" sl="344" sc="29" el="344" ec="95" bec="0" bev="0" fileid="18" />
                <SequencePoint vc="0" uspid="1130" ordinal="185" offset="2208" sl="346" sc="25" el="346" ec="56" bec="0" bev="0" fileid="18" />
                <SequencePoint vc="0" uspid="1131" ordinal="186" offset="2221" sl="348" sc="25" el="348" ec="70" bec="0" bev="0" fileid="18" />
                <SequencePoint vc="0" uspid="1132" ordinal="187" offset="2247" sl="349" sc="21" el="349" ec="22" bec="0" bev="0" fileid="18" />
                <SequencePoint vc="0" uspid="1133" ordinal="188" offset="2248" sl="350" sc="17" el="350" ec="18" bec="0" bev="0" fileid="18" />
                <SequencePoint vc="0" uspid="1134" ordinal="189" offset="2249" sl="351" sc="13" el="351" ec="14" bec="0" bev="0" fileid="18" />
                <SequencePoint vc="0" uspid="1135" ordinal="190" offset="2250" sl="144" sc="13" el="144" ec="40" bec="2" bev="0" fileid="18" />
                <SequencePoint vc="0" uspid="1136" ordinal="191" offset="2273" sl="353" sc="13" el="353" ec="28" bec="0" bev="0" fileid="18" />
                <SequencePoint vc="0" uspid="1137" ordinal="192" offset="2278" sl="354" sc="9" el="354" ec="10" bec="0" bev="0" fileid="18" />
              </SequencePoints>
              <BranchPoints>
                <BranchPoint vc="0" uspid="1138" ordinal="0" offset="39" sl="115" path="0" offsetchain="41" offsetend="273" fileid="18" />
                <BranchPoint vc="0" uspid="1139" ordinal="1" offset="39" sl="115" path="1" offsetend="46" fileid="18" />
                <BranchPoint vc="0" uspid="1140" ordinal="2" offset="68" sl="119" path="0" offsetend="70" fileid="18" />
                <BranchPoint vc="0" uspid="1141" ordinal="3" offset="68" sl="119" path="1" offsetend="87" fileid="18" />
                <BranchPoint vc="0" uspid="1142" ordinal="4" offset="101" sl="121" path="0" offsetend="103" fileid="18" />
                <BranchPoint vc="0" uspid="1143" ordinal="5" offset="101" sl="121" path="1" offsetend="120" fileid="18" />
                <BranchPoint vc="0" uspid="1144" ordinal="6" offset="140" sl="125" path="0" offsetend="142" fileid="18" />
                <BranchPoint vc="0" uspid="1145" ordinal="7" offset="140" sl="125" path="1" offsetend="235" fileid="18" />
                <BranchPoint vc="0" uspid="1146" ordinal="8" offset="169" sl="128" path="0" offsetend="171" fileid="18" />
                <BranchPoint vc="0" uspid="1147" ordinal="9" offset="169" sl="128" path="1" offsetend="180" fileid="18" />
                <BranchPoint vc="0" uspid="1148" ordinal="10" offset="185" sl="128" path="0" offsetend="187" fileid="18" />
                <BranchPoint vc="0" uspid="1149" ordinal="11" offset="185" sl="128" path="1" offsetend="234" fileid="18" />
                <BranchPoint vc="0" uspid="1150" ordinal="12" offset="214" sl="131" path="0" offsetend="216" fileid="18" />
                <BranchPoint vc="0" uspid="1151" ordinal="13" offset="214" sl="131" path="1" offsetend="233" fileid="18" />
                <BranchPoint vc="0" uspid="1152" ordinal="14" offset="268" sl="113" path="0" offsetend="273" fileid="18" />
                <BranchPoint vc="0" uspid="1153" ordinal="15" offset="268" sl="113" path="1" offsetend="12" fileid="18" />
                <BranchPoint vc="0" uspid="1154" ordinal="16" offset="286" sl="139" path="0" offsetend="288" fileid="18" />
                <BranchPoint vc="0" uspid="1155" ordinal="17" offset="286" sl="139" path="1" offsetend="299" fileid="18" />
                <BranchPoint vc="0" uspid="1156" ordinal="18" offset="377" sl="149" path="0" offsetend="379" fileid="18" />
                <BranchPoint vc="0" uspid="1157" ordinal="19" offset="377" sl="149" path="1" offsetend="402" fileid="18" />
                <BranchPoint vc="0" uspid="1158" ordinal="20" offset="443" sl="154" path="0" offsetend="445" fileid="18" />
                <BranchPoint vc="0" uspid="1159" ordinal="21" offset="443" sl="154" path="1" offsetend="468" fileid="18" />
                <BranchPoint vc="0" uspid="1160" ordinal="22" offset="489" sl="159" path="0" offsetend="491" fileid="18" />
                <BranchPoint vc="0" uspid="1161" ordinal="23" offset="489" sl="159" path="1" offsetend="514" fileid="18" />
                <BranchPoint vc="0" uspid="1162" ordinal="24" offset="535" sl="164" path="0" offsetend="537" fileid="18" />
                <BranchPoint vc="0" uspid="1163" ordinal="25" offset="535" sl="164" path="1" offsetend="560" fileid="18" />
                <BranchPoint vc="0" uspid="1164" ordinal="26" offset="581" sl="169" path="0" offsetend="583" fileid="18" />
                <BranchPoint vc="0" uspid="1165" ordinal="27" offset="581" sl="169" path="1" offsetend="606" fileid="18" />
                <BranchPoint vc="0" uspid="1166" ordinal="28" offset="627" sl="174" path="0" offsetend="629" fileid="18" />
                <BranchPoint vc="0" uspid="1167" ordinal="29" offset="627" sl="174" path="1" offsetend="652" fileid="18" />
                <BranchPoint vc="0" uspid="1168" ordinal="30" offset="673" sl="179" path="0" offsetend="675" fileid="18" />
                <BranchPoint vc="0" uspid="1169" ordinal="31" offset="673" sl="179" path="1" offsetend="698" fileid="18" />
                <BranchPoint vc="0" uspid="1170" ordinal="32" offset="719" sl="191" path="0" offsetend="721" fileid="18" />
                <BranchPoint vc="0" uspid="1171" ordinal="33" offset="719" sl="191" path="1" offsetend="744" fileid="18" />
                <BranchPoint vc="0" uspid="1172" ordinal="34" offset="765" sl="196" path="0" offsetend="767" fileid="18" />
                <BranchPoint vc="0" uspid="1173" ordinal="35" offset="765" sl="196" path="1" offsetend="790" fileid="18" />
                <BranchPoint vc="0" uspid="1174" ordinal="36" offset="811" sl="201" path="0" offsetend="813" fileid="18" />
                <BranchPoint vc="0" uspid="1175" ordinal="37" offset="811" sl="201" path="1" offsetend="836" fileid="18" />
                <BranchPoint vc="0" uspid="1176" ordinal="38" offset="857" sl="206" path="0" offsetend="859" fileid="18" />
                <BranchPoint vc="0" uspid="1177" ordinal="39" offset="857" sl="206" path="1" offsetend="882" fileid="18" />
                <BranchPoint vc="0" uspid="1178" ordinal="40" offset="903" sl="211" path="0" offsetend="905" fileid="18" />
                <BranchPoint vc="0" uspid="1179" ordinal="41" offset="903" sl="211" path="1" offsetend="928" fileid="18" />
                <BranchPoint vc="0" uspid="1180" ordinal="42" offset="949" sl="216" path="0" offsetend="954" fileid="18" />
                <BranchPoint vc="0" uspid="1181" ordinal="43" offset="949" sl="216" path="1" offsetend="1114" fileid="18" />
                <BranchPoint vc="0" uspid="1182" ordinal="44" offset="969" sl="218" path="0" offsetend="971" fileid="18" />
                <BranchPoint vc="0" uspid="1183" ordinal="45" offset="969" sl="218" path="1" offsetend="982" fileid="18" />
                <BranchPoint vc="0" uspid="1184" ordinal="46" offset="1003" sl="221" path="0" offsetend="1005" fileid="18" />
                <BranchPoint vc="0" uspid="1185" ordinal="47" offset="1003" sl="221" path="1" offsetend="1021" fileid="18" />
                <BranchPoint vc="0" uspid="1186" ordinal="48" offset="1017" sl="221" path="0" offsetchain="1019" offsetend="1051" fileid="18" />
                <BranchPoint vc="0" uspid="1187" ordinal="49" offset="1017" sl="221" path="1" offsetend="1036" fileid="18" />
                <BranchPoint vc="0" uspid="1188" ordinal="50" offset="1065" sl="233" path="0" offsetend="1067" fileid="18" />
                <BranchPoint vc="0" uspid="1189" ordinal="51" offset="1065" sl="233" path="1" offsetend="1074" fileid="18" />
                <BranchPoint vc="0" uspid="1190" ordinal="52" offset="1079" sl="233" path="0" offsetend="1081" fileid="18" />
                <BranchPoint vc="0" uspid="1191" ordinal="53" offset="1079" sl="233" path="1" offsetend="1092" fileid="18" />
                <BranchPoint vc="0" uspid="1192" ordinal="54" offset="1135" sl="240" path="0" offsetend="1140" fileid="18" />
                <BranchPoint vc="0" uspid="1193" ordinal="55" offset="1135" sl="240" path="1" offsetend="1347" fileid="18" />
                <BranchPoint vc="0" uspid="1194" ordinal="56" offset="1155" sl="242" path="0" offsetend="1157" fileid="18" />
                <BranchPoint vc="0" uspid="1195" ordinal="57" offset="1155" sl="242" path="1" offsetend="1168" fileid="18" />
                <BranchPoint vc="0" uspid="1196" ordinal="58" offset="1189" sl="246" path="0" offsetend="1191" fileid="18" />
                <BranchPoint vc="0" uspid="1197" ordinal="59" offset="1189" sl="246" path="1" offsetend="1202" fileid="18" />
                <BranchPoint vc="0" uspid="1198" ordinal="60" offset="1210" sl="249" path="0" offsetchain="1227" offsetend="1313" fileid="18" />
                <BranchPoint vc="0" uspid="1199" ordinal="61" offset="1210" sl="249" path="1" offsetend="1285" fileid="18" />
                <BranchPoint vc="0" uspid="1200" ordinal="62" offset="1210" sl="249" path="2" offsetend="1257" fileid="18" />
                <BranchPoint vc="0" uspid="1201" ordinal="63" offset="1210" sl="249" path="3" offsetend="1229" fileid="18" />
                <BranchPoint vc="0" uspid="1202" ordinal="64" offset="1368" sl="272" path="0" offsetend="1370" fileid="18" />
                <BranchPoint vc="0" uspid="1203" ordinal="65" offset="1368" sl="272" path="1" offsetend="1453" fileid="18" />
                <BranchPoint vc="0" uspid="1206" ordinal="68" offset="1474" sl="278" path="0" offsetend="1479" fileid="18" />
                <BranchPoint vc="0" uspid="1207" ordinal="69" offset="1474" sl="278" path="1" offsetend="1618" fileid="18" />
                <BranchPoint vc="0" uspid="1208" ordinal="70" offset="1494" sl="280" path="0" offsetend="1496" fileid="18" />
                <BranchPoint vc="0" uspid="1209" ordinal="71" offset="1494" sl="280" path="1" offsetend="1507" fileid="18" />
                <BranchPoint vc="0" uspid="1210" ordinal="72" offset="1537" sl="284" path="0" offsetend="1539" fileid="18" />
                <BranchPoint vc="0" uspid="1211" ordinal="73" offset="1537" sl="284" path="1" offsetend="1561" fileid="18" />
                <BranchPoint vc="0" uspid="1212" ordinal="74" offset="1548" sl="284" path="0" offsetend="1550" fileid="18" />
                <BranchPoint vc="0" uspid="1213" ordinal="75" offset="1548" sl="284" path="1" offsetend="1561" fileid="18" />
                <BranchPoint vc="0" uspid="1214" ordinal="76" offset="1566" sl="284" path="0" offsetend="1568" fileid="18" />
                <BranchPoint vc="0" uspid="1215" ordinal="77" offset="1566" sl="284" path="1" offsetend="1579" fileid="18" />
                <BranchPoint vc="0" uspid="1216" ordinal="78" offset="1639" sl="291" path="0" offsetend="1644" fileid="18" />
                <BranchPoint vc="0" uspid="1217" ordinal="79" offset="1639" sl="291" path="1" offsetend="1783" fileid="18" />
                <BranchPoint vc="0" uspid="1218" ordinal="80" offset="1659" sl="293" path="0" offsetend="1661" fileid="18" />
                <BranchPoint vc="0" uspid="1219" ordinal="81" offset="1659" sl="293" path="1" offsetend="1672" fileid="18" />
                <BranchPoint vc="0" uspid="1220" ordinal="82" offset="1702" sl="297" path="0" offsetend="1704" fileid="18" />
                <BranchPoint vc="0" uspid="1221" ordinal="83" offset="1702" sl="297" path="1" offsetend="1726" fileid="18" />
                <BranchPoint vc="0" uspid="1222" ordinal="84" offset="1713" sl="297" path="0" offsetend="1715" fileid="18" />
                <BranchPoint vc="0" uspid="1223" ordinal="85" offset="1713" sl="297" path="1" offsetend="1726" fileid="18" />
                <BranchPoint vc="0" uspid="1224" ordinal="86" offset="1731" sl="297" path="0" offsetend="1733" fileid="18" />
                <BranchPoint vc="0" uspid="1225" ordinal="87" offset="1731" sl="297" path="1" offsetend="1744" fileid="18" />
                <BranchPoint vc="0" uspid="1226" ordinal="88" offset="1804" sl="304" path="0" offsetend="1806" fileid="18" />
                <BranchPoint vc="0" uspid="1227" ordinal="89" offset="1804" sl="304" path="1" offsetend="1864" fileid="18" />
                <BranchPoint vc="0" uspid="1228" ordinal="90" offset="1821" sl="306" path="0" offsetend="1823" fileid="18" />
                <BranchPoint vc="0" uspid="1229" ordinal="91" offset="1821" sl="306" path="1" offsetend="1834" fileid="18" />
                <BranchPoint vc="0" uspid="1230" ordinal="92" offset="1885" sl="311" path="0" offsetend="1887" fileid="18" />
                <BranchPoint vc="0" uspid="1231" ordinal="93" offset="1885" sl="311" path="1" offsetend="1945" fileid="18" />
                <BranchPoint vc="0" uspid="1232" ordinal="94" offset="1902" sl="313" path="0" offsetend="1904" fileid="18" />
                <BranchPoint vc="0" uspid="1233" ordinal="95" offset="1902" sl="313" path="1" offsetend="1915" fileid="18" />
                <BranchPoint vc="0" uspid="1234" ordinal="96" offset="1966" sl="318" path="0" offsetend="1968" fileid="18" />
                <BranchPoint vc="0" uspid="1235" ordinal="97" offset="1966" sl="318" path="1" offsetend="2026" fileid="18" />
                <BranchPoint vc="0" uspid="1236" ordinal="98" offset="1983" sl="320" path="0" offsetend="1985" fileid="18" />
                <BranchPoint vc="0" uspid="1237" ordinal="99" offset="1983" sl="320" path="1" offsetend="1996" fileid="18" />
                <BranchPoint vc="0" uspid="1238" ordinal="100" offset="2062" sl="329" path="0" offsetend="2064" fileid="18" />
                <BranchPoint vc="0" uspid="1239" ordinal="101" offset="2062" sl="329" path="1" offsetend="2113" fileid="18" />
                <BranchPoint vc="0" uspid="1240" ordinal="102" offset="2086" sl="332" path="0" offsetend="2088" fileid="18" />
                <BranchPoint vc="0" uspid="1241" ordinal="103" offset="2086" sl="332" path="1" offsetend="2099" fileid="18" />
                <BranchPoint vc="0" uspid="1242" ordinal="104" offset="2144" sl="340" path="0" offsetend="2146" fileid="18" />
                <BranchPoint vc="0" uspid="1243" ordinal="105" offset="2144" sl="340" path="1" offsetend="2169" fileid="18" />
                <BranchPoint vc="0" uspid="1244" ordinal="106" offset="2183" sl="343" path="0" offsetend="2185" fileid="18" />
                <BranchPoint vc="0" uspid="1245" ordinal="107" offset="2183" sl="343" path="1" offsetend="2208" fileid="18" />
                <BranchPoint vc="0" uspid="1246" ordinal="108" offset="2268" sl="144" path="0" offsetend="2273" fileid="18" />
                <BranchPoint vc="0" uspid="1247" ordinal="109" offset="2268" sl="144" path="1" offsetend="312" fileid="18" />
              </BranchPoints>
              <MethodPoint xsi:type="SequencePoint" vc="0" uspid="945" ordinal="0" offset="0" sl="110" sc="9" el="110" ec="10" bec="0" bev="0" fileid="18" />
            </Method>
            <Method visited="false" cyclomaticComplexity="3" nPathComplexity="4" sequenceCoverage="0" branchCoverage="0" crapScore="12" isConstructor="false" isStatic="true" isGetter="false" isSetter="false">
              <Summary numSequencePoints="7" visitedSequencePoints="0" numBranchPoints="5" visitedBranchPoints="0" sequenceCoverage="0" branchCoverage="0" maxCyclomaticComplexity="3" minCyclomaticComplexity="3" maxCrapScore="12" minCrapScore="12" visitedClasses="0" numClasses="0" visitedMethods="0" numMethods="1" />
              <MetadataToken>100663412</MetadataToken>
              <Name>System.Collections.Generic.KeyValuePair`2&lt;System.String,System.String&gt; Xunit.ConsoleClient.CommandLine::PopOption(System.Collections.Generic.Stack`1&lt;System.String&gt;)</Name>
              <FileRef uid="18" />
              <SequencePoints>
                <SequencePoint vc="0" uspid="1248" ordinal="0" offset="0" sl="357" sc="9" el="357" ec="10" bec="0" bev="0" fileid="18" />
                <SequencePoint vc="0" uspid="1249" ordinal="1" offset="1" sl="358" sc="13" el="358" ec="42" bec="0" bev="0" fileid="18" />
                <SequencePoint vc="0" uspid="1250" ordinal="2" offset="8" sl="359" sc="13" el="359" ec="33" bec="0" bev="0" fileid="18" />
                <SequencePoint vc="0" uspid="1251" ordinal="3" offset="10" sl="361" sc="13" el="361" ec="100" bec="4" bev="0" fileid="18" />
                <SequencePoint vc="0" uspid="1252" ordinal="4" offset="46" sl="362" sc="17" el="362" ec="41" bec="0" bev="0" fileid="18" />
                <SequencePoint vc="0" uspid="1253" ordinal="5" offset="53" sl="364" sc="13" el="364" ec="68" bec="0" bev="0" fileid="18" />
                <SequencePoint vc="0" uspid="1254" ordinal="6" offset="63" sl="365" sc="9" el="365" ec="10" bec="0" bev="0" fileid="18" />
              </SequencePoints>
              <BranchPoints>
                <BranchPoint vc="0" uspid="1255" ordinal="0" offset="17" sl="361" path="0" offsetend="19" fileid="18" />
                <BranchPoint vc="0" uspid="1256" ordinal="1" offset="17" sl="361" path="1" offsetend="41" fileid="18" />
                <BranchPoint vc="0" uspid="1257" ordinal="2" offset="44" sl="361" path="0" offsetend="46" fileid="18" />
                <BranchPoint vc="0" uspid="1258" ordinal="3" offset="44" sl="361" path="1" offsetend="53" fileid="18" />
              </BranchPoints>
              <MethodPoint xsi:type="SequencePoint" vc="0" uspid="1248" ordinal="0" offset="0" sl="357" sc="9" el="357" ec="10" bec="0" bev="0" fileid="18" />
            </Method>
            <Method visited="false" cyclomaticComplexity="2" nPathComplexity="2" sequenceCoverage="0" branchCoverage="0" crapScore="6" isConstructor="false" isStatic="true" isGetter="false" isSetter="false">
              <Summary numSequencePoints="6" visitedSequencePoints="0" numBranchPoints="3" visitedBranchPoints="0" sequenceCoverage="0" branchCoverage="0" maxCyclomaticComplexity="2" minCyclomaticComplexity="2" maxCrapScore="6" minCrapScore="6" visitedClasses="0" numClasses="0" visitedMethods="0" numMethods="1" />
              <MetadataToken>100663413</MetadataToken>
              <Name>System.Void Xunit.ConsoleClient.CommandLine::EnsurePathExists(System.String)</Name>
              <FileRef uid="18" />
              <SequencePoints>
                <SequencePoint vc="0" uspid="1259" ordinal="0" offset="0" sl="368" sc="9" el="368" ec="10" bec="0" bev="0" fileid="18" />
                <SequencePoint vc="0" uspid="1260" ordinal="1" offset="1" sl="369" sc="13" el="369" ec="57" bec="0" bev="0" fileid="18" />
                <SequencePoint vc="0" uspid="1261" ordinal="2" offset="8" sl="371" sc="13" el="371" ec="48" bec="2" bev="0" fileid="18" />
                <SequencePoint vc="0" uspid="1262" ordinal="3" offset="18" sl="372" sc="17" el="372" ec="24" bec="0" bev="0" fileid="18" />
                <SequencePoint vc="0" uspid="1263" ordinal="4" offset="20" sl="374" sc="13" el="374" ec="50" bec="0" bev="0" fileid="18" />
                <SequencePoint vc="0" uspid="1264" ordinal="5" offset="27" sl="375" sc="9" el="375" ec="10" bec="0" bev="0" fileid="18" />
              </SequencePoints>
              <BranchPoints>
                <BranchPoint vc="0" uspid="1265" ordinal="0" offset="16" sl="371" path="0" offsetchain="18" offsetend="27" fileid="18" />
                <BranchPoint vc="0" uspid="1266" ordinal="1" offset="16" sl="371" path="1" offsetend="20" fileid="18" />
              </BranchPoints>
              <MethodPoint xsi:type="SequencePoint" vc="0" uspid="1259" ordinal="0" offset="0" sl="368" sc="9" el="368" ec="10" bec="0" bev="0" fileid="18" />
            </Method>
          </Methods>
        </Class>
        <Class>
          <Summary numSequencePoints="1" visitedSequencePoints="0" numBranchPoints="1" visitedBranchPoints="0" sequenceCoverage="0" branchCoverage="0" maxCyclomaticComplexity="1" minCyclomaticComplexity="1" maxCrapScore="2" minCrapScore="2" visitedClasses="0" numClasses="1" visitedMethods="0" numMethods="1" />
          <FullName>Xunit.ConsoleClient.CommandLine/&lt;&gt;c</FullName>
          <Methods>
            <Method visited="false" cyclomaticComplexity="1" nPathComplexity="0" sequenceCoverage="0" branchCoverage="0" crapScore="2" isConstructor="true" isStatic="true" isGetter="false" isSetter="false">
              <Summary numSequencePoints="0" visitedSequencePoints="0" numBranchPoints="0" visitedBranchPoints="0" sequenceCoverage="0" branchCoverage="0" maxCyclomaticComplexity="1" minCyclomaticComplexity="1" maxCrapScore="2" minCrapScore="2" visitedClasses="0" numClasses="0" visitedMethods="0" numMethods="0" />
              <MetadataToken>100663446</MetadataToken>
              <Name>System.Void Xunit.ConsoleClient.CommandLine/&lt;&gt;c::.cctor()</Name>
              <SequencePoints />
              <BranchPoints />
              <MethodPoint vc="0" uspid="1267" ordinal="0" offset="0" />
            </Method>
            <Method visited="false" cyclomaticComplexity="1" nPathComplexity="0" sequenceCoverage="0" branchCoverage="0" crapScore="2" isConstructor="true" isStatic="false" isGetter="false" isSetter="false">
              <Summary numSequencePoints="0" visitedSequencePoints="0" numBranchPoints="0" visitedBranchPoints="0" sequenceCoverage="0" branchCoverage="0" maxCyclomaticComplexity="1" minCyclomaticComplexity="1" maxCrapScore="2" minCrapScore="2" visitedClasses="0" numClasses="0" visitedMethods="0" numMethods="0" />
              <MetadataToken>100663447</MetadataToken>
              <Name>System.Void Xunit.ConsoleClient.CommandLine/&lt;&gt;c::.ctor()</Name>
              <SequencePoints />
              <BranchPoints />
              <MethodPoint vc="0" uspid="1268" ordinal="0" offset="0" />
            </Method>
            <Method visited="false" cyclomaticComplexity="1" nPathComplexity="0" sequenceCoverage="0" branchCoverage="0" crapScore="2" isConstructor="false" isStatic="false" isGetter="false" isSetter="false">
              <Summary numSequencePoints="1" visitedSequencePoints="0" numBranchPoints="1" visitedBranchPoints="0" sequenceCoverage="0" branchCoverage="0" maxCyclomaticComplexity="1" minCyclomaticComplexity="1" maxCrapScore="2" minCrapScore="2" visitedClasses="0" numClasses="0" visitedMethods="0" numMethods="1" />
              <MetadataToken>100663448</MetadataToken>
              <Name>System.Boolean Xunit.ConsoleClient.CommandLine/&lt;&gt;c::&lt;get_Reporter&gt;b__53_0(Xunit.IRunnerReporter)</Name>
              <FileRef uid="18" />
              <SequencePoints>
                <SequencePoint vc="0" uspid="1269" ordinal="0" offset="0" sl="61" sc="60" el="61" ec="86" bec="0" bev="0" fileid="18" />
              </SequencePoints>
              <BranchPoints />
              <MethodPoint xsi:type="SequencePoint" vc="0" uspid="1269" ordinal="0" offset="0" sl="61" sc="60" el="61" ec="86" bec="0" bev="0" fileid="18" />
            </Method>
          </Methods>
        </Class>
        <Class>
          <Summary numSequencePoints="2" visitedSequencePoints="0" numBranchPoints="2" visitedBranchPoints="0" sequenceCoverage="0" branchCoverage="0" maxCyclomaticComplexity="1" minCyclomaticComplexity="1" maxCrapScore="2" minCrapScore="2" visitedClasses="0" numClasses="1" visitedMethods="0" numMethods="2" />
          <FullName>Xunit.ConsoleClient.CommandLine/&lt;&gt;c__DisplayClass71_0</FullName>
          <Methods>
            <Method visited="false" cyclomaticComplexity="1" nPathComplexity="0" sequenceCoverage="0" branchCoverage="0" crapScore="2" isConstructor="true" isStatic="false" isGetter="false" isSetter="false">
              <Summary numSequencePoints="0" visitedSequencePoints="0" numBranchPoints="0" visitedBranchPoints="0" sequenceCoverage="0" branchCoverage="0" maxCyclomaticComplexity="1" minCyclomaticComplexity="1" maxCrapScore="2" minCrapScore="2" visitedClasses="0" numClasses="0" visitedMethods="0" numMethods="0" />
              <MetadataToken>100663449</MetadataToken>
              <Name>System.Void Xunit.ConsoleClient.CommandLine/&lt;&gt;c__DisplayClass71_0::.ctor()</Name>
              <SequencePoints />
              <BranchPoints />
              <MethodPoint vc="0" uspid="1270" ordinal="0" offset="0" />
            </Method>
            <Method visited="false" cyclomaticComplexity="1" nPathComplexity="0" sequenceCoverage="0" branchCoverage="0" crapScore="2" isConstructor="false" isStatic="false" isGetter="false" isSetter="false">
              <Summary numSequencePoints="1" visitedSequencePoints="0" numBranchPoints="1" visitedBranchPoints="0" sequenceCoverage="0" branchCoverage="0" maxCyclomaticComplexity="1" minCyclomaticComplexity="1" maxCrapScore="2" minCrapScore="2" visitedClasses="0" numClasses="0" visitedMethods="0" numMethods="1" />
              <MetadataToken>100663450</MetadataToken>
              <Name>System.Boolean Xunit.ConsoleClient.CommandLine/&lt;&gt;c__DisplayClass71_0::&lt;Parse&gt;b__0(Xunit.IRunnerReporter)</Name>
              <FileRef uid="18" />
              <SequencePoints>
                <SequencePoint vc="0" uspid="1271" ordinal="0" offset="0" sl="328" sc="71" el="328" ec="148" bec="0" bev="0" fileid="18" />
              </SequencePoints>
              <BranchPoints />
              <MethodPoint xsi:type="SequencePoint" vc="0" uspid="1271" ordinal="0" offset="0" sl="328" sc="71" el="328" ec="148" bec="0" bev="0" fileid="18" />
            </Method>
            <Method visited="false" cyclomaticComplexity="1" nPathComplexity="0" sequenceCoverage="0" branchCoverage="0" crapScore="2" isConstructor="false" isStatic="false" isGetter="false" isSetter="false">
              <Summary numSequencePoints="1" visitedSequencePoints="0" numBranchPoints="1" visitedBranchPoints="0" sequenceCoverage="0" branchCoverage="0" maxCyclomaticComplexity="1" minCyclomaticComplexity="1" maxCrapScore="2" minCrapScore="2" visitedClasses="0" numClasses="0" visitedMethods="0" numMethods="1" />
              <MetadataToken>100663451</MetadataToken>
              <Name>System.Boolean Xunit.ConsoleClient.CommandLine/&lt;&gt;c__DisplayClass71_0::&lt;Parse&gt;b__1(Xunit.ConsoleClient.Transform)</Name>
              <FileRef uid="18" />
              <SequencePoints>
                <SequencePoint vc="0" uspid="1272" ordinal="0" offset="0" sl="340" sc="76" el="340" ec="144" bec="0" bev="0" fileid="18" />
              </SequencePoints>
              <BranchPoints />
              <MethodPoint xsi:type="SequencePoint" vc="0" uspid="1272" ordinal="0" offset="0" sl="340" sc="76" el="340" ec="144" bec="0" bev="0" fileid="18" />
            </Method>
          </Methods>
        </Class>
        <Class>
          <Summary numSequencePoints="291" visitedSequencePoints="103" numBranchPoints="127" visitedBranchPoints="25" sequenceCoverage="35.40" branchCoverage="19.69" maxCyclomaticComplexity="26" minCyclomaticComplexity="1" maxCrapScore="702" minCrapScore="1" visitedClasses="1" numClasses="1" visitedMethods="5" numMethods="13" />
          <FullName>Xunit.ConsoleClient.ConsoleRunner</FullName>
          <Methods>
            <Method visited="true" cyclomaticComplexity="13" nPathComplexity="2048" sequenceCoverage="27.27" branchCoverage="17.39" crapScore="78.02" isConstructor="false" isStatic="false" isGetter="false" isSetter="false">
              <Summary numSequencePoints="44" visitedSequencePoints="12" numBranchPoints="23" visitedBranchPoints="4" sequenceCoverage="27.27" branchCoverage="17.39" maxCyclomaticComplexity="13" minCyclomaticComplexity="13" maxCrapScore="78.02" minCrapScore="78.02" visitedClasses="0" numClasses="0" visitedMethods="1" numMethods="1" />
              <MetadataToken>100663414</MetadataToken>
              <Name>System.Int32 Xunit.ConsoleClient.ConsoleRunner::EntryPoint(System.String[])</Name>
              <FileRef uid="21" />
              <SequencePoints>
                <SequencePoint vc="1" uspid="1273" ordinal="0" offset="0" sl="23" sc="9" el="23" ec="10" bec="0" bev="0" fileid="21" />
                <SequencePoint vc="1" uspid="1274" ordinal="1" offset="1" sl="25" sc="13" el="25" ec="14" bec="0" bev="0" fileid="21" />
                <SequencePoint vc="1" uspid="1275" ordinal="2" offset="2" sl="26" sc="17" el="26" ec="63" bec="0" bev="0" fileid="21" />
                <SequencePoint vc="1" uspid="1276" ordinal="3" offset="9" sl="28" sc="17" el="28" ec="118" bec="7" bev="2" fileid="21" />
                <SequencePoint vc="1" uspid="1277" ordinal="4" offset="80" sl="29" sc="17" el="29" ec="18" bec="0" bev="0" fileid="21" />
                <SequencePoint vc="1" uspid="1278" ordinal="5" offset="81" sl="30" sc="21" el="30" ec="35" bec="0" bev="0" fileid="21" />
                <SequencePoint vc="1" uspid="1279" ordinal="6" offset="88" sl="31" sc="21" el="31" ec="43" bec="0" bev="0" fileid="21" />
                <SequencePoint vc="1" uspid="1280" ordinal="7" offset="96" sl="32" sc="21" el="32" ec="30" bec="0" bev="0" fileid="21" />
                <SequencePoint vc="0" uspid="1281" ordinal="8" offset="104" sl="36" sc="17" el="36" ec="84" bec="0" bev="0" fileid="21" />
                <SequencePoint vc="0" uspid="1282" ordinal="9" offset="127" sl="39" sc="17" el="47" ec="19" bec="0" bev="0" fileid="21" />
                <SequencePoint vc="0" uspid="1283" ordinal="10" offset="145" sl="49" sc="17" el="49" ec="72" bec="0" bev="0" fileid="21" />
                <SequencePoint vc="0" uspid="1284" ordinal="11" offset="151" sl="50" sc="17" el="50" ec="125" bec="2" bev="0" fileid="21" />
                <SequencePoint vc="0" uspid="1285" ordinal="12" offset="186" sl="51" sc="21" el="51" ec="69" bec="0" bev="0" fileid="21" />
                <SequencePoint vc="0" uspid="1286" ordinal="13" offset="207" sl="53" sc="17" el="53" ec="70" bec="0" bev="0" fileid="21" />
                <SequencePoint vc="0" uspid="1287" ordinal="14" offset="215" sl="64" sc="17" el="64" ec="39" bec="2" bev="0" fileid="21" />
                <SequencePoint vc="0" uspid="1288" ordinal="15" offset="227" sl="65" sc="21" el="65" ec="39" bec="0" bev="0" fileid="21" />
                <SequencePoint vc="0" uspid="1289" ordinal="16" offset="233" sl="67" sc="17" el="67" ec="72" bec="0" bev="0" fileid="21" />
                <SequencePoint vc="0" uspid="1290" ordinal="17" offset="253" sl="68" sc="17" el="68" ec="126" bec="0" bev="0" fileid="21" />
                <SequencePoint vc="0" uspid="1291" ordinal="18" offset="281" sl="70" sc="17" el="70" ec="41" bec="2" bev="0" fileid="21" />
                <SequencePoint vc="0" uspid="1292" ordinal="19" offset="296" sl="71" sc="21" el="71" ec="35" bec="0" bev="0" fileid="21" />
                <SequencePoint vc="0" uspid="1293" ordinal="20" offset="303" sl="73" sc="17" el="76" ec="131" bec="0" bev="0" fileid="21" />
                <SequencePoint vc="0" uspid="1294" ordinal="21" offset="376" sl="78" sc="17" el="78" ec="28" bec="2" bev="0" fileid="21" />
                <SequencePoint vc="0" uspid="1295" ordinal="22" offset="390" sl="79" sc="21" el="79" ec="40" bec="0" bev="0" fileid="21" />
                <SequencePoint vc="0" uspid="1296" ordinal="23" offset="402" sl="81" sc="17" el="81" ec="38" bec="2" bev="0" fileid="21" />
                <SequencePoint vc="0" uspid="1297" ordinal="24" offset="414" sl="82" sc="17" el="82" ec="18" bec="0" bev="0" fileid="21" />
                <SequencePoint vc="0" uspid="1298" ordinal="25" offset="415" sl="83" sc="21" el="83" ec="41" bec="0" bev="0" fileid="21" />
                <SequencePoint vc="0" uspid="1299" ordinal="26" offset="421" sl="84" sc="21" el="84" ec="67" bec="0" bev="0" fileid="21" />
                <SequencePoint vc="0" uspid="1300" ordinal="27" offset="432" sl="85" sc="21" el="85" ec="39" bec="0" bev="0" fileid="21" />
                <SequencePoint vc="0" uspid="1301" ordinal="28" offset="438" sl="86" sc="21" el="86" ec="41" bec="0" bev="0" fileid="21" />
                <SequencePoint vc="0" uspid="1302" ordinal="29" offset="444" sl="87" sc="17" el="87" ec="18" bec="0" bev="0" fileid="21" />
                <SequencePoint vc="0" uspid="1303" ordinal="30" offset="445" sl="89" sc="17" el="89" ec="46" bec="2" bev="0" fileid="21" />
                <SequencePoint vc="0" uspid="1304" ordinal="31" offset="457" sl="91" sc="13" el="91" ec="41" bec="0" bev="0" fileid="21" />
                <SequencePoint vc="0" uspid="1305" ordinal="32" offset="459" sl="92" sc="13" el="92" ec="14" bec="0" bev="0" fileid="21" />
                <SequencePoint vc="0" uspid="1306" ordinal="33" offset="460" sl="93" sc="17" el="93" ec="59" bec="0" bev="0" fileid="21" />
                <SequencePoint vc="0" uspid="1307" ordinal="34" offset="483" sl="94" sc="17" el="94" ec="50" bec="0" bev="0" fileid="21" />
                <SequencePoint vc="0" uspid="1308" ordinal="35" offset="496" sl="95" sc="17" el="95" ec="26" bec="0" bev="0" fileid="21" />
                <SequencePoint vc="0" uspid="1309" ordinal="36" offset="501" sl="97" sc="13" el="97" ec="47" bec="0" bev="0" fileid="21" />
                <SequencePoint vc="0" uspid="1310" ordinal="37" offset="503" sl="98" sc="13" el="98" ec="14" bec="0" bev="0" fileid="21" />
                <SequencePoint vc="0" uspid="1311" ordinal="38" offset="504" sl="99" sc="17" el="99" ec="47" bec="0" bev="0" fileid="21" />
                <SequencePoint vc="0" uspid="1312" ordinal="39" offset="517" sl="100" sc="17" el="100" ec="26" bec="0" bev="0" fileid="21" />
                <SequencePoint vc="1" uspid="1313" ordinal="40" offset="522" sl="103" sc="13" el="103" ec="14" bec="0" bev="0" fileid="21" />
                <SequencePoint vc="1" uspid="1314" ordinal="41" offset="523" sl="104" sc="17" el="104" ec="44" bec="0" bev="0" fileid="21" />
                <SequencePoint vc="1" uspid="1315" ordinal="42" offset="534" sl="105" sc="13" el="105" ec="14" bec="0" bev="0" fileid="21" />
                <SequencePoint vc="1" uspid="1316" ordinal="43" offset="536" sl="106" sc="9" el="106" ec="10" bec="0" bev="0" fileid="21" />
              </SequencePoints>
              <BranchPoints>
                <BranchPoint vc="0" uspid="1317" ordinal="0" offset="11" sl="28" path="0" offsetend="13" fileid="21" />
                <BranchPoint vc="1" uspid="1318" ordinal="1" offset="11" sl="28" path="1" offsetend="73" fileid="21" />
                <BranchPoint vc="0" uspid="1319" ordinal="2" offset="26" sl="28" path="0" offsetend="28" fileid="21" />
                <BranchPoint vc="0" uspid="1320" ordinal="3" offset="26" sl="28" path="1" offsetend="73" fileid="21" />
                <BranchPoint vc="0" uspid="1321" ordinal="4" offset="41" sl="28" path="0" offsetend="43" fileid="21" />
                <BranchPoint vc="0" uspid="1322" ordinal="5" offset="41" sl="28" path="1" offsetend="73" fileid="21" />
                <BranchPoint vc="0" uspid="1323" ordinal="6" offset="56" sl="28" path="0" offsetend="58" fileid="21" />
                <BranchPoint vc="1" uspid="1324" ordinal="7" offset="56" sl="28" path="1" offsetend="73" fileid="21" />
                <BranchPoint vc="1" uspid="1325" ordinal="8" offset="78" sl="28" path="0" offsetend="80" fileid="21" />
                <BranchPoint vc="0" uspid="1326" ordinal="9" offset="78" sl="28" path="1" offsetend="104" fileid="21" />
                <BranchPoint vc="0" uspid="1327" ordinal="10" offset="184" sl="50" path="0" offsetend="186" fileid="21" />
                <BranchPoint vc="0" uspid="1328" ordinal="11" offset="184" sl="50" path="1" offsetend="207" fileid="21" />
                <BranchPoint vc="0" uspid="1329" ordinal="12" offset="225" sl="64" path="0" offsetend="227" fileid="21" />
                <BranchPoint vc="0" uspid="1330" ordinal="13" offset="225" sl="64" path="1" offsetend="233" fileid="21" />
                <BranchPoint vc="0" uspid="1331" ordinal="14" offset="294" sl="70" path="0" offsetend="296" fileid="21" />
                <BranchPoint vc="0" uspid="1332" ordinal="15" offset="294" sl="70" path="1" offsetend="303" fileid="21" />
                <BranchPoint vc="0" uspid="1333" ordinal="16" offset="388" sl="78" path="0" offsetend="390" fileid="21" />
                <BranchPoint vc="0" uspid="1334" ordinal="17" offset="388" sl="78" path="1" offsetend="402" fileid="21" />
                <BranchPoint vc="0" uspid="1335" ordinal="18" offset="412" sl="81" path="0" offsetend="414" fileid="21" />
                <BranchPoint vc="0" uspid="1336" ordinal="19" offset="412" sl="81" path="1" offsetend="445" fileid="21" />
                <BranchPoint vc="0" uspid="1337" ordinal="20" offset="447" sl="89" path="0" offsetend="449" fileid="21" />
                <BranchPoint vc="0" uspid="1338" ordinal="21" offset="447" sl="89" path="1" offsetend="452" fileid="21" />
              </BranchPoints>
              <MethodPoint xsi:type="SequencePoint" vc="1" uspid="1273" ordinal="0" offset="0" sl="23" sc="9" el="23" ec="10" bec="0" bev="0" fileid="21" />
            </Method>
            <Method visited="true" cyclomaticComplexity="12" nPathComplexity="256" sequenceCoverage="69.23" branchCoverage="82.35" crapScore="16.20" isConstructor="false" isStatic="false" isGetter="false" isSetter="false">
              <Summary numSequencePoints="39" visitedSequencePoints="27" numBranchPoints="17" visitedBranchPoints="14" sequenceCoverage="69.23" branchCoverage="82.35" maxCyclomaticComplexity="12" minCyclomaticComplexity="12" maxCrapScore="16.20" minCrapScore="16.20" visitedClasses="0" numClasses="0" visitedMethods="1" numMethods="1" />
              <MetadataToken>100663415</MetadataToken>
              <Name>System.Collections.Generic.List`1&lt;Xunit.IRunnerReporter&gt; Xunit.ConsoleClient.ConsoleRunner::GetAvailableRunnerReporters()</Name>
              <FileRef uid="21" />
              <SequencePoints>
                <SequencePoint vc="1" uspid="1339" ordinal="0" offset="6" sl="109" sc="9" el="109" ec="10" bec="0" bev="0" fileid="21" />
                <SequencePoint vc="1" uspid="1340" ordinal="1" offset="7" sl="110" sc="13" el="110" ec="54" bec="0" bev="0" fileid="21" />
                <SequencePoint vc="1" uspid="1341" ordinal="2" offset="13" sl="112" sc="13" el="112" ec="101" bec="0" bev="0" fileid="21" />
                <SequencePoint vc="1" uspid="1342" ordinal="3" offset="49" sl="114" sc="13" el="114" ec="20" bec="0" bev="0" fileid="21" />
                <SequencePoint vc="1" uspid="1343" ordinal="4" offset="50" sl="114" sc="37" el="114" ec="117" bec="2" bev="1" fileid="21" />
                <SequencePoint vc="3" uspid="1344" ordinal="5" offset="113" sl="114" sc="22" el="114" ec="33" bec="0" bev="0" fileid="21" />
                <SequencePoint vc="3" uspid="1345" ordinal="6" offset="121" sl="115" sc="13" el="115" ec="14" bec="0" bev="0" fileid="21" />
                <SequencePoint vc="3" uspid="1346" ordinal="7" offset="122" sl="116" sc="17" el="116" ec="44" bec="0" bev="0" fileid="21" />
                <SequencePoint vc="3" uspid="1347" ordinal="8" offset="130" sl="119" sc="17" el="119" ec="18" bec="0" bev="0" fileid="21" />
                <SequencePoint vc="3" uspid="1348" ordinal="9" offset="131" sl="121" sc="21" el="121" ec="63" bec="0" bev="0" fileid="21" />
                <SequencePoint vc="3" uspid="1349" ordinal="10" offset="140" sl="125" sc="21" el="125" ec="49" bec="0" bev="0" fileid="21" />
                <SequencePoint vc="3" uspid="1350" ordinal="11" offset="149" sl="126" sc="17" el="126" ec="18" bec="0" bev="0" fileid="21" />
                <SequencePoint vc="0" uspid="1351" ordinal="12" offset="152" sl="127" sc="17" el="127" ec="55" bec="0" bev="0" fileid="21" />
                <SequencePoint vc="0" uspid="1352" ordinal="13" offset="154" sl="128" sc="17" el="128" ec="18" bec="0" bev="0" fileid="21" />
                <SequencePoint vc="0" uspid="1353" ordinal="14" offset="155" sl="129" sc="21" el="129" ec="38" bec="0" bev="0" fileid="21" />
                <SequencePoint vc="0" uspid="1354" ordinal="15" offset="164" sl="130" sc="17" el="130" ec="18" bec="0" bev="0" fileid="21" />
                <SequencePoint vc="0" uspid="1355" ordinal="16" offset="167" sl="131" sc="17" el="131" ec="22" bec="0" bev="0" fileid="21" />
                <SequencePoint vc="0" uspid="1356" ordinal="17" offset="168" sl="132" sc="17" el="132" ec="18" bec="0" bev="0" fileid="21" />
                <SequencePoint vc="0" uspid="1357" ordinal="18" offset="169" sl="133" sc="21" el="133" ec="30" bec="0" bev="0" fileid="21" />
                <SequencePoint vc="3" uspid="1358" ordinal="19" offset="174" sl="136" sc="17" el="136" ec="24" bec="0" bev="0" fileid="21" />
                <SequencePoint vc="3" uspid="1359" ordinal="20" offset="175" sl="136" sc="38" el="136" ec="43" bec="0" bev="0" fileid="21" />
                <SequencePoint vc="410" uspid="1360" ordinal="21" offset="187" sl="136" sc="26" el="136" ec="34" bec="0" bev="0" fileid="21" />
                <SequencePoint vc="410" uspid="1361" ordinal="22" offset="194" sl="137" sc="17" el="137" ec="18" bec="0" bev="0" fileid="21" />
                <SequencePoint vc="410" uspid="1362" ordinal="23" offset="195" sl="139" sc="21" el="139" ec="226" bec="9" bev="9" fileid="21" />
                <SequencePoint vc="405" uspid="1363" ordinal="24" offset="312" sl="140" sc="25" el="140" ec="34" bec="0" bev="0" fileid="21" />
                <SequencePoint vc="5" uspid="1364" ordinal="25" offset="314" sl="142" sc="21" el="142" ec="65" bec="0" bev="0" fileid="21" />
                <SequencePoint vc="5" uspid="1365" ordinal="26" offset="329" sl="143" sc="21" el="143" ec="38" bec="2" bev="1" fileid="21" />
                <SequencePoint vc="0" uspid="1366" ordinal="27" offset="343" sl="144" sc="21" el="144" ec="22" bec="0" bev="0" fileid="21" />
                <SequencePoint vc="0" uspid="1367" ordinal="28" offset="344" sl="145" sc="25" el="145" ec="79" bec="0" bev="0" fileid="21" />
                <SequencePoint vc="0" uspid="1368" ordinal="29" offset="357" sl="146" sc="25" el="146" ec="163" bec="0" bev="0" fileid="21" />
                <SequencePoint vc="0" uspid="1369" ordinal="30" offset="382" sl="147" sc="25" el="147" ec="52" bec="0" bev="0" fileid="21" />
                <SequencePoint vc="0" uspid="1370" ordinal="31" offset="393" sl="148" sc="25" el="148" ec="34" bec="0" bev="0" fileid="21" />
                <SequencePoint vc="5" uspid="1371" ordinal="32" offset="395" sl="151" sc="21" el="151" ec="77" bec="0" bev="0" fileid="21" />
                <SequencePoint vc="5" uspid="1372" ordinal="33" offset="420" sl="152" sc="17" el="152" ec="18" bec="0" bev="0" fileid="21" />
                <SequencePoint vc="413" uspid="1373" ordinal="34" offset="427" sl="136" sc="35" el="136" ec="37" bec="0" bev="0" fileid="21" />
                <SequencePoint vc="3" uspid="1374" ordinal="35" offset="438" sl="153" sc="13" el="153" ec="14" bec="0" bev="0" fileid="21" />
                <SequencePoint vc="4" uspid="1375" ordinal="36" offset="439" sl="114" sc="34" el="114" ec="36" bec="0" bev="0" fileid="21" />
                <SequencePoint vc="1" uspid="1376" ordinal="37" offset="463" sl="155" sc="13" el="155" ec="27" bec="0" bev="0" fileid="21" />
                <SequencePoint vc="1" uspid="1377" ordinal="38" offset="468" sl="156" sc="9" el="156" ec="10" bec="0" bev="0" fileid="21" />
              </SequencePoints>
              <BranchPoints>
                <BranchPoint vc="1" uspid="1378" ordinal="0" offset="73" sl="114" path="0" offsetend="75" fileid="21" />
                <BranchPoint vc="0" uspid="1379" ordinal="1" offset="73" sl="114" path="1" offsetend="97" fileid="21" />
                <BranchPoint vc="410" uspid="1380" ordinal="2" offset="203" sl="139" path="0" offsetend="205" fileid="21" />
                <BranchPoint vc="0" uspid="1381" ordinal="3" offset="203" sl="139" path="1" offsetend="305" fileid="21" />
                <BranchPoint vc="268" uspid="1382" ordinal="4" offset="217" sl="139" path="0" offsetend="219" fileid="21" />
                <BranchPoint vc="142" uspid="1383" ordinal="5" offset="217" sl="139" path="1" offsetend="305" fileid="21" />
                <BranchPoint vc="267" uspid="1384" ordinal="6" offset="236" sl="139" path="0" offsetend="238" fileid="21" />
                <BranchPoint vc="1" uspid="1385" ordinal="7" offset="236" sl="139" path="1" offsetend="305" fileid="21" />
                <BranchPoint vc="266" uspid="1386" ordinal="8" offset="255" sl="139" path="0" offsetend="257" fileid="21" />
                <BranchPoint vc="144" uspid="1387" ordinal="9" offset="255" sl="139" path="1" offsetend="305" fileid="21" />
                <BranchPoint vc="1" uspid="1388" ordinal="10" offset="270" sl="139" path="0" offsetend="272" fileid="21" />
                <BranchPoint vc="265" uspid="1389" ordinal="11" offset="270" sl="139" path="1" offsetend="295" fileid="21" />
                <BranchPoint vc="405" uspid="1390" ordinal="12" offset="310" sl="139" path="0" offsetchain="312" offsetend="421" fileid="21" />
                <BranchPoint vc="5" uspid="1391" ordinal="13" offset="310" sl="139" path="1" offsetend="314" fileid="21" />
                <BranchPoint vc="0" uspid="1392" ordinal="14" offset="341" sl="143" path="0" offsetend="343" fileid="21" />
                <BranchPoint vc="5" uspid="1393" ordinal="15" offset="341" sl="143" path="1" offsetend="395" fileid="21" />
              </BranchPoints>
              <MethodPoint vc="1" uspid="1398" ordinal="0" offset="0" />
            </Method>
            <Method visited="false" cyclomaticComplexity="2" nPathComplexity="2" sequenceCoverage="0" branchCoverage="0" crapScore="6" isConstructor="false" isStatic="false" isGetter="false" isSetter="false">
              <Summary numSequencePoints="7" visitedSequencePoints="0" numBranchPoints="3" visitedBranchPoints="0" sequenceCoverage="0" branchCoverage="0" maxCyclomaticComplexity="2" minCyclomaticComplexity="2" maxCrapScore="6" minCrapScore="6" visitedClasses="0" numClasses="0" visitedMethods="0" numMethods="1" />
              <MetadataToken>100663416</MetadataToken>
              <Name>System.Void Xunit.ConsoleClient.ConsoleRunner::OnUnhandledException(System.Object,System.UnhandledExceptionEventArgs)</Name>
              <FileRef uid="21" />
              <SequencePoints>
                <SequencePoint vc="0" uspid="1399" ordinal="0" offset="0" sl="160" sc="9" el="160" ec="10" bec="0" bev="0" fileid="21" />
                <SequencePoint vc="0" uspid="1400" ordinal="1" offset="1" sl="161" sc="13" el="161" ec="53" bec="0" bev="0" fileid="21" />
                <SequencePoint vc="0" uspid="1401" ordinal="2" offset="13" sl="163" sc="13" el="163" ec="28" bec="2" bev="0" fileid="21" />
                <SequencePoint vc="0" uspid="1402" ordinal="3" offset="21" sl="164" sc="17" el="164" ec="50" bec="0" bev="0" fileid="21" />
                <SequencePoint vc="0" uspid="1403" ordinal="4" offset="35" sl="166" sc="17" el="166" ec="89" bec="0" bev="0" fileid="21" />
                <SequencePoint vc="0" uspid="1404" ordinal="5" offset="46" sl="168" sc="13" el="168" ec="33" bec="0" bev="0" fileid="21" />
                <SequencePoint vc="0" uspid="1405" ordinal="6" offset="53" sl="169" sc="9" el="169" ec="10" bec="0" bev="0" fileid="21" />
              </SequencePoints>
              <BranchPoints>
                <BranchPoint vc="0" uspid="1406" ordinal="0" offset="19" sl="163" path="0" offsetend="21" fileid="21" />
                <BranchPoint vc="0" uspid="1407" ordinal="1" offset="19" sl="163" path="1" offsetend="35" fileid="21" />
              </BranchPoints>
              <MethodPoint xsi:type="SequencePoint" vc="0" uspid="1399" ordinal="0" offset="0" sl="160" sc="9" el="160" ec="10" bec="0" bev="0" fileid="21" />
            </Method>
            <Method visited="true" cyclomaticComplexity="1" nPathComplexity="0" sequenceCoverage="100" branchCoverage="100" crapScore="1" isConstructor="false" isStatic="false" isGetter="false" isSetter="false">
              <Summary numSequencePoints="4" visitedSequencePoints="4" numBranchPoints="1" visitedBranchPoints="1" sequenceCoverage="100" branchCoverage="100" maxCyclomaticComplexity="1" minCyclomaticComplexity="1" maxCrapScore="1" minCrapScore="1" visitedClasses="0" numClasses="0" visitedMethods="1" numMethods="1" />
              <MetadataToken>100663417</MetadataToken>
              <Name>System.Void Xunit.ConsoleClient.ConsoleRunner::PrintHeader()</Name>
              <FileRef uid="21" />
              <SequencePoints>
                <SequencePoint vc="1" uspid="1408" ordinal="0" offset="0" sl="173" sc="9" el="173" ec="10" bec="0" bev="0" fileid="21" />
                <SequencePoint vc="1" uspid="1409" ordinal="1" offset="1" sl="175" sc="13" el="175" ec="66" bec="0" bev="0" fileid="21" />
                <SequencePoint vc="1" uspid="1410" ordinal="2" offset="17" sl="182" sc="13" el="182" ec="95" bec="0" bev="0" fileid="21" />
                <SequencePoint vc="1" uspid="1411" ordinal="3" offset="46" sl="183" sc="9" el="183" ec="10" bec="0" bev="0" fileid="21" />
              </SequencePoints>
              <BranchPoints />
              <MethodPoint xsi:type="SequencePoint" vc="1" uspid="1408" ordinal="0" offset="0" sl="173" sc="9" el="173" ec="10" bec="0" bev="0" fileid="21" />
            </Method>
            <Method visited="true" cyclomaticComplexity="7" nPathComplexity="16" sequenceCoverage="100" branchCoverage="55.56" crapScore="7" isConstructor="false" isStatic="false" isGetter="false" isSetter="false">
              <Summary numSequencePoints="59" visitedSequencePoints="59" numBranchPoints="9" visitedBranchPoints="5" sequenceCoverage="100" branchCoverage="55.56" maxCyclomaticComplexity="7" minCyclomaticComplexity="7" maxCrapScore="7" minCrapScore="7" visitedClasses="0" numClasses="0" visitedMethods="1" numMethods="1" />
              <MetadataToken>100663418</MetadataToken>
              <Name>System.Void Xunit.ConsoleClient.ConsoleRunner::PrintUsage(System.Collections.Generic.IReadOnlyList`1&lt;Xunit.IRunnerReporter&gt;)</Name>
              <FileRef uid="21" />
              <SequencePoints>
                <SequencePoint vc="1" uspid="1412" ordinal="0" offset="0" sl="186" sc="9" el="186" ec="10" bec="0" bev="0" fileid="21" />
                <SequencePoint vc="1" uspid="1413" ordinal="1" offset="1" sl="188" sc="13" el="188" ec="119" bec="0" bev="0" fileid="21" />
                <SequencePoint vc="1" uspid="1414" ordinal="2" offset="17" sl="193" sc="13" el="193" ec="65" bec="0" bev="0" fileid="21" />
                <SequencePoint vc="1" uspid="1415" ordinal="3" offset="28" sl="194" sc="13" el="194" ec="33" bec="0" bev="0" fileid="21" />
                <SequencePoint vc="1" uspid="1416" ordinal="4" offset="34" sl="195" sc="13" el="195" ec="169" bec="0" bev="0" fileid="21" />
                <SequencePoint vc="1" uspid="1417" ordinal="5" offset="51" sl="196" sc="13" el="196" ec="33" bec="0" bev="0" fileid="21" />
                <SequencePoint vc="1" uspid="1418" ordinal="6" offset="57" sl="198" sc="13" el="198" ec="110" bec="0" bev="0" fileid="21" />
                <SequencePoint vc="1" uspid="1419" ordinal="7" offset="68" sl="202" sc="13" el="202" ec="33" bec="0" bev="0" fileid="21" />
                <SequencePoint vc="1" uspid="1420" ordinal="8" offset="74" sl="203" sc="13" el="203" ec="49" bec="0" bev="0" fileid="21" />
                <SequencePoint vc="1" uspid="1421" ordinal="9" offset="85" sl="204" sc="13" el="204" ec="95" bec="0" bev="0" fileid="21" />
                <SequencePoint vc="1" uspid="1422" ordinal="10" offset="96" sl="205" sc="13" el="205" ec="95" bec="0" bev="0" fileid="21" />
                <SequencePoint vc="1" uspid="1423" ordinal="11" offset="107" sl="207" sc="13" el="207" ec="101" bec="0" bev="0" fileid="21" />
                <SequencePoint vc="1" uspid="1424" ordinal="12" offset="118" sl="209" sc="13" el="209" ec="97" bec="0" bev="0" fileid="21" />
                <SequencePoint vc="1" uspid="1425" ordinal="13" offset="129" sl="210" sc="13" el="210" ec="88" bec="0" bev="0" fileid="21" />
                <SequencePoint vc="1" uspid="1426" ordinal="14" offset="140" sl="211" sc="13" el="211" ec="97" bec="0" bev="0" fileid="21" />
                <SequencePoint vc="1" uspid="1427" ordinal="15" offset="151" sl="212" sc="13" el="212" ec="106" bec="0" bev="0" fileid="21" />
                <SequencePoint vc="1" uspid="1428" ordinal="16" offset="162" sl="213" sc="13" el="213" ec="106" bec="0" bev="0" fileid="21" />
                <SequencePoint vc="1" uspid="1429" ordinal="17" offset="173" sl="214" sc="13" el="214" ec="105" bec="0" bev="0" fileid="21" />
                <SequencePoint vc="1" uspid="1430" ordinal="18" offset="184" sl="215" sc="13" el="215" ec="114" bec="0" bev="0" fileid="21" />
                <SequencePoint vc="1" uspid="1431" ordinal="19" offset="195" sl="216" sc="13" el="216" ec="113" bec="0" bev="0" fileid="21" />
                <SequencePoint vc="1" uspid="1432" ordinal="20" offset="206" sl="217" sc="13" el="217" ec="118" bec="0" bev="0" fileid="21" />
                <SequencePoint vc="1" uspid="1433" ordinal="21" offset="217" sl="218" sc="13" el="218" ec="107" bec="0" bev="0" fileid="21" />
                <SequencePoint vc="1" uspid="1434" ordinal="22" offset="228" sl="219" sc="13" el="219" ec="114" bec="0" bev="0" fileid="21" />
                <SequencePoint vc="1" uspid="1435" ordinal="23" offset="239" sl="221" sc="13" el="221" ec="91" bec="0" bev="0" fileid="21" />
                <SequencePoint vc="1" uspid="1436" ordinal="24" offset="250" sl="223" sc="13" el="223" ec="93" bec="0" bev="0" fileid="21" />
                <SequencePoint vc="1" uspid="1437" ordinal="25" offset="261" sl="224" sc="13" el="224" ec="113" bec="0" bev="0" fileid="21" />
                <SequencePoint vc="1" uspid="1438" ordinal="26" offset="272" sl="225" sc="13" el="225" ec="122" bec="0" bev="0" fileid="21" />
                <SequencePoint vc="1" uspid="1439" ordinal="27" offset="283" sl="229" sc="13" el="229" ec="100" bec="0" bev="0" fileid="21" />
                <SequencePoint vc="1" uspid="1440" ordinal="28" offset="294" sl="230" sc="13" el="230" ec="117" bec="0" bev="0" fileid="21" />
                <SequencePoint vc="1" uspid="1441" ordinal="29" offset="305" sl="231" sc="13" el="231" ec="110" bec="0" bev="0" fileid="21" />
                <SequencePoint vc="1" uspid="1442" ordinal="30" offset="316" sl="232" sc="13" el="232" ec="114" bec="0" bev="0" fileid="21" />
                <SequencePoint vc="1" uspid="1443" ordinal="31" offset="327" sl="233" sc="13" el="233" ec="112" bec="0" bev="0" fileid="21" />
                <SequencePoint vc="1" uspid="1444" ordinal="32" offset="338" sl="234" sc="13" el="234" ec="115" bec="0" bev="0" fileid="21" />
                <SequencePoint vc="1" uspid="1445" ordinal="33" offset="349" sl="235" sc="13" el="235" ec="115" bec="0" bev="0" fileid="21" />
                <SequencePoint vc="1" uspid="1446" ordinal="34" offset="360" sl="236" sc="13" el="236" ec="103" bec="0" bev="0" fileid="21" />
                <SequencePoint vc="1" uspid="1447" ordinal="35" offset="371" sl="237" sc="13" el="237" ec="114" bec="0" bev="0" fileid="21" />
                <SequencePoint vc="1" uspid="1448" ordinal="36" offset="382" sl="238" sc="13" el="238" ec="118" bec="0" bev="0" fileid="21" />
                <SequencePoint vc="1" uspid="1449" ordinal="37" offset="393" sl="239" sc="13" el="239" ec="101" bec="0" bev="0" fileid="21" />
                <SequencePoint vc="1" uspid="1450" ordinal="38" offset="404" sl="240" sc="13" el="240" ec="114" bec="0" bev="0" fileid="21" />
                <SequencePoint vc="1" uspid="1451" ordinal="39" offset="415" sl="241" sc="13" el="241" ec="107" bec="0" bev="0" fileid="21" />
                <SequencePoint vc="1" uspid="1452" ordinal="40" offset="426" sl="242" sc="13" el="242" ec="91" bec="0" bev="0" fileid="21" />
                <SequencePoint vc="1" uspid="1453" ordinal="41" offset="437" sl="243" sc="13" el="243" ec="114" bec="0" bev="0" fileid="21" />
                <SequencePoint vc="1" uspid="1454" ordinal="42" offset="448" sl="244" sc="13" el="244" ec="118" bec="0" bev="0" fileid="21" />
                <SequencePoint vc="1" uspid="1455" ordinal="43" offset="459" sl="245" sc="13" el="245" ec="112" bec="0" bev="0" fileid="21" />
                <SequencePoint vc="1" uspid="1456" ordinal="44" offset="470" sl="249" sc="13" el="249" ec="33" bec="0" bev="0" fileid="21" />
                <SequencePoint vc="1" uspid="1457" ordinal="45" offset="476" sl="251" sc="13" el="251" ec="113" bec="2" bev="1" fileid="21" />
                <SequencePoint vc="1" uspid="1458" ordinal="46" offset="519" sl="252" sc="13" el="252" ec="47" bec="2" bev="1" fileid="21" />
                <SequencePoint vc="1" uspid="1459" ordinal="47" offset="535" sl="253" sc="13" el="253" ec="14" bec="0" bev="0" fileid="21" />
                <SequencePoint vc="1" uspid="1460" ordinal="48" offset="536" sl="254" sc="17" el="254" ec="77" bec="0" bev="0" fileid="21" />
                <SequencePoint vc="1" uspid="1461" ordinal="49" offset="547" sl="256" sc="17" el="256" ec="24" bec="0" bev="0" fileid="21" />
                <SequencePoint vc="1" uspid="1462" ordinal="50" offset="548" sl="256" sc="42" el="256" ec="90" bec="2" bev="1" fileid="21" />
                <SequencePoint vc="5" uspid="1463" ordinal="51" offset="593" sl="256" sc="26" el="256" ec="38" bec="0" bev="0" fileid="21" />
                <SequencePoint vc="5" uspid="1464" ordinal="52" offset="601" sl="257" sc="21" el="257" ec="127" bec="0" bev="0" fileid="21" />
                <SequencePoint vc="6" uspid="1465" ordinal="53" offset="643" sl="256" sc="39" el="256" ec="41" bec="0" bev="0" fileid="21" />
                <SequencePoint vc="1" uspid="1466" ordinal="54" offset="664" sl="259" sc="17" el="259" ec="37" bec="0" bev="0" fileid="21" />
                <SequencePoint vc="1" uspid="1467" ordinal="55" offset="670" sl="260" sc="13" el="260" ec="14" bec="0" bev="0" fileid="21" />
                <SequencePoint vc="1" uspid="1468" ordinal="56" offset="671" sl="262" sc="13" el="262" ec="81" bec="0" bev="0" fileid="21" />
                <SequencePoint vc="1" uspid="1469" ordinal="57" offset="682" sl="263" sc="13" el="265" ec="15" bec="2" bev="1" fileid="21" />
                <SequencePoint vc="1" uspid="1470" ordinal="58" offset="724" sl="266" sc="9" el="266" ec="10" bec="0" bev="0" fileid="21" />
              </SequencePoints>
              <BranchPoints>
                <BranchPoint vc="1" uspid="1471" ordinal="0" offset="483" sl="251" path="0" offsetend="485" fileid="21" />
                <BranchPoint vc="0" uspid="1472" ordinal="1" offset="483" sl="251" path="1" offsetend="508" fileid="21" />
                <BranchPoint vc="1" uspid="1473" ordinal="2" offset="530" sl="252" path="0" offsetend="535" fileid="21" />
                <BranchPoint vc="0" uspid="1474" ordinal="3" offset="530" sl="252" path="1" offsetend="671" fileid="21" />
                <BranchPoint vc="1" uspid="1475" ordinal="4" offset="555" sl="256" path="0" offsetend="557" fileid="21" />
                <BranchPoint vc="0" uspid="1476" ordinal="5" offset="555" sl="256" path="1" offsetend="580" fileid="21" />
                <BranchPoint vc="1" uspid="1479" ordinal="8" offset="693" sl="263" path="0" offsetend="695" fileid="21" />
                <BranchPoint vc="0" uspid="1480" ordinal="9" offset="693" sl="263" path="1" offsetend="718" fileid="21" />
              </BranchPoints>
              <MethodPoint xsi:type="SequencePoint" vc="1" uspid="1412" ordinal="0" offset="0" sl="186" sc="9" el="186" ec="10" bec="0" bev="0" fileid="21" />
            </Method>
            <Method visited="false" cyclomaticComplexity="16" nPathComplexity="2048" sequenceCoverage="0" branchCoverage="0" crapScore="272" isConstructor="false" isStatic="false" isGetter="false" isSetter="false">
              <Summary numSequencePoints="41" visitedSequencePoints="0" numBranchPoints="23" visitedBranchPoints="0" sequenceCoverage="0" branchCoverage="0" maxCyclomaticComplexity="16" minCyclomaticComplexity="16" maxCrapScore="272" minCrapScore="272" visitedClasses="0" numClasses="0" visitedMethods="0" numMethods="1" />
              <MetadataToken>100663419</MetadataToken>
              <Name>System.Int32 Xunit.ConsoleClient.ConsoleRunner::RunProject(Xunit.XunitProject,System.Boolean,System.Nullable`1&lt;System.Boolean&gt;,System.Nullable`1&lt;System.Boolean&gt;,System.Nullable`1&lt;System.Int32&gt;,System.Boolean,System.Boolean,System.Boolean,System.Boolean,System.Boolean,System.Boolean)</Name>
              <FileRef uid="21" />
              <SequencePoints>
                <SequencePoint vc="0" uspid="1481" ordinal="0" offset="91" sl="279" sc="9" el="279" ec="10" bec="0" bev="0" fileid="21" />
                <SequencePoint vc="0" uspid="1482" ordinal="1" offset="92" sl="280" sc="13" el="280" ec="47" bec="0" bev="0" fileid="21" />
                <SequencePoint vc="0" uspid="1483" ordinal="2" offset="99" sl="281" sc="13" el="281" ec="50" bec="0" bev="0" fileid="21" />
                <SequencePoint vc="0" uspid="1484" ordinal="3" offset="105" sl="282" sc="13" el="282" ec="80" bec="0" bev="0" fileid="21" />
                <SequencePoint vc="0" uspid="1485" ordinal="4" offset="117" sl="283" sc="13" el="283" ec="54" bec="0" bev="0" fileid="21" />
                <SequencePoint vc="0" uspid="1486" ordinal="5" offset="132" sl="284" sc="13" el="284" ec="44" bec="0" bev="0" fileid="21" />
                <SequencePoint vc="0" uspid="1487" ordinal="6" offset="143" sl="286" sc="13" el="286" ec="49" bec="2" bev="0" fileid="21" />
                <SequencePoint vc="0" uspid="1488" ordinal="7" offset="159" sl="287" sc="17" el="287" ec="118" bec="2" bev="0" fileid="21" />
                <SequencePoint vc="0" uspid="1489" ordinal="8" offset="208" sl="289" sc="13" el="289" ec="26" bec="2" bev="0" fileid="21" />
                <SequencePoint vc="0" uspid="1490" ordinal="9" offset="220" sl="290" sc="17" el="290" ec="64" bec="0" bev="0" fileid="21" />
                <SequencePoint vc="0" uspid="1491" ordinal="10" offset="241" sl="292" sc="13" el="292" ec="73" bec="0" bev="0" fileid="21" />
                <SequencePoint vc="0" uspid="1492" ordinal="11" offset="247" sl="294" sc="13" el="294" ec="59" bec="2" bev="0" fileid="21" />
                <SequencePoint vc="0" uspid="1493" ordinal="12" offset="263" sl="295" sc="13" el="295" ec="14" bec="0" bev="0" fileid="21" />
                <SequencePoint vc="0" uspid="1494" ordinal="13" offset="264" sl="296" sc="17" el="296" ec="298" bec="0" bev="0" fileid="21" />
                <SequencePoint vc="0" uspid="1495" ordinal="14" offset="294" sl="297" sc="17" el="297" ec="76" bec="0" bev="0" fileid="21" />
                <SequencePoint vc="0" uspid="1496" ordinal="15" offset="317" sl="298" sc="17" el="298" ec="24" bec="0" bev="0" fileid="21" />
                <SequencePoint vc="0" uspid="1497" ordinal="16" offset="318" sl="298" sc="49" el="298" ec="88" bec="2" bev="0" fileid="21" />
                <SequencePoint vc="0" uspid="1498" ordinal="17" offset="365" sl="298" sc="26" el="298" ec="45" bec="0" bev="0" fileid="21" />
                <SequencePoint vc="0" uspid="1499" ordinal="18" offset="374" sl="299" sc="21" el="299" ec="60" bec="0" bev="0" fileid="21" />
                <SequencePoint vc="0" uspid="1500" ordinal="19" offset="388" sl="298" sc="46" el="298" ec="48" bec="0" bev="0" fileid="21" />
                <SequencePoint vc="0" uspid="1501" ordinal="20" offset="412" sl="300" sc="13" el="300" ec="14" bec="0" bev="0" fileid="21" />
                <SequencePoint vc="0" uspid="1502" ordinal="21" offset="418" sl="302" sc="13" el="302" ec="14" bec="0" bev="0" fileid="21" />
                <SequencePoint vc="0" uspid="1503" ordinal="22" offset="419" sl="303" sc="17" el="303" ec="24" bec="0" bev="0" fileid="21" />
                <SequencePoint vc="0" uspid="1504" ordinal="23" offset="420" sl="303" sc="42" el="303" ec="60" bec="0" bev="0" fileid="21" />
                <SequencePoint vc="0" uspid="1505" ordinal="24" offset="440" sl="303" sc="26" el="303" ec="38" bec="0" bev="0" fileid="21" />
                <SequencePoint vc="0" uspid="1506" ordinal="25" offset="449" sl="304" sc="17" el="304" ec="18" bec="0" bev="0" fileid="21" />
                <SequencePoint vc="0" uspid="1507" ordinal="26" offset="450" sl="305" sc="21" el="305" ec="257" bec="0" bev="0" fileid="21" />
                <SequencePoint vc="0" uspid="1508" ordinal="27" offset="537" sl="306" sc="21" el="306" ec="49" bec="2" bev="0" fileid="21" />
                <SequencePoint vc="0" uspid="1509" ordinal="28" offset="548" sl="307" sc="25" el="307" ec="64" bec="0" bev="0" fileid="21" />
                <SequencePoint vc="0" uspid="1510" ordinal="29" offset="562" sl="308" sc="17" el="308" ec="18" bec="0" bev="0" fileid="21" />
                <SequencePoint vc="0" uspid="1511" ordinal="30" offset="563" sl="303" sc="39" el="303" ec="41" bec="0" bev="0" fileid="21" />
                <SequencePoint vc="0" uspid="1512" ordinal="31" offset="590" sl="309" sc="13" el="309" ec="14" bec="0" bev="0" fileid="21" />
                <SequencePoint vc="0" uspid="1513" ordinal="32" offset="591" sl="311" sc="13" el="311" ec="30" bec="0" bev="0" fileid="21" />
                <SequencePoint vc="0" uspid="1514" ordinal="33" offset="598" sl="313" sc="13" el="313" ec="43" bec="2" bev="0" fileid="21" />
                <SequencePoint vc="0" uspid="1515" ordinal="34" offset="613" sl="314" sc="17" el="314" ec="121" bec="0" bev="0" fileid="21" />
                <SequencePoint vc="0" uspid="1516" ordinal="35" offset="659" sl="316" sc="13" el="316" ec="46" bec="2" bev="0" fileid="21" />
                <SequencePoint vc="0" uspid="1517" ordinal="36" offset="679" sl="317" sc="17" el="317" ec="148" bec="2" bev="0" fileid="21" />
                <SequencePoint vc="0" uspid="1518" ordinal="37" offset="749" sl="319" sc="13" el="319" ec="66" bec="0" bev="0" fileid="21" />
                <SequencePoint vc="0" uspid="1519" ordinal="38" offset="756" sl="321" sc="13" el="321" ec="84" bec="0" bev="0" fileid="21" />
                <SequencePoint vc="0" uspid="1520" ordinal="39" offset="775" sl="323" sc="13" el="323" ec="90" bec="4" bev="0" fileid="21" />
                <SequencePoint vc="0" uspid="1521" ordinal="40" offset="837" sl="324" sc="9" el="324" ec="10" bec="0" bev="0" fileid="21" />
              </SequencePoints>
              <BranchPoints>
                <BranchPoint vc="0" uspid="1522" ordinal="0" offset="157" sl="286" path="0" offsetend="159" fileid="21" />
                <BranchPoint vc="0" uspid="1523" ordinal="1" offset="157" sl="286" path="1" offsetend="208" fileid="21" />
                <BranchPoint vc="0" uspid="1524" ordinal="2" offset="173" sl="287" path="0" offsetend="175" fileid="21" />
                <BranchPoint vc="0" uspid="1525" ordinal="3" offset="173" sl="287" path="1" offsetend="198" fileid="21" />
                <BranchPoint vc="0" uspid="1526" ordinal="4" offset="218" sl="289" path="0" offsetend="220" fileid="21" />
                <BranchPoint vc="0" uspid="1527" ordinal="5" offset="218" sl="289" path="1" offsetend="241" fileid="21" />
                <BranchPoint vc="0" uspid="1528" ordinal="6" offset="258" sl="294" path="0" offsetend="263" fileid="21" />
                <BranchPoint vc="0" uspid="1529" ordinal="7" offset="258" sl="294" path="1" offsetend="418" fileid="21" />
                <BranchPoint vc="0" uspid="1530" ordinal="8" offset="326" sl="298" path="0" offsetend="328" fileid="21" />
                <BranchPoint vc="0" uspid="1531" ordinal="9" offset="326" sl="298" path="1" offsetend="351" fileid="21" />
                <BranchPoint vc="0" uspid="1534" ordinal="12" offset="546" sl="306" path="0" offsetend="548" fileid="21" />
                <BranchPoint vc="0" uspid="1535" ordinal="13" offset="546" sl="306" path="1" offsetend="562" fileid="21" />
                <BranchPoint vc="0" uspid="1538" ordinal="16" offset="611" sl="313" path="0" offsetend="613" fileid="21" />
                <BranchPoint vc="0" uspid="1539" ordinal="17" offset="611" sl="313" path="1" offsetend="659" fileid="21" />
                <BranchPoint vc="0" uspid="1540" ordinal="18" offset="677" sl="316" path="0" offsetend="679" fileid="21" />
                <BranchPoint vc="0" uspid="1541" ordinal="19" offset="677" sl="316" path="1" offsetend="749" fileid="21" />
                <BranchPoint vc="0" uspid="1542" ordinal="20" offset="703" sl="317" path="0" offsetend="705" fileid="21" />
                <BranchPoint vc="0" uspid="1543" ordinal="21" offset="703" sl="317" path="1" offsetend="728" fileid="21" />
                <BranchPoint vc="0" uspid="1544" ordinal="22" offset="781" sl="323" path="0" offsetend="783" fileid="21" />
                <BranchPoint vc="0" uspid="1545" ordinal="23" offset="781" sl="323" path="1" offsetend="832" fileid="21" />
                <BranchPoint vc="0" uspid="1546" ordinal="24" offset="800" sl="323" path="0" offsetend="802" fileid="21" />
                <BranchPoint vc="0" uspid="1547" ordinal="25" offset="800" sl="323" path="1" offsetend="825" fileid="21" />
              </BranchPoints>
              <MethodPoint vc="0" uspid="1548" ordinal="0" offset="0" />
            </Method>
            <Method visited="false" cyclomaticComplexity="26" nPathComplexity="524288" sequenceCoverage="0" branchCoverage="0" crapScore="702" isConstructor="false" isStatic="false" isGetter="false" isSetter="false">
              <Summary numSequencePoints="74" visitedSequencePoints="0" numBranchPoints="39" visitedBranchPoints="0" sequenceCoverage="0" branchCoverage="0" maxCyclomaticComplexity="26" minCyclomaticComplexity="26" maxCrapScore="702" minCrapScore="702" visitedClasses="0" numClasses="0" visitedMethods="0" numMethods="1" />
              <MetadataToken>100663420</MetadataToken>
              <Name>System.Xml.Linq.XElement Xunit.ConsoleClient.ConsoleRunner::ExecuteAssembly(System.Object,Xunit.XunitProjectAssembly,System.Boolean,System.Boolean,System.Nullable`1&lt;System.Boolean&gt;,System.Nullable`1&lt;System.Int32&gt;,System.Boolean,System.Boolean,System.Boolean,System.Boolean,System.Boolean,Xunit.XunitFilters,System.Boolean)</Name>
              <FileRef uid="21" />
              <SequencePoints>
                <SequencePoint vc="0" uspid="1549" ordinal="0" offset="0" sl="339" sc="9" el="339" ec="10" bec="0" bev="0" fileid="21" />
                <SequencePoint vc="0" uspid="1550" ordinal="1" offset="1" sl="340" sc="13" el="340" ec="24" bec="2" bev="0" fileid="21" />
                <SequencePoint vc="0" uspid="1551" ordinal="2" offset="13" sl="341" sc="17" el="341" ec="29" bec="0" bev="0" fileid="21" />
                <SequencePoint vc="0" uspid="1552" ordinal="3" offset="20" sl="343" sc="13" el="343" ec="78" bec="2" bev="0" fileid="21" />
                <SequencePoint vc="0" uspid="1553" ordinal="4" offset="43" sl="346" sc="13" el="346" ec="14" bec="0" bev="0" fileid="21" />
                <SequencePoint vc="0" uspid="1554" ordinal="5" offset="44" sl="347" sc="17" el="347" ec="142" bec="4" bev="0" fileid="21" />
                <SequencePoint vc="0" uspid="1555" ordinal="6" offset="84" sl="348" sc="21" el="348" ec="33" bec="0" bev="0" fileid="21" />
                <SequencePoint vc="0" uspid="1556" ordinal="7" offset="91" sl="351" sc="17" el="351" ec="69" bec="0" bev="0" fileid="21" />
                <SequencePoint vc="0" uspid="1557" ordinal="8" offset="109" sl="352" sc="17" el="352" ec="81" bec="2" bev="0" fileid="21" />
                <SequencePoint vc="0" uspid="1558" ordinal="9" offset="143" sl="353" sc="17" el="353" ec="97" bec="2" bev="0" fileid="21" />
                <SequencePoint vc="0" uspid="1559" ordinal="10" offset="177" sl="355" sc="17" el="355" ec="33" bec="2" bev="0" fileid="21" />
                <SequencePoint vc="0" uspid="1560" ordinal="11" offset="185" sl="356" sc="21" el="356" ec="80" bec="0" bev="0" fileid="21" />
                <SequencePoint vc="0" uspid="1561" ordinal="12" offset="203" sl="359" sc="17" el="359" ec="98" bec="0" bev="0" fileid="21" />
                <SequencePoint vc="0" uspid="1562" ordinal="13" offset="215" sl="360" sc="17" el="360" ec="98" bec="0" bev="0" fileid="21" />
                <SequencePoint vc="0" uspid="1563" ordinal="14" offset="228" sl="361" sc="17" el="361" ec="64" bec="0" bev="0" fileid="21" />
                <SequencePoint vc="0" uspid="1564" ordinal="15" offset="243" sl="362" sc="17" el="362" ec="45" bec="2" bev="0" fileid="21" />
                <SequencePoint vc="0" uspid="1565" ordinal="16" offset="256" sl="363" sc="21" el="363" ec="76" bec="0" bev="0" fileid="21" />
                <SequencePoint vc="0" uspid="1566" ordinal="17" offset="266" sl="364" sc="17" el="364" ec="57" bec="2" bev="0" fileid="21" />
                <SequencePoint vc="0" uspid="1567" ordinal="18" offset="279" sl="365" sc="21" el="365" ec="113" bec="0" bev="0" fileid="21" />
                <SequencePoint vc="0" uspid="1568" ordinal="19" offset="302" sl="367" sc="17" el="367" ec="103" bec="0" bev="0" fileid="21" />
                <SequencePoint vc="0" uspid="1569" ordinal="20" offset="315" sl="368" sc="17" el="368" ec="166" bec="0" bev="0" fileid="21" />
                <SequencePoint vc="0" uspid="1570" ordinal="21" offset="340" sl="369" sc="17" el="369" ec="206" bec="0" bev="0" fileid="21" />
                <SequencePoint vc="0" uspid="1571" ordinal="22" offset="364" sl="370" sc="17" el="370" ec="82" bec="0" bev="0" fileid="21" />
                <SequencePoint vc="0" uspid="1572" ordinal="23" offset="377" sl="371" sc="17" el="371" ec="77" bec="0" bev="0" fileid="21" />
                <SequencePoint vc="0" uspid="1573" ordinal="24" offset="390" sl="372" sc="17" el="372" ec="97" bec="0" bev="0" fileid="21" />
                <SequencePoint vc="0" uspid="1574" ordinal="25" offset="403" sl="374" sc="17" el="374" ec="126" bec="0" bev="0" fileid="21" />
                <SequencePoint vc="0" uspid="1575" ordinal="26" offset="418" sl="375" sc="24" el="375" ec="193" bec="0" bev="0" fileid="21" />
                <SequencePoint vc="0" uspid="1576" ordinal="27" offset="445" sl="376" sc="24" el="376" ec="79" bec="0" bev="0" fileid="21" />
                <SequencePoint vc="0" uspid="1577" ordinal="28" offset="464" sl="377" sc="17" el="377" ec="18" bec="0" bev="0" fileid="21" />
                <SequencePoint vc="0" uspid="1578" ordinal="29" offset="465" sl="379" sc="21" el="379" ec="205" bec="2" bev="0" fileid="21" />
                <SequencePoint vc="0" uspid="1579" ordinal="30" offset="506" sl="381" sc="21" el="381" ec="77" bec="0" bev="0" fileid="21" />
                <SequencePoint vc="0" uspid="1580" ordinal="31" offset="518" sl="382" sc="21" el="382" ec="54" bec="0" bev="0" fileid="21" />
                <SequencePoint vc="0" uspid="1581" ordinal="32" offset="531" sl="384" sc="21" el="384" ec="77" bec="0" bev="0" fileid="21" />
                <SequencePoint vc="0" uspid="1582" ordinal="33" offset="545" sl="385" sc="21" el="385" ec="100" bec="0" bev="0" fileid="21" />
                <SequencePoint vc="0" uspid="1583" ordinal="34" offset="577" sl="386" sc="21" el="386" ec="66" bec="0" bev="0" fileid="21" />
                <SequencePoint vc="0" uspid="1584" ordinal="35" offset="586" sl="388" sc="21" el="388" ec="154" bec="0" bev="0" fileid="21" />
                <SequencePoint vc="0" uspid="1585" ordinal="36" offset="609" sl="391" sc="21" el="391" ec="45" bec="2" bev="0" fileid="21" />
                <SequencePoint vc="0" uspid="1586" ordinal="37" offset="620" sl="392" sc="25" el="392" ec="120" bec="0" bev="0" fileid="21" />
                <SequencePoint vc="0" uspid="1587" ordinal="38" offset="653" sl="394" sc="21" el="394" ec="22" bec="0" bev="0" fileid="21" />
                <SequencePoint vc="0" uspid="1588" ordinal="39" offset="654" sl="395" sc="25" el="395" ec="39" bec="2" bev="0" fileid="21" />
                <SequencePoint vc="0" uspid="1589" ordinal="40" offset="661" sl="396" sc="29" el="396" ec="136" bec="0" bev="0" fileid="21" />
                <SequencePoint vc="0" uspid="1590" ordinal="41" offset="708" sl="398" sc="25" el="398" ec="121" bec="0" bev="0" fileid="21" />
                <SequencePoint vc="0" uspid="1591" ordinal="42" offset="728" sl="400" sc="25" el="400" ec="188" bec="0" bev="0" fileid="21" />
                <SequencePoint vc="0" uspid="1592" ordinal="43" offset="765" sl="401" sc="25" el="401" ec="53" bec="2" bev="0" fileid="21" />
                <SequencePoint vc="0" uspid="1593" ordinal="44" offset="775" sl="402" sc="29" el="402" ec="103" bec="0" bev="0" fileid="21" />
                <SequencePoint vc="0" uspid="1594" ordinal="45" offset="785" sl="403" sc="25" el="403" ec="52" bec="2" bev="0" fileid="21" />
                <SequencePoint vc="0" uspid="1595" ordinal="46" offset="796" sl="404" sc="29" el="404" ec="164" bec="0" bev="0" fileid="21" />
                <SequencePoint vc="0" uspid="1596" ordinal="47" offset="815" sl="405" sc="25" el="405" ec="39" bec="2" bev="0" fileid="21" />
                <SequencePoint vc="0" uspid="1597" ordinal="48" offset="823" sl="406" sc="29" el="406" ec="83" bec="0" bev="0" fileid="21" />
                <SequencePoint vc="0" uspid="1598" ordinal="49" offset="832" sl="408" sc="25" el="408" ec="95" bec="0" bev="0" fileid="21" />
                <SequencePoint vc="0" uspid="1599" ordinal="50" offset="846" sl="409" sc="25" el="409" ec="56" bec="0" bev="0" fileid="21" />
                <SequencePoint vc="0" uspid="1600" ordinal="51" offset="859" sl="411" sc="25" el="411" ec="151" bec="0" bev="0" fileid="21" />
                <SequencePoint vc="0" uspid="1601" ordinal="52" offset="886" sl="412" sc="25" el="412" ec="84" bec="4" bev="0" fileid="21" />
                <SequencePoint vc="0" uspid="1602" ordinal="53" offset="914" sl="413" sc="25" el="413" ec="26" bec="0" bev="0" fileid="21" />
                <SequencePoint vc="0" uspid="1603" ordinal="54" offset="915" sl="414" sc="29" el="414" ec="83" bec="0" bev="0" fileid="21" />
                <SequencePoint vc="0" uspid="1604" ordinal="55" offset="926" sl="415" sc="29" el="415" ec="43" bec="0" bev="0" fileid="21" />
                <SequencePoint vc="0" uspid="1605" ordinal="56" offset="935" sl="416" sc="25" el="416" ec="26" bec="0" bev="0" fileid="21" />
                <SequencePoint vc="0" uspid="1606" ordinal="57" offset="936" sl="417" sc="21" el="417" ec="22" bec="0" bev="0" fileid="21" />
                <SequencePoint vc="0" uspid="1607" ordinal="58" offset="937" sl="418" sc="17" el="418" ec="18" bec="0" bev="0" fileid="21" />
                <SequencePoint vc="0" uspid="1608" ordinal="59" offset="983" sl="419" sc="13" el="419" ec="14" bec="0" bev="0" fileid="21" />
                <SequencePoint vc="0" uspid="1609" ordinal="60" offset="986" sl="420" sc="13" el="420" ec="33" bec="0" bev="0" fileid="21" />
                <SequencePoint vc="0" uspid="1610" ordinal="61" offset="988" sl="421" sc="13" el="421" ec="14" bec="0" bev="0" fileid="21" />
                <SequencePoint vc="0" uspid="1611" ordinal="62" offset="989" sl="422" sc="17" el="422" ec="31" bec="0" bev="0" fileid="21" />
                <SequencePoint vc="0" uspid="1612" ordinal="63" offset="996" sl="424" sc="17" el="424" ec="28" bec="0" bev="0" fileid="21" />
                <SequencePoint vc="0" uspid="1613" ordinal="64" offset="1002" sl="426" sc="17" el="426" ec="18" bec="0" bev="0" fileid="21" />
                <SequencePoint vc="0" uspid="1614" ordinal="65" offset="1003" sl="427" sc="21" el="427" ec="79" bec="0" bev="0" fileid="21" />
                <SequencePoint vc="0" uspid="1615" ordinal="66" offset="1038" sl="429" sc="21" el="429" ec="52" bec="2" bev="0" fileid="21" />
                <SequencePoint vc="0" uspid="1616" ordinal="67" offset="1046" sl="430" sc="25" el="430" ec="57" bec="0" bev="0" fileid="21" />
                <SequencePoint vc="0" uspid="1617" ordinal="68" offset="1059" sl="432" sc="21" el="432" ec="42" bec="0" bev="0" fileid="21" />
                <SequencePoint vc="0" uspid="1618" ordinal="69" offset="1068" sl="433" sc="17" el="433" ec="18" bec="0" bev="0" fileid="21" />
                <SequencePoint vc="0" uspid="1619" ordinal="70" offset="1069" sl="425" sc="17" el="425" ec="34" bec="2" bev="0" fileid="21" />
                <SequencePoint vc="0" uspid="1620" ordinal="71" offset="1080" sl="434" sc="13" el="434" ec="14" bec="0" bev="0" fileid="21" />
                <SequencePoint vc="0" uspid="1621" ordinal="72" offset="1083" sl="436" sc="13" el="436" ec="36" bec="0" bev="0" fileid="21" />
                <SequencePoint vc="0" uspid="1622" ordinal="73" offset="1087" sl="437" sc="9" el="437" ec="10" bec="0" bev="0" fileid="21" />
              </SequencePoints>
              <BranchPoints>
                <BranchPoint vc="0" uspid="1623" ordinal="0" offset="11" sl="340" path="0" offsetend="13" fileid="21" />
                <BranchPoint vc="0" uspid="1624" ordinal="1" offset="11" sl="340" path="1" offsetend="20" fileid="21" />
                <BranchPoint vc="0" uspid="1625" ordinal="2" offset="22" sl="343" path="0" offsetend="24" fileid="21" />
                <BranchPoint vc="0" uspid="1626" ordinal="3" offset="22" sl="343" path="1" offsetend="27" fileid="21" />
                <BranchPoint vc="0" uspid="1627" ordinal="4" offset="57" sl="347" path="0" offsetend="59" fileid="21" />
                <BranchPoint vc="0" uspid="1628" ordinal="5" offset="57" sl="347" path="1" offsetend="77" fileid="21" />
                <BranchPoint vc="0" uspid="1629" ordinal="6" offset="82" sl="347" path="0" offsetend="84" fileid="21" />
                <BranchPoint vc="0" uspid="1630" ordinal="7" offset="82" sl="347" path="1" offsetend="91" fileid="21" />
                <BranchPoint vc="0" uspid="1631" ordinal="8" offset="125" sl="352" path="0" offsetend="127" fileid="21" />
                <BranchPoint vc="0" uspid="1632" ordinal="9" offset="125" sl="352" path="1" offsetend="131" fileid="21" />
                <BranchPoint vc="0" uspid="1633" ordinal="10" offset="159" sl="353" path="0" offsetend="161" fileid="21" />
                <BranchPoint vc="0" uspid="1634" ordinal="11" offset="159" sl="353" path="1" offsetend="165" fileid="21" />
                <BranchPoint vc="0" uspid="1635" ordinal="12" offset="183" sl="355" path="0" offsetend="185" fileid="21" />
                <BranchPoint vc="0" uspid="1636" ordinal="13" offset="183" sl="355" path="1" offsetend="203" fileid="21" />
                <BranchPoint vc="0" uspid="1637" ordinal="14" offset="254" sl="362" path="0" offsetend="256" fileid="21" />
                <BranchPoint vc="0" uspid="1638" ordinal="15" offset="254" sl="362" path="1" offsetend="266" fileid="21" />
                <BranchPoint vc="0" uspid="1639" ordinal="16" offset="277" sl="364" path="0" offsetend="279" fileid="21" />
                <BranchPoint vc="0" uspid="1640" ordinal="17" offset="277" sl="364" path="1" offsetend="302" fileid="21" />
                <BranchPoint vc="0" uspid="1641" ordinal="18" offset="479" sl="379" path="0" offsetend="481" fileid="21" />
                <BranchPoint vc="0" uspid="1642" ordinal="19" offset="479" sl="379" path="1" offsetend="491" fileid="21" />
                <BranchPoint vc="0" uspid="1643" ordinal="20" offset="618" sl="391" path="0" offsetend="620" fileid="21" />
                <BranchPoint vc="0" uspid="1644" ordinal="21" offset="618" sl="391" path="1" offsetend="653" fileid="21" />
                <BranchPoint vc="0" uspid="1645" ordinal="22" offset="659" sl="395" path="0" offsetend="661" fileid="21" />
                <BranchPoint vc="0" uspid="1646" ordinal="23" offset="659" sl="395" path="1" offsetend="708" fileid="21" />
                <BranchPoint vc="0" uspid="1647" ordinal="24" offset="773" sl="401" path="0" offsetend="775" fileid="21" />
                <BranchPoint vc="0" uspid="1648" ordinal="25" offset="773" sl="401" path="1" offsetend="785" fileid="21" />
                <BranchPoint vc="0" uspid="1649" ordinal="26" offset="794" sl="403" path="0" offsetend="796" fileid="21" />
                <BranchPoint vc="0" uspid="1650" ordinal="27" offset="794" sl="403" path="1" offsetend="815" fileid="21" />
                <BranchPoint vc="0" uspid="1651" ordinal="28" offset="821" sl="405" path="0" offsetend="823" fileid="21" />
                <BranchPoint vc="0" uspid="1652" ordinal="29" offset="821" sl="405" path="1" offsetend="832" fileid="21" />
                <BranchPoint vc="0" uspid="1653" ordinal="30" offset="888" sl="412" path="0" offsetend="890" fileid="21" />
                <BranchPoint vc="0" uspid="1654" ordinal="31" offset="888" sl="412" path="1" offsetend="907" fileid="21" />
                <BranchPoint vc="0" uspid="1655" ordinal="32" offset="912" sl="412" path="0" offsetend="914" fileid="21" />
                <BranchPoint vc="0" uspid="1656" ordinal="33" offset="912" sl="412" path="1" offsetend="936" fileid="21" />
                <BranchPoint vc="0" uspid="1657" ordinal="34" offset="1044" sl="429" path="0" offsetend="1046" fileid="21" />
                <BranchPoint vc="0" uspid="1658" ordinal="35" offset="1044" sl="429" path="1" offsetend="1059" fileid="21" />
                <BranchPoint vc="0" uspid="1659" ordinal="36" offset="1078" sl="425" path="0" offsetend="1080" fileid="21" />
                <BranchPoint vc="0" uspid="1660" ordinal="37" offset="1078" sl="425" path="1" offsetend="1002" fileid="21" />
              </BranchPoints>
              <MethodPoint xsi:type="SequencePoint" vc="0" uspid="1549" ordinal="0" offset="0" sl="339" sc="9" el="339" ec="10" bec="0" bev="0" fileid="21" />
            </Method>
            <Method visited="false" cyclomaticComplexity="4" nPathComplexity="4" sequenceCoverage="0" branchCoverage="0" crapScore="20" isConstructor="false" isStatic="false" isGetter="false" isSetter="false">
              <Summary numSequencePoints="11" visitedSequencePoints="0" numBranchPoints="5" visitedBranchPoints="0" sequenceCoverage="0" branchCoverage="0" maxCyclomaticComplexity="4" minCyclomaticComplexity="4" maxCrapScore="20" minCrapScore="20" visitedClasses="0" numClasses="0" visitedMethods="0" numMethods="1" />
              <MetadataToken>100663421</MetadataToken>
              <Name>System.Boolean Xunit.ConsoleClient.ConsoleRunner::ValidateFileExists(System.Object,System.String)</Name>
              <FileRef uid="21" />
              <SequencePoints>
                <SequencePoint vc="0" uspid="1661" ordinal="0" offset="0" sl="440" sc="9" el="440" ec="10" bec="0" bev="0" fileid="21" />
                <SequencePoint vc="0" uspid="1662" ordinal="1" offset="1" sl="441" sc="13" el="441" ec="78" bec="4" bev="0" fileid="21" />
                <SequencePoint vc="0" uspid="1663" ordinal="2" offset="22" sl="442" sc="17" el="442" ec="29" bec="0" bev="0" fileid="21" />
                <SequencePoint vc="0" uspid="1664" ordinal="3" offset="26" sl="444" sc="13" el="444" ec="31" bec="0" bev="0" fileid="21" />
                <SequencePoint vc="0" uspid="1665" ordinal="4" offset="39" sl="445" sc="13" el="445" ec="14" bec="0" bev="0" fileid="21" />
                <SequencePoint vc="0" uspid="1666" ordinal="5" offset="40" sl="446" sc="17" el="446" ec="68" bec="0" bev="0" fileid="21" />
                <SequencePoint vc="0" uspid="1667" ordinal="6" offset="53" sl="447" sc="17" el="447" ec="66" bec="0" bev="0" fileid="21" />
                <SequencePoint vc="0" uspid="1668" ordinal="7" offset="70" sl="448" sc="17" el="448" ec="69" bec="0" bev="0" fileid="21" />
                <SequencePoint vc="0" uspid="1669" ordinal="8" offset="82" sl="449" sc="13" el="449" ec="14" bec="0" bev="0" fileid="21" />
                <SequencePoint vc="0" uspid="1670" ordinal="9" offset="96" sl="451" sc="13" el="451" ec="26" bec="0" bev="0" fileid="21" />
                <SequencePoint vc="0" uspid="1671" ordinal="10" offset="100" sl="452" sc="9" el="452" ec="10" bec="0" bev="0" fileid="21" />
              </SequencePoints>
              <BranchPoints>
                <BranchPoint vc="0" uspid="1672" ordinal="0" offset="7" sl="441" path="0" offsetend="9" fileid="21" />
                <BranchPoint vc="0" uspid="1673" ordinal="1" offset="7" sl="441" path="1" offsetend="17" fileid="21" />
                <BranchPoint vc="0" uspid="1674" ordinal="2" offset="20" sl="441" path="0" offsetend="22" fileid="21" />
                <BranchPoint vc="0" uspid="1675" ordinal="3" offset="20" sl="441" path="1" offsetend="26" fileid="21" />
              </BranchPoints>
              <MethodPoint xsi:type="SequencePoint" vc="0" uspid="1661" ordinal="0" offset="0" sl="440" sc="9" el="440" ec="10" bec="0" bev="0" fileid="21" />
            </Method>
            <Method visited="true" cyclomaticComplexity="1" nPathComplexity="0" sequenceCoverage="100" branchCoverage="100" crapScore="1" isConstructor="true" isStatic="false" isGetter="false" isSetter="false">
              <Summary numSequencePoints="1" visitedSequencePoints="1" numBranchPoints="1" visitedBranchPoints="1" sequenceCoverage="100" branchCoverage="100" maxCyclomaticComplexity="1" minCyclomaticComplexity="1" maxCrapScore="1" minCrapScore="1" visitedClasses="0" numClasses="0" visitedMethods="1" numMethods="1" />
              <MetadataToken>100663422</MetadataToken>
              <Name>System.Void Xunit.ConsoleClient.ConsoleRunner::.ctor()</Name>
              <FileRef uid="21" />
              <SequencePoints>
                <SequencePoint vc="1" uspid="1676" ordinal="0" offset="0" sl="17" sc="9" el="17" ec="139" bec="0" bev="0" fileid="21" />
              </SequencePoints>
              <BranchPoints />
              <MethodPoint xsi:type="SequencePoint" vc="1" uspid="1676" ordinal="0" offset="0" sl="17" sc="9" el="17" ec="139" bec="0" bev="0" fileid="21" />
            </Method>
            <Method visited="false" cyclomaticComplexity="2" nPathComplexity="2" sequenceCoverage="0" branchCoverage="0" crapScore="6" isConstructor="false" isStatic="false" isGetter="false" isSetter="false">
              <Summary numSequencePoints="8" visitedSequencePoints="0" numBranchPoints="3" visitedBranchPoints="0" sequenceCoverage="0" branchCoverage="0" maxCyclomaticComplexity="2" minCyclomaticComplexity="2" maxCrapScore="6" minCrapScore="6" visitedClasses="0" numClasses="0" visitedMethods="0" numMethods="1" />
              <MetadataToken>100663423</MetadataToken>
              <Name>System.Void Xunit.ConsoleClient.ConsoleRunner::&lt;EntryPoint&gt;b__5_0(System.Object,System.ConsoleCancelEventArgs)</Name>
              <FileRef uid="21" />
              <SequencePoints>
                <SequencePoint vc="0" uspid="1677" ordinal="0" offset="0" sl="40" sc="17" el="40" ec="18" bec="0" bev="0" fileid="21" />
                <SequencePoint vc="0" uspid="1678" ordinal="1" offset="1" sl="41" sc="21" el="41" ec="33" bec="2" bev="0" fileid="21" />
                <SequencePoint vc="0" uspid="1679" ordinal="2" offset="16" sl="42" sc="21" el="42" ec="22" bec="0" bev="0" fileid="21" />
                <SequencePoint vc="0" uspid="1680" ordinal="3" offset="17" sl="43" sc="25" el="43" ec="93" bec="0" bev="0" fileid="21" />
                <SequencePoint vc="0" uspid="1681" ordinal="4" offset="28" sl="44" sc="25" el="44" ec="39" bec="0" bev="0" fileid="21" />
                <SequencePoint vc="0" uspid="1682" ordinal="5" offset="37" sl="45" sc="25" el="45" ec="41" bec="0" bev="0" fileid="21" />
                <SequencePoint vc="0" uspid="1683" ordinal="6" offset="45" sl="46" sc="21" el="46" ec="22" bec="0" bev="0" fileid="21" />
                <SequencePoint vc="0" uspid="1684" ordinal="7" offset="46" sl="47" sc="17" el="47" ec="18" bec="0" bev="0" fileid="21" />
              </SequencePoints>
              <BranchPoints>
                <BranchPoint vc="0" uspid="1685" ordinal="0" offset="14" sl="41" path="0" offsetend="16" fileid="21" />
                <BranchPoint vc="0" uspid="1686" ordinal="1" offset="14" sl="41" path="1" offsetend="46" fileid="21" />
              </BranchPoints>
              <MethodPoint xsi:type="SequencePoint" vc="0" uspid="1677" ordinal="0" offset="0" sl="40" sc="17" el="40" ec="18" bec="0" bev="0" fileid="21" />
            </Method>
            <Method visited="false" cyclomaticComplexity="1" nPathComplexity="0" sequenceCoverage="0" branchCoverage="0" crapScore="2" isConstructor="false" isStatic="false" isGetter="false" isSetter="false">
              <Summary numSequencePoints="1" visitedSequencePoints="0" numBranchPoints="1" visitedBranchPoints="0" sequenceCoverage="0" branchCoverage="0" maxCyclomaticComplexity="1" minCyclomaticComplexity="1" maxCrapScore="2" minCrapScore="2" visitedClasses="0" numClasses="0" visitedMethods="0" numMethods="1" />
              <MetadataToken>100663424</MetadataToken>
              <Name>System.Boolean Xunit.ConsoleClient.ConsoleRunner::&lt;ExecuteAssembly&gt;b__11_0()</Name>
              <FileRef uid="21" />
              <SequencePoints>
                <SequencePoint vc="0" uspid="1687" ordinal="0" offset="0" sl="376" sc="72" el="376" ec="78" bec="0" bev="0" fileid="21" />
              </SequencePoints>
              <BranchPoints />
              <MethodPoint xsi:type="SequencePoint" vc="0" uspid="1687" ordinal="0" offset="0" sl="376" sc="72" el="376" ec="78" bec="0" bev="0" fileid="21" />
            </Method>
            <Method visited="false" cyclomaticComplexity="1" nPathComplexity="0" sequenceCoverage="0" branchCoverage="0" crapScore="2" isConstructor="false" isStatic="false" isGetter="false" isSetter="false">
              <Summary numSequencePoints="1" visitedSequencePoints="0" numBranchPoints="1" visitedBranchPoints="0" sequenceCoverage="0" branchCoverage="0" maxCyclomaticComplexity="1" minCyclomaticComplexity="1" maxCrapScore="2" minCrapScore="2" visitedClasses="0" numClasses="0" visitedMethods="0" numMethods="1" />
              <MetadataToken>100663425</MetadataToken>
              <Name>System.Boolean Xunit.ConsoleClient.ConsoleRunner::&lt;ExecuteAssembly&gt;b__11_1()</Name>
              <FileRef uid="21" />
              <SequencePoints>
                <SequencePoint vc="0" uspid="1688" ordinal="0" offset="0" sl="400" sc="119" el="400" ec="125" bec="0" bev="0" fileid="21" />
              </SequencePoints>
              <BranchPoints />
              <MethodPoint xsi:type="SequencePoint" vc="0" uspid="1688" ordinal="0" offset="0" sl="400" sc="119" el="400" ec="125" bec="0" bev="0" fileid="21" />
            </Method>
            <Method visited="false" cyclomaticComplexity="1" nPathComplexity="0" sequenceCoverage="0" branchCoverage="0" crapScore="2" isConstructor="false" isStatic="false" isGetter="false" isSetter="false">
              <Summary numSequencePoints="1" visitedSequencePoints="0" numBranchPoints="1" visitedBranchPoints="0" sequenceCoverage="0" branchCoverage="0" maxCyclomaticComplexity="1" minCyclomaticComplexity="1" maxCrapScore="2" minCrapScore="2" visitedClasses="0" numClasses="0" visitedMethods="0" numMethods="1" />
              <MetadataToken>100663426</MetadataToken>
              <Name>System.Void Xunit.ConsoleClient.ConsoleRunner::&lt;ExecuteAssembly&gt;b__11_2(System.String,Xunit.ExecutionSummary)</Name>
              <FileRef uid="21" />
              <SequencePoints>
                <SequencePoint vc="0" uspid="1689" ordinal="0" offset="0" sl="400" sc="146" el="400" ec="186" bec="0" bev="0" fileid="21" />
              </SequencePoints>
              <BranchPoints />
              <MethodPoint xsi:type="SequencePoint" vc="0" uspid="1689" ordinal="0" offset="0" sl="400" sc="146" el="400" ec="186" bec="0" bev="0" fileid="21" />
            </Method>
          </Methods>
        </Class>
        <Class>
          <Summary numSequencePoints="1" visitedSequencePoints="1" numBranchPoints="1" visitedBranchPoints="1" sequenceCoverage="100" branchCoverage="100" maxCyclomaticComplexity="1" minCyclomaticComplexity="1" maxCrapScore="2" minCrapScore="1" visitedClasses="1" numClasses="1" visitedMethods="1" numMethods="1" />
          <FullName>Xunit.ConsoleClient.ConsoleRunner/&lt;&gt;c__DisplayClass6_0</FullName>
          <Methods>
            <Method visited="false" cyclomaticComplexity="1" nPathComplexity="0" sequenceCoverage="0" branchCoverage="0" crapScore="2" isConstructor="true" isStatic="false" isGetter="false" isSetter="false">
              <Summary numSequencePoints="0" visitedSequencePoints="0" numBranchPoints="0" visitedBranchPoints="0" sequenceCoverage="0" branchCoverage="0" maxCyclomaticComplexity="1" minCyclomaticComplexity="1" maxCrapScore="2" minCrapScore="2" visitedClasses="0" numClasses="0" visitedMethods="0" numMethods="0" />
              <MetadataToken>100663452</MetadataToken>
              <Name>System.Void Xunit.ConsoleClient.ConsoleRunner/&lt;&gt;c__DisplayClass6_0::.ctor()</Name>
              <SequencePoints />
              <BranchPoints />
              <MethodPoint vc="0" uspid="1690" ordinal="0" offset="0" />
            </Method>
            <Method visited="true" cyclomaticComplexity="1" nPathComplexity="0" sequenceCoverage="100" branchCoverage="100" crapScore="1" isConstructor="false" isStatic="false" isGetter="false" isSetter="false">
              <Summary numSequencePoints="1" visitedSequencePoints="1" numBranchPoints="1" visitedBranchPoints="1" sequenceCoverage="100" branchCoverage="100" maxCyclomaticComplexity="1" minCyclomaticComplexity="1" maxCrapScore="1" minCrapScore="1" visitedClasses="0" numClasses="0" visitedMethods="1" numMethods="1" />
              <MetadataToken>100663453</MetadataToken>
              <Name>System.String Xunit.ConsoleClient.ConsoleRunner/&lt;&gt;c__DisplayClass6_0::&lt;GetAvailableRunnerReporters&gt;b__0(System.String)</Name>
              <FileRef uid="21" />
              <SequencePoints>
                <SequencePoint vc="3" uspid="1691" ordinal="0" offset="0" sl="114" sc="89" el="114" ec="116" bec="0" bev="0" fileid="21" />
              </SequencePoints>
              <BranchPoints />
              <MethodPoint xsi:type="SequencePoint" vc="3" uspid="1691" ordinal="0" offset="0" sl="114" sc="89" el="114" ec="116" bec="0" bev="0" fileid="21" />
            </Method>
          </Methods>
        </Class>
        <Class>
          <Summary numSequencePoints="8" visitedSequencePoints="4" numBranchPoints="8" visitedBranchPoints="4" sequenceCoverage="50" branchCoverage="50" maxCyclomaticComplexity="1" minCyclomaticComplexity="1" maxCrapScore="2" minCrapScore="1" visitedClasses="1" numClasses="1" visitedMethods="4" numMethods="8" />
          <FullName>Xunit.ConsoleClient.ConsoleRunner/&lt;&gt;c</FullName>
          <Methods>
            <Method visited="false" cyclomaticComplexity="1" nPathComplexity="0" sequenceCoverage="0" branchCoverage="0" crapScore="2" isConstructor="true" isStatic="true" isGetter="false" isSetter="false">
              <Summary numSequencePoints="0" visitedSequencePoints="0" numBranchPoints="0" visitedBranchPoints="0" sequenceCoverage="0" branchCoverage="0" maxCyclomaticComplexity="1" minCyclomaticComplexity="1" maxCrapScore="2" minCrapScore="2" visitedClasses="0" numClasses="0" visitedMethods="0" numMethods="0" />
              <MetadataToken>100663454</MetadataToken>
              <Name>System.Void Xunit.ConsoleClient.ConsoleRunner/&lt;&gt;c::.cctor()</Name>
              <SequencePoints />
              <BranchPoints />
              <MethodPoint vc="0" uspid="1692" ordinal="0" offset="0" />
            </Method>
            <Method visited="false" cyclomaticComplexity="1" nPathComplexity="0" sequenceCoverage="0" branchCoverage="0" crapScore="2" isConstructor="true" isStatic="false" isGetter="false" isSetter="false">
              <Summary numSequencePoints="0" visitedSequencePoints="0" numBranchPoints="0" visitedBranchPoints="0" sequenceCoverage="0" branchCoverage="0" maxCyclomaticComplexity="1" minCyclomaticComplexity="1" maxCrapScore="2" minCrapScore="2" visitedClasses="0" numClasses="0" visitedMethods="0" numMethods="0" />
              <MetadataToken>100663455</MetadataToken>
              <Name>System.Void Xunit.ConsoleClient.ConsoleRunner/&lt;&gt;c::.ctor()</Name>
              <SequencePoints />
              <BranchPoints />
              <MethodPoint vc="0" uspid="1693" ordinal="0" offset="0" />
            </Method>
            <Method visited="true" cyclomaticComplexity="1" nPathComplexity="0" sequenceCoverage="100" branchCoverage="100" crapScore="1" isConstructor="false" isStatic="false" isGetter="false" isSetter="false">
              <Summary numSequencePoints="1" visitedSequencePoints="1" numBranchPoints="1" visitedBranchPoints="1" sequenceCoverage="100" branchCoverage="100" maxCyclomaticComplexity="1" minCyclomaticComplexity="1" maxCrapScore="1" minCrapScore="1" visitedClasses="0" numClasses="0" visitedMethods="1" numMethods="1" />
              <MetadataToken>100663456</MetadataToken>
              <Name>System.Boolean Xunit.ConsoleClient.ConsoleRunner/&lt;&gt;c::&lt;GetAvailableRunnerReporters&gt;b__6_1(System.Type)</Name>
              <FileRef uid="21" />
              <SequencePoints>
                <SequencePoint vc="513" uspid="1694" ordinal="0" offset="0" sl="139" sc="196" el="139" ec="224" bec="0" bev="0" fileid="21" />
              </SequencePoints>
              <BranchPoints />
              <MethodPoint xsi:type="SequencePoint" vc="513" uspid="1694" ordinal="0" offset="0" sl="139" sc="196" el="139" ec="224" bec="0" bev="0" fileid="21" />
            </Method>
            <Method visited="true" cyclomaticComplexity="1" nPathComplexity="0" sequenceCoverage="100" branchCoverage="100" crapScore="1" isConstructor="false" isStatic="false" isGetter="false" isSetter="false">
              <Summary numSequencePoints="1" visitedSequencePoints="1" numBranchPoints="1" visitedBranchPoints="1" sequenceCoverage="100" branchCoverage="100" maxCyclomaticComplexity="1" minCyclomaticComplexity="1" maxCrapScore="1" minCrapScore="1" visitedClasses="0" numClasses="0" visitedMethods="1" numMethods="1" />
              <MetadataToken>100663457</MetadataToken>
              <Name>System.Boolean Xunit.ConsoleClient.ConsoleRunner/&lt;&gt;c::&lt;PrintUsage&gt;b__9_0(Xunit.IRunnerReporter)</Name>
              <FileRef uid="21" />
              <SequencePoints>
                <SequencePoint vc="5" uspid="1695" ordinal="0" offset="0" sl="251" sc="60" el="251" ec="102" bec="0" bev="0" fileid="21" />
              </SequencePoints>
              <BranchPoints />
              <MethodPoint xsi:type="SequencePoint" vc="5" uspid="1695" ordinal="0" offset="0" sl="251" sc="60" el="251" ec="102" bec="0" bev="0" fileid="21" />
            </Method>
            <Method visited="true" cyclomaticComplexity="1" nPathComplexity="0" sequenceCoverage="100" branchCoverage="100" crapScore="1" isConstructor="false" isStatic="false" isGetter="false" isSetter="false">
              <Summary numSequencePoints="1" visitedSequencePoints="1" numBranchPoints="1" visitedBranchPoints="1" sequenceCoverage="100" branchCoverage="100" maxCyclomaticComplexity="1" minCyclomaticComplexity="1" maxCrapScore="1" minCrapScore="1" visitedClasses="0" numClasses="0" visitedMethods="1" numMethods="1" />
              <MetadataToken>100663458</MetadataToken>
              <Name>System.String Xunit.ConsoleClient.ConsoleRunner/&lt;&gt;c::&lt;PrintUsage&gt;b__9_1(Xunit.IRunnerReporter)</Name>
              <FileRef uid="21" />
              <SequencePoints>
                <SequencePoint vc="5" uspid="1696" ordinal="0" offset="0" sl="256" sc="75" el="256" ec="89" bec="0" bev="0" fileid="21" />
              </SequencePoints>
              <BranchPoints />
              <MethodPoint xsi:type="SequencePoint" vc="5" uspid="1696" ordinal="0" offset="0" sl="256" sc="75" el="256" ec="89" bec="0" bev="0" fileid="21" />
            </Method>
            <Method visited="true" cyclomaticComplexity="1" nPathComplexity="0" sequenceCoverage="100" branchCoverage="100" crapScore="1" isConstructor="false" isStatic="false" isGetter="false" isSetter="false">
              <Summary numSequencePoints="1" visitedSequencePoints="1" numBranchPoints="1" visitedBranchPoints="1" sequenceCoverage="100" branchCoverage="100" maxCyclomaticComplexity="1" minCyclomaticComplexity="1" maxCrapScore="1" minCrapScore="1" visitedClasses="0" numClasses="0" visitedMethods="1" numMethods="1" />
              <MetadataToken>100663459</MetadataToken>
              <Name>System.Void Xunit.ConsoleClient.ConsoleRunner/&lt;&gt;c::&lt;PrintUsage&gt;b__9_2(Xunit.ConsoleClient.Transform)</Name>
              <FileRef uid="21" />
              <SequencePoints>
                <SequencePoint vc="4" uspid="1697" ordinal="0" offset="0" sl="264" sc="30" el="264" ec="150" bec="0" bev="0" fileid="21" />
              </SequencePoints>
              <BranchPoints />
              <MethodPoint xsi:type="SequencePoint" vc="4" uspid="1697" ordinal="0" offset="0" sl="264" sc="30" el="264" ec="150" bec="0" bev="0" fileid="21" />
            </Method>
            <Method visited="false" cyclomaticComplexity="1" nPathComplexity="0" sequenceCoverage="0" branchCoverage="0" crapScore="2" isConstructor="false" isStatic="false" isGetter="false" isSetter="false">
              <Summary numSequencePoints="1" visitedSequencePoints="0" numBranchPoints="1" visitedBranchPoints="0" sequenceCoverage="0" branchCoverage="0" maxCyclomaticComplexity="1" minCyclomaticComplexity="1" maxCrapScore="2" minCrapScore="2" visitedClasses="0" numClasses="0" visitedMethods="0" numMethods="1" />
              <MetadataToken>100663460</MetadataToken>
              <Name>System.Boolean Xunit.ConsoleClient.ConsoleRunner/&lt;&gt;c::&lt;RunProject&gt;b__10_0(Xunit.XunitProjectAssembly)</Name>
              <FileRef uid="21" />
              <SequencePoints>
                <SequencePoint vc="0" uspid="1698" ordinal="0" offset="0" sl="287" sc="65" el="287" ec="116" bec="0" bev="0" fileid="21" />
              </SequencePoints>
              <BranchPoints />
              <MethodPoint xsi:type="SequencePoint" vc="0" uspid="1698" ordinal="0" offset="0" sl="287" sc="65" el="287" ec="116" bec="0" bev="0" fileid="21" />
            </Method>
            <Method visited="false" cyclomaticComplexity="1" nPathComplexity="0" sequenceCoverage="0" branchCoverage="0" crapScore="2" isConstructor="false" isStatic="false" isGetter="false" isSetter="false">
              <Summary numSequencePoints="1" visitedSequencePoints="0" numBranchPoints="1" visitedBranchPoints="0" sequenceCoverage="0" branchCoverage="0" maxCyclomaticComplexity="1" minCyclomaticComplexity="1" maxCrapScore="2" minCrapScore="2" visitedClasses="0" numClasses="0" visitedMethods="0" numMethods="1" />
              <MetadataToken>100663461</MetadataToken>
              <Name>System.Boolean Xunit.ConsoleClient.ConsoleRunner/&lt;&gt;c::&lt;RunProject&gt;b__10_3(System.Xml.Linq.XElement)</Name>
              <FileRef uid="21" />
              <SequencePoints>
                <SequencePoint vc="0" uspid="1699" ordinal="0" offset="0" sl="298" sc="73" el="298" ec="87" bec="0" bev="0" fileid="21" />
              </SequencePoints>
              <BranchPoints />
              <MethodPoint xsi:type="SequencePoint" vc="0" uspid="1699" ordinal="0" offset="0" sl="298" sc="73" el="298" ec="87" bec="0" bev="0" fileid="21" />
            </Method>
            <Method visited="false" cyclomaticComplexity="1" nPathComplexity="0" sequenceCoverage="0" branchCoverage="0" crapScore="2" isConstructor="false" isStatic="false" isGetter="false" isSetter="false">
              <Summary numSequencePoints="1" visitedSequencePoints="0" numBranchPoints="1" visitedBranchPoints="0" sequenceCoverage="0" branchCoverage="0" maxCyclomaticComplexity="1" minCyclomaticComplexity="1" maxCrapScore="2" minCrapScore="2" visitedClasses="0" numClasses="0" visitedMethods="0" numMethods="1" />
              <MetadataToken>100663462</MetadataToken>
              <Name>System.String Xunit.ConsoleClient.ConsoleRunner/&lt;&gt;c::&lt;RunProject&gt;b__10_4(System.Collections.Generic.KeyValuePair`2&lt;System.String,Xunit.ExecutionSummary&gt;)</Name>
              <FileRef uid="21" />
              <SequencePoints>
                <SequencePoint vc="0" uspid="1700" ordinal="0" offset="0" sl="317" sc="128" el="317" ec="135" bec="0" bev="0" fileid="21" />
              </SequencePoints>
              <BranchPoints />
              <MethodPoint xsi:type="SequencePoint" vc="0" uspid="1700" ordinal="0" offset="0" sl="317" sc="128" el="317" ec="135" bec="0" bev="0" fileid="21" />
            </Method>
            <Method visited="false" cyclomaticComplexity="1" nPathComplexity="0" sequenceCoverage="0" branchCoverage="0" crapScore="2" isConstructor="false" isStatic="false" isGetter="false" isSetter="false">
              <Summary numSequencePoints="1" visitedSequencePoints="0" numBranchPoints="1" visitedBranchPoints="0" sequenceCoverage="0" branchCoverage="0" maxCyclomaticComplexity="1" minCyclomaticComplexity="1" maxCrapScore="2" minCrapScore="2" visitedClasses="0" numClasses="0" visitedMethods="0" numMethods="1" />
              <MetadataToken>100663463</MetadataToken>
              <Name>System.Int32 Xunit.ConsoleClient.ConsoleRunner/&lt;&gt;c::&lt;RunProject&gt;b__10_6(Xunit.ExecutionSummary)</Name>
              <FileRef uid="21" />
              <SequencePoints>
                <SequencePoint vc="0" uspid="1701" ordinal="0" offset="0" sl="323" sc="74" el="323" ec="88" bec="0" bev="0" fileid="21" />
              </SequencePoints>
              <BranchPoints />
              <MethodPoint xsi:type="SequencePoint" vc="0" uspid="1701" ordinal="0" offset="0" sl="323" sc="74" el="323" ec="88" bec="0" bev="0" fileid="21" />
            </Method>
          </Methods>
        </Class>
        <Class>
          <Summary numSequencePoints="2" visitedSequencePoints="0" numBranchPoints="2" visitedBranchPoints="0" sequenceCoverage="0" branchCoverage="0" maxCyclomaticComplexity="1" minCyclomaticComplexity="1" maxCrapScore="2" minCrapScore="2" visitedClasses="0" numClasses="1" visitedMethods="0" numMethods="2" />
          <FullName>Xunit.ConsoleClient.ConsoleRunner/&lt;&gt;c__DisplayClass10_0</FullName>
          <Methods>
            <Method visited="false" cyclomaticComplexity="1" nPathComplexity="0" sequenceCoverage="0" branchCoverage="0" crapScore="2" isConstructor="true" isStatic="false" isGetter="false" isSetter="false">
              <Summary numSequencePoints="0" visitedSequencePoints="0" numBranchPoints="0" visitedBranchPoints="0" sequenceCoverage="0" branchCoverage="0" maxCyclomaticComplexity="1" minCyclomaticComplexity="1" maxCrapScore="2" minCrapScore="2" visitedClasses="0" numClasses="0" visitedMethods="0" numMethods="0" />
              <MetadataToken>100663464</MetadataToken>
              <Name>System.Void Xunit.ConsoleClient.ConsoleRunner/&lt;&gt;c__DisplayClass10_0::.ctor()</Name>
              <SequencePoints />
              <BranchPoints />
              <MethodPoint vc="0" uspid="1702" ordinal="0" offset="0" />
            </Method>
            <Method visited="false" cyclomaticComplexity="1" nPathComplexity="0" sequenceCoverage="0" branchCoverage="0" crapScore="2" isConstructor="false" isStatic="false" isGetter="false" isSetter="false">
              <Summary numSequencePoints="1" visitedSequencePoints="0" numBranchPoints="1" visitedBranchPoints="0" sequenceCoverage="0" branchCoverage="0" maxCyclomaticComplexity="1" minCyclomaticComplexity="1" maxCrapScore="2" minCrapScore="2" visitedClasses="0" numClasses="0" visitedMethods="0" numMethods="1" />
              <MetadataToken>100663465</MetadataToken>
              <Name>System.Threading.Tasks.Task`1&lt;System.Xml.Linq.XElement&gt; Xunit.ConsoleClient.ConsoleRunner/&lt;&gt;c__DisplayClass10_0::&lt;RunProject&gt;b__1(Xunit.XunitProjectAssembly)</Name>
              <FileRef uid="21" />
              <SequencePoints>
                <SequencePoint vc="0" uspid="1703" ordinal="0" offset="20" sl="296" sc="67" el="296" ec="296" bec="0" bev="0" fileid="21" />
              </SequencePoints>
              <BranchPoints />
              <MethodPoint vc="0" uspid="1704" ordinal="0" offset="0" />
            </Method>
            <Method visited="false" cyclomaticComplexity="1" nPathComplexity="0" sequenceCoverage="0" branchCoverage="0" crapScore="2" isConstructor="false" isStatic="false" isGetter="false" isSetter="false">
              <Summary numSequencePoints="1" visitedSequencePoints="0" numBranchPoints="1" visitedBranchPoints="0" sequenceCoverage="0" branchCoverage="0" maxCyclomaticComplexity="1" minCyclomaticComplexity="1" maxCrapScore="2" minCrapScore="2" visitedClasses="0" numClasses="0" visitedMethods="0" numMethods="1" />
              <MetadataToken>100663466</MetadataToken>
              <Name>System.Void Xunit.ConsoleClient.ConsoleRunner/&lt;&gt;c__DisplayClass10_0::&lt;RunProject&gt;b__5(System.Action`1&lt;System.Xml.Linq.XElement&gt;)</Name>
              <FileRef uid="21" />
              <SequencePoints>
                <SequencePoint vc="0" uspid="1705" ordinal="0" offset="0" sl="321" sc="52" el="321" ec="82" bec="0" bev="0" fileid="21" />
              </SequencePoints>
              <BranchPoints />
              <MethodPoint xsi:type="SequencePoint" vc="0" uspid="1705" ordinal="0" offset="0" sl="321" sc="52" el="321" ec="82" bec="0" bev="0" fileid="21" />
            </Method>
          </Methods>
        </Class>
        <Class>
          <Summary numSequencePoints="1" visitedSequencePoints="0" numBranchPoints="1" visitedBranchPoints="0" sequenceCoverage="0" branchCoverage="0" maxCyclomaticComplexity="1" minCyclomaticComplexity="1" maxCrapScore="2" minCrapScore="2" visitedClasses="0" numClasses="1" visitedMethods="0" numMethods="1" />
          <FullName>Xunit.ConsoleClient.ConsoleRunner/&lt;&gt;c__DisplayClass10_1</FullName>
          <Methods>
            <Method visited="false" cyclomaticComplexity="1" nPathComplexity="0" sequenceCoverage="0" branchCoverage="0" crapScore="2" isConstructor="true" isStatic="false" isGetter="false" isSetter="false">
              <Summary numSequencePoints="0" visitedSequencePoints="0" numBranchPoints="0" visitedBranchPoints="0" sequenceCoverage="0" branchCoverage="0" maxCyclomaticComplexity="1" minCyclomaticComplexity="1" maxCrapScore="2" minCrapScore="2" visitedClasses="0" numClasses="0" visitedMethods="0" numMethods="0" />
              <MetadataToken>100663467</MetadataToken>
              <Name>System.Void Xunit.ConsoleClient.ConsoleRunner/&lt;&gt;c__DisplayClass10_1::.ctor()</Name>
              <SequencePoints />
              <BranchPoints />
              <MethodPoint vc="0" uspid="1706" ordinal="0" offset="0" />
            </Method>
            <Method visited="false" cyclomaticComplexity="1" nPathComplexity="0" sequenceCoverage="0" branchCoverage="0" crapScore="2" isConstructor="false" isStatic="false" isGetter="false" isSetter="false">
              <Summary numSequencePoints="1" visitedSequencePoints="0" numBranchPoints="1" visitedBranchPoints="0" sequenceCoverage="0" branchCoverage="0" maxCyclomaticComplexity="1" minCyclomaticComplexity="1" maxCrapScore="2" minCrapScore="2" visitedClasses="0" numClasses="0" visitedMethods="0" numMethods="1" />
              <MetadataToken>100663468</MetadataToken>
              <Name>System.Xml.Linq.XElement Xunit.ConsoleClient.ConsoleRunner/&lt;&gt;c__DisplayClass10_1::&lt;RunProject&gt;b__2()</Name>
              <FileRef uid="21" />
              <SequencePoints>
                <SequencePoint vc="0" uspid="1707" ordinal="0" offset="0" sl="296" sc="82" el="296" ec="295" bec="0" bev="0" fileid="21" />
              </SequencePoints>
              <BranchPoints />
              <MethodPoint xsi:type="SequencePoint" vc="0" uspid="1707" ordinal="0" offset="0" sl="296" sc="82" el="296" ec="295" bec="0" bev="0" fileid="21" />
            </Method>
          </Methods>
        </Class>
        <Class>
          <Summary numSequencePoints="5" visitedSequencePoints="5" numBranchPoints="1" visitedBranchPoints="1" sequenceCoverage="100" branchCoverage="100" maxCyclomaticComplexity="2" minCyclomaticComplexity="1" maxCrapScore="2" minCrapScore="2" visitedClasses="1" numClasses="1" visitedMethods="1" numMethods="1" />
          <FullName>Xunit.ConsoleClient.Program</FullName>
          <Methods>
            <Method visited="true" cyclomaticComplexity="2" nPathComplexity="0" sequenceCoverage="100" branchCoverage="100" crapScore="2" isConstructor="false" isStatic="true" isGetter="false" isSetter="false">
              <Summary numSequencePoints="5" visitedSequencePoints="5" numBranchPoints="1" visitedBranchPoints="1" sequenceCoverage="100" branchCoverage="100" maxCyclomaticComplexity="2" minCyclomaticComplexity="2" maxCrapScore="2" minCrapScore="2" visitedClasses="0" numClasses="0" visitedMethods="1" numMethods="1" />
              <MetadataToken>100663427</MetadataToken>
              <Name>System.Int32 Xunit.ConsoleClient.Program::Main(System.String[])</Name>
              <FileRef uid="26" />
              <SequencePoints>
                <SequencePoint vc="1" uspid="1708" ordinal="0" offset="0" sl="9" sc="9" el="9" ec="10" bec="0" bev="0" fileid="26" />
                <SequencePoint vc="1" uspid="1709" ordinal="1" offset="1" sl="11" sc="13" el="11" ec="54" bec="0" bev="0" fileid="26" />
                <SequencePoint vc="1" uspid="1710" ordinal="2" offset="8" sl="15" sc="13" el="15" ec="14" bec="0" bev="0" fileid="26" />
                <SequencePoint vc="1" uspid="1711" ordinal="3" offset="9" sl="16" sc="17" el="16" ec="61" bec="0" bev="0" fileid="26" />
                <SequencePoint vc="1" uspid="1712" ordinal="4" offset="34" sl="18" sc="9" el="18" ec="10" bec="0" bev="0" fileid="26" />
              </SequencePoints>
              <BranchPoints />
              <MethodPoint xsi:type="SequencePoint" vc="1" uspid="1708" ordinal="0" offset="0" sl="9" sc="9" el="9" ec="10" bec="0" bev="0" fileid="26" />
            </Method>
            <Method visited="false" cyclomaticComplexity="1" nPathComplexity="0" sequenceCoverage="0" branchCoverage="0" crapScore="2" isConstructor="true" isStatic="false" isGetter="false" isSetter="false">
              <Summary numSequencePoints="0" visitedSequencePoints="0" numBranchPoints="0" visitedBranchPoints="0" sequenceCoverage="0" branchCoverage="0" maxCyclomaticComplexity="1" minCyclomaticComplexity="1" maxCrapScore="2" minCrapScore="2" visitedClasses="0" numClasses="0" visitedMethods="0" numMethods="0" />
              <MetadataToken>100663428</MetadataToken>
              <Name>System.Void Xunit.ConsoleClient.Program::.ctor()</Name>
              <SequencePoints />
              <BranchPoints />
              <MethodPoint vc="0" uspid="1713" ordinal="0" offset="0" />
            </Method>
          </Methods>
        </Class>
        <Class>
          <Summary numSequencePoints="19" visitedSequencePoints="0" numBranchPoints="8" visitedBranchPoints="0" sequenceCoverage="0" branchCoverage="0" maxCyclomaticComplexity="4" minCyclomaticComplexity="2" maxCrapScore="20" minCrapScore="6" visitedClasses="0" numClasses="1" visitedMethods="0" numMethods="2" />
          <FullName>Xunit.ConsoleClient.DiagnosticMessageSink</FullName>
          <Methods>
            <Method visited="false" cyclomaticComplexity="2" nPathComplexity="2" sequenceCoverage="0" branchCoverage="0" crapScore="6" isConstructor="true" isStatic="false" isGetter="false" isSetter="false">
              <Summary numSequencePoints="9" visitedSequencePoints="0" numBranchPoints="3" visitedBranchPoints="0" sequenceCoverage="0" branchCoverage="0" maxCyclomaticComplexity="2" minCyclomaticComplexity="2" maxCrapScore="6" minCrapScore="6" visitedClasses="0" numClasses="0" visitedMethods="0" numMethods="1" />
              <MetadataToken>100663429</MetadataToken>
              <Name>System.Void Xunit.ConsoleClient.DiagnosticMessageSink::.ctor(System.Object,System.String,System.Boolean,System.Boolean,System.ConsoleColor)</Name>
              <FileRef uid="27" />
              <SequencePoints>
                <SequencePoint vc="0" uspid="1714" ordinal="0" offset="0" sl="13" sc="9" el="13" ec="170" bec="0" bev="0" fileid="27" />
                <SequencePoint vc="0" uspid="1715" ordinal="1" offset="7" sl="14" sc="9" el="14" ec="10" bec="0" bev="0" fileid="27" />
                <SequencePoint vc="0" uspid="1716" ordinal="2" offset="8" sl="15" sc="13" el="15" ec="44" bec="0" bev="0" fileid="27" />
                <SequencePoint vc="0" uspid="1717" ordinal="3" offset="15" sl="16" sc="13" el="16" ec="60" bec="0" bev="0" fileid="27" />
                <SequencePoint vc="0" uspid="1718" ordinal="4" offset="22" sl="17" sc="13" el="17" ec="36" bec="0" bev="0" fileid="27" />
                <SequencePoint vc="0" uspid="1719" ordinal="5" offset="30" sl="18" sc="13" el="18" ec="46" bec="0" bev="0" fileid="27" />
                <SequencePoint vc="0" uspid="1720" ordinal="6" offset="38" sl="20" sc="13" el="20" ec="33" bec="2" bev="0" fileid="27" />
                <SequencePoint vc="0" uspid="1721" ordinal="7" offset="43" sl="21" sc="17" el="21" ec="79" bec="0" bev="0" fileid="27" />
                <SequencePoint vc="0" uspid="1722" ordinal="8" offset="67" sl="22" sc="9" el="22" ec="10" bec="0" bev="0" fileid="27" />
              </SequencePoints>
              <BranchPoints>
                <BranchPoint vc="0" uspid="1723" ordinal="0" offset="41" sl="20" path="0" offsetend="43" fileid="27" />
                <BranchPoint vc="0" uspid="1724" ordinal="1" offset="41" sl="20" path="1" offsetend="67" fileid="27" />
              </BranchPoints>
              <MethodPoint xsi:type="SequencePoint" vc="0" uspid="1714" ordinal="0" offset="0" sl="13" sc="9" el="13" ec="170" bec="0" bev="0" fileid="27" />
            </Method>
            <Method visited="false" cyclomaticComplexity="4" nPathComplexity="4" sequenceCoverage="0" branchCoverage="0" crapScore="20" isConstructor="false" isStatic="false" isGetter="false" isSetter="false">
              <Summary numSequencePoints="10" visitedSequencePoints="0" numBranchPoints="5" visitedBranchPoints="0" sequenceCoverage="0" branchCoverage="0" maxCyclomaticComplexity="4" minCyclomaticComplexity="4" maxCrapScore="20" minCrapScore="20" visitedClasses="0" numClasses="0" visitedMethods="0" numMethods="1" />
              <MetadataToken>100663430</MetadataToken>
              <Name>System.Void Xunit.ConsoleClient.DiagnosticMessageSink::HandleDiagnosticMessage(Xunit.MessageHandlerArgs`1&lt;Xunit.Abstractions.IDiagnosticMessage&gt;)</Name>
              <FileRef uid="27" />
              <SequencePoints>
                <SequencePoint vc="0" uspid="1725" ordinal="0" offset="0" sl="25" sc="9" el="25" ec="10" bec="0" bev="0" fileid="27" />
                <SequencePoint vc="0" uspid="1726" ordinal="1" offset="1" sl="26" sc="13" el="26" ec="31" bec="0" bev="0" fileid="27" />
                <SequencePoint vc="0" uspid="1727" ordinal="2" offset="19" sl="27" sc="13" el="27" ec="14" bec="0" bev="0" fileid="27" />
                <SequencePoint vc="0" uspid="1728" ordinal="3" offset="20" sl="28" sc="17" el="28" ec="30" bec="2" bev="0" fileid="27" />
                <SequencePoint vc="0" uspid="1729" ordinal="4" offset="33" sl="29" sc="21" el="29" ec="68" bec="0" bev="0" fileid="27" />
                <SequencePoint vc="0" uspid="1730" ordinal="5" offset="50" sl="31" sc="17" el="31" ec="88" bec="0" bev="0" fileid="27" />
                <SequencePoint vc="0" uspid="1731" ordinal="6" offset="83" sl="33" sc="17" el="33" ec="30" bec="2" bev="0" fileid="27" />
                <SequencePoint vc="0" uspid="1732" ordinal="7" offset="96" sl="34" sc="21" el="34" ec="48" bec="0" bev="0" fileid="27" />
                <SequencePoint vc="0" uspid="1733" ordinal="8" offset="107" sl="35" sc="13" el="35" ec="14" bec="0" bev="0" fileid="27" />
                <SequencePoint vc="0" uspid="1734" ordinal="9" offset="121" sl="36" sc="9" el="36" ec="10" bec="0" bev="0" fileid="27" />
              </SequencePoints>
              <BranchPoints>
                <BranchPoint vc="0" uspid="1735" ordinal="0" offset="31" sl="28" path="0" offsetend="33" fileid="27" />
                <BranchPoint vc="0" uspid="1736" ordinal="1" offset="31" sl="28" path="1" offsetend="50" fileid="27" />
                <BranchPoint vc="0" uspid="1737" ordinal="2" offset="94" sl="33" path="0" offsetend="96" fileid="27" />
                <BranchPoint vc="0" uspid="1738" ordinal="3" offset="94" sl="33" path="1" offsetend="107" fileid="27" />
              </BranchPoints>
              <MethodPoint xsi:type="SequencePoint" vc="0" uspid="1725" ordinal="0" offset="0" sl="25" sc="9" el="25" ec="10" bec="0" bev="0" fileid="27" />
            </Method>
          </Methods>
        </Class>
        <Class>
          <Summary numSequencePoints="3" visitedSequencePoints="0" numBranchPoints="1" visitedBranchPoints="0" sequenceCoverage="0" branchCoverage="0" maxCyclomaticComplexity="1" minCyclomaticComplexity="1" maxCrapScore="2" minCrapScore="2" visitedClasses="0" numClasses="1" visitedMethods="0" numMethods="1" />
          <FullName>Xunit.ConsoleClient.ConsoleLogger</FullName>
          <Methods>
            <Method visited="false" cyclomaticComplexity="1" nPathComplexity="0" sequenceCoverage="0" branchCoverage="0" crapScore="2" isConstructor="false" isStatic="false" isGetter="false" isSetter="false">
              <Summary numSequencePoints="3" visitedSequencePoints="0" numBranchPoints="1" visitedBranchPoints="0" sequenceCoverage="0" branchCoverage="0" maxCyclomaticComplexity="1" minCyclomaticComplexity="1" maxCrapScore="2" minCrapScore="2" visitedClasses="0" numClasses="0" visitedMethods="0" numMethods="1" />
              <MetadataToken>100663431</MetadataToken>
              <Name>System.Void Xunit.ConsoleClient.ConsoleLogger::WriteLine(System.String,System.Object[])</Name>
              <FileRef uid="28" />
              <SequencePoints>
                <SequencePoint vc="0" uspid="1739" ordinal="0" offset="0" sl="8" sc="9" el="8" ec="10" bec="0" bev="0" fileid="28" />
                <SequencePoint vc="0" uspid="1740" ordinal="1" offset="1" sl="9" sc="13" el="9" ec="44" bec="0" bev="0" fileid="28" />
                <SequencePoint vc="0" uspid="1741" ordinal="2" offset="9" sl="10" sc="9" el="10" ec="10" bec="0" bev="0" fileid="28" />
              </SequencePoints>
              <BranchPoints />
              <MethodPoint xsi:type="SequencePoint" vc="0" uspid="1739" ordinal="0" offset="0" sl="8" sc="9" el="8" ec="10" bec="0" bev="0" fileid="28" />
            </Method>
            <Method visited="false" cyclomaticComplexity="1" nPathComplexity="0" sequenceCoverage="0" branchCoverage="0" crapScore="2" isConstructor="true" isStatic="false" isGetter="false" isSetter="false">
              <Summary numSequencePoints="0" visitedSequencePoints="0" numBranchPoints="0" visitedBranchPoints="0" sequenceCoverage="0" branchCoverage="0" maxCyclomaticComplexity="1" minCyclomaticComplexity="1" maxCrapScore="2" minCrapScore="2" visitedClasses="0" numClasses="0" visitedMethods="0" numMethods="0" />
              <MetadataToken>100663432</MetadataToken>
              <Name>System.Void Xunit.ConsoleClient.ConsoleLogger::.ctor()</Name>
              <SequencePoints />
              <BranchPoints />
              <MethodPoint vc="0" uspid="1742" ordinal="0" offset="0" />
            </Method>
          </Methods>
        </Class>
        <Class>
          <Summary numSequencePoints="0" visitedSequencePoints="0" numBranchPoints="0" visitedBranchPoints="0" sequenceCoverage="0" branchCoverage="0" maxCyclomaticComplexity="1" minCyclomaticComplexity="1" maxCrapScore="2" minCrapScore="2" visitedClasses="0" numClasses="0" visitedMethods="0" numMethods="0" />
          <FullName>Xunit.ConsoleClient.Transform</FullName>
          <Methods>
            <Method visited="false" cyclomaticComplexity="1" nPathComplexity="0" sequenceCoverage="0" branchCoverage="0" crapScore="2" isConstructor="true" isStatic="false" isGetter="false" isSetter="false">
              <Summary numSequencePoints="0" visitedSequencePoints="0" numBranchPoints="0" visitedBranchPoints="0" sequenceCoverage="0" branchCoverage="0" maxCyclomaticComplexity="1" minCyclomaticComplexity="1" maxCrapScore="2" minCrapScore="2" visitedClasses="0" numClasses="0" visitedMethods="0" numMethods="0" />
              <MetadataToken>100663433</MetadataToken>
              <Name>System.Void Xunit.ConsoleClient.Transform::.ctor()</Name>
              <SequencePoints />
              <BranchPoints />
              <MethodPoint vc="0" uspid="1743" ordinal="0" offset="0" />
            </Method>
          </Methods>
        </Class>
        <Class>
          <Summary numSequencePoints="26" visitedSequencePoints="10" numBranchPoints="14" visitedBranchPoints="6" sequenceCoverage="38.46" branchCoverage="42.86" maxCyclomaticComplexity="5" minCyclomaticComplexity="1" maxCrapScore="30" minCrapScore="1" visitedClasses="1" numClasses="1" visitedMethods="3" numMethods="6" />
          <FullName>Xunit.ConsoleClient.TransformFactory</FullName>
          <Methods>
            <Method visited="true" cyclomaticComplexity="1" nPathComplexity="0" sequenceCoverage="100" branchCoverage="100" crapScore="1" isConstructor="false" isStatic="true" isGetter="true" isSetter="false">
              <Summary numSequencePoints="1" visitedSequencePoints="1" numBranchPoints="1" visitedBranchPoints="1" sequenceCoverage="100" branchCoverage="100" maxCyclomaticComplexity="1" minCyclomaticComplexity="1" maxCrapScore="1" minCrapScore="1" visitedClasses="0" numClasses="0" visitedMethods="1" numMethods="1" />
              <MetadataToken>100663435</MetadataToken>
              <Name>System.Collections.Generic.List`1&lt;Xunit.ConsoleClient.Transform&gt; Xunit.ConsoleClient.TransformFactory::get_AvailableTransforms()</Name>
              <FileRef uid="29" />
              <SequencePoints>
                <SequencePoint vc="1" uspid="1744" ordinal="0" offset="0" sl="46" sc="16" el="46" ec="60" bec="0" bev="0" fileid="29" />
              </SequencePoints>
              <BranchPoints />
              <MethodPoint xsi:type="SequencePoint" vc="1" uspid="1744" ordinal="0" offset="0" sl="46" sc="16" el="46" ec="60" bec="0" bev="0" fileid="29" />
            </Method>
            <Method visited="true" cyclomaticComplexity="4" nPathComplexity="8" sequenceCoverage="100" branchCoverage="57.14" crapScore="4" isConstructor="true" isStatic="false" isGetter="false" isSetter="false">
              <Summary numSequencePoints="8" visitedSequencePoints="8" numBranchPoints="7" visitedBranchPoints="4" sequenceCoverage="100" branchCoverage="57.14" maxCyclomaticComplexity="4" minCyclomaticComplexity="4" maxCrapScore="4" minCrapScore="4" visitedClasses="0" numClasses="0" visitedMethods="1" numMethods="1" />
              <MetadataToken>100663434</MetadataToken>
              <Name>System.Void Xunit.ConsoleClient.TransformFactory::.ctor()</Name>
              <FileRef uid="29" />
              <SequencePoints>
                <SequencePoint vc="1" uspid="1745" ordinal="0" offset="0" sl="15" sc="9" el="15" ec="138" bec="0" bev="0" fileid="29" />
                <SequencePoint vc="1" uspid="1746" ordinal="1" offset="16" sl="17" sc="9" el="17" ec="37" bec="0" bev="0" fileid="29" />
                <SequencePoint vc="1" uspid="1747" ordinal="2" offset="23" sl="18" sc="9" el="18" ec="10" bec="0" bev="0" fileid="29" />
                <SequencePoint vc="1" uspid="1748" ordinal="3" offset="24" sl="19" sc="13" el="24" ec="16" bec="0" bev="0" fileid="29" />
                <SequencePoint vc="1" uspid="1749" ordinal="4" offset="88" sl="25" sc="13" el="30" ec="16" bec="2" bev="1" fileid="29" />
                <SequencePoint vc="1" uspid="1750" ordinal="5" offset="169" sl="31" sc="13" el="36" ec="16" bec="2" bev="1" fileid="29" />
                <SequencePoint vc="1" uspid="1751" ordinal="6" offset="250" sl="37" sc="13" el="42" ec="16" bec="2" bev="1" fileid="29" />
                <SequencePoint vc="1" uspid="1752" ordinal="7" offset="331" sl="43" sc="9" el="43" ec="10" bec="0" bev="0" fileid="29" />
              </SequencePoints>
              <BranchPoints>
                <BranchPoint vc="1" uspid="1753" ordinal="0" offset="133" sl="25" path="0" offsetend="135" fileid="29" />
                <BranchPoint vc="0" uspid="1754" ordinal="1" offset="133" sl="25" path="1" offsetend="158" fileid="29" />
                <BranchPoint vc="1" uspid="1755" ordinal="2" offset="214" sl="31" path="0" offsetend="216" fileid="29" />
                <BranchPoint vc="0" uspid="1756" ordinal="3" offset="214" sl="31" path="1" offsetend="239" fileid="29" />
                <BranchPoint vc="1" uspid="1757" ordinal="4" offset="295" sl="37" path="0" offsetend="297" fileid="29" />
                <BranchPoint vc="0" uspid="1758" ordinal="5" offset="295" sl="37" path="1" offsetend="320" fileid="29" />
              </BranchPoints>
              <MethodPoint xsi:type="SequencePoint" vc="1" uspid="1745" ordinal="0" offset="0" sl="15" sc="9" el="15" ec="138" bec="0" bev="0" fileid="29" />
            </Method>
            <Method visited="false" cyclomaticComplexity="2" nPathComplexity="2" sequenceCoverage="0" branchCoverage="0" crapScore="6" isConstructor="false" isStatic="true" isGetter="false" isSetter="false">
              <Summary numSequencePoints="1" visitedSequencePoints="0" numBranchPoints="3" visitedBranchPoints="0" sequenceCoverage="0" branchCoverage="0" maxCyclomaticComplexity="2" minCyclomaticComplexity="2" maxCrapScore="6" minCrapScore="6" visitedClasses="0" numClasses="0" visitedMethods="0" numMethods="1" />
              <MetadataToken>100663436</MetadataToken>
              <Name>System.Collections.Generic.List`1&lt;System.Action`1&lt;System.Xml.Linq.XElement&gt;&gt; Xunit.ConsoleClient.TransformFactory::GetXmlTransformers(Xunit.XunitProject)</Name>
              <FileRef uid="29" />
              <SequencePoints>
                <SequencePoint vc="0" uspid="1759" ordinal="0" offset="0" sl="49" sc="16" el="51" ec="32" bec="2" bev="0" fileid="29" />
              </SequencePoints>
              <BranchPoints>
                <BranchPoint vc="0" uspid="1760" ordinal="0" offset="12" sl="49" path="0" offsetend="14" fileid="29" />
                <BranchPoint vc="0" uspid="1761" ordinal="1" offset="12" sl="49" path="1" offsetend="37" fileid="29" />
              </BranchPoints>
              <MethodPoint xsi:type="SequencePoint" vc="0" uspid="1759" ordinal="0" offset="0" sl="49" sc="16" el="51" ec="32" bec="2" bev="0" fileid="29" />
            </Method>
            <Method visited="false" cyclomaticComplexity="2" nPathComplexity="0" sequenceCoverage="0" branchCoverage="0" crapScore="6" isConstructor="false" isStatic="true" isGetter="false" isSetter="false">
              <Summary numSequencePoints="4" visitedSequencePoints="0" numBranchPoints="1" visitedBranchPoints="0" sequenceCoverage="0" branchCoverage="0" maxCyclomaticComplexity="2" minCyclomaticComplexity="2" maxCrapScore="6" minCrapScore="6" visitedClasses="0" numClasses="0" visitedMethods="0" numMethods="1" />
              <MetadataToken>100663437</MetadataToken>
              <Name>System.Void Xunit.ConsoleClient.TransformFactory::Handler_DirectWrite(System.Xml.Linq.XElement,System.String)</Name>
              <FileRef uid="29" />
              <SequencePoints>
                <SequencePoint vc="0" uspid="1762" ordinal="0" offset="0" sl="54" sc="9" el="54" ec="10" bec="0" bev="0" fileid="29" />
                <SequencePoint vc="0" uspid="1763" ordinal="1" offset="1" sl="55" sc="20" el="55" ec="60" bec="0" bev="0" fileid="29" />
                <SequencePoint vc="0" uspid="1764" ordinal="2" offset="8" sl="56" sc="17" el="56" ec="34" bec="0" bev="0" fileid="29" />
                <SequencePoint vc="0" uspid="1765" ordinal="3" offset="29" sl="57" sc="9" el="57" ec="10" bec="0" bev="0" fileid="29" />
              </SequencePoints>
              <BranchPoints />
              <MethodPoint xsi:type="SequencePoint" vc="0" uspid="1762" ordinal="0" offset="0" sl="54" sc="9" el="54" ec="10" bec="0" bev="0" fileid="29" />
            </Method>
            <Method visited="false" cyclomaticComplexity="5" nPathComplexity="0" sequenceCoverage="0" branchCoverage="0" crapScore="30" isConstructor="false" isStatic="true" isGetter="false" isSetter="false">
              <Summary numSequencePoints="11" visitedSequencePoints="0" numBranchPoints="1" visitedBranchPoints="0" sequenceCoverage="0" branchCoverage="0" maxCyclomaticComplexity="5" minCyclomaticComplexity="5" maxCrapScore="30" minCrapScore="30" visitedClasses="0" numClasses="0" visitedMethods="0" numMethods="1" />
              <MetadataToken>100663438</MetadataToken>
              <Name>System.Void Xunit.ConsoleClient.TransformFactory::Handler_XslTransform(System.String,System.String,System.Xml.Linq.XElement,System.String)</Name>
              <FileRef uid="29" />
              <SequencePoints>
                <SequencePoint vc="0" uspid="1766" ordinal="0" offset="0" sl="60" sc="9" el="60" ec="10" bec="0" bev="0" fileid="29" />
                <SequencePoint vc="0" uspid="1767" ordinal="1" offset="1" sl="62" sc="13" el="62" ec="74" bec="0" bev="0" fileid="29" />
                <SequencePoint vc="0" uspid="1768" ordinal="2" offset="7" sl="64" sc="20" el="64" ec="106" bec="0" bev="0" fileid="29" />
                <SequencePoint vc="0" uspid="1769" ordinal="3" offset="27" sl="65" sc="20" el="65" ec="149" bec="0" bev="0" fileid="29" />
                <SequencePoint vc="0" uspid="1770" ordinal="4" offset="64" sl="66" sc="20" el="66" ec="65" bec="0" bev="0" fileid="29" />
                <SequencePoint vc="0" uspid="1771" ordinal="5" offset="71" sl="67" sc="20" el="67" ec="54" bec="0" bev="0" fileid="29" />
                <SequencePoint vc="0" uspid="1772" ordinal="6" offset="79" sl="68" sc="13" el="68" ec="14" bec="0" bev="0" fileid="29" />
                <SequencePoint vc="0" uspid="1773" ordinal="7" offset="80" sl="69" sc="17" el="69" ec="47" bec="0" bev="0" fileid="29" />
                <SequencePoint vc="0" uspid="1774" ordinal="8" offset="88" sl="70" sc="17" el="70" ec="59" bec="0" bev="0" fileid="29" />
                <SequencePoint vc="0" uspid="1775" ordinal="9" offset="98" sl="71" sc="13" el="71" ec="14" bec="0" bev="0" fileid="29" />
                <SequencePoint vc="0" uspid="1776" ordinal="10" offset="153" sl="77" sc="9" el="77" ec="10" bec="0" bev="0" fileid="29" />
              </SequencePoints>
              <BranchPoints />
              <MethodPoint xsi:type="SequencePoint" vc="0" uspid="1766" ordinal="0" offset="0" sl="60" sc="9" el="60" ec="10" bec="0" bev="0" fileid="29" />
            </Method>
            <Method visited="true" cyclomaticComplexity="1" nPathComplexity="0" sequenceCoverage="100" branchCoverage="100" crapScore="1" isConstructor="true" isStatic="true" isGetter="false" isSetter="false">
              <Summary numSequencePoints="1" visitedSequencePoints="1" numBranchPoints="1" visitedBranchPoints="1" sequenceCoverage="100" branchCoverage="100" maxCyclomaticComplexity="1" minCyclomaticComplexity="1" maxCrapScore="1" minCrapScore="1" visitedClasses="0" numClasses="0" visitedMethods="1" numMethods="1" />
              <MetadataToken>100663439</MetadataToken>
              <Name>System.Void Xunit.ConsoleClient.TransformFactory::.cctor()</Name>
              <FileRef uid="29" />
              <SequencePoints>
                <SequencePoint vc="1" uspid="1777" ordinal="0" offset="0" sl="13" sc="9" el="13" ec="76" bec="0" bev="0" fileid="29" />
              </SequencePoints>
              <BranchPoints />
              <MethodPoint xsi:type="SequencePoint" vc="1" uspid="1777" ordinal="0" offset="0" sl="13" sc="9" el="13" ec="76" bec="0" bev="0" fileid="29" />
            </Method>
          </Methods>
        </Class>
        <Class>
          <Summary numSequencePoints="4" visitedSequencePoints="0" numBranchPoints="4" visitedBranchPoints="0" sequenceCoverage="0" branchCoverage="0" maxCyclomaticComplexity="1" minCyclomaticComplexity="1" maxCrapScore="2" minCrapScore="2" visitedClasses="0" numClasses="1" visitedMethods="0" numMethods="4" />
          <FullName>Xunit.ConsoleClient.TransformFactory/&lt;&gt;c</FullName>
          <Methods>
            <Method visited="false" cyclomaticComplexity="1" nPathComplexity="0" sequenceCoverage="0" branchCoverage="0" crapScore="2" isConstructor="true" isStatic="true" isGetter="false" isSetter="false">
              <Summary numSequencePoints="0" visitedSequencePoints="0" numBranchPoints="0" visitedBranchPoints="0" sequenceCoverage="0" branchCoverage="0" maxCyclomaticComplexity="1" minCyclomaticComplexity="1" maxCrapScore="2" minCrapScore="2" visitedClasses="0" numClasses="0" visitedMethods="0" numMethods="0" />
              <MetadataToken>100663469</MetadataToken>
              <Name>System.Void Xunit.ConsoleClient.TransformFactory/&lt;&gt;c::.cctor()</Name>
              <SequencePoints />
              <BranchPoints />
              <MethodPoint vc="0" uspid="1778" ordinal="0" offset="0" />
            </Method>
            <Method visited="false" cyclomaticComplexity="1" nPathComplexity="0" sequenceCoverage="0" branchCoverage="0" crapScore="2" isConstructor="true" isStatic="false" isGetter="false" isSetter="false">
              <Summary numSequencePoints="0" visitedSequencePoints="0" numBranchPoints="0" visitedBranchPoints="0" sequenceCoverage="0" branchCoverage="0" maxCyclomaticComplexity="1" minCyclomaticComplexity="1" maxCrapScore="2" minCrapScore="2" visitedClasses="0" numClasses="0" visitedMethods="0" numMethods="0" />
              <MetadataToken>100663470</MetadataToken>
              <Name>System.Void Xunit.ConsoleClient.TransformFactory/&lt;&gt;c::.ctor()</Name>
              <SequencePoints />
              <BranchPoints />
              <MethodPoint vc="0" uspid="1779" ordinal="0" offset="0" />
            </Method>
            <Method visited="false" cyclomaticComplexity="1" nPathComplexity="0" sequenceCoverage="0" branchCoverage="0" crapScore="2" isConstructor="false" isStatic="false" isGetter="false" isSetter="false">
              <Summary numSequencePoints="1" visitedSequencePoints="0" numBranchPoints="1" visitedBranchPoints="0" sequenceCoverage="0" branchCoverage="0" maxCyclomaticComplexity="1" minCyclomaticComplexity="1" maxCrapScore="2" minCrapScore="2" visitedClasses="0" numClasses="0" visitedMethods="0" numMethods="1" />
              <MetadataToken>100663471</MetadataToken>
              <Name>System.Void Xunit.ConsoleClient.TransformFactory/&lt;&gt;c::&lt;.ctor&gt;b__2_0(System.Xml.Linq.XElement,System.String)</Name>
              <FileRef uid="29" />
              <SequencePoints>
                <SequencePoint vc="0" uspid="1780" ordinal="0" offset="0" sl="29" sc="58" el="29" ec="123" bec="0" bev="0" fileid="29" />
              </SequencePoints>
              <BranchPoints />
              <MethodPoint xsi:type="SequencePoint" vc="0" uspid="1780" ordinal="0" offset="0" sl="29" sc="58" el="29" ec="123" bec="0" bev="0" fileid="29" />
            </Method>
            <Method visited="false" cyclomaticComplexity="1" nPathComplexity="0" sequenceCoverage="0" branchCoverage="0" crapScore="2" isConstructor="false" isStatic="false" isGetter="false" isSetter="false">
              <Summary numSequencePoints="1" visitedSequencePoints="0" numBranchPoints="1" visitedBranchPoints="0" sequenceCoverage="0" branchCoverage="0" maxCyclomaticComplexity="1" minCyclomaticComplexity="1" maxCrapScore="2" minCrapScore="2" visitedClasses="0" numClasses="0" visitedMethods="0" numMethods="1" />
              <MetadataToken>100663472</MetadataToken>
              <Name>System.Void Xunit.ConsoleClient.TransformFactory/&lt;&gt;c::&lt;.ctor&gt;b__2_1(System.Xml.Linq.XElement,System.String)</Name>
              <FileRef uid="29" />
              <SequencePoints>
                <SequencePoint vc="0" uspid="1781" ordinal="0" offset="0" sl="35" sc="58" el="35" ec="120" bec="0" bev="0" fileid="29" />
              </SequencePoints>
              <BranchPoints />
              <MethodPoint xsi:type="SequencePoint" vc="0" uspid="1781" ordinal="0" offset="0" sl="35" sc="58" el="35" ec="120" bec="0" bev="0" fileid="29" />
            </Method>
            <Method visited="false" cyclomaticComplexity="1" nPathComplexity="0" sequenceCoverage="0" branchCoverage="0" crapScore="2" isConstructor="false" isStatic="false" isGetter="false" isSetter="false">
              <Summary numSequencePoints="1" visitedSequencePoints="0" numBranchPoints="1" visitedBranchPoints="0" sequenceCoverage="0" branchCoverage="0" maxCyclomaticComplexity="1" minCyclomaticComplexity="1" maxCrapScore="2" minCrapScore="2" visitedClasses="0" numClasses="0" visitedMethods="0" numMethods="1" />
              <MetadataToken>100663473</MetadataToken>
              <Name>System.Void Xunit.ConsoleClient.TransformFactory/&lt;&gt;c::&lt;.ctor&gt;b__2_2(System.Xml.Linq.XElement,System.String)</Name>
              <FileRef uid="29" />
              <SequencePoints>
                <SequencePoint vc="0" uspid="1782" ordinal="0" offset="0" sl="41" sc="58" el="41" ec="125" bec="0" bev="0" fileid="29" />
              </SequencePoints>
              <BranchPoints />
              <MethodPoint xsi:type="SequencePoint" vc="0" uspid="1782" ordinal="0" offset="0" sl="41" sc="58" el="41" ec="125" bec="0" bev="0" fileid="29" />
            </Method>
            <Method visited="false" cyclomaticComplexity="1" nPathComplexity="0" sequenceCoverage="0" branchCoverage="0" crapScore="2" isConstructor="false" isStatic="false" isGetter="false" isSetter="false">
              <Summary numSequencePoints="1" visitedSequencePoints="0" numBranchPoints="1" visitedBranchPoints="0" sequenceCoverage="0" branchCoverage="0" maxCyclomaticComplexity="1" minCyclomaticComplexity="1" maxCrapScore="2" minCrapScore="2" visitedClasses="0" numClasses="0" visitedMethods="0" numMethods="1" />
              <MetadataToken>100663474</MetadataToken>
              <Name>System.Action`1&lt;System.Xml.Linq.XElement&gt; Xunit.ConsoleClient.TransformFactory/&lt;&gt;c::&lt;GetXmlTransformers&gt;b__5_0(System.Collections.Generic.KeyValuePair`2&lt;System.String,System.String&gt;)</Name>
              <FileRef uid="29" />
              <SequencePoints>
                <SequencePoint vc="0" uspid="1783" ordinal="0" offset="13" sl="50" sc="41" el="50" ec="143" bec="0" bev="0" fileid="29" />
              </SequencePoints>
              <BranchPoints />
              <MethodPoint vc="0" uspid="1784" ordinal="0" offset="0" />
            </Method>
          </Methods>
        </Class>
        <Class>
          <Summary numSequencePoints="1" visitedSequencePoints="0" numBranchPoints="1" visitedBranchPoints="0" sequenceCoverage="0" branchCoverage="0" maxCyclomaticComplexity="1" minCyclomaticComplexity="1" maxCrapScore="2" minCrapScore="2" visitedClasses="0" numClasses="1" visitedMethods="0" numMethods="1" />
          <FullName>Xunit.ConsoleClient.TransformFactory/&lt;&gt;c__DisplayClass5_0</FullName>
          <Methods>
            <Method visited="false" cyclomaticComplexity="1" nPathComplexity="0" sequenceCoverage="0" branchCoverage="0" crapScore="2" isConstructor="true" isStatic="false" isGetter="false" isSetter="false">
              <Summary numSequencePoints="0" visitedSequencePoints="0" numBranchPoints="0" visitedBranchPoints="0" sequenceCoverage="0" branchCoverage="0" maxCyclomaticComplexity="1" minCyclomaticComplexity="1" maxCrapScore="2" minCrapScore="2" visitedClasses="0" numClasses="0" visitedMethods="0" numMethods="0" />
              <MetadataToken>100663475</MetadataToken>
              <Name>System.Void Xunit.ConsoleClient.TransformFactory/&lt;&gt;c__DisplayClass5_0::.ctor()</Name>
              <SequencePoints />
              <BranchPoints />
              <MethodPoint vc="0" uspid="1785" ordinal="0" offset="0" />
            </Method>
            <Method visited="false" cyclomaticComplexity="1" nPathComplexity="0" sequenceCoverage="0" branchCoverage="0" crapScore="2" isConstructor="false" isStatic="false" isGetter="false" isSetter="false">
              <Summary numSequencePoints="1" visitedSequencePoints="0" numBranchPoints="1" visitedBranchPoints="0" sequenceCoverage="0" branchCoverage="0" maxCyclomaticComplexity="1" minCyclomaticComplexity="1" maxCrapScore="2" minCrapScore="2" visitedClasses="0" numClasses="0" visitedMethods="0" numMethods="1" />
              <MetadataToken>100663476</MetadataToken>
              <Name>System.Void Xunit.ConsoleClient.TransformFactory/&lt;&gt;c__DisplayClass5_0::&lt;GetXmlTransformers&gt;b__1(System.Xml.Linq.XElement)</Name>
              <FileRef uid="29" />
              <SequencePoints>
                <SequencePoint vc="0" uspid="1786" ordinal="0" offset="0" sl="50" sc="69" el="50" ec="142" bec="0" bev="0" fileid="29" />
              </SequencePoints>
              <BranchPoints />
              <MethodPoint xsi:type="SequencePoint" vc="0" uspid="1786" ordinal="0" offset="0" sl="50" sc="69" el="50" ec="142" bec="0" bev="0" fileid="29" />
            </Method>
          </Methods>
        </Class>
      </Classes>
    </Module>
    <Module hash="C3-D8-3E-87-AB-33-CA-6F-66-61-A7-D7-50-2C-CF-D9-C0-D1-9D-8D">
      <Summary numSequencePoints="5002" visitedSequencePoints="15" numBranchPoints="3851" visitedBranchPoints="13" sequenceCoverage="0.30" branchCoverage="0.34" maxCyclomaticComplexity="78" minCyclomaticComplexity="1" maxCrapScore="6162" minCrapScore="1" visitedClasses="2" numClasses="269" visitedMethods="5" numMethods="1588" />
      <ModulePath>C:\ProgramData\chocolatey\lib\XUnit\tools\xunit.runner.utility.net452.dll</ModulePath>
      <ModuleTime>2020-02-24T01:53:59.6883178Z</ModuleTime>
      <ModuleName>xunit.runner.utility.net452</ModuleName>
      <Files>
        <File uid="63" fullPath="C:\Dev\xunit\xunit\src\xunit.runner.utility\Extensions\DisposableExtensions.cs" />
        <File uid="64" fullPath="C:\Dev\xunit\xunit\src\xunit.runner.utility\Extensions\IRunnerLoggerExtensions.cs" />
        <File uid="65" fullPath="C:\Dev\xunit\xunit\src\xunit.runner.utility\Extensions\MessageSinkMessageExtensions.cs" />
        <File uid="66" fullPath="C:\Dev\xunit\xunit\src\xunit.runner.utility\Extensions\MessageSinkWithTypesExtensions.cs" />
        <File uid="67" fullPath="C:\Dev\xunit\xunit\src\xunit.runner.utility\Extensions\TestFrameworkExtensions.cs" />
        <File uid="68" fullPath="C:\Dev\xunit\xunit\src\xunit.runner.utility\Extensions\TestFrameworkOptionsReadWriteExtensions.cs" />
        <File uid="69" fullPath="C:\Dev\xunit\xunit\src\xunit.runner.utility\Frameworks\v1\XmlNodeExtensions.cs" />
        <File uid="70" fullPath="C:\Dev\xunit\xunit\src\common\AssemblyExtensions.cs" />
        <File uid="71" fullPath="C:\Dev\xunit\xunit\src\common\CommonTasks.cs" />
        <File uid="72" fullPath="C:\Dev\xunit\xunit\src\common\DictionaryExtensions.cs" />
        <File uid="75" fullPath="C:\Dev\xunit\xunit\src\common\ExceptionExtensions.cs" />
        <File uid="76" fullPath="C:\Dev\xunit\xunit\src\common\Guard.cs" />
        <File uid="77" fullPath="C:\Dev\xunit\xunit\src\common\NewReflectionExtensions.cs" />
        <File uid="78" fullPath="C:\Dev\xunit\xunit\src\common\TestOptionsNames.cs" />
        <File uid="80" fullPath="C:\Dev\xunit\xunit\src\common\Microsoft.Extensions.DependencyModel\CollectionExtensions.cs" />
        <File uid="84" fullPath="C:\Dev\xunit\xunit\src\common\Microsoft.Extensions.DependencyModel\CompilationLibrary.cs" />
        <File uid="85" fullPath="C:\Dev\xunit\xunit\src\common\Microsoft.Extensions.DependencyModel\CompilationOptions.cs" />
        <File uid="86" fullPath="C:\Dev\xunit\xunit\src\common\Microsoft.Extensions.DependencyModel\Dependency.cs" />
        <File uid="87" fullPath="C:\Dev\xunit\xunit\src\common\Microsoft.Extensions.DependencyModel\DependencyContext.cs" />
        <File uid="89" fullPath="C:\Dev\xunit\xunit\src\common\Microsoft.Extensions.DependencyModel\DependencyContextExtensions.cs" />
        <File uid="96" fullPath="C:\Dev\xunit\xunit\src\common\Microsoft.Extensions.DependencyModel\DependencyContextJsonReader.cs" />
        <File uid="100" fullPath="C:\Dev\xunit\xunit\src\common\Microsoft.Extensions.DependencyModel\DependencyContextLoader.cs" />
        <File uid="102" fullPath="C:\Dev\xunit\xunit\src\common\Microsoft.Extensions.DependencyModel\DependencyContextPaths.cs" />
        <File uid="103" fullPath="C:\Dev\xunit\xunit\src\common\Microsoft.Extensions.DependencyModel\DirectoryWrapper.cs" />
        <File uid="104" fullPath="C:\Dev\xunit\xunit\src\common\Microsoft.Extensions.DependencyModel\EnvironmentWrapper.cs" />
        <File uid="105" fullPath="C:\Dev\xunit\xunit\src\common\Microsoft.Extensions.DependencyModel\FileSystemWrapper.cs" />
        <File uid="106" fullPath="C:\Dev\xunit\xunit\src\common\Microsoft.Extensions.DependencyModel\FileWrapper.cs" />
        <File uid="107" fullPath="C:\Dev\xunit\xunit\src\common\Microsoft.Extensions.DependencyModel\Library.cs" />
        <File uid="108" fullPath="C:\Dev\xunit\xunit\src\common\Microsoft.Extensions.DependencyModel\ResourceAssembly.cs" />
        <File uid="109" fullPath="C:\Dev\xunit\xunit\src\common\Microsoft.Extensions.DependencyModel\RuntimeAssembly.cs" />
        <File uid="110" fullPath="C:\Dev\xunit\xunit\src\common\Microsoft.Extensions.DependencyModel\RuntimeAssetGroup.cs" />
        <File uid="111" fullPath="C:\Dev\xunit\xunit\src\common\Microsoft.Extensions.DependencyModel\RuntimeFallbacks.cs" />
        <File uid="112" fullPath="C:\Dev\xunit\xunit\src\common\Microsoft.Extensions.DependencyModel\RuntimeLibrary.cs" />
        <File uid="113" fullPath="C:\Dev\xunit\xunit\src\common\Microsoft.Extensions.DependencyModel\TargetInfo.cs" />
        <File uid="114" fullPath="C:\Dev\xunit\xunit\src\common\Microsoft.Extensions.DependencyModel\Resolution\AppBaseCompilationAssemblyResolver.cs" />
        <File uid="115" fullPath="C:\Dev\xunit\xunit\src\common\Microsoft.Extensions.DependencyModel\Resolution\CompositeCompilationAssemblyResolver.cs" />
        <File uid="116" fullPath="C:\Dev\xunit\xunit\src\common\Microsoft.Extensions.DependencyModel\Resolution\DotNetReferenceAssembliesPathResolver.cs" />
        <File uid="117" fullPath="C:\Dev\xunit\xunit\src\common\Microsoft.Extensions.DependencyModel\Resolution\PackageCompilationAssemblyResolver.cs" />
        <File uid="118" fullPath="C:\Dev\xunit\xunit\src\common\Microsoft.Extensions.DependencyModel\Resolution\ReferenceAssemblyPathResolver.cs" />
        <File uid="119" fullPath="C:\Dev\xunit\xunit\src\common\Microsoft.Extensions.DependencyModel\Resolution\ResolverUtils.cs" />
        <File uid="120" fullPath="C:\Dev\xunit\xunit\src\common\Microsoft.DotNet.PlatformAbstractions\ApplicationEnvironment.cs" />
        <File uid="121" fullPath="C:\Dev\xunit\xunit\src\common\Microsoft.DotNet.PlatformAbstractions\HashCodeCombiner.cs" />
        <File uid="122" fullPath="C:\Dev\xunit\xunit\src\common\Microsoft.DotNet.PlatformAbstractions\RuntimeEnvironment.cs" />
        <File uid="123" fullPath="C:\Dev\xunit\xunit\src\common\Microsoft.DotNet.PlatformAbstractions\Native\NativeMethods.Darwin.cs" />
        <File uid="124" fullPath="C:\Dev\xunit\xunit\src\common\Microsoft.DotNet.PlatformAbstractions\Native\NativeMethods.Unix.cs" />
        <File uid="125" fullPath="C:\Dev\xunit\xunit\src\common\Microsoft.DotNet.PlatformAbstractions\Native\NativeMethods.Windows.cs" />
        <File uid="126" fullPath="C:\Dev\xunit\xunit\src\common\Microsoft.DotNet.PlatformAbstractions\Native\PlatformApis.cs" />
        <File uid="127" fullPath="C:\Dev\xunit\xunit\src\xunit.runner.utility\AppDomain\AppDomainManagerFactory.cs" />
        <File uid="128" fullPath="C:\Dev\xunit\xunit\src\xunit.runner.utility\AppDomain\AppDomainManager_AppDomain.cs" />
        <File uid="129" fullPath="C:\Dev\xunit\xunit\src\xunit.runner.utility\AppDomain\AppDomainManager_NoAppDomain.cs" />
        <File uid="130" fullPath="C:\Dev\xunit\xunit\src\xunit.runner.utility\Configuration\ConfigReader.cs" />
        <File uid="131" fullPath="C:\Dev\xunit\xunit\src\xunit.runner.utility\Configuration\ConfigReader_Configuration.cs" />
        <File uid="134" fullPath="C:\Dev\xunit\xunit\src\xunit.runner.utility\Configuration\ConfigReader_Json.cs" />
        <File uid="135" fullPath="C:\Dev\xunit\xunit\src\xunit.runner.utility\Descriptor\DefaultTestCaseBulkDeserializer.cs" />
        <File uid="137" fullPath="C:\Dev\xunit\xunit\src\xunit.runner.utility\Descriptor\DefaultTestCaseDescriptorProvider.cs" />
        <File uid="138" fullPath="C:\Dev\xunit\xunit\src\xunit.runner.utility\Descriptor\TestCaseDescriptor.cs" />
        <File uid="139" fullPath="C:\Dev\xunit\xunit\src\xunit.runner.utility\Frameworks\NullSourceInformationProvider.cs" />
        <File uid="140" fullPath="C:\Dev\xunit\xunit\src\xunit.runner.utility\Frameworks\TestAssemblyConfiguration.cs" />
        <File uid="141" fullPath="C:\Dev\xunit\xunit\src\xunit.runner.utility\Frameworks\TestFrameworkOptions.cs" />
        <File uid="142" fullPath="C:\Dev\xunit\xunit\src\xunit.runner.utility\Frameworks\v1\TestClassCallbackHandler.cs" />
        <File uid="145" fullPath="C:\Dev\xunit\xunit\src\xunit.runner.utility\Frameworks\v1\XmlNodeCallbackHandler.cs" />
        <File uid="146" fullPath="C:\Dev\xunit\xunit\src\xunit.runner.utility\Frameworks\v1\Xunit1.cs" />
        <File uid="152" fullPath="C:\Dev\xunit\xunit\src\xunit.runner.utility\Frameworks\v1\Xunit1AssemblyInfo.cs" />
        <File uid="153" fullPath="C:\Dev\xunit\xunit\src\xunit.runner.utility\Frameworks\v1\Xunit1ExceptionUtility.cs" />
        <File uid="155" fullPath="C:\Dev\xunit\xunit\src\xunit.runner.utility\Frameworks\v1\Xunit1Executor.cs" />
        <File uid="156" fullPath="C:\Dev\xunit\xunit\src\xunit.runner.utility\Frameworks\v1\Xunit1ReflectionWrapper.cs" />
        <File uid="159" fullPath="C:\Dev\xunit\xunit\src\xunit.runner.utility\Frameworks\v1\Xunit1RunSummary.cs" />
        <File uid="160" fullPath="C:\Dev\xunit\xunit\src\xunit.runner.utility\Frameworks\v1\Xunit1Test.cs" />
        <File uid="161" fullPath="C:\Dev\xunit\xunit\src\xunit.runner.utility\Frameworks\v1\Xunit1TestCase.cs" />
        <File uid="162" fullPath="C:\Dev\xunit\xunit\src\xunit.runner.utility\Frameworks\v2\Xunit2.cs" />
        <File uid="164" fullPath="C:\Dev\xunit\xunit\src\xunit.runner.utility\Frameworks\v2\Xunit2Discoverer.cs" />
        <File uid="167" fullPath="C:\Dev\xunit\xunit\src\xunit.runner.utility\Frameworks\VisualStudioSourceInformationProvider.cs" />
        <File uid="168" fullPath="C:\Dev\xunit\xunit\src\xunit.runner.utility\Frameworks\XunitFrontController.cs" />
        <File uid="169" fullPath="C:\Dev\xunit\xunit\src\xunit.runner.utility\Messages\LongRunningTestsSummary.cs" />
        <File uid="170" fullPath="C:\Dev\xunit\xunit\src\xunit.runner.utility\Messages\MessageSinkAdapter.cs" />
        <File uid="172" fullPath="C:\Dev\xunit\xunit\src\xunit.runner.utility\Messages\MessageSinkWithTypesAdapter.cs" />
        <File uid="173" fullPath="C:\Dev\xunit\xunit\src\xunit.runner.utility\Messages\OptimizedRemoteMessageSink.cs" />
        <File uid="175" fullPath="C:\Dev\xunit\xunit\src\xunit.runner.utility\Messages\TestAssemblyDiscoveryFinished.cs" />
        <File uid="177" fullPath="C:\Dev\xunit\xunit\src\xunit.runner.utility\Messages\TestAssemblyDiscoveryStarting.cs" />
        <File uid="179" fullPath="C:\Dev\xunit\xunit\src\xunit.runner.utility\Messages\TestAssemblyExecutionFinished.cs" />
        <File uid="181" fullPath="C:\Dev\xunit\xunit\src\xunit.runner.utility\Messages\TestAssemblyExecutionStarting.cs" />
        <File uid="183" fullPath="C:\Dev\xunit\xunit\src\xunit.runner.utility\Messages\TestExecutionSummary.cs" />
        <File uid="185" fullPath="C:\Dev\xunit\xunit\src\xunit.runner.utility\Project\XunitFilters.cs" />
        <File uid="188" fullPath="C:\Dev\xunit\xunit\src\xunit.runner.utility\Project\XunitProject.cs" />
        <File uid="189" fullPath="C:\Dev\xunit\xunit\src\xunit.runner.utility\Project\XunitProjectAssembly.cs" />
        <File uid="190" fullPath="C:\Dev\xunit\xunit\src\xunit.runner.utility\Reporters\DefaultRunnerReporter.cs" />
        <File uid="191" fullPath="C:\Dev\xunit\xunit\src\xunit.runner.utility\Reporters\DefaultRunnerReporterMessageHandler.cs" />
        <File uid="194" fullPath="C:\Dev\xunit\xunit\src\xunit.runner.utility\Reporters\DefaultRunnerReporterWithTypes.cs" />
        <File uid="195" fullPath="C:\Dev\xunit\xunit\src\xunit.runner.utility\Reporters\DefaultRunnerReporterWithTypesMessageHandler.cs" />
        <File uid="198" fullPath="C:\Dev\xunit\xunit\src\xunit.runner.utility\Sinks\AggregateMessageSink.cs" />
        <File uid="199" fullPath="C:\Dev\xunit\xunit\src\xunit.runner.utility\Sinks\DelegatingSinks\DelegatingExecutionSummarySink.cs" />
        <File uid="201" fullPath="C:\Dev\xunit\xunit\src\xunit.runner.utility\Sinks\DelegatingSinks\DelegatingFailSkipSink.cs" />
        <File uid="202" fullPath="C:\Dev\xunit\xunit\src\xunit.runner.utility\Sinks\DelegatingSinks\DelegatingLongRunningTestDetectionSink.cs" />
        <File uid="206" fullPath="C:\Dev\xunit\xunit\src\xunit.runner.utility\Sinks\DelegatingSinks\DelegatingXmlCreationSink.cs" />
        <File uid="208" fullPath="C:\Dev\xunit\xunit\src\xunit.runner.utility\Sinks\EventSinks\DiagnosticEventSink.cs" />
        <File uid="209" fullPath="C:\Dev\xunit\xunit\src\xunit.runner.utility\Sinks\EventSinks\DiscoveryEventSink.cs" />
        <File uid="210" fullPath="C:\Dev\xunit\xunit\src\xunit.runner.utility\Sinks\EventSinks\ExecutionEventSink.cs" />
        <File uid="211" fullPath="C:\Dev\xunit\xunit\src\xunit.runner.utility\Sinks\EventSinks\MessageHandlerArgs.cs" />
        <File uid="213" fullPath="C:\Dev\xunit\xunit\src\xunit.runner.utility\Sinks\EventSinks\RunnerEventSink.cs" />
        <File uid="214" fullPath="C:\Dev\xunit\xunit\src\xunit.runner.utility\Sinks\TestDiscoverySink.cs" />
        <File uid="216" fullPath="C:\Dev\xunit\xunit\src\xunit.runner.utility\Sinks\TestMessageSink.cs" />
        <File uid="217" fullPath="C:\Dev\xunit\xunit\src\xunit.runner.utility\Utility\AssemblyHelper_Desktop.cs" />
        <File uid="218" fullPath="C:\Dev\xunit\xunit\src\xunit.runner.utility\Utility\ConsoleRunnerLogger.cs" />
        <File uid="220" fullPath="C:\Dev\xunit\xunit\src\xunit.runner.utility\Utility\DependencyContextAssemblyCache.cs" />
        <File uid="225" fullPath="C:\Dev\xunit\xunit\src\xunit.runner.utility\Utility\DependencyContextAssemblyHelper.cs" />
        <File uid="227" fullPath="C:\Dev\xunit\xunit\src\xunit.runner.utility\Utility\DependencyModel\XunitPackageCompilationAssemblyResolver.cs" />
        <File uid="229" fullPath="C:\Dev\xunit\xunit\src\xunit.runner.utility\Utility\DiaNavigationData.cs" />
        <File uid="230" fullPath="C:\Dev\xunit\xunit\src\xunit.runner.utility\Utility\DiaSession.cs" />
        <File uid="231" fullPath="C:\Dev\xunit\xunit\src\xunit.runner.utility\Utility\DiaSessionWrapper.cs" />
        <File uid="232" fullPath="C:\Dev\xunit\xunit\src\xunit.runner.utility\Utility\DiaSessionWrapperHelper.cs" />
        <File uid="235" fullPath="C:\Dev\xunit\xunit\src\xunit.runner.utility\Utility\ExecutionSummary.cs" />
        <File uid="236" fullPath="C:\Dev\xunit\xunit\src\xunit.runner.utility\Utility\LongLivedMarshalByRefObject.cs" />
        <File uid="237" fullPath="C:\Dev\xunit\xunit\src\xunit.runner.utility\Utility\RemotingUtility.cs" />
        <File uid="238" fullPath="C:\Dev\xunit\xunit\src\xunit.runner.utility\Utility\StackFrameInfo.cs" />
        <File uid="239" fullPath="C:\Dev\xunit\xunit\src\xunit.runner.utility\Utility\StackFrameTransformer.cs" />
        <File uid="241" fullPath="C:\Dev\xunit\xunit\src\xunit.runner.utility\Visitors\FailSkipVisitor.cs" />
        <File uid="242" fullPath="C:\Dev\xunit\xunit\src\xunit.runner.utility\Visitors\TestDiscoveryVisitor.cs" />
        <File uid="243" fullPath="C:\Dev\xunit\xunit\src\xunit.runner.utility\Visitors\TestMessageVisitor.cs" />
        <File uid="246" fullPath="C:\Dev\xunit\xunit\src\xunit.runner.utility\Visitors\XmlAggregateVisitor.cs" />
        <File uid="247" fullPath="C:\Dev\xunit\xunit\src\xunit.runner.utility\Visitors\XmlTestExecutionVisitor.cs" />
        <File uid="249" fullPath="C:\Dev\xunit\xunit\src\common\ConsoleHelper.cs" />
        <File uid="250" fullPath="C:\Dev\xunit\xunit\src\common\ExceptionUtility.cs" />
        <File uid="253" fullPath="C:\Dev\xunit\xunit\src\common\Json.cs" />
        <File uid="264" fullPath="C:\Dev\xunit\xunit\src\common\NullMessageSink.cs" />
        <File uid="265" fullPath="C:\Dev\xunit\xunit\src\common\SourceInformation.cs" />
        <File uid="266" fullPath="C:\Dev\xunit\xunit\src\messages\AfterTestFinished.cs" />
        <File uid="267" fullPath="C:\Dev\xunit\xunit\src\messages\AfterTestStarting.cs" />
        <File uid="268" fullPath="C:\Dev\xunit\xunit\src\messages\BaseMessages\TestAssemblyMessage.cs" />
        <File uid="269" fullPath="C:\Dev\xunit\xunit\src\messages\BaseMessages\TestCaseMessage.cs" />
        <File uid="270" fullPath="C:\Dev\xunit\xunit\src\messages\BaseMessages\TestClassMessage.cs" />
        <File uid="271" fullPath="C:\Dev\xunit\xunit\src\messages\BaseMessages\TestCollectionMessage.cs" />
        <File uid="272" fullPath="C:\Dev\xunit\xunit\src\messages\BaseMessages\TestMessage.cs" />
        <File uid="273" fullPath="C:\Dev\xunit\xunit\src\messages\BaseMessages\TestMethodMessage.cs" />
        <File uid="274" fullPath="C:\Dev\xunit\xunit\src\messages\BaseMessages\TestResultMessage.cs" />
        <File uid="275" fullPath="C:\Dev\xunit\xunit\src\messages\BeforeTestFinished.cs" />
        <File uid="276" fullPath="C:\Dev\xunit\xunit\src\messages\BeforeTestStarting.cs" />
        <File uid="277" fullPath="C:\Dev\xunit\xunit\src\messages\DiagnosticMessage.cs" />
        <File uid="279" fullPath="C:\Dev\xunit\xunit\src\messages\ErrorMessage.cs" />
        <File uid="280" fullPath="C:\Dev\xunit\xunit\src\messages\TestAssemblyCleanupFailure.cs" />
        <File uid="281" fullPath="C:\Dev\xunit\xunit\src\messages\TestAssemblyFinished.cs" />
        <File uid="282" fullPath="C:\Dev\xunit\xunit\src\messages\TestAssemblyStarting.cs" />
        <File uid="283" fullPath="C:\Dev\xunit\xunit\src\messages\TestCaseCleanupFailure.cs" />
        <File uid="284" fullPath="C:\Dev\xunit\xunit\src\messages\TestCaseDiscoveryMessage.cs" />
        <File uid="285" fullPath="C:\Dev\xunit\xunit\src\messages\TestCaseFinished.cs" />
        <File uid="286" fullPath="C:\Dev\xunit\xunit\src\messages\TestCaseStarting.cs" />
        <File uid="287" fullPath="C:\Dev\xunit\xunit\src\messages\TestClassCleanupFailure.cs" />
        <File uid="288" fullPath="C:\Dev\xunit\xunit\src\messages\TestClassConstructionFinished.cs" />
        <File uid="289" fullPath="C:\Dev\xunit\xunit\src\messages\TestClassConstructionStarting.cs" />
        <File uid="290" fullPath="C:\Dev\xunit\xunit\src\messages\TestClassDisposeFinished.cs" />
        <File uid="291" fullPath="C:\Dev\xunit\xunit\src\messages\TestClassDisposeStarting.cs" />
        <File uid="292" fullPath="C:\Dev\xunit\xunit\src\messages\TestClassFinished.cs" />
        <File uid="293" fullPath="C:\Dev\xunit\xunit\src\messages\TestClassStarting.cs" />
        <File uid="294" fullPath="C:\Dev\xunit\xunit\src\messages\TestCleanupFailure.cs" />
        <File uid="295" fullPath="C:\Dev\xunit\xunit\src\messages\TestCollectionCleanupFailure.cs" />
        <File uid="296" fullPath="C:\Dev\xunit\xunit\src\messages\TestCollectionFinished.cs" />
        <File uid="297" fullPath="C:\Dev\xunit\xunit\src\messages\TestCollectionStarting.cs" />
        <File uid="298" fullPath="C:\Dev\xunit\xunit\src\messages\TestFailed.cs" />
        <File uid="299" fullPath="C:\Dev\xunit\xunit\src\messages\TestFinished.cs" />
        <File uid="300" fullPath="C:\Dev\xunit\xunit\src\messages\TestMethodCleanupFailure.cs" />
        <File uid="301" fullPath="C:\Dev\xunit\xunit\src\messages\TestMethodFinished.cs" />
        <File uid="302" fullPath="C:\Dev\xunit\xunit\src\messages\TestMethodStarting.cs" />
        <File uid="303" fullPath="C:\Dev\xunit\xunit\src\messages\TestOutput.cs" />
        <File uid="304" fullPath="C:\Dev\xunit\xunit\src\messages\TestPassed.cs" />
        <File uid="305" fullPath="C:\Dev\xunit\xunit\src\messages\TestSkipped.cs" />
        <File uid="306" fullPath="C:\Dev\xunit\xunit\src\messages\TestStarting.cs" />
        <File uid="307" fullPath="C:\Dev\xunit\xunit\src\common\XunitSerializationInfo.cs" />
        <File uid="311" fullPath="C:\Dev\xunit\xunit\src\common\LongLivedMarshalByRefObject.cs" />
        <File uid="312" fullPath="C:\Dev\xunit\xunit\src\common\SerializationHelper.cs" />
        <File uid="316" fullPath="C:\Dev\xunit\xunit\src\common\XunitWorkerThread.cs" />
        <File uid="318" fullPath="C:\Dev\xunit\xunit\src\xunit.runner.utility\Runners\AssemblyRunner.cs" />
        <File uid="320" fullPath="C:\Dev\xunit\xunit\src\xunit.runner.utility\Runners\DiagnosticMessageInfo.cs" />
        <File uid="321" fullPath="C:\Dev\xunit\xunit\src\xunit.runner.utility\Runners\DiscoveryCompleteInfo.cs" />
        <File uid="322" fullPath="C:\Dev\xunit\xunit\src\xunit.runner.utility\Runners\ErrorMessageInfo.cs" />
        <File uid="323" fullPath="C:\Dev\xunit\xunit\src\xunit.runner.utility\Runners\ExecutionCompleteInfo.cs" />
        <File uid="324" fullPath="C:\Dev\xunit\xunit\src\xunit.runner.utility\Runners\TestExecutedInfo.cs" />
        <File uid="325" fullPath="C:\Dev\xunit\xunit\src\xunit.runner.utility\Runners\TestFailedInfo.cs" />
        <File uid="326" fullPath="C:\Dev\xunit\xunit\src\xunit.runner.utility\Runners\TestFinishedInfo.cs" />
        <File uid="327" fullPath="C:\Dev\xunit\xunit\src\xunit.runner.utility\Runners\TestInfo.cs" />
        <File uid="328" fullPath="C:\Dev\xunit\xunit\src\xunit.runner.utility\Runners\TestOutputInfo.cs" />
        <File uid="329" fullPath="C:\Dev\xunit\xunit\src\xunit.runner.utility\Runners\TestPassedInfo.cs" />
        <File uid="330" fullPath="C:\Dev\xunit\xunit\src\xunit.runner.utility\Runners\TestSkippedInfo.cs" />
        <File uid="331" fullPath="C:\Dev\xunit\xunit\src\xunit.runner.utility\Runners\TestStartingInfo.cs" />
      </Files>
      <Classes>
        <Class>
          <Summary numSequencePoints="0" visitedSequencePoints="0" numBranchPoints="0" visitedBranchPoints="0" sequenceCoverage="0" branchCoverage="0" maxCyclomaticComplexity="0" minCyclomaticComplexity="0" maxCrapScore="0" minCrapScore="0" visitedClasses="0" numClasses="0" visitedMethods="0" numMethods="0" />
          <FullName>&lt;Module&gt;</FullName>
          <Methods />
        </Class>
        <Class>
          <Summary numSequencePoints="3" visitedSequencePoints="0" numBranchPoints="3" visitedBranchPoints="0" sequenceCoverage="0" branchCoverage="0" maxCyclomaticComplexity="2" minCyclomaticComplexity="2" maxCrapScore="6" minCrapScore="6" visitedClasses="0" numClasses="1" visitedMethods="0" numMethods="1" />
          <FullName>DisposableExtensions</FullName>
          <Methods>
            <Method visited="false" cyclomaticComplexity="2" nPathComplexity="2" sequenceCoverage="0" branchCoverage="0" crapScore="6" isConstructor="false" isStatic="true" isGetter="false" isSetter="false">
              <Summary numSequencePoints="3" visitedSequencePoints="0" numBranchPoints="3" visitedBranchPoints="0" sequenceCoverage="0" branchCoverage="0" maxCyclomaticComplexity="2" minCyclomaticComplexity="2" maxCrapScore="6" minCrapScore="6" visitedClasses="0" numClasses="0" visitedMethods="0" numMethods="1" />
              <MetadataToken>100663297</MetadataToken>
              <Name>System.Void DisposableExtensions::SafeDispose(System.IDisposable)</Name>
              <FileRef uid="63" />
              <SequencePoints>
                <SequencePoint vc="0" uspid="1787" ordinal="0" offset="0" sl="7" sc="9" el="7" ec="32" bec="2" bev="0" fileid="63" />
                <SequencePoint vc="0" uspid="1788" ordinal="1" offset="3" sl="8" sc="13" el="8" ec="34" bec="0" bev="0" fileid="63" />
                <SequencePoint vc="0" uspid="1789" ordinal="2" offset="9" sl="9" sc="5" el="9" ec="6" bec="0" bev="0" fileid="63" />
              </SequencePoints>
              <BranchPoints>
                <BranchPoint vc="0" uspid="1790" ordinal="0" offset="1" sl="7" path="0" offsetend="3" fileid="63" />
                <BranchPoint vc="0" uspid="1791" ordinal="1" offset="1" sl="7" path="1" offsetend="9" fileid="63" />
              </BranchPoints>
              <MethodPoint xsi:type="SequencePoint" vc="0" uspid="1787" ordinal="0" offset="0" sl="7" sc="9" el="7" ec="32" bec="2" bev="0" fileid="63" />
            </Method>
          </Methods>
        </Class>
        <Class>
          <Summary numSequencePoints="24" visitedSequencePoints="0" numBranchPoints="12" visitedBranchPoints="0" sequenceCoverage="0" branchCoverage="0" maxCyclomaticComplexity="1" minCyclomaticComplexity="1" maxCrapScore="2" minCrapScore="2" visitedClasses="0" numClasses="1" visitedMethods="0" numMethods="12" />
          <FullName>IRunnerLoggerExtensions</FullName>
          <Methods>
            <Method visited="false" cyclomaticComplexity="1" nPathComplexity="0" sequenceCoverage="0" branchCoverage="0" crapScore="2" isConstructor="false" isStatic="true" isGetter="false" isSetter="false">
              <Summary numSequencePoints="2" visitedSequencePoints="0" numBranchPoints="1" visitedBranchPoints="0" sequenceCoverage="0" branchCoverage="0" maxCyclomaticComplexity="1" minCyclomaticComplexity="1" maxCrapScore="2" minCrapScore="2" visitedClasses="0" numClasses="0" visitedMethods="0" numMethods="1" />
              <MetadataToken>100663298</MetadataToken>
              <Name>System.Void IRunnerLoggerExtensions::LogMessage(Xunit.IRunnerLogger,System.String)</Name>
              <FileRef uid="64" />
              <SequencePoints>
                <SequencePoint vc="0" uspid="1792" ordinal="0" offset="0" sl="15" sc="9" el="15" ec="57" bec="0" bev="0" fileid="64" />
                <SequencePoint vc="0" uspid="1793" ordinal="1" offset="12" sl="16" sc="5" el="16" ec="6" bec="0" bev="0" fileid="64" />
              </SequencePoints>
              <BranchPoints />
              <MethodPoint xsi:type="SequencePoint" vc="0" uspid="1792" ordinal="0" offset="0" sl="15" sc="9" el="15" ec="57" bec="0" bev="0" fileid="64" />
            </Method>
            <Method visited="false" cyclomaticComplexity="1" nPathComplexity="0" sequenceCoverage="0" branchCoverage="0" crapScore="2" isConstructor="false" isStatic="true" isGetter="false" isSetter="false">
              <Summary numSequencePoints="2" visitedSequencePoints="0" numBranchPoints="1" visitedBranchPoints="0" sequenceCoverage="0" branchCoverage="0" maxCyclomaticComplexity="1" minCyclomaticComplexity="1" maxCrapScore="2" minCrapScore="2" visitedClasses="0" numClasses="0" visitedMethods="0" numMethods="1" />
              <MetadataToken>100663299</MetadataToken>
              <Name>System.Void IRunnerLoggerExtensions::LogMessage(Xunit.IRunnerLogger,System.String,System.Object[])</Name>
              <FileRef uid="64" />
              <SequencePoints>
                <SequencePoint vc="0" uspid="1794" ordinal="0" offset="0" sl="26" sc="9" el="26" ec="84" bec="0" bev="0" fileid="64" />
                <SequencePoint vc="0" uspid="1795" ordinal="1" offset="18" sl="27" sc="5" el="27" ec="6" bec="0" bev="0" fileid="64" />
              </SequencePoints>
              <BranchPoints />
              <MethodPoint xsi:type="SequencePoint" vc="0" uspid="1794" ordinal="0" offset="0" sl="26" sc="9" el="26" ec="84" bec="0" bev="0" fileid="64" />
            </Method>
            <Method visited="false" cyclomaticComplexity="1" nPathComplexity="0" sequenceCoverage="0" branchCoverage="0" crapScore="2" isConstructor="false" isStatic="true" isGetter="false" isSetter="false">
              <Summary numSequencePoints="2" visitedSequencePoints="0" numBranchPoints="1" visitedBranchPoints="0" sequenceCoverage="0" branchCoverage="0" maxCyclomaticComplexity="1" minCyclomaticComplexity="1" maxCrapScore="2" minCrapScore="2" visitedClasses="0" numClasses="0" visitedMethods="0" numMethods="1" />
              <MetadataToken>100663300</MetadataToken>
              <Name>System.Void IRunnerLoggerExtensions::LogMessage(Xunit.IRunnerLogger,Xunit.StackFrameInfo,System.String,System.Object[])</Name>
              <FileRef uid="64" />
              <SequencePoints>
                <SequencePoint vc="0" uspid="1796" ordinal="0" offset="0" sl="38" sc="9" el="38" ec="75" bec="0" bev="0" fileid="64" />
                <SequencePoint vc="0" uspid="1797" ordinal="1" offset="14" sl="39" sc="5" el="39" ec="6" bec="0" bev="0" fileid="64" />
              </SequencePoints>
              <BranchPoints />
              <MethodPoint xsi:type="SequencePoint" vc="0" uspid="1796" ordinal="0" offset="0" sl="38" sc="9" el="38" ec="75" bec="0" bev="0" fileid="64" />
            </Method>
            <Method visited="false" cyclomaticComplexity="1" nPathComplexity="0" sequenceCoverage="0" branchCoverage="0" crapScore="2" isConstructor="false" isStatic="true" isGetter="false" isSetter="false">
              <Summary numSequencePoints="2" visitedSequencePoints="0" numBranchPoints="1" visitedBranchPoints="0" sequenceCoverage="0" branchCoverage="0" maxCyclomaticComplexity="1" minCyclomaticComplexity="1" maxCrapScore="2" minCrapScore="2" visitedClasses="0" numClasses="0" visitedMethods="0" numMethods="1" />
              <MetadataToken>100663301</MetadataToken>
              <Name>System.Void IRunnerLoggerExtensions::LogImportantMessage(Xunit.IRunnerLogger,System.String)</Name>
              <FileRef uid="64" />
              <SequencePoints>
                <SequencePoint vc="0" uspid="1798" ordinal="0" offset="0" sl="48" sc="9" el="48" ec="66" bec="0" bev="0" fileid="64" />
                <SequencePoint vc="0" uspid="1799" ordinal="1" offset="12" sl="49" sc="5" el="49" ec="6" bec="0" bev="0" fileid="64" />
              </SequencePoints>
              <BranchPoints />
              <MethodPoint xsi:type="SequencePoint" vc="0" uspid="1798" ordinal="0" offset="0" sl="48" sc="9" el="48" ec="66" bec="0" bev="0" fileid="64" />
            </Method>
            <Method visited="false" cyclomaticComplexity="1" nPathComplexity="0" sequenceCoverage="0" branchCoverage="0" crapScore="2" isConstructor="false" isStatic="true" isGetter="false" isSetter="false">
              <Summary numSequencePoints="2" visitedSequencePoints="0" numBranchPoints="1" visitedBranchPoints="0" sequenceCoverage="0" branchCoverage="0" maxCyclomaticComplexity="1" minCyclomaticComplexity="1" maxCrapScore="2" minCrapScore="2" visitedClasses="0" numClasses="0" visitedMethods="0" numMethods="1" />
              <MetadataToken>100663302</MetadataToken>
              <Name>System.Void IRunnerLoggerExtensions::LogImportantMessage(Xunit.IRunnerLogger,System.String,System.Object[])</Name>
              <FileRef uid="64" />
              <SequencePoints>
                <SequencePoint vc="0" uspid="1800" ordinal="0" offset="0" sl="59" sc="9" el="59" ec="93" bec="0" bev="0" fileid="64" />
                <SequencePoint vc="0" uspid="1801" ordinal="1" offset="18" sl="60" sc="5" el="60" ec="6" bec="0" bev="0" fileid="64" />
              </SequencePoints>
              <BranchPoints />
              <MethodPoint xsi:type="SequencePoint" vc="0" uspid="1800" ordinal="0" offset="0" sl="59" sc="9" el="59" ec="93" bec="0" bev="0" fileid="64" />
            </Method>
            <Method visited="false" cyclomaticComplexity="1" nPathComplexity="0" sequenceCoverage="0" branchCoverage="0" crapScore="2" isConstructor="false" isStatic="true" isGetter="false" isSetter="false">
              <Summary numSequencePoints="2" visitedSequencePoints="0" numBranchPoints="1" visitedBranchPoints="0" sequenceCoverage="0" branchCoverage="0" maxCyclomaticComplexity="1" minCyclomaticComplexity="1" maxCrapScore="2" minCrapScore="2" visitedClasses="0" numClasses="0" visitedMethods="0" numMethods="1" />
              <MetadataToken>100663303</MetadataToken>
              <Name>System.Void IRunnerLoggerExtensions::LogImportantMessage(Xunit.IRunnerLogger,Xunit.StackFrameInfo,System.String,System.Object[])</Name>
              <FileRef uid="64" />
              <SequencePoints>
                <SequencePoint vc="0" uspid="1802" ordinal="0" offset="0" sl="71" sc="9" el="71" ec="84" bec="0" bev="0" fileid="64" />
                <SequencePoint vc="0" uspid="1803" ordinal="1" offset="14" sl="72" sc="5" el="72" ec="6" bec="0" bev="0" fileid="64" />
              </SequencePoints>
              <BranchPoints />
              <MethodPoint xsi:type="SequencePoint" vc="0" uspid="1802" ordinal="0" offset="0" sl="71" sc="9" el="71" ec="84" bec="0" bev="0" fileid="64" />
            </Method>
            <Method visited="false" cyclomaticComplexity="1" nPathComplexity="0" sequenceCoverage="0" branchCoverage="0" crapScore="2" isConstructor="false" isStatic="true" isGetter="false" isSetter="false">
              <Summary numSequencePoints="2" visitedSequencePoints="0" numBranchPoints="1" visitedBranchPoints="0" sequenceCoverage="0" branchCoverage="0" maxCyclomaticComplexity="1" minCyclomaticComplexity="1" maxCrapScore="2" minCrapScore="2" visitedClasses="0" numClasses="0" visitedMethods="0" numMethods="1" />
              <MetadataToken>100663304</MetadataToken>
              <Name>System.Void IRunnerLoggerExtensions::LogWarning(Xunit.IRunnerLogger,System.String)</Name>
              <FileRef uid="64" />
              <SequencePoints>
                <SequencePoint vc="0" uspid="1804" ordinal="0" offset="0" sl="81" sc="9" el="81" ec="57" bec="0" bev="0" fileid="64" />
                <SequencePoint vc="0" uspid="1805" ordinal="1" offset="12" sl="82" sc="5" el="82" ec="6" bec="0" bev="0" fileid="64" />
              </SequencePoints>
              <BranchPoints />
              <MethodPoint xsi:type="SequencePoint" vc="0" uspid="1804" ordinal="0" offset="0" sl="81" sc="9" el="81" ec="57" bec="0" bev="0" fileid="64" />
            </Method>
            <Method visited="false" cyclomaticComplexity="1" nPathComplexity="0" sequenceCoverage="0" branchCoverage="0" crapScore="2" isConstructor="false" isStatic="true" isGetter="false" isSetter="false">
              <Summary numSequencePoints="2" visitedSequencePoints="0" numBranchPoints="1" visitedBranchPoints="0" sequenceCoverage="0" branchCoverage="0" maxCyclomaticComplexity="1" minCyclomaticComplexity="1" maxCrapScore="2" minCrapScore="2" visitedClasses="0" numClasses="0" visitedMethods="0" numMethods="1" />
              <MetadataToken>100663305</MetadataToken>
              <Name>System.Void IRunnerLoggerExtensions::LogWarning(Xunit.IRunnerLogger,System.String,System.Object[])</Name>
              <FileRef uid="64" />
              <SequencePoints>
                <SequencePoint vc="0" uspid="1806" ordinal="0" offset="0" sl="92" sc="9" el="92" ec="84" bec="0" bev="0" fileid="64" />
                <SequencePoint vc="0" uspid="1807" ordinal="1" offset="18" sl="93" sc="5" el="93" ec="6" bec="0" bev="0" fileid="64" />
              </SequencePoints>
              <BranchPoints />
              <MethodPoint xsi:type="SequencePoint" vc="0" uspid="1806" ordinal="0" offset="0" sl="92" sc="9" el="92" ec="84" bec="0" bev="0" fileid="64" />
            </Method>
            <Method visited="false" cyclomaticComplexity="1" nPathComplexity="0" sequenceCoverage="0" branchCoverage="0" crapScore="2" isConstructor="false" isStatic="true" isGetter="false" isSetter="false">
              <Summary numSequencePoints="2" visitedSequencePoints="0" numBranchPoints="1" visitedBranchPoints="0" sequenceCoverage="0" branchCoverage="0" maxCyclomaticComplexity="1" minCyclomaticComplexity="1" maxCrapScore="2" minCrapScore="2" visitedClasses="0" numClasses="0" visitedMethods="0" numMethods="1" />
              <MetadataToken>100663306</MetadataToken>
              <Name>System.Void IRunnerLoggerExtensions::LogWarning(Xunit.IRunnerLogger,Xunit.StackFrameInfo,System.String,System.Object[])</Name>
              <FileRef uid="64" />
              <SequencePoints>
                <SequencePoint vc="0" uspid="1808" ordinal="0" offset="0" sl="104" sc="9" el="104" ec="75" bec="0" bev="0" fileid="64" />
                <SequencePoint vc="0" uspid="1809" ordinal="1" offset="14" sl="105" sc="5" el="105" ec="6" bec="0" bev="0" fileid="64" />
              </SequencePoints>
              <BranchPoints />
              <MethodPoint xsi:type="SequencePoint" vc="0" uspid="1808" ordinal="0" offset="0" sl="104" sc="9" el="104" ec="75" bec="0" bev="0" fileid="64" />
            </Method>
            <Method visited="false" cyclomaticComplexity="1" nPathComplexity="0" sequenceCoverage="0" branchCoverage="0" crapScore="2" isConstructor="false" isStatic="true" isGetter="false" isSetter="false">
              <Summary numSequencePoints="2" visitedSequencePoints="0" numBranchPoints="1" visitedBranchPoints="0" sequenceCoverage="0" branchCoverage="0" maxCyclomaticComplexity="1" minCyclomaticComplexity="1" maxCrapScore="2" minCrapScore="2" visitedClasses="0" numClasses="0" visitedMethods="0" numMethods="1" />
              <MetadataToken>100663307</MetadataToken>
              <Name>System.Void IRunnerLoggerExtensions::LogError(Xunit.IRunnerLogger,System.String)</Name>
              <FileRef uid="64" />
              <SequencePoints>
                <SequencePoint vc="0" uspid="1810" ordinal="0" offset="0" sl="114" sc="9" el="114" ec="55" bec="0" bev="0" fileid="64" />
                <SequencePoint vc="0" uspid="1811" ordinal="1" offset="12" sl="115" sc="5" el="115" ec="6" bec="0" bev="0" fileid="64" />
              </SequencePoints>
              <BranchPoints />
              <MethodPoint xsi:type="SequencePoint" vc="0" uspid="1810" ordinal="0" offset="0" sl="114" sc="9" el="114" ec="55" bec="0" bev="0" fileid="64" />
            </Method>
            <Method visited="false" cyclomaticComplexity="1" nPathComplexity="0" sequenceCoverage="0" branchCoverage="0" crapScore="2" isConstructor="false" isStatic="true" isGetter="false" isSetter="false">
              <Summary numSequencePoints="2" visitedSequencePoints="0" numBranchPoints="1" visitedBranchPoints="0" sequenceCoverage="0" branchCoverage="0" maxCyclomaticComplexity="1" minCyclomaticComplexity="1" maxCrapScore="2" minCrapScore="2" visitedClasses="0" numClasses="0" visitedMethods="0" numMethods="1" />
              <MetadataToken>100663308</MetadataToken>
              <Name>System.Void IRunnerLoggerExtensions::LogError(Xunit.IRunnerLogger,System.String,System.Object[])</Name>
              <FileRef uid="64" />
              <SequencePoints>
                <SequencePoint vc="0" uspid="1812" ordinal="0" offset="0" sl="125" sc="9" el="125" ec="82" bec="0" bev="0" fileid="64" />
                <SequencePoint vc="0" uspid="1813" ordinal="1" offset="18" sl="126" sc="5" el="126" ec="6" bec="0" bev="0" fileid="64" />
              </SequencePoints>
              <BranchPoints />
              <MethodPoint xsi:type="SequencePoint" vc="0" uspid="1812" ordinal="0" offset="0" sl="125" sc="9" el="125" ec="82" bec="0" bev="0" fileid="64" />
            </Method>
            <Method visited="false" cyclomaticComplexity="1" nPathComplexity="0" sequenceCoverage="0" branchCoverage="0" crapScore="2" isConstructor="false" isStatic="true" isGetter="false" isSetter="false">
              <Summary numSequencePoints="2" visitedSequencePoints="0" numBranchPoints="1" visitedBranchPoints="0" sequenceCoverage="0" branchCoverage="0" maxCyclomaticComplexity="1" minCyclomaticComplexity="1" maxCrapScore="2" minCrapScore="2" visitedClasses="0" numClasses="0" visitedMethods="0" numMethods="1" />
              <MetadataToken>100663309</MetadataToken>
              <Name>System.Void IRunnerLoggerExtensions::LogError(Xunit.IRunnerLogger,Xunit.StackFrameInfo,System.String,System.Object[])</Name>
              <FileRef uid="64" />
              <SequencePoints>
                <SequencePoint vc="0" uspid="1814" ordinal="0" offset="0" sl="137" sc="9" el="137" ec="73" bec="0" bev="0" fileid="64" />
                <SequencePoint vc="0" uspid="1815" ordinal="1" offset="14" sl="138" sc="5" el="138" ec="6" bec="0" bev="0" fileid="64" />
              </SequencePoints>
              <BranchPoints />
              <MethodPoint xsi:type="SequencePoint" vc="0" uspid="1814" ordinal="0" offset="0" sl="137" sc="9" el="137" ec="73" bec="0" bev="0" fileid="64" />
            </Method>
          </Methods>
        </Class>
        <Class>
          <Summary numSequencePoints="8" visitedSequencePoints="0" numBranchPoints="10" visitedBranchPoints="0" sequenceCoverage="0" branchCoverage="0" maxCyclomaticComplexity="3" minCyclomaticComplexity="3" maxCrapScore="12" minCrapScore="12" visitedClasses="0" numClasses="1" visitedMethods="0" numMethods="2" />
          <FullName>MessageSinkMessageExtensions</FullName>
          <Methods>
            <Method visited="false" cyclomaticComplexity="3" nPathComplexity="4" sequenceCoverage="0" branchCoverage="0" crapScore="12" isConstructor="false" isStatic="true" isGetter="false" isSetter="false">
              <Summary numSequencePoints="1" visitedSequencePoints="0" numBranchPoints="5" visitedBranchPoints="0" sequenceCoverage="0" branchCoverage="0" maxCyclomaticComplexity="3" minCyclomaticComplexity="3" maxCrapScore="12" minCrapScore="12" visitedClasses="0" numClasses="0" visitedMethods="0" numMethods="1" />
              <MetadataToken>100663310</MetadataToken>
              <Name>TMessage MessageSinkMessageExtensions::Cast(Xunit.Abstractions.IMessageSinkMessage,System.Collections.Generic.HashSet`1&lt;System.String&gt;)</Name>
              <FileRef uid="65" />
              <SequencePoints>
                <SequencePoint vc="0" uspid="1816" ordinal="0" offset="0" sl="20" sc="12" el="20" ec="107" bec="3" bev="0" fileid="65" />
              </SequencePoints>
              <BranchPoints>
                <BranchPoint vc="0" uspid="1817" ordinal="0" offset="1" sl="20" path="0" offsetend="3" fileid="65" />
                <BranchPoint vc="0" uspid="1818" ordinal="1" offset="1" sl="20" path="1" offsetend="36" fileid="65" />
                <BranchPoint vc="0" uspid="1819" ordinal="2" offset="24" sl="20" path="0" offsetend="26" fileid="65" />
                <BranchPoint vc="0" uspid="1820" ordinal="3" offset="24" sl="20" path="1" offsetend="36" fileid="65" />
              </BranchPoints>
              <MethodPoint xsi:type="SequencePoint" vc="0" uspid="1816" ordinal="0" offset="0" sl="20" sc="12" el="20" ec="107" bec="3" bev="0" fileid="65" />
            </Method>
            <Method visited="false" cyclomaticComplexity="3" nPathComplexity="4" sequenceCoverage="0" branchCoverage="0" crapScore="12" isConstructor="false" isStatic="true" isGetter="false" isSetter="false">
              <Summary numSequencePoints="7" visitedSequencePoints="0" numBranchPoints="5" visitedBranchPoints="0" sequenceCoverage="0" branchCoverage="0" maxCyclomaticComplexity="3" minCyclomaticComplexity="3" maxCrapScore="12" minCrapScore="12" visitedClasses="0" numClasses="0" visitedMethods="0" numMethods="1" />
              <MetadataToken>100663311</MetadataToken>
              <Name>System.Boolean MessageSinkMessageExtensions::Dispatch(Xunit.Abstractions.IMessageSinkMessage,System.Collections.Generic.HashSet`1&lt;System.String&gt;,Xunit.MessageHandler`1&lt;TMessage&gt;)</Name>
              <FileRef uid="65" />
              <SequencePoints>
                <SequencePoint vc="0" uspid="1821" ordinal="0" offset="0" sl="33" sc="9" el="33" ec="30" bec="2" bev="0" fileid="65" />
                <SequencePoint vc="0" uspid="1822" ordinal="1" offset="3" sl="35" sc="13" el="35" ec="69" bec="0" bev="0" fileid="65" />
                <SequencePoint vc="0" uspid="1823" ordinal="2" offset="11" sl="36" sc="13" el="36" ec="37" bec="2" bev="0" fileid="65" />
                <SequencePoint vc="0" uspid="1824" ordinal="3" offset="19" sl="38" sc="17" el="38" ec="74" bec="0" bev="0" fileid="65" />
                <SequencePoint vc="0" uspid="1825" ordinal="4" offset="26" sl="39" sc="17" el="39" ec="32" bec="0" bev="0" fileid="65" />
                <SequencePoint vc="0" uspid="1826" ordinal="5" offset="33" sl="40" sc="17" el="40" ec="40" bec="0" bev="0" fileid="65" />
                <SequencePoint vc="0" uspid="1827" ordinal="6" offset="43" sl="44" sc="9" el="44" ec="21" bec="0" bev="0" fileid="65" />
              </SequencePoints>
              <BranchPoints>
                <BranchPoint vc="0" uspid="1828" ordinal="0" offset="1" sl="33" path="0" offsetend="3" fileid="65" />
                <BranchPoint vc="0" uspid="1829" ordinal="1" offset="1" sl="33" path="1" offsetend="43" fileid="65" />
                <BranchPoint vc="0" uspid="1830" ordinal="2" offset="17" sl="36" path="0" offsetend="19" fileid="65" />
                <BranchPoint vc="0" uspid="1831" ordinal="3" offset="17" sl="36" path="1" offsetend="43" fileid="65" />
              </BranchPoints>
              <MethodPoint xsi:type="SequencePoint" vc="0" uspid="1821" ordinal="0" offset="0" sl="33" sc="9" el="33" ec="30" bec="2" bev="0" fileid="65" />
            </Method>
          </Methods>
        </Class>
        <Class>
          <Summary numSequencePoints="1" visitedSequencePoints="0" numBranchPoints="1" visitedBranchPoints="0" sequenceCoverage="0" branchCoverage="0" maxCyclomaticComplexity="1" minCyclomaticComplexity="1" maxCrapScore="2" minCrapScore="2" visitedClasses="0" numClasses="1" visitedMethods="0" numMethods="1" />
          <FullName>MessageSinkWithTypesExtensions</FullName>
          <Methods>
            <Method visited="false" cyclomaticComplexity="1" nPathComplexity="0" sequenceCoverage="0" branchCoverage="0" crapScore="2" isConstructor="false" isStatic="true" isGetter="false" isSetter="false">
              <Summary numSequencePoints="1" visitedSequencePoints="0" numBranchPoints="1" visitedBranchPoints="0" sequenceCoverage="0" branchCoverage="0" maxCyclomaticComplexity="1" minCyclomaticComplexity="1" maxCrapScore="2" minCrapScore="2" visitedClasses="0" numClasses="0" visitedMethods="0" numMethods="1" />
              <MetadataToken>100663312</MetadataToken>
              <Name>System.Boolean MessageSinkWithTypesExtensions::OnMessage(Xunit.IMessageSinkWithTypes,Xunit.Abstractions.IMessageSinkMessage)</Name>
              <FileRef uid="66" />
              <SequencePoints>
                <SequencePoint vc="0" uspid="1832" ordinal="0" offset="0" sl="17" sc="12" el="17" ec="105" bec="0" bev="0" fileid="66" />
              </SequencePoints>
              <BranchPoints />
              <MethodPoint xsi:type="SequencePoint" vc="0" uspid="1832" ordinal="0" offset="0" sl="17" sc="12" el="17" ec="105" bec="0" bev="0" fileid="66" />
            </Method>
          </Methods>
        </Class>
        <Class>
          <Summary numSequencePoints="8" visitedSequencePoints="0" numBranchPoints="4" visitedBranchPoints="0" sequenceCoverage="0" branchCoverage="0" maxCyclomaticComplexity="1" minCyclomaticComplexity="1" maxCrapScore="2" minCrapScore="2" visitedClasses="0" numClasses="1" visitedMethods="0" numMethods="4" />
          <FullName>TestFrameworkExtensions</FullName>
          <Methods>
            <Method visited="false" cyclomaticComplexity="1" nPathComplexity="0" sequenceCoverage="0" branchCoverage="0" crapScore="2" isConstructor="false" isStatic="true" isGetter="false" isSetter="false">
              <Summary numSequencePoints="2" visitedSequencePoints="0" numBranchPoints="1" visitedBranchPoints="0" sequenceCoverage="0" branchCoverage="0" maxCyclomaticComplexity="1" minCyclomaticComplexity="1" maxCrapScore="2" minCrapScore="2" visitedClasses="0" numClasses="0" visitedMethods="0" numMethods="1" />
              <MetadataToken>100663313</MetadataToken>
              <Name>System.Void TestFrameworkExtensions::Find(Xunit.Abstractions.ITestFrameworkDiscoverer,System.Boolean,Xunit.IMessageSinkWithTypes,Xunit.Abstractions.ITestFrameworkDiscoveryOptions)</Name>
              <FileRef uid="67" />
              <SequencePoints>
                <SequencePoint vc="0" uspid="1833" ordinal="0" offset="0" sl="22" sc="9" el="22" ec="116" bec="0" bev="0" fileid="67" />
                <SequencePoint vc="0" uspid="1834" ordinal="1" offset="14" sl="23" sc="5" el="23" ec="6" bec="0" bev="0" fileid="67" />
              </SequencePoints>
              <BranchPoints />
              <MethodPoint xsi:type="SequencePoint" vc="0" uspid="1833" ordinal="0" offset="0" sl="22" sc="9" el="22" ec="116" bec="0" bev="0" fileid="67" />
            </Method>
            <Method visited="false" cyclomaticComplexity="1" nPathComplexity="0" sequenceCoverage="0" branchCoverage="0" crapScore="2" isConstructor="false" isStatic="true" isGetter="false" isSetter="false">
              <Summary numSequencePoints="2" visitedSequencePoints="0" numBranchPoints="1" visitedBranchPoints="0" sequenceCoverage="0" branchCoverage="0" maxCyclomaticComplexity="1" minCyclomaticComplexity="1" maxCrapScore="2" minCrapScore="2" visitedClasses="0" numClasses="0" visitedMethods="0" numMethods="1" />
              <MetadataToken>100663314</MetadataToken>
              <Name>System.Void TestFrameworkExtensions::Find(Xunit.Abstractions.ITestFrameworkDiscoverer,System.String,System.Boolean,Xunit.IMessageSinkWithTypes,Xunit.Abstractions.ITestFrameworkDiscoveryOptions)</Name>
              <FileRef uid="67" />
              <SequencePoints>
                <SequencePoint vc="0" uspid="1835" ordinal="0" offset="0" sl="39" sc="9" el="39" ec="126" bec="0" bev="0" fileid="67" />
                <SequencePoint vc="0" uspid="1836" ordinal="1" offset="16" sl="40" sc="5" el="40" ec="6" bec="0" bev="0" fileid="67" />
              </SequencePoints>
              <BranchPoints />
              <MethodPoint xsi:type="SequencePoint" vc="0" uspid="1835" ordinal="0" offset="0" sl="39" sc="9" el="39" ec="126" bec="0" bev="0" fileid="67" />
            </Method>
            <Method visited="false" cyclomaticComplexity="1" nPathComplexity="0" sequenceCoverage="0" branchCoverage="0" crapScore="2" isConstructor="false" isStatic="true" isGetter="false" isSetter="false">
              <Summary numSequencePoints="2" visitedSequencePoints="0" numBranchPoints="1" visitedBranchPoints="0" sequenceCoverage="0" branchCoverage="0" maxCyclomaticComplexity="1" minCyclomaticComplexity="1" maxCrapScore="2" minCrapScore="2" visitedClasses="0" numClasses="0" visitedMethods="0" numMethods="1" />
              <MetadataToken>100663315</MetadataToken>
              <Name>System.Void TestFrameworkExtensions::RunAll(Xunit.Abstractions.ITestFrameworkExecutor,Xunit.IMessageSinkWithTypes,Xunit.Abstractions.ITestFrameworkDiscoveryOptions,Xunit.Abstractions.ITestFrameworkExecutionOptions)</Name>
              <FileRef uid="67" />
              <SequencePoints>
                <SequencePoint vc="0" uspid="1837" ordinal="0" offset="0" sl="54" sc="9" el="54" ec="108" bec="0" bev="0" fileid="67" />
                <SequencePoint vc="0" uspid="1838" ordinal="1" offset="14" sl="55" sc="5" el="55" ec="6" bec="0" bev="0" fileid="67" />
              </SequencePoints>
              <BranchPoints />
              <MethodPoint xsi:type="SequencePoint" vc="0" uspid="1837" ordinal="0" offset="0" sl="54" sc="9" el="54" ec="108" bec="0" bev="0" fileid="67" />
            </Method>
            <Method visited="false" cyclomaticComplexity="1" nPathComplexity="0" sequenceCoverage="0" branchCoverage="0" crapScore="2" isConstructor="false" isStatic="true" isGetter="false" isSetter="false">
              <Summary numSequencePoints="2" visitedSequencePoints="0" numBranchPoints="1" visitedBranchPoints="0" sequenceCoverage="0" branchCoverage="0" maxCyclomaticComplexity="1" minCyclomaticComplexity="1" maxCrapScore="2" minCrapScore="2" visitedClasses="0" numClasses="0" visitedMethods="0" numMethods="1" />
              <MetadataToken>100663316</MetadataToken>
              <Name>System.Void TestFrameworkExtensions::RunTests(Xunit.Abstractions.ITestFrameworkExecutor,System.Collections.Generic.IEnumerable`1&lt;Xunit.Abstractions.ITestCase&gt;,Xunit.IMessageSinkWithTypes,Xunit.Abstractions.ITestFrameworkExecutionOptions)</Name>
              <FileRef uid="67" />
              <SequencePoints>
                <SequencePoint vc="0" uspid="1839" ordinal="0" offset="0" sl="69" sc="9" el="69" ec="103" bec="0" bev="0" fileid="67" />
                <SequencePoint vc="0" uspid="1840" ordinal="1" offset="14" sl="70" sc="5" el="70" ec="6" bec="0" bev="0" fileid="67" />
              </SequencePoints>
              <BranchPoints />
              <MethodPoint xsi:type="SequencePoint" vc="0" uspid="1839" ordinal="0" offset="0" sl="69" sc="9" el="69" ec="103" bec="0" bev="0" fileid="67" />
            </Method>
          </Methods>
        </Class>
        <Class>
          <Summary numSequencePoints="46" visitedSequencePoints="0" numBranchPoints="59" visitedBranchPoints="0" sequenceCoverage="0" branchCoverage="0" maxCyclomaticComplexity="5" minCyclomaticComplexity="1" maxCrapScore="30" minCrapScore="2" visitedClasses="0" numClasses="1" visitedMethods="0" numMethods="31" />
          <FullName>TestFrameworkOptionsReadWriteExtensions</FullName>
          <Methods>
            <Method visited="false" cyclomaticComplexity="1" nPathComplexity="0" sequenceCoverage="0" branchCoverage="0" crapScore="2" isConstructor="false" isStatic="true" isGetter="false" isSetter="false">
              <Summary numSequencePoints="1" visitedSequencePoints="0" numBranchPoints="1" visitedBranchPoints="0" sequenceCoverage="0" branchCoverage="0" maxCyclomaticComplexity="1" minCyclomaticComplexity="1" maxCrapScore="2" minCrapScore="2" visitedClasses="0" numClasses="0" visitedMethods="0" numMethods="1" />
              <MetadataToken>100663317</MetadataToken>
              <Name>System.Nullable`1&lt;System.Boolean&gt; TestFrameworkOptionsReadWriteExtensions::GetDiagnosticMessages(Xunit.Abstractions.ITestFrameworkDiscoveryOptions)</Name>
              <FileRef uid="68" />
              <SequencePoints>
                <SequencePoint vc="0" uspid="1841" ordinal="0" offset="0" sl="17" sc="9" el="17" ec="96" bec="0" bev="0" fileid="68" />
              </SequencePoints>
              <BranchPoints />
              <MethodPoint xsi:type="SequencePoint" vc="0" uspid="1841" ordinal="0" offset="0" sl="17" sc="9" el="17" ec="96" bec="0" bev="0" fileid="68" />
            </Method>
            <Method visited="false" cyclomaticComplexity="1" nPathComplexity="0" sequenceCoverage="0" branchCoverage="0" crapScore="2" isConstructor="false" isStatic="true" isGetter="false" isSetter="false">
              <Summary numSequencePoints="1" visitedSequencePoints="0" numBranchPoints="1" visitedBranchPoints="0" sequenceCoverage="0" branchCoverage="0" maxCyclomaticComplexity="1" minCyclomaticComplexity="1" maxCrapScore="2" minCrapScore="2" visitedClasses="0" numClasses="0" visitedMethods="0" numMethods="1" />
              <MetadataToken>100663318</MetadataToken>
              <Name>System.Nullable`1&lt;System.Boolean&gt; TestFrameworkOptionsReadWriteExtensions::GetInternalDiagnosticMessages(Xunit.Abstractions.ITestFrameworkDiscoveryOptions)</Name>
              <FileRef uid="68" />
              <SequencePoints>
                <SequencePoint vc="0" uspid="1842" ordinal="0" offset="0" sl="25" sc="9" el="25" ec="104" bec="0" bev="0" fileid="68" />
              </SequencePoints>
              <BranchPoints />
              <MethodPoint xsi:type="SequencePoint" vc="0" uspid="1842" ordinal="0" offset="0" sl="25" sc="9" el="25" ec="104" bec="0" bev="0" fileid="68" />
            </Method>
            <Method visited="false" cyclomaticComplexity="2" nPathComplexity="2" sequenceCoverage="0" branchCoverage="0" crapScore="6" isConstructor="false" isStatic="true" isGetter="false" isSetter="false">
              <Summary numSequencePoints="1" visitedSequencePoints="0" numBranchPoints="3" visitedBranchPoints="0" sequenceCoverage="0" branchCoverage="0" maxCyclomaticComplexity="2" minCyclomaticComplexity="2" maxCrapScore="6" minCrapScore="6" visitedClasses="0" numClasses="0" visitedMethods="0" numMethods="1" />
              <MetadataToken>100663319</MetadataToken>
              <Name>System.Boolean TestFrameworkOptionsReadWriteExtensions::GetDiagnosticMessagesOrDefault(Xunit.Abstractions.ITestFrameworkDiscoveryOptions)</Name>
              <FileRef uid="68" />
              <SequencePoints>
                <SequencePoint vc="0" uspid="1843" ordinal="0" offset="0" sl="34" sc="9" el="34" ec="66" bec="2" bev="0" fileid="68" />
              </SequencePoints>
              <BranchPoints>
                <BranchPoint vc="0" uspid="1844" ordinal="0" offset="14" sl="34" path="0" offsetend="16" fileid="68" />
                <BranchPoint vc="0" uspid="1845" ordinal="1" offset="14" sl="34" path="1" offsetend="18" fileid="68" />
              </BranchPoints>
              <MethodPoint xsi:type="SequencePoint" vc="0" uspid="1843" ordinal="0" offset="0" sl="34" sc="9" el="34" ec="66" bec="2" bev="0" fileid="68" />
            </Method>
            <Method visited="false" cyclomaticComplexity="2" nPathComplexity="2" sequenceCoverage="0" branchCoverage="0" crapScore="6" isConstructor="false" isStatic="true" isGetter="false" isSetter="false">
              <Summary numSequencePoints="1" visitedSequencePoints="0" numBranchPoints="3" visitedBranchPoints="0" sequenceCoverage="0" branchCoverage="0" maxCyclomaticComplexity="2" minCyclomaticComplexity="2" maxCrapScore="6" minCrapScore="6" visitedClasses="0" numClasses="0" visitedMethods="0" numMethods="1" />
              <MetadataToken>100663320</MetadataToken>
              <Name>System.Boolean TestFrameworkOptionsReadWriteExtensions::GetInternalDiagnosticMessagesOrDefault(Xunit.Abstractions.ITestFrameworkDiscoveryOptions)</Name>
              <FileRef uid="68" />
              <SequencePoints>
                <SequencePoint vc="0" uspid="1846" ordinal="0" offset="0" sl="43" sc="9" el="43" ec="74" bec="2" bev="0" fileid="68" />
              </SequencePoints>
              <BranchPoints>
                <BranchPoint vc="0" uspid="1847" ordinal="0" offset="14" sl="43" path="0" offsetend="16" fileid="68" />
                <BranchPoint vc="0" uspid="1848" ordinal="1" offset="14" sl="43" path="1" offsetend="18" fileid="68" />
              </BranchPoints>
              <MethodPoint xsi:type="SequencePoint" vc="0" uspid="1846" ordinal="0" offset="0" sl="43" sc="9" el="43" ec="74" bec="2" bev="0" fileid="68" />
            </Method>
            <Method visited="false" cyclomaticComplexity="2" nPathComplexity="2" sequenceCoverage="0" branchCoverage="0" crapScore="6" isConstructor="false" isStatic="true" isGetter="false" isSetter="false">
              <Summary numSequencePoints="2" visitedSequencePoints="0" numBranchPoints="3" visitedBranchPoints="0" sequenceCoverage="0" branchCoverage="0" maxCyclomaticComplexity="2" minCyclomaticComplexity="2" maxCrapScore="6" minCrapScore="6" visitedClasses="0" numClasses="0" visitedMethods="0" numMethods="1" />
              <MetadataToken>100663321</MetadataToken>
              <Name>System.Nullable`1&lt;Xunit.TestMethodDisplay&gt; TestFrameworkOptionsReadWriteExtensions::GetMethodDisplay(Xunit.Abstractions.ITestFrameworkDiscoveryOptions)</Name>
              <FileRef uid="68" />
              <SequencePoints>
                <SequencePoint vc="0" uspid="1849" ordinal="0" offset="0" sl="51" sc="9" el="51" ec="111" bec="0" bev="0" fileid="68" />
                <SequencePoint vc="0" uspid="1850" ordinal="1" offset="12" sl="52" sc="9" el="52" ec="132" bec="2" bev="0" fileid="68" />
              </SequencePoints>
              <BranchPoints>
                <BranchPoint vc="0" uspid="1851" ordinal="0" offset="13" sl="52" path="0" offsetend="15" fileid="68" />
                <BranchPoint vc="0" uspid="1852" ordinal="1" offset="13" sl="52" path="1" offsetend="25" fileid="68" />
              </BranchPoints>
              <MethodPoint xsi:type="SequencePoint" vc="0" uspid="1849" ordinal="0" offset="0" sl="51" sc="9" el="51" ec="111" bec="0" bev="0" fileid="68" />
            </Method>
            <Method visited="false" cyclomaticComplexity="2" nPathComplexity="2" sequenceCoverage="0" branchCoverage="0" crapScore="6" isConstructor="false" isStatic="true" isGetter="false" isSetter="false">
              <Summary numSequencePoints="1" visitedSequencePoints="0" numBranchPoints="3" visitedBranchPoints="0" sequenceCoverage="0" branchCoverage="0" maxCyclomaticComplexity="2" minCyclomaticComplexity="2" maxCrapScore="6" minCrapScore="6" visitedClasses="0" numClasses="0" visitedMethods="0" numMethods="1" />
              <MetadataToken>100663322</MetadataToken>
              <Name>Xunit.TestMethodDisplay TestFrameworkOptionsReadWriteExtensions::GetMethodDisplayOrDefault(Xunit.Abstractions.ITestFrameworkDiscoveryOptions)</Name>
              <FileRef uid="68" />
              <SequencePoints>
                <SequencePoint vc="0" uspid="1853" ordinal="0" offset="0" sl="61" sc="9" el="61" ec="88" bec="2" bev="0" fileid="68" />
              </SequencePoints>
              <BranchPoints>
                <BranchPoint vc="0" uspid="1854" ordinal="0" offset="14" sl="61" path="0" offsetend="16" fileid="68" />
                <BranchPoint vc="0" uspid="1855" ordinal="1" offset="14" sl="61" path="1" offsetend="18" fileid="68" />
              </BranchPoints>
              <MethodPoint xsi:type="SequencePoint" vc="0" uspid="1853" ordinal="0" offset="0" sl="61" sc="9" el="61" ec="88" bec="2" bev="0" fileid="68" />
            </Method>
            <Method visited="false" cyclomaticComplexity="1" nPathComplexity="0" sequenceCoverage="0" branchCoverage="0" crapScore="2" isConstructor="false" isStatic="true" isGetter="false" isSetter="false">
              <Summary numSequencePoints="1" visitedSequencePoints="0" numBranchPoints="1" visitedBranchPoints="0" sequenceCoverage="0" branchCoverage="0" maxCyclomaticComplexity="1" minCyclomaticComplexity="1" maxCrapScore="2" minCrapScore="2" visitedClasses="0" numClasses="0" visitedMethods="0" numMethods="1" />
              <MetadataToken>100663323</MetadataToken>
              <Name>System.Nullable`1&lt;System.Boolean&gt; TestFrameworkOptionsReadWriteExtensions::GetPreEnumerateTheories(Xunit.Abstractions.ITestFrameworkDiscoveryOptions)</Name>
              <FileRef uid="68" />
              <SequencePoints>
                <SequencePoint vc="0" uspid="1856" ordinal="0" offset="0" sl="71" sc="9" el="71" ec="98" bec="0" bev="0" fileid="68" />
              </SequencePoints>
              <BranchPoints />
              <MethodPoint xsi:type="SequencePoint" vc="0" uspid="1856" ordinal="0" offset="0" sl="71" sc="9" el="71" ec="98" bec="0" bev="0" fileid="68" />
            </Method>
            <Method visited="false" cyclomaticComplexity="2" nPathComplexity="2" sequenceCoverage="0" branchCoverage="0" crapScore="6" isConstructor="false" isStatic="true" isGetter="false" isSetter="false">
              <Summary numSequencePoints="1" visitedSequencePoints="0" numBranchPoints="3" visitedBranchPoints="0" sequenceCoverage="0" branchCoverage="0" maxCyclomaticComplexity="2" minCyclomaticComplexity="2" maxCrapScore="6" minCrapScore="6" visitedClasses="0" numClasses="0" visitedMethods="0" numMethods="1" />
              <MetadataToken>100663324</MetadataToken>
              <Name>System.Boolean TestFrameworkOptionsReadWriteExtensions::GetPreEnumerateTheoriesOrDefault(Xunit.Abstractions.ITestFrameworkDiscoveryOptions)</Name>
              <FileRef uid="68" />
              <SequencePoints>
                <SequencePoint vc="0" uspid="1857" ordinal="0" offset="0" sl="82" sc="9" el="82" ec="67" bec="2" bev="0" fileid="68" />
              </SequencePoints>
              <BranchPoints>
                <BranchPoint vc="0" uspid="1858" ordinal="0" offset="14" sl="82" path="0" offsetend="16" fileid="68" />
                <BranchPoint vc="0" uspid="1859" ordinal="1" offset="14" sl="82" path="1" offsetend="18" fileid="68" />
              </BranchPoints>
              <MethodPoint xsi:type="SequencePoint" vc="0" uspid="1857" ordinal="0" offset="0" sl="82" sc="9" el="82" ec="67" bec="2" bev="0" fileid="68" />
            </Method>
            <Method visited="false" cyclomaticComplexity="1" nPathComplexity="0" sequenceCoverage="0" branchCoverage="0" crapScore="2" isConstructor="false" isStatic="true" isGetter="false" isSetter="false">
              <Summary numSequencePoints="1" visitedSequencePoints="0" numBranchPoints="1" visitedBranchPoints="0" sequenceCoverage="0" branchCoverage="0" maxCyclomaticComplexity="1" minCyclomaticComplexity="1" maxCrapScore="2" minCrapScore="2" visitedClasses="0" numClasses="0" visitedMethods="0" numMethods="1" />
              <MetadataToken>100663325</MetadataToken>
              <Name>System.Nullable`1&lt;System.Boolean&gt; TestFrameworkOptionsReadWriteExtensions::GetSynchronousMessageReporting(Xunit.Abstractions.ITestFrameworkDiscoveryOptions)</Name>
              <FileRef uid="68" />
              <SequencePoints>
                <SequencePoint vc="0" uspid="1860" ordinal="0" offset="0" sl="90" sc="9" el="90" ec="105" bec="0" bev="0" fileid="68" />
              </SequencePoints>
              <BranchPoints />
              <MethodPoint xsi:type="SequencePoint" vc="0" uspid="1860" ordinal="0" offset="0" sl="90" sc="9" el="90" ec="105" bec="0" bev="0" fileid="68" />
            </Method>
            <Method visited="false" cyclomaticComplexity="2" nPathComplexity="2" sequenceCoverage="0" branchCoverage="0" crapScore="6" isConstructor="false" isStatic="true" isGetter="false" isSetter="false">
              <Summary numSequencePoints="1" visitedSequencePoints="0" numBranchPoints="3" visitedBranchPoints="0" sequenceCoverage="0" branchCoverage="0" maxCyclomaticComplexity="2" minCyclomaticComplexity="2" maxCrapScore="6" minCrapScore="6" visitedClasses="0" numClasses="0" visitedMethods="0" numMethods="1" />
              <MetadataToken>100663326</MetadataToken>
              <Name>System.Boolean TestFrameworkOptionsReadWriteExtensions::GetSynchronousMessageReportingOrDefault(Xunit.Abstractions.ITestFrameworkDiscoveryOptions)</Name>
              <FileRef uid="68" />
              <SequencePoints>
                <SequencePoint vc="0" uspid="1861" ordinal="0" offset="0" sl="99" sc="9" el="99" ec="75" bec="2" bev="0" fileid="68" />
              </SequencePoints>
              <BranchPoints>
                <BranchPoint vc="0" uspid="1862" ordinal="0" offset="14" sl="99" path="0" offsetend="16" fileid="68" />
                <BranchPoint vc="0" uspid="1863" ordinal="1" offset="14" sl="99" path="1" offsetend="18" fileid="68" />
              </BranchPoints>
              <MethodPoint xsi:type="SequencePoint" vc="0" uspid="1861" ordinal="0" offset="0" sl="99" sc="9" el="99" ec="75" bec="2" bev="0" fileid="68" />
            </Method>
            <Method visited="false" cyclomaticComplexity="1" nPathComplexity="0" sequenceCoverage="0" branchCoverage="0" crapScore="2" isConstructor="false" isStatic="true" isGetter="false" isSetter="false">
              <Summary numSequencePoints="2" visitedSequencePoints="0" numBranchPoints="1" visitedBranchPoints="0" sequenceCoverage="0" branchCoverage="0" maxCyclomaticComplexity="1" minCyclomaticComplexity="1" maxCrapScore="2" minCrapScore="2" visitedClasses="0" numClasses="0" visitedMethods="0" numMethods="1" />
              <MetadataToken>100663327</MetadataToken>
              <Name>System.Void TestFrameworkOptionsReadWriteExtensions::SetDiagnosticMessages(Xunit.Abstractions.ITestFrameworkDiscoveryOptions,System.Nullable`1&lt;System.Boolean&gt;)</Name>
              <FileRef uid="68" />
              <SequencePoints>
                <SequencePoint vc="0" uspid="1864" ordinal="0" offset="0" sl="107" sc="9" el="107" ec="89" bec="0" bev="0" fileid="68" />
                <SequencePoint vc="0" uspid="1865" ordinal="1" offset="12" sl="108" sc="5" el="108" ec="6" bec="0" bev="0" fileid="68" />
              </SequencePoints>
              <BranchPoints />
              <MethodPoint xsi:type="SequencePoint" vc="0" uspid="1864" ordinal="0" offset="0" sl="107" sc="9" el="107" ec="89" bec="0" bev="0" fileid="68" />
            </Method>
            <Method visited="false" cyclomaticComplexity="1" nPathComplexity="0" sequenceCoverage="0" branchCoverage="0" crapScore="2" isConstructor="false" isStatic="true" isGetter="false" isSetter="false">
              <Summary numSequencePoints="2" visitedSequencePoints="0" numBranchPoints="1" visitedBranchPoints="0" sequenceCoverage="0" branchCoverage="0" maxCyclomaticComplexity="1" minCyclomaticComplexity="1" maxCrapScore="2" minCrapScore="2" visitedClasses="0" numClasses="0" visitedMethods="0" numMethods="1" />
              <MetadataToken>100663328</MetadataToken>
              <Name>System.Void TestFrameworkOptionsReadWriteExtensions::SetInternalDiagnosticMessages(Xunit.Abstractions.ITestFrameworkDiscoveryOptions,System.Nullable`1&lt;System.Boolean&gt;)</Name>
              <FileRef uid="68" />
              <SequencePoints>
                <SequencePoint vc="0" uspid="1866" ordinal="0" offset="0" sl="115" sc="9" el="115" ec="97" bec="0" bev="0" fileid="68" />
                <SequencePoint vc="0" uspid="1867" ordinal="1" offset="12" sl="116" sc="5" el="116" ec="6" bec="0" bev="0" fileid="68" />
              </SequencePoints>
              <BranchPoints />
              <MethodPoint xsi:type="SequencePoint" vc="0" uspid="1866" ordinal="0" offset="0" sl="115" sc="9" el="115" ec="97" bec="0" bev="0" fileid="68" />
            </Method>
            <Method visited="false" cyclomaticComplexity="3" nPathComplexity="2" sequenceCoverage="0" branchCoverage="0" crapScore="12" isConstructor="false" isStatic="true" isGetter="false" isSetter="false">
              <Summary numSequencePoints="2" visitedSequencePoints="0" numBranchPoints="3" visitedBranchPoints="0" sequenceCoverage="0" branchCoverage="0" maxCyclomaticComplexity="3" minCyclomaticComplexity="3" maxCrapScore="12" minCrapScore="12" visitedClasses="0" numClasses="0" visitedMethods="0" numMethods="1" />
              <MetadataToken>100663329</MetadataToken>
              <Name>System.Void TestFrameworkOptionsReadWriteExtensions::SetMethodDisplay(Xunit.Abstractions.ITestFrameworkDiscoveryOptions,System.Nullable`1&lt;Xunit.TestMethodDisplay&gt;)</Name>
              <FileRef uid="68" />
              <SequencePoints>
                <SequencePoint vc="0" uspid="1868" ordinal="0" offset="0" sl="123" sc="9" el="123" ec="139" bec="2" bev="0" fileid="68" />
                <SequencePoint vc="0" uspid="1869" ordinal="1" offset="44" sl="124" sc="5" el="124" ec="6" bec="0" bev="0" fileid="68" />
              </SequencePoints>
              <BranchPoints>
                <BranchPoint vc="0" uspid="1870" ordinal="0" offset="13" sl="123" path="0" offsetend="15" fileid="68" />
                <BranchPoint vc="0" uspid="1871" ordinal="1" offset="13" sl="123" path="1" offsetend="18" fileid="68" />
              </BranchPoints>
              <MethodPoint xsi:type="SequencePoint" vc="0" uspid="1868" ordinal="0" offset="0" sl="123" sc="9" el="123" ec="139" bec="2" bev="0" fileid="68" />
            </Method>
            <Method visited="false" cyclomaticComplexity="1" nPathComplexity="0" sequenceCoverage="0" branchCoverage="0" crapScore="2" isConstructor="false" isStatic="true" isGetter="false" isSetter="false">
              <Summary numSequencePoints="2" visitedSequencePoints="0" numBranchPoints="1" visitedBranchPoints="0" sequenceCoverage="0" branchCoverage="0" maxCyclomaticComplexity="1" minCyclomaticComplexity="1" maxCrapScore="2" minCrapScore="2" visitedClasses="0" numClasses="0" visitedMethods="0" numMethods="1" />
              <MetadataToken>100663330</MetadataToken>
              <Name>System.Void TestFrameworkOptionsReadWriteExtensions::SetPreEnumerateTheories(Xunit.Abstractions.ITestFrameworkDiscoveryOptions,System.Nullable`1&lt;System.Boolean&gt;)</Name>
              <FileRef uid="68" />
              <SequencePoints>
                <SequencePoint vc="0" uspid="1872" ordinal="0" offset="0" sl="133" sc="9" el="133" ec="91" bec="0" bev="0" fileid="68" />
                <SequencePoint vc="0" uspid="1873" ordinal="1" offset="12" sl="134" sc="5" el="134" ec="6" bec="0" bev="0" fileid="68" />
              </SequencePoints>
              <BranchPoints />
              <MethodPoint xsi:type="SequencePoint" vc="0" uspid="1872" ordinal="0" offset="0" sl="133" sc="9" el="133" ec="91" bec="0" bev="0" fileid="68" />
            </Method>
            <Method visited="false" cyclomaticComplexity="1" nPathComplexity="0" sequenceCoverage="0" branchCoverage="0" crapScore="2" isConstructor="false" isStatic="true" isGetter="false" isSetter="false">
              <Summary numSequencePoints="2" visitedSequencePoints="0" numBranchPoints="1" visitedBranchPoints="0" sequenceCoverage="0" branchCoverage="0" maxCyclomaticComplexity="1" minCyclomaticComplexity="1" maxCrapScore="2" minCrapScore="2" visitedClasses="0" numClasses="0" visitedMethods="0" numMethods="1" />
              <MetadataToken>100663331</MetadataToken>
              <Name>System.Void TestFrameworkOptionsReadWriteExtensions::SetSynchronousMessageReporting(Xunit.Abstractions.ITestFrameworkDiscoveryOptions,System.Nullable`1&lt;System.Boolean&gt;)</Name>
              <FileRef uid="68" />
              <SequencePoints>
                <SequencePoint vc="0" uspid="1874" ordinal="0" offset="0" sl="141" sc="9" el="141" ec="98" bec="0" bev="0" fileid="68" />
                <SequencePoint vc="0" uspid="1875" ordinal="1" offset="12" sl="142" sc="5" el="142" ec="6" bec="0" bev="0" fileid="68" />
              </SequencePoints>
              <BranchPoints />
              <MethodPoint xsi:type="SequencePoint" vc="0" uspid="1874" ordinal="0" offset="0" sl="141" sc="9" el="141" ec="98" bec="0" bev="0" fileid="68" />
            </Method>
            <Method visited="false" cyclomaticComplexity="1" nPathComplexity="0" sequenceCoverage="0" branchCoverage="0" crapScore="2" isConstructor="false" isStatic="true" isGetter="false" isSetter="false">
              <Summary numSequencePoints="1" visitedSequencePoints="0" numBranchPoints="1" visitedBranchPoints="0" sequenceCoverage="0" branchCoverage="0" maxCyclomaticComplexity="1" minCyclomaticComplexity="1" maxCrapScore="2" minCrapScore="2" visitedClasses="0" numClasses="0" visitedMethods="0" numMethods="1" />
              <MetadataToken>100663332</MetadataToken>
              <Name>System.Nullable`1&lt;System.Boolean&gt; TestFrameworkOptionsReadWriteExtensions::GetDiagnosticMessages(Xunit.Abstractions.ITestFrameworkExecutionOptions)</Name>
              <FileRef uid="68" />
              <SequencePoints>
                <SequencePoint vc="0" uspid="1876" ordinal="0" offset="0" sl="151" sc="9" el="151" ec="96" bec="0" bev="0" fileid="68" />
              </SequencePoints>
              <BranchPoints />
              <MethodPoint xsi:type="SequencePoint" vc="0" uspid="1876" ordinal="0" offset="0" sl="151" sc="9" el="151" ec="96" bec="0" bev="0" fileid="68" />
            </Method>
            <Method visited="false" cyclomaticComplexity="1" nPathComplexity="0" sequenceCoverage="0" branchCoverage="0" crapScore="2" isConstructor="false" isStatic="true" isGetter="false" isSetter="false">
              <Summary numSequencePoints="1" visitedSequencePoints="0" numBranchPoints="1" visitedBranchPoints="0" sequenceCoverage="0" branchCoverage="0" maxCyclomaticComplexity="1" minCyclomaticComplexity="1" maxCrapScore="2" minCrapScore="2" visitedClasses="0" numClasses="0" visitedMethods="0" numMethods="1" />
              <MetadataToken>100663333</MetadataToken>
              <Name>System.Nullable`1&lt;System.Boolean&gt; TestFrameworkOptionsReadWriteExtensions::GetInternalDiagnosticMessages(Xunit.Abstractions.ITestFrameworkExecutionOptions)</Name>
              <FileRef uid="68" />
              <SequencePoints>
                <SequencePoint vc="0" uspid="1877" ordinal="0" offset="0" sl="159" sc="9" el="159" ec="104" bec="0" bev="0" fileid="68" />
              </SequencePoints>
              <BranchPoints />
              <MethodPoint xsi:type="SequencePoint" vc="0" uspid="1877" ordinal="0" offset="0" sl="159" sc="9" el="159" ec="104" bec="0" bev="0" fileid="68" />
            </Method>
            <Method visited="false" cyclomaticComplexity="2" nPathComplexity="2" sequenceCoverage="0" branchCoverage="0" crapScore="6" isConstructor="false" isStatic="true" isGetter="false" isSetter="false">
              <Summary numSequencePoints="1" visitedSequencePoints="0" numBranchPoints="3" visitedBranchPoints="0" sequenceCoverage="0" branchCoverage="0" maxCyclomaticComplexity="2" minCyclomaticComplexity="2" maxCrapScore="6" minCrapScore="6" visitedClasses="0" numClasses="0" visitedMethods="0" numMethods="1" />
              <MetadataToken>100663334</MetadataToken>
              <Name>System.Boolean TestFrameworkOptionsReadWriteExtensions::GetDiagnosticMessagesOrDefault(Xunit.Abstractions.ITestFrameworkExecutionOptions)</Name>
              <FileRef uid="68" />
              <SequencePoints>
                <SequencePoint vc="0" uspid="1878" ordinal="0" offset="0" sl="168" sc="9" el="168" ec="66" bec="2" bev="0" fileid="68" />
              </SequencePoints>
              <BranchPoints>
                <BranchPoint vc="0" uspid="1879" ordinal="0" offset="14" sl="168" path="0" offsetend="16" fileid="68" />
                <BranchPoint vc="0" uspid="1880" ordinal="1" offset="14" sl="168" path="1" offsetend="18" fileid="68" />
              </BranchPoints>
              <MethodPoint xsi:type="SequencePoint" vc="0" uspid="1878" ordinal="0" offset="0" sl="168" sc="9" el="168" ec="66" bec="2" bev="0" fileid="68" />
            </Method>
            <Method visited="false" cyclomaticComplexity="2" nPathComplexity="2" sequenceCoverage="0" branchCoverage="0" crapScore="6" isConstructor="false" isStatic="true" isGetter="false" isSetter="false">
              <Summary numSequencePoints="1" visitedSequencePoints="0" numBranchPoints="3" visitedBranchPoints="0" sequenceCoverage="0" branchCoverage="0" maxCyclomaticComplexity="2" minCyclomaticComplexity="2" maxCrapScore="6" minCrapScore="6" visitedClasses="0" numClasses="0" visitedMethods="0" numMethods="1" />
              <MetadataToken>100663335</MetadataToken>
              <Name>System.Boolean TestFrameworkOptionsReadWriteExtensions::GetInternalDiagnosticMessagesOrDefault(Xunit.Abstractions.ITestFrameworkExecutionOptions)</Name>
              <FileRef uid="68" />
              <SequencePoints>
                <SequencePoint vc="0" uspid="1881" ordinal="0" offset="0" sl="177" sc="9" el="177" ec="74" bec="2" bev="0" fileid="68" />
              </SequencePoints>
              <BranchPoints>
                <BranchPoint vc="0" uspid="1882" ordinal="0" offset="14" sl="177" path="0" offsetend="16" fileid="68" />
                <BranchPoint vc="0" uspid="1883" ordinal="1" offset="14" sl="177" path="1" offsetend="18" fileid="68" />
              </BranchPoints>
              <MethodPoint xsi:type="SequencePoint" vc="0" uspid="1881" ordinal="0" offset="0" sl="177" sc="9" el="177" ec="74" bec="2" bev="0" fileid="68" />
            </Method>
            <Method visited="false" cyclomaticComplexity="1" nPathComplexity="0" sequenceCoverage="0" branchCoverage="0" crapScore="2" isConstructor="false" isStatic="true" isGetter="false" isSetter="false">
              <Summary numSequencePoints="1" visitedSequencePoints="0" numBranchPoints="1" visitedBranchPoints="0" sequenceCoverage="0" branchCoverage="0" maxCyclomaticComplexity="1" minCyclomaticComplexity="1" maxCrapScore="2" minCrapScore="2" visitedClasses="0" numClasses="0" visitedMethods="0" numMethods="1" />
              <MetadataToken>100663336</MetadataToken>
              <Name>System.Nullable`1&lt;System.Boolean&gt; TestFrameworkOptionsReadWriteExtensions::GetDisableParallelization(Xunit.Abstractions.ITestFrameworkExecutionOptions)</Name>
              <FileRef uid="68" />
              <SequencePoints>
                <SequencePoint vc="0" uspid="1884" ordinal="0" offset="0" sl="185" sc="9" el="185" ec="100" bec="0" bev="0" fileid="68" />
              </SequencePoints>
              <BranchPoints />
              <MethodPoint xsi:type="SequencePoint" vc="0" uspid="1884" ordinal="0" offset="0" sl="185" sc="9" el="185" ec="100" bec="0" bev="0" fileid="68" />
            </Method>
            <Method visited="false" cyclomaticComplexity="2" nPathComplexity="2" sequenceCoverage="0" branchCoverage="0" crapScore="6" isConstructor="false" isStatic="true" isGetter="false" isSetter="false">
              <Summary numSequencePoints="1" visitedSequencePoints="0" numBranchPoints="3" visitedBranchPoints="0" sequenceCoverage="0" branchCoverage="0" maxCyclomaticComplexity="2" minCyclomaticComplexity="2" maxCrapScore="6" minCrapScore="6" visitedClasses="0" numClasses="0" visitedMethods="0" numMethods="1" />
              <MetadataToken>100663337</MetadataToken>
              <Name>System.Boolean TestFrameworkOptionsReadWriteExtensions::GetDisableParallelizationOrDefault(Xunit.Abstractions.ITestFrameworkExecutionOptions)</Name>
              <FileRef uid="68" />
              <SequencePoints>
                <SequencePoint vc="0" uspid="1885" ordinal="0" offset="0" sl="194" sc="9" el="194" ec="70" bec="2" bev="0" fileid="68" />
              </SequencePoints>
              <BranchPoints>
                <BranchPoint vc="0" uspid="1886" ordinal="0" offset="14" sl="194" path="0" offsetend="16" fileid="68" />
                <BranchPoint vc="0" uspid="1887" ordinal="1" offset="14" sl="194" path="1" offsetend="18" fileid="68" />
              </BranchPoints>
              <MethodPoint xsi:type="SequencePoint" vc="0" uspid="1885" ordinal="0" offset="0" sl="194" sc="9" el="194" ec="70" bec="2" bev="0" fileid="68" />
            </Method>
            <Method visited="false" cyclomaticComplexity="1" nPathComplexity="0" sequenceCoverage="0" branchCoverage="0" crapScore="2" isConstructor="false" isStatic="true" isGetter="false" isSetter="false">
              <Summary numSequencePoints="1" visitedSequencePoints="0" numBranchPoints="1" visitedBranchPoints="0" sequenceCoverage="0" branchCoverage="0" maxCyclomaticComplexity="1" minCyclomaticComplexity="1" maxCrapScore="2" minCrapScore="2" visitedClasses="0" numClasses="0" visitedMethods="0" numMethods="1" />
              <MetadataToken>100663338</MetadataToken>
              <Name>System.Nullable`1&lt;System.Int32&gt; TestFrameworkOptionsReadWriteExtensions::GetMaxParallelThreads(Xunit.Abstractions.ITestFrameworkExecutionOptions)</Name>
              <FileRef uid="68" />
              <SequencePoints>
                <SequencePoint vc="0" uspid="1888" ordinal="0" offset="0" sl="202" sc="9" el="202" ec="95" bec="0" bev="0" fileid="68" />
              </SequencePoints>
              <BranchPoints />
              <MethodPoint xsi:type="SequencePoint" vc="0" uspid="1888" ordinal="0" offset="0" sl="202" sc="9" el="202" ec="95" bec="0" bev="0" fileid="68" />
            </Method>
            <Method visited="false" cyclomaticComplexity="5" nPathComplexity="8" sequenceCoverage="0" branchCoverage="0" crapScore="30" isConstructor="false" isStatic="true" isGetter="false" isSetter="false">
              <Summary numSequencePoints="4" visitedSequencePoints="0" numBranchPoints="7" visitedBranchPoints="0" sequenceCoverage="0" branchCoverage="0" maxCyclomaticComplexity="5" minCyclomaticComplexity="5" maxCrapScore="30" minCrapScore="30" visitedClasses="0" numClasses="0" visitedMethods="0" numMethods="1" />
              <MetadataToken>100663339</MetadataToken>
              <Name>System.Int32 TestFrameworkOptionsReadWriteExtensions::GetMaxParallelThreadsOrDefault(Xunit.Abstractions.ITestFrameworkExecutionOptions)</Name>
              <FileRef uid="68" />
              <SequencePoints>
                <SequencePoint vc="0" uspid="1889" ordinal="0" offset="0" sl="212" sc="9" el="212" ec="63" bec="0" bev="0" fileid="68" />
                <SequencePoint vc="0" uspid="1890" ordinal="1" offset="7" sl="213" sc="9" el="213" ec="43" bec="5" bev="0" fileid="68" />
                <SequencePoint vc="0" uspid="1891" ordinal="2" offset="42" sl="214" sc="13" el="214" ec="47" bec="0" bev="0" fileid="68" />
                <SequencePoint vc="0" uspid="1892" ordinal="3" offset="48" sl="216" sc="9" el="216" ec="43" bec="0" bev="0" fileid="68" />
              </SequencePoints>
              <BranchPoints>
                <BranchPoint vc="0" uspid="1893" ordinal="0" offset="14" sl="213" path="0" offsetend="16" fileid="68" />
                <BranchPoint vc="0" uspid="1894" ordinal="1" offset="14" sl="213" path="1" offsetend="42" fileid="68" />
                <BranchPoint vc="0" uspid="1895" ordinal="2" offset="28" sl="213" path="0" offsetend="30" fileid="68" />
                <BranchPoint vc="0" uspid="1896" ordinal="3" offset="28" sl="213" path="1" offsetend="33" fileid="68" />
                <BranchPoint vc="0" uspid="1897" ordinal="4" offset="40" sl="213" path="0" offsetend="42" fileid="68" />
                <BranchPoint vc="0" uspid="1898" ordinal="5" offset="40" sl="213" path="1" offsetend="48" fileid="68" />
              </BranchPoints>
              <MethodPoint xsi:type="SequencePoint" vc="0" uspid="1889" ordinal="0" offset="0" sl="212" sc="9" el="212" ec="63" bec="0" bev="0" fileid="68" />
            </Method>
            <Method visited="false" cyclomaticComplexity="1" nPathComplexity="0" sequenceCoverage="0" branchCoverage="0" crapScore="2" isConstructor="false" isStatic="true" isGetter="false" isSetter="false">
              <Summary numSequencePoints="1" visitedSequencePoints="0" numBranchPoints="1" visitedBranchPoints="0" sequenceCoverage="0" branchCoverage="0" maxCyclomaticComplexity="1" minCyclomaticComplexity="1" maxCrapScore="2" minCrapScore="2" visitedClasses="0" numClasses="0" visitedMethods="0" numMethods="1" />
              <MetadataToken>100663340</MetadataToken>
              <Name>System.Nullable`1&lt;System.Boolean&gt; TestFrameworkOptionsReadWriteExtensions::GetSynchronousMessageReporting(Xunit.Abstractions.ITestFrameworkExecutionOptions)</Name>
              <FileRef uid="68" />
              <SequencePoints>
                <SequencePoint vc="0" uspid="1899" ordinal="0" offset="0" sl="224" sc="9" el="224" ec="105" bec="0" bev="0" fileid="68" />
              </SequencePoints>
              <BranchPoints />
              <MethodPoint xsi:type="SequencePoint" vc="0" uspid="1899" ordinal="0" offset="0" sl="224" sc="9" el="224" ec="105" bec="0" bev="0" fileid="68" />
            </Method>
            <Method visited="false" cyclomaticComplexity="2" nPathComplexity="2" sequenceCoverage="0" branchCoverage="0" crapScore="6" isConstructor="false" isStatic="true" isGetter="false" isSetter="false">
              <Summary numSequencePoints="1" visitedSequencePoints="0" numBranchPoints="3" visitedBranchPoints="0" sequenceCoverage="0" branchCoverage="0" maxCyclomaticComplexity="2" minCyclomaticComplexity="2" maxCrapScore="6" minCrapScore="6" visitedClasses="0" numClasses="0" visitedMethods="0" numMethods="1" />
              <MetadataToken>100663341</MetadataToken>
              <Name>System.Boolean TestFrameworkOptionsReadWriteExtensions::GetSynchronousMessageReportingOrDefault(Xunit.Abstractions.ITestFrameworkExecutionOptions)</Name>
              <FileRef uid="68" />
              <SequencePoints>
                <SequencePoint vc="0" uspid="1900" ordinal="0" offset="0" sl="233" sc="9" el="233" ec="75" bec="2" bev="0" fileid="68" />
              </SequencePoints>
              <BranchPoints>
                <BranchPoint vc="0" uspid="1901" ordinal="0" offset="14" sl="233" path="0" offsetend="16" fileid="68" />
                <BranchPoint vc="0" uspid="1902" ordinal="1" offset="14" sl="233" path="1" offsetend="18" fileid="68" />
              </BranchPoints>
              <MethodPoint xsi:type="SequencePoint" vc="0" uspid="1900" ordinal="0" offset="0" sl="233" sc="9" el="233" ec="75" bec="2" bev="0" fileid="68" />
            </Method>
            <Method visited="false" cyclomaticComplexity="1" nPathComplexity="0" sequenceCoverage="0" branchCoverage="0" crapScore="2" isConstructor="false" isStatic="true" isGetter="false" isSetter="false">
              <Summary numSequencePoints="2" visitedSequencePoints="0" numBranchPoints="1" visitedBranchPoints="0" sequenceCoverage="0" branchCoverage="0" maxCyclomaticComplexity="1" minCyclomaticComplexity="1" maxCrapScore="2" minCrapScore="2" visitedClasses="0" numClasses="0" visitedMethods="0" numMethods="1" />
              <MetadataToken>100663342</MetadataToken>
              <Name>System.Void TestFrameworkOptionsReadWriteExtensions::SetDiagnosticMessages(Xunit.Abstractions.ITestFrameworkExecutionOptions,System.Nullable`1&lt;System.Boolean&gt;)</Name>
              <FileRef uid="68" />
              <SequencePoints>
                <SequencePoint vc="0" uspid="1903" ordinal="0" offset="0" sl="241" sc="9" el="241" ec="89" bec="0" bev="0" fileid="68" />
                <SequencePoint vc="0" uspid="1904" ordinal="1" offset="12" sl="242" sc="5" el="242" ec="6" bec="0" bev="0" fileid="68" />
              </SequencePoints>
              <BranchPoints />
              <MethodPoint xsi:type="SequencePoint" vc="0" uspid="1903" ordinal="0" offset="0" sl="241" sc="9" el="241" ec="89" bec="0" bev="0" fileid="68" />
            </Method>
            <Method visited="false" cyclomaticComplexity="1" nPathComplexity="0" sequenceCoverage="0" branchCoverage="0" crapScore="2" isConstructor="false" isStatic="true" isGetter="false" isSetter="false">
              <Summary numSequencePoints="2" visitedSequencePoints="0" numBranchPoints="1" visitedBranchPoints="0" sequenceCoverage="0" branchCoverage="0" maxCyclomaticComplexity="1" minCyclomaticComplexity="1" maxCrapScore="2" minCrapScore="2" visitedClasses="0" numClasses="0" visitedMethods="0" numMethods="1" />
              <MetadataToken>100663343</MetadataToken>
              <Name>System.Void TestFrameworkOptionsReadWriteExtensions::SetInternalDiagnosticMessages(Xunit.Abstractions.ITestFrameworkExecutionOptions,System.Nullable`1&lt;System.Boolean&gt;)</Name>
              <FileRef uid="68" />
              <SequencePoints>
                <SequencePoint vc="0" uspid="1905" ordinal="0" offset="0" sl="249" sc="9" el="249" ec="97" bec="0" bev="0" fileid="68" />
                <SequencePoint vc="0" uspid="1906" ordinal="1" offset="12" sl="250" sc="5" el="250" ec="6" bec="0" bev="0" fileid="68" />
              </SequencePoints>
              <BranchPoints />
              <MethodPoint xsi:type="SequencePoint" vc="0" uspid="1905" ordinal="0" offset="0" sl="249" sc="9" el="249" ec="97" bec="0" bev="0" fileid="68" />
            </Method>
            <Method visited="false" cyclomaticComplexity="1" nPathComplexity="0" sequenceCoverage="0" branchCoverage="0" crapScore="2" isConstructor="false" isStatic="true" isGetter="false" isSetter="false">
              <Summary numSequencePoints="2" visitedSequencePoints="0" numBranchPoints="1" visitedBranchPoints="0" sequenceCoverage="0" branchCoverage="0" maxCyclomaticComplexity="1" minCyclomaticComplexity="1" maxCrapScore="2" minCrapScore="2" visitedClasses="0" numClasses="0" visitedMethods="0" numMethods="1" />
              <MetadataToken>100663344</MetadataToken>
              <Name>System.Void TestFrameworkOptionsReadWriteExtensions::SetStopOnTestFail(Xunit.Abstractions.ITestFrameworkExecutionOptions,System.Nullable`1&lt;System.Boolean&gt;)</Name>
              <FileRef uid="68" />
              <SequencePoints>
                <SequencePoint vc="0" uspid="1907" ordinal="0" offset="0" sl="257" sc="9" el="257" ec="81" bec="0" bev="0" fileid="68" />
                <SequencePoint vc="0" uspid="1908" ordinal="1" offset="12" sl="258" sc="5" el="258" ec="6" bec="0" bev="0" fileid="68" />
              </SequencePoints>
              <BranchPoints />
              <MethodPoint xsi:type="SequencePoint" vc="0" uspid="1907" ordinal="0" offset="0" sl="257" sc="9" el="257" ec="81" bec="0" bev="0" fileid="68" />
            </Method>
            <Method visited="false" cyclomaticComplexity="1" nPathComplexity="0" sequenceCoverage="0" branchCoverage="0" crapScore="2" isConstructor="false" isStatic="true" isGetter="false" isSetter="false">
              <Summary numSequencePoints="2" visitedSequencePoints="0" numBranchPoints="1" visitedBranchPoints="0" sequenceCoverage="0" branchCoverage="0" maxCyclomaticComplexity="1" minCyclomaticComplexity="1" maxCrapScore="2" minCrapScore="2" visitedClasses="0" numClasses="0" visitedMethods="0" numMethods="1" />
              <MetadataToken>100663345</MetadataToken>
              <Name>System.Void TestFrameworkOptionsReadWriteExtensions::SetDisableParallelization(Xunit.Abstractions.ITestFrameworkExecutionOptions,System.Nullable`1&lt;System.Boolean&gt;)</Name>
              <FileRef uid="68" />
              <SequencePoints>
                <SequencePoint vc="0" uspid="1909" ordinal="0" offset="0" sl="265" sc="9" el="265" ec="93" bec="0" bev="0" fileid="68" />
                <SequencePoint vc="0" uspid="1910" ordinal="1" offset="12" sl="266" sc="5" el="266" ec="6" bec="0" bev="0" fileid="68" />
              </SequencePoints>
              <BranchPoints />
              <MethodPoint xsi:type="SequencePoint" vc="0" uspid="1909" ordinal="0" offset="0" sl="265" sc="9" el="265" ec="93" bec="0" bev="0" fileid="68" />
            </Method>
            <Method visited="false" cyclomaticComplexity="1" nPathComplexity="0" sequenceCoverage="0" branchCoverage="0" crapScore="2" isConstructor="false" isStatic="true" isGetter="false" isSetter="false">
              <Summary numSequencePoints="2" visitedSequencePoints="0" numBranchPoints="1" visitedBranchPoints="0" sequenceCoverage="0" branchCoverage="0" maxCyclomaticComplexity="1" minCyclomaticComplexity="1" maxCrapScore="2" minCrapScore="2" visitedClasses="0" numClasses="0" visitedMethods="0" numMethods="1" />
              <MetadataToken>100663346</MetadataToken>
              <Name>System.Void TestFrameworkOptionsReadWriteExtensions::SetMaxParallelThreads(Xunit.Abstractions.ITestFrameworkExecutionOptions,System.Nullable`1&lt;System.Int32&gt;)</Name>
              <FileRef uid="68" />
              <SequencePoints>
                <SequencePoint vc="0" uspid="1911" ordinal="0" offset="0" sl="274" sc="9" el="274" ec="89" bec="0" bev="0" fileid="68" />
                <SequencePoint vc="0" uspid="1912" ordinal="1" offset="12" sl="275" sc="5" el="275" ec="6" bec="0" bev="0" fileid="68" />
              </SequencePoints>
              <BranchPoints />
              <MethodPoint xsi:type="SequencePoint" vc="0" uspid="1911" ordinal="0" offset="0" sl="274" sc="9" el="274" ec="89" bec="0" bev="0" fileid="68" />
            </Method>
            <Method visited="false" cyclomaticComplexity="1" nPathComplexity="0" sequenceCoverage="0" branchCoverage="0" crapScore="2" isConstructor="false" isStatic="true" isGetter="false" isSetter="false">
              <Summary numSequencePoints="2" visitedSequencePoints="0" numBranchPoints="1" visitedBranchPoints="0" sequenceCoverage="0" branchCoverage="0" maxCyclomaticComplexity="1" minCyclomaticComplexity="1" maxCrapScore="2" minCrapScore="2" visitedClasses="0" numClasses="0" visitedMethods="0" numMethods="1" />
              <MetadataToken>100663347</MetadataToken>
              <Name>System.Void TestFrameworkOptionsReadWriteExtensions::SetSynchronousMessageReporting(Xunit.Abstractions.ITestFrameworkExecutionOptions,System.Nullable`1&lt;System.Boolean&gt;)</Name>
              <FileRef uid="68" />
              <SequencePoints>
                <SequencePoint vc="0" uspid="1913" ordinal="0" offset="0" sl="282" sc="9" el="282" ec="98" bec="0" bev="0" fileid="68" />
                <SequencePoint vc="0" uspid="1914" ordinal="1" offset="12" sl="283" sc="5" el="283" ec="6" bec="0" bev="0" fileid="68" />
              </SequencePoints>
              <BranchPoints />
              <MethodPoint xsi:type="SequencePoint" vc="0" uspid="1913" ordinal="0" offset="0" sl="282" sc="9" el="282" ec="98" bec="0" bev="0" fileid="68" />
            </Method>
          </Methods>
        </Class>
        <Class>
          <Summary numSequencePoints="18" visitedSequencePoints="0" numBranchPoints="7" visitedBranchPoints="0" sequenceCoverage="0" branchCoverage="0" maxCyclomaticComplexity="6" minCyclomaticComplexity="6" maxCrapScore="42" minCrapScore="42" visitedClasses="0" numClasses="1" visitedMethods="0" numMethods="1" />
          <FullName>XmlNodeExtensions</FullName>
          <Methods>
            <Method visited="false" cyclomaticComplexity="6" nPathComplexity="8" sequenceCoverage="0" branchCoverage="0" crapScore="42" isConstructor="false" isStatic="true" isGetter="false" isSetter="false">
              <Summary numSequencePoints="18" visitedSequencePoints="0" numBranchPoints="7" visitedBranchPoints="0" sequenceCoverage="0" branchCoverage="0" maxCyclomaticComplexity="6" minCyclomaticComplexity="6" maxCrapScore="42" minCrapScore="42" visitedClasses="0" numClasses="0" visitedMethods="0" numMethods="1" />
              <MetadataToken>100663348</MetadataToken>
              <Name>Xunit.Xunit1TestCase XmlNodeExtensions::ToTestCase(System.Xml.XmlNode,System.String,System.String)</Name>
              <FileRef uid="69" />
              <SequencePoints>
                <SequencePoint vc="0" uspid="1915" ordinal="0" offset="0" sl="12" sc="9" el="12" ec="34" bec="2" bev="0" fileid="69" />
                <SequencePoint vc="0" uspid="1916" ordinal="1" offset="18" sl="13" sc="13" el="13" ec="25" bec="0" bev="0" fileid="69" />
                <SequencePoint vc="0" uspid="1917" ordinal="2" offset="20" sl="16" sc="9" el="16" ec="35" bec="0" bev="0" fileid="69" />
                <SequencePoint vc="0" uspid="1918" ordinal="3" offset="22" sl="17" sc="9" el="17" ec="59" bec="0" bev="0" fileid="69" />
                <SequencePoint vc="0" uspid="1919" ordinal="4" offset="39" sl="18" sc="9" el="18" ec="42" bec="2" bev="0" fileid="69" />
                <SequencePoint vc="0" uspid="1920" ordinal="5" offset="42" sl="19" sc="13" el="19" ec="54" bec="0" bev="0" fileid="69" />
                <SequencePoint vc="0" uspid="1921" ordinal="6" offset="49" sl="21" sc="9" el="21" ec="49" bec="0" bev="0" fileid="69" />
                <SequencePoint vc="0" uspid="1922" ordinal="7" offset="71" sl="22" sc="9" el="22" ec="53" bec="0" bev="0" fileid="69" />
                <SequencePoint vc="0" uspid="1923" ordinal="8" offset="93" sl="24" sc="9" el="24" ec="34" bec="0" bev="0" fileid="69" />
                <SequencePoint vc="0" uspid="1924" ordinal="9" offset="96" sl="25" sc="9" el="25" ec="58" bec="0" bev="0" fileid="69" />
                <SequencePoint vc="0" uspid="1925" ordinal="10" offset="114" sl="26" sc="9" el="26" ec="41" bec="2" bev="0" fileid="69" />
                <SequencePoint vc="0" uspid="1926" ordinal="11" offset="118" sl="27" sc="13" el="27" ec="52" bec="0" bev="0" fileid="69" />
                <SequencePoint vc="0" uspid="1927" ordinal="12" offset="127" sl="29" sc="9" el="29" ec="93" bec="0" bev="0" fileid="69" />
                <SequencePoint vc="0" uspid="1928" ordinal="13" offset="139" sl="30" sc="39" el="30" ec="70" bec="0" bev="0" fileid="69" />
                <SequencePoint vc="0" uspid="1929" ordinal="14" offset="159" sl="30" sc="18" el="30" ec="35" bec="0" bev="0" fileid="69" />
                <SequencePoint vc="0" uspid="1930" ordinal="15" offset="173" sl="31" sc="13" el="31" ec="97" bec="0" bev="0" fileid="69" />
                <SequencePoint vc="0" uspid="1931" ordinal="16" offset="224" sl="30" sc="36" el="30" ec="38" bec="0" bev="0" fileid="69" />
                <SequencePoint vc="0" uspid="1932" ordinal="17" offset="256" sl="33" sc="9" el="33" ec="116" bec="0" bev="0" fileid="69" />
              </SequencePoints>
              <BranchPoints>
                <BranchPoint vc="0" uspid="1933" ordinal="0" offset="16" sl="12" path="0" offsetend="18" fileid="69" />
                <BranchPoint vc="0" uspid="1934" ordinal="1" offset="16" sl="12" path="1" offsetend="20" fileid="69" />
                <BranchPoint vc="0" uspid="1935" ordinal="2" offset="40" sl="18" path="0" offsetend="42" fileid="69" />
                <BranchPoint vc="0" uspid="1936" ordinal="3" offset="40" sl="18" path="1" offsetend="49" fileid="69" />
                <BranchPoint vc="0" uspid="1937" ordinal="4" offset="116" sl="26" path="0" offsetend="118" fileid="69" />
                <BranchPoint vc="0" uspid="1938" ordinal="5" offset="116" sl="26" path="1" offsetend="127" fileid="69" />
              </BranchPoints>
              <MethodPoint xsi:type="SequencePoint" vc="0" uspid="1915" ordinal="0" offset="0" sl="12" sc="9" el="12" ec="34" bec="2" bev="0" fileid="69" />
            </Method>
          </Methods>
        </Class>
        <Class>
          <Summary numSequencePoints="16" visitedSequencePoints="9" numBranchPoints="18" visitedBranchPoints="9" sequenceCoverage="56.25" branchCoverage="50" maxCyclomaticComplexity="8" minCyclomaticComplexity="3" maxCrapScore="14.51" minCrapScore="3" visitedClasses="1" numClasses="1" visitedMethods="2" numMethods="2" />
          <FullName>AssemblyExtensions</FullName>
          <Methods>
            <Method visited="true" cyclomaticComplexity="3" nPathComplexity="2" sequenceCoverage="100" branchCoverage="66.67" crapScore="3" isConstructor="false" isStatic="true" isGetter="false" isSetter="false">
              <Summary numSequencePoints="1" visitedSequencePoints="1" numBranchPoints="3" visitedBranchPoints="2" sequenceCoverage="100" branchCoverage="66.67" maxCyclomaticComplexity="3" minCyclomaticComplexity="3" maxCrapScore="3" minCrapScore="3" visitedClasses="0" numClasses="0" visitedMethods="1" numMethods="1" />
              <MetadataToken>100663349</MetadataToken>
              <Name>System.String AssemblyExtensions::GetLocalCodeBase(System.Reflection.Assembly)</Name>
              <FileRef uid="70" />
              <SequencePoints>
                <SequencePoint vc="1" uspid="1941" ordinal="0" offset="0" sl="11" sc="9" el="11" ec="82" bec="2" bev="1" fileid="70" />
              </SequencePoints>
              <BranchPoints>
                <BranchPoint vc="0" uspid="1942" ordinal="0" offset="1" sl="11" path="0" offsetend="3" fileid="70" />
                <BranchPoint vc="1" uspid="1943" ordinal="1" offset="1" sl="11" path="1" offsetend="6" fileid="70" />
              </BranchPoints>
              <MethodPoint xsi:type="SequencePoint" vc="1" uspid="1941" ordinal="0" offset="0" sl="11" sc="9" el="11" ec="82" bec="2" bev="1" fileid="70" />
            </Method>
            <Method visited="true" cyclomaticComplexity="8" nPathComplexity="128" sequenceCoverage="53.33" branchCoverage="46.67" crapScore="14.51" isConstructor="false" isStatic="true" isGetter="false" isSetter="false">
              <Summary numSequencePoints="15" visitedSequencePoints="8" numBranchPoints="15" visitedBranchPoints="7" sequenceCoverage="53.33" branchCoverage="46.67" maxCyclomaticComplexity="8" minCyclomaticComplexity="8" maxCrapScore="14.51" minCrapScore="14.51" visitedClasses="0" numClasses="0" visitedMethods="1" numMethods="1" />
              <MetadataToken>100663350</MetadataToken>
              <Name>System.String AssemblyExtensions::GetLocalCodeBase(System.String,System.Char)</Name>
              <FileRef uid="70" />
              <SequencePoints>
                <SequencePoint vc="1" uspid="1944" ordinal="0" offset="0" sl="16" sc="9" el="16" ec="30" bec="2" bev="1" fileid="70" />
                <SequencePoint vc="0" uspid="1945" ordinal="1" offset="3" sl="17" sc="13" el="17" ec="25" bec="0" bev="0" fileid="70" />
                <SequencePoint vc="1" uspid="1946" ordinal="2" offset="5" sl="19" sc="9" el="19" ec="71" bec="2" bev="1" fileid="70" />
                <SequencePoint vc="0" uspid="1947" ordinal="3" offset="19" sl="20" sc="13" el="20" ec="128" bec="0" bev="0" fileid="70" />
                <SequencePoint vc="1" uspid="1948" ordinal="4" offset="41" sl="23" sc="9" el="23" ec="67" bec="2" bev="1" fileid="70" />
                <SequencePoint vc="1" uspid="1949" ordinal="5" offset="65" sl="26" sc="9" el="26" ec="39" bec="2" bev="1" fileid="70" />
                <SequencePoint vc="0" uspid="1950" ordinal="6" offset="70" sl="28" sc="13" el="28" ec="27" bec="2" bev="0" fileid="70" />
                <SequencePoint vc="0" uspid="1951" ordinal="7" offset="73" sl="29" sc="17" el="29" ec="46" bec="0" bev="0" fileid="70" />
                <SequencePoint vc="0" uspid="1952" ordinal="8" offset="81" sl="31" sc="13" el="31" ec="141" bec="0" bev="0" fileid="70" />
                <SequencePoint vc="1" uspid="1953" ordinal="9" offset="103" sl="35" sc="9" el="35" ec="40" bec="2" bev="1" fileid="70" />
                <SequencePoint vc="1" uspid="1954" ordinal="10" offset="108" sl="37" sc="13" el="37" ec="52" bec="0" bev="0" fileid="70" />
                <SequencePoint vc="1" uspid="1955" ordinal="11" offset="120" sl="39" sc="13" el="39" ec="27" bec="2" bev="1" fileid="70" />
                <SequencePoint vc="1" uspid="1956" ordinal="12" offset="123" sl="40" sc="17" el="40" ec="46" bec="0" bev="0" fileid="70" />
                <SequencePoint vc="0" uspid="1957" ordinal="13" offset="131" sl="42" sc="13" el="42" ec="42" bec="0" bev="0" fileid="70" />
                <SequencePoint vc="0" uspid="1958" ordinal="14" offset="139" sl="45" sc="9" el="45" ec="149" bec="0" bev="0" fileid="70" />
              </SequencePoints>
              <BranchPoints>
                <BranchPoint vc="0" uspid="1959" ordinal="0" offset="1" sl="16" path="0" offsetend="3" fileid="70" />
                <BranchPoint vc="1" uspid="1960" ordinal="1" offset="1" sl="16" path="1" offsetend="5" fileid="70" />
                <BranchPoint vc="0" uspid="1961" ordinal="2" offset="17" sl="19" path="0" offsetend="19" fileid="70" />
                <BranchPoint vc="1" uspid="1962" ordinal="3" offset="17" sl="19" path="1" offsetend="41" fileid="70" />
                <BranchPoint vc="1" uspid="1963" ordinal="4" offset="48" sl="23" path="0" offsetend="50" fileid="70" />
                <BranchPoint vc="0" uspid="1964" ordinal="5" offset="48" sl="23" path="1" offsetend="63" fileid="70" />
                <BranchPoint vc="0" uspid="1965" ordinal="6" offset="68" sl="26" path="0" offsetend="70" fileid="70" />
                <BranchPoint vc="1" uspid="1966" ordinal="7" offset="68" sl="26" path="1" offsetend="103" fileid="70" />
                <BranchPoint vc="0" uspid="1967" ordinal="8" offset="71" sl="28" path="0" offsetend="73" fileid="70" />
                <BranchPoint vc="0" uspid="1968" ordinal="9" offset="71" sl="28" path="1" offsetend="81" fileid="70" />
                <BranchPoint vc="1" uspid="1969" ordinal="10" offset="106" sl="35" path="0" offsetend="108" fileid="70" />
                <BranchPoint vc="0" uspid="1970" ordinal="11" offset="106" sl="35" path="1" offsetend="139" fileid="70" />
                <BranchPoint vc="1" uspid="1971" ordinal="12" offset="121" sl="39" path="0" offsetend="123" fileid="70" />
                <BranchPoint vc="0" uspid="1972" ordinal="13" offset="121" sl="39" path="1" offsetend="131" fileid="70" />
              </BranchPoints>
              <MethodPoint xsi:type="SequencePoint" vc="1" uspid="1944" ordinal="0" offset="0" sl="16" sc="9" el="16" ec="30" bec="2" bev="1" fileid="70" />
            </Method>
          </Methods>
        </Class>
        <Class>
          <Summary numSequencePoints="1" visitedSequencePoints="0" numBranchPoints="1" visitedBranchPoints="0" sequenceCoverage="0" branchCoverage="0" maxCyclomaticComplexity="1" minCyclomaticComplexity="1" maxCrapScore="2" minCrapScore="2" visitedClasses="0" numClasses="1" visitedMethods="0" numMethods="1" />
          <FullName>CommonTasks</FullName>
          <Methods>
            <Method visited="false" cyclomaticComplexity="1" nPathComplexity="0" sequenceCoverage="0" branchCoverage="0" crapScore="2" isConstructor="true" isStatic="true" isGetter="false" isSetter="false">
              <Summary numSequencePoints="1" visitedSequencePoints="0" numBranchPoints="1" visitedBranchPoints="0" sequenceCoverage="0" branchCoverage="0" maxCyclomaticComplexity="1" minCyclomaticComplexity="1" maxCrapScore="2" minCrapScore="2" visitedClasses="0" numClasses="0" visitedMethods="0" numMethods="1" />
              <MetadataToken>100663351</MetadataToken>
              <Name>System.Void CommonTasks::.cctor()</Name>
              <FileRef uid="71" />
              <SequencePoints>
                <SequencePoint vc="0" uspid="1973" ordinal="0" offset="0" sl="7" sc="5" el="7" ec="66" bec="0" bev="0" fileid="71" />
              </SequencePoints>
              <BranchPoints />
              <MethodPoint xsi:type="SequencePoint" vc="0" uspid="1973" ordinal="0" offset="0" sl="7" sc="5" el="7" ec="66" bec="0" bev="0" fileid="71" />
            </Method>
          </Methods>
        </Class>
        <Class>
          <Summary numSequencePoints="19" visitedSequencePoints="0" numBranchPoints="16" visitedBranchPoints="0" sequenceCoverage="0" branchCoverage="0" maxCyclomaticComplexity="4" minCyclomaticComplexity="1" maxCrapScore="20" minCrapScore="2" visitedClasses="0" numClasses="1" visitedMethods="0" numMethods="6" />
          <FullName>DictionaryExtensions</FullName>
          <Methods>
            <Method visited="false" cyclomaticComplexity="1" nPathComplexity="0" sequenceCoverage="0" branchCoverage="0" crapScore="2" isConstructor="false" isStatic="true" isGetter="false" isSetter="false">
              <Summary numSequencePoints="2" visitedSequencePoints="0" numBranchPoints="1" visitedBranchPoints="0" sequenceCoverage="0" branchCoverage="0" maxCyclomaticComplexity="1" minCyclomaticComplexity="1" maxCrapScore="2" minCrapScore="2" visitedClasses="0" numClasses="0" visitedMethods="0" numMethods="1" />
              <MetadataToken>100663352</MetadataToken>
              <Name>System.Void DictionaryExtensions::Add(System.Collections.Generic.IDictionary`2&lt;TKey,System.Collections.Generic.List`1&lt;TValue&gt;&gt;,TKey,TValue)</Name>
              <FileRef uid="72" />
              <SequencePoints>
                <SequencePoint vc="0" uspid="1974" ordinal="0" offset="0" sl="9" sc="9" el="9" ec="45" bec="0" bev="0" fileid="72" />
                <SequencePoint vc="0" uspid="1975" ordinal="1" offset="13" sl="10" sc="5" el="10" ec="6" bec="0" bev="0" fileid="72" />
              </SequencePoints>
              <BranchPoints />
              <MethodPoint xsi:type="SequencePoint" vc="0" uspid="1974" ordinal="0" offset="0" sl="9" sc="9" el="9" ec="45" bec="0" bev="0" fileid="72" />
            </Method>
            <Method visited="false" cyclomaticComplexity="2" nPathComplexity="2" sequenceCoverage="0" branchCoverage="0" crapScore="6" isConstructor="false" isStatic="true" isGetter="false" isSetter="false">
              <Summary numSequencePoints="3" visitedSequencePoints="0" numBranchPoints="3" visitedBranchPoints="0" sequenceCoverage="0" branchCoverage="0" maxCyclomaticComplexity="2" minCyclomaticComplexity="2" maxCrapScore="6" minCrapScore="6" visitedClasses="0" numClasses="0" visitedMethods="0" numMethods="1" />
              <MetadataToken>100663353</MetadataToken>
              <Name>System.Boolean DictionaryExtensions::Contains(System.Collections.Generic.IDictionary`2&lt;TKey,System.Collections.Generic.List`1&lt;TValue&gt;&gt;,TKey,TValue,System.Collections.Generic.IEqualityComparer`1&lt;TValue&gt;)</Name>
              <FileRef uid="72" />
              <SequencePoints>
                <SequencePoint vc="0" uspid="1976" ordinal="0" offset="0" sl="16" sc="9" el="16" ec="54" bec="2" bev="0" fileid="72" />
                <SequencePoint vc="0" uspid="1977" ordinal="1" offset="11" sl="17" sc="13" el="17" ec="26" bec="0" bev="0" fileid="72" />
                <SequencePoint vc="0" uspid="1978" ordinal="2" offset="13" sl="19" sc="9" el="19" ec="54" bec="0" bev="0" fileid="72" />
              </SequencePoints>
              <BranchPoints>
                <BranchPoint vc="0" uspid="1979" ordinal="0" offset="9" sl="16" path="0" offsetend="11" fileid="72" />
                <BranchPoint vc="0" uspid="1980" ordinal="1" offset="9" sl="16" path="1" offsetend="13" fileid="72" />
              </BranchPoints>
              <MethodPoint xsi:type="SequencePoint" vc="0" uspid="1976" ordinal="0" offset="0" sl="16" sc="9" el="16" ec="54" bec="2" bev="0" fileid="72" />
            </Method>
            <Method visited="false" cyclomaticComplexity="2" nPathComplexity="2" sequenceCoverage="0" branchCoverage="0" crapScore="6" isConstructor="false" isStatic="true" isGetter="false" isSetter="false">
              <Summary numSequencePoints="1" visitedSequencePoints="0" numBranchPoints="3" visitedBranchPoints="0" sequenceCoverage="0" branchCoverage="0" maxCyclomaticComplexity="2" minCyclomaticComplexity="2" maxCrapScore="6" minCrapScore="6" visitedClasses="0" numClasses="0" visitedMethods="0" numMethods="1" />
              <MetadataToken>100663354</MetadataToken>
              <Name>TValue DictionaryExtensions::GetOrAdd(System.Collections.Generic.IDictionary`2&lt;TKey,TValue&gt;,TKey)</Name>
              <FileRef uid="72" />
              <SequencePoints>
                <SequencePoint vc="0" uspid="1981" ordinal="0" offset="0" sl="25" sc="9" el="25" ec="75" bec="2" bev="0" fileid="72" />
              </SequencePoints>
              <BranchPoints>
                <BranchPoint vc="0" uspid="1982" ordinal="0" offset="8" sl="25" path="0" offsetend="10" fileid="72" />
                <BranchPoint vc="0" uspid="1983" ordinal="1" offset="8" sl="25" path="1" offsetend="33" fileid="72" />
              </BranchPoints>
              <MethodPoint xsi:type="SequencePoint" vc="0" uspid="1981" ordinal="0" offset="0" sl="25" sc="9" el="25" ec="75" bec="2" bev="0" fileid="72" />
            </Method>
            <Method visited="false" cyclomaticComplexity="2" nPathComplexity="2" sequenceCoverage="0" branchCoverage="0" crapScore="6" isConstructor="false" isStatic="true" isGetter="false" isSetter="false">
              <Summary numSequencePoints="4" visitedSequencePoints="0" numBranchPoints="3" visitedBranchPoints="0" sequenceCoverage="0" branchCoverage="0" maxCyclomaticComplexity="2" minCyclomaticComplexity="2" maxCrapScore="6" minCrapScore="6" visitedClasses="0" numClasses="0" visitedMethods="0" numMethods="1" />
              <MetadataToken>100663355</MetadataToken>
              <Name>TValue DictionaryExtensions::GetOrAdd(System.Collections.Generic.IDictionary`2&lt;TKey,TValue&gt;,TKey,System.Func`1&lt;TValue&gt;)</Name>
              <FileRef uid="72" />
              <SequencePoints>
                <SequencePoint vc="0" uspid="1984" ordinal="0" offset="0" sl="32" sc="9" el="32" ec="54" bec="2" bev="0" fileid="72" />
                <SequencePoint vc="0" uspid="1985" ordinal="1" offset="11" sl="34" sc="13" el="34" ec="33" bec="0" bev="0" fileid="72" />
                <SequencePoint vc="0" uspid="1986" ordinal="2" offset="18" sl="35" sc="13" el="35" ec="38" bec="0" bev="0" fileid="72" />
                <SequencePoint vc="0" uspid="1987" ordinal="3" offset="26" sl="38" sc="9" el="38" ec="23" bec="0" bev="0" fileid="72" />
              </SequencePoints>
              <BranchPoints>
                <BranchPoint vc="0" uspid="1988" ordinal="0" offset="9" sl="32" path="0" offsetend="11" fileid="72" />
                <BranchPoint vc="0" uspid="1989" ordinal="1" offset="9" sl="32" path="1" offsetend="26" fileid="72" />
              </BranchPoints>
              <MethodPoint xsi:type="SequencePoint" vc="0" uspid="1984" ordinal="0" offset="0" sl="32" sc="9" el="32" ec="54" bec="2" bev="0" fileid="72" />
            </Method>
            <Method visited="false" cyclomaticComplexity="2" nPathComplexity="2" sequenceCoverage="0" branchCoverage="0" crapScore="6" isConstructor="false" isStatic="true" isGetter="false" isSetter="false">
              <Summary numSequencePoints="1" visitedSequencePoints="0" numBranchPoints="3" visitedBranchPoints="0" sequenceCoverage="0" branchCoverage="0" maxCyclomaticComplexity="2" minCyclomaticComplexity="2" maxCrapScore="6" minCrapScore="6" visitedClasses="0" numClasses="0" visitedMethods="0" numMethods="1" />
              <MetadataToken>100663356</MetadataToken>
              <Name>System.Collections.Generic.Dictionary`2&lt;TKey,TValue&gt; DictionaryExtensions::ToDictionaryIgnoringDuplicateKeys(System.Collections.Generic.IEnumerable`1&lt;TValue&gt;,System.Func`2&lt;TValue,TKey&gt;,System.Collections.Generic.IEqualityComparer`1&lt;TKey&gt;)</Name>
              <FileRef uid="72" />
              <SequencePoints>
                <SequencePoint vc="0" uspid="1990" ordinal="0" offset="0" sl="44" sc="12" el="44" ec="74" bec="2" bev="0" fileid="72" />
              </SequencePoints>
              <BranchPoints>
                <BranchPoint vc="0" uspid="1991" ordinal="0" offset="8" sl="44" path="0" offsetend="10" fileid="72" />
                <BranchPoint vc="0" uspid="1992" ordinal="1" offset="8" sl="44" path="1" offsetend="33" fileid="72" />
              </BranchPoints>
              <MethodPoint xsi:type="SequencePoint" vc="0" uspid="1990" ordinal="0" offset="0" sl="44" sc="12" el="44" ec="74" bec="2" bev="0" fileid="72" />
            </Method>
            <Method visited="false" cyclomaticComplexity="4" nPathComplexity="2" sequenceCoverage="0" branchCoverage="0" crapScore="20" isConstructor="false" isStatic="true" isGetter="false" isSetter="false">
              <Summary numSequencePoints="8" visitedSequencePoints="0" numBranchPoints="3" visitedBranchPoints="0" sequenceCoverage="0" branchCoverage="0" maxCyclomaticComplexity="4" minCyclomaticComplexity="4" maxCrapScore="20" minCrapScore="20" visitedClasses="0" numClasses="0" visitedMethods="0" numMethods="1" />
              <MetadataToken>100663357</MetadataToken>
              <Name>System.Collections.Generic.Dictionary`2&lt;TKey,TValue&gt; DictionaryExtensions::ToDictionaryIgnoringDuplicateKeys(System.Collections.Generic.IEnumerable`1&lt;TInput&gt;,System.Func`2&lt;TInput,TKey&gt;,System.Func`2&lt;TInput,TValue&gt;,System.Collections.Generic.IEqualityComparer`1&lt;TKey&gt;)</Name>
              <FileRef uid="72" />
              <SequencePoints>
                <SequencePoint vc="0" uspid="1993" ordinal="0" offset="0" sl="51" sc="9" el="51" ec="61" bec="0" bev="0" fileid="72" />
                <SequencePoint vc="0" uspid="1994" ordinal="1" offset="7" sl="53" sc="36" el="53" ec="47" bec="0" bev="0" fileid="72" />
                <SequencePoint vc="0" uspid="1995" ordinal="2" offset="16" sl="53" sc="18" el="53" ec="32" bec="0" bev="0" fileid="72" />
                <SequencePoint vc="0" uspid="1996" ordinal="3" offset="23" sl="55" sc="13" el="55" ec="47" bec="0" bev="0" fileid="72" />
                <SequencePoint vc="0" uspid="1997" ordinal="4" offset="31" sl="56" sc="13" el="56" ec="42" bec="2" bev="0" fileid="72" />
                <SequencePoint vc="0" uspid="1998" ordinal="5" offset="40" sl="57" sc="17" el="57" ec="60" bec="0" bev="0" fileid="72" />
                <SequencePoint vc="0" uspid="1999" ordinal="6" offset="54" sl="53" sc="33" el="53" ec="35" bec="0" bev="0" fileid="72" />
                <SequencePoint vc="0" uspid="2000" ordinal="7" offset="74" sl="60" sc="9" el="60" ec="23" bec="0" bev="0" fileid="72" />
              </SequencePoints>
              <BranchPoints>
                <BranchPoint vc="0" uspid="2001" ordinal="0" offset="38" sl="56" path="0" offsetend="40" fileid="72" />
                <BranchPoint vc="0" uspid="2002" ordinal="1" offset="38" sl="56" path="1" offsetend="54" fileid="72" />
              </BranchPoints>
              <MethodPoint xsi:type="SequencePoint" vc="0" uspid="1993" ordinal="0" offset="0" sl="51" sc="9" el="51" ec="61" bec="0" bev="0" fileid="72" />
            </Method>
          </Methods>
        </Class>
        <Class>
          <Summary numSequencePoints="1" visitedSequencePoints="0" numBranchPoints="1" visitedBranchPoints="0" sequenceCoverage="0" branchCoverage="0" maxCyclomaticComplexity="1" minCyclomaticComplexity="1" maxCrapScore="2" minCrapScore="2" visitedClasses="0" numClasses="1" visitedMethods="0" numMethods="1" />
          <FullName>DictionaryExtensions/&lt;&gt;c__2`2</FullName>
          <Methods>
            <Method visited="false" cyclomaticComplexity="1" nPathComplexity="0" sequenceCoverage="0" branchCoverage="0" crapScore="2" isConstructor="true" isStatic="true" isGetter="false" isSetter="false">
              <Summary numSequencePoints="0" visitedSequencePoints="0" numBranchPoints="0" visitedBranchPoints="0" sequenceCoverage="0" branchCoverage="0" maxCyclomaticComplexity="1" minCyclomaticComplexity="1" maxCrapScore="2" minCrapScore="2" visitedClasses="0" numClasses="0" visitedMethods="0" numMethods="0" />
              <MetadataToken>100664842</MetadataToken>
              <Name>System.Void DictionaryExtensions/&lt;&gt;c__2`2::.cctor()</Name>
              <SequencePoints />
              <BranchPoints />
              <MethodPoint vc="0" uspid="2005" ordinal="0" offset="0" />
            </Method>
            <Method visited="false" cyclomaticComplexity="1" nPathComplexity="0" sequenceCoverage="0" branchCoverage="0" crapScore="2" isConstructor="true" isStatic="false" isGetter="false" isSetter="false">
              <Summary numSequencePoints="0" visitedSequencePoints="0" numBranchPoints="0" visitedBranchPoints="0" sequenceCoverage="0" branchCoverage="0" maxCyclomaticComplexity="1" minCyclomaticComplexity="1" maxCrapScore="2" minCrapScore="2" visitedClasses="0" numClasses="0" visitedMethods="0" numMethods="0" />
              <MetadataToken>100664843</MetadataToken>
              <Name>System.Void DictionaryExtensions/&lt;&gt;c__2`2::.ctor()</Name>
              <SequencePoints />
              <BranchPoints />
              <MethodPoint vc="0" uspid="2006" ordinal="0" offset="0" />
            </Method>
            <Method visited="false" cyclomaticComplexity="1" nPathComplexity="0" sequenceCoverage="0" branchCoverage="0" crapScore="2" isConstructor="false" isStatic="false" isGetter="false" isSetter="false">
              <Summary numSequencePoints="1" visitedSequencePoints="0" numBranchPoints="1" visitedBranchPoints="0" sequenceCoverage="0" branchCoverage="0" maxCyclomaticComplexity="1" minCyclomaticComplexity="1" maxCrapScore="2" minCrapScore="2" visitedClasses="0" numClasses="0" visitedMethods="0" numMethods="1" />
              <MetadataToken>100664844</MetadataToken>
              <Name>TValue DictionaryExtensions/&lt;&gt;c__2`2::&lt;GetOrAdd&gt;b__2_0()</Name>
              <FileRef uid="72" />
              <SequencePoints>
                <SequencePoint vc="0" uspid="2007" ordinal="0" offset="0" sl="25" sc="61" el="25" ec="73" bec="0" bev="0" fileid="72" />
              </SequencePoints>
              <BranchPoints />
              <MethodPoint xsi:type="SequencePoint" vc="0" uspid="2007" ordinal="0" offset="0" sl="25" sc="61" el="25" ec="73" bec="0" bev="0" fileid="72" />
            </Method>
          </Methods>
        </Class>
        <Class>
          <Summary numSequencePoints="1" visitedSequencePoints="0" numBranchPoints="1" visitedBranchPoints="0" sequenceCoverage="0" branchCoverage="0" maxCyclomaticComplexity="1" minCyclomaticComplexity="1" maxCrapScore="2" minCrapScore="2" visitedClasses="0" numClasses="1" visitedMethods="0" numMethods="1" />
          <FullName>DictionaryExtensions/&lt;&gt;c__4`2</FullName>
          <Methods>
            <Method visited="false" cyclomaticComplexity="1" nPathComplexity="0" sequenceCoverage="0" branchCoverage="0" crapScore="2" isConstructor="true" isStatic="true" isGetter="false" isSetter="false">
              <Summary numSequencePoints="0" visitedSequencePoints="0" numBranchPoints="0" visitedBranchPoints="0" sequenceCoverage="0" branchCoverage="0" maxCyclomaticComplexity="1" minCyclomaticComplexity="1" maxCrapScore="2" minCrapScore="2" visitedClasses="0" numClasses="0" visitedMethods="0" numMethods="0" />
              <MetadataToken>100664845</MetadataToken>
              <Name>System.Void DictionaryExtensions/&lt;&gt;c__4`2::.cctor()</Name>
              <SequencePoints />
              <BranchPoints />
              <MethodPoint vc="0" uspid="2008" ordinal="0" offset="0" />
            </Method>
            <Method visited="false" cyclomaticComplexity="1" nPathComplexity="0" sequenceCoverage="0" branchCoverage="0" crapScore="2" isConstructor="true" isStatic="false" isGetter="false" isSetter="false">
              <Summary numSequencePoints="0" visitedSequencePoints="0" numBranchPoints="0" visitedBranchPoints="0" sequenceCoverage="0" branchCoverage="0" maxCyclomaticComplexity="1" minCyclomaticComplexity="1" maxCrapScore="2" minCrapScore="2" visitedClasses="0" numClasses="0" visitedMethods="0" numMethods="0" />
              <MetadataToken>100664846</MetadataToken>
              <Name>System.Void DictionaryExtensions/&lt;&gt;c__4`2::.ctor()</Name>
              <SequencePoints />
              <BranchPoints />
              <MethodPoint vc="0" uspid="2009" ordinal="0" offset="0" />
            </Method>
            <Method visited="false" cyclomaticComplexity="1" nPathComplexity="0" sequenceCoverage="0" branchCoverage="0" crapScore="2" isConstructor="false" isStatic="false" isGetter="false" isSetter="false">
              <Summary numSequencePoints="1" visitedSequencePoints="0" numBranchPoints="1" visitedBranchPoints="0" sequenceCoverage="0" branchCoverage="0" maxCyclomaticComplexity="1" minCyclomaticComplexity="1" maxCrapScore="2" minCrapScore="2" visitedClasses="0" numClasses="0" visitedMethods="0" numMethods="1" />
              <MetadataToken>100664847</MetadataToken>
              <Name>TValue DictionaryExtensions/&lt;&gt;c__4`2::&lt;ToDictionaryIgnoringDuplicateKeys&gt;b__4_0(TValue)</Name>
              <FileRef uid="72" />
              <SequencePoints>
                <SequencePoint vc="0" uspid="2010" ordinal="0" offset="0" sl="44" sc="72" el="44" ec="73" bec="0" bev="0" fileid="72" />
              </SequencePoints>
              <BranchPoints />
              <MethodPoint xsi:type="SequencePoint" vc="0" uspid="2010" ordinal="0" offset="0" sl="44" sc="72" el="44" ec="73" bec="0" bev="0" fileid="72" />
            </Method>
          </Methods>
        </Class>
        <Class>
          <Summary numSequencePoints="7" visitedSequencePoints="0" numBranchPoints="4" visitedBranchPoints="0" sequenceCoverage="0" branchCoverage="0" maxCyclomaticComplexity="2" minCyclomaticComplexity="1" maxCrapScore="6" minCrapScore="2" visitedClasses="0" numClasses="1" visitedMethods="0" numMethods="2" />
          <FullName>ExceptionExtensions</FullName>
          <Methods>
            <Method visited="false" cyclomaticComplexity="1" nPathComplexity="0" sequenceCoverage="0" branchCoverage="0" crapScore="2" isConstructor="false" isStatic="true" isGetter="false" isSetter="false">
              <Summary numSequencePoints="2" visitedSequencePoints="0" numBranchPoints="1" visitedBranchPoints="0" sequenceCoverage="0" branchCoverage="0" maxCyclomaticComplexity="1" minCyclomaticComplexity="1" maxCrapScore="2" minCrapScore="2" visitedClasses="0" numClasses="0" visitedMethods="0" numMethods="1" />
              <MetadataToken>100663358</MetadataToken>
              <Name>System.Void ExceptionExtensions::RethrowWithNoStackTraceLoss(System.Exception)</Name>
              <FileRef uid="75" />
              <SequencePoints>
                <SequencePoint vc="0" uspid="2011" ordinal="0" offset="0" sl="27" sc="9" el="27" ec="84" bec="0" bev="0" fileid="75" />
                <SequencePoint vc="0" uspid="2012" ordinal="1" offset="11" sl="29" sc="5" el="29" ec="6" bec="0" bev="0" fileid="75" />
              </SequencePoints>
              <BranchPoints />
              <MethodPoint xsi:type="SequencePoint" vc="0" uspid="2011" ordinal="0" offset="0" sl="27" sc="9" el="27" ec="84" bec="0" bev="0" fileid="75" />
            </Method>
            <Method visited="false" cyclomaticComplexity="2" nPathComplexity="2" sequenceCoverage="0" branchCoverage="0" crapScore="6" isConstructor="false" isStatic="true" isGetter="false" isSetter="false">
              <Summary numSequencePoints="5" visitedSequencePoints="0" numBranchPoints="3" visitedBranchPoints="0" sequenceCoverage="0" branchCoverage="0" maxCyclomaticComplexity="2" minCyclomaticComplexity="2" maxCrapScore="6" minCrapScore="6" visitedClasses="0" numClasses="0" visitedMethods="0" numMethods="1" />
              <MetadataToken>100663359</MetadataToken>
              <Name>System.Exception ExceptionExtensions::Unwrap(System.Exception)</Name>
              <FileRef uid="75" />
              <SequencePoints>
                <SequencePoint vc="0" uspid="2013" ordinal="0" offset="0" sl="40" sc="13" el="40" ec="56" bec="0" bev="0" fileid="75" />
                <SequencePoint vc="0" uspid="2014" ordinal="1" offset="7" sl="41" sc="13" el="41" ec="30" bec="2" bev="0" fileid="75" />
                <SequencePoint vc="0" uspid="2015" ordinal="2" offset="10" sl="42" sc="17" el="42" ec="27" bec="0" bev="0" fileid="75" />
                <SequencePoint vc="0" uspid="2016" ordinal="3" offset="12" sl="44" sc="13" el="44" ec="38" bec="0" bev="0" fileid="75" />
                <SequencePoint vc="0" uspid="2017" ordinal="4" offset="20" sl="38" sc="9" el="38" ec="21" bec="0" bev="0" fileid="75" />
              </SequencePoints>
              <BranchPoints>
                <BranchPoint vc="0" uspid="2018" ordinal="0" offset="8" sl="41" path="0" offsetend="10" fileid="75" />
                <BranchPoint vc="0" uspid="2019" ordinal="1" offset="8" sl="41" path="1" offsetend="12" fileid="75" />
              </BranchPoints>
              <MethodPoint xsi:type="SequencePoint" vc="0" uspid="2013" ordinal="0" offset="0" sl="40" sc="13" el="40" ec="56" bec="0" bev="0" fileid="75" />
            </Method>
          </Methods>
        </Class>
        <Class>
          <Summary numSequencePoints="13" visitedSequencePoints="0" numBranchPoints="10" visitedBranchPoints="0" sequenceCoverage="0" branchCoverage="0" maxCyclomaticComplexity="2" minCyclomaticComplexity="1" maxCrapScore="6" minCrapScore="2" visitedClasses="0" numClasses="1" visitedMethods="0" numMethods="4" />
          <FullName>Guard</FullName>
          <Methods>
            <Method visited="false" cyclomaticComplexity="2" nPathComplexity="2" sequenceCoverage="0" branchCoverage="0" crapScore="6" isConstructor="false" isStatic="true" isGetter="false" isSetter="false">
              <Summary numSequencePoints="3" visitedSequencePoints="0" numBranchPoints="3" visitedBranchPoints="0" sequenceCoverage="0" branchCoverage="0" maxCyclomaticComplexity="2" minCyclomaticComplexity="2" maxCrapScore="6" minCrapScore="6" visitedClasses="0" numClasses="0" visitedMethods="0" numMethods="1" />
              <MetadataToken>100663360</MetadataToken>
              <Name>System.Void Guard::ArgumentNotNull(System.String,System.Object)</Name>
              <FileRef uid="76" />
              <SequencePoints>
                <SequencePoint vc="0" uspid="2020" ordinal="0" offset="0" sl="13" sc="9" el="13" ec="30" bec="2" bev="0" fileid="76" />
                <SequencePoint vc="0" uspid="2021" ordinal="1" offset="3" sl="14" sc="13" el="14" ec="54" bec="0" bev="0" fileid="76" />
                <SequencePoint vc="0" uspid="2022" ordinal="2" offset="10" sl="15" sc="5" el="15" ec="6" bec="0" bev="0" fileid="76" />
              </SequencePoints>
              <BranchPoints>
                <BranchPoint vc="0" uspid="2023" ordinal="0" offset="1" sl="13" path="0" offsetend="3" fileid="76" />
                <BranchPoint vc="0" uspid="2024" ordinal="1" offset="1" sl="13" path="1" offsetend="10" fileid="76" />
              </BranchPoints>
              <MethodPoint xsi:type="SequencePoint" vc="0" uspid="2020" ordinal="0" offset="0" sl="13" sc="9" el="13" ec="30" bec="2" bev="0" fileid="76" />
            </Method>
            <Method visited="false" cyclomaticComplexity="2" nPathComplexity="2" sequenceCoverage="0" branchCoverage="0" crapScore="6" isConstructor="false" isStatic="true" isGetter="false" isSetter="false">
              <Summary numSequencePoints="4" visitedSequencePoints="0" numBranchPoints="3" visitedBranchPoints="0" sequenceCoverage="0" branchCoverage="0" maxCyclomaticComplexity="2" minCyclomaticComplexity="2" maxCrapScore="6" minCrapScore="6" visitedClasses="0" numClasses="0" visitedMethods="0" numMethods="1" />
              <MetadataToken>100663361</MetadataToken>
              <Name>System.Void Guard::ArgumentNotNullOrEmpty(System.String,System.Collections.IEnumerable)</Name>
              <FileRef uid="76" />
              <SequencePoints>
                <SequencePoint vc="0" uspid="2025" ordinal="0" offset="0" sl="20" sc="9" el="20" ec="44" bec="0" bev="0" fileid="76" />
                <SequencePoint vc="0" uspid="2026" ordinal="1" offset="7" sl="22" sc="9" el="22" ec="50" bec="2" bev="0" fileid="76" />
                <SequencePoint vc="0" uspid="2027" ordinal="2" offset="20" sl="23" sc="13" el="23" ec="72" bec="0" bev="0" fileid="76" />
                <SequencePoint vc="0" uspid="2028" ordinal="3" offset="32" sl="24" sc="5" el="24" ec="6" bec="0" bev="0" fileid="76" />
              </SequencePoints>
              <BranchPoints>
                <BranchPoint vc="0" uspid="2029" ordinal="0" offset="18" sl="22" path="0" offsetend="20" fileid="76" />
                <BranchPoint vc="0" uspid="2030" ordinal="1" offset="18" sl="22" path="1" offsetend="32" fileid="76" />
              </BranchPoints>
              <MethodPoint xsi:type="SequencePoint" vc="0" uspid="2025" ordinal="0" offset="0" sl="20" sc="9" el="20" ec="44" bec="0" bev="0" fileid="76" />
            </Method>
            <Method visited="false" cyclomaticComplexity="2" nPathComplexity="2" sequenceCoverage="0" branchCoverage="0" crapScore="6" isConstructor="false" isStatic="true" isGetter="false" isSetter="false">
              <Summary numSequencePoints="3" visitedSequencePoints="0" numBranchPoints="3" visitedBranchPoints="0" sequenceCoverage="0" branchCoverage="0" maxCyclomaticComplexity="2" minCyclomaticComplexity="2" maxCrapScore="6" minCrapScore="6" visitedClasses="0" numClasses="0" visitedMethods="0" numMethods="1" />
              <MetadataToken>100663362</MetadataToken>
              <Name>System.Void Guard::ArgumentValid(System.String,System.String,System.Boolean)</Name>
              <FileRef uid="76" />
              <SequencePoints>
                <SequencePoint vc="0" uspid="2031" ordinal="0" offset="0" sl="29" sc="9" el="29" ec="19" bec="2" bev="0" fileid="76" />
                <SequencePoint vc="0" uspid="2032" ordinal="1" offset="3" sl="30" sc="13" el="30" ec="59" bec="0" bev="0" fileid="76" />
                <SequencePoint vc="0" uspid="2033" ordinal="2" offset="11" sl="31" sc="5" el="31" ec="6" bec="0" bev="0" fileid="76" />
              </SequencePoints>
              <BranchPoints>
                <BranchPoint vc="0" uspid="2034" ordinal="0" offset="1" sl="29" path="0" offsetend="3" fileid="76" />
                <BranchPoint vc="0" uspid="2035" ordinal="1" offset="1" sl="29" path="1" offsetend="11" fileid="76" />
              </BranchPoints>
              <MethodPoint xsi:type="SequencePoint" vc="0" uspid="2031" ordinal="0" offset="0" sl="29" sc="9" el="29" ec="19" bec="2" bev="0" fileid="76" />
            </Method>
            <Method visited="false" cyclomaticComplexity="1" nPathComplexity="0" sequenceCoverage="0" branchCoverage="0" crapScore="2" isConstructor="false" isStatic="true" isGetter="false" isSetter="false">
              <Summary numSequencePoints="3" visitedSequencePoints="0" numBranchPoints="1" visitedBranchPoints="0" sequenceCoverage="0" branchCoverage="0" maxCyclomaticComplexity="1" minCyclomaticComplexity="1" maxCrapScore="2" minCrapScore="2" visitedClasses="0" numClasses="0" visitedMethods="0" numMethods="1" />
              <MetadataToken>100663363</MetadataToken>
              <Name>System.Void Guard::FileExists(System.String,System.String)</Name>
              <FileRef uid="76" />
              <SequencePoints>
                <SequencePoint vc="0" uspid="2036" ordinal="0" offset="0" sl="37" sc="9" el="37" ec="57" bec="0" bev="0" fileid="76" />
                <SequencePoint vc="0" uspid="2037" ordinal="1" offset="7" sl="39" sc="9" el="39" ec="92" bec="0" bev="0" fileid="76" />
                <SequencePoint vc="0" uspid="2038" ordinal="2" offset="30" sl="41" sc="5" el="41" ec="6" bec="0" bev="0" fileid="76" />
              </SequencePoints>
              <BranchPoints />
              <MethodPoint xsi:type="SequencePoint" vc="0" uspid="2036" ordinal="0" offset="0" sl="37" sc="9" el="37" ec="57" bec="0" bev="0" fileid="76" />
            </Method>
          </Methods>
        </Class>
        <Class>
          <Summary numSequencePoints="21" visitedSequencePoints="0" numBranchPoints="20" visitedBranchPoints="0" sequenceCoverage="0" branchCoverage="0" maxCyclomaticComplexity="3" minCyclomaticComplexity="1" maxCrapScore="12" minCrapScore="2" visitedClasses="0" numClasses="1" visitedMethods="0" numMethods="12" />
          <FullName>NewReflectionExtensions</FullName>
          <Methods>
            <Method visited="false" cyclomaticComplexity="1" nPathComplexity="0" sequenceCoverage="0" branchCoverage="0" crapScore="2" isConstructor="false" isStatic="true" isGetter="false" isSetter="false">
              <Summary numSequencePoints="1" visitedSequencePoints="0" numBranchPoints="1" visitedBranchPoints="0" sequenceCoverage="0" branchCoverage="0" maxCyclomaticComplexity="1" minCyclomaticComplexity="1" maxCrapScore="2" minCrapScore="2" visitedClasses="0" numClasses="0" visitedMethods="0" numMethods="1" />
              <MetadataToken>100663364</MetadataToken>
              <Name>System.Reflection.Assembly NewReflectionExtensions::GetAssembly(System.Type)</Name>
              <FileRef uid="77" />
              <SequencePoints>
                <SequencePoint vc="0" uspid="2039" ordinal="0" offset="0" sl="17" sc="9" el="17" ec="44" bec="0" bev="0" fileid="77" />
              </SequencePoints>
              <BranchPoints />
              <MethodPoint xsi:type="SequencePoint" vc="0" uspid="2039" ordinal="0" offset="0" sl="17" sc="9" el="17" ec="44" bec="0" bev="0" fileid="77" />
            </Method>
            <Method visited="false" cyclomaticComplexity="1" nPathComplexity="0" sequenceCoverage="0" branchCoverage="0" crapScore="2" isConstructor="false" isStatic="true" isGetter="false" isSetter="false">
              <Summary numSequencePoints="1" visitedSequencePoints="0" numBranchPoints="1" visitedBranchPoints="0" sequenceCoverage="0" branchCoverage="0" maxCyclomaticComplexity="1" minCyclomaticComplexity="1" maxCrapScore="2" minCrapScore="2" visitedClasses="0" numClasses="0" visitedMethods="0" numMethods="1" />
              <MetadataToken>100663365</MetadataToken>
              <Name>System.Attribute[] NewReflectionExtensions::GetCustomAttributes(System.Reflection.Assembly)</Name>
              <FileRef uid="77" />
              <SequencePoints>
                <SequencePoint vc="0" uspid="2040" ordinal="0" offset="0" sl="26" sc="9" el="26" ec="68" bec="0" bev="0" fileid="77" />
              </SequencePoints>
              <BranchPoints />
              <MethodPoint xsi:type="SequencePoint" vc="0" uspid="2040" ordinal="0" offset="0" sl="26" sc="9" el="26" ec="68" bec="0" bev="0" fileid="77" />
            </Method>
            <Method visited="false" cyclomaticComplexity="1" nPathComplexity="0" sequenceCoverage="0" branchCoverage="0" crapScore="2" isConstructor="false" isStatic="true" isGetter="false" isSetter="false">
              <Summary numSequencePoints="1" visitedSequencePoints="0" numBranchPoints="1" visitedBranchPoints="0" sequenceCoverage="0" branchCoverage="0" maxCyclomaticComplexity="1" minCyclomaticComplexity="1" maxCrapScore="2" minCrapScore="2" visitedClasses="0" numClasses="0" visitedMethods="0" numMethods="1" />
              <MetadataToken>100663366</MetadataToken>
              <Name>System.Boolean NewReflectionExtensions::IsEnum(System.Type)</Name>
              <FileRef uid="77" />
              <SequencePoints>
                <SequencePoint vc="0" uspid="2041" ordinal="0" offset="0" sl="35" sc="9" el="35" ec="42" bec="0" bev="0" fileid="77" />
              </SequencePoints>
              <BranchPoints />
              <MethodPoint xsi:type="SequencePoint" vc="0" uspid="2041" ordinal="0" offset="0" sl="35" sc="9" el="35" ec="42" bec="0" bev="0" fileid="77" />
            </Method>
            <Method visited="false" cyclomaticComplexity="1" nPathComplexity="0" sequenceCoverage="0" branchCoverage="0" crapScore="2" isConstructor="false" isStatic="true" isGetter="false" isSetter="false">
              <Summary numSequencePoints="6" visitedSequencePoints="0" numBranchPoints="1" visitedBranchPoints="0" sequenceCoverage="0" branchCoverage="0" maxCyclomaticComplexity="1" minCyclomaticComplexity="1" maxCrapScore="2" minCrapScore="2" visitedClasses="0" numClasses="0" visitedMethods="0" numMethods="1" />
              <MetadataToken>100663367</MetadataToken>
              <Name>System.Boolean NewReflectionExtensions::IsFromLocalAssembly(System.Type)</Name>
              <FileRef uid="77" />
              <SequencePoints>
                <SequencePoint vc="0" uspid="2042" ordinal="0" offset="0" sl="41" sc="9" el="41" ec="62" bec="0" bev="0" fileid="77" />
                <SequencePoint vc="0" uspid="2043" ordinal="1" offset="17" sl="48" sc="13" el="48" ec="69" bec="0" bev="0" fileid="77" />
                <SequencePoint vc="0" uspid="2044" ordinal="2" offset="35" sl="50" sc="13" el="50" ec="25" bec="0" bev="0" fileid="77" />
                <SequencePoint vc="0" uspid="2045" ordinal="3" offset="39" sl="52" sc="9" el="52" ec="14" bec="0" bev="0" fileid="77" />
                <SequencePoint vc="0" uspid="2046" ordinal="4" offset="40" sl="54" sc="13" el="54" ec="26" bec="0" bev="0" fileid="77" />
                <SequencePoint vc="0" uspid="2047" ordinal="5" offset="44" sl="56" sc="5" el="56" ec="6" bec="0" bev="0" fileid="77" />
              </SequencePoints>
              <BranchPoints />
              <MethodPoint xsi:type="SequencePoint" vc="0" uspid="2042" ordinal="0" offset="0" sl="41" sc="9" el="41" ec="62" bec="0" bev="0" fileid="77" />
            </Method>
            <Method visited="false" cyclomaticComplexity="1" nPathComplexity="0" sequenceCoverage="0" branchCoverage="0" crapScore="2" isConstructor="false" isStatic="true" isGetter="false" isSetter="false">
              <Summary numSequencePoints="1" visitedSequencePoints="0" numBranchPoints="1" visitedBranchPoints="0" sequenceCoverage="0" branchCoverage="0" maxCyclomaticComplexity="1" minCyclomaticComplexity="1" maxCrapScore="2" minCrapScore="2" visitedClasses="0" numClasses="0" visitedMethods="0" numMethods="1" />
              <MetadataToken>100663368</MetadataToken>
              <Name>System.Boolean NewReflectionExtensions::IsGenericType(System.Type)</Name>
              <FileRef uid="77" />
              <SequencePoints>
                <SequencePoint vc="0" uspid="2048" ordinal="0" offset="0" sl="63" sc="9" el="63" ec="49" bec="0" bev="0" fileid="77" />
              </SequencePoints>
              <BranchPoints />
              <MethodPoint xsi:type="SequencePoint" vc="0" uspid="2048" ordinal="0" offset="0" sl="63" sc="9" el="63" ec="49" bec="0" bev="0" fileid="77" />
            </Method>
            <Method visited="false" cyclomaticComplexity="1" nPathComplexity="0" sequenceCoverage="0" branchCoverage="0" crapScore="2" isConstructor="false" isStatic="true" isGetter="false" isSetter="false">
              <Summary numSequencePoints="1" visitedSequencePoints="0" numBranchPoints="1" visitedBranchPoints="0" sequenceCoverage="0" branchCoverage="0" maxCyclomaticComplexity="1" minCyclomaticComplexity="1" maxCrapScore="2" minCrapScore="2" visitedClasses="0" numClasses="0" visitedMethods="0" numMethods="1" />
              <MetadataToken>100663369</MetadataToken>
              <Name>System.Boolean NewReflectionExtensions::IsGenericTypeDefinition(System.Type)</Name>
              <FileRef uid="77" />
              <SequencePoints>
                <SequencePoint vc="0" uspid="2049" ordinal="0" offset="0" sl="72" sc="9" el="72" ec="59" bec="0" bev="0" fileid="77" />
              </SequencePoints>
              <BranchPoints />
              <MethodPoint xsi:type="SequencePoint" vc="0" uspid="2049" ordinal="0" offset="0" sl="72" sc="9" el="72" ec="59" bec="0" bev="0" fileid="77" />
            </Method>
            <Method visited="false" cyclomaticComplexity="3" nPathComplexity="4" sequenceCoverage="0" branchCoverage="0" crapScore="12" isConstructor="false" isStatic="true" isGetter="false" isSetter="false">
              <Summary numSequencePoints="1" visitedSequencePoints="0" numBranchPoints="5" visitedBranchPoints="0" sequenceCoverage="0" branchCoverage="0" maxCyclomaticComplexity="3" minCyclomaticComplexity="3" maxCrapScore="12" minCrapScore="12" visitedClasses="0" numClasses="0" visitedMethods="0" numMethods="1" />
              <MetadataToken>100663370</MetadataToken>
              <Name>System.Boolean NewReflectionExtensions::IsNullableEnum(System.Type)</Name>
              <FileRef uid="77" />
              <SequencePoints>
                <SequencePoint vc="0" uspid="2050" ordinal="0" offset="0" sl="78" sc="9" el="78" ec="136" bec="3" bev="0" fileid="77" />
              </SequencePoints>
              <BranchPoints>
                <BranchPoint vc="0" uspid="2051" ordinal="0" offset="6" sl="78" path="0" offsetend="8" fileid="77" />
                <BranchPoint vc="0" uspid="2052" ordinal="1" offset="6" sl="78" path="1" offsetend="45" fileid="77" />
                <BranchPoint vc="0" uspid="2053" ordinal="2" offset="29" sl="78" path="0" offsetend="31" fileid="77" />
                <BranchPoint vc="0" uspid="2054" ordinal="3" offset="29" sl="78" path="1" offsetend="45" fileid="77" />
              </BranchPoints>
              <MethodPoint xsi:type="SequencePoint" vc="0" uspid="2050" ordinal="0" offset="0" sl="78" sc="9" el="78" ec="136" bec="3" bev="0" fileid="77" />
            </Method>
            <Method visited="false" cyclomaticComplexity="1" nPathComplexity="0" sequenceCoverage="0" branchCoverage="0" crapScore="2" isConstructor="false" isStatic="true" isGetter="false" isSetter="false">
              <Summary numSequencePoints="1" visitedSequencePoints="0" numBranchPoints="1" visitedBranchPoints="0" sequenceCoverage="0" branchCoverage="0" maxCyclomaticComplexity="1" minCyclomaticComplexity="1" maxCrapScore="2" minCrapScore="2" visitedClasses="0" numClasses="0" visitedMethods="0" numMethods="1" />
              <MetadataToken>100663371</MetadataToken>
              <Name>System.Boolean NewReflectionExtensions::IsValueType(System.Type)</Name>
              <FileRef uid="77" />
              <SequencePoints>
                <SequencePoint vc="0" uspid="2055" ordinal="0" offset="0" sl="86" sc="9" el="86" ec="47" bec="0" bev="0" fileid="77" />
              </SequencePoints>
              <BranchPoints />
              <MethodPoint xsi:type="SequencePoint" vc="0" uspid="2055" ordinal="0" offset="0" sl="86" sc="9" el="86" ec="47" bec="0" bev="0" fileid="77" />
            </Method>
            <Method visited="false" cyclomaticComplexity="3" nPathComplexity="4" sequenceCoverage="0" branchCoverage="0" crapScore="12" isConstructor="false" isStatic="true" isGetter="false" isSetter="false">
              <Summary numSequencePoints="5" visitedSequencePoints="0" numBranchPoints="5" visitedBranchPoints="0" sequenceCoverage="0" branchCoverage="0" maxCyclomaticComplexity="3" minCyclomaticComplexity="3" maxCrapScore="12" minCrapScore="12" visitedClasses="0" numClasses="0" visitedMethods="0" numMethods="1" />
              <MetadataToken>100663372</MetadataToken>
              <Name>System.Type NewReflectionExtensions::UnwrapNullable(System.Type)</Name>
              <FileRef uid="77" />
              <SequencePoints>
                <SequencePoint vc="0" uspid="2056" ordinal="0" offset="0" sl="92" sc="9" el="92" ec="35" bec="2" bev="0" fileid="77" />
                <SequencePoint vc="0" uspid="2057" ordinal="1" offset="8" sl="93" sc="13" el="93" ec="25" bec="0" bev="0" fileid="77" />
                <SequencePoint vc="0" uspid="2058" ordinal="2" offset="10" sl="94" sc="9" el="94" ec="67" bec="2" bev="0" fileid="77" />
                <SequencePoint vc="0" uspid="2059" ordinal="3" offset="33" sl="95" sc="13" el="95" ec="25" bec="0" bev="0" fileid="77" />
                <SequencePoint vc="0" uspid="2060" ordinal="4" offset="35" sl="96" sc="9" el="96" ec="46" bec="0" bev="0" fileid="77" />
              </SequencePoints>
              <BranchPoints>
                <BranchPoint vc="0" uspid="2061" ordinal="0" offset="6" sl="92" path="0" offsetend="8" fileid="77" />
                <BranchPoint vc="0" uspid="2062" ordinal="1" offset="6" sl="92" path="1" offsetend="10" fileid="77" />
                <BranchPoint vc="0" uspid="2063" ordinal="2" offset="31" sl="94" path="0" offsetend="33" fileid="77" />
                <BranchPoint vc="0" uspid="2064" ordinal="3" offset="31" sl="94" path="1" offsetend="35" fileid="77" />
              </BranchPoints>
              <MethodPoint xsi:type="SequencePoint" vc="0" uspid="2056" ordinal="0" offset="0" sl="92" sc="9" el="92" ec="35" bec="2" bev="0" fileid="77" />
            </Method>
            <Method visited="false" cyclomaticComplexity="1" nPathComplexity="0" sequenceCoverage="0" branchCoverage="0" crapScore="2" isConstructor="false" isStatic="true" isGetter="false" isSetter="false">
              <Summary numSequencePoints="1" visitedSequencePoints="0" numBranchPoints="1" visitedBranchPoints="0" sequenceCoverage="0" branchCoverage="0" maxCyclomaticComplexity="1" minCyclomaticComplexity="1" maxCrapScore="2" minCrapScore="2" visitedClasses="0" numClasses="0" visitedMethods="0" numMethods="1" />
              <MetadataToken>100663373</MetadataToken>
              <Name>System.Type[] NewReflectionExtensions::GetGenericArguments(System.Type)</Name>
              <FileRef uid="77" />
              <SequencePoints>
                <SequencePoint vc="0" uspid="2065" ordinal="0" offset="0" sl="104" sc="9" el="104" ec="56" bec="0" bev="0" fileid="77" />
              </SequencePoints>
              <BranchPoints />
              <MethodPoint xsi:type="SequencePoint" vc="0" uspid="2065" ordinal="0" offset="0" sl="104" sc="9" el="104" ec="56" bec="0" bev="0" fileid="77" />
            </Method>
            <Method visited="false" cyclomaticComplexity="1" nPathComplexity="0" sequenceCoverage="0" branchCoverage="0" crapScore="2" isConstructor="false" isStatic="true" isGetter="false" isSetter="false">
              <Summary numSequencePoints="1" visitedSequencePoints="0" numBranchPoints="1" visitedBranchPoints="0" sequenceCoverage="0" branchCoverage="0" maxCyclomaticComplexity="1" minCyclomaticComplexity="1" maxCrapScore="2" minCrapScore="2" visitedClasses="0" numClasses="0" visitedMethods="0" numMethods="1" />
              <MetadataToken>100663374</MetadataToken>
              <Name>System.Type[] NewReflectionExtensions::GetInterfaces(System.Type)</Name>
              <FileRef uid="77" />
              <SequencePoints>
                <SequencePoint vc="0" uspid="2066" ordinal="0" offset="0" sl="109" sc="9" el="109" ec="67" bec="0" bev="0" fileid="77" />
              </SequencePoints>
              <BranchPoints />
              <MethodPoint xsi:type="SequencePoint" vc="0" uspid="2066" ordinal="0" offset="0" sl="109" sc="9" el="109" ec="67" bec="0" bev="0" fileid="77" />
            </Method>
            <Method visited="false" cyclomaticComplexity="1" nPathComplexity="0" sequenceCoverage="0" branchCoverage="0" crapScore="2" isConstructor="false" isStatic="true" isGetter="false" isSetter="false">
              <Summary numSequencePoints="1" visitedSequencePoints="0" numBranchPoints="1" visitedBranchPoints="0" sequenceCoverage="0" branchCoverage="0" maxCyclomaticComplexity="1" minCyclomaticComplexity="1" maxCrapScore="2" minCrapScore="2" visitedClasses="0" numClasses="0" visitedMethods="0" numMethods="1" />
              <MetadataToken>100663375</MetadataToken>
              <Name>System.Boolean NewReflectionExtensions::IsAssignableFrom(System.Type,System.Type)</Name>
              <FileRef uid="77" />
              <SequencePoints>
                <SequencePoint vc="0" uspid="2067" ordinal="0" offset="0" sl="114" sc="9" el="114" ec="77" bec="0" bev="0" fileid="77" />
              </SequencePoints>
              <BranchPoints />
              <MethodPoint xsi:type="SequencePoint" vc="0" uspid="2067" ordinal="0" offset="0" sl="114" sc="9" el="114" ec="77" bec="0" bev="0" fileid="77" />
            </Method>
          </Methods>
        </Class>
        <Class>
          <Summary numSequencePoints="0" visitedSequencePoints="0" numBranchPoints="0" visitedBranchPoints="0" sequenceCoverage="0" branchCoverage="0" maxCyclomaticComplexity="0" minCyclomaticComplexity="0" maxCrapScore="0" minCrapScore="0" visitedClasses="0" numClasses="0" visitedMethods="0" numMethods="0" />
          <FullName>TestOptionsNames</FullName>
          <Methods />
        </Class>
        <Class>
          <Summary numSequencePoints="5" visitedSequencePoints="0" numBranchPoints="1" visitedBranchPoints="0" sequenceCoverage="0" branchCoverage="0" maxCyclomaticComplexity="1" minCyclomaticComplexity="1" maxCrapScore="2" minCrapScore="2" visitedClasses="0" numClasses="1" visitedMethods="0" numMethods="1" />
          <FullName>TestOptionsNames/Discovery</FullName>
          <Methods>
            <Method visited="false" cyclomaticComplexity="1" nPathComplexity="0" sequenceCoverage="0" branchCoverage="0" crapScore="2" isConstructor="true" isStatic="true" isGetter="false" isSetter="false">
              <Summary numSequencePoints="5" visitedSequencePoints="0" numBranchPoints="1" visitedBranchPoints="0" sequenceCoverage="0" branchCoverage="0" maxCyclomaticComplexity="1" minCyclomaticComplexity="1" maxCrapScore="2" minCrapScore="2" visitedClasses="0" numClasses="0" visitedMethods="0" numMethods="1" />
              <MetadataToken>100664848</MetadataToken>
              <Name>System.Void TestOptionsNames/Discovery::.cctor()</Name>
              <FileRef uid="78" />
              <SequencePoints>
                <SequencePoint vc="0" uspid="2068" ordinal="0" offset="0" sl="5" sc="9" el="5" ec="97" bec="0" bev="0" fileid="78" />
                <SequencePoint vc="0" uspid="2069" ordinal="1" offset="10" sl="6" sc="9" el="6" ec="113" bec="0" bev="0" fileid="78" />
                <SequencePoint vc="0" uspid="2070" ordinal="2" offset="20" sl="7" sc="9" el="7" ec="87" bec="0" bev="0" fileid="78" />
                <SequencePoint vc="0" uspid="2071" ordinal="3" offset="30" sl="8" sc="9" el="8" ec="101" bec="0" bev="0" fileid="78" />
                <SequencePoint vc="0" uspid="2072" ordinal="4" offset="40" sl="9" sc="9" el="9" ec="115" bec="0" bev="0" fileid="78" />
              </SequencePoints>
              <BranchPoints />
              <MethodPoint xsi:type="SequencePoint" vc="0" uspid="2068" ordinal="0" offset="0" sl="5" sc="9" el="5" ec="97" bec="0" bev="0" fileid="78" />
            </Method>
          </Methods>
        </Class>
        <Class>
          <Summary numSequencePoints="6" visitedSequencePoints="0" numBranchPoints="1" visitedBranchPoints="0" sequenceCoverage="0" branchCoverage="0" maxCyclomaticComplexity="1" minCyclomaticComplexity="1" maxCrapScore="2" minCrapScore="2" visitedClasses="0" numClasses="1" visitedMethods="0" numMethods="1" />
          <FullName>TestOptionsNames/Execution</FullName>
          <Methods>
            <Method visited="false" cyclomaticComplexity="1" nPathComplexity="0" sequenceCoverage="0" branchCoverage="0" crapScore="2" isConstructor="true" isStatic="true" isGetter="false" isSetter="false">
              <Summary numSequencePoints="6" visitedSequencePoints="0" numBranchPoints="1" visitedBranchPoints="0" sequenceCoverage="0" branchCoverage="0" maxCyclomaticComplexity="1" minCyclomaticComplexity="1" maxCrapScore="2" minCrapScore="2" visitedClasses="0" numClasses="0" visitedMethods="0" numMethods="1" />
              <MetadataToken>100664849</MetadataToken>
              <Name>System.Void TestOptionsNames/Execution::.cctor()</Name>
              <FileRef uid="78" />
              <SequencePoints>
                <SequencePoint vc="0" uspid="2073" ordinal="0" offset="0" sl="14" sc="9" el="14" ec="97" bec="0" bev="0" fileid="78" />
                <SequencePoint vc="0" uspid="2074" ordinal="1" offset="10" sl="15" sc="9" el="15" ec="81" bec="0" bev="0" fileid="78" />
                <SequencePoint vc="0" uspid="2075" ordinal="2" offset="20" sl="16" sc="9" el="16" ec="113" bec="0" bev="0" fileid="78" />
                <SequencePoint vc="0" uspid="2076" ordinal="3" offset="30" sl="17" sc="9" el="17" ec="105" bec="0" bev="0" fileid="78" />
                <SequencePoint vc="0" uspid="2077" ordinal="4" offset="40" sl="18" sc="9" el="18" ec="97" bec="0" bev="0" fileid="78" />
                <SequencePoint vc="0" uspid="2078" ordinal="5" offset="50" sl="19" sc="9" el="19" ec="115" bec="0" bev="0" fileid="78" />
              </SequencePoints>
              <BranchPoints />
              <MethodPoint xsi:type="SequencePoint" vc="0" uspid="2073" ordinal="0" offset="0" sl="14" sc="9" el="14" ec="97" bec="0" bev="0" fileid="78" />
            </Method>
          </Methods>
        </Class>
        <Class>
          <Summary numSequencePoints="10" visitedSequencePoints="0" numBranchPoints="12" visitedBranchPoints="0" sequenceCoverage="0" branchCoverage="0" maxCyclomaticComplexity="2" minCyclomaticComplexity="1" maxCrapScore="6" minCrapScore="2" visitedClasses="0" numClasses="1" visitedMethods="0" numMethods="6" />
          <FullName>System.Collections.Generic.CollectionExtensions</FullName>
          <Methods>
            <Method visited="false" cyclomaticComplexity="1" nPathComplexity="0" sequenceCoverage="0" branchCoverage="0" crapScore="2" isConstructor="false" isStatic="true" isGetter="false" isSetter="false">
              <Summary numSequencePoints="1" visitedSequencePoints="0" numBranchPoints="1" visitedBranchPoints="0" sequenceCoverage="0" branchCoverage="0" maxCyclomaticComplexity="1" minCyclomaticComplexity="1" maxCrapScore="2" minCrapScore="2" visitedClasses="0" numClasses="0" visitedMethods="0" numMethods="1" />
              <MetadataToken>100663376</MetadataToken>
              <Name>Internal.Microsoft.Extensions.DependencyModel.RuntimeAssetGroup System.Collections.Generic.CollectionExtensions::GetDefaultGroup(System.Collections.Generic.IEnumerable`1&lt;Internal.Microsoft.Extensions.DependencyModel.RuntimeAssetGroup&gt;)</Name>
              <FileRef uid="80" />
              <SequencePoints>
                <SequencePoint vc="0" uspid="2079" ordinal="0" offset="0" sl="10" sc="102" el="10" ec="130" bec="0" bev="0" fileid="80" />
              </SequencePoints>
              <BranchPoints />
              <MethodPoint xsi:type="SequencePoint" vc="0" uspid="2079" ordinal="0" offset="0" sl="10" sc="102" el="10" ec="130" bec="0" bev="0" fileid="80" />
            </Method>
            <Method visited="false" cyclomaticComplexity="2" nPathComplexity="2" sequenceCoverage="0" branchCoverage="0" crapScore="6" isConstructor="false" isStatic="true" isGetter="false" isSetter="false">
              <Summary numSequencePoints="3" visitedSequencePoints="0" numBranchPoints="3" visitedBranchPoints="0" sequenceCoverage="0" branchCoverage="0" maxCyclomaticComplexity="2" minCyclomaticComplexity="2" maxCrapScore="6" minCrapScore="6" visitedClasses="0" numClasses="0" visitedMethods="0" numMethods="1" />
              <MetadataToken>100663377</MetadataToken>
              <Name>Internal.Microsoft.Extensions.DependencyModel.RuntimeAssetGroup System.Collections.Generic.CollectionExtensions::GetRuntimeGroup(System.Collections.Generic.IEnumerable`1&lt;Internal.Microsoft.Extensions.DependencyModel.RuntimeAssetGroup&gt;,System.String)</Name>
              <FileRef uid="80" />
              <SequencePoints>
                <SequencePoint vc="0" uspid="2080" ordinal="0" offset="0" sl="13" sc="13" el="13" ec="46" bec="2" bev="0" fileid="80" />
                <SequencePoint vc="0" uspid="2081" ordinal="1" offset="8" sl="15" sc="17" el="15" ec="66" bec="0" bev="0" fileid="80" />
                <SequencePoint vc="0" uspid="2082" ordinal="2" offset="19" sl="17" sc="13" el="17" ec="44" bec="0" bev="0" fileid="80" />
              </SequencePoints>
              <BranchPoints>
                <BranchPoint vc="0" uspid="2083" ordinal="0" offset="6" sl="13" path="0" offsetend="8" fileid="80" />
                <BranchPoint vc="0" uspid="2084" ordinal="1" offset="6" sl="13" path="1" offsetend="19" fileid="80" />
              </BranchPoints>
              <MethodPoint xsi:type="SequencePoint" vc="0" uspid="2080" ordinal="0" offset="0" sl="13" sc="13" el="13" ec="46" bec="2" bev="0" fileid="80" />
            </Method>
            <Method visited="false" cyclomaticComplexity="1" nPathComplexity="0" sequenceCoverage="0" branchCoverage="0" crapScore="2" isConstructor="false" isStatic="true" isGetter="false" isSetter="false">
              <Summary numSequencePoints="1" visitedSequencePoints="0" numBranchPoints="1" visitedBranchPoints="0" sequenceCoverage="0" branchCoverage="0" maxCyclomaticComplexity="1" minCyclomaticComplexity="1" maxCrapScore="2" minCrapScore="2" visitedClasses="0" numClasses="0" visitedMethods="0" numMethods="1" />
              <MetadataToken>100663378</MetadataToken>
              <Name>Internal.Microsoft.Extensions.DependencyModel.RuntimeAssetGroup System.Collections.Generic.CollectionExtensions::GetGroup(System.Collections.Generic.IEnumerable`1&lt;Internal.Microsoft.Extensions.DependencyModel.RuntimeAssetGroup&gt;,System.String)</Name>
              <FileRef uid="80" />
              <SequencePoints>
                <SequencePoint vc="0" uspid="2085" ordinal="0" offset="13" sl="22" sc="13" el="22" ec="69" bec="0" bev="0" fileid="80" />
              </SequencePoints>
              <BranchPoints />
              <MethodPoint vc="0" uspid="2086" ordinal="0" offset="0" />
            </Method>
            <Method visited="false" cyclomaticComplexity="1" nPathComplexity="0" sequenceCoverage="0" branchCoverage="0" crapScore="2" isConstructor="false" isStatic="true" isGetter="false" isSetter="false">
              <Summary numSequencePoints="1" visitedSequencePoints="0" numBranchPoints="1" visitedBranchPoints="0" sequenceCoverage="0" branchCoverage="0" maxCyclomaticComplexity="1" minCyclomaticComplexity="1" maxCrapScore="2" minCrapScore="2" visitedClasses="0" numClasses="0" visitedMethods="0" numMethods="1" />
              <MetadataToken>100663379</MetadataToken>
              <Name>System.Collections.Generic.IEnumerable`1&lt;System.String&gt; System.Collections.Generic.CollectionExtensions::GetDefaultAssets(System.Collections.Generic.IEnumerable`1&lt;Internal.Microsoft.Extensions.DependencyModel.RuntimeAssetGroup&gt;)</Name>
              <FileRef uid="80" />
              <SequencePoints>
                <SequencePoint vc="0" uspid="2087" ordinal="0" offset="0" sl="25" sc="105" el="25" ec="134" bec="0" bev="0" fileid="80" />
              </SequencePoints>
              <BranchPoints />
              <MethodPoint xsi:type="SequencePoint" vc="0" uspid="2087" ordinal="0" offset="0" sl="25" sc="105" el="25" ec="134" bec="0" bev="0" fileid="80" />
            </Method>
            <Method visited="false" cyclomaticComplexity="2" nPathComplexity="2" sequenceCoverage="0" branchCoverage="0" crapScore="6" isConstructor="false" isStatic="true" isGetter="false" isSetter="false">
              <Summary numSequencePoints="3" visitedSequencePoints="0" numBranchPoints="3" visitedBranchPoints="0" sequenceCoverage="0" branchCoverage="0" maxCyclomaticComplexity="2" minCyclomaticComplexity="2" maxCrapScore="6" minCrapScore="6" visitedClasses="0" numClasses="0" visitedMethods="0" numMethods="1" />
              <MetadataToken>100663380</MetadataToken>
              <Name>System.Collections.Generic.IEnumerable`1&lt;System.String&gt; System.Collections.Generic.CollectionExtensions::GetRuntimeAssets(System.Collections.Generic.IEnumerable`1&lt;Internal.Microsoft.Extensions.DependencyModel.RuntimeAssetGroup&gt;,System.String)</Name>
              <FileRef uid="80" />
              <SequencePoints>
                <SequencePoint vc="0" uspid="2088" ordinal="0" offset="0" sl="28" sc="13" el="28" ec="46" bec="2" bev="0" fileid="80" />
                <SequencePoint vc="0" uspid="2089" ordinal="1" offset="8" sl="30" sc="17" el="30" ec="66" bec="0" bev="0" fileid="80" />
                <SequencePoint vc="0" uspid="2090" ordinal="2" offset="19" sl="32" sc="13" el="32" ec="45" bec="0" bev="0" fileid="80" />
              </SequencePoints>
              <BranchPoints>
                <BranchPoint vc="0" uspid="2091" ordinal="0" offset="6" sl="28" path="0" offsetend="8" fileid="80" />
                <BranchPoint vc="0" uspid="2092" ordinal="1" offset="6" sl="28" path="1" offsetend="19" fileid="80" />
              </BranchPoints>
              <MethodPoint xsi:type="SequencePoint" vc="0" uspid="2088" ordinal="0" offset="0" sl="28" sc="13" el="28" ec="46" bec="2" bev="0" fileid="80" />
            </Method>
            <Method visited="false" cyclomaticComplexity="2" nPathComplexity="2" sequenceCoverage="0" branchCoverage="0" crapScore="6" isConstructor="false" isStatic="true" isGetter="false" isSetter="false">
              <Summary numSequencePoints="1" visitedSequencePoints="0" numBranchPoints="3" visitedBranchPoints="0" sequenceCoverage="0" branchCoverage="0" maxCyclomaticComplexity="2" minCyclomaticComplexity="2" maxCrapScore="6" minCrapScore="6" visitedClasses="0" numClasses="0" visitedMethods="0" numMethods="1" />
              <MetadataToken>100663381</MetadataToken>
              <Name>System.Collections.Generic.IEnumerable`1&lt;System.String&gt; System.Collections.Generic.CollectionExtensions::GetAssets(System.Collections.Generic.IEnumerable`1&lt;Internal.Microsoft.Extensions.DependencyModel.RuntimeAssetGroup&gt;,System.String)</Name>
              <FileRef uid="80" />
              <SequencePoints>
                <SequencePoint vc="0" uspid="2093" ordinal="0" offset="13" sl="37" sc="13" el="39" ec="48" bec="2" bev="0" fileid="80" />
              </SequencePoints>
              <BranchPoints>
                <BranchPoint vc="0" uspid="2094" ordinal="0" offset="37" sl="37" path="0" offsetend="39" fileid="80" />
                <BranchPoint vc="0" uspid="2095" ordinal="1" offset="37" sl="37" path="1" offsetend="62" fileid="80" />
              </BranchPoints>
              <MethodPoint vc="0" uspid="2096" ordinal="0" offset="0" />
            </Method>
          </Methods>
        </Class>
        <Class>
          <Summary numSequencePoints="1" visitedSequencePoints="0" numBranchPoints="1" visitedBranchPoints="0" sequenceCoverage="0" branchCoverage="0" maxCyclomaticComplexity="1" minCyclomaticComplexity="1" maxCrapScore="2" minCrapScore="2" visitedClasses="0" numClasses="1" visitedMethods="0" numMethods="1" />
          <FullName>System.Collections.Generic.CollectionExtensions/&lt;&gt;c__DisplayClass2_0</FullName>
          <Methods>
            <Method visited="false" cyclomaticComplexity="1" nPathComplexity="0" sequenceCoverage="0" branchCoverage="0" crapScore="2" isConstructor="true" isStatic="false" isGetter="false" isSetter="false">
              <Summary numSequencePoints="0" visitedSequencePoints="0" numBranchPoints="0" visitedBranchPoints="0" sequenceCoverage="0" branchCoverage="0" maxCyclomaticComplexity="1" minCyclomaticComplexity="1" maxCrapScore="2" minCrapScore="2" visitedClasses="0" numClasses="0" visitedMethods="0" numMethods="0" />
              <MetadataToken>100664850</MetadataToken>
              <Name>System.Void System.Collections.Generic.CollectionExtensions/&lt;&gt;c__DisplayClass2_0::.ctor()</Name>
              <SequencePoints />
              <BranchPoints />
              <MethodPoint vc="0" uspid="2097" ordinal="0" offset="0" />
            </Method>
            <Method visited="false" cyclomaticComplexity="1" nPathComplexity="0" sequenceCoverage="0" branchCoverage="0" crapScore="2" isConstructor="false" isStatic="false" isGetter="false" isSetter="false">
              <Summary numSequencePoints="1" visitedSequencePoints="0" numBranchPoints="1" visitedBranchPoints="0" sequenceCoverage="0" branchCoverage="0" maxCyclomaticComplexity="1" minCyclomaticComplexity="1" maxCrapScore="2" minCrapScore="2" visitedClasses="0" numClasses="0" visitedMethods="0" numMethods="1" />
              <MetadataToken>100664851</MetadataToken>
              <Name>System.Boolean System.Collections.Generic.CollectionExtensions/&lt;&gt;c__DisplayClass2_0::&lt;GetGroup&gt;b__0(Internal.Microsoft.Extensions.DependencyModel.RuntimeAssetGroup)</Name>
              <FileRef uid="80" />
              <SequencePoints>
                <SequencePoint vc="0" uspid="2098" ordinal="0" offset="0" sl="22" sc="47" el="22" ec="67" bec="0" bev="0" fileid="80" />
              </SequencePoints>
              <BranchPoints />
              <MethodPoint xsi:type="SequencePoint" vc="0" uspid="2098" ordinal="0" offset="0" sl="22" sc="47" el="22" ec="67" bec="0" bev="0" fileid="80" />
            </Method>
          </Methods>
        </Class>
        <Class>
          <Summary numSequencePoints="1" visitedSequencePoints="0" numBranchPoints="1" visitedBranchPoints="0" sequenceCoverage="0" branchCoverage="0" maxCyclomaticComplexity="1" minCyclomaticComplexity="1" maxCrapScore="2" minCrapScore="2" visitedClasses="0" numClasses="1" visitedMethods="0" numMethods="1" />
          <FullName>System.Collections.Generic.CollectionExtensions/&lt;&gt;c__DisplayClass5_0</FullName>
          <Methods>
            <Method visited="false" cyclomaticComplexity="1" nPathComplexity="0" sequenceCoverage="0" branchCoverage="0" crapScore="2" isConstructor="true" isStatic="false" isGetter="false" isSetter="false">
              <Summary numSequencePoints="0" visitedSequencePoints="0" numBranchPoints="0" visitedBranchPoints="0" sequenceCoverage="0" branchCoverage="0" maxCyclomaticComplexity="1" minCyclomaticComplexity="1" maxCrapScore="2" minCrapScore="2" visitedClasses="0" numClasses="0" visitedMethods="0" numMethods="0" />
              <MetadataToken>100664852</MetadataToken>
              <Name>System.Void System.Collections.Generic.CollectionExtensions/&lt;&gt;c__DisplayClass5_0::.ctor()</Name>
              <SequencePoints />
              <BranchPoints />
              <MethodPoint vc="0" uspid="2099" ordinal="0" offset="0" />
            </Method>
            <Method visited="false" cyclomaticComplexity="1" nPathComplexity="0" sequenceCoverage="0" branchCoverage="0" crapScore="2" isConstructor="false" isStatic="false" isGetter="false" isSetter="false">
              <Summary numSequencePoints="1" visitedSequencePoints="0" numBranchPoints="1" visitedBranchPoints="0" sequenceCoverage="0" branchCoverage="0" maxCyclomaticComplexity="1" minCyclomaticComplexity="1" maxCrapScore="2" minCrapScore="2" visitedClasses="0" numClasses="0" visitedMethods="0" numMethods="1" />
              <MetadataToken>100664853</MetadataToken>
              <Name>System.Boolean System.Collections.Generic.CollectionExtensions/&lt;&gt;c__DisplayClass5_0::&lt;GetAssets&gt;b__0(Internal.Microsoft.Extensions.DependencyModel.RuntimeAssetGroup)</Name>
              <FileRef uid="80" />
              <SequencePoints>
                <SequencePoint vc="0" uspid="2100" ordinal="0" offset="0" sl="38" sc="29" el="38" ec="88" bec="0" bev="0" fileid="80" />
              </SequencePoints>
              <BranchPoints />
              <MethodPoint xsi:type="SequencePoint" vc="0" uspid="2100" ordinal="0" offset="0" sl="38" sc="29" el="38" ec="88" bec="0" bev="0" fileid="80" />
            </Method>
          </Methods>
        </Class>
        <Class>
          <Summary numSequencePoints="1" visitedSequencePoints="0" numBranchPoints="1" visitedBranchPoints="0" sequenceCoverage="0" branchCoverage="0" maxCyclomaticComplexity="1" minCyclomaticComplexity="1" maxCrapScore="2" minCrapScore="2" visitedClasses="0" numClasses="1" visitedMethods="0" numMethods="1" />
          <FullName>System.Collections.Generic.CollectionExtensions/&lt;&gt;c</FullName>
          <Methods>
            <Method visited="false" cyclomaticComplexity="1" nPathComplexity="0" sequenceCoverage="0" branchCoverage="0" crapScore="2" isConstructor="true" isStatic="true" isGetter="false" isSetter="false">
              <Summary numSequencePoints="0" visitedSequencePoints="0" numBranchPoints="0" visitedBranchPoints="0" sequenceCoverage="0" branchCoverage="0" maxCyclomaticComplexity="1" minCyclomaticComplexity="1" maxCrapScore="2" minCrapScore="2" visitedClasses="0" numClasses="0" visitedMethods="0" numMethods="0" />
              <MetadataToken>100664854</MetadataToken>
              <Name>System.Void System.Collections.Generic.CollectionExtensions/&lt;&gt;c::.cctor()</Name>
              <SequencePoints />
              <BranchPoints />
              <MethodPoint vc="0" uspid="2101" ordinal="0" offset="0" />
            </Method>
            <Method visited="false" cyclomaticComplexity="1" nPathComplexity="0" sequenceCoverage="0" branchCoverage="0" crapScore="2" isConstructor="true" isStatic="false" isGetter="false" isSetter="false">
              <Summary numSequencePoints="0" visitedSequencePoints="0" numBranchPoints="0" visitedBranchPoints="0" sequenceCoverage="0" branchCoverage="0" maxCyclomaticComplexity="1" minCyclomaticComplexity="1" maxCrapScore="2" minCrapScore="2" visitedClasses="0" numClasses="0" visitedMethods="0" numMethods="0" />
              <MetadataToken>100664855</MetadataToken>
              <Name>System.Void System.Collections.Generic.CollectionExtensions/&lt;&gt;c::.ctor()</Name>
              <SequencePoints />
              <BranchPoints />
              <MethodPoint vc="0" uspid="2102" ordinal="0" offset="0" />
            </Method>
            <Method visited="false" cyclomaticComplexity="1" nPathComplexity="0" sequenceCoverage="0" branchCoverage="0" crapScore="2" isConstructor="false" isStatic="false" isGetter="false" isSetter="false">
              <Summary numSequencePoints="1" visitedSequencePoints="0" numBranchPoints="1" visitedBranchPoints="0" sequenceCoverage="0" branchCoverage="0" maxCyclomaticComplexity="1" minCyclomaticComplexity="1" maxCrapScore="2" minCrapScore="2" visitedClasses="0" numClasses="0" visitedMethods="0" numMethods="1" />
              <MetadataToken>100664856</MetadataToken>
              <Name>System.Collections.Generic.IEnumerable`1&lt;System.String&gt; System.Collections.Generic.CollectionExtensions/&lt;&gt;c::&lt;GetAssets&gt;b__5_1(Internal.Microsoft.Extensions.DependencyModel.RuntimeAssetGroup)</Name>
              <FileRef uid="80" />
              <SequencePoints>
                <SequencePoint vc="0" uspid="2103" ordinal="0" offset="0" sl="39" sc="34" el="39" ec="46" bec="0" bev="0" fileid="80" />
              </SequencePoints>
              <BranchPoints />
              <MethodPoint xsi:type="SequencePoint" vc="0" uspid="2103" ordinal="0" offset="0" sl="39" sc="34" el="39" ec="46" bec="0" bev="0" fileid="80" />
            </Method>
          </Methods>
        </Class>
        <Class>
          <Summary numSequencePoints="23" visitedSequencePoints="0" numBranchPoints="18" visitedBranchPoints="0" sequenceCoverage="0" branchCoverage="0" maxCyclomaticComplexity="5" minCyclomaticComplexity="1" maxCrapScore="30" minCrapScore="2" visitedClasses="0" numClasses="1" visitedMethods="0" numMethods="8" />
          <FullName>Internal.Microsoft.Extensions.DependencyModel.CompilationLibrary</FullName>
          <Methods>
            <Method visited="false" cyclomaticComplexity="1" nPathComplexity="0" sequenceCoverage="0" branchCoverage="0" crapScore="2" isConstructor="false" isStatic="false" isGetter="true" isSetter="false">
              <Summary numSequencePoints="1" visitedSequencePoints="0" numBranchPoints="1" visitedBranchPoints="0" sequenceCoverage="0" branchCoverage="0" maxCyclomaticComplexity="1" minCyclomaticComplexity="1" maxCrapScore="2" minCrapScore="2" visitedClasses="0" numClasses="0" visitedMethods="0" numMethods="1" />
              <MetadataToken>100663384</MetadataToken>
              <Name>System.Collections.Generic.IReadOnlyList`1&lt;System.String&gt; Internal.Microsoft.Extensions.DependencyModel.CompilationLibrary::get_Assemblies()</Name>
              <FileRef uid="84" />
              <SequencePoints>
                <SequencePoint vc="0" uspid="2104" ordinal="0" offset="0" sl="44" sc="51" el="44" ec="55" bec="0" bev="0" fileid="84" />
              </SequencePoints>
              <BranchPoints />
              <MethodPoint xsi:type="SequencePoint" vc="0" uspid="2104" ordinal="0" offset="0" sl="44" sc="51" el="44" ec="55" bec="0" bev="0" fileid="84" />
            </Method>
            <Method visited="false" cyclomaticComplexity="1" nPathComplexity="0" sequenceCoverage="0" branchCoverage="0" crapScore="2" isConstructor="false" isStatic="true" isGetter="true" isSetter="false">
              <Summary numSequencePoints="1" visitedSequencePoints="0" numBranchPoints="1" visitedBranchPoints="0" sequenceCoverage="0" branchCoverage="0" maxCyclomaticComplexity="1" minCyclomaticComplexity="1" maxCrapScore="2" minCrapScore="2" visitedClasses="0" numClasses="0" visitedMethods="0" numMethods="1" />
              <MetadataToken>100663385</MetadataToken>
              <Name>Internal.Microsoft.Extensions.DependencyModel.Resolution.ICompilationAssemblyResolver Internal.Microsoft.Extensions.DependencyModel.CompilationLibrary::get_DefaultResolver()</Name>
              <FileRef uid="84" />
              <SequencePoints>
                <SequencePoint vc="0" uspid="2105" ordinal="0" offset="0" sl="46" sc="72" el="46" ec="76" bec="0" bev="0" fileid="84" />
              </SequencePoints>
              <BranchPoints />
              <MethodPoint xsi:type="SequencePoint" vc="0" uspid="2105" ordinal="0" offset="0" sl="46" sc="72" el="46" ec="76" bec="0" bev="0" fileid="84" />
            </Method>
            <Method visited="false" cyclomaticComplexity="1" nPathComplexity="0" sequenceCoverage="0" branchCoverage="0" crapScore="2" isConstructor="true" isStatic="false" isGetter="false" isSetter="false">
              <Summary numSequencePoints="2" visitedSequencePoints="0" numBranchPoints="1" visitedBranchPoints="0" sequenceCoverage="0" branchCoverage="0" maxCyclomaticComplexity="1" minCyclomaticComplexity="1" maxCrapScore="2" minCrapScore="2" visitedClasses="0" numClasses="0" visitedMethods="0" numMethods="1" />
              <MetadataToken>100663382</MetadataToken>
              <Name>System.Void Internal.Microsoft.Extensions.DependencyModel.CompilationLibrary::.ctor(System.String,System.String,System.String,System.String,System.Collections.Generic.IEnumerable`1&lt;System.String&gt;,System.Collections.Generic.IEnumerable`1&lt;Internal.Microsoft.Extensions.DependencyModel.Dependency&gt;,System.Boolean)</Name>
              <FileRef uid="84" />
              <SequencePoints>
                <SequencePoint vc="0" uspid="2106" ordinal="0" offset="0" sl="22" sc="15" el="22" ec="113" bec="0" bev="0" fileid="84" />
                <SequencePoint vc="0" uspid="2107" ordinal="1" offset="19" sl="24" sc="9" el="24" ec="10" bec="0" bev="0" fileid="84" />
              </SequencePoints>
              <BranchPoints />
              <MethodPoint xsi:type="SequencePoint" vc="0" uspid="2106" ordinal="0" offset="0" sl="22" sc="15" el="22" ec="113" bec="0" bev="0" fileid="84" />
            </Method>
            <Method visited="false" cyclomaticComplexity="2" nPathComplexity="2" sequenceCoverage="0" branchCoverage="0" crapScore="6" isConstructor="true" isStatic="false" isGetter="false" isSetter="false">
              <Summary numSequencePoints="5" visitedSequencePoints="0" numBranchPoints="3" visitedBranchPoints="0" sequenceCoverage="0" branchCoverage="0" maxCyclomaticComplexity="2" minCyclomaticComplexity="2" maxCrapScore="6" minCrapScore="6" visitedClasses="0" numClasses="0" visitedMethods="0" numMethods="1" />
              <MetadataToken>100663383</MetadataToken>
              <Name>System.Void Internal.Microsoft.Extensions.DependencyModel.CompilationLibrary::.ctor(System.String,System.String,System.String,System.String,System.Collections.Generic.IEnumerable`1&lt;System.String&gt;,System.Collections.Generic.IEnumerable`1&lt;Internal.Microsoft.Extensions.DependencyModel.Dependency&gt;,System.Boolean,System.String,System.String)</Name>
              <FileRef uid="84" />
              <SequencePoints>
                <SequencePoint vc="0" uspid="2108" ordinal="0" offset="0" sl="35" sc="15" el="35" ec="89" bec="0" bev="0" fileid="84" />
                <SequencePoint vc="0" uspid="2109" ordinal="1" offset="19" sl="37" sc="13" el="37" ec="36" bec="2" bev="0" fileid="84" />
                <SequencePoint vc="0" uspid="2110" ordinal="2" offset="23" sl="39" sc="17" el="39" ec="69" bec="0" bev="0" fileid="84" />
                <SequencePoint vc="0" uspid="2111" ordinal="3" offset="34" sl="41" sc="13" el="41" ec="47" bec="0" bev="0" fileid="84" />
                <SequencePoint vc="0" uspid="2112" ordinal="4" offset="47" sl="42" sc="9" el="42" ec="10" bec="0" bev="0" fileid="84" />
              </SequencePoints>
              <BranchPoints>
                <BranchPoint vc="0" uspid="2113" ordinal="0" offset="21" sl="37" path="0" offsetend="23" fileid="84" />
                <BranchPoint vc="0" uspid="2114" ordinal="1" offset="21" sl="37" path="1" offsetend="34" fileid="84" />
              </BranchPoints>
              <MethodPoint xsi:type="SequencePoint" vc="0" uspid="2108" ordinal="0" offset="0" sl="35" sc="15" el="35" ec="89" bec="0" bev="0" fileid="84" />
            </Method>
            <Method visited="false" cyclomaticComplexity="1" nPathComplexity="0" sequenceCoverage="0" branchCoverage="0" crapScore="2" isConstructor="false" isStatic="false" isGetter="false" isSetter="false">
              <Summary numSequencePoints="2" visitedSequencePoints="0" numBranchPoints="1" visitedBranchPoints="0" sequenceCoverage="0" branchCoverage="0" maxCyclomaticComplexity="1" minCyclomaticComplexity="1" maxCrapScore="2" minCrapScore="2" visitedClasses="0" numClasses="0" visitedMethods="0" numMethods="1" />
              <MetadataToken>100663386</MetadataToken>
              <Name>System.Collections.Generic.IEnumerable`1&lt;System.String&gt; Internal.Microsoft.Extensions.DependencyModel.CompilationLibrary::ResolveReferencePaths()</Name>
              <FileRef uid="84" />
              <SequencePoints>
                <SequencePoint vc="0" uspid="2115" ordinal="0" offset="0" sl="55" sc="13" el="55" ec="49" bec="0" bev="0" fileid="84" />
                <SequencePoint vc="0" uspid="2116" ordinal="1" offset="6" sl="57" sc="13" el="57" ec="71" bec="0" bev="0" fileid="84" />
              </SequencePoints>
              <BranchPoints />
              <MethodPoint xsi:type="SequencePoint" vc="0" uspid="2115" ordinal="0" offset="0" sl="55" sc="13" el="55" ec="49" bec="0" bev="0" fileid="84" />
            </Method>
            <Method visited="false" cyclomaticComplexity="5" nPathComplexity="8" sequenceCoverage="0" branchCoverage="0" crapScore="30" isConstructor="false" isStatic="false" isGetter="false" isSetter="false">
              <Summary numSequencePoints="8" visitedSequencePoints="0" numBranchPoints="7" visitedBranchPoints="0" sequenceCoverage="0" branchCoverage="0" maxCyclomaticComplexity="5" minCyclomaticComplexity="5" maxCrapScore="30" minCrapScore="30" visitedClasses="0" numClasses="0" visitedMethods="0" numMethods="1" />
              <MetadataToken>100663387</MetadataToken>
              <Name>System.Collections.Generic.IEnumerable`1&lt;System.String&gt; Internal.Microsoft.Extensions.DependencyModel.CompilationLibrary::ResolveReferencePaths(Internal.Microsoft.Extensions.DependencyModel.Resolution.ICompilationAssemblyResolver[])</Name>
              <FileRef uid="84" />
              <SequencePoints>
                <SequencePoint vc="0" uspid="2117" ordinal="0" offset="0" sl="62" sc="13" el="62" ec="49" bec="0" bev="0" fileid="84" />
                <SequencePoint vc="0" uspid="2118" ordinal="1" offset="6" sl="64" sc="13" el="64" ec="45" bec="3" bev="0" fileid="84" />
                <SequencePoint vc="0" uspid="2119" ordinal="2" offset="13" sl="66" sc="42" el="66" ec="57" bec="0" bev="0" fileid="84" />
                <SequencePoint vc="0" uspid="2120" ordinal="3" offset="19" sl="66" sc="26" el="66" ec="38" bec="0" bev="0" fileid="84" />
                <SequencePoint vc="0" uspid="2121" ordinal="4" offset="22" sl="68" sc="21" el="68" ec="76" bec="2" bev="0" fileid="84" />
                <SequencePoint vc="0" uspid="2122" ordinal="5" offset="31" sl="70" sc="25" el="70" ec="43" bec="0" bev="0" fileid="84" />
                <SequencePoint vc="0" uspid="2123" ordinal="6" offset="37" sl="66" sc="39" el="66" ec="41" bec="0" bev="0" fileid="84" />
                <SequencePoint vc="0" uspid="2124" ordinal="7" offset="43" sl="75" sc="13" el="75" ec="71" bec="0" bev="0" fileid="84" />
              </SequencePoints>
              <BranchPoints>
                <BranchPoint vc="0" uspid="2125" ordinal="0" offset="7" sl="64" path="0" offsetend="9" fileid="84" />
                <BranchPoint vc="0" uspid="2126" ordinal="1" offset="7" sl="64" path="1" offsetend="43" fileid="84" />
                <BranchPoint vc="0" uspid="2127" ordinal="2" offset="11" sl="64" path="0" offsetend="13" fileid="84" />
                <BranchPoint vc="0" uspid="2128" ordinal="3" offset="11" sl="64" path="1" offsetend="43" fileid="84" />
                <BranchPoint vc="0" uspid="2129" ordinal="4" offset="29" sl="68" path="0" offsetend="31" fileid="84" />
                <BranchPoint vc="0" uspid="2130" ordinal="5" offset="29" sl="68" path="1" offsetend="33" fileid="84" />
              </BranchPoints>
              <MethodPoint xsi:type="SequencePoint" vc="0" uspid="2117" ordinal="0" offset="0" sl="62" sc="13" el="62" ec="49" bec="0" bev="0" fileid="84" />
            </Method>
            <Method visited="false" cyclomaticComplexity="2" nPathComplexity="2" sequenceCoverage="0" branchCoverage="0" crapScore="6" isConstructor="false" isStatic="false" isGetter="false" isSetter="false">
              <Summary numSequencePoints="3" visitedSequencePoints="0" numBranchPoints="3" visitedBranchPoints="0" sequenceCoverage="0" branchCoverage="0" maxCyclomaticComplexity="2" minCyclomaticComplexity="2" maxCrapScore="6" minCrapScore="6" visitedClasses="0" numClasses="0" visitedMethods="0" numMethods="1" />
              <MetadataToken>100663388</MetadataToken>
              <Name>System.Collections.Generic.IEnumerable`1&lt;System.String&gt; Internal.Microsoft.Extensions.DependencyModel.CompilationLibrary::ResolveReferencePaths(Internal.Microsoft.Extensions.DependencyModel.Resolution.ICompilationAssemblyResolver,System.Collections.Generic.List`1&lt;System.String&gt;)</Name>
              <FileRef uid="84" />
              <SequencePoints>
                <SequencePoint vc="0" uspid="2133" ordinal="0" offset="0" sl="80" sc="13" el="80" ec="69" bec="2" bev="0" fileid="84" />
                <SequencePoint vc="0" uspid="2134" ordinal="1" offset="10" sl="82" sc="17" el="82" ec="119" bec="0" bev="0" fileid="84" />
                <SequencePoint vc="0" uspid="2135" ordinal="2" offset="32" sl="84" sc="13" el="84" ec="31" bec="0" bev="0" fileid="84" />
              </SequencePoints>
              <BranchPoints>
                <BranchPoint vc="0" uspid="2136" ordinal="0" offset="8" sl="80" path="0" offsetend="10" fileid="84" />
                <BranchPoint vc="0" uspid="2137" ordinal="1" offset="8" sl="80" path="1" offsetend="32" fileid="84" />
              </BranchPoints>
              <MethodPoint xsi:type="SequencePoint" vc="0" uspid="2133" ordinal="0" offset="0" sl="80" sc="13" el="80" ec="69" bec="2" bev="0" fileid="84" />
            </Method>
            <Method visited="false" cyclomaticComplexity="1" nPathComplexity="0" sequenceCoverage="0" branchCoverage="0" crapScore="2" isConstructor="true" isStatic="true" isGetter="false" isSetter="false">
              <Summary numSequencePoints="1" visitedSequencePoints="0" numBranchPoints="1" visitedBranchPoints="0" sequenceCoverage="0" branchCoverage="0" maxCyclomaticComplexity="1" minCyclomaticComplexity="1" maxCrapScore="2" minCrapScore="2" visitedClasses="0" numClasses="0" visitedMethods="0" numMethods="1" />
              <MetadataToken>100663389</MetadataToken>
              <Name>System.Void Internal.Microsoft.Extensions.DependencyModel.CompilationLibrary::.cctor()</Name>
              <FileRef uid="84" />
              <SequencePoints>
                <SequencePoint vc="0" uspid="2138" ordinal="0" offset="0" sl="46" sc="81" el="51" ec="11" bec="0" bev="0" fileid="84" />
              </SequencePoints>
              <BranchPoints />
              <MethodPoint xsi:type="SequencePoint" vc="0" uspid="2138" ordinal="0" offset="0" sl="46" sc="81" el="51" ec="11" bec="0" bev="0" fileid="84" />
            </Method>
          </Methods>
        </Class>
        <Class>
          <Summary numSequencePoints="30" visitedSequencePoints="0" numBranchPoints="17" visitedBranchPoints="0" sequenceCoverage="0" branchCoverage="0" maxCyclomaticComplexity="2" minCyclomaticComplexity="1" maxCrapScore="6" minCrapScore="2" visitedClasses="0" numClasses="1" visitedMethods="0" numMethods="15" />
          <FullName>Internal.Microsoft.Extensions.DependencyModel.CompilationOptions</FullName>
          <Methods>
            <Method visited="false" cyclomaticComplexity="1" nPathComplexity="0" sequenceCoverage="0" branchCoverage="0" crapScore="2" isConstructor="false" isStatic="false" isGetter="true" isSetter="false">
              <Summary numSequencePoints="1" visitedSequencePoints="0" numBranchPoints="1" visitedBranchPoints="0" sequenceCoverage="0" branchCoverage="0" maxCyclomaticComplexity="1" minCyclomaticComplexity="1" maxCrapScore="2" minCrapScore="2" visitedClasses="0" numClasses="0" visitedMethods="0" numMethods="1" />
              <MetadataToken>100663390</MetadataToken>
              <Name>System.Collections.Generic.IReadOnlyList`1&lt;System.String&gt; Internal.Microsoft.Extensions.DependencyModel.CompilationOptions::get_Defines()</Name>
              <FileRef uid="85" />
              <SequencePoints>
                <SequencePoint vc="0" uspid="2139" ordinal="0" offset="0" sl="14" sc="48" el="14" ec="52" bec="0" bev="0" fileid="85" />
              </SequencePoints>
              <BranchPoints />
              <MethodPoint xsi:type="SequencePoint" vc="0" uspid="2139" ordinal="0" offset="0" sl="14" sc="48" el="14" ec="52" bec="0" bev="0" fileid="85" />
            </Method>
            <Method visited="false" cyclomaticComplexity="1" nPathComplexity="0" sequenceCoverage="0" branchCoverage="0" crapScore="2" isConstructor="false" isStatic="false" isGetter="true" isSetter="false">
              <Summary numSequencePoints="1" visitedSequencePoints="0" numBranchPoints="1" visitedBranchPoints="0" sequenceCoverage="0" branchCoverage="0" maxCyclomaticComplexity="1" minCyclomaticComplexity="1" maxCrapScore="2" minCrapScore="2" visitedClasses="0" numClasses="0" visitedMethods="0" numMethods="1" />
              <MetadataToken>100663391</MetadataToken>
              <Name>System.String Internal.Microsoft.Extensions.DependencyModel.CompilationOptions::get_LanguageVersion()</Name>
              <FileRef uid="85" />
              <SequencePoints>
                <SequencePoint vc="0" uspid="2140" ordinal="0" offset="0" sl="16" sc="41" el="16" ec="45" bec="0" bev="0" fileid="85" />
              </SequencePoints>
              <BranchPoints />
              <MethodPoint xsi:type="SequencePoint" vc="0" uspid="2140" ordinal="0" offset="0" sl="16" sc="41" el="16" ec="45" bec="0" bev="0" fileid="85" />
            </Method>
            <Method visited="false" cyclomaticComplexity="1" nPathComplexity="0" sequenceCoverage="0" branchCoverage="0" crapScore="2" isConstructor="false" isStatic="false" isGetter="true" isSetter="false">
              <Summary numSequencePoints="1" visitedSequencePoints="0" numBranchPoints="1" visitedBranchPoints="0" sequenceCoverage="0" branchCoverage="0" maxCyclomaticComplexity="1" minCyclomaticComplexity="1" maxCrapScore="2" minCrapScore="2" visitedClasses="0" numClasses="0" visitedMethods="0" numMethods="1" />
              <MetadataToken>100663392</MetadataToken>
              <Name>System.String Internal.Microsoft.Extensions.DependencyModel.CompilationOptions::get_Platform()</Name>
              <FileRef uid="85" />
              <SequencePoints>
                <SequencePoint vc="0" uspid="2141" ordinal="0" offset="0" sl="18" sc="34" el="18" ec="38" bec="0" bev="0" fileid="85" />
              </SequencePoints>
              <BranchPoints />
              <MethodPoint xsi:type="SequencePoint" vc="0" uspid="2141" ordinal="0" offset="0" sl="18" sc="34" el="18" ec="38" bec="0" bev="0" fileid="85" />
            </Method>
            <Method visited="false" cyclomaticComplexity="1" nPathComplexity="0" sequenceCoverage="0" branchCoverage="0" crapScore="2" isConstructor="false" isStatic="false" isGetter="true" isSetter="false">
              <Summary numSequencePoints="1" visitedSequencePoints="0" numBranchPoints="1" visitedBranchPoints="0" sequenceCoverage="0" branchCoverage="0" maxCyclomaticComplexity="1" minCyclomaticComplexity="1" maxCrapScore="2" minCrapScore="2" visitedClasses="0" numClasses="0" visitedMethods="0" numMethods="1" />
              <MetadataToken>100663393</MetadataToken>
              <Name>System.Nullable`1&lt;System.Boolean&gt; Internal.Microsoft.Extensions.DependencyModel.CompilationOptions::get_AllowUnsafe()</Name>
              <FileRef uid="85" />
              <SequencePoints>
                <SequencePoint vc="0" uspid="2142" ordinal="0" offset="0" sl="20" sc="36" el="20" ec="40" bec="0" bev="0" fileid="85" />
              </SequencePoints>
              <BranchPoints />
              <MethodPoint xsi:type="SequencePoint" vc="0" uspid="2142" ordinal="0" offset="0" sl="20" sc="36" el="20" ec="40" bec="0" bev="0" fileid="85" />
            </Method>
            <Method visited="false" cyclomaticComplexity="1" nPathComplexity="0" sequenceCoverage="0" branchCoverage="0" crapScore="2" isConstructor="false" isStatic="false" isGetter="true" isSetter="false">
              <Summary numSequencePoints="1" visitedSequencePoints="0" numBranchPoints="1" visitedBranchPoints="0" sequenceCoverage="0" branchCoverage="0" maxCyclomaticComplexity="1" minCyclomaticComplexity="1" maxCrapScore="2" minCrapScore="2" visitedClasses="0" numClasses="0" visitedMethods="0" numMethods="1" />
              <MetadataToken>100663394</MetadataToken>
              <Name>System.Nullable`1&lt;System.Boolean&gt; Internal.Microsoft.Extensions.DependencyModel.CompilationOptions::get_WarningsAsErrors()</Name>
              <FileRef uid="85" />
              <SequencePoints>
                <SequencePoint vc="0" uspid="2143" ordinal="0" offset="0" sl="22" sc="41" el="22" ec="45" bec="0" bev="0" fileid="85" />
              </SequencePoints>
              <BranchPoints />
              <MethodPoint xsi:type="SequencePoint" vc="0" uspid="2143" ordinal="0" offset="0" sl="22" sc="41" el="22" ec="45" bec="0" bev="0" fileid="85" />
            </Method>
            <Method visited="false" cyclomaticComplexity="1" nPathComplexity="0" sequenceCoverage="0" branchCoverage="0" crapScore="2" isConstructor="false" isStatic="false" isGetter="true" isSetter="false">
              <Summary numSequencePoints="1" visitedSequencePoints="0" numBranchPoints="1" visitedBranchPoints="0" sequenceCoverage="0" branchCoverage="0" maxCyclomaticComplexity="1" minCyclomaticComplexity="1" maxCrapScore="2" minCrapScore="2" visitedClasses="0" numClasses="0" visitedMethods="0" numMethods="1" />
              <MetadataToken>100663395</MetadataToken>
              <Name>System.Nullable`1&lt;System.Boolean&gt; Internal.Microsoft.Extensions.DependencyModel.CompilationOptions::get_Optimize()</Name>
              <FileRef uid="85" />
              <SequencePoints>
                <SequencePoint vc="0" uspid="2144" ordinal="0" offset="0" sl="24" sc="33" el="24" ec="37" bec="0" bev="0" fileid="85" />
              </SequencePoints>
              <BranchPoints />
              <MethodPoint xsi:type="SequencePoint" vc="0" uspid="2144" ordinal="0" offset="0" sl="24" sc="33" el="24" ec="37" bec="0" bev="0" fileid="85" />
            </Method>
            <Method visited="false" cyclomaticComplexity="1" nPathComplexity="0" sequenceCoverage="0" branchCoverage="0" crapScore="2" isConstructor="false" isStatic="false" isGetter="true" isSetter="false">
              <Summary numSequencePoints="1" visitedSequencePoints="0" numBranchPoints="1" visitedBranchPoints="0" sequenceCoverage="0" branchCoverage="0" maxCyclomaticComplexity="1" minCyclomaticComplexity="1" maxCrapScore="2" minCrapScore="2" visitedClasses="0" numClasses="0" visitedMethods="0" numMethods="1" />
              <MetadataToken>100663396</MetadataToken>
              <Name>System.String Internal.Microsoft.Extensions.DependencyModel.CompilationOptions::get_KeyFile()</Name>
              <FileRef uid="85" />
              <SequencePoints>
                <SequencePoint vc="0" uspid="2145" ordinal="0" offset="0" sl="26" sc="33" el="26" ec="37" bec="0" bev="0" fileid="85" />
              </SequencePoints>
              <BranchPoints />
              <MethodPoint xsi:type="SequencePoint" vc="0" uspid="2145" ordinal="0" offset="0" sl="26" sc="33" el="26" ec="37" bec="0" bev="0" fileid="85" />
            </Method>
            <Method visited="false" cyclomaticComplexity="1" nPathComplexity="0" sequenceCoverage="0" branchCoverage="0" crapScore="2" isConstructor="false" isStatic="false" isGetter="true" isSetter="false">
              <Summary numSequencePoints="1" visitedSequencePoints="0" numBranchPoints="1" visitedBranchPoints="0" sequenceCoverage="0" branchCoverage="0" maxCyclomaticComplexity="1" minCyclomaticComplexity="1" maxCrapScore="2" minCrapScore="2" visitedClasses="0" numClasses="0" visitedMethods="0" numMethods="1" />
              <MetadataToken>100663397</MetadataToken>
              <Name>System.Nullable`1&lt;System.Boolean&gt; Internal.Microsoft.Extensions.DependencyModel.CompilationOptions::get_DelaySign()</Name>
              <FileRef uid="85" />
              <SequencePoints>
                <SequencePoint vc="0" uspid="2146" ordinal="0" offset="0" sl="28" sc="34" el="28" ec="38" bec="0" bev="0" fileid="85" />
              </SequencePoints>
              <BranchPoints />
              <MethodPoint xsi:type="SequencePoint" vc="0" uspid="2146" ordinal="0" offset="0" sl="28" sc="34" el="28" ec="38" bec="0" bev="0" fileid="85" />
            </Method>
            <Method visited="false" cyclomaticComplexity="1" nPathComplexity="0" sequenceCoverage="0" branchCoverage="0" crapScore="2" isConstructor="false" isStatic="false" isGetter="true" isSetter="false">
              <Summary numSequencePoints="1" visitedSequencePoints="0" numBranchPoints="1" visitedBranchPoints="0" sequenceCoverage="0" branchCoverage="0" maxCyclomaticComplexity="1" minCyclomaticComplexity="1" maxCrapScore="2" minCrapScore="2" visitedClasses="0" numClasses="0" visitedMethods="0" numMethods="1" />
              <MetadataToken>100663398</MetadataToken>
              <Name>System.Nullable`1&lt;System.Boolean&gt; Internal.Microsoft.Extensions.DependencyModel.CompilationOptions::get_PublicSign()</Name>
              <FileRef uid="85" />
              <SequencePoints>
                <SequencePoint vc="0" uspid="2147" ordinal="0" offset="0" sl="30" sc="35" el="30" ec="39" bec="0" bev="0" fileid="85" />
              </SequencePoints>
              <BranchPoints />
              <MethodPoint xsi:type="SequencePoint" vc="0" uspid="2147" ordinal="0" offset="0" sl="30" sc="35" el="30" ec="39" bec="0" bev="0" fileid="85" />
            </Method>
            <Method visited="false" cyclomaticComplexity="1" nPathComplexity="0" sequenceCoverage="0" branchCoverage="0" crapScore="2" isConstructor="false" isStatic="false" isGetter="true" isSetter="false">
              <Summary numSequencePoints="1" visitedSequencePoints="0" numBranchPoints="1" visitedBranchPoints="0" sequenceCoverage="0" branchCoverage="0" maxCyclomaticComplexity="1" minCyclomaticComplexity="1" maxCrapScore="2" minCrapScore="2" visitedClasses="0" numClasses="0" visitedMethods="0" numMethods="1" />
              <MetadataToken>100663399</MetadataToken>
              <Name>System.String Internal.Microsoft.Extensions.DependencyModel.CompilationOptions::get_DebugType()</Name>
              <FileRef uid="85" />
              <SequencePoints>
                <SequencePoint vc="0" uspid="2148" ordinal="0" offset="0" sl="32" sc="35" el="32" ec="39" bec="0" bev="0" fileid="85" />
              </SequencePoints>
              <BranchPoints />
              <MethodPoint xsi:type="SequencePoint" vc="0" uspid="2148" ordinal="0" offset="0" sl="32" sc="35" el="32" ec="39" bec="0" bev="0" fileid="85" />
            </Method>
            <Method visited="false" cyclomaticComplexity="1" nPathComplexity="0" sequenceCoverage="0" branchCoverage="0" crapScore="2" isConstructor="false" isStatic="false" isGetter="true" isSetter="false">
              <Summary numSequencePoints="1" visitedSequencePoints="0" numBranchPoints="1" visitedBranchPoints="0" sequenceCoverage="0" branchCoverage="0" maxCyclomaticComplexity="1" minCyclomaticComplexity="1" maxCrapScore="2" minCrapScore="2" visitedClasses="0" numClasses="0" visitedMethods="0" numMethods="1" />
              <MetadataToken>100663400</MetadataToken>
              <Name>System.Nullable`1&lt;System.Boolean&gt; Internal.Microsoft.Extensions.DependencyModel.CompilationOptions::get_EmitEntryPoint()</Name>
              <FileRef uid="85" />
              <SequencePoints>
                <SequencePoint vc="0" uspid="2149" ordinal="0" offset="0" sl="34" sc="39" el="34" ec="43" bec="0" bev="0" fileid="85" />
              </SequencePoints>
              <BranchPoints />
              <MethodPoint xsi:type="SequencePoint" vc="0" uspid="2149" ordinal="0" offset="0" sl="34" sc="39" el="34" ec="43" bec="0" bev="0" fileid="85" />
            </Method>
            <Method visited="false" cyclomaticComplexity="1" nPathComplexity="0" sequenceCoverage="0" branchCoverage="0" crapScore="2" isConstructor="false" isStatic="false" isGetter="true" isSetter="false">
              <Summary numSequencePoints="1" visitedSequencePoints="0" numBranchPoints="1" visitedBranchPoints="0" sequenceCoverage="0" branchCoverage="0" maxCyclomaticComplexity="1" minCyclomaticComplexity="1" maxCrapScore="2" minCrapScore="2" visitedClasses="0" numClasses="0" visitedMethods="0" numMethods="1" />
              <MetadataToken>100663401</MetadataToken>
              <Name>System.Nullable`1&lt;System.Boolean&gt; Internal.Microsoft.Extensions.DependencyModel.CompilationOptions::get_GenerateXmlDocumentation()</Name>
              <FileRef uid="85" />
              <SequencePoints>
                <SequencePoint vc="0" uspid="2150" ordinal="0" offset="0" sl="36" sc="49" el="36" ec="53" bec="0" bev="0" fileid="85" />
              </SequencePoints>
              <BranchPoints />
              <MethodPoint xsi:type="SequencePoint" vc="0" uspid="2150" ordinal="0" offset="0" sl="36" sc="49" el="36" ec="53" bec="0" bev="0" fileid="85" />
            </Method>
            <Method visited="false" cyclomaticComplexity="1" nPathComplexity="0" sequenceCoverage="0" branchCoverage="0" crapScore="2" isConstructor="false" isStatic="true" isGetter="true" isSetter="false">
              <Summary numSequencePoints="1" visitedSequencePoints="0" numBranchPoints="1" visitedBranchPoints="0" sequenceCoverage="0" branchCoverage="0" maxCyclomaticComplexity="1" minCyclomaticComplexity="1" maxCrapScore="2" minCrapScore="2" visitedClasses="0" numClasses="0" visitedMethods="0" numMethods="1" />
              <MetadataToken>100663402</MetadataToken>
              <Name>Internal.Microsoft.Extensions.DependencyModel.CompilationOptions Internal.Microsoft.Extensions.DependencyModel.CompilationOptions::get_Default()</Name>
              <FileRef uid="85" />
              <SequencePoints>
                <SequencePoint vc="0" uspid="2151" ordinal="0" offset="0" sl="38" sc="52" el="38" ec="56" bec="0" bev="0" fileid="85" />
              </SequencePoints>
              <BranchPoints />
              <MethodPoint xsi:type="SequencePoint" vc="0" uspid="2151" ordinal="0" offset="0" sl="38" sc="52" el="38" ec="56" bec="0" bev="0" fileid="85" />
            </Method>
            <Method visited="false" cyclomaticComplexity="2" nPathComplexity="2" sequenceCoverage="0" branchCoverage="0" crapScore="6" isConstructor="true" isStatic="false" isGetter="false" isSetter="false">
              <Summary numSequencePoints="16" visitedSequencePoints="0" numBranchPoints="3" visitedBranchPoints="0" sequenceCoverage="0" branchCoverage="0" maxCyclomaticComplexity="2" minCyclomaticComplexity="2" maxCrapScore="6" minCrapScore="6" visitedClasses="0" numClasses="0" visitedMethods="0" numMethods="1" />
              <MetadataToken>100663403</MetadataToken>
              <Name>System.Void Internal.Microsoft.Extensions.DependencyModel.CompilationOptions::.ctor(System.Collections.Generic.IEnumerable`1&lt;System.String&gt;,System.String,System.String,System.Nullable`1&lt;System.Boolean&gt;,System.Nullable`1&lt;System.Boolean&gt;,System.Nullable`1&lt;System.Boolean&gt;,System.String,System.Nullable`1&lt;System.Boolean&gt;,System.Nullable`1&lt;System.Boolean&gt;,System.String,System.Nullable`1&lt;System.Boolean&gt;,System.Nullable`1&lt;System.Boolean&gt;)</Name>
              <FileRef uid="85" />
              <SequencePoints>
                <SequencePoint vc="0" uspid="2152" ordinal="0" offset="0" sl="52" sc="9" el="63" ec="44" bec="0" bev="0" fileid="85" />
                <SequencePoint vc="0" uspid="2153" ordinal="1" offset="6" sl="65" sc="13" el="65" ec="33" bec="2" bev="0" fileid="85" />
                <SequencePoint vc="0" uspid="2154" ordinal="2" offset="9" sl="67" sc="17" el="67" ec="66" bec="0" bev="0" fileid="85" />
                <SequencePoint vc="0" uspid="2155" ordinal="3" offset="20" sl="69" sc="13" el="69" ec="41" bec="0" bev="0" fileid="85" />
                <SequencePoint vc="0" uspid="2156" ordinal="4" offset="32" sl="70" sc="13" el="70" ec="47" bec="0" bev="0" fileid="85" />
                <SequencePoint vc="0" uspid="2157" ordinal="5" offset="39" sl="71" sc="13" el="71" ec="33" bec="0" bev="0" fileid="85" />
                <SequencePoint vc="0" uspid="2158" ordinal="6" offset="46" sl="72" sc="13" el="72" ec="39" bec="0" bev="0" fileid="85" />
                <SequencePoint vc="0" uspid="2159" ordinal="7" offset="54" sl="73" sc="13" el="73" ec="49" bec="0" bev="0" fileid="85" />
                <SequencePoint vc="0" uspid="2160" ordinal="8" offset="62" sl="74" sc="13" el="74" ec="33" bec="0" bev="0" fileid="85" />
                <SequencePoint vc="0" uspid="2161" ordinal="9" offset="70" sl="75" sc="13" el="75" ec="31" bec="0" bev="0" fileid="85" />
                <SequencePoint vc="0" uspid="2162" ordinal="10" offset="78" sl="76" sc="13" el="76" ec="35" bec="0" bev="0" fileid="85" />
                <SequencePoint vc="0" uspid="2163" ordinal="11" offset="86" sl="77" sc="13" el="77" ec="37" bec="0" bev="0" fileid="85" />
                <SequencePoint vc="0" uspid="2164" ordinal="12" offset="94" sl="78" sc="13" el="78" ec="35" bec="0" bev="0" fileid="85" />
                <SequencePoint vc="0" uspid="2165" ordinal="13" offset="102" sl="79" sc="13" el="79" ec="45" bec="0" bev="0" fileid="85" />
                <SequencePoint vc="0" uspid="2166" ordinal="14" offset="110" sl="80" sc="13" el="80" ec="65" bec="0" bev="0" fileid="85" />
                <SequencePoint vc="0" uspid="2167" ordinal="15" offset="118" sl="81" sc="9" el="81" ec="10" bec="0" bev="0" fileid="85" />
              </SequencePoints>
              <BranchPoints>
                <BranchPoint vc="0" uspid="2168" ordinal="0" offset="7" sl="65" path="0" offsetend="9" fileid="85" />
                <BranchPoint vc="0" uspid="2169" ordinal="1" offset="7" sl="65" path="1" offsetend="20" fileid="85" />
              </BranchPoints>
              <MethodPoint xsi:type="SequencePoint" vc="0" uspid="2152" ordinal="0" offset="0" sl="52" sc="9" el="63" ec="44" bec="0" bev="0" fileid="85" />
            </Method>
            <Method visited="false" cyclomaticComplexity="1" nPathComplexity="0" sequenceCoverage="0" branchCoverage="0" crapScore="2" isConstructor="true" isStatic="true" isGetter="false" isSetter="false">
              <Summary numSequencePoints="1" visitedSequencePoints="0" numBranchPoints="1" visitedBranchPoints="0" sequenceCoverage="0" branchCoverage="0" maxCyclomaticComplexity="1" minCyclomaticComplexity="1" maxCrapScore="2" minCrapScore="2" visitedClasses="0" numClasses="0" visitedMethods="0" numMethods="1" />
              <MetadataToken>100663404</MetadataToken>
              <Name>System.Void Internal.Microsoft.Extensions.DependencyModel.CompilationOptions::.cctor()</Name>
              <FileRef uid="85" />
              <SequencePoints>
                <SequencePoint vc="0" uspid="2170" ordinal="0" offset="0" sl="38" sc="61" el="50" ec="44" bec="0" bev="0" fileid="85" />
              </SequencePoints>
              <BranchPoints />
              <MethodPoint xsi:type="SequencePoint" vc="0" uspid="2170" ordinal="0" offset="0" sl="38" sc="61" el="50" ec="44" bec="0" bev="0" fileid="85" />
            </Method>
          </Methods>
        </Class>
        <Class>
          <Summary numSequencePoints="17" visitedSequencePoints="0" numBranchPoints="16" visitedBranchPoints="0" sequenceCoverage="0" branchCoverage="0" maxCyclomaticComplexity="3" minCyclomaticComplexity="1" maxCrapScore="12" minCrapScore="2" visitedClasses="0" numClasses="1" visitedMethods="0" numMethods="6" />
          <FullName>Internal.Microsoft.Extensions.DependencyModel.Dependency</FullName>
          <Methods>
            <Method visited="false" cyclomaticComplexity="1" nPathComplexity="0" sequenceCoverage="0" branchCoverage="0" crapScore="2" isConstructor="false" isStatic="false" isGetter="true" isSetter="false">
              <Summary numSequencePoints="1" visitedSequencePoints="0" numBranchPoints="1" visitedBranchPoints="0" sequenceCoverage="0" branchCoverage="0" maxCyclomaticComplexity="1" minCyclomaticComplexity="1" maxCrapScore="2" minCrapScore="2" visitedClasses="0" numClasses="0" visitedMethods="0" numMethods="1" />
              <MetadataToken>100663406</MetadataToken>
              <Name>System.String Internal.Microsoft.Extensions.DependencyModel.Dependency::get_Name()</Name>
              <FileRef uid="86" />
              <SequencePoints>
                <SequencePoint vc="0" uspid="2171" ordinal="0" offset="0" sl="27" sc="30" el="27" ec="34" bec="0" bev="0" fileid="86" />
              </SequencePoints>
              <BranchPoints />
              <MethodPoint xsi:type="SequencePoint" vc="0" uspid="2171" ordinal="0" offset="0" sl="27" sc="30" el="27" ec="34" bec="0" bev="0" fileid="86" />
            </Method>
            <Method visited="false" cyclomaticComplexity="1" nPathComplexity="0" sequenceCoverage="0" branchCoverage="0" crapScore="2" isConstructor="false" isStatic="false" isGetter="true" isSetter="false">
              <Summary numSequencePoints="1" visitedSequencePoints="0" numBranchPoints="1" visitedBranchPoints="0" sequenceCoverage="0" branchCoverage="0" maxCyclomaticComplexity="1" minCyclomaticComplexity="1" maxCrapScore="2" minCrapScore="2" visitedClasses="0" numClasses="0" visitedMethods="0" numMethods="1" />
              <MetadataToken>100663407</MetadataToken>
              <Name>System.String Internal.Microsoft.Extensions.DependencyModel.Dependency::get_Version()</Name>
              <FileRef uid="86" />
              <SequencePoints>
                <SequencePoint vc="0" uspid="2172" ordinal="0" offset="0" sl="28" sc="33" el="28" ec="37" bec="0" bev="0" fileid="86" />
              </SequencePoints>
              <BranchPoints />
              <MethodPoint xsi:type="SequencePoint" vc="0" uspid="2172" ordinal="0" offset="0" sl="28" sc="33" el="28" ec="37" bec="0" bev="0" fileid="86" />
            </Method>
            <Method visited="false" cyclomaticComplexity="3" nPathComplexity="4" sequenceCoverage="0" branchCoverage="0" crapScore="12" isConstructor="true" isStatic="false" isGetter="false" isSetter="false">
              <Summary numSequencePoints="7" visitedSequencePoints="0" numBranchPoints="5" visitedBranchPoints="0" sequenceCoverage="0" branchCoverage="0" maxCyclomaticComplexity="3" minCyclomaticComplexity="3" maxCrapScore="12" minCrapScore="12" visitedClasses="0" numClasses="0" visitedMethods="0" numMethods="1" />
              <MetadataToken>100663405</MetadataToken>
              <Name>System.Void Internal.Microsoft.Extensions.DependencyModel.Dependency::.ctor(System.String,System.String)</Name>
              <FileRef uid="86" />
              <SequencePoints>
                <SequencePoint vc="0" uspid="2173" ordinal="0" offset="0" sl="15" sc="13" el="15" ec="44" bec="2" bev="0" fileid="86" />
                <SequencePoint vc="0" uspid="2174" ordinal="1" offset="8" sl="17" sc="17" el="17" ec="59" bec="0" bev="0" fileid="86" />
                <SequencePoint vc="0" uspid="2175" ordinal="2" offset="19" sl="19" sc="13" el="19" ec="47" bec="2" bev="0" fileid="86" />
                <SequencePoint vc="0" uspid="2176" ordinal="3" offset="27" sl="21" sc="17" el="21" ec="62" bec="0" bev="0" fileid="86" />
                <SequencePoint vc="0" uspid="2177" ordinal="4" offset="38" sl="23" sc="13" el="23" ec="25" bec="0" bev="0" fileid="86" />
                <SequencePoint vc="0" uspid="2178" ordinal="5" offset="45" sl="24" sc="13" el="24" ec="31" bec="0" bev="0" fileid="86" />
                <SequencePoint vc="0" uspid="2179" ordinal="6" offset="52" sl="25" sc="9" el="25" ec="10" bec="0" bev="0" fileid="86" />
              </SequencePoints>
              <BranchPoints>
                <BranchPoint vc="0" uspid="2180" ordinal="0" offset="6" sl="15" path="0" offsetend="8" fileid="86" />
                <BranchPoint vc="0" uspid="2181" ordinal="1" offset="6" sl="15" path="1" offsetend="19" fileid="86" />
                <BranchPoint vc="0" uspid="2182" ordinal="2" offset="25" sl="19" path="0" offsetend="27" fileid="86" />
                <BranchPoint vc="0" uspid="2183" ordinal="3" offset="25" sl="19" path="1" offsetend="38" fileid="86" />
              </BranchPoints>
              <MethodPoint xsi:type="SequencePoint" vc="0" uspid="2173" ordinal="0" offset="0" sl="15" sc="13" el="15" ec="44" bec="2" bev="0" fileid="86" />
            </Method>
            <Method visited="false" cyclomaticComplexity="2" nPathComplexity="2" sequenceCoverage="0" branchCoverage="0" crapScore="6" isConstructor="false" isStatic="false" isGetter="false" isSetter="false">
              <Summary numSequencePoints="1" visitedSequencePoints="0" numBranchPoints="3" visitedBranchPoints="0" sequenceCoverage="0" branchCoverage="0" maxCyclomaticComplexity="2" minCyclomaticComplexity="2" maxCrapScore="6" minCrapScore="6" visitedClasses="0" numClasses="0" visitedMethods="0" numMethods="1" />
              <MetadataToken>100663408</MetadataToken>
              <Name>System.Boolean Internal.Microsoft.Extensions.DependencyModel.Dependency::Equals(Internal.Microsoft.Extensions.DependencyModel.Dependency)</Name>
              <FileRef uid="86" />
              <SequencePoints>
                <SequencePoint vc="0" uspid="2184" ordinal="0" offset="0" sl="32" sc="13" el="32" ec="93" bec="2" bev="0" fileid="86" />
              </SequencePoints>
              <BranchPoints>
                <BranchPoint vc="0" uspid="2185" ordinal="0" offset="18" sl="32" path="0" offsetend="20" fileid="86" />
                <BranchPoint vc="0" uspid="2186" ordinal="1" offset="18" sl="32" path="1" offsetend="39" fileid="86" />
              </BranchPoints>
              <MethodPoint xsi:type="SequencePoint" vc="0" uspid="2184" ordinal="0" offset="0" sl="32" sc="13" el="32" ec="93" bec="2" bev="0" fileid="86" />
            </Method>
            <Method visited="false" cyclomaticComplexity="3" nPathComplexity="4" sequenceCoverage="0" branchCoverage="0" crapScore="12" isConstructor="false" isStatic="false" isGetter="false" isSetter="false">
              <Summary numSequencePoints="3" visitedSequencePoints="0" numBranchPoints="5" visitedBranchPoints="0" sequenceCoverage="0" branchCoverage="0" maxCyclomaticComplexity="3" minCyclomaticComplexity="3" maxCrapScore="12" minCrapScore="12" visitedClasses="0" numClasses="0" visitedMethods="0" numMethods="1" />
              <MetadataToken>100663409</MetadataToken>
              <Name>System.Boolean Internal.Microsoft.Extensions.DependencyModel.Dependency::Equals(System.Object)</Name>
              <FileRef uid="86" />
              <SequencePoints>
                <SequencePoint vc="0" uspid="2187" ordinal="0" offset="0" sl="37" sc="13" el="37" ec="44" bec="2" bev="0" fileid="86" />
                <SequencePoint vc="0" uspid="2188" ordinal="1" offset="3" sl="37" sc="45" el="37" ec="58" bec="0" bev="0" fileid="86" />
                <SequencePoint vc="0" uspid="2189" ordinal="2" offset="5" sl="38" sc="13" el="38" ec="66" bec="2" bev="0" fileid="86" />
              </SequencePoints>
              <BranchPoints>
                <BranchPoint vc="0" uspid="2190" ordinal="0" offset="1" sl="37" path="0" offsetend="3" fileid="86" />
                <BranchPoint vc="0" uspid="2191" ordinal="1" offset="1" sl="37" path="1" offsetend="5" fileid="86" />
                <BranchPoint vc="0" uspid="2192" ordinal="2" offset="11" sl="38" path="0" offsetend="13" fileid="86" />
                <BranchPoint vc="0" uspid="2193" ordinal="3" offset="11" sl="38" path="1" offsetend="26" fileid="86" />
              </BranchPoints>
              <MethodPoint xsi:type="SequencePoint" vc="0" uspid="2187" ordinal="0" offset="0" sl="37" sc="13" el="37" ec="44" bec="2" bev="0" fileid="86" />
            </Method>
            <Method visited="false" cyclomaticComplexity="1" nPathComplexity="0" sequenceCoverage="0" branchCoverage="0" crapScore="2" isConstructor="false" isStatic="false" isGetter="false" isSetter="false">
              <Summary numSequencePoints="4" visitedSequencePoints="0" numBranchPoints="1" visitedBranchPoints="0" sequenceCoverage="0" branchCoverage="0" maxCyclomaticComplexity="1" minCyclomaticComplexity="1" maxCrapScore="2" minCrapScore="2" visitedClasses="0" numClasses="0" visitedMethods="0" numMethods="1" />
              <MetadataToken>100663410</MetadataToken>
              <Name>System.Int32 Internal.Microsoft.Extensions.DependencyModel.Dependency::GetHashCode()</Name>
              <FileRef uid="86" />
              <SequencePoints>
                <SequencePoint vc="0" uspid="2194" ordinal="0" offset="0" sl="43" sc="13" el="43" ec="53" bec="0" bev="0" fileid="86" />
                <SequencePoint vc="0" uspid="2195" ordinal="1" offset="6" sl="44" sc="13" el="44" ec="32" bec="0" bev="0" fileid="86" />
                <SequencePoint vc="0" uspid="2196" ordinal="2" offset="19" sl="45" sc="13" el="45" ec="35" bec="0" bev="0" fileid="86" />
                <SequencePoint vc="0" uspid="2197" ordinal="3" offset="32" sl="46" sc="13" el="46" ec="42" bec="0" bev="0" fileid="86" />
              </SequencePoints>
              <BranchPoints />
              <MethodPoint xsi:type="SequencePoint" vc="0" uspid="2194" ordinal="0" offset="0" sl="43" sc="13" el="43" ec="53" bec="0" bev="0" fileid="86" />
            </Method>
          </Methods>
        </Class>
        <Class>
          <Summary numSequencePoints="32" visitedSequencePoints="0" numBranchPoints="25" visitedBranchPoints="0" sequenceCoverage="0" branchCoverage="0" maxCyclomaticComplexity="6" minCyclomaticComplexity="1" maxCrapScore="42" minCrapScore="2" visitedClasses="0" numClasses="1" visitedMethods="0" numMethods="11" />
          <FullName>Internal.Microsoft.Extensions.DependencyModel.DependencyContext</FullName>
          <Methods>
            <Method visited="false" cyclomaticComplexity="1" nPathComplexity="0" sequenceCoverage="0" branchCoverage="0" crapScore="2" isConstructor="false" isStatic="true" isGetter="true" isSetter="false">
              <Summary numSequencePoints="1" visitedSequencePoints="0" numBranchPoints="1" visitedBranchPoints="0" sequenceCoverage="0" branchCoverage="0" maxCyclomaticComplexity="1" minCyclomaticComplexity="1" maxCrapScore="2" minCrapScore="2" visitedClasses="0" numClasses="0" visitedMethods="0" numMethods="1" />
              <MetadataToken>100663412</MetadataToken>
              <Name>Internal.Microsoft.Extensions.DependencyModel.DependencyContext Internal.Microsoft.Extensions.DependencyModel.DependencyContext::get_Default()</Name>
              <FileRef uid="87" />
              <SequencePoints>
                <SequencePoint vc="0" uspid="2198" ordinal="0" offset="0" sl="51" sc="52" el="51" ec="73" bec="0" bev="0" fileid="87" />
              </SequencePoints>
              <BranchPoints />
              <MethodPoint xsi:type="SequencePoint" vc="0" uspid="2198" ordinal="0" offset="0" sl="51" sc="52" el="51" ec="73" bec="0" bev="0" fileid="87" />
            </Method>
            <Method visited="false" cyclomaticComplexity="1" nPathComplexity="0" sequenceCoverage="0" branchCoverage="0" crapScore="2" isConstructor="false" isStatic="false" isGetter="true" isSetter="false">
              <Summary numSequencePoints="1" visitedSequencePoints="0" numBranchPoints="1" visitedBranchPoints="0" sequenceCoverage="0" branchCoverage="0" maxCyclomaticComplexity="1" minCyclomaticComplexity="1" maxCrapScore="2" minCrapScore="2" visitedClasses="0" numClasses="0" visitedMethods="0" numMethods="1" />
              <MetadataToken>100663413</MetadataToken>
              <Name>Internal.Microsoft.Extensions.DependencyModel.TargetInfo Internal.Microsoft.Extensions.DependencyModel.DependencyContext::get_Target()</Name>
              <FileRef uid="87" />
              <SequencePoints>
                <SequencePoint vc="0" uspid="2199" ordinal="0" offset="0" sl="53" sc="36" el="53" ec="40" bec="0" bev="0" fileid="87" />
              </SequencePoints>
              <BranchPoints />
              <MethodPoint xsi:type="SequencePoint" vc="0" uspid="2199" ordinal="0" offset="0" sl="53" sc="36" el="53" ec="40" bec="0" bev="0" fileid="87" />
            </Method>
            <Method visited="false" cyclomaticComplexity="1" nPathComplexity="0" sequenceCoverage="0" branchCoverage="0" crapScore="2" isConstructor="false" isStatic="false" isGetter="true" isSetter="false">
              <Summary numSequencePoints="1" visitedSequencePoints="0" numBranchPoints="1" visitedBranchPoints="0" sequenceCoverage="0" branchCoverage="0" maxCyclomaticComplexity="1" minCyclomaticComplexity="1" maxCrapScore="2" minCrapScore="2" visitedClasses="0" numClasses="0" visitedMethods="0" numMethods="1" />
              <MetadataToken>100663414</MetadataToken>
              <Name>Internal.Microsoft.Extensions.DependencyModel.CompilationOptions Internal.Microsoft.Extensions.DependencyModel.DependencyContext::get_CompilationOptions()</Name>
              <FileRef uid="87" />
              <SequencePoints>
                <SequencePoint vc="0" uspid="2200" ordinal="0" offset="0" sl="55" sc="56" el="55" ec="60" bec="0" bev="0" fileid="87" />
              </SequencePoints>
              <BranchPoints />
              <MethodPoint xsi:type="SequencePoint" vc="0" uspid="2200" ordinal="0" offset="0" sl="55" sc="56" el="55" ec="60" bec="0" bev="0" fileid="87" />
            </Method>
            <Method visited="false" cyclomaticComplexity="1" nPathComplexity="0" sequenceCoverage="0" branchCoverage="0" crapScore="2" isConstructor="false" isStatic="false" isGetter="true" isSetter="false">
              <Summary numSequencePoints="1" visitedSequencePoints="0" numBranchPoints="1" visitedBranchPoints="0" sequenceCoverage="0" branchCoverage="0" maxCyclomaticComplexity="1" minCyclomaticComplexity="1" maxCrapScore="2" minCrapScore="2" visitedClasses="0" numClasses="0" visitedMethods="0" numMethods="1" />
              <MetadataToken>100663415</MetadataToken>
              <Name>System.Collections.Generic.IReadOnlyList`1&lt;Internal.Microsoft.Extensions.DependencyModel.CompilationLibrary&gt; Internal.Microsoft.Extensions.DependencyModel.DependencyContext::get_CompileLibraries()</Name>
              <FileRef uid="87" />
              <SequencePoints>
                <SequencePoint vc="0" uspid="2201" ordinal="0" offset="0" sl="57" sc="69" el="57" ec="73" bec="0" bev="0" fileid="87" />
              </SequencePoints>
              <BranchPoints />
              <MethodPoint xsi:type="SequencePoint" vc="0" uspid="2201" ordinal="0" offset="0" sl="57" sc="69" el="57" ec="73" bec="0" bev="0" fileid="87" />
            </Method>
            <Method visited="false" cyclomaticComplexity="1" nPathComplexity="0" sequenceCoverage="0" branchCoverage="0" crapScore="2" isConstructor="false" isStatic="false" isGetter="true" isSetter="false">
              <Summary numSequencePoints="1" visitedSequencePoints="0" numBranchPoints="1" visitedBranchPoints="0" sequenceCoverage="0" branchCoverage="0" maxCyclomaticComplexity="1" minCyclomaticComplexity="1" maxCrapScore="2" minCrapScore="2" visitedClasses="0" numClasses="0" visitedMethods="0" numMethods="1" />
              <MetadataToken>100663416</MetadataToken>
              <Name>System.Collections.Generic.IReadOnlyList`1&lt;Internal.Microsoft.Extensions.DependencyModel.RuntimeLibrary&gt; Internal.Microsoft.Extensions.DependencyModel.DependencyContext::get_RuntimeLibraries()</Name>
              <FileRef uid="87" />
              <SequencePoints>
                <SequencePoint vc="0" uspid="2202" ordinal="0" offset="0" sl="59" sc="65" el="59" ec="69" bec="0" bev="0" fileid="87" />
              </SequencePoints>
              <BranchPoints />
              <MethodPoint xsi:type="SequencePoint" vc="0" uspid="2202" ordinal="0" offset="0" sl="59" sc="65" el="59" ec="69" bec="0" bev="0" fileid="87" />
            </Method>
            <Method visited="false" cyclomaticComplexity="1" nPathComplexity="0" sequenceCoverage="0" branchCoverage="0" crapScore="2" isConstructor="false" isStatic="false" isGetter="true" isSetter="false">
              <Summary numSequencePoints="1" visitedSequencePoints="0" numBranchPoints="1" visitedBranchPoints="0" sequenceCoverage="0" branchCoverage="0" maxCyclomaticComplexity="1" minCyclomaticComplexity="1" maxCrapScore="2" minCrapScore="2" visitedClasses="0" numClasses="0" visitedMethods="0" numMethods="1" />
              <MetadataToken>100663417</MetadataToken>
              <Name>System.Collections.Generic.IReadOnlyList`1&lt;Internal.Microsoft.Extensions.DependencyModel.RuntimeFallbacks&gt; Internal.Microsoft.Extensions.DependencyModel.DependencyContext::get_RuntimeGraph()</Name>
              <FileRef uid="87" />
              <SequencePoints>
                <SequencePoint vc="0" uspid="2203" ordinal="0" offset="0" sl="61" sc="63" el="61" ec="67" bec="0" bev="0" fileid="87" />
              </SequencePoints>
              <BranchPoints />
              <MethodPoint xsi:type="SequencePoint" vc="0" uspid="2203" ordinal="0" offset="0" sl="61" sc="63" el="61" ec="67" bec="0" bev="0" fileid="87" />
            </Method>
            <Method visited="false" cyclomaticComplexity="6" nPathComplexity="32" sequenceCoverage="0" branchCoverage="0" crapScore="42" isConstructor="true" isStatic="false" isGetter="false" isSetter="false">
              <Summary numSequencePoints="17" visitedSequencePoints="0" numBranchPoints="11" visitedBranchPoints="0" sequenceCoverage="0" branchCoverage="0" maxCyclomaticComplexity="6" minCyclomaticComplexity="6" maxCrapScore="42" minCrapScore="42" visitedClasses="0" numClasses="0" visitedMethods="0" numMethods="1" />
              <MetadataToken>100663411</MetadataToken>
              <Name>System.Void Internal.Microsoft.Extensions.DependencyModel.DependencyContext::.ctor(Internal.Microsoft.Extensions.DependencyModel.TargetInfo,Internal.Microsoft.Extensions.DependencyModel.CompilationOptions,System.Collections.Generic.IEnumerable`1&lt;Internal.Microsoft.Extensions.DependencyModel.CompilationLibrary&gt;,System.Collections.Generic.IEnumerable`1&lt;Internal.Microsoft.Extensions.DependencyModel.RuntimeLibrary&gt;,System.Collections.Generic.IEnumerable`1&lt;Internal.Microsoft.Extensions.DependencyModel.RuntimeFallbacks&gt;)</Name>
              <FileRef uid="87" />
              <SequencePoints>
                <SequencePoint vc="0" uspid="2204" ordinal="0" offset="0" sl="17" sc="9" el="21" ec="56" bec="0" bev="0" fileid="87" />
                <SequencePoint vc="0" uspid="2205" ordinal="1" offset="6" sl="23" sc="13" el="23" ec="32" bec="2" bev="0" fileid="87" />
                <SequencePoint vc="0" uspid="2206" ordinal="2" offset="9" sl="25" sc="17" el="25" ec="65" bec="0" bev="0" fileid="87" />
                <SequencePoint vc="0" uspid="2207" ordinal="3" offset="20" sl="27" sc="13" el="27" ec="44" bec="2" bev="0" fileid="87" />
                <SequencePoint vc="0" uspid="2208" ordinal="4" offset="23" sl="29" sc="17" el="29" ec="77" bec="0" bev="0" fileid="87" />
                <SequencePoint vc="0" uspid="2209" ordinal="5" offset="34" sl="31" sc="13" el="31" ec="42" bec="2" bev="0" fileid="87" />
                <SequencePoint vc="0" uspid="2210" ordinal="6" offset="37" sl="33" sc="17" el="33" ec="75" bec="0" bev="0" fileid="87" />
                <SequencePoint vc="0" uspid="2211" ordinal="7" offset="48" sl="35" sc="13" el="35" ec="42" bec="2" bev="0" fileid="87" />
                <SequencePoint vc="0" uspid="2212" ordinal="8" offset="52" sl="37" sc="17" el="37" ec="75" bec="0" bev="0" fileid="87" />
                <SequencePoint vc="0" uspid="2213" ordinal="9" offset="63" sl="39" sc="13" el="39" ec="38" bec="2" bev="0" fileid="87" />
                <SequencePoint vc="0" uspid="2214" ordinal="10" offset="67" sl="41" sc="17" el="41" ec="71" bec="0" bev="0" fileid="87" />
                <SequencePoint vc="0" uspid="2215" ordinal="11" offset="78" sl="44" sc="13" el="44" ec="29" bec="0" bev="0" fileid="87" />
                <SequencePoint vc="0" uspid="2216" ordinal="12" offset="85" sl="45" sc="13" el="45" ec="53" bec="0" bev="0" fileid="87" />
                <SequencePoint vc="0" uspid="2217" ordinal="13" offset="92" sl="46" sc="13" el="46" ec="59" bec="0" bev="0" fileid="87" />
                <SequencePoint vc="0" uspid="2218" ordinal="14" offset="104" sl="47" sc="13" el="47" ec="59" bec="0" bev="0" fileid="87" />
                <SequencePoint vc="0" uspid="2219" ordinal="15" offset="117" sl="48" sc="13" el="48" ec="51" bec="0" bev="0" fileid="87" />
                <SequencePoint vc="0" uspid="2220" ordinal="16" offset="130" sl="49" sc="9" el="49" ec="10" bec="0" bev="0" fileid="87" />
              </SequencePoints>
              <BranchPoints>
                <BranchPoint vc="0" uspid="2221" ordinal="0" offset="7" sl="23" path="0" offsetend="9" fileid="87" />
                <BranchPoint vc="0" uspid="2222" ordinal="1" offset="7" sl="23" path="1" offsetend="20" fileid="87" />
                <BranchPoint vc="0" uspid="2223" ordinal="2" offset="21" sl="27" path="0" offsetend="23" fileid="87" />
                <BranchPoint vc="0" uspid="2224" ordinal="3" offset="21" sl="27" path="1" offsetend="34" fileid="87" />
                <BranchPoint vc="0" uspid="2225" ordinal="4" offset="35" sl="31" path="0" offsetend="37" fileid="87" />
                <BranchPoint vc="0" uspid="2226" ordinal="5" offset="35" sl="31" path="1" offsetend="48" fileid="87" />
                <BranchPoint vc="0" uspid="2227" ordinal="6" offset="50" sl="35" path="0" offsetend="52" fileid="87" />
                <BranchPoint vc="0" uspid="2228" ordinal="7" offset="50" sl="35" path="1" offsetend="63" fileid="87" />
                <BranchPoint vc="0" uspid="2229" ordinal="8" offset="65" sl="39" path="0" offsetend="67" fileid="87" />
                <BranchPoint vc="0" uspid="2230" ordinal="9" offset="65" sl="39" path="1" offsetend="78" fileid="87" />
              </BranchPoints>
              <MethodPoint xsi:type="SequencePoint" vc="0" uspid="2204" ordinal="0" offset="0" sl="17" sc="9" el="21" ec="56" bec="0" bev="0" fileid="87" />
            </Method>
            <Method visited="false" cyclomaticComplexity="2" nPathComplexity="2" sequenceCoverage="0" branchCoverage="0" crapScore="6" isConstructor="false" isStatic="false" isGetter="false" isSetter="false">
              <Summary numSequencePoints="3" visitedSequencePoints="0" numBranchPoints="3" visitedBranchPoints="0" sequenceCoverage="0" branchCoverage="0" maxCyclomaticComplexity="2" minCyclomaticComplexity="2" maxCrapScore="6" minCrapScore="6" visitedClasses="0" numClasses="0" visitedMethods="0" numMethods="1" />
              <MetadataToken>100663418</MetadataToken>
              <Name>Internal.Microsoft.Extensions.DependencyModel.DependencyContext Internal.Microsoft.Extensions.DependencyModel.DependencyContext::Merge(Internal.Microsoft.Extensions.DependencyModel.DependencyContext)</Name>
              <FileRef uid="87" />
              <SequencePoints>
                <SequencePoint vc="0" uspid="2231" ordinal="0" offset="0" sl="65" sc="13" el="65" ec="31" bec="2" bev="0" fileid="87" />
                <SequencePoint vc="0" uspid="2232" ordinal="1" offset="3" sl="67" sc="17" el="67" ec="64" bec="0" bev="0" fileid="87" />
                <SequencePoint vc="0" uspid="2233" ordinal="2" offset="14" sl="70" sc="13" el="76" ec="19" bec="0" bev="0" fileid="87" />
              </SequencePoints>
              <BranchPoints>
                <BranchPoint vc="0" uspid="2234" ordinal="0" offset="1" sl="65" path="0" offsetend="3" fileid="87" />
                <BranchPoint vc="0" uspid="2235" ordinal="1" offset="1" sl="65" path="1" offsetend="14" fileid="87" />
              </BranchPoints>
              <MethodPoint xsi:type="SequencePoint" vc="0" uspid="2231" ordinal="0" offset="0" sl="65" sc="13" el="65" ec="31" bec="2" bev="0" fileid="87" />
            </Method>
            <Method visited="false" cyclomaticComplexity="2" nPathComplexity="2" sequenceCoverage="0" branchCoverage="0" crapScore="6" isConstructor="false" isStatic="true" isGetter="false" isSetter="false">
              <Summary numSequencePoints="4" visitedSequencePoints="0" numBranchPoints="3" visitedBranchPoints="0" sequenceCoverage="0" branchCoverage="0" maxCyclomaticComplexity="2" minCyclomaticComplexity="2" maxCrapScore="6" minCrapScore="6" visitedClasses="0" numClasses="0" visitedMethods="0" numMethods="1" />
              <MetadataToken>100663419</MetadataToken>
              <Name>Internal.Microsoft.Extensions.DependencyModel.DependencyContext Internal.Microsoft.Extensions.DependencyModel.DependencyContext::LoadDefault()</Name>
              <FileRef uid="87" />
              <SequencePoints>
                <SequencePoint vc="0" uspid="2236" ordinal="0" offset="0" sl="81" sc="13" el="81" ec="61" bec="0" bev="0" fileid="87" />
                <SequencePoint vc="0" uspid="2237" ordinal="1" offset="6" sl="82" sc="13" el="82" ec="39" bec="2" bev="0" fileid="87" />
                <SequencePoint vc="0" uspid="2238" ordinal="2" offset="15" sl="84" sc="17" el="84" ec="29" bec="0" bev="0" fileid="87" />
                <SequencePoint vc="0" uspid="2239" ordinal="3" offset="17" sl="87" sc="13" el="87" ec="40" bec="0" bev="0" fileid="87" />
              </SequencePoints>
              <BranchPoints>
                <BranchPoint vc="0" uspid="2240" ordinal="0" offset="13" sl="82" path="0" offsetend="15" fileid="87" />
                <BranchPoint vc="0" uspid="2241" ordinal="1" offset="13" sl="82" path="1" offsetend="17" fileid="87" />
              </BranchPoints>
              <MethodPoint xsi:type="SequencePoint" vc="0" uspid="2236" ordinal="0" offset="0" sl="81" sc="13" el="81" ec="61" bec="0" bev="0" fileid="87" />
            </Method>
            <Method visited="false" cyclomaticComplexity="1" nPathComplexity="0" sequenceCoverage="0" branchCoverage="0" crapScore="2" isConstructor="false" isStatic="true" isGetter="false" isSetter="false">
              <Summary numSequencePoints="1" visitedSequencePoints="0" numBranchPoints="1" visitedBranchPoints="0" sequenceCoverage="0" branchCoverage="0" maxCyclomaticComplexity="1" minCyclomaticComplexity="1" maxCrapScore="2" minCrapScore="2" visitedClasses="0" numClasses="0" visitedMethods="0" numMethods="1" />
              <MetadataToken>100663420</MetadataToken>
              <Name>Internal.Microsoft.Extensions.DependencyModel.DependencyContext Internal.Microsoft.Extensions.DependencyModel.DependencyContext::Load(System.Reflection.Assembly)</Name>
              <FileRef uid="87" />
              <SequencePoints>
                <SequencePoint vc="0" uspid="2242" ordinal="0" offset="0" sl="92" sc="13" el="92" ec="67" bec="0" bev="0" fileid="87" />
              </SequencePoints>
              <BranchPoints />
              <MethodPoint xsi:type="SequencePoint" vc="0" uspid="2242" ordinal="0" offset="0" sl="92" sc="13" el="92" ec="67" bec="0" bev="0" fileid="87" />
            </Method>
            <Method visited="false" cyclomaticComplexity="1" nPathComplexity="0" sequenceCoverage="0" branchCoverage="0" crapScore="2" isConstructor="true" isStatic="true" isGetter="false" isSetter="false">
              <Summary numSequencePoints="1" visitedSequencePoints="0" numBranchPoints="1" visitedBranchPoints="0" sequenceCoverage="0" branchCoverage="0" maxCyclomaticComplexity="1" minCyclomaticComplexity="1" maxCrapScore="2" minCrapScore="2" visitedClasses="0" numClasses="0" visitedMethods="0" numMethods="1" />
              <MetadataToken>100663421</MetadataToken>
              <Name>System.Void Internal.Microsoft.Extensions.DependencyModel.DependencyContext::.cctor()</Name>
              <FileRef uid="87" />
              <SequencePoints>
                <SequencePoint vc="0" uspid="2243" ordinal="0" offset="0" sl="15" sc="9" el="15" ec="116" bec="0" bev="0" fileid="87" />
              </SequencePoints>
              <BranchPoints />
              <MethodPoint xsi:type="SequencePoint" vc="0" uspid="2243" ordinal="0" offset="0" sl="15" sc="9" el="15" ec="116" bec="0" bev="0" fileid="87" />
            </Method>
          </Methods>
        </Class>
        <Class>
          <Summary numSequencePoints="2" visitedSequencePoints="0" numBranchPoints="2" visitedBranchPoints="0" sequenceCoverage="0" branchCoverage="0" maxCyclomaticComplexity="1" minCyclomaticComplexity="1" maxCrapScore="2" minCrapScore="2" visitedClasses="0" numClasses="1" visitedMethods="0" numMethods="2" />
          <FullName>Internal.Microsoft.Extensions.DependencyModel.DependencyContext/LibraryMergeEqualityComparer`1</FullName>
          <Methods>
            <Method visited="false" cyclomaticComplexity="1" nPathComplexity="0" sequenceCoverage="0" branchCoverage="0" crapScore="2" isConstructor="false" isStatic="false" isGetter="false" isSetter="false">
              <Summary numSequencePoints="1" visitedSequencePoints="0" numBranchPoints="1" visitedBranchPoints="0" sequenceCoverage="0" branchCoverage="0" maxCyclomaticComplexity="1" minCyclomaticComplexity="1" maxCrapScore="2" minCrapScore="2" visitedClasses="0" numClasses="0" visitedMethods="0" numMethods="1" />
              <MetadataToken>100664857</MetadataToken>
              <Name>System.Boolean Internal.Microsoft.Extensions.DependencyModel.DependencyContext/LibraryMergeEqualityComparer`1::Equals(T,T)</Name>
              <FileRef uid="87" />
              <SequencePoints>
                <SequencePoint vc="0" uspid="2244" ordinal="0" offset="0" sl="99" sc="17" el="99" ec="80" bec="0" bev="0" fileid="87" />
              </SequencePoints>
              <BranchPoints />
              <MethodPoint xsi:type="SequencePoint" vc="0" uspid="2244" ordinal="0" offset="0" sl="99" sc="17" el="99" ec="80" bec="0" bev="0" fileid="87" />
            </Method>
            <Method visited="false" cyclomaticComplexity="1" nPathComplexity="0" sequenceCoverage="0" branchCoverage="0" crapScore="2" isConstructor="false" isStatic="false" isGetter="false" isSetter="false">
              <Summary numSequencePoints="1" visitedSequencePoints="0" numBranchPoints="1" visitedBranchPoints="0" sequenceCoverage="0" branchCoverage="0" maxCyclomaticComplexity="1" minCyclomaticComplexity="1" maxCrapScore="2" minCrapScore="2" visitedClasses="0" numClasses="0" visitedMethods="0" numMethods="1" />
              <MetadataToken>100664858</MetadataToken>
              <Name>System.Int32 Internal.Microsoft.Extensions.DependencyModel.DependencyContext/LibraryMergeEqualityComparer`1::GetHashCode(T)</Name>
              <FileRef uid="87" />
              <SequencePoints>
                <SequencePoint vc="0" uspid="2245" ordinal="0" offset="0" sl="104" sc="17" el="104" ec="79" bec="0" bev="0" fileid="87" />
              </SequencePoints>
              <BranchPoints />
              <MethodPoint xsi:type="SequencePoint" vc="0" uspid="2245" ordinal="0" offset="0" sl="104" sc="17" el="104" ec="79" bec="0" bev="0" fileid="87" />
            </Method>
            <Method visited="false" cyclomaticComplexity="1" nPathComplexity="0" sequenceCoverage="0" branchCoverage="0" crapScore="2" isConstructor="true" isStatic="false" isGetter="false" isSetter="false">
              <Summary numSequencePoints="0" visitedSequencePoints="0" numBranchPoints="0" visitedBranchPoints="0" sequenceCoverage="0" branchCoverage="0" maxCyclomaticComplexity="1" minCyclomaticComplexity="1" maxCrapScore="2" minCrapScore="2" visitedClasses="0" numClasses="0" visitedMethods="0" numMethods="0" />
              <MetadataToken>100664859</MetadataToken>
              <Name>System.Void Internal.Microsoft.Extensions.DependencyModel.DependencyContext/LibraryMergeEqualityComparer`1::.ctor()</Name>
              <SequencePoints />
              <BranchPoints />
              <MethodPoint vc="0" uspid="2246" ordinal="0" offset="0" />
            </Method>
          </Methods>
        </Class>
        <Class>
          <Summary numSequencePoints="55" visitedSequencePoints="0" numBranchPoints="51" visitedBranchPoints="0" sequenceCoverage="0" branchCoverage="0" maxCyclomaticComplexity="4" minCyclomaticComplexity="2" maxCrapScore="20" minCrapScore="6" visitedClasses="0" numClasses="1" visitedMethods="0" numMethods="11" />
          <FullName>Internal.Microsoft.Extensions.DependencyModel.DependencyContextExtensions</FullName>
          <Methods>
            <Method visited="false" cyclomaticComplexity="2" nPathComplexity="2" sequenceCoverage="0" branchCoverage="0" crapScore="6" isConstructor="false" isStatic="true" isGetter="false" isSetter="false">
              <Summary numSequencePoints="3" visitedSequencePoints="0" numBranchPoints="3" visitedBranchPoints="0" sequenceCoverage="0" branchCoverage="0" maxCyclomaticComplexity="2" minCyclomaticComplexity="2" maxCrapScore="6" minCrapScore="6" visitedClasses="0" numClasses="0" visitedMethods="0" numMethods="1" />
              <MetadataToken>100663422</MetadataToken>
              <Name>System.Collections.Generic.IEnumerable`1&lt;System.String&gt; Internal.Microsoft.Extensions.DependencyModel.DependencyContextExtensions::GetDefaultNativeAssets(Internal.Microsoft.Extensions.DependencyModel.DependencyContext)</Name>
              <FileRef uid="89" />
              <SequencePoints>
                <SequencePoint vc="0" uspid="2247" ordinal="0" offset="13" sl="17" sc="13" el="17" ec="30" bec="2" bev="0" fileid="89" />
                <SequencePoint vc="0" uspid="2248" ordinal="1" offset="21" sl="19" sc="17" el="19" ec="63" bec="0" bev="0" fileid="89" />
                <SequencePoint vc="0" uspid="2249" ordinal="2" offset="32" sl="21" sc="13" el="21" ec="102" bec="0" bev="0" fileid="89" />
              </SequencePoints>
              <BranchPoints>
                <BranchPoint vc="0" uspid="2250" ordinal="0" offset="19" sl="17" path="0" offsetend="21" fileid="89" />
                <BranchPoint vc="0" uspid="2251" ordinal="1" offset="19" sl="17" path="1" offsetend="32" fileid="89" />
              </BranchPoints>
              <MethodPoint vc="0" uspid="2252" ordinal="0" offset="0" />
            </Method>
            <Method visited="false" cyclomaticComplexity="3" nPathComplexity="4" sequenceCoverage="0" branchCoverage="0" crapScore="12" isConstructor="false" isStatic="true" isGetter="false" isSetter="false">
              <Summary numSequencePoints="5" visitedSequencePoints="0" numBranchPoints="5" visitedBranchPoints="0" sequenceCoverage="0" branchCoverage="0" maxCyclomaticComplexity="3" minCyclomaticComplexity="3" maxCrapScore="12" minCrapScore="12" visitedClasses="0" numClasses="0" visitedMethods="0" numMethods="1" />
              <MetadataToken>100663423</MetadataToken>
              <Name>System.Collections.Generic.IEnumerable`1&lt;System.String&gt; Internal.Microsoft.Extensions.DependencyModel.DependencyContextExtensions::GetRuntimeNativeAssets(Internal.Microsoft.Extensions.DependencyModel.DependencyContext,System.String)</Name>
              <FileRef uid="89" />
              <SequencePoints>
                <SequencePoint vc="0" uspid="2253" ordinal="0" offset="20" sl="26" sc="13" el="26" ec="30" bec="2" bev="0" fileid="89" />
                <SequencePoint vc="0" uspid="2254" ordinal="1" offset="28" sl="28" sc="17" el="28" ec="63" bec="0" bev="0" fileid="89" />
                <SequencePoint vc="0" uspid="2255" ordinal="2" offset="39" sl="30" sc="13" el="30" ec="43" bec="2" bev="0" fileid="89" />
                <SequencePoint vc="0" uspid="2256" ordinal="3" offset="47" sl="32" sc="17" el="32" ec="76" bec="0" bev="0" fileid="89" />
                <SequencePoint vc="0" uspid="2257" ordinal="4" offset="58" sl="34" sc="13" el="34" ec="121" bec="0" bev="0" fileid="89" />
              </SequencePoints>
              <BranchPoints>
                <BranchPoint vc="0" uspid="2258" ordinal="0" offset="26" sl="26" path="0" offsetend="28" fileid="89" />
                <BranchPoint vc="0" uspid="2259" ordinal="1" offset="26" sl="26" path="1" offsetend="39" fileid="89" />
                <BranchPoint vc="0" uspid="2260" ordinal="2" offset="45" sl="30" path="0" offsetend="47" fileid="89" />
                <BranchPoint vc="0" uspid="2261" ordinal="3" offset="45" sl="30" path="1" offsetend="58" fileid="89" />
              </BranchPoints>
              <MethodPoint vc="0" uspid="2262" ordinal="0" offset="0" />
            </Method>
            <Method visited="false" cyclomaticComplexity="2" nPathComplexity="2" sequenceCoverage="0" branchCoverage="0" crapScore="6" isConstructor="false" isStatic="true" isGetter="false" isSetter="false">
              <Summary numSequencePoints="3" visitedSequencePoints="0" numBranchPoints="3" visitedBranchPoints="0" sequenceCoverage="0" branchCoverage="0" maxCyclomaticComplexity="2" minCyclomaticComplexity="2" maxCrapScore="6" minCrapScore="6" visitedClasses="0" numClasses="0" visitedMethods="0" numMethods="1" />
              <MetadataToken>100663424</MetadataToken>
              <Name>System.Collections.Generic.IEnumerable`1&lt;System.String&gt; Internal.Microsoft.Extensions.DependencyModel.DependencyContextExtensions::GetDefaultNativeAssets(Internal.Microsoft.Extensions.DependencyModel.RuntimeLibrary,Internal.Microsoft.Extensions.DependencyModel.DependencyContext)</Name>
              <FileRef uid="89" />
              <SequencePoints>
                <SequencePoint vc="0" uspid="2263" ordinal="0" offset="0" sl="39" sc="13" el="39" ec="30" bec="2" bev="0" fileid="89" />
                <SequencePoint vc="0" uspid="2264" ordinal="1" offset="3" sl="41" sc="17" el="41" ec="63" bec="0" bev="0" fileid="89" />
                <SequencePoint vc="0" uspid="2265" ordinal="2" offset="14" sl="43" sc="13" el="43" ec="83" bec="0" bev="0" fileid="89" />
              </SequencePoints>
              <BranchPoints>
                <BranchPoint vc="0" uspid="2266" ordinal="0" offset="1" sl="39" path="0" offsetend="3" fileid="89" />
                <BranchPoint vc="0" uspid="2267" ordinal="1" offset="1" sl="39" path="1" offsetend="14" fileid="89" />
              </BranchPoints>
              <MethodPoint xsi:type="SequencePoint" vc="0" uspid="2263" ordinal="0" offset="0" sl="39" sc="13" el="39" ec="30" bec="2" bev="0" fileid="89" />
            </Method>
            <Method visited="false" cyclomaticComplexity="4" nPathComplexity="8" sequenceCoverage="0" branchCoverage="0" crapScore="20" isConstructor="false" isStatic="true" isGetter="false" isSetter="false">
              <Summary numSequencePoints="7" visitedSequencePoints="0" numBranchPoints="7" visitedBranchPoints="0" sequenceCoverage="0" branchCoverage="0" maxCyclomaticComplexity="4" minCyclomaticComplexity="4" maxCrapScore="20" minCrapScore="20" visitedClasses="0" numClasses="0" visitedMethods="0" numMethods="1" />
              <MetadataToken>100663425</MetadataToken>
              <Name>System.Collections.Generic.IEnumerable`1&lt;System.String&gt; Internal.Microsoft.Extensions.DependencyModel.DependencyContextExtensions::GetRuntimeNativeAssets(Internal.Microsoft.Extensions.DependencyModel.RuntimeLibrary,Internal.Microsoft.Extensions.DependencyModel.DependencyContext,System.String)</Name>
              <FileRef uid="89" />
              <SequencePoints>
                <SequencePoint vc="0" uspid="2268" ordinal="0" offset="0" sl="48" sc="13" el="48" ec="30" bec="2" bev="0" fileid="89" />
                <SequencePoint vc="0" uspid="2269" ordinal="1" offset="3" sl="50" sc="17" el="50" ec="63" bec="0" bev="0" fileid="89" />
                <SequencePoint vc="0" uspid="2270" ordinal="2" offset="14" sl="52" sc="13" el="52" ec="33" bec="2" bev="0" fileid="89" />
                <SequencePoint vc="0" uspid="2271" ordinal="3" offset="17" sl="54" sc="17" el="54" ec="66" bec="0" bev="0" fileid="89" />
                <SequencePoint vc="0" uspid="2272" ordinal="4" offset="28" sl="56" sc="13" el="56" ec="43" bec="2" bev="0" fileid="89" />
                <SequencePoint vc="0" uspid="2273" ordinal="5" offset="31" sl="58" sc="17" el="58" ec="76" bec="0" bev="0" fileid="89" />
                <SequencePoint vc="0" uspid="2274" ordinal="6" offset="42" sl="60" sc="13" el="60" ec="88" bec="0" bev="0" fileid="89" />
              </SequencePoints>
              <BranchPoints>
                <BranchPoint vc="0" uspid="2275" ordinal="0" offset="1" sl="48" path="0" offsetend="3" fileid="89" />
                <BranchPoint vc="0" uspid="2276" ordinal="1" offset="1" sl="48" path="1" offsetend="14" fileid="89" />
                <BranchPoint vc="0" uspid="2277" ordinal="2" offset="15" sl="52" path="0" offsetend="17" fileid="89" />
                <BranchPoint vc="0" uspid="2278" ordinal="3" offset="15" sl="52" path="1" offsetend="28" fileid="89" />
                <BranchPoint vc="0" uspid="2279" ordinal="4" offset="29" sl="56" path="0" offsetend="31" fileid="89" />
                <BranchPoint vc="0" uspid="2280" ordinal="5" offset="29" sl="56" path="1" offsetend="42" fileid="89" />
              </BranchPoints>
              <MethodPoint xsi:type="SequencePoint" vc="0" uspid="2268" ordinal="0" offset="0" sl="48" sc="13" el="48" ec="30" bec="2" bev="0" fileid="89" />
            </Method>
            <Method visited="false" cyclomaticComplexity="2" nPathComplexity="2" sequenceCoverage="0" branchCoverage="0" crapScore="6" isConstructor="false" isStatic="true" isGetter="false" isSetter="false">
              <Summary numSequencePoints="3" visitedSequencePoints="0" numBranchPoints="3" visitedBranchPoints="0" sequenceCoverage="0" branchCoverage="0" maxCyclomaticComplexity="2" minCyclomaticComplexity="2" maxCrapScore="6" minCrapScore="6" visitedClasses="0" numClasses="0" visitedMethods="0" numMethods="1" />
              <MetadataToken>100663426</MetadataToken>
              <Name>System.Collections.Generic.IEnumerable`1&lt;System.Reflection.AssemblyName&gt; Internal.Microsoft.Extensions.DependencyModel.DependencyContextExtensions::GetDefaultAssemblyNames(Internal.Microsoft.Extensions.DependencyModel.DependencyContext)</Name>
              <FileRef uid="89" />
              <SequencePoints>
                <SequencePoint vc="0" uspid="2281" ordinal="0" offset="13" sl="65" sc="13" el="65" ec="30" bec="2" bev="0" fileid="89" />
                <SequencePoint vc="0" uspid="2282" ordinal="1" offset="21" sl="67" sc="17" el="67" ec="63" bec="0" bev="0" fileid="89" />
                <SequencePoint vc="0" uspid="2283" ordinal="2" offset="32" sl="69" sc="13" el="69" ec="103" bec="0" bev="0" fileid="89" />
              </SequencePoints>
              <BranchPoints>
                <BranchPoint vc="0" uspid="2284" ordinal="0" offset="19" sl="65" path="0" offsetend="21" fileid="89" />
                <BranchPoint vc="0" uspid="2285" ordinal="1" offset="19" sl="65" path="1" offsetend="32" fileid="89" />
              </BranchPoints>
              <MethodPoint vc="0" uspid="2286" ordinal="0" offset="0" />
            </Method>
            <Method visited="false" cyclomaticComplexity="3" nPathComplexity="4" sequenceCoverage="0" branchCoverage="0" crapScore="12" isConstructor="false" isStatic="true" isGetter="false" isSetter="false">
              <Summary numSequencePoints="5" visitedSequencePoints="0" numBranchPoints="5" visitedBranchPoints="0" sequenceCoverage="0" branchCoverage="0" maxCyclomaticComplexity="3" minCyclomaticComplexity="3" maxCrapScore="12" minCrapScore="12" visitedClasses="0" numClasses="0" visitedMethods="0" numMethods="1" />
              <MetadataToken>100663427</MetadataToken>
              <Name>System.Collections.Generic.IEnumerable`1&lt;System.Reflection.AssemblyName&gt; Internal.Microsoft.Extensions.DependencyModel.DependencyContextExtensions::GetRuntimeAssemblyNames(Internal.Microsoft.Extensions.DependencyModel.DependencyContext,System.String)</Name>
              <FileRef uid="89" />
              <SequencePoints>
                <SequencePoint vc="0" uspid="2287" ordinal="0" offset="20" sl="74" sc="13" el="74" ec="30" bec="2" bev="0" fileid="89" />
                <SequencePoint vc="0" uspid="2288" ordinal="1" offset="28" sl="76" sc="17" el="76" ec="63" bec="0" bev="0" fileid="89" />
                <SequencePoint vc="0" uspid="2289" ordinal="2" offset="39" sl="78" sc="13" el="78" ec="43" bec="2" bev="0" fileid="89" />
                <SequencePoint vc="0" uspid="2290" ordinal="3" offset="47" sl="80" sc="17" el="80" ec="76" bec="0" bev="0" fileid="89" />
                <SequencePoint vc="0" uspid="2291" ordinal="4" offset="58" sl="82" sc="13" el="82" ec="122" bec="0" bev="0" fileid="89" />
              </SequencePoints>
              <BranchPoints>
                <BranchPoint vc="0" uspid="2292" ordinal="0" offset="26" sl="74" path="0" offsetend="28" fileid="89" />
                <BranchPoint vc="0" uspid="2293" ordinal="1" offset="26" sl="74" path="1" offsetend="39" fileid="89" />
                <BranchPoint vc="0" uspid="2294" ordinal="2" offset="45" sl="78" path="0" offsetend="47" fileid="89" />
                <BranchPoint vc="0" uspid="2295" ordinal="3" offset="45" sl="78" path="1" offsetend="58" fileid="89" />
              </BranchPoints>
              <MethodPoint vc="0" uspid="2296" ordinal="0" offset="0" />
            </Method>
            <Method visited="false" cyclomaticComplexity="3" nPathComplexity="4" sequenceCoverage="0" branchCoverage="0" crapScore="12" isConstructor="false" isStatic="true" isGetter="false" isSetter="false">
              <Summary numSequencePoints="5" visitedSequencePoints="0" numBranchPoints="5" visitedBranchPoints="0" sequenceCoverage="0" branchCoverage="0" maxCyclomaticComplexity="3" minCyclomaticComplexity="3" maxCrapScore="12" minCrapScore="12" visitedClasses="0" numClasses="0" visitedMethods="0" numMethods="1" />
              <MetadataToken>100663428</MetadataToken>
              <Name>System.Collections.Generic.IEnumerable`1&lt;System.Reflection.AssemblyName&gt; Internal.Microsoft.Extensions.DependencyModel.DependencyContextExtensions::GetDefaultAssemblyNames(Internal.Microsoft.Extensions.DependencyModel.RuntimeLibrary,Internal.Microsoft.Extensions.DependencyModel.DependencyContext)</Name>
              <FileRef uid="89" />
              <SequencePoints>
                <SequencePoint vc="0" uspid="2297" ordinal="0" offset="0" sl="87" sc="13" el="87" ec="30" bec="2" bev="0" fileid="89" />
                <SequencePoint vc="0" uspid="2298" ordinal="1" offset="3" sl="89" sc="17" el="89" ec="63" bec="0" bev="0" fileid="89" />
                <SequencePoint vc="0" uspid="2299" ordinal="2" offset="14" sl="91" sc="13" el="91" ec="33" bec="2" bev="0" fileid="89" />
                <SequencePoint vc="0" uspid="2300" ordinal="3" offset="17" sl="93" sc="17" el="93" ec="66" bec="0" bev="0" fileid="89" />
                <SequencePoint vc="0" uspid="2301" ordinal="4" offset="28" sl="95" sc="13" el="95" ec="109" bec="0" bev="0" fileid="89" />
              </SequencePoints>
              <BranchPoints>
                <BranchPoint vc="0" uspid="2302" ordinal="0" offset="1" sl="87" path="0" offsetend="3" fileid="89" />
                <BranchPoint vc="0" uspid="2303" ordinal="1" offset="1" sl="87" path="1" offsetend="14" fileid="89" />
                <BranchPoint vc="0" uspid="2304" ordinal="2" offset="15" sl="91" path="0" offsetend="17" fileid="89" />
                <BranchPoint vc="0" uspid="2305" ordinal="3" offset="15" sl="91" path="1" offsetend="28" fileid="89" />
              </BranchPoints>
              <MethodPoint xsi:type="SequencePoint" vc="0" uspid="2297" ordinal="0" offset="0" sl="87" sc="13" el="87" ec="30" bec="2" bev="0" fileid="89" />
            </Method>
            <Method visited="false" cyclomaticComplexity="4" nPathComplexity="8" sequenceCoverage="0" branchCoverage="0" crapScore="20" isConstructor="false" isStatic="true" isGetter="false" isSetter="false">
              <Summary numSequencePoints="7" visitedSequencePoints="0" numBranchPoints="7" visitedBranchPoints="0" sequenceCoverage="0" branchCoverage="0" maxCyclomaticComplexity="4" minCyclomaticComplexity="4" maxCrapScore="20" minCrapScore="20" visitedClasses="0" numClasses="0" visitedMethods="0" numMethods="1" />
              <MetadataToken>100663429</MetadataToken>
              <Name>System.Collections.Generic.IEnumerable`1&lt;System.Reflection.AssemblyName&gt; Internal.Microsoft.Extensions.DependencyModel.DependencyContextExtensions::GetRuntimeAssemblyNames(Internal.Microsoft.Extensions.DependencyModel.RuntimeLibrary,Internal.Microsoft.Extensions.DependencyModel.DependencyContext,System.String)</Name>
              <FileRef uid="89" />
              <SequencePoints>
                <SequencePoint vc="0" uspid="2306" ordinal="0" offset="0" sl="100" sc="13" el="100" ec="30" bec="2" bev="0" fileid="89" />
                <SequencePoint vc="0" uspid="2307" ordinal="1" offset="3" sl="102" sc="17" el="102" ec="63" bec="0" bev="0" fileid="89" />
                <SequencePoint vc="0" uspid="2308" ordinal="2" offset="14" sl="104" sc="13" el="104" ec="33" bec="2" bev="0" fileid="89" />
                <SequencePoint vc="0" uspid="2309" ordinal="3" offset="17" sl="106" sc="17" el="106" ec="66" bec="0" bev="0" fileid="89" />
                <SequencePoint vc="0" uspid="2310" ordinal="4" offset="28" sl="108" sc="13" el="108" ec="43" bec="2" bev="0" fileid="89" />
                <SequencePoint vc="0" uspid="2311" ordinal="5" offset="31" sl="110" sc="17" el="110" ec="76" bec="0" bev="0" fileid="89" />
                <SequencePoint vc="0" uspid="2312" ordinal="6" offset="42" sl="112" sc="13" el="112" ec="114" bec="0" bev="0" fileid="89" />
              </SequencePoints>
              <BranchPoints>
                <BranchPoint vc="0" uspid="2313" ordinal="0" offset="1" sl="100" path="0" offsetend="3" fileid="89" />
                <BranchPoint vc="0" uspid="2314" ordinal="1" offset="1" sl="100" path="1" offsetend="14" fileid="89" />
                <BranchPoint vc="0" uspid="2315" ordinal="2" offset="15" sl="104" path="0" offsetend="17" fileid="89" />
                <BranchPoint vc="0" uspid="2316" ordinal="3" offset="15" sl="104" path="1" offsetend="28" fileid="89" />
                <BranchPoint vc="0" uspid="2317" ordinal="4" offset="29" sl="108" path="0" offsetend="31" fileid="89" />
                <BranchPoint vc="0" uspid="2318" ordinal="5" offset="29" sl="108" path="1" offsetend="42" fileid="89" />
              </BranchPoints>
              <MethodPoint xsi:type="SequencePoint" vc="0" uspid="2306" ordinal="0" offset="0" sl="100" sc="13" el="100" ec="30" bec="2" bev="0" fileid="89" />
            </Method>
            <Method visited="false" cyclomaticComplexity="3" nPathComplexity="4" sequenceCoverage="0" branchCoverage="0" crapScore="12" isConstructor="false" isStatic="true" isGetter="false" isSetter="false">
              <Summary numSequencePoints="6" visitedSequencePoints="0" numBranchPoints="5" visitedBranchPoints="0" sequenceCoverage="0" branchCoverage="0" maxCyclomaticComplexity="3" minCyclomaticComplexity="3" maxCrapScore="12" minCrapScore="12" visitedClasses="0" numClasses="0" visitedMethods="0" numMethods="1" />
              <MetadataToken>100663430</MetadataToken>
              <Name>System.Reflection.AssemblyName Internal.Microsoft.Extensions.DependencyModel.DependencyContextExtensions::GetAssemblyName(System.String)</Name>
              <FileRef uid="89" />
              <SequencePoints>
                <SequencePoint vc="0" uspid="2319" ordinal="0" offset="0" sl="117" sc="13" el="117" ec="68" bec="0" bev="0" fileid="89" />
                <SequencePoint vc="0" uspid="2320" ordinal="1" offset="7" sl="118" sc="13" el="118" ec="30" bec="2" bev="0" fileid="89" />
                <SequencePoint vc="0" uspid="2321" ordinal="2" offset="10" sl="120" sc="17" el="120" ec="116" bec="0" bev="0" fileid="89" />
                <SequencePoint vc="0" uspid="2322" ordinal="3" offset="32" sl="123" sc="13" el="123" ec="49" bec="2" bev="0" fileid="89" />
                <SequencePoint vc="0" uspid="2323" ordinal="4" offset="45" sl="125" sc="17" el="125" ec="81" bec="0" bev="0" fileid="89" />
                <SequencePoint vc="0" uspid="2324" ordinal="5" offset="70" sl="128" sc="13" el="128" ec="43" bec="0" bev="0" fileid="89" />
              </SequencePoints>
              <BranchPoints>
                <BranchPoint vc="0" uspid="2325" ordinal="0" offset="8" sl="118" path="0" offsetend="10" fileid="89" />
                <BranchPoint vc="0" uspid="2326" ordinal="1" offset="8" sl="118" path="1" offsetend="32" fileid="89" />
                <BranchPoint vc="0" uspid="2327" ordinal="2" offset="43" sl="123" path="0" offsetend="45" fileid="89" />
                <BranchPoint vc="0" uspid="2328" ordinal="3" offset="43" sl="123" path="1" offsetend="70" fileid="89" />
              </BranchPoints>
              <MethodPoint xsi:type="SequencePoint" vc="0" uspid="2319" ordinal="0" offset="0" sl="117" sc="13" el="117" ec="68" bec="0" bev="0" fileid="89" />
            </Method>
            <Method visited="false" cyclomaticComplexity="4" nPathComplexity="4" sequenceCoverage="0" branchCoverage="0" crapScore="20" isConstructor="false" isStatic="true" isGetter="false" isSetter="false">
              <Summary numSequencePoints="3" visitedSequencePoints="0" numBranchPoints="5" visitedBranchPoints="0" sequenceCoverage="0" branchCoverage="0" maxCyclomaticComplexity="4" minCyclomaticComplexity="4" maxCrapScore="20" minCrapScore="20" visitedClasses="0" numClasses="0" visitedMethods="0" numMethods="1" />
              <MetadataToken>100663431</MetadataToken>
              <Name>System.Collections.Generic.IEnumerable`1&lt;System.String&gt; Internal.Microsoft.Extensions.DependencyModel.DependencyContextExtensions::ResolveAssets(Internal.Microsoft.Extensions.DependencyModel.DependencyContext,System.String,System.Collections.Generic.IEnumerable`1&lt;Internal.Microsoft.Extensions.DependencyModel.RuntimeAssetGroup&gt;)</Name>
              <FileRef uid="89" />
              <SequencePoints>
                <SequencePoint vc="0" uspid="2329" ordinal="0" offset="13" sl="136" sc="13" el="136" ec="102" bec="0" bev="0" fileid="89" />
                <SequencePoint vc="0" uspid="2330" ordinal="1" offset="37" sl="137" sc="13" el="137" ec="123" bec="4" bev="0" fileid="89" />
                <SequencePoint vc="0" uspid="2331" ordinal="2" offset="80" sl="138" sc="13" el="138" ec="47" bec="0" bev="0" fileid="89" />
              </SequencePoints>
              <BranchPoints>
                <BranchPoint vc="0" uspid="2332" ordinal="0" offset="53" sl="137" path="0" offsetend="55" fileid="89" />
                <BranchPoint vc="0" uspid="2333" ordinal="1" offset="53" sl="137" path="1" offsetend="58" fileid="89" />
                <BranchPoint vc="0" uspid="2334" ordinal="2" offset="67" sl="137" path="0" offsetend="69" fileid="89" />
                <BranchPoint vc="0" uspid="2335" ordinal="3" offset="67" sl="137" path="1" offsetend="75" fileid="89" />
              </BranchPoints>
              <MethodPoint vc="0" uspid="2336" ordinal="0" offset="0" />
            </Method>
            <Method visited="false" cyclomaticComplexity="4" nPathComplexity="2" sequenceCoverage="0" branchCoverage="0" crapScore="20" isConstructor="false" isStatic="true" isGetter="false" isSetter="false">
              <Summary numSequencePoints="8" visitedSequencePoints="0" numBranchPoints="3" visitedBranchPoints="0" sequenceCoverage="0" branchCoverage="0" maxCyclomaticComplexity="4" minCyclomaticComplexity="4" maxCrapScore="20" minCrapScore="20" visitedClasses="0" numClasses="0" visitedMethods="0" numMethods="1" />
              <MetadataToken>100663432</MetadataToken>
              <Name>System.Collections.Generic.IEnumerable`1&lt;System.String&gt; Internal.Microsoft.Extensions.DependencyModel.DependencyContextExtensions::SelectAssets(System.Collections.Generic.IEnumerable`1&lt;System.String&gt;,System.Collections.Generic.IEnumerable`1&lt;Internal.Microsoft.Extensions.DependencyModel.RuntimeAssetGroup&gt;)</Name>
              <FileRef uid="89" />
              <SequencePoints>
                <SequencePoint vc="0" uspid="2337" ordinal="0" offset="0" sl="143" sc="33" el="143" ec="37" bec="0" bev="0" fileid="89" />
                <SequencePoint vc="0" uspid="2338" ordinal="1" offset="15" sl="143" sc="22" el="143" ec="29" bec="0" bev="0" fileid="89" />
                <SequencePoint vc="0" uspid="2339" ordinal="2" offset="27" sl="145" sc="17" el="145" ec="74" bec="0" bev="0" fileid="89" />
                <SequencePoint vc="0" uspid="2340" ordinal="3" offset="46" sl="146" sc="17" el="146" ec="35" bec="2" bev="0" fileid="89" />
                <SequencePoint vc="0" uspid="2341" ordinal="4" offset="49" sl="148" sc="21" el="148" ec="45" bec="0" bev="0" fileid="89" />
                <SequencePoint vc="0" uspid="2342" ordinal="5" offset="58" sl="143" sc="30" el="143" ec="32" bec="0" bev="0" fileid="89" />
                <SequencePoint vc="0" uspid="2343" ordinal="6" offset="78" sl="153" sc="13" el="153" ec="46" bec="0" bev="0" fileid="89" />
                <SequencePoint vc="0" uspid="2344" ordinal="7" offset="85" sl="154" sc="9" el="154" ec="10" bec="0" bev="0" fileid="89" />
              </SequencePoints>
              <BranchPoints>
                <BranchPoint vc="0" uspid="2345" ordinal="0" offset="47" sl="146" path="0" offsetend="49" fileid="89" />
                <BranchPoint vc="0" uspid="2346" ordinal="1" offset="47" sl="146" path="1" offsetend="58" fileid="89" />
              </BranchPoints>
              <MethodPoint xsi:type="SequencePoint" vc="0" uspid="2337" ordinal="0" offset="0" sl="143" sc="33" el="143" ec="37" bec="0" bev="0" fileid="89" />
            </Method>
          </Methods>
        </Class>
        <Class>
          <Summary numSequencePoints="1" visitedSequencePoints="0" numBranchPoints="1" visitedBranchPoints="0" sequenceCoverage="0" branchCoverage="0" maxCyclomaticComplexity="1" minCyclomaticComplexity="1" maxCrapScore="2" minCrapScore="2" visitedClasses="0" numClasses="1" visitedMethods="0" numMethods="1" />
          <FullName>Internal.Microsoft.Extensions.DependencyModel.DependencyContextExtensions/&lt;&gt;c__DisplayClass1_0</FullName>
          <Methods>
            <Method visited="false" cyclomaticComplexity="1" nPathComplexity="0" sequenceCoverage="0" branchCoverage="0" crapScore="2" isConstructor="true" isStatic="false" isGetter="false" isSetter="false">
              <Summary numSequencePoints="0" visitedSequencePoints="0" numBranchPoints="0" visitedBranchPoints="0" sequenceCoverage="0" branchCoverage="0" maxCyclomaticComplexity="1" minCyclomaticComplexity="1" maxCrapScore="2" minCrapScore="2" visitedClasses="0" numClasses="0" visitedMethods="0" numMethods="0" />
              <MetadataToken>100664860</MetadataToken>
              <Name>System.Void Internal.Microsoft.Extensions.DependencyModel.DependencyContextExtensions/&lt;&gt;c__DisplayClass1_0::.ctor()</Name>
              <SequencePoints />
              <BranchPoints />
              <MethodPoint vc="0" uspid="2349" ordinal="0" offset="0" />
            </Method>
            <Method visited="false" cyclomaticComplexity="1" nPathComplexity="0" sequenceCoverage="0" branchCoverage="0" crapScore="2" isConstructor="false" isStatic="false" isGetter="false" isSetter="false">
              <Summary numSequencePoints="1" visitedSequencePoints="0" numBranchPoints="1" visitedBranchPoints="0" sequenceCoverage="0" branchCoverage="0" maxCyclomaticComplexity="1" minCyclomaticComplexity="1" maxCrapScore="2" minCrapScore="2" visitedClasses="0" numClasses="0" visitedMethods="0" numMethods="1" />
              <MetadataToken>100664861</MetadataToken>
              <Name>System.Collections.Generic.IEnumerable`1&lt;System.String&gt; Internal.Microsoft.Extensions.DependencyModel.DependencyContextExtensions/&lt;&gt;c__DisplayClass1_0::&lt;GetDefaultNativeAssets&gt;b__0(Internal.Microsoft.Extensions.DependencyModel.RuntimeLibrary)</Name>
              <FileRef uid="89" />
              <SequencePoints>
                <SequencePoint vc="0" uspid="2350" ordinal="0" offset="0" sl="21" sc="64" el="21" ec="100" bec="0" bev="0" fileid="89" />
              </SequencePoints>
              <BranchPoints />
              <MethodPoint xsi:type="SequencePoint" vc="0" uspid="2350" ordinal="0" offset="0" sl="21" sc="64" el="21" ec="100" bec="0" bev="0" fileid="89" />
            </Method>
          </Methods>
        </Class>
        <Class>
          <Summary numSequencePoints="1" visitedSequencePoints="0" numBranchPoints="1" visitedBranchPoints="0" sequenceCoverage="0" branchCoverage="0" maxCyclomaticComplexity="1" minCyclomaticComplexity="1" maxCrapScore="2" minCrapScore="2" visitedClasses="0" numClasses="1" visitedMethods="0" numMethods="1" />
          <FullName>Internal.Microsoft.Extensions.DependencyModel.DependencyContextExtensions/&lt;&gt;c__DisplayClass2_0</FullName>
          <Methods>
            <Method visited="false" cyclomaticComplexity="1" nPathComplexity="0" sequenceCoverage="0" branchCoverage="0" crapScore="2" isConstructor="true" isStatic="false" isGetter="false" isSetter="false">
              <Summary numSequencePoints="0" visitedSequencePoints="0" numBranchPoints="0" visitedBranchPoints="0" sequenceCoverage="0" branchCoverage="0" maxCyclomaticComplexity="1" minCyclomaticComplexity="1" maxCrapScore="2" minCrapScore="2" visitedClasses="0" numClasses="0" visitedMethods="0" numMethods="0" />
              <MetadataToken>100664862</MetadataToken>
              <Name>System.Void Internal.Microsoft.Extensions.DependencyModel.DependencyContextExtensions/&lt;&gt;c__DisplayClass2_0::.ctor()</Name>
              <SequencePoints />
              <BranchPoints />
              <MethodPoint vc="0" uspid="2351" ordinal="0" offset="0" />
            </Method>
            <Method visited="false" cyclomaticComplexity="1" nPathComplexity="0" sequenceCoverage="0" branchCoverage="0" crapScore="2" isConstructor="false" isStatic="false" isGetter="false" isSetter="false">
              <Summary numSequencePoints="1" visitedSequencePoints="0" numBranchPoints="1" visitedBranchPoints="0" sequenceCoverage="0" branchCoverage="0" maxCyclomaticComplexity="1" minCyclomaticComplexity="1" maxCrapScore="2" minCrapScore="2" visitedClasses="0" numClasses="0" visitedMethods="0" numMethods="1" />
              <MetadataToken>100664863</MetadataToken>
              <Name>System.Collections.Generic.IEnumerable`1&lt;System.String&gt; Internal.Microsoft.Extensions.DependencyModel.DependencyContextExtensions/&lt;&gt;c__DisplayClass2_0::&lt;GetRuntimeNativeAssets&gt;b__0(Internal.Microsoft.Extensions.DependencyModel.RuntimeLibrary)</Name>
              <FileRef uid="89" />
              <SequencePoints>
                <SequencePoint vc="0" uspid="2352" ordinal="0" offset="0" sl="34" sc="64" el="34" ec="119" bec="0" bev="0" fileid="89" />
              </SequencePoints>
              <BranchPoints />
              <MethodPoint xsi:type="SequencePoint" vc="0" uspid="2352" ordinal="0" offset="0" sl="34" sc="64" el="34" ec="119" bec="0" bev="0" fileid="89" />
            </Method>
          </Methods>
        </Class>
        <Class>
          <Summary numSequencePoints="1" visitedSequencePoints="0" numBranchPoints="1" visitedBranchPoints="0" sequenceCoverage="0" branchCoverage="0" maxCyclomaticComplexity="1" minCyclomaticComplexity="1" maxCrapScore="2" minCrapScore="2" visitedClasses="0" numClasses="1" visitedMethods="0" numMethods="1" />
          <FullName>Internal.Microsoft.Extensions.DependencyModel.DependencyContextExtensions/&lt;&gt;c__DisplayClass5_0</FullName>
          <Methods>
            <Method visited="false" cyclomaticComplexity="1" nPathComplexity="0" sequenceCoverage="0" branchCoverage="0" crapScore="2" isConstructor="true" isStatic="false" isGetter="false" isSetter="false">
              <Summary numSequencePoints="0" visitedSequencePoints="0" numBranchPoints="0" visitedBranchPoints="0" sequenceCoverage="0" branchCoverage="0" maxCyclomaticComplexity="1" minCyclomaticComplexity="1" maxCrapScore="2" minCrapScore="2" visitedClasses="0" numClasses="0" visitedMethods="0" numMethods="0" />
              <MetadataToken>100664864</MetadataToken>
              <Name>System.Void Internal.Microsoft.Extensions.DependencyModel.DependencyContextExtensions/&lt;&gt;c__DisplayClass5_0::.ctor()</Name>
              <SequencePoints />
              <BranchPoints />
              <MethodPoint vc="0" uspid="2353" ordinal="0" offset="0" />
            </Method>
            <Method visited="false" cyclomaticComplexity="1" nPathComplexity="0" sequenceCoverage="0" branchCoverage="0" crapScore="2" isConstructor="false" isStatic="false" isGetter="false" isSetter="false">
              <Summary numSequencePoints="1" visitedSequencePoints="0" numBranchPoints="1" visitedBranchPoints="0" sequenceCoverage="0" branchCoverage="0" maxCyclomaticComplexity="1" minCyclomaticComplexity="1" maxCrapScore="2" minCrapScore="2" visitedClasses="0" numClasses="0" visitedMethods="0" numMethods="1" />
              <MetadataToken>100664865</MetadataToken>
              <Name>System.Collections.Generic.IEnumerable`1&lt;System.Reflection.AssemblyName&gt; Internal.Microsoft.Extensions.DependencyModel.DependencyContextExtensions/&lt;&gt;c__DisplayClass5_0::&lt;GetDefaultAssemblyNames&gt;b__0(Internal.Microsoft.Extensions.DependencyModel.RuntimeLibrary)</Name>
              <FileRef uid="89" />
              <SequencePoints>
                <SequencePoint vc="0" uspid="2354" ordinal="0" offset="0" sl="69" sc="64" el="69" ec="101" bec="0" bev="0" fileid="89" />
              </SequencePoints>
              <BranchPoints />
              <MethodPoint xsi:type="SequencePoint" vc="0" uspid="2354" ordinal="0" offset="0" sl="69" sc="64" el="69" ec="101" bec="0" bev="0" fileid="89" />
            </Method>
          </Methods>
        </Class>
        <Class>
          <Summary numSequencePoints="1" visitedSequencePoints="0" numBranchPoints="1" visitedBranchPoints="0" sequenceCoverage="0" branchCoverage="0" maxCyclomaticComplexity="1" minCyclomaticComplexity="1" maxCrapScore="2" minCrapScore="2" visitedClasses="0" numClasses="1" visitedMethods="0" numMethods="1" />
          <FullName>Internal.Microsoft.Extensions.DependencyModel.DependencyContextExtensions/&lt;&gt;c__DisplayClass6_0</FullName>
          <Methods>
            <Method visited="false" cyclomaticComplexity="1" nPathComplexity="0" sequenceCoverage="0" branchCoverage="0" crapScore="2" isConstructor="true" isStatic="false" isGetter="false" isSetter="false">
              <Summary numSequencePoints="0" visitedSequencePoints="0" numBranchPoints="0" visitedBranchPoints="0" sequenceCoverage="0" branchCoverage="0" maxCyclomaticComplexity="1" minCyclomaticComplexity="1" maxCrapScore="2" minCrapScore="2" visitedClasses="0" numClasses="0" visitedMethods="0" numMethods="0" />
              <MetadataToken>100664866</MetadataToken>
              <Name>System.Void Internal.Microsoft.Extensions.DependencyModel.DependencyContextExtensions/&lt;&gt;c__DisplayClass6_0::.ctor()</Name>
              <SequencePoints />
              <BranchPoints />
              <MethodPoint vc="0" uspid="2355" ordinal="0" offset="0" />
            </Method>
            <Method visited="false" cyclomaticComplexity="1" nPathComplexity="0" sequenceCoverage="0" branchCoverage="0" crapScore="2" isConstructor="false" isStatic="false" isGetter="false" isSetter="false">
              <Summary numSequencePoints="1" visitedSequencePoints="0" numBranchPoints="1" visitedBranchPoints="0" sequenceCoverage="0" branchCoverage="0" maxCyclomaticComplexity="1" minCyclomaticComplexity="1" maxCrapScore="2" minCrapScore="2" visitedClasses="0" numClasses="0" visitedMethods="0" numMethods="1" />
              <MetadataToken>100664867</MetadataToken>
              <Name>System.Collections.Generic.IEnumerable`1&lt;System.Reflection.AssemblyName&gt; Internal.Microsoft.Extensions.DependencyModel.DependencyContextExtensions/&lt;&gt;c__DisplayClass6_0::&lt;GetRuntimeAssemblyNames&gt;b__0(Internal.Microsoft.Extensions.DependencyModel.RuntimeLibrary)</Name>
              <FileRef uid="89" />
              <SequencePoints>
                <SequencePoint vc="0" uspid="2356" ordinal="0" offset="0" sl="82" sc="64" el="82" ec="120" bec="0" bev="0" fileid="89" />
              </SequencePoints>
              <BranchPoints />
              <MethodPoint xsi:type="SequencePoint" vc="0" uspid="2356" ordinal="0" offset="0" sl="82" sc="64" el="82" ec="120" bec="0" bev="0" fileid="89" />
            </Method>
          </Methods>
        </Class>
        <Class>
          <Summary numSequencePoints="1" visitedSequencePoints="0" numBranchPoints="1" visitedBranchPoints="0" sequenceCoverage="0" branchCoverage="0" maxCyclomaticComplexity="1" minCyclomaticComplexity="1" maxCrapScore="2" minCrapScore="2" visitedClasses="0" numClasses="1" visitedMethods="0" numMethods="1" />
          <FullName>Internal.Microsoft.Extensions.DependencyModel.DependencyContextExtensions/&lt;&gt;c__DisplayClass10_0</FullName>
          <Methods>
            <Method visited="false" cyclomaticComplexity="1" nPathComplexity="0" sequenceCoverage="0" branchCoverage="0" crapScore="2" isConstructor="true" isStatic="false" isGetter="false" isSetter="false">
              <Summary numSequencePoints="0" visitedSequencePoints="0" numBranchPoints="0" visitedBranchPoints="0" sequenceCoverage="0" branchCoverage="0" maxCyclomaticComplexity="1" minCyclomaticComplexity="1" maxCrapScore="2" minCrapScore="2" visitedClasses="0" numClasses="0" visitedMethods="0" numMethods="0" />
              <MetadataToken>100664868</MetadataToken>
              <Name>System.Void Internal.Microsoft.Extensions.DependencyModel.DependencyContextExtensions/&lt;&gt;c__DisplayClass10_0::.ctor()</Name>
              <SequencePoints />
              <BranchPoints />
              <MethodPoint vc="0" uspid="2357" ordinal="0" offset="0" />
            </Method>
            <Method visited="false" cyclomaticComplexity="1" nPathComplexity="0" sequenceCoverage="0" branchCoverage="0" crapScore="2" isConstructor="false" isStatic="false" isGetter="false" isSetter="false">
              <Summary numSequencePoints="1" visitedSequencePoints="0" numBranchPoints="1" visitedBranchPoints="0" sequenceCoverage="0" branchCoverage="0" maxCyclomaticComplexity="1" minCyclomaticComplexity="1" maxCrapScore="2" minCrapScore="2" visitedClasses="0" numClasses="0" visitedMethods="0" numMethods="1" />
              <MetadataToken>100664869</MetadataToken>
              <Name>System.Boolean Internal.Microsoft.Extensions.DependencyModel.DependencyContextExtensions/&lt;&gt;c__DisplayClass10_0::&lt;ResolveAssets&gt;b__0(Internal.Microsoft.Extensions.DependencyModel.RuntimeFallbacks)</Name>
              <FileRef uid="89" />
              <SequencePoints>
                <SequencePoint vc="0" uspid="2358" ordinal="0" offset="0" sl="136" sc="70" el="136" ec="100" bec="0" bev="0" fileid="89" />
              </SequencePoints>
              <BranchPoints />
              <MethodPoint xsi:type="SequencePoint" vc="0" uspid="2358" ordinal="0" offset="0" sl="136" sc="70" el="136" ec="100" bec="0" bev="0" fileid="89" />
            </Method>
          </Methods>
        </Class>
        <Class>
          <Summary numSequencePoints="1" visitedSequencePoints="0" numBranchPoints="1" visitedBranchPoints="0" sequenceCoverage="0" branchCoverage="0" maxCyclomaticComplexity="1" minCyclomaticComplexity="1" maxCrapScore="2" minCrapScore="2" visitedClasses="0" numClasses="1" visitedMethods="0" numMethods="1" />
          <FullName>Internal.Microsoft.Extensions.DependencyModel.DependencyContextExtensions/&lt;&gt;c__DisplayClass11_0</FullName>
          <Methods>
            <Method visited="false" cyclomaticComplexity="1" nPathComplexity="0" sequenceCoverage="0" branchCoverage="0" crapScore="2" isConstructor="true" isStatic="false" isGetter="false" isSetter="false">
              <Summary numSequencePoints="0" visitedSequencePoints="0" numBranchPoints="0" visitedBranchPoints="0" sequenceCoverage="0" branchCoverage="0" maxCyclomaticComplexity="1" minCyclomaticComplexity="1" maxCrapScore="2" minCrapScore="2" visitedClasses="0" numClasses="0" visitedMethods="0" numMethods="0" />
              <MetadataToken>100664870</MetadataToken>
              <Name>System.Void Internal.Microsoft.Extensions.DependencyModel.DependencyContextExtensions/&lt;&gt;c__DisplayClass11_0::.ctor()</Name>
              <SequencePoints />
              <BranchPoints />
              <MethodPoint vc="0" uspid="2359" ordinal="0" offset="0" />
            </Method>
            <Method visited="false" cyclomaticComplexity="1" nPathComplexity="0" sequenceCoverage="0" branchCoverage="0" crapScore="2" isConstructor="false" isStatic="false" isGetter="false" isSetter="false">
              <Summary numSequencePoints="1" visitedSequencePoints="0" numBranchPoints="1" visitedBranchPoints="0" sequenceCoverage="0" branchCoverage="0" maxCyclomaticComplexity="1" minCyclomaticComplexity="1" maxCrapScore="2" minCrapScore="2" visitedClasses="0" numClasses="0" visitedMethods="0" numMethods="1" />
              <MetadataToken>100664871</MetadataToken>
              <Name>System.Boolean Internal.Microsoft.Extensions.DependencyModel.DependencyContextExtensions/&lt;&gt;c__DisplayClass11_0::&lt;SelectAssets&gt;b__0(Internal.Microsoft.Extensions.DependencyModel.RuntimeAssetGroup)</Name>
              <FileRef uid="89" />
              <SequencePoints>
                <SequencePoint vc="0" uspid="2360" ordinal="0" offset="0" sl="145" sc="56" el="145" ec="72" bec="0" bev="0" fileid="89" />
              </SequencePoints>
              <BranchPoints />
              <MethodPoint xsi:type="SequencePoint" vc="0" uspid="2360" ordinal="0" offset="0" sl="145" sc="56" el="145" ec="72" bec="0" bev="0" fileid="89" />
            </Method>
          </Methods>
        </Class>
        <Class>
          <Summary numSequencePoints="178" visitedSequencePoints="0" numBranchPoints="152" visitedBranchPoints="0" sequenceCoverage="0" branchCoverage="0" maxCyclomaticComplexity="25" minCyclomaticComplexity="1" maxCrapScore="650" minCrapScore="2" visitedClasses="0" numClasses="1" visitedMethods="0" numMethods="24" />
          <FullName>Internal.Microsoft.Extensions.DependencyModel.DependencyContextJsonReader</FullName>
          <Methods>
            <Method visited="false" cyclomaticComplexity="3" nPathComplexity="2" sequenceCoverage="0" branchCoverage="0" crapScore="12" isConstructor="false" isStatic="false" isGetter="false" isSetter="false">
              <Summary numSequencePoints="5" visitedSequencePoints="0" numBranchPoints="3" visitedBranchPoints="0" sequenceCoverage="0" branchCoverage="0" maxCyclomaticComplexity="3" minCyclomaticComplexity="3" maxCrapScore="12" minCrapScore="12" visitedClasses="0" numClasses="0" visitedMethods="0" numMethods="1" />
              <MetadataToken>100663433</MetadataToken>
              <Name>Internal.Microsoft.Extensions.DependencyModel.DependencyContext Internal.Microsoft.Extensions.DependencyModel.DependencyContextJsonReader::Read(System.IO.Stream)</Name>
              <FileRef uid="96" />
              <SequencePoints>
                <SequencePoint vc="0" uspid="2361" ordinal="0" offset="0" sl="22" sc="13" el="22" ec="32" bec="2" bev="0" fileid="96" />
                <SequencePoint vc="0" uspid="2362" ordinal="1" offset="3" sl="24" sc="17" el="24" ec="65" bec="0" bev="0" fileid="96" />
                <SequencePoint vc="0" uspid="2363" ordinal="2" offset="14" sl="27" sc="20" el="27" ec="63" bec="0" bev="0" fileid="96" />
                <SequencePoint vc="0" uspid="2364" ordinal="3" offset="21" sl="29" sc="17" el="29" ec="43" bec="0" bev="0" fileid="96" />
                <SequencePoint vc="0" uspid="2365" ordinal="4" offset="41" sl="31" sc="9" el="31" ec="10" bec="0" bev="0" fileid="96" />
              </SequencePoints>
              <BranchPoints>
                <BranchPoint vc="0" uspid="2366" ordinal="0" offset="1" sl="22" path="0" offsetend="3" fileid="96" />
                <BranchPoint vc="0" uspid="2367" ordinal="1" offset="1" sl="22" path="1" offsetend="14" fileid="96" />
              </BranchPoints>
              <MethodPoint xsi:type="SequencePoint" vc="0" uspid="2361" ordinal="0" offset="0" sl="22" sc="13" el="22" ec="32" bec="2" bev="0" fileid="96" />
            </Method>
            <Method visited="false" cyclomaticComplexity="2" nPathComplexity="2" sequenceCoverage="0" branchCoverage="0" crapScore="6" isConstructor="false" isStatic="false" isGetter="false" isSetter="false">
              <Summary numSequencePoints="3" visitedSequencePoints="0" numBranchPoints="3" visitedBranchPoints="0" sequenceCoverage="0" branchCoverage="0" maxCyclomaticComplexity="2" minCyclomaticComplexity="2" maxCrapScore="6" minCrapScore="6" visitedClasses="0" numClasses="0" visitedMethods="0" numMethods="1" />
              <MetadataToken>100663434</MetadataToken>
              <Name>System.Void Internal.Microsoft.Extensions.DependencyModel.DependencyContextJsonReader::Dispose(System.Boolean)</Name>
              <FileRef uid="96" />
              <SequencePoints>
                <SequencePoint vc="0" uspid="2368" ordinal="0" offset="0" sl="35" sc="13" el="35" ec="27" bec="2" bev="0" fileid="96" />
                <SequencePoint vc="0" uspid="2369" ordinal="1" offset="3" sl="37" sc="17" el="37" ec="37" bec="0" bev="0" fileid="96" />
                <SequencePoint vc="0" uspid="2370" ordinal="2" offset="14" sl="39" sc="9" el="39" ec="10" bec="0" bev="0" fileid="96" />
              </SequencePoints>
              <BranchPoints>
                <BranchPoint vc="0" uspid="2371" ordinal="0" offset="1" sl="35" path="0" offsetend="3" fileid="96" />
                <BranchPoint vc="0" uspid="2372" ordinal="1" offset="1" sl="35" path="1" offsetend="14" fileid="96" />
              </BranchPoints>
              <MethodPoint xsi:type="SequencePoint" vc="0" uspid="2368" ordinal="0" offset="0" sl="35" sc="13" el="35" ec="27" bec="2" bev="0" fileid="96" />
            </Method>
            <Method visited="false" cyclomaticComplexity="1" nPathComplexity="0" sequenceCoverage="0" branchCoverage="0" crapScore="2" isConstructor="false" isStatic="false" isGetter="false" isSetter="false">
              <Summary numSequencePoints="2" visitedSequencePoints="0" numBranchPoints="1" visitedBranchPoints="0" sequenceCoverage="0" branchCoverage="0" maxCyclomaticComplexity="1" minCyclomaticComplexity="1" maxCrapScore="2" minCrapScore="2" visitedClasses="0" numClasses="0" visitedMethods="0" numMethods="1" />
              <MetadataToken>100663435</MetadataToken>
              <Name>System.Void Internal.Microsoft.Extensions.DependencyModel.DependencyContextJsonReader::Dispose()</Name>
              <FileRef uid="96" />
              <SequencePoints>
                <SequencePoint vc="0" uspid="2373" ordinal="0" offset="0" sl="43" sc="13" el="43" ec="27" bec="0" bev="0" fileid="96" />
                <SequencePoint vc="0" uspid="2374" ordinal="1" offset="7" sl="44" sc="9" el="44" ec="10" bec="0" bev="0" fileid="96" />
              </SequencePoints>
              <BranchPoints />
              <MethodPoint xsi:type="SequencePoint" vc="0" uspid="2373" ordinal="0" offset="0" sl="43" sc="13" el="43" ec="27" bec="0" bev="0" fileid="96" />
            </Method>
            <Method visited="false" cyclomaticComplexity="14" nPathComplexity="2048" sequenceCoverage="0" branchCoverage="0" crapScore="210" isConstructor="false" isStatic="false" isGetter="false" isSetter="false">
              <Summary numSequencePoints="33" visitedSequencePoints="0" numBranchPoints="23" visitedBranchPoints="0" sequenceCoverage="0" branchCoverage="0" maxCyclomaticComplexity="14" minCyclomaticComplexity="14" maxCrapScore="210" minCrapScore="210" visitedClasses="0" numClasses="0" visitedMethods="0" numMethods="1" />
              <MetadataToken>100663436</MetadataToken>
              <Name>Internal.Microsoft.Extensions.DependencyModel.DependencyContext Internal.Microsoft.Extensions.DependencyModel.DependencyContextJsonReader::Read(System.IO.TextReader)</Name>
              <FileRef uid="96" />
              <SequencePoints>
                <SequencePoint vc="0" uspid="2375" ordinal="0" offset="0" sl="56" sc="13" el="56" ec="75" bec="0" bev="0" fileid="96" />
                <SequencePoint vc="0" uspid="2376" ordinal="1" offset="12" sl="57" sc="13" el="57" ec="30" bec="2" bev="0" fileid="96" />
                <SequencePoint vc="0" uspid="2377" ordinal="2" offset="15" sl="58" sc="17" el="58" ec="29" bec="0" bev="0" fileid="96" />
                <SequencePoint vc="0" uspid="2378" ordinal="3" offset="17" sl="60" sc="13" el="60" ec="40" bec="0" bev="0" fileid="96" />
                <SequencePoint vc="0" uspid="2379" ordinal="4" offset="23" sl="61" sc="13" el="61" ec="42" bec="0" bev="0" fileid="96" />
                <SequencePoint vc="0" uspid="2380" ordinal="5" offset="29" sl="62" sc="13" el="62" ec="35" bec="0" bev="0" fileid="96" />
                <SequencePoint vc="0" uspid="2381" ordinal="6" offset="31" sl="64" sc="13" el="64" ec="160" bec="0" bev="0" fileid="96" />
                <SequencePoint vc="0" uspid="2382" ordinal="7" offset="52" sl="65" sc="13" el="65" ec="141" bec="0" bev="0" fileid="96" />
                <SequencePoint vc="0" uspid="2383" ordinal="8" offset="71" sl="66" sc="13" el="66" ec="109" bec="0" bev="0" fileid="96" />
                <SequencePoint vc="0" uspid="2384" ordinal="9" offset="90" sl="67" sc="13" el="67" ec="118" bec="0" bev="0" fileid="96" />
                <SequencePoint vc="0" uspid="2385" ordinal="10" offset="109" sl="68" sc="13" el="68" ec="120" bec="0" bev="0" fileid="96" />
                <SequencePoint vc="0" uspid="2386" ordinal="11" offset="128" sl="70" sc="13" el="70" ec="44" bec="2" bev="0" fileid="96" />
                <SequencePoint vc="0" uspid="2387" ordinal="12" offset="132" sl="71" sc="17" el="71" ec="65" bec="0" bev="0" fileid="96" />
                <SequencePoint vc="0" uspid="2388" ordinal="13" offset="139" sl="73" sc="13" el="73" ec="84" bec="0" bev="0" fileid="96" />
                <SequencePoint vc="0" uspid="2389" ordinal="14" offset="151" sl="74" sc="13" el="74" ec="53" bec="2" bev="0" fileid="96" />
                <SequencePoint vc="0" uspid="2390" ordinal="15" offset="167" sl="76" sc="13" el="76" ec="43" bec="2" bev="0" fileid="96" />
                <SequencePoint vc="0" uspid="2391" ordinal="16" offset="171" sl="78" sc="17" el="78" ec="107" bec="0" bev="0" fileid="96" />
                <SequencePoint vc="0" uspid="2392" ordinal="17" offset="182" sl="79" sc="17" el="79" ec="86" bec="3" bev="0" fileid="96" />
                <SequencePoint vc="0" uspid="2393" ordinal="18" offset="198" sl="81" sc="21" el="81" ec="79" bec="0" bev="0" fileid="96" />
                <SequencePoint vc="0" uspid="2394" ordinal="19" offset="210" sl="82" sc="21" el="82" ec="80" bec="0" bev="0" fileid="96" />
                <SequencePoint vc="0" uspid="2395" ordinal="20" offset="221" sl="83" sc="21" el="83" ec="40" bec="0" bev="0" fileid="96" />
                <SequencePoint vc="0" uspid="2396" ordinal="21" offset="223" sl="84" sc="17" el="84" ec="18" bec="0" bev="0" fileid="96" />
                <SequencePoint vc="0" uspid="2397" ordinal="22" offset="225" sl="87" sc="21" el="87" ec="51" bec="0" bev="0" fileid="96" />
                <SequencePoint vc="0" uspid="2398" ordinal="23" offset="228" sl="91" sc="13" el="91" ec="41" bec="0" bev="0" fileid="96" />
                <SequencePoint vc="0" uspid="2399" ordinal="24" offset="231" sl="93" sc="13" el="93" ec="87" bec="0" bev="0" fileid="96" />
                <SequencePoint vc="0" uspid="2400" ordinal="25" offset="252" sl="94" sc="13" el="94" ec="39" bec="2" bev="0" fileid="96" />
                <SequencePoint vc="0" uspid="2401" ordinal="26" offset="256" sl="96" sc="17" el="96" ec="47" bec="0" bev="0" fileid="96" />
                <SequencePoint vc="0" uspid="2402" ordinal="27" offset="260" sl="97" sc="17" el="97" ec="43" bec="2" bev="0" fileid="96" />
                <SequencePoint vc="0" uspid="2403" ordinal="28" offset="264" sl="99" sc="21" el="99" ec="51" bec="0" bev="0" fileid="96" />
                <SequencePoint vc="0" uspid="2404" ordinal="29" offset="268" sl="100" sc="21" el="100" ec="52" bec="0" bev="0" fileid="96" />
                <SequencePoint vc="0" uspid="2405" ordinal="30" offset="276" sl="104" sc="13" el="104" ec="39" bec="2" bev="0" fileid="96" />
                <SequencePoint vc="0" uspid="2406" ordinal="31" offset="280" sl="105" sc="17" el="105" ec="70" bec="0" bev="0" fileid="96" />
                <SequencePoint vc="0" uspid="2407" ordinal="32" offset="291" sl="107" sc="13" el="112" ec="75" bec="4" bev="0" fileid="96" />
              </SequencePoints>
              <BranchPoints>
                <BranchPoint vc="0" uspid="2408" ordinal="0" offset="13" sl="57" path="0" offsetend="15" fileid="96" />
                <BranchPoint vc="0" uspid="2409" ordinal="1" offset="13" sl="57" path="1" offsetend="17" fileid="96" />
                <BranchPoint vc="0" uspid="2410" ordinal="2" offset="130" sl="70" path="0" offsetend="132" fileid="96" />
                <BranchPoint vc="0" uspid="2411" ordinal="3" offset="130" sl="70" path="1" offsetend="139" fileid="96" />
                <BranchPoint vc="0" uspid="2412" ordinal="4" offset="153" sl="74" path="0" offsetend="155" fileid="96" />
                <BranchPoint vc="0" uspid="2413" ordinal="5" offset="153" sl="74" path="1" offsetend="158" fileid="96" />
                <BranchPoint vc="0" uspid="2414" ordinal="6" offset="169" sl="76" path="0" offsetend="171" fileid="96" />
                <BranchPoint vc="0" uspid="2415" ordinal="7" offset="169" sl="76" path="1" offsetend="228" fileid="96" />
                <BranchPoint vc="0" uspid="2416" ordinal="8" offset="185" sl="79" path="0" offsetend="187" fileid="96" />
                <BranchPoint vc="0" uspid="2417" ordinal="9" offset="185" sl="79" path="1" offsetend="225" fileid="96" />
                <BranchPoint vc="0" uspid="2418" ordinal="10" offset="196" sl="79" path="0" offsetend="198" fileid="96" />
                <BranchPoint vc="0" uspid="2419" ordinal="11" offset="196" sl="79" path="1" offsetend="225" fileid="96" />
                <BranchPoint vc="0" uspid="2420" ordinal="12" offset="254" sl="94" path="0" offsetend="256" fileid="96" />
                <BranchPoint vc="0" uspid="2421" ordinal="13" offset="254" sl="94" path="1" offsetend="276" fileid="96" />
                <BranchPoint vc="0" uspid="2422" ordinal="14" offset="262" sl="97" path="0" offsetend="264" fileid="96" />
                <BranchPoint vc="0" uspid="2423" ordinal="15" offset="262" sl="97" path="1" offsetend="276" fileid="96" />
                <BranchPoint vc="0" uspid="2424" ordinal="16" offset="278" sl="104" path="0" offsetend="280" fileid="96" />
                <BranchPoint vc="0" uspid="2425" ordinal="17" offset="278" sl="104" path="1" offsetend="291" fileid="96" />
                <BranchPoint vc="0" uspid="2426" ordinal="18" offset="306" sl="107" path="0" offsetend="308" fileid="96" />
                <BranchPoint vc="0" uspid="2427" ordinal="19" offset="306" sl="107" path="1" offsetend="311" fileid="96" />
                <BranchPoint vc="0" uspid="2428" ordinal="20" offset="369" sl="107" path="0" offsetend="371" fileid="96" />
                <BranchPoint vc="0" uspid="2429" ordinal="21" offset="369" sl="107" path="1" offsetend="377" fileid="96" />
              </BranchPoints>
              <MethodPoint xsi:type="SequencePoint" vc="0" uspid="2375" ordinal="0" offset="0" sl="56" sc="13" el="56" ec="75" bec="0" bev="0" fileid="96" />
            </Method>
            <Method visited="false" cyclomaticComplexity="5" nPathComplexity="16" sequenceCoverage="0" branchCoverage="0" crapScore="30" isConstructor="false" isStatic="false" isGetter="false" isSetter="false">
              <Summary numSequencePoints="8" visitedSequencePoints="0" numBranchPoints="9" visitedBranchPoints="0" sequenceCoverage="0" branchCoverage="0" maxCyclomaticComplexity="5" minCyclomaticComplexity="5" maxCrapScore="30" minCrapScore="30" visitedClasses="0" numClasses="0" visitedMethods="0" numMethods="1" />
              <MetadataToken>100663437</MetadataToken>
              <Name>Internal.Microsoft.Extensions.DependencyModel.DependencyContextJsonReader/Target Internal.Microsoft.Extensions.DependencyModel.DependencyContextJsonReader::SelectRuntimeTarget(System.Collections.Generic.List`1&lt;Internal.Microsoft.Extensions.DependencyModel.DependencyContextJsonReader/Target&gt;,System.String)</Name>
              <FileRef uid="96" />
              <SequencePoints>
                <SequencePoint vc="0" uspid="2430" ordinal="0" offset="13" sl="119" sc="13" el="119" ec="55" bec="3" bev="0" fileid="96" />
                <SequencePoint vc="0" uspid="2431" ordinal="1" offset="24" sl="120" sc="17" el="120" ec="94" bec="0" bev="0" fileid="96" />
                <SequencePoint vc="0" uspid="2432" ordinal="2" offset="35" sl="122" sc="13" el="122" ec="58" bec="2" bev="0" fileid="96" />
                <SequencePoint vc="0" uspid="2433" ordinal="3" offset="48" sl="124" sc="17" el="124" ec="83" bec="0" bev="0" fileid="96" />
                <SequencePoint vc="0" uspid="2434" ordinal="4" offset="67" sl="125" sc="17" el="125" ec="36" bec="2" bev="0" fileid="96" />
                <SequencePoint vc="0" uspid="2435" ordinal="5" offset="70" sl="126" sc="21" el="126" ec="98" bec="0" bev="0" fileid="96" />
                <SequencePoint vc="0" uspid="2436" ordinal="6" offset="92" sl="130" sc="17" el="130" ec="79" bec="0" bev="0" fileid="96" />
                <SequencePoint vc="0" uspid="2437" ordinal="7" offset="111" sl="133" sc="13" el="133" ec="27" bec="0" bev="0" fileid="96" />
              </SequencePoints>
              <BranchPoints>
                <BranchPoint vc="0" uspid="2438" ordinal="0" offset="14" sl="119" path="0" offsetend="16" fileid="96" />
                <BranchPoint vc="0" uspid="2439" ordinal="1" offset="14" sl="119" path="1" offsetend="24" fileid="96" />
                <BranchPoint vc="0" uspid="2440" ordinal="2" offset="22" sl="119" path="0" offsetend="24" fileid="96" />
                <BranchPoint vc="0" uspid="2441" ordinal="3" offset="22" sl="119" path="1" offsetend="35" fileid="96" />
                <BranchPoint vc="0" uspid="2442" ordinal="4" offset="46" sl="122" path="0" offsetend="48" fileid="96" />
                <BranchPoint vc="0" uspid="2443" ordinal="5" offset="46" sl="122" path="1" offsetend="92" fileid="96" />
                <BranchPoint vc="0" uspid="2444" ordinal="6" offset="68" sl="125" path="0" offsetend="70" fileid="96" />
                <BranchPoint vc="0" uspid="2445" ordinal="7" offset="68" sl="125" path="1" offsetend="111" fileid="96" />
              </BranchPoints>
              <MethodPoint vc="0" uspid="2446" ordinal="0" offset="0" />
            </Method>
            <Method visited="false" cyclomaticComplexity="1" nPathComplexity="0" sequenceCoverage="0" branchCoverage="0" crapScore="2" isConstructor="false" isStatic="false" isGetter="false" isSetter="false">
              <Summary numSequencePoints="1" visitedSequencePoints="0" numBranchPoints="1" visitedBranchPoints="0" sequenceCoverage="0" branchCoverage="0" maxCyclomaticComplexity="1" minCyclomaticComplexity="1" maxCrapScore="2" minCrapScore="2" visitedClasses="0" numClasses="0" visitedMethods="0" numMethods="1" />
              <MetadataToken>100663438</MetadataToken>
              <Name>System.Boolean Internal.Microsoft.Extensions.DependencyModel.DependencyContextJsonReader::IsRuntimeTarget(System.String)</Name>
              <FileRef uid="96" />
              <SequencePoints>
                <SequencePoint vc="0" uspid="2447" ordinal="0" offset="0" sl="137" sc="16" el="137" ec="72" bec="0" bev="0" fileid="96" />
              </SequencePoints>
              <BranchPoints />
              <MethodPoint xsi:type="SequencePoint" vc="0" uspid="2447" ordinal="0" offset="0" sl="137" sc="16" el="137" ec="72" bec="0" bev="0" fileid="96" />
            </Method>
            <Method visited="false" cyclomaticComplexity="5" nPathComplexity="4" sequenceCoverage="0" branchCoverage="0" crapScore="30" isConstructor="false" isStatic="false" isGetter="false" isSetter="false">
              <Summary numSequencePoints="3" visitedSequencePoints="0" numBranchPoints="5" visitedBranchPoints="0" sequenceCoverage="0" branchCoverage="0" maxCyclomaticComplexity="5" minCyclomaticComplexity="5" maxCrapScore="30" minCrapScore="30" visitedClasses="0" numClasses="0" visitedMethods="0" numMethods="1" />
              <MetadataToken>100663439</MetadataToken>
              <Name>System.Void Internal.Microsoft.Extensions.DependencyModel.DependencyContextJsonReader::ReadRuntimeTarget(Xunit.JsonObject,System.String&amp;,System.String&amp;)</Name>
              <FileRef uid="96" />
              <SequencePoints>
                <SequencePoint vc="0" uspid="2448" ordinal="0" offset="0" sl="146" sc="13" el="146" ec="122" bec="2" bev="0" fileid="96" />
                <SequencePoint vc="0" uspid="2449" ordinal="1" offset="24" sl="147" sc="13" el="147" ec="126" bec="2" bev="0" fileid="96" />
                <SequencePoint vc="0" uspid="2450" ordinal="2" offset="48" sl="148" sc="9" el="148" ec="10" bec="0" bev="0" fileid="96" />
              </SequencePoints>
              <BranchPoints>
                <BranchPoint vc="0" uspid="2451" ordinal="0" offset="2" sl="146" path="0" offsetend="4" fileid="96" />
                <BranchPoint vc="0" uspid="2452" ordinal="1" offset="2" sl="146" path="1" offsetend="7" fileid="96" />
                <BranchPoint vc="0" uspid="2453" ordinal="2" offset="26" sl="147" path="0" offsetend="28" fileid="96" />
                <BranchPoint vc="0" uspid="2454" ordinal="3" offset="26" sl="147" path="1" offsetend="31" fileid="96" />
              </BranchPoints>
              <MethodPoint xsi:type="SequencePoint" vc="0" uspid="2448" ordinal="0" offset="0" sl="146" sc="13" el="146" ec="122" bec="2" bev="0" fileid="96" />
            </Method>
            <Method visited="false" cyclomaticComplexity="3" nPathComplexity="4" sequenceCoverage="0" branchCoverage="0" crapScore="12" isConstructor="false" isStatic="false" isGetter="false" isSetter="false">
              <Summary numSequencePoints="15" visitedSequencePoints="0" numBranchPoints="5" visitedBranchPoints="0" sequenceCoverage="0" branchCoverage="0" maxCyclomaticComplexity="3" minCyclomaticComplexity="3" maxCrapScore="12" minCrapScore="12" visitedClasses="0" numClasses="0" visitedMethods="0" numMethods="1" />
              <MetadataToken>100663440</MetadataToken>
              <Name>Internal.Microsoft.Extensions.DependencyModel.CompilationOptions Internal.Microsoft.Extensions.DependencyModel.DependencyContextJsonReader::ReadCompilationOptions(Xunit.JsonObject)</Name>
              <FileRef uid="96" />
              <SequencePoints>
                <SequencePoint vc="0" uspid="2455" ordinal="0" offset="0" sl="167" sc="13" el="167" ec="48" bec="2" bev="0" fileid="96" />
                <SequencePoint vc="0" uspid="2456" ordinal="1" offset="3" sl="168" sc="17" el="168" ec="29" bec="0" bev="0" fileid="96" />
                <SequencePoint vc="0" uspid="2457" ordinal="2" offset="5" sl="170" sc="13" el="170" ec="135" bec="2" bev="0" fileid="96" />
                <SequencePoint vc="0" uspid="2458" ordinal="3" offset="25" sl="171" sc="13" el="171" ec="126" bec="0" bev="0" fileid="96" />
                <SequencePoint vc="0" uspid="2459" ordinal="4" offset="37" sl="172" sc="13" el="172" ec="112" bec="0" bev="0" fileid="96" />
                <SequencePoint vc="0" uspid="2460" ordinal="5" offset="49" sl="173" sc="13" el="173" ec="127" bec="0" bev="0" fileid="96" />
                <SequencePoint vc="0" uspid="2461" ordinal="6" offset="61" sl="174" sc="13" el="174" ec="137" bec="0" bev="0" fileid="96" />
                <SequencePoint vc="0" uspid="2462" ordinal="7" offset="73" sl="175" sc="13" el="175" ec="121" bec="0" bev="0" fileid="96" />
                <SequencePoint vc="0" uspid="2463" ordinal="8" offset="86" sl="176" sc="13" el="176" ec="110" bec="0" bev="0" fileid="96" />
                <SequencePoint vc="0" uspid="2464" ordinal="9" offset="99" sl="177" sc="13" el="177" ec="123" bec="0" bev="0" fileid="96" />
                <SequencePoint vc="0" uspid="2465" ordinal="10" offset="112" sl="178" sc="13" el="178" ec="125" bec="0" bev="0" fileid="96" />
                <SequencePoint vc="0" uspid="2466" ordinal="11" offset="125" sl="179" sc="13" el="179" ec="114" bec="0" bev="0" fileid="96" />
                <SequencePoint vc="0" uspid="2467" ordinal="12" offset="138" sl="180" sc="13" el="180" ec="133" bec="0" bev="0" fileid="96" />
                <SequencePoint vc="0" uspid="2468" ordinal="13" offset="151" sl="181" sc="13" el="181" ec="153" bec="0" bev="0" fileid="96" />
                <SequencePoint vc="0" uspid="2469" ordinal="14" offset="164" sl="183" sc="13" el="183" ec="205" bec="0" bev="0" fileid="96" />
              </SequencePoints>
              <BranchPoints>
                <BranchPoint vc="0" uspid="2470" ordinal="0" offset="1" sl="167" path="0" offsetend="3" fileid="96" />
                <BranchPoint vc="0" uspid="2471" ordinal="1" offset="1" sl="167" path="1" offsetend="5" fileid="96" />
                <BranchPoint vc="0" uspid="2472" ordinal="2" offset="17" sl="170" path="0" offsetend="19" fileid="96" />
                <BranchPoint vc="0" uspid="2473" ordinal="3" offset="17" sl="170" path="1" offsetend="25" fileid="96" />
              </BranchPoints>
              <MethodPoint xsi:type="SequencePoint" vc="0" uspid="2455" ordinal="0" offset="0" sl="167" sc="13" el="167" ec="48" bec="2" bev="0" fileid="96" />
            </Method>
            <Method visited="false" cyclomaticComplexity="4" nPathComplexity="2" sequenceCoverage="0" branchCoverage="0" crapScore="20" isConstructor="false" isStatic="false" isGetter="false" isSetter="false">
              <Summary numSequencePoints="7" visitedSequencePoints="0" numBranchPoints="3" visitedBranchPoints="0" sequenceCoverage="0" branchCoverage="0" maxCyclomaticComplexity="4" minCyclomaticComplexity="4" maxCrapScore="20" minCrapScore="20" visitedClasses="0" numClasses="0" visitedMethods="0" numMethods="1" />
              <MetadataToken>100663441</MetadataToken>
              <Name>System.Collections.Generic.List`1&lt;Internal.Microsoft.Extensions.DependencyModel.DependencyContextJsonReader/Target&gt; Internal.Microsoft.Extensions.DependencyModel.DependencyContextJsonReader::ReadTargets(Xunit.JsonObject)</Name>
              <FileRef uid="96" />
              <SequencePoints>
                <SequencePoint vc="0" uspid="2474" ordinal="0" offset="0" sl="190" sc="13" el="190" ec="46" bec="0" bev="0" fileid="96" />
                <SequencePoint vc="0" uspid="2475" ordinal="1" offset="6" sl="192" sc="13" el="192" ec="37" bec="2" bev="0" fileid="96" />
                <SequencePoint vc="0" uspid="2476" ordinal="2" offset="9" sl="193" sc="37" el="193" ec="53" bec="0" bev="0" fileid="96" />
                <SequencePoint vc="0" uspid="2477" ordinal="3" offset="23" sl="193" sc="26" el="193" ec="33" bec="0" bev="0" fileid="96" />
                <SequencePoint vc="0" uspid="2478" ordinal="4" offset="30" sl="194" sc="21" el="194" ec="86" bec="0" bev="0" fileid="96" />
                <SequencePoint vc="0" uspid="2479" ordinal="5" offset="50" sl="193" sc="34" el="193" ec="36" bec="0" bev="0" fileid="96" />
                <SequencePoint vc="0" uspid="2480" ordinal="6" offset="70" sl="196" sc="13" el="196" ec="28" bec="0" bev="0" fileid="96" />
              </SequencePoints>
              <BranchPoints>
                <BranchPoint vc="0" uspid="2481" ordinal="0" offset="7" sl="192" path="0" offsetend="9" fileid="96" />
                <BranchPoint vc="0" uspid="2482" ordinal="1" offset="7" sl="192" path="1" offsetend="70" fileid="96" />
              </BranchPoints>
              <MethodPoint xsi:type="SequencePoint" vc="0" uspid="2474" ordinal="0" offset="0" sl="190" sc="13" el="190" ec="46" bec="0" bev="0" fileid="96" />
            </Method>
            <Method visited="false" cyclomaticComplexity="3" nPathComplexity="0" sequenceCoverage="0" branchCoverage="0" crapScore="12" isConstructor="false" isStatic="false" isGetter="false" isSetter="false">
              <Summary numSequencePoints="6" visitedSequencePoints="0" numBranchPoints="1" visitedBranchPoints="0" sequenceCoverage="0" branchCoverage="0" maxCyclomaticComplexity="3" minCyclomaticComplexity="3" maxCrapScore="12" minCrapScore="12" visitedClasses="0" numClasses="0" visitedMethods="0" numMethods="1" />
              <MetadataToken>100663442</MetadataToken>
              <Name>Internal.Microsoft.Extensions.DependencyModel.DependencyContextJsonReader/Target Internal.Microsoft.Extensions.DependencyModel.DependencyContextJsonReader::ReadTarget(System.String,Xunit.JsonObject)</Name>
              <FileRef uid="96" />
              <SequencePoints>
                <SequencePoint vc="0" uspid="2485" ordinal="0" offset="0" sl="203" sc="13" el="203" ec="55" bec="0" bev="0" fileid="96" />
                <SequencePoint vc="0" uspid="2486" ordinal="1" offset="6" sl="205" sc="33" el="205" ec="48" bec="0" bev="0" fileid="96" />
                <SequencePoint vc="0" uspid="2487" ordinal="2" offset="20" sl="205" sc="22" el="205" ec="29" bec="0" bev="0" fileid="96" />
                <SequencePoint vc="0" uspid="2488" ordinal="3" offset="27" sl="206" sc="17" el="206" ec="90" bec="0" bev="0" fileid="96" />
                <SequencePoint vc="0" uspid="2489" ordinal="4" offset="47" sl="205" sc="30" el="205" ec="32" bec="0" bev="0" fileid="96" />
                <SequencePoint vc="0" uspid="2490" ordinal="5" offset="67" sl="208" sc="13" el="208" ec="76" bec="0" bev="0" fileid="96" />
              </SequencePoints>
              <BranchPoints />
              <MethodPoint xsi:type="SequencePoint" vc="0" uspid="2485" ordinal="0" offset="0" sl="203" sc="13" el="203" ec="55" bec="0" bev="0" fileid="96" />
            </Method>
            <Method visited="false" cyclomaticComplexity="14" nPathComplexity="128" sequenceCoverage="0" branchCoverage="0" crapScore="210" isConstructor="false" isStatic="false" isGetter="false" isSetter="false">
              <Summary numSequencePoints="8" visitedSequencePoints="0" numBranchPoints="15" visitedBranchPoints="0" sequenceCoverage="0" branchCoverage="0" maxCyclomaticComplexity="14" minCyclomaticComplexity="14" maxCrapScore="210" minCrapScore="210" visitedClasses="0" numClasses="0" visitedMethods="0" numMethods="1" />
              <MetadataToken>100663443</MetadataToken>
              <Name>Internal.Microsoft.Extensions.DependencyModel.DependencyContextJsonReader/TargetLibrary Internal.Microsoft.Extensions.DependencyModel.DependencyContextJsonReader::ReadTargetLibrary(System.String,Xunit.JsonObject)</Name>
              <FileRef uid="96" />
              <SequencePoints>
                <SequencePoint vc="0" uspid="2493" ordinal="0" offset="0" sl="223" sc="13" el="223" ec="150" bec="0" bev="0" fileid="96" />
                <SequencePoint vc="0" uspid="2494" ordinal="1" offset="18" sl="224" sc="13" el="224" ec="117" bec="2" bev="0" fileid="96" />
                <SequencePoint vc="0" uspid="2495" ordinal="2" offset="42" sl="225" sc="13" el="225" ec="114" bec="2" bev="0" fileid="96" />
                <SequencePoint vc="0" uspid="2496" ordinal="3" offset="66" sl="226" sc="13" el="226" ec="125" bec="2" bev="0" fileid="96" />
                <SequencePoint vc="0" uspid="2497" ordinal="4" offset="90" sl="227" sc="13" el="227" ec="156" bec="0" bev="0" fileid="96" />
                <SequencePoint vc="0" uspid="2498" ordinal="5" offset="109" sl="228" sc="13" el="228" ec="150" bec="0" bev="0" fileid="96" />
                <SequencePoint vc="0" uspid="2499" ordinal="6" offset="128" sl="229" sc="13" el="229" ec="126" bec="0" bev="0" fileid="96" />
                <SequencePoint vc="0" uspid="2500" ordinal="7" offset="141" sl="231" sc="13" el="241" ec="15" bec="8" bev="0" fileid="96" />
              </SequencePoints>
              <BranchPoints>
                <BranchPoint vc="0" uspid="2501" ordinal="0" offset="30" sl="224" path="0" offsetend="32" fileid="96" />
                <BranchPoint vc="0" uspid="2502" ordinal="1" offset="30" sl="224" path="1" offsetend="36" fileid="96" />
                <BranchPoint vc="0" uspid="2503" ordinal="2" offset="54" sl="225" path="0" offsetend="56" fileid="96" />
                <BranchPoint vc="0" uspid="2504" ordinal="3" offset="54" sl="225" path="1" offsetend="60" fileid="96" />
                <BranchPoint vc="0" uspid="2505" ordinal="4" offset="78" sl="226" path="0" offsetend="80" fileid="96" />
                <BranchPoint vc="0" uspid="2506" ordinal="5" offset="78" sl="226" path="1" offsetend="84" fileid="96" />
                <BranchPoint vc="0" uspid="2507" ordinal="6" offset="161" sl="231" path="0" offsetend="163" fileid="96" />
                <BranchPoint vc="0" uspid="2508" ordinal="7" offset="161" sl="231" path="1" offsetend="169" fileid="96" />
                <BranchPoint vc="0" uspid="2509" ordinal="8" offset="177" sl="231" path="0" offsetend="179" fileid="96" />
                <BranchPoint vc="0" uspid="2510" ordinal="9" offset="177" sl="231" path="1" offsetend="182" fileid="96" />
                <BranchPoint vc="0" uspid="2511" ordinal="10" offset="196" sl="231" path="0" offsetend="198" fileid="96" />
                <BranchPoint vc="0" uspid="2512" ordinal="11" offset="196" sl="231" path="1" offsetend="201" fileid="96" />
                <BranchPoint vc="0" uspid="2513" ordinal="12" offset="215" sl="231" path="0" offsetend="217" fileid="96" />
                <BranchPoint vc="0" uspid="2514" ordinal="13" offset="215" sl="231" path="1" offsetend="220" fileid="96" />
              </BranchPoints>
              <MethodPoint xsi:type="SequencePoint" vc="0" uspid="2493" ordinal="0" offset="0" sl="223" sc="13" el="223" ec="150" bec="0" bev="0" fileid="96" />
            </Method>
            <Method visited="false" cyclomaticComplexity="4" nPathComplexity="2" sequenceCoverage="0" branchCoverage="0" crapScore="20" isConstructor="false" isStatic="false" isGetter="false" isSetter="false">
              <Summary numSequencePoints="7" visitedSequencePoints="0" numBranchPoints="3" visitedBranchPoints="0" sequenceCoverage="0" branchCoverage="0" maxCyclomaticComplexity="4" minCyclomaticComplexity="4" maxCrapScore="20" minCrapScore="20" visitedClasses="0" numClasses="0" visitedMethods="0" numMethods="1" />
              <MetadataToken>100663444</MetadataToken>
              <Name>System.Collections.Generic.IEnumerable`1&lt;Internal.Microsoft.Extensions.DependencyModel.Dependency&gt; Internal.Microsoft.Extensions.DependencyModel.DependencyContextJsonReader::ReadTargetLibraryDependencies(Xunit.JsonObject)</Name>
              <FileRef uid="96" />
              <SequencePoints>
                <SequencePoint vc="0" uspid="2515" ordinal="0" offset="0" sl="248" sc="13" el="248" ec="55" bec="0" bev="0" fileid="96" />
                <SequencePoint vc="0" uspid="2516" ordinal="1" offset="6" sl="250" sc="13" el="250" ec="55" bec="2" bev="0" fileid="96" />
                <SequencePoint vc="0" uspid="2517" ordinal="2" offset="9" sl="251" sc="37" el="251" ec="71" bec="0" bev="0" fileid="96" />
                <SequencePoint vc="0" uspid="2518" ordinal="3" offset="23" sl="251" sc="26" el="251" ec="33" bec="0" bev="0" fileid="96" />
                <SequencePoint vc="0" uspid="2519" ordinal="4" offset="30" sl="252" sc="21" el="252" ec="121" bec="0" bev="0" fileid="96" />
                <SequencePoint vc="0" uspid="2520" ordinal="5" offset="66" sl="251" sc="34" el="251" ec="36" bec="0" bev="0" fileid="96" />
                <SequencePoint vc="0" uspid="2521" ordinal="6" offset="86" sl="254" sc="13" el="254" ec="33" bec="0" bev="0" fileid="96" />
              </SequencePoints>
              <BranchPoints>
                <BranchPoint vc="0" uspid="2522" ordinal="0" offset="7" sl="250" path="0" offsetend="9" fileid="96" />
                <BranchPoint vc="0" uspid="2523" ordinal="1" offset="7" sl="250" path="1" offsetend="86" fileid="96" />
              </BranchPoints>
              <MethodPoint xsi:type="SequencePoint" vc="0" uspid="2515" ordinal="0" offset="0" sl="248" sc="13" el="248" ec="55" bec="0" bev="0" fileid="96" />
            </Method>
            <Method visited="false" cyclomaticComplexity="8" nPathComplexity="8" sequenceCoverage="0" branchCoverage="0" crapScore="72" isConstructor="false" isStatic="false" isGetter="false" isSetter="false">
              <Summary numSequencePoints="8" visitedSequencePoints="0" numBranchPoints="7" visitedBranchPoints="0" sequenceCoverage="0" branchCoverage="0" maxCyclomaticComplexity="8" minCyclomaticComplexity="8" maxCrapScore="72" minCrapScore="72" visitedClasses="0" numClasses="0" visitedMethods="0" numMethods="1" />
              <MetadataToken>100663445</MetadataToken>
              <Name>System.Collections.Generic.List`1&lt;Internal.Microsoft.Extensions.DependencyModel.DependencyContextJsonReader/RuntimeTargetEntryStub&gt; Internal.Microsoft.Extensions.DependencyModel.DependencyContextJsonReader::ReadTargetLibraryRuntimeTargets(Xunit.JsonObject)</Name>
              <FileRef uid="96" />
              <SequencePoints>
                <SequencePoint vc="0" uspid="2526" ordinal="0" offset="0" sl="261" sc="13" el="261" ec="69" bec="0" bev="0" fileid="96" />
                <SequencePoint vc="0" uspid="2527" ordinal="1" offset="6" sl="263" sc="13" el="263" ec="57" bec="2" bev="0" fileid="96" />
                <SequencePoint vc="0" uspid="2528" ordinal="2" offset="12" sl="265" sc="37" el="265" ec="73" bec="0" bev="0" fileid="96" />
                <SequencePoint vc="0" uspid="2529" ordinal="3" offset="26" sl="265" sc="26" el="265" ec="33" bec="0" bev="0" fileid="96" />
                <SequencePoint vc="0" uspid="2530" ordinal="4" offset="33" sl="267" sc="21" el="267" ec="100" bec="0" bev="0" fileid="96" />
                <SequencePoint vc="0" uspid="2531" ordinal="5" offset="41" sl="269" sc="21" el="274" ec="24" bec="4" bev="0" fileid="96" />
                <SequencePoint vc="0" uspid="2532" ordinal="6" offset="135" sl="265" sc="34" el="265" ec="36" bec="0" bev="0" fileid="96" />
                <SequencePoint vc="0" uspid="2533" ordinal="7" offset="155" sl="278" sc="13" el="278" ec="35" bec="0" bev="0" fileid="96" />
              </SequencePoints>
              <BranchPoints>
                <BranchPoint vc="0" uspid="2534" ordinal="0" offset="7" sl="263" path="0" offsetend="12" fileid="96" />
                <BranchPoint vc="0" uspid="2535" ordinal="1" offset="7" sl="263" path="1" offsetend="155" fileid="96" />
                <BranchPoint vc="0" uspid="2536" ordinal="2" offset="62" sl="269" path="0" offsetend="64" fileid="96" />
                <BranchPoint vc="0" uspid="2537" ordinal="3" offset="62" sl="269" path="1" offsetend="67" fileid="96" />
                <BranchPoint vc="0" uspid="2538" ordinal="4" offset="97" sl="269" path="0" offsetend="99" fileid="96" />
                <BranchPoint vc="0" uspid="2539" ordinal="5" offset="97" sl="269" path="1" offsetend="102" fileid="96" />
              </BranchPoints>
              <MethodPoint xsi:type="SequencePoint" vc="0" uspid="2526" ordinal="0" offset="0" sl="261" sc="13" el="261" ec="69" bec="0" bev="0" fileid="96" />
            </Method>
            <Method visited="false" cyclomaticComplexity="7" nPathComplexity="8" sequenceCoverage="0" branchCoverage="0" crapScore="56" isConstructor="false" isStatic="false" isGetter="false" isSetter="false">
              <Summary numSequencePoints="9" visitedSequencePoints="0" numBranchPoints="7" visitedBranchPoints="0" sequenceCoverage="0" branchCoverage="0" maxCyclomaticComplexity="7" minCyclomaticComplexity="7" maxCrapScore="56" minCrapScore="56" visitedClasses="0" numClasses="0" visitedMethods="0" numMethods="1" />
              <MetadataToken>100663446</MetadataToken>
              <Name>System.Collections.Generic.List`1&lt;Internal.Microsoft.Extensions.DependencyModel.ResourceAssembly&gt; Internal.Microsoft.Extensions.DependencyModel.DependencyContextJsonReader::ReadTargetLibraryResources(Xunit.JsonObject)</Name>
              <FileRef uid="96" />
              <SequencePoints>
                <SequencePoint vc="0" uspid="2542" ordinal="0" offset="0" sl="285" sc="13" el="285" ec="58" bec="0" bev="0" fileid="96" />
                <SequencePoint vc="0" uspid="2543" ordinal="1" offset="6" sl="287" sc="13" el="287" ec="52" bec="2" bev="0" fileid="96" />
                <SequencePoint vc="0" uspid="2544" ordinal="2" offset="9" sl="289" sc="37" el="289" ec="68" bec="0" bev="0" fileid="96" />
                <SequencePoint vc="0" uspid="2545" ordinal="3" offset="23" sl="289" sc="26" el="289" ec="33" bec="0" bev="0" fileid="96" />
                <SequencePoint vc="0" uspid="2546" ordinal="4" offset="30" sl="291" sc="21" el="291" ec="147" bec="2" bev="0" fileid="96" />
                <SequencePoint vc="0" uspid="2547" ordinal="5" offset="60" sl="293" sc="21" el="293" ec="40" bec="2" bev="0" fileid="96" />
                <SequencePoint vc="0" uspid="2548" ordinal="6" offset="63" sl="294" sc="25" el="294" ec="80" bec="0" bev="0" fileid="96" />
                <SequencePoint vc="0" uspid="2549" ordinal="7" offset="82" sl="289" sc="34" el="289" ec="36" bec="0" bev="0" fileid="96" />
                <SequencePoint vc="0" uspid="2550" ordinal="8" offset="102" sl="298" sc="13" el="298" ec="30" bec="0" bev="0" fileid="96" />
              </SequencePoints>
              <BranchPoints>
                <BranchPoint vc="0" uspid="2551" ordinal="0" offset="7" sl="287" path="0" offsetend="9" fileid="96" />
                <BranchPoint vc="0" uspid="2552" ordinal="1" offset="7" sl="287" path="1" offsetend="102" fileid="96" />
                <BranchPoint vc="0" uspid="2553" ordinal="2" offset="38" sl="291" path="0" offsetend="40" fileid="96" />
                <BranchPoint vc="0" uspid="2554" ordinal="3" offset="38" sl="291" path="1" offsetend="44" fileid="96" />
                <BranchPoint vc="0" uspid="2555" ordinal="4" offset="61" sl="293" path="0" offsetend="63" fileid="96" />
                <BranchPoint vc="0" uspid="2556" ordinal="5" offset="61" sl="293" path="1" offsetend="82" fileid="96" />
              </BranchPoints>
              <MethodPoint xsi:type="SequencePoint" vc="0" uspid="2542" ordinal="0" offset="0" sl="285" sc="13" el="285" ec="58" bec="0" bev="0" fileid="96" />
            </Method>
            <Method visited="false" cyclomaticComplexity="4" nPathComplexity="2" sequenceCoverage="0" branchCoverage="0" crapScore="20" isConstructor="false" isStatic="false" isGetter="false" isSetter="false">
              <Summary numSequencePoints="7" visitedSequencePoints="0" numBranchPoints="3" visitedBranchPoints="0" sequenceCoverage="0" branchCoverage="0" maxCyclomaticComplexity="4" minCyclomaticComplexity="4" maxCrapScore="20" minCrapScore="20" visitedClasses="0" numClasses="0" visitedMethods="0" numMethods="1" />
              <MetadataToken>100663447</MetadataToken>
              <Name>System.Collections.Generic.Dictionary`2&lt;System.String,Internal.Microsoft.Extensions.DependencyModel.DependencyContextJsonReader/LibraryStub&gt; Internal.Microsoft.Extensions.DependencyModel.DependencyContextJsonReader::ReadLibraries(Xunit.JsonObject)</Name>
              <FileRef uid="96" />
              <SequencePoints>
                <SequencePoint vc="0" uspid="2559" ordinal="0" offset="0" sl="305" sc="13" el="305" ec="67" bec="0" bev="0" fileid="96" />
                <SequencePoint vc="0" uspid="2560" ordinal="1" offset="6" sl="307" sc="13" el="307" ec="39" bec="2" bev="0" fileid="96" />
                <SequencePoint vc="0" uspid="2561" ordinal="2" offset="9" sl="308" sc="37" el="308" ec="55" bec="0" bev="0" fileid="96" />
                <SequencePoint vc="0" uspid="2562" ordinal="3" offset="23" sl="308" sc="26" el="308" ec="33" bec="0" bev="0" fileid="96" />
                <SequencePoint vc="0" uspid="2563" ordinal="4" offset="30" sl="309" sc="21" el="309" ec="97" bec="0" bev="0" fileid="96" />
                <SequencePoint vc="0" uspid="2564" ordinal="5" offset="56" sl="308" sc="34" el="308" ec="36" bec="0" bev="0" fileid="96" />
                <SequencePoint vc="0" uspid="2565" ordinal="6" offset="76" sl="311" sc="13" el="311" ec="30" bec="0" bev="0" fileid="96" />
              </SequencePoints>
              <BranchPoints>
                <BranchPoint vc="0" uspid="2566" ordinal="0" offset="7" sl="307" path="0" offsetend="9" fileid="96" />
                <BranchPoint vc="0" uspid="2567" ordinal="1" offset="7" sl="307" path="1" offsetend="76" fileid="96" />
              </BranchPoints>
              <MethodPoint xsi:type="SequencePoint" vc="0" uspid="2559" ordinal="0" offset="0" sl="305" sc="13" el="305" ec="67" bec="0" bev="0" fileid="96" />
            </Method>
            <Method visited="false" cyclomaticComplexity="1" nPathComplexity="0" sequenceCoverage="0" branchCoverage="0" crapScore="2" isConstructor="false" isStatic="false" isGetter="false" isSetter="false">
              <Summary numSequencePoints="7" visitedSequencePoints="0" numBranchPoints="1" visitedBranchPoints="0" sequenceCoverage="0" branchCoverage="0" maxCyclomaticComplexity="1" minCyclomaticComplexity="1" maxCrapScore="2" minCrapScore="2" visitedClasses="0" numClasses="0" visitedMethods="0" numMethods="1" />
              <MetadataToken>100663448</MetadataToken>
              <Name>Internal.Microsoft.Extensions.DependencyModel.DependencyContextJsonReader/LibraryStub Internal.Microsoft.Extensions.DependencyModel.DependencyContextJsonReader::ReadLibrary(Xunit.JsonObject)</Name>
              <FileRef uid="96" />
              <SequencePoints>
                <SequencePoint vc="0" uspid="2570" ordinal="0" offset="0" sl="325" sc="13" el="325" ec="98" bec="0" bev="0" fileid="96" />
                <SequencePoint vc="0" uspid="2571" ordinal="1" offset="17" sl="326" sc="13" el="326" ec="96" bec="0" bev="0" fileid="96" />
                <SequencePoint vc="0" uspid="2572" ordinal="2" offset="34" sl="327" sc="13" el="327" ec="109" bec="0" bev="0" fileid="96" />
                <SequencePoint vc="0" uspid="2573" ordinal="3" offset="47" sl="328" sc="13" el="328" ec="96" bec="0" bev="0" fileid="96" />
                <SequencePoint vc="0" uspid="2574" ordinal="4" offset="64" sl="329" sc="13" el="329" ec="104" bec="0" bev="0" fileid="96" />
                <SequencePoint vc="0" uspid="2575" ordinal="5" offset="82" sl="330" sc="13" el="330" ec="132" bec="0" bev="0" fileid="96" />
                <SequencePoint vc="0" uspid="2576" ordinal="6" offset="100" sl="332" sc="13" el="340" ec="15" bec="0" bev="0" fileid="96" />
              </SequencePoints>
              <BranchPoints />
              <MethodPoint xsi:type="SequencePoint" vc="0" uspid="2570" ordinal="0" offset="0" sl="325" sc="13" el="325" ec="98" bec="0" bev="0" fileid="96" />
            </Method>
            <Method visited="false" cyclomaticComplexity="5" nPathComplexity="4" sequenceCoverage="0" branchCoverage="0" crapScore="30" isConstructor="false" isStatic="false" isGetter="false" isSetter="false">
              <Summary numSequencePoints="7" visitedSequencePoints="0" numBranchPoints="5" visitedBranchPoints="0" sequenceCoverage="0" branchCoverage="0" maxCyclomaticComplexity="5" minCyclomaticComplexity="5" maxCrapScore="30" minCrapScore="30" visitedClasses="0" numClasses="0" visitedMethods="0" numMethods="1" />
              <MetadataToken>100663449</MetadataToken>
              <Name>System.Collections.Generic.List`1&lt;Internal.Microsoft.Extensions.DependencyModel.RuntimeFallbacks&gt; Internal.Microsoft.Extensions.DependencyModel.DependencyContextJsonReader::ReadRuntimes(Xunit.JsonObject)</Name>
              <FileRef uid="96" />
              <SequencePoints>
                <SequencePoint vc="0" uspid="2577" ordinal="0" offset="0" sl="347" sc="13" el="347" ec="65" bec="0" bev="0" fileid="96" />
                <SequencePoint vc="0" uspid="2578" ordinal="1" offset="6" sl="349" sc="13" el="349" ec="38" bec="2" bev="0" fileid="96" />
                <SequencePoint vc="0" uspid="2579" ordinal="2" offset="9" sl="350" sc="37" el="350" ec="54" bec="0" bev="0" fileid="96" />
                <SequencePoint vc="0" uspid="2580" ordinal="3" offset="23" sl="350" sc="26" el="350" ec="33" bec="0" bev="0" fileid="96" />
                <SequencePoint vc="0" uspid="2581" ordinal="4" offset="30" sl="351" sc="21" el="351" ec="127" bec="2" bev="0" fileid="96" />
                <SequencePoint vc="0" uspid="2582" ordinal="5" offset="58" sl="350" sc="34" el="350" ec="36" bec="0" bev="0" fileid="96" />
                <SequencePoint vc="0" uspid="2583" ordinal="6" offset="78" sl="353" sc="13" el="353" ec="37" bec="0" bev="0" fileid="96" />
              </SequencePoints>
              <BranchPoints>
                <BranchPoint vc="0" uspid="2584" ordinal="0" offset="7" sl="349" path="0" offsetend="9" fileid="96" />
                <BranchPoint vc="0" uspid="2585" ordinal="1" offset="7" sl="349" path="1" offsetend="78" fileid="96" />
                <BranchPoint vc="0" uspid="2586" ordinal="2" offset="40" sl="351" path="0" offsetend="42" fileid="96" />
                <BranchPoint vc="0" uspid="2587" ordinal="3" offset="40" sl="351" path="1" offsetend="48" fileid="96" />
              </BranchPoints>
              <MethodPoint xsi:type="SequencePoint" vc="0" uspid="2577" ordinal="0" offset="0" sl="347" sc="13" el="347" ec="65" bec="0" bev="0" fileid="96" />
            </Method>
            <Method visited="false" cyclomaticComplexity="3" nPathComplexity="4" sequenceCoverage="0" branchCoverage="0" crapScore="12" isConstructor="false" isStatic="false" isGetter="false" isSetter="false">
              <Summary numSequencePoints="3" visitedSequencePoints="0" numBranchPoints="5" visitedBranchPoints="0" sequenceCoverage="0" branchCoverage="0" maxCyclomaticComplexity="3" minCyclomaticComplexity="3" maxCrapScore="12" minCrapScore="12" visitedClasses="0" numClasses="0" visitedMethods="0" numMethods="1" />
              <MetadataToken>100663450</MetadataToken>
              <Name>System.Collections.Generic.IEnumerable`1&lt;Internal.Microsoft.Extensions.DependencyModel.Library&gt; Internal.Microsoft.Extensions.DependencyModel.DependencyContextJsonReader::CreateLibraries(System.Collections.Generic.IEnumerable`1&lt;Internal.Microsoft.Extensions.DependencyModel.DependencyContextJsonReader/TargetLibrary&gt;,System.Boolean,System.Collections.Generic.Dictionary`2&lt;System.String,Internal.Microsoft.Extensions.DependencyModel.DependencyContextJsonReader/LibraryStub&gt;)</Name>
              <FileRef uid="96" />
              <SequencePoints>
                <SequencePoint vc="0" uspid="2590" ordinal="0" offset="27" sl="358" sc="13" el="358" ec="35" bec="2" bev="0" fileid="96" />
                <SequencePoint vc="0" uspid="2591" ordinal="1" offset="30" sl="359" sc="17" el="359" ec="52" bec="0" bev="0" fileid="96" />
                <SequencePoint vc="0" uspid="2592" ordinal="2" offset="36" sl="361" sc="13" el="362" ec="64" bec="2" bev="0" fileid="96" />
              </SequencePoints>
              <BranchPoints>
                <BranchPoint vc="0" uspid="2593" ordinal="0" offset="28" sl="358" path="0" offsetend="30" fileid="96" />
                <BranchPoint vc="0" uspid="2594" ordinal="1" offset="28" sl="358" path="1" offsetend="36" fileid="96" />
                <BranchPoint vc="0" uspid="2595" ordinal="2" offset="60" sl="361" path="0" offsetend="62" fileid="96" />
                <BranchPoint vc="0" uspid="2596" ordinal="3" offset="60" sl="361" path="1" offsetend="85" fileid="96" />
              </BranchPoints>
              <MethodPoint vc="0" uspid="2597" ordinal="0" offset="0" />
            </Method>
            <Method visited="false" cyclomaticComplexity="25" nPathComplexity="2097152" sequenceCoverage="0" branchCoverage="0" crapScore="650" isConstructor="false" isStatic="false" isGetter="false" isSetter="false">
              <Summary numSequencePoints="29" visitedSequencePoints="0" numBranchPoints="43" visitedBranchPoints="0" sequenceCoverage="0" branchCoverage="0" maxCyclomaticComplexity="25" minCyclomaticComplexity="25" maxCrapScore="650" minCrapScore="650" visitedClasses="0" numClasses="0" visitedMethods="0" numMethods="1" />
              <MetadataToken>100663451</MetadataToken>
              <Name>Internal.Microsoft.Extensions.DependencyModel.Library Internal.Microsoft.Extensions.DependencyModel.DependencyContextJsonReader::CreateLibrary(Internal.Microsoft.Extensions.DependencyModel.DependencyContextJsonReader/TargetLibrary,System.Boolean,System.Collections.Generic.Dictionary`2&lt;System.String,Internal.Microsoft.Extensions.DependencyModel.DependencyContextJsonReader/LibraryStub&gt;)</Name>
              <FileRef uid="96" />
              <SequencePoints>
                <SequencePoint vc="0" uspid="2598" ordinal="0" offset="0" sl="367" sc="13" el="367" ec="54" bec="0" bev="0" fileid="96" />
                <SequencePoint vc="0" uspid="2599" ordinal="1" offset="7" sl="370" sc="13" el="370" ec="94" bec="3" bev="0" fileid="96" />
                <SequencePoint vc="0" uspid="2600" ordinal="2" offset="21" sl="372" sc="17" el="372" ec="111" bec="0" bev="0" fileid="96" />
                <SequencePoint vc="0" uspid="2601" ordinal="3" offset="38" sl="375" sc="13" el="375" ec="104" bec="0" bev="0" fileid="96" />
                <SequencePoint vc="0" uspid="2602" ordinal="4" offset="47" sl="377" sc="13" el="377" ec="78" bec="0" bev="0" fileid="96" />
                <SequencePoint vc="0" uspid="2603" ordinal="5" offset="62" sl="378" sc="13" el="378" ec="82" bec="0" bev="0" fileid="96" />
                <SequencePoint vc="0" uspid="2604" ordinal="6" offset="79" sl="380" sc="13" el="380" ec="25" bec="2" bev="0" fileid="96" />
                <SequencePoint vc="0" uspid="2605" ordinal="7" offset="85" sl="383" sc="17" el="383" ec="67" bec="0" bev="0" fileid="96" />
                <SequencePoint vc="0" uspid="2606" ordinal="8" offset="91" sl="384" sc="17" el="384" ec="47" bec="4" bev="0" fileid="96" />
                <SequencePoint vc="0" uspid="2607" ordinal="9" offset="119" sl="386" sc="21" el="386" ec="33" bec="0" bev="0" fileid="96" />
                <SequencePoint vc="0" uspid="2608" ordinal="10" offset="121" sl="389" sc="17" el="389" ec="75" bec="0" bev="0" fileid="96" />
                <SequencePoint vc="0" uspid="2609" ordinal="11" offset="128" sl="390" sc="17" el="390" ec="73" bec="0" bev="0" fileid="96" />
                <SequencePoint vc="0" uspid="2610" ordinal="12" offset="135" sl="391" sc="17" el="391" ec="58" bec="2" bev="0" fileid="96" />
                <SequencePoint vc="0" uspid="2611" ordinal="13" offset="146" sl="393" sc="46" el="393" ec="94" bec="2" bev="0" fileid="96" />
                <SequencePoint vc="0" uspid="2612" ordinal="14" offset="200" sl="393" sc="30" el="393" ec="42" bec="0" bev="0" fileid="96" />
                <SequencePoint vc="0" uspid="2613" ordinal="15" offset="209" sl="395" sc="25" el="398" ec="40" bec="4" bev="0" fileid="96" />
                <SequencePoint vc="0" uspid="2614" ordinal="16" offset="290" sl="400" sc="25" el="400" ec="58" bec="2" bev="0" fileid="96" />
                <SequencePoint vc="0" uspid="2615" ordinal="17" offset="299" sl="402" sc="29" el="404" ec="99" bec="2" bev="0" fileid="96" />
                <SequencePoint vc="0" uspid="2616" ordinal="18" offset="356" sl="407" sc="25" el="410" ec="40" bec="4" bev="0" fileid="96" />
                <SequencePoint vc="0" uspid="2617" ordinal="19" offset="437" sl="412" sc="25" el="412" ec="56" bec="2" bev="0" fileid="96" />
                <SequencePoint vc="0" uspid="2618" ordinal="20" offset="446" sl="414" sc="29" el="416" ec="97" bec="2" bev="0" fileid="96" />
                <SequencePoint vc="0" uspid="2619" ordinal="21" offset="503" sl="393" sc="43" el="393" ec="45" bec="0" bev="0" fileid="96" />
                <SequencePoint vc="0" uspid="2620" ordinal="22" offset="529" sl="421" sc="17" el="421" ec="88" bec="3" bev="0" fileid="96" />
                <SequencePoint vc="0" uspid="2621" ordinal="23" offset="551" sl="423" sc="21" el="423" ec="108" bec="0" bev="0" fileid="96" />
                <SequencePoint vc="0" uspid="2622" ordinal="24" offset="574" sl="426" sc="17" el="426" ec="86" bec="3" bev="0" fileid="96" />
                <SequencePoint vc="0" uspid="2623" ordinal="25" offset="596" sl="428" sc="21" el="428" ec="105" bec="0" bev="0" fileid="96" />
                <SequencePoint vc="0" uspid="2624" ordinal="26" offset="619" sl="431" sc="17" el="443" ec="78" bec="2" bev="0" fileid="96" />
                <SequencePoint vc="0" uspid="2625" ordinal="27" offset="693" sl="447" sc="17" el="447" ec="129" bec="2" bev="0" fileid="96" />
                <SequencePoint vc="0" uspid="2626" ordinal="28" offset="720" sl="448" sc="17" el="457" ec="36" bec="0" bev="0" fileid="96" />
              </SequencePoints>
              <BranchPoints>
                <BranchPoint vc="0" uspid="2627" ordinal="0" offset="8" sl="370" path="0" offsetend="10" fileid="96" />
                <BranchPoint vc="0" uspid="2628" ordinal="1" offset="8" sl="370" path="1" offsetend="21" fileid="96" />
                <BranchPoint vc="0" uspid="2629" ordinal="2" offset="19" sl="370" path="0" offsetend="21" fileid="96" />
                <BranchPoint vc="0" uspid="2630" ordinal="3" offset="19" sl="370" path="1" offsetend="38" fileid="96" />
                <BranchPoint vc="0" uspid="2631" ordinal="4" offset="80" sl="380" path="0" offsetend="85" fileid="96" />
                <BranchPoint vc="0" uspid="2632" ordinal="5" offset="80" sl="380" path="1" offsetend="693" fileid="96" />
                <BranchPoint vc="0" uspid="2633" ordinal="6" offset="105" sl="384" path="0" offsetend="107" fileid="96" />
                <BranchPoint vc="0" uspid="2634" ordinal="7" offset="105" sl="384" path="1" offsetend="110" fileid="96" />
                <BranchPoint vc="0" uspid="2635" ordinal="8" offset="117" sl="384" path="0" offsetend="119" fileid="96" />
                <BranchPoint vc="0" uspid="2636" ordinal="9" offset="117" sl="384" path="1" offsetend="121" fileid="96" />
                <BranchPoint vc="0" uspid="2637" ordinal="10" offset="141" sl="391" path="0" offsetend="146" fileid="96" />
                <BranchPoint vc="0" uspid="2638" ordinal="11" offset="141" sl="391" path="1" offsetend="529" fileid="96" />
                <BranchPoint vc="0" uspid="2639" ordinal="12" offset="158" sl="393" path="0" offsetend="160" fileid="96" />
                <BranchPoint vc="0" uspid="2640" ordinal="13" offset="158" sl="393" path="1" offsetend="183" fileid="96" />
                <BranchPoint vc="0" uspid="2641" ordinal="14" offset="217" sl="395" path="0" offsetend="219" fileid="96" />
                <BranchPoint vc="0" uspid="2642" ordinal="15" offset="217" sl="395" path="1" offsetend="242" fileid="96" />
                <BranchPoint vc="0" uspid="2643" ordinal="16" offset="253" sl="395" path="0" offsetend="255" fileid="96" />
                <BranchPoint vc="0" uspid="2644" ordinal="17" offset="253" sl="395" path="1" offsetend="278" fileid="96" />
                <BranchPoint vc="0" uspid="2645" ordinal="18" offset="297" sl="400" path="0" offsetend="299" fileid="96" />
                <BranchPoint vc="0" uspid="2646" ordinal="19" offset="297" sl="400" path="1" offsetend="356" fileid="96" />
                <BranchPoint vc="0" uspid="2647" ordinal="20" offset="316" sl="402" path="0" offsetend="318" fileid="96" />
                <BranchPoint vc="0" uspid="2648" ordinal="21" offset="316" sl="402" path="1" offsetend="341" fileid="96" />
                <BranchPoint vc="0" uspid="2649" ordinal="22" offset="364" sl="407" path="0" offsetend="366" fileid="96" />
                <BranchPoint vc="0" uspid="2650" ordinal="23" offset="364" sl="407" path="1" offsetend="389" fileid="96" />
                <BranchPoint vc="0" uspid="2651" ordinal="24" offset="400" sl="407" path="0" offsetend="402" fileid="96" />
                <BranchPoint vc="0" uspid="2652" ordinal="25" offset="400" sl="407" path="1" offsetend="425" fileid="96" />
                <BranchPoint vc="0" uspid="2653" ordinal="26" offset="444" sl="412" path="0" offsetend="446" fileid="96" />
                <BranchPoint vc="0" uspid="2654" ordinal="27" offset="444" sl="412" path="1" offsetend="503" fileid="96" />
                <BranchPoint vc="0" uspid="2655" ordinal="28" offset="463" sl="414" path="0" offsetend="465" fileid="96" />
                <BranchPoint vc="0" uspid="2656" ordinal="29" offset="463" sl="414" path="1" offsetend="488" fileid="96" />
                <BranchPoint vc="0" uspid="2659" ordinal="32" offset="535" sl="421" path="0" offsetend="537" fileid="96" />
                <BranchPoint vc="0" uspid="2660" ordinal="33" offset="535" sl="421" path="1" offsetend="574" fileid="96" />
                <BranchPoint vc="0" uspid="2661" ordinal="34" offset="549" sl="421" path="0" offsetend="551" fileid="96" />
                <BranchPoint vc="0" uspid="2662" ordinal="35" offset="549" sl="421" path="1" offsetend="574" fileid="96" />
                <BranchPoint vc="0" uspid="2663" ordinal="36" offset="580" sl="426" path="0" offsetend="582" fileid="96" />
                <BranchPoint vc="0" uspid="2664" ordinal="37" offset="580" sl="426" path="1" offsetend="619" fileid="96" />
                <BranchPoint vc="0" uspid="2665" ordinal="38" offset="594" sl="426" path="0" offsetend="596" fileid="96" />
                <BranchPoint vc="0" uspid="2666" ordinal="39" offset="594" sl="426" path="1" offsetend="619" fileid="96" />
                <BranchPoint vc="0" uspid="2667" ordinal="40" offset="649" sl="431" path="0" offsetend="651" fileid="96" />
                <BranchPoint vc="0" uspid="2668" ordinal="41" offset="649" sl="431" path="1" offsetend="657" fileid="96" />
                <BranchPoint vc="0" uspid="2669" ordinal="42" offset="699" sl="447" path="0" offsetend="701" fileid="96" />
                <BranchPoint vc="0" uspid="2670" ordinal="43" offset="699" sl="447" path="1" offsetend="708" fileid="96" />
              </BranchPoints>
              <MethodPoint xsi:type="SequencePoint" vc="0" uspid="2598" ordinal="0" offset="0" sl="367" sc="13" el="367" ec="54" bec="0" bev="0" fileid="96" />
            </Method>
            <Method visited="false" cyclomaticComplexity="3" nPathComplexity="4" sequenceCoverage="0" branchCoverage="0" crapScore="12" isConstructor="false" isStatic="false" isGetter="false" isSetter="false">
              <Summary numSequencePoints="6" visitedSequencePoints="0" numBranchPoints="5" visitedBranchPoints="0" sequenceCoverage="0" branchCoverage="0" maxCyclomaticComplexity="3" minCyclomaticComplexity="3" maxCrapScore="12" minCrapScore="12" visitedClasses="0" numClasses="0" visitedMethods="0" numMethods="1" />
              <MetadataToken>100663452</MetadataToken>
              <Name>System.String Internal.Microsoft.Extensions.DependencyModel.DependencyContextJsonReader::Pool(System.String)</Name>
              <FileRef uid="96" />
              <SequencePoints>
                <SequencePoint vc="0" uspid="2671" ordinal="0" offset="0" sl="463" sc="13" el="463" ec="27" bec="2" bev="0" fileid="96" />
                <SequencePoint vc="0" uspid="2672" ordinal="1" offset="3" sl="465" sc="17" el="465" ec="29" bec="0" bev="0" fileid="96" />
                <SequencePoint vc="0" uspid="2673" ordinal="2" offset="5" sl="469" sc="13" el="469" ec="57" bec="2" bev="0" fileid="96" />
                <SequencePoint vc="0" uspid="2674" ordinal="3" offset="21" sl="471" sc="17" el="471" ec="36" bec="0" bev="0" fileid="96" />
                <SequencePoint vc="0" uspid="2675" ordinal="4" offset="34" sl="472" sc="17" el="472" ec="28" bec="0" bev="0" fileid="96" />
                <SequencePoint vc="0" uspid="2676" ordinal="5" offset="36" sl="474" sc="13" el="474" ec="27" bec="0" bev="0" fileid="96" />
              </SequencePoints>
              <BranchPoints>
                <BranchPoint vc="0" uspid="2677" ordinal="0" offset="1" sl="463" path="0" offsetend="3" fileid="96" />
                <BranchPoint vc="0" uspid="2678" ordinal="1" offset="1" sl="463" path="1" offsetend="5" fileid="96" />
                <BranchPoint vc="0" uspid="2679" ordinal="2" offset="19" sl="469" path="0" offsetend="21" fileid="96" />
                <BranchPoint vc="0" uspid="2680" ordinal="3" offset="19" sl="469" path="1" offsetend="36" fileid="96" />
              </BranchPoints>
              <MethodPoint xsi:type="SequencePoint" vc="0" uspid="2671" ordinal="0" offset="0" sl="463" sc="13" el="463" ec="27" bec="2" bev="0" fileid="96" />
            </Method>
            <Method visited="false" cyclomaticComplexity="1" nPathComplexity="0" sequenceCoverage="0" branchCoverage="0" crapScore="2" isConstructor="true" isStatic="false" isGetter="false" isSetter="false">
              <Summary numSequencePoints="1" visitedSequencePoints="0" numBranchPoints="1" visitedBranchPoints="0" sequenceCoverage="0" branchCoverage="0" maxCyclomaticComplexity="1" minCyclomaticComplexity="1" maxCrapScore="2" minCrapScore="2" visitedClasses="0" numClasses="0" visitedMethods="0" numMethods="1" />
              <MetadataToken>100663453</MetadataToken>
              <Name>System.Void Internal.Microsoft.Extensions.DependencyModel.DependencyContextJsonReader::.ctor()</Name>
              <FileRef uid="96" />
              <SequencePoints>
                <SequencePoint vc="0" uspid="2681" ordinal="0" offset="0" sl="18" sc="9" el="18" ec="101" bec="0" bev="0" fileid="96" />
              </SequencePoints>
              <BranchPoints />
              <MethodPoint xsi:type="SequencePoint" vc="0" uspid="2681" ordinal="0" offset="0" sl="18" sc="9" el="18" ec="101" bec="0" bev="0" fileid="96" />
            </Method>
            <Method visited="false" cyclomaticComplexity="1" nPathComplexity="0" sequenceCoverage="0" branchCoverage="0" crapScore="2" isConstructor="true" isStatic="true" isGetter="false" isSetter="false">
              <Summary numSequencePoints="1" visitedSequencePoints="0" numBranchPoints="1" visitedBranchPoints="0" sequenceCoverage="0" branchCoverage="0" maxCyclomaticComplexity="1" minCyclomaticComplexity="1" maxCrapScore="2" minCrapScore="2" visitedClasses="0" numClasses="0" visitedMethods="0" numMethods="1" />
              <MetadataToken>100663454</MetadataToken>
              <Name>System.Void Internal.Microsoft.Extensions.DependencyModel.DependencyContextJsonReader::.cctor()</Name>
              <FileRef uid="96" />
              <SequencePoints>
                <SequencePoint vc="0" uspid="2682" ordinal="0" offset="0" sl="16" sc="9" el="16" ec="67" bec="0" bev="0" fileid="96" />
              </SequencePoints>
              <BranchPoints />
              <MethodPoint xsi:type="SequencePoint" vc="0" uspid="2682" ordinal="0" offset="0" sl="16" sc="9" el="16" ec="67" bec="0" bev="0" fileid="96" />
            </Method>
            <Method visited="false" cyclomaticComplexity="1" nPathComplexity="0" sequenceCoverage="0" branchCoverage="0" crapScore="2" isConstructor="false" isStatic="false" isGetter="false" isSetter="false">
              <Summary numSequencePoints="1" visitedSequencePoints="0" numBranchPoints="1" visitedBranchPoints="0" sequenceCoverage="0" branchCoverage="0" maxCyclomaticComplexity="1" minCyclomaticComplexity="1" maxCrapScore="2" minCrapScore="2" visitedClasses="0" numClasses="0" visitedMethods="0" numMethods="1" />
              <MetadataToken>100663455</MetadataToken>
              <Name>System.Boolean Internal.Microsoft.Extensions.DependencyModel.DependencyContextJsonReader::&lt;Read&gt;b__5_0(Internal.Microsoft.Extensions.DependencyModel.DependencyContextJsonReader/Target)</Name>
              <FileRef uid="96" />
              <SequencePoints>
                <SequencePoint vc="0" uspid="2683" ordinal="0" offset="0" sl="93" sc="61" el="93" ec="85" bec="0" bev="0" fileid="96" />
              </SequencePoints>
              <BranchPoints />
              <MethodPoint xsi:type="SequencePoint" vc="0" uspid="2683" ordinal="0" offset="0" sl="93" sc="61" el="93" ec="85" bec="0" bev="0" fileid="96" />
            </Method>
            <Method visited="false" cyclomaticComplexity="1" nPathComplexity="0" sequenceCoverage="0" branchCoverage="0" crapScore="2" isConstructor="false" isStatic="false" isGetter="false" isSetter="false">
              <Summary numSequencePoints="1" visitedSequencePoints="0" numBranchPoints="1" visitedBranchPoints="0" sequenceCoverage="0" branchCoverage="0" maxCyclomaticComplexity="1" minCyclomaticComplexity="1" maxCrapScore="2" minCrapScore="2" visitedClasses="0" numClasses="0" visitedMethods="0" numMethods="1" />
              <MetadataToken>100663456</MetadataToken>
              <Name>System.Boolean Internal.Microsoft.Extensions.DependencyModel.DependencyContextJsonReader::&lt;SelectRuntimeTarget&gt;b__6_1(Internal.Microsoft.Extensions.DependencyModel.DependencyContextJsonReader/Target)</Name>
              <FileRef uid="96" />
              <SequencePoints>
                <SequencePoint vc="0" uspid="2684" ordinal="0" offset="0" sl="130" sc="54" el="130" ec="77" bec="0" bev="0" fileid="96" />
              </SequencePoints>
              <BranchPoints />
              <MethodPoint xsi:type="SequencePoint" vc="0" uspid="2684" ordinal="0" offset="0" sl="130" sc="54" el="130" ec="77" bec="0" bev="0" fileid="96" />
            </Method>
          </Methods>
        </Class>
        <Class>
          <Summary numSequencePoints="0" visitedSequencePoints="0" numBranchPoints="0" visitedBranchPoints="0" sequenceCoverage="0" branchCoverage="0" maxCyclomaticComplexity="1" minCyclomaticComplexity="1" maxCrapScore="2" minCrapScore="2" visitedClasses="0" numClasses="0" visitedMethods="0" numMethods="0" />
          <FullName>Internal.Microsoft.Extensions.DependencyModel.DependencyContextJsonReader/Target</FullName>
          <Methods>
            <Method visited="false" cyclomaticComplexity="1" nPathComplexity="0" sequenceCoverage="0" branchCoverage="0" crapScore="2" isConstructor="true" isStatic="false" isGetter="false" isSetter="false">
              <Summary numSequencePoints="0" visitedSequencePoints="0" numBranchPoints="0" visitedBranchPoints="0" sequenceCoverage="0" branchCoverage="0" maxCyclomaticComplexity="1" minCyclomaticComplexity="1" maxCrapScore="2" minCrapScore="2" visitedClasses="0" numClasses="0" visitedMethods="0" numMethods="0" />
              <MetadataToken>100664872</MetadataToken>
              <Name>System.Void Internal.Microsoft.Extensions.DependencyModel.DependencyContextJsonReader/Target::.ctor()</Name>
              <SequencePoints />
              <BranchPoints />
              <MethodPoint vc="0" uspid="2685" ordinal="0" offset="0" />
            </Method>
          </Methods>
        </Class>
        <Class>
          <Summary numSequencePoints="1" visitedSequencePoints="0" numBranchPoints="1" visitedBranchPoints="0" sequenceCoverage="0" branchCoverage="0" maxCyclomaticComplexity="1" minCyclomaticComplexity="1" maxCrapScore="2" minCrapScore="2" visitedClasses="0" numClasses="1" visitedMethods="0" numMethods="1" />
          <FullName>Internal.Microsoft.Extensions.DependencyModel.DependencyContextJsonReader/&lt;&gt;c__DisplayClass6_0</FullName>
          <Methods>
            <Method visited="false" cyclomaticComplexity="1" nPathComplexity="0" sequenceCoverage="0" branchCoverage="0" crapScore="2" isConstructor="true" isStatic="false" isGetter="false" isSetter="false">
              <Summary numSequencePoints="0" visitedSequencePoints="0" numBranchPoints="0" visitedBranchPoints="0" sequenceCoverage="0" branchCoverage="0" maxCyclomaticComplexity="1" minCyclomaticComplexity="1" maxCrapScore="2" minCrapScore="2" visitedClasses="0" numClasses="0" visitedMethods="0" numMethods="0" />
              <MetadataToken>100664873</MetadataToken>
              <Name>System.Void Internal.Microsoft.Extensions.DependencyModel.DependencyContextJsonReader/&lt;&gt;c__DisplayClass6_0::.ctor()</Name>
              <SequencePoints />
              <BranchPoints />
              <MethodPoint vc="0" uspid="2686" ordinal="0" offset="0" />
            </Method>
            <Method visited="false" cyclomaticComplexity="1" nPathComplexity="0" sequenceCoverage="0" branchCoverage="0" crapScore="2" isConstructor="false" isStatic="false" isGetter="false" isSetter="false">
              <Summary numSequencePoints="1" visitedSequencePoints="0" numBranchPoints="1" visitedBranchPoints="0" sequenceCoverage="0" branchCoverage="0" maxCyclomaticComplexity="1" minCyclomaticComplexity="1" maxCrapScore="2" minCrapScore="2" visitedClasses="0" numClasses="0" visitedMethods="0" numMethods="1" />
              <MetadataToken>100664874</MetadataToken>
              <Name>System.Boolean Internal.Microsoft.Extensions.DependencyModel.DependencyContextJsonReader/&lt;&gt;c__DisplayClass6_0::&lt;SelectRuntimeTarget&gt;b__0(Internal.Microsoft.Extensions.DependencyModel.DependencyContextJsonReader/Target)</Name>
              <FileRef uid="96" />
              <SequencePoints>
                <SequencePoint vc="0" uspid="2687" ordinal="0" offset="0" sl="124" sc="54" el="124" ec="81" bec="0" bev="0" fileid="96" />
              </SequencePoints>
              <BranchPoints />
              <MethodPoint xsi:type="SequencePoint" vc="0" uspid="2687" ordinal="0" offset="0" sl="124" sc="54" el="124" ec="81" bec="0" bev="0" fileid="96" />
            </Method>
          </Methods>
        </Class>
        <Class>
          <Summary numSequencePoints="1" visitedSequencePoints="0" numBranchPoints="1" visitedBranchPoints="0" sequenceCoverage="0" branchCoverage="0" maxCyclomaticComplexity="1" minCyclomaticComplexity="1" maxCrapScore="2" minCrapScore="2" visitedClasses="0" numClasses="1" visitedMethods="0" numMethods="1" />
          <FullName>Internal.Microsoft.Extensions.DependencyModel.DependencyContextJsonReader/&lt;&gt;c__DisplayClass19_0</FullName>
          <Methods>
            <Method visited="false" cyclomaticComplexity="1" nPathComplexity="0" sequenceCoverage="0" branchCoverage="0" crapScore="2" isConstructor="true" isStatic="false" isGetter="false" isSetter="false">
              <Summary numSequencePoints="0" visitedSequencePoints="0" numBranchPoints="0" visitedBranchPoints="0" sequenceCoverage="0" branchCoverage="0" maxCyclomaticComplexity="1" minCyclomaticComplexity="1" maxCrapScore="2" minCrapScore="2" visitedClasses="0" numClasses="0" visitedMethods="0" numMethods="0" />
              <MetadataToken>100664875</MetadataToken>
              <Name>System.Void Internal.Microsoft.Extensions.DependencyModel.DependencyContextJsonReader/&lt;&gt;c__DisplayClass19_0::.ctor()</Name>
              <SequencePoints />
              <BranchPoints />
              <MethodPoint vc="0" uspid="2688" ordinal="0" offset="0" />
            </Method>
            <Method visited="false" cyclomaticComplexity="1" nPathComplexity="0" sequenceCoverage="0" branchCoverage="0" crapScore="2" isConstructor="false" isStatic="false" isGetter="false" isSetter="false">
              <Summary numSequencePoints="1" visitedSequencePoints="0" numBranchPoints="1" visitedBranchPoints="0" sequenceCoverage="0" branchCoverage="0" maxCyclomaticComplexity="1" minCyclomaticComplexity="1" maxCrapScore="2" minCrapScore="2" visitedClasses="0" numClasses="0" visitedMethods="0" numMethods="1" />
              <MetadataToken>100664876</MetadataToken>
              <Name>Internal.Microsoft.Extensions.DependencyModel.Library Internal.Microsoft.Extensions.DependencyModel.DependencyContextJsonReader/&lt;&gt;c__DisplayClass19_0::&lt;CreateLibraries&gt;b__0(Internal.Microsoft.Extensions.DependencyModel.DependencyContextJsonReader/TargetLibrary)</Name>
              <FileRef uid="96" />
              <SequencePoints>
                <SequencePoint vc="0" uspid="2689" ordinal="0" offset="0" sl="361" sc="49" el="361" ec="95" bec="0" bev="0" fileid="96" />
              </SequencePoints>
              <BranchPoints />
              <MethodPoint xsi:type="SequencePoint" vc="0" uspid="2689" ordinal="0" offset="0" sl="361" sc="49" el="361" ec="95" bec="0" bev="0" fileid="96" />
            </Method>
          </Methods>
        </Class>
        <Class>
          <Summary numSequencePoints="8" visitedSequencePoints="0" numBranchPoints="8" visitedBranchPoints="0" sequenceCoverage="0" branchCoverage="0" maxCyclomaticComplexity="1" minCyclomaticComplexity="1" maxCrapScore="2" minCrapScore="2" visitedClasses="0" numClasses="1" visitedMethods="0" numMethods="8" />
          <FullName>Internal.Microsoft.Extensions.DependencyModel.DependencyContextJsonReader/&lt;&gt;c</FullName>
          <Methods>
            <Method visited="false" cyclomaticComplexity="1" nPathComplexity="0" sequenceCoverage="0" branchCoverage="0" crapScore="2" isConstructor="true" isStatic="true" isGetter="false" isSetter="false">
              <Summary numSequencePoints="0" visitedSequencePoints="0" numBranchPoints="0" visitedBranchPoints="0" sequenceCoverage="0" branchCoverage="0" maxCyclomaticComplexity="1" minCyclomaticComplexity="1" maxCrapScore="2" minCrapScore="2" visitedClasses="0" numClasses="0" visitedMethods="0" numMethods="0" />
              <MetadataToken>100664877</MetadataToken>
              <Name>System.Void Internal.Microsoft.Extensions.DependencyModel.DependencyContextJsonReader/&lt;&gt;c::.cctor()</Name>
              <SequencePoints />
              <BranchPoints />
              <MethodPoint vc="0" uspid="2690" ordinal="0" offset="0" />
            </Method>
            <Method visited="false" cyclomaticComplexity="1" nPathComplexity="0" sequenceCoverage="0" branchCoverage="0" crapScore="2" isConstructor="true" isStatic="false" isGetter="false" isSetter="false">
              <Summary numSequencePoints="0" visitedSequencePoints="0" numBranchPoints="0" visitedBranchPoints="0" sequenceCoverage="0" branchCoverage="0" maxCyclomaticComplexity="1" minCyclomaticComplexity="1" maxCrapScore="2" minCrapScore="2" visitedClasses="0" numClasses="0" visitedMethods="0" numMethods="0" />
              <MetadataToken>100664878</MetadataToken>
              <Name>System.Void Internal.Microsoft.Extensions.DependencyModel.DependencyContextJsonReader/&lt;&gt;c::.ctor()</Name>
              <SequencePoints />
              <BranchPoints />
              <MethodPoint vc="0" uspid="2691" ordinal="0" offset="0" />
            </Method>
            <Method visited="false" cyclomaticComplexity="1" nPathComplexity="0" sequenceCoverage="0" branchCoverage="0" crapScore="2" isConstructor="false" isStatic="false" isGetter="false" isSetter="false">
              <Summary numSequencePoints="1" visitedSequencePoints="0" numBranchPoints="1" visitedBranchPoints="0" sequenceCoverage="0" branchCoverage="0" maxCyclomaticComplexity="1" minCyclomaticComplexity="1" maxCrapScore="2" minCrapScore="2" visitedClasses="0" numClasses="0" visitedMethods="0" numMethods="1" />
              <MetadataToken>100664879</MetadataToken>
              <Name>System.Boolean Internal.Microsoft.Extensions.DependencyModel.DependencyContextJsonReader/&lt;&gt;c::&lt;CreateLibraries&gt;b__19_1(Internal.Microsoft.Extensions.DependencyModel.Library)</Name>
              <FileRef uid="96" />
              <SequencePoints>
                <SequencePoint vc="0" uspid="2692" ordinal="0" offset="0" sl="362" sc="47" el="362" ec="62" bec="0" bev="0" fileid="96" />
              </SequencePoints>
              <BranchPoints />
              <MethodPoint xsi:type="SequencePoint" vc="0" uspid="2692" ordinal="0" offset="0" sl="362" sc="47" el="362" ec="62" bec="0" bev="0" fileid="96" />
            </Method>
            <Method visited="false" cyclomaticComplexity="1" nPathComplexity="0" sequenceCoverage="0" branchCoverage="0" crapScore="2" isConstructor="false" isStatic="false" isGetter="false" isSetter="false">
              <Summary numSequencePoints="1" visitedSequencePoints="0" numBranchPoints="1" visitedBranchPoints="0" sequenceCoverage="0" branchCoverage="0" maxCyclomaticComplexity="1" minCyclomaticComplexity="1" maxCrapScore="2" minCrapScore="2" visitedClasses="0" numClasses="0" visitedMethods="0" numMethods="1" />
              <MetadataToken>100664880</MetadataToken>
              <Name>System.String Internal.Microsoft.Extensions.DependencyModel.DependencyContextJsonReader/&lt;&gt;c::&lt;CreateLibrary&gt;b__20_0(Internal.Microsoft.Extensions.DependencyModel.DependencyContextJsonReader/RuntimeTargetEntryStub)</Name>
              <FileRef uid="96" />
              <SequencePoints>
                <SequencePoint vc="0" uspid="2693" ordinal="0" offset="0" sl="393" sc="88" el="393" ec="93" bec="0" bev="0" fileid="96" />
              </SequencePoints>
              <BranchPoints />
              <MethodPoint xsi:type="SequencePoint" vc="0" uspid="2693" ordinal="0" offset="0" sl="393" sc="88" el="393" ec="93" bec="0" bev="0" fileid="96" />
            </Method>
            <Method visited="false" cyclomaticComplexity="1" nPathComplexity="0" sequenceCoverage="0" branchCoverage="0" crapScore="2" isConstructor="false" isStatic="false" isGetter="false" isSetter="false">
              <Summary numSequencePoints="1" visitedSequencePoints="0" numBranchPoints="1" visitedBranchPoints="0" sequenceCoverage="0" branchCoverage="0" maxCyclomaticComplexity="1" minCyclomaticComplexity="1" maxCrapScore="2" minCrapScore="2" visitedClasses="0" numClasses="0" visitedMethods="0" numMethods="1" />
              <MetadataToken>100664881</MetadataToken>
              <Name>System.Boolean Internal.Microsoft.Extensions.DependencyModel.DependencyContextJsonReader/&lt;&gt;c::&lt;CreateLibrary&gt;b__20_1(Internal.Microsoft.Extensions.DependencyModel.DependencyContextJsonReader/RuntimeTargetEntryStub)</Name>
              <FileRef uid="96" />
              <SequencePoints>
                <SequencePoint vc="0" uspid="2694" ordinal="0" offset="0" sl="396" sc="41" el="396" ec="92" bec="0" bev="0" fileid="96" />
              </SequencePoints>
              <BranchPoints />
              <MethodPoint xsi:type="SequencePoint" vc="0" uspid="2694" ordinal="0" offset="0" sl="396" sc="41" el="396" ec="92" bec="0" bev="0" fileid="96" />
            </Method>
            <Method visited="false" cyclomaticComplexity="1" nPathComplexity="0" sequenceCoverage="0" branchCoverage="0" crapScore="2" isConstructor="false" isStatic="false" isGetter="false" isSetter="false">
              <Summary numSequencePoints="1" visitedSequencePoints="0" numBranchPoints="1" visitedBranchPoints="0" sequenceCoverage="0" branchCoverage="0" maxCyclomaticComplexity="1" minCyclomaticComplexity="1" maxCrapScore="2" minCrapScore="2" visitedClasses="0" numClasses="0" visitedMethods="0" numMethods="1" />
              <MetadataToken>100664882</MetadataToken>
              <Name>System.String Internal.Microsoft.Extensions.DependencyModel.DependencyContextJsonReader/&lt;&gt;c::&lt;CreateLibrary&gt;b__20_2(Internal.Microsoft.Extensions.DependencyModel.DependencyContextJsonReader/RuntimeTargetEntryStub)</Name>
              <FileRef uid="96" />
              <SequencePoints>
                <SequencePoint vc="0" uspid="2695" ordinal="0" offset="0" sl="397" sc="42" el="397" ec="48" bec="0" bev="0" fileid="96" />
              </SequencePoints>
              <BranchPoints />
              <MethodPoint xsi:type="SequencePoint" vc="0" uspid="2695" ordinal="0" offset="0" sl="397" sc="42" el="397" ec="48" bec="0" bev="0" fileid="96" />
            </Method>
            <Method visited="false" cyclomaticComplexity="1" nPathComplexity="0" sequenceCoverage="0" branchCoverage="0" crapScore="2" isConstructor="false" isStatic="false" isGetter="false" isSetter="false">
              <Summary numSequencePoints="1" visitedSequencePoints="0" numBranchPoints="1" visitedBranchPoints="0" sequenceCoverage="0" branchCoverage="0" maxCyclomaticComplexity="1" minCyclomaticComplexity="1" maxCrapScore="2" minCrapScore="2" visitedClasses="0" numClasses="0" visitedMethods="0" numMethods="1" />
              <MetadataToken>100664883</MetadataToken>
              <Name>System.Boolean Internal.Microsoft.Extensions.DependencyModel.DependencyContextJsonReader/&lt;&gt;c::&lt;CreateLibrary&gt;b__20_3(System.String)</Name>
              <FileRef uid="96" />
              <SequencePoints>
                <SequencePoint vc="0" uspid="2696" ordinal="0" offset="0" sl="404" sc="67" el="404" ec="95" bec="0" bev="0" fileid="96" />
              </SequencePoints>
              <BranchPoints />
              <MethodPoint xsi:type="SequencePoint" vc="0" uspid="2696" ordinal="0" offset="0" sl="404" sc="67" el="404" ec="95" bec="0" bev="0" fileid="96" />
            </Method>
            <Method visited="false" cyclomaticComplexity="1" nPathComplexity="0" sequenceCoverage="0" branchCoverage="0" crapScore="2" isConstructor="false" isStatic="false" isGetter="false" isSetter="false">
              <Summary numSequencePoints="1" visitedSequencePoints="0" numBranchPoints="1" visitedBranchPoints="0" sequenceCoverage="0" branchCoverage="0" maxCyclomaticComplexity="1" minCyclomaticComplexity="1" maxCrapScore="2" minCrapScore="2" visitedClasses="0" numClasses="0" visitedMethods="0" numMethods="1" />
              <MetadataToken>100664884</MetadataToken>
              <Name>System.Boolean Internal.Microsoft.Extensions.DependencyModel.DependencyContextJsonReader/&lt;&gt;c::&lt;CreateLibrary&gt;b__20_4(Internal.Microsoft.Extensions.DependencyModel.DependencyContextJsonReader/RuntimeTargetEntryStub)</Name>
              <FileRef uid="96" />
              <SequencePoints>
                <SequencePoint vc="0" uspid="2697" ordinal="0" offset="0" sl="408" sc="41" el="408" ec="91" bec="0" bev="0" fileid="96" />
              </SequencePoints>
              <BranchPoints />
              <MethodPoint xsi:type="SequencePoint" vc="0" uspid="2697" ordinal="0" offset="0" sl="408" sc="41" el="408" ec="91" bec="0" bev="0" fileid="96" />
            </Method>
            <Method visited="false" cyclomaticComplexity="1" nPathComplexity="0" sequenceCoverage="0" branchCoverage="0" crapScore="2" isConstructor="false" isStatic="false" isGetter="false" isSetter="false">
              <Summary numSequencePoints="1" visitedSequencePoints="0" numBranchPoints="1" visitedBranchPoints="0" sequenceCoverage="0" branchCoverage="0" maxCyclomaticComplexity="1" minCyclomaticComplexity="1" maxCrapScore="2" minCrapScore="2" visitedClasses="0" numClasses="0" visitedMethods="0" numMethods="1" />
              <MetadataToken>100664885</MetadataToken>
              <Name>System.String Internal.Microsoft.Extensions.DependencyModel.DependencyContextJsonReader/&lt;&gt;c::&lt;CreateLibrary&gt;b__20_5(Internal.Microsoft.Extensions.DependencyModel.DependencyContextJsonReader/RuntimeTargetEntryStub)</Name>
              <FileRef uid="96" />
              <SequencePoints>
                <SequencePoint vc="0" uspid="2698" ordinal="0" offset="0" sl="409" sc="42" el="409" ec="48" bec="0" bev="0" fileid="96" />
              </SequencePoints>
              <BranchPoints />
              <MethodPoint xsi:type="SequencePoint" vc="0" uspid="2698" ordinal="0" offset="0" sl="409" sc="42" el="409" ec="48" bec="0" bev="0" fileid="96" />
            </Method>
            <Method visited="false" cyclomaticComplexity="1" nPathComplexity="0" sequenceCoverage="0" branchCoverage="0" crapScore="2" isConstructor="false" isStatic="false" isGetter="false" isSetter="false">
              <Summary numSequencePoints="1" visitedSequencePoints="0" numBranchPoints="1" visitedBranchPoints="0" sequenceCoverage="0" branchCoverage="0" maxCyclomaticComplexity="1" minCyclomaticComplexity="1" maxCrapScore="2" minCrapScore="2" visitedClasses="0" numClasses="0" visitedMethods="0" numMethods="1" />
              <MetadataToken>100664886</MetadataToken>
              <Name>System.Boolean Internal.Microsoft.Extensions.DependencyModel.DependencyContextJsonReader/&lt;&gt;c::&lt;CreateLibrary&gt;b__20_6(System.String)</Name>
              <FileRef uid="96" />
              <SequencePoints>
                <SequencePoint vc="0" uspid="2699" ordinal="0" offset="0" sl="416" sc="65" el="416" ec="93" bec="0" bev="0" fileid="96" />
              </SequencePoints>
              <BranchPoints />
              <MethodPoint xsi:type="SequencePoint" vc="0" uspid="2699" ordinal="0" offset="0" sl="416" sc="65" el="416" ec="93" bec="0" bev="0" fileid="96" />
            </Method>
          </Methods>
        </Class>
        <Class>
          <Summary numSequencePoints="45" visitedSequencePoints="0" numBranchPoints="28" visitedBranchPoints="0" sequenceCoverage="0" branchCoverage="0" maxCyclomaticComplexity="9" minCyclomaticComplexity="1" maxCrapScore="90" minCrapScore="2" visitedClasses="0" numClasses="1" visitedMethods="0" numMethods="10" />
          <FullName>Internal.Microsoft.Extensions.DependencyModel.DependencyContextLoader</FullName>
          <Methods>
            <Method visited="false" cyclomaticComplexity="1" nPathComplexity="0" sequenceCoverage="0" branchCoverage="0" crapScore="2" isConstructor="false" isStatic="true" isGetter="true" isSetter="false">
              <Summary numSequencePoints="1" visitedSequencePoints="0" numBranchPoints="1" visitedBranchPoints="0" sequenceCoverage="0" branchCoverage="0" maxCyclomaticComplexity="1" minCyclomaticComplexity="1" maxCrapScore="2" minCrapScore="2" visitedClasses="0" numClasses="0" visitedMethods="0" numMethods="1" />
              <MetadataToken>100663459</MetadataToken>
              <Name>Internal.Microsoft.Extensions.DependencyModel.DependencyContextLoader Internal.Microsoft.Extensions.DependencyModel.DependencyContextLoader::get_Default()</Name>
              <FileRef uid="100" />
              <SequencePoints>
                <SequencePoint vc="0" uspid="2700" ordinal="0" offset="0" sl="43" sc="57" el="43" ec="61" bec="0" bev="0" fileid="100" />
              </SequencePoints>
              <BranchPoints />
              <MethodPoint xsi:type="SequencePoint" vc="0" uspid="2700" ordinal="0" offset="0" sl="43" sc="57" el="43" ec="61" bec="0" bev="0" fileid="100" />
            </Method>
            <Method visited="false" cyclomaticComplexity="2" nPathComplexity="2" sequenceCoverage="0" branchCoverage="0" crapScore="6" isConstructor="true" isStatic="false" isGetter="false" isSetter="false">
              <Summary numSequencePoints="2" visitedSequencePoints="0" numBranchPoints="3" visitedBranchPoints="0" sequenceCoverage="0" branchCoverage="0" maxCyclomaticComplexity="2" minCyclomaticComplexity="2" maxCrapScore="6" minCrapScore="6" visitedClasses="0" numClasses="0" visitedMethods="0" numMethods="1" />
              <MetadataToken>100663457</MetadataToken>
              <Name>System.Void Internal.Microsoft.Extensions.DependencyModel.DependencyContextLoader::.ctor()</Name>
              <FileRef uid="100" />
              <SequencePoints>
                <SequencePoint vc="0" uspid="2701" ordinal="0" offset="0" sl="23" sc="44" el="27" ec="53" bec="2" bev="0" fileid="100" />
                <SequencePoint vc="0" uspid="2702" ordinal="1" offset="62" sl="29" sc="9" el="29" ec="10" bec="0" bev="0" fileid="100" />
              </SequencePoints>
              <BranchPoints>
                <BranchPoint vc="0" uspid="2703" ordinal="0" offset="32" sl="23" path="0" offsetend="34" fileid="100" />
                <BranchPoint vc="0" uspid="2704" ordinal="1" offset="32" sl="23" path="1" offsetend="57" fileid="100" />
              </BranchPoints>
              <MethodPoint xsi:type="SequencePoint" vc="0" uspid="2701" ordinal="0" offset="0" sl="23" sc="44" el="27" ec="53" bec="2" bev="0" fileid="100" />
            </Method>
            <Method visited="false" cyclomaticComplexity="1" nPathComplexity="0" sequenceCoverage="0" branchCoverage="0" crapScore="2" isConstructor="true" isStatic="false" isGetter="false" isSetter="false">
              <Summary numSequencePoints="6" visitedSequencePoints="0" numBranchPoints="1" visitedBranchPoints="0" sequenceCoverage="0" branchCoverage="0" maxCyclomaticComplexity="1" minCyclomaticComplexity="1" maxCrapScore="2" minCrapScore="2" visitedClasses="0" numClasses="0" visitedMethods="0" numMethods="1" />
              <MetadataToken>100663458</MetadataToken>
              <Name>System.Void Internal.Microsoft.Extensions.DependencyModel.DependencyContextLoader::.ctor(System.String,System.Collections.Generic.IEnumerable`1&lt;System.String&gt;,Internal.Microsoft.Extensions.DependencyModel.IFileSystem,System.Func`1&lt;Internal.Microsoft.Extensions.DependencyModel.IDependencyContextReader&gt;)</Name>
              <FileRef uid="100" />
              <SequencePoints>
                <SequencePoint vc="0" uspid="2705" ordinal="0" offset="0" sl="31" sc="9" el="35" ec="62" bec="0" bev="0" fileid="100" />
                <SequencePoint vc="0" uspid="2706" ordinal="1" offset="6" sl="37" sc="13" el="37" ec="62" bec="0" bev="0" fileid="100" />
                <SequencePoint vc="0" uspid="2707" ordinal="2" offset="13" sl="38" sc="13" el="38" ec="62" bec="0" bev="0" fileid="100" />
                <SequencePoint vc="0" uspid="2708" ordinal="3" offset="20" sl="39" sc="13" el="39" ec="38" bec="0" bev="0" fileid="100" />
                <SequencePoint vc="0" uspid="2709" ordinal="4" offset="27" sl="40" sc="13" el="40" ec="52" bec="0" bev="0" fileid="100" />
                <SequencePoint vc="0" uspid="2710" ordinal="5" offset="35" sl="41" sc="9" el="41" ec="10" bec="0" bev="0" fileid="100" />
              </SequencePoints>
              <BranchPoints />
              <MethodPoint xsi:type="SequencePoint" vc="0" uspid="2705" ordinal="0" offset="0" sl="31" sc="9" el="35" ec="62" bec="0" bev="0" fileid="100" />
            </Method>
            <Method visited="false" cyclomaticComplexity="1" nPathComplexity="0" sequenceCoverage="0" branchCoverage="0" crapScore="2" isConstructor="false" isStatic="true" isGetter="false" isSetter="false">
              <Summary numSequencePoints="1" visitedSequencePoints="0" numBranchPoints="1" visitedBranchPoints="0" sequenceCoverage="0" branchCoverage="0" maxCyclomaticComplexity="1" minCyclomaticComplexity="1" maxCrapScore="2" minCrapScore="2" visitedClasses="0" numClasses="0" visitedMethods="0" numMethods="1" />
              <MetadataToken>100663460</MetadataToken>
              <Name>System.Boolean Internal.Microsoft.Extensions.DependencyModel.DependencyContextLoader::IsEntryAssembly(System.Reflection.Assembly)</Name>
              <FileRef uid="100" />
              <SequencePoints>
                <SequencePoint vc="0" uspid="2711" ordinal="0" offset="0" sl="47" sc="13" el="47" ec="65" bec="0" bev="0" fileid="100" />
              </SequencePoints>
              <BranchPoints />
              <MethodPoint xsi:type="SequencePoint" vc="0" uspid="2711" ordinal="0" offset="0" sl="47" sc="13" el="47" ec="65" bec="0" bev="0" fileid="100" />
            </Method>
            <Method visited="false" cyclomaticComplexity="1" nPathComplexity="0" sequenceCoverage="0" branchCoverage="0" crapScore="2" isConstructor="false" isStatic="true" isGetter="false" isSetter="false">
              <Summary numSequencePoints="1" visitedSequencePoints="0" numBranchPoints="1" visitedBranchPoints="0" sequenceCoverage="0" branchCoverage="0" maxCyclomaticComplexity="1" minCyclomaticComplexity="1" maxCrapScore="2" minCrapScore="2" visitedClasses="0" numClasses="0" visitedMethods="0" numMethods="1" />
              <MetadataToken>100663461</MetadataToken>
              <Name>System.IO.Stream Internal.Microsoft.Extensions.DependencyModel.DependencyContextLoader::GetResourceStream(System.Reflection.Assembly,System.String)</Name>
              <FileRef uid="100" />
              <SequencePoints>
                <SequencePoint vc="0" uspid="2712" ordinal="0" offset="0" sl="52" sc="13" el="52" ec="61" bec="0" bev="0" fileid="100" />
              </SequencePoints>
              <BranchPoints />
              <MethodPoint xsi:type="SequencePoint" vc="0" uspid="2712" ordinal="0" offset="0" sl="52" sc="13" el="52" ec="61" bec="0" bev="0" fileid="100" />
            </Method>
            <Method visited="false" cyclomaticComplexity="9" nPathComplexity="32" sequenceCoverage="0" branchCoverage="0" crapScore="90" isConstructor="false" isStatic="false" isGetter="false" isSetter="false">
              <Summary numSequencePoints="17" visitedSequencePoints="0" numBranchPoints="11" visitedBranchPoints="0" sequenceCoverage="0" branchCoverage="0" maxCyclomaticComplexity="9" minCyclomaticComplexity="9" maxCrapScore="90" minCrapScore="90" visitedClasses="0" numClasses="0" visitedMethods="0" numMethods="1" />
              <MetadataToken>100663462</MetadataToken>
              <Name>Internal.Microsoft.Extensions.DependencyModel.DependencyContext Internal.Microsoft.Extensions.DependencyModel.DependencyContextLoader::Load(System.Reflection.Assembly)</Name>
              <FileRef uid="100" />
              <SequencePoints>
                <SequencePoint vc="0" uspid="2713" ordinal="0" offset="0" sl="57" sc="13" el="57" ec="34" bec="2" bev="0" fileid="100" />
                <SequencePoint vc="0" uspid="2714" ordinal="1" offset="9" sl="59" sc="17" el="59" ec="67" bec="0" bev="0" fileid="100" />
                <SequencePoint vc="0" uspid="2715" ordinal="2" offset="20" sl="62" sc="13" el="62" ec="46" bec="0" bev="0" fileid="100" />
                <SequencePoint vc="0" uspid="2716" ordinal="3" offset="22" sl="63" sc="20" el="63" ec="53" bec="0" bev="0" fileid="100" />
                <SequencePoint vc="0" uspid="2717" ordinal="4" offset="34" sl="65" sc="17" el="65" ec="47" bec="2" bev="0" fileid="100" />
                <SequencePoint vc="0" uspid="2718" ordinal="5" offset="42" sl="67" sc="21" el="67" ec="64" bec="0" bev="0" fileid="100" />
                <SequencePoint vc="0" uspid="2719" ordinal="6" offset="50" sl="70" sc="17" el="70" ec="37" bec="2" bev="0" fileid="100" />
                <SequencePoint vc="0" uspid="2720" ordinal="7" offset="53" sl="72" sc="21" el="72" ec="69" bec="0" bev="0" fileid="100" />
                <SequencePoint vc="0" uspid="2721" ordinal="8" offset="62" sl="75" sc="17" el="75" ec="37" bec="2" bev="0" fileid="100" />
                <SequencePoint vc="0" uspid="2722" ordinal="9" offset="65" sl="77" sc="47" el="77" ec="70" bec="0" bev="0" fileid="100" />
                <SequencePoint vc="0" uspid="2723" ordinal="10" offset="79" sl="77" sc="30" el="77" ec="43" bec="0" bev="0" fileid="100" />
                <SequencePoint vc="0" uspid="2724" ordinal="11" offset="86" sl="79" sc="25" el="79" ec="75" bec="0" bev="0" fileid="100" />
                <SequencePoint vc="0" uspid="2725" ordinal="12" offset="96" sl="80" sc="25" el="80" ec="50" bec="2" bev="0" fileid="100" />
                <SequencePoint vc="0" uspid="2726" ordinal="13" offset="100" sl="82" sc="29" el="82" ec="67" bec="0" bev="0" fileid="100" />
                <SequencePoint vc="0" uspid="2727" ordinal="14" offset="109" sl="77" sc="44" el="77" ec="46" bec="0" bev="0" fileid="100" />
                <SequencePoint vc="0" uspid="2728" ordinal="15" offset="129" sl="86" sc="13" el="86" ec="14" bec="0" bev="0" fileid="100" />
                <SequencePoint vc="0" uspid="2729" ordinal="16" offset="141" sl="87" sc="13" el="87" ec="28" bec="0" bev="0" fileid="100" />
              </SequencePoints>
              <BranchPoints>
                <BranchPoint vc="0" uspid="2730" ordinal="0" offset="7" sl="57" path="0" offsetend="9" fileid="100" />
                <BranchPoint vc="0" uspid="2731" ordinal="1" offset="7" sl="57" path="1" offsetend="20" fileid="100" />
                <BranchPoint vc="0" uspid="2732" ordinal="2" offset="40" sl="65" path="0" offsetend="42" fileid="100" />
                <BranchPoint vc="0" uspid="2733" ordinal="3" offset="40" sl="65" path="1" offsetend="50" fileid="100" />
                <BranchPoint vc="0" uspid="2734" ordinal="4" offset="51" sl="70" path="0" offsetend="53" fileid="100" />
                <BranchPoint vc="0" uspid="2735" ordinal="5" offset="51" sl="70" path="1" offsetend="62" fileid="100" />
                <BranchPoint vc="0" uspid="2736" ordinal="6" offset="63" sl="75" path="0" offsetend="65" fileid="100" />
                <BranchPoint vc="0" uspid="2737" ordinal="7" offset="63" sl="75" path="1" offsetend="129" fileid="100" />
                <BranchPoint vc="0" uspid="2738" ordinal="8" offset="98" sl="80" path="0" offsetend="100" fileid="100" />
                <BranchPoint vc="0" uspid="2739" ordinal="9" offset="98" sl="80" path="1" offsetend="109" fileid="100" />
              </BranchPoints>
              <MethodPoint xsi:type="SequencePoint" vc="0" uspid="2713" ordinal="0" offset="0" sl="57" sc="13" el="57" ec="34" bec="2" bev="0" fileid="100" />
            </Method>
            <Method visited="false" cyclomaticComplexity="1" nPathComplexity="0" sequenceCoverage="0" branchCoverage="0" crapScore="2" isConstructor="false" isStatic="false" isGetter="false" isSetter="false">
              <Summary numSequencePoints="1" visitedSequencePoints="0" numBranchPoints="1" visitedBranchPoints="0" sequenceCoverage="0" branchCoverage="0" maxCyclomaticComplexity="1" minCyclomaticComplexity="1" maxCrapScore="2" minCrapScore="2" visitedClasses="0" numClasses="0" visitedMethods="0" numMethods="1" />
              <MetadataToken>100663463</MetadataToken>
              <Name>Internal.Microsoft.Extensions.DependencyModel.DependencyContext Internal.Microsoft.Extensions.DependencyModel.DependencyContextLoader::LoadEntryAssemblyContext(Internal.Microsoft.Extensions.DependencyModel.IDependencyContextReader)</Name>
              <FileRef uid="100" />
              <SequencePoints>
                <SequencePoint vc="0" uspid="2742" ordinal="0" offset="0" sl="92" sc="13" el="92" ec="65" bec="0" bev="0" fileid="100" />
              </SequencePoints>
              <BranchPoints />
              <MethodPoint xsi:type="SequencePoint" vc="0" uspid="2742" ordinal="0" offset="0" sl="92" sc="13" el="92" ec="65" bec="0" bev="0" fileid="100" />
            </Method>
            <Method visited="false" cyclomaticComplexity="3" nPathComplexity="2" sequenceCoverage="0" branchCoverage="0" crapScore="12" isConstructor="false" isStatic="false" isGetter="false" isSetter="false">
              <Summary numSequencePoints="5" visitedSequencePoints="0" numBranchPoints="3" visitedBranchPoints="0" sequenceCoverage="0" branchCoverage="0" maxCyclomaticComplexity="3" minCyclomaticComplexity="3" maxCrapScore="12" minCrapScore="12" visitedClasses="0" numClasses="0" visitedMethods="0" numMethods="1" />
              <MetadataToken>100663464</MetadataToken>
              <Name>Internal.Microsoft.Extensions.DependencyModel.DependencyContext Internal.Microsoft.Extensions.DependencyModel.DependencyContextLoader::LoadContext(Internal.Microsoft.Extensions.DependencyModel.IDependencyContextReader,System.String)</Name>
              <FileRef uid="100" />
              <SequencePoints>
                <SequencePoint vc="0" uspid="2743" ordinal="0" offset="0" sl="97" sc="13" el="97" ec="49" bec="2" bev="0" fileid="100" />
                <SequencePoint vc="0" uspid="2744" ordinal="1" offset="8" sl="100" sc="24" el="100" ec="72" bec="0" bev="0" fileid="100" />
                <SequencePoint vc="0" uspid="2745" ordinal="2" offset="26" sl="102" sc="21" el="102" ec="48" bec="0" bev="0" fileid="100" />
                <SequencePoint vc="0" uspid="2746" ordinal="3" offset="46" sl="105" sc="13" el="105" ec="25" bec="0" bev="0" fileid="100" />
                <SequencePoint vc="0" uspid="2747" ordinal="4" offset="48" sl="106" sc="9" el="106" ec="10" bec="0" bev="0" fileid="100" />
              </SequencePoints>
              <BranchPoints>
                <BranchPoint vc="0" uspid="2748" ordinal="0" offset="6" sl="97" path="0" offsetend="8" fileid="100" />
                <BranchPoint vc="0" uspid="2749" ordinal="1" offset="6" sl="97" path="1" offsetend="46" fileid="100" />
              </BranchPoints>
              <MethodPoint xsi:type="SequencePoint" vc="0" uspid="2743" ordinal="0" offset="0" sl="97" sc="13" el="97" ec="49" bec="2" bev="0" fileid="100" />
            </Method>
            <Method visited="false" cyclomaticComplexity="5" nPathComplexity="4" sequenceCoverage="0" branchCoverage="0" crapScore="30" isConstructor="false" isStatic="false" isGetter="false" isSetter="false">
              <Summary numSequencePoints="10" visitedSequencePoints="0" numBranchPoints="5" visitedBranchPoints="0" sequenceCoverage="0" branchCoverage="0" maxCyclomaticComplexity="5" minCyclomaticComplexity="5" maxCrapScore="30" minCrapScore="30" visitedClasses="0" numClasses="0" visitedMethods="0" numMethods="1" />
              <MetadataToken>100663465</MetadataToken>
              <Name>Internal.Microsoft.Extensions.DependencyModel.DependencyContext Internal.Microsoft.Extensions.DependencyModel.DependencyContextLoader::LoadAssemblyContext(System.Reflection.Assembly,Internal.Microsoft.Extensions.DependencyModel.IDependencyContextReader)</Name>
              <FileRef uid="100" />
              <SequencePoints>
                <SequencePoint vc="0" uspid="2750" ordinal="0" offset="0" sl="110" sc="20" el="110" ec="105" bec="0" bev="0" fileid="100" />
                <SequencePoint vc="0" uspid="2751" ordinal="1" offset="28" sl="112" sc="17" el="112" ec="36" bec="2" bev="0" fileid="100" />
                <SequencePoint vc="0" uspid="2752" ordinal="2" offset="31" sl="114" sc="21" el="114" ec="48" bec="0" bev="0" fileid="100" />
                <SequencePoint vc="0" uspid="2753" ordinal="3" offset="41" sl="116" sc="13" el="116" ec="14" bec="0" bev="0" fileid="100" />
                <SequencePoint vc="0" uspid="2754" ordinal="4" offset="53" sl="118" sc="13" el="118" ec="91" bec="0" bev="0" fileid="100" />
                <SequencePoint vc="0" uspid="2755" ordinal="5" offset="70" sl="119" sc="13" el="119" ec="55" bec="2" bev="0" fileid="100" />
                <SequencePoint vc="0" uspid="2756" ordinal="6" offset="89" sl="121" sc="24" el="121" ec="76" bec="0" bev="0" fileid="100" />
                <SequencePoint vc="0" uspid="2757" ordinal="7" offset="107" sl="123" sc="21" el="123" ec="48" bec="0" bev="0" fileid="100" />
                <SequencePoint vc="0" uspid="2758" ordinal="8" offset="127" sl="127" sc="13" el="127" ec="25" bec="0" bev="0" fileid="100" />
                <SequencePoint vc="0" uspid="2759" ordinal="9" offset="129" sl="128" sc="9" el="128" ec="10" bec="0" bev="0" fileid="100" />
              </SequencePoints>
              <BranchPoints>
                <BranchPoint vc="0" uspid="2760" ordinal="0" offset="29" sl="112" path="0" offsetend="31" fileid="100" />
                <BranchPoint vc="0" uspid="2761" ordinal="1" offset="29" sl="112" path="1" offsetend="41" fileid="100" />
                <BranchPoint vc="0" uspid="2762" ordinal="2" offset="87" sl="119" path="0" offsetend="89" fileid="100" />
                <BranchPoint vc="0" uspid="2763" ordinal="3" offset="87" sl="119" path="1" offsetend="127" fileid="100" />
              </BranchPoints>
              <MethodPoint xsi:type="SequencePoint" vc="0" uspid="2750" ordinal="0" offset="0" sl="110" sc="20" el="110" ec="105" bec="0" bev="0" fileid="100" />
            </Method>
            <Method visited="false" cyclomaticComplexity="1" nPathComplexity="0" sequenceCoverage="0" branchCoverage="0" crapScore="2" isConstructor="true" isStatic="true" isGetter="false" isSetter="false">
              <Summary numSequencePoints="1" visitedSequencePoints="0" numBranchPoints="1" visitedBranchPoints="0" sequenceCoverage="0" branchCoverage="0" maxCyclomaticComplexity="1" minCyclomaticComplexity="1" maxCrapScore="2" minCrapScore="2" visitedClasses="0" numClasses="0" visitedMethods="0" numMethods="1" />
              <MetadataToken>100663466</MetadataToken>
              <Name>System.Void Internal.Microsoft.Extensions.DependencyModel.DependencyContextLoader::.cctor()</Name>
              <FileRef uid="100" />
              <SequencePoints>
                <SequencePoint vc="0" uspid="2764" ordinal="0" offset="0" sl="43" sc="66" el="43" ec="95" bec="0" bev="0" fileid="100" />
              </SequencePoints>
              <BranchPoints />
              <MethodPoint xsi:type="SequencePoint" vc="0" uspid="2764" ordinal="0" offset="0" sl="43" sc="66" el="43" ec="95" bec="0" bev="0" fileid="100" />
            </Method>
          </Methods>
        </Class>
        <Class>
          <Summary numSequencePoints="1" visitedSequencePoints="0" numBranchPoints="1" visitedBranchPoints="0" sequenceCoverage="0" branchCoverage="0" maxCyclomaticComplexity="1" minCyclomaticComplexity="1" maxCrapScore="2" minCrapScore="2" visitedClasses="0" numClasses="1" visitedMethods="0" numMethods="1" />
          <FullName>Internal.Microsoft.Extensions.DependencyModel.DependencyContextLoader/&lt;&gt;c</FullName>
          <Methods>
            <Method visited="false" cyclomaticComplexity="1" nPathComplexity="0" sequenceCoverage="0" branchCoverage="0" crapScore="2" isConstructor="true" isStatic="true" isGetter="false" isSetter="false">
              <Summary numSequencePoints="0" visitedSequencePoints="0" numBranchPoints="0" visitedBranchPoints="0" sequenceCoverage="0" branchCoverage="0" maxCyclomaticComplexity="1" minCyclomaticComplexity="1" maxCrapScore="2" minCrapScore="2" visitedClasses="0" numClasses="0" visitedMethods="0" numMethods="0" />
              <MetadataToken>100664887</MetadataToken>
              <Name>System.Void Internal.Microsoft.Extensions.DependencyModel.DependencyContextLoader/&lt;&gt;c::.cctor()</Name>
              <SequencePoints />
              <BranchPoints />
              <MethodPoint vc="0" uspid="2765" ordinal="0" offset="0" />
            </Method>
            <Method visited="false" cyclomaticComplexity="1" nPathComplexity="0" sequenceCoverage="0" branchCoverage="0" crapScore="2" isConstructor="true" isStatic="false" isGetter="false" isSetter="false">
              <Summary numSequencePoints="0" visitedSequencePoints="0" numBranchPoints="0" visitedBranchPoints="0" sequenceCoverage="0" branchCoverage="0" maxCyclomaticComplexity="1" minCyclomaticComplexity="1" maxCrapScore="2" minCrapScore="2" visitedClasses="0" numClasses="0" visitedMethods="0" numMethods="0" />
              <MetadataToken>100664888</MetadataToken>
              <Name>System.Void Internal.Microsoft.Extensions.DependencyModel.DependencyContextLoader/&lt;&gt;c::.ctor()</Name>
              <SequencePoints />
              <BranchPoints />
              <MethodPoint vc="0" uspid="2766" ordinal="0" offset="0" />
            </Method>
            <Method visited="false" cyclomaticComplexity="1" nPathComplexity="0" sequenceCoverage="0" branchCoverage="0" crapScore="2" isConstructor="false" isStatic="false" isGetter="false" isSetter="false">
              <Summary numSequencePoints="1" visitedSequencePoints="0" numBranchPoints="1" visitedBranchPoints="0" sequenceCoverage="0" branchCoverage="0" maxCyclomaticComplexity="1" minCyclomaticComplexity="1" maxCrapScore="2" minCrapScore="2" visitedClasses="0" numClasses="0" visitedMethods="0" numMethods="1" />
              <MetadataToken>100664889</MetadataToken>
              <Name>Internal.Microsoft.Extensions.DependencyModel.IDependencyContextReader Internal.Microsoft.Extensions.DependencyModel.DependencyContextLoader/&lt;&gt;c::&lt;.ctor&gt;b__5_0()</Name>
              <FileRef uid="100" />
              <SequencePoints>
                <SequencePoint vc="0" uspid="2767" ordinal="0" offset="0" sl="27" sc="19" el="27" ec="52" bec="0" bev="0" fileid="100" />
              </SequencePoints>
              <BranchPoints />
              <MethodPoint xsi:type="SequencePoint" vc="0" uspid="2767" ordinal="0" offset="0" sl="27" sc="19" el="27" ec="52" bec="0" bev="0" fileid="100" />
            </Method>
          </Methods>
        </Class>
        <Class>
          <Summary numSequencePoints="19" visitedSequencePoints="0" numBranchPoints="18" visitedBranchPoints="0" sequenceCoverage="0" branchCoverage="0" maxCyclomaticComplexity="8" minCyclomaticComplexity="1" maxCrapScore="72" minCrapScore="2" visitedClasses="0" numClasses="1" visitedMethods="0" numMethods="8" />
          <FullName>Internal.Microsoft.Extensions.DependencyModel.DependencyContextPaths</FullName>
          <Methods>
            <Method visited="false" cyclomaticComplexity="1" nPathComplexity="0" sequenceCoverage="0" branchCoverage="0" crapScore="2" isConstructor="false" isStatic="true" isGetter="true" isSetter="false">
              <Summary numSequencePoints="1" visitedSequencePoints="0" numBranchPoints="1" visitedBranchPoints="0" sequenceCoverage="0" branchCoverage="0" maxCyclomaticComplexity="1" minCyclomaticComplexity="1" maxCrapScore="2" minCrapScore="2" visitedClasses="0" numClasses="0" visitedMethods="0" numMethods="1" />
              <MetadataToken>100663467</MetadataToken>
              <Name>Internal.Microsoft.Extensions.DependencyModel.DependencyContextPaths Internal.Microsoft.Extensions.DependencyModel.DependencyContextPaths::get_Current()</Name>
              <FileRef uid="102" />
              <SequencePoints>
                <SequencePoint vc="0" uspid="2768" ordinal="0" offset="0" sl="17" sc="56" el="17" ec="60" bec="0" bev="0" fileid="102" />
              </SequencePoints>
              <BranchPoints />
              <MethodPoint xsi:type="SequencePoint" vc="0" uspid="2768" ordinal="0" offset="0" sl="17" sc="56" el="17" ec="60" bec="0" bev="0" fileid="102" />
            </Method>
            <Method visited="false" cyclomaticComplexity="1" nPathComplexity="0" sequenceCoverage="0" branchCoverage="0" crapScore="2" isConstructor="false" isStatic="false" isGetter="true" isSetter="false">
              <Summary numSequencePoints="1" visitedSequencePoints="0" numBranchPoints="1" visitedBranchPoints="0" sequenceCoverage="0" branchCoverage="0" maxCyclomaticComplexity="1" minCyclomaticComplexity="1" maxCrapScore="2" minCrapScore="2" visitedClasses="0" numClasses="0" visitedMethods="0" numMethods="1" />
              <MetadataToken>100663468</MetadataToken>
              <Name>System.String Internal.Microsoft.Extensions.DependencyModel.DependencyContextPaths::get_Application()</Name>
              <FileRef uid="102" />
              <SequencePoints>
                <SequencePoint vc="0" uspid="2769" ordinal="0" offset="0" sl="19" sc="37" el="19" ec="41" bec="0" bev="0" fileid="102" />
              </SequencePoints>
              <BranchPoints />
              <MethodPoint xsi:type="SequencePoint" vc="0" uspid="2769" ordinal="0" offset="0" sl="19" sc="37" el="19" ec="41" bec="0" bev="0" fileid="102" />
            </Method>
            <Method visited="false" cyclomaticComplexity="1" nPathComplexity="0" sequenceCoverage="0" branchCoverage="0" crapScore="2" isConstructor="false" isStatic="false" isGetter="true" isSetter="false">
              <Summary numSequencePoints="1" visitedSequencePoints="0" numBranchPoints="1" visitedBranchPoints="0" sequenceCoverage="0" branchCoverage="0" maxCyclomaticComplexity="1" minCyclomaticComplexity="1" maxCrapScore="2" minCrapScore="2" visitedClasses="0" numClasses="0" visitedMethods="0" numMethods="1" />
              <MetadataToken>100663469</MetadataToken>
              <Name>System.String Internal.Microsoft.Extensions.DependencyModel.DependencyContextPaths::get_SharedRuntime()</Name>
              <FileRef uid="102" />
              <SequencePoints>
                <SequencePoint vc="0" uspid="2770" ordinal="0" offset="0" sl="21" sc="39" el="21" ec="43" bec="0" bev="0" fileid="102" />
              </SequencePoints>
              <BranchPoints />
              <MethodPoint xsi:type="SequencePoint" vc="0" uspid="2770" ordinal="0" offset="0" sl="21" sc="39" el="21" ec="43" bec="0" bev="0" fileid="102" />
            </Method>
            <Method visited="false" cyclomaticComplexity="1" nPathComplexity="0" sequenceCoverage="0" branchCoverage="0" crapScore="2" isConstructor="false" isStatic="false" isGetter="true" isSetter="false">
              <Summary numSequencePoints="1" visitedSequencePoints="0" numBranchPoints="1" visitedBranchPoints="0" sequenceCoverage="0" branchCoverage="0" maxCyclomaticComplexity="1" minCyclomaticComplexity="1" maxCrapScore="2" minCrapScore="2" visitedClasses="0" numClasses="0" visitedMethods="0" numMethods="1" />
              <MetadataToken>100663470</MetadataToken>
              <Name>System.Collections.Generic.IEnumerable`1&lt;System.String&gt; Internal.Microsoft.Extensions.DependencyModel.DependencyContextPaths::get_NonApplicationPaths()</Name>
              <FileRef uid="102" />
              <SequencePoints>
                <SequencePoint vc="0" uspid="2771" ordinal="0" offset="0" sl="23" sc="58" el="23" ec="62" bec="0" bev="0" fileid="102" />
              </SequencePoints>
              <BranchPoints />
              <MethodPoint xsi:type="SequencePoint" vc="0" uspid="2771" ordinal="0" offset="0" sl="23" sc="58" el="23" ec="62" bec="0" bev="0" fileid="102" />
            </Method>
            <Method visited="false" cyclomaticComplexity="2" nPathComplexity="2" sequenceCoverage="0" branchCoverage="0" crapScore="6" isConstructor="true" isStatic="false" isGetter="false" isSetter="false">
              <Summary numSequencePoints="5" visitedSequencePoints="0" numBranchPoints="3" visitedBranchPoints="0" sequenceCoverage="0" branchCoverage="0" maxCyclomaticComplexity="2" minCyclomaticComplexity="2" maxCrapScore="6" minCrapScore="6" visitedClasses="0" numClasses="0" visitedMethods="0" numMethods="1" />
              <MetadataToken>100663471</MetadataToken>
              <Name>System.Void Internal.Microsoft.Extensions.DependencyModel.DependencyContextPaths::.ctor(System.String,System.String,System.Collections.Generic.IEnumerable`1&lt;System.String&gt;)</Name>
              <FileRef uid="102" />
              <SequencePoints>
                <SequencePoint vc="0" uspid="2772" ordinal="0" offset="0" sl="25" sc="9" el="28" ec="53" bec="0" bev="0" fileid="102" />
                <SequencePoint vc="0" uspid="2773" ordinal="1" offset="6" sl="30" sc="13" el="30" ec="39" bec="0" bev="0" fileid="102" />
                <SequencePoint vc="0" uspid="2774" ordinal="2" offset="13" sl="31" sc="13" el="31" ec="43" bec="0" bev="0" fileid="102" />
                <SequencePoint vc="0" uspid="2775" ordinal="3" offset="20" sl="32" sc="13" el="32" ec="85" bec="2" bev="0" fileid="102" />
                <SequencePoint vc="0" uspid="2776" ordinal="4" offset="36" sl="33" sc="9" el="33" ec="10" bec="0" bev="0" fileid="102" />
              </SequencePoints>
              <BranchPoints>
                <BranchPoint vc="0" uspid="2777" ordinal="0" offset="23" sl="32" path="0" offsetend="25" fileid="102" />
                <BranchPoint vc="0" uspid="2778" ordinal="1" offset="23" sl="32" path="1" offsetend="31" fileid="102" />
              </BranchPoints>
              <MethodPoint xsi:type="SequencePoint" vc="0" uspid="2772" ordinal="0" offset="0" sl="25" sc="9" el="28" ec="53" bec="0" bev="0" fileid="102" />
            </Method>
            <Method visited="false" cyclomaticComplexity="1" nPathComplexity="0" sequenceCoverage="0" branchCoverage="0" crapScore="2" isConstructor="false" isStatic="true" isGetter="false" isSetter="false">
              <Summary numSequencePoints="3" visitedSequencePoints="0" numBranchPoints="1" visitedBranchPoints="0" sequenceCoverage="0" branchCoverage="0" maxCyclomaticComplexity="1" minCyclomaticComplexity="1" maxCrapScore="2" minCrapScore="2" visitedClasses="0" numClasses="0" visitedMethods="0" numMethods="1" />
              <MetadataToken>100663472</MetadataToken>
              <Name>Internal.Microsoft.Extensions.DependencyModel.DependencyContextPaths Internal.Microsoft.Extensions.DependencyModel.DependencyContextPaths::GetCurrent()</Name>
              <FileRef uid="102" />
              <SequencePoints>
                <SequencePoint vc="0" uspid="2779" ordinal="0" offset="0" sl="41" sc="13" el="41" ec="75" bec="0" bev="0" fileid="102" />
                <SequencePoint vc="0" uspid="2780" ordinal="1" offset="15" sl="42" sc="13" el="42" ec="78" bec="0" bev="0" fileid="102" />
                <SequencePoint vc="0" uspid="2781" ordinal="2" offset="31" sl="44" sc="13" el="44" ec="61" bec="0" bev="0" fileid="102" />
              </SequencePoints>
              <BranchPoints />
              <MethodPoint xsi:type="SequencePoint" vc="0" uspid="2779" ordinal="0" offset="0" sl="41" sc="13" el="41" ec="75" bec="0" bev="0" fileid="102" />
            </Method>
            <Method visited="false" cyclomaticComplexity="8" nPathComplexity="16" sequenceCoverage="0" branchCoverage="0" crapScore="72" isConstructor="false" isStatic="true" isGetter="false" isSetter="false">
              <Summary numSequencePoints="4" visitedSequencePoints="0" numBranchPoints="9" visitedBranchPoints="0" sequenceCoverage="0" branchCoverage="0" maxCyclomaticComplexity="8" minCyclomaticComplexity="8" maxCrapScore="72" minCrapScore="72" visitedClasses="0" numClasses="0" visitedMethods="0" numMethods="1" />
              <MetadataToken>100663473</MetadataToken>
              <Name>Internal.Microsoft.Extensions.DependencyModel.DependencyContextPaths Internal.Microsoft.Extensions.DependencyModel.DependencyContextPaths::Create(System.String,System.String)</Name>
              <FileRef uid="102" />
              <SequencePoints>
                <SequencePoint vc="0" uspid="2782" ordinal="0" offset="0" sl="49" sc="13" el="49" ec="96" bec="2" bev="0" fileid="102" />
                <SequencePoint vc="0" uspid="2783" ordinal="1" offset="25" sl="50" sc="13" el="50" ec="83" bec="3" bev="0" fileid="102" />
                <SequencePoint vc="0" uspid="2784" ordinal="2" offset="38" sl="52" sc="13" el="54" ec="28" bec="2" bev="0" fileid="102" />
                <SequencePoint vc="0" uspid="2785" ordinal="3" offset="57" sl="56" sc="13" el="59" ec="38" bec="0" bev="0" fileid="102" />
              </SequencePoints>
              <BranchPoints>
                <BranchPoint vc="0" uspid="2786" ordinal="0" offset="1" sl="49" path="0" offsetend="3" fileid="102" />
                <BranchPoint vc="0" uspid="2787" ordinal="1" offset="1" sl="49" path="1" offsetend="6" fileid="102" />
                <BranchPoint vc="0" uspid="2788" ordinal="2" offset="26" sl="50" path="0" offsetend="28" fileid="102" />
                <BranchPoint vc="0" uspid="2789" ordinal="3" offset="26" sl="50" path="1" offsetend="32" fileid="102" />
                <BranchPoint vc="0" uspid="2790" ordinal="4" offset="30" sl="50" path="0" offsetend="32" fileid="102" />
                <BranchPoint vc="0" uspid="2791" ordinal="5" offset="30" sl="50" path="1" offsetend="35" fileid="102" />
                <BranchPoint vc="0" uspid="2792" ordinal="6" offset="39" sl="52" path="0" offsetend="41" fileid="102" />
                <BranchPoint vc="0" uspid="2793" ordinal="7" offset="39" sl="52" path="1" offsetend="44" fileid="102" />
              </BranchPoints>
              <MethodPoint xsi:type="SequencePoint" vc="0" uspid="2782" ordinal="0" offset="0" sl="49" sc="13" el="49" ec="96" bec="2" bev="0" fileid="102" />
            </Method>
            <Method visited="false" cyclomaticComplexity="1" nPathComplexity="0" sequenceCoverage="0" branchCoverage="0" crapScore="2" isConstructor="true" isStatic="true" isGetter="false" isSetter="false">
              <Summary numSequencePoints="3" visitedSequencePoints="0" numBranchPoints="1" visitedBranchPoints="0" sequenceCoverage="0" branchCoverage="0" maxCyclomaticComplexity="1" minCyclomaticComplexity="1" maxCrapScore="2" minCrapScore="2" visitedClasses="0" numClasses="0" visitedMethods="0" numMethods="1" />
              <MetadataToken>100663474</MetadataToken>
              <Name>System.Void Internal.Microsoft.Extensions.DependencyModel.DependencyContextPaths::.cctor()</Name>
              <FileRef uid="102" />
              <SequencePoints>
                <SequencePoint vc="0" uspid="2794" ordinal="0" offset="0" sl="14" sc="9" el="14" ec="85" bec="0" bev="0" fileid="102" />
                <SequencePoint vc="0" uspid="2795" ordinal="1" offset="10" sl="15" sc="9" el="15" ec="76" bec="0" bev="0" fileid="102" />
                <SequencePoint vc="0" uspid="2796" ordinal="2" offset="20" sl="17" sc="65" el="17" ec="77" bec="0" bev="0" fileid="102" />
              </SequencePoints>
              <BranchPoints />
              <MethodPoint xsi:type="SequencePoint" vc="0" uspid="2794" ordinal="0" offset="0" sl="14" sc="9" el="14" ec="85" bec="0" bev="0" fileid="102" />
            </Method>
          </Methods>
        </Class>
        <Class>
          <Summary numSequencePoints="0" visitedSequencePoints="0" numBranchPoints="0" visitedBranchPoints="0" sequenceCoverage="0" branchCoverage="0" maxCyclomaticComplexity="1" minCyclomaticComplexity="1" maxCrapScore="2" minCrapScore="2" visitedClasses="0" numClasses="0" visitedMethods="0" numMethods="0" />
          <FullName>Internal.Microsoft.Extensions.DependencyModel.DependencyContextStrings</FullName>
          <Methods>
            <Method visited="false" cyclomaticComplexity="1" nPathComplexity="0" sequenceCoverage="0" branchCoverage="0" crapScore="2" isConstructor="true" isStatic="false" isGetter="false" isSetter="false">
              <Summary numSequencePoints="0" visitedSequencePoints="0" numBranchPoints="0" visitedBranchPoints="0" sequenceCoverage="0" branchCoverage="0" maxCyclomaticComplexity="1" minCyclomaticComplexity="1" maxCrapScore="2" minCrapScore="2" visitedClasses="0" numClasses="0" visitedMethods="0" numMethods="0" />
              <MetadataToken>100663475</MetadataToken>
              <Name>System.Void Internal.Microsoft.Extensions.DependencyModel.DependencyContextStrings::.ctor()</Name>
              <SequencePoints />
              <BranchPoints />
              <MethodPoint vc="0" uspid="2797" ordinal="0" offset="0" />
            </Method>
          </Methods>
        </Class>
        <Class>
          <Summary numSequencePoints="1" visitedSequencePoints="0" numBranchPoints="1" visitedBranchPoints="0" sequenceCoverage="0" branchCoverage="0" maxCyclomaticComplexity="1" minCyclomaticComplexity="1" maxCrapScore="2" minCrapScore="2" visitedClasses="0" numClasses="1" visitedMethods="0" numMethods="1" />
          <FullName>Internal.Microsoft.Extensions.DependencyModel.DirectoryWrapper</FullName>
          <Methods>
            <Method visited="false" cyclomaticComplexity="1" nPathComplexity="0" sequenceCoverage="0" branchCoverage="0" crapScore="2" isConstructor="false" isStatic="false" isGetter="false" isSetter="false">
              <Summary numSequencePoints="1" visitedSequencePoints="0" numBranchPoints="1" visitedBranchPoints="0" sequenceCoverage="0" branchCoverage="0" maxCyclomaticComplexity="1" minCyclomaticComplexity="1" maxCrapScore="2" minCrapScore="2" visitedClasses="0" numClasses="0" visitedMethods="0" numMethods="1" />
              <MetadataToken>100663476</MetadataToken>
              <Name>System.Boolean Internal.Microsoft.Extensions.DependencyModel.DirectoryWrapper::Exists(System.String)</Name>
              <FileRef uid="103" />
              <SequencePoints>
                <SequencePoint vc="0" uspid="2798" ordinal="0" offset="0" sl="14" sc="13" el="14" ec="43" bec="0" bev="0" fileid="103" />
              </SequencePoints>
              <BranchPoints />
              <MethodPoint xsi:type="SequencePoint" vc="0" uspid="2798" ordinal="0" offset="0" sl="14" sc="13" el="14" ec="43" bec="0" bev="0" fileid="103" />
            </Method>
            <Method visited="false" cyclomaticComplexity="1" nPathComplexity="0" sequenceCoverage="0" branchCoverage="0" crapScore="2" isConstructor="true" isStatic="false" isGetter="false" isSetter="false">
              <Summary numSequencePoints="0" visitedSequencePoints="0" numBranchPoints="0" visitedBranchPoints="0" sequenceCoverage="0" branchCoverage="0" maxCyclomaticComplexity="1" minCyclomaticComplexity="1" maxCrapScore="2" minCrapScore="2" visitedClasses="0" numClasses="0" visitedMethods="0" numMethods="0" />
              <MetadataToken>100663477</MetadataToken>
              <Name>System.Void Internal.Microsoft.Extensions.DependencyModel.DirectoryWrapper::.ctor()</Name>
              <SequencePoints />
              <BranchPoints />
              <MethodPoint vc="0" uspid="2799" ordinal="0" offset="0" />
            </Method>
          </Methods>
        </Class>
        <Class>
          <Summary numSequencePoints="2" visitedSequencePoints="0" numBranchPoints="2" visitedBranchPoints="0" sequenceCoverage="0" branchCoverage="0" maxCyclomaticComplexity="1" minCyclomaticComplexity="1" maxCrapScore="2" minCrapScore="2" visitedClasses="0" numClasses="1" visitedMethods="0" numMethods="2" />
          <FullName>Internal.Microsoft.Extensions.DependencyModel.EnvironmentWrapper</FullName>
          <Methods>
            <Method visited="false" cyclomaticComplexity="1" nPathComplexity="0" sequenceCoverage="0" branchCoverage="0" crapScore="2" isConstructor="false" isStatic="false" isGetter="false" isSetter="false">
              <Summary numSequencePoints="1" visitedSequencePoints="0" numBranchPoints="1" visitedBranchPoints="0" sequenceCoverage="0" branchCoverage="0" maxCyclomaticComplexity="1" minCyclomaticComplexity="1" maxCrapScore="2" minCrapScore="2" visitedClasses="0" numClasses="0" visitedMethods="0" numMethods="1" />
              <MetadataToken>100663478</MetadataToken>
              <Name>System.String Internal.Microsoft.Extensions.DependencyModel.EnvironmentWrapper::GetEnvironmentVariable(System.String)</Name>
              <FileRef uid="104" />
              <SequencePoints>
                <SequencePoint vc="0" uspid="2800" ordinal="0" offset="0" sl="16" sc="13" el="16" ec="61" bec="0" bev="0" fileid="104" />
              </SequencePoints>
              <BranchPoints />
              <MethodPoint xsi:type="SequencePoint" vc="0" uspid="2800" ordinal="0" offset="0" sl="16" sc="13" el="16" ec="61" bec="0" bev="0" fileid="104" />
            </Method>
            <Method visited="false" cyclomaticComplexity="1" nPathComplexity="0" sequenceCoverage="0" branchCoverage="0" crapScore="2" isConstructor="true" isStatic="false" isGetter="false" isSetter="false">
              <Summary numSequencePoints="0" visitedSequencePoints="0" numBranchPoints="0" visitedBranchPoints="0" sequenceCoverage="0" branchCoverage="0" maxCyclomaticComplexity="1" minCyclomaticComplexity="1" maxCrapScore="2" minCrapScore="2" visitedClasses="0" numClasses="0" visitedMethods="0" numMethods="0" />
              <MetadataToken>100663479</MetadataToken>
              <Name>System.Void Internal.Microsoft.Extensions.DependencyModel.EnvironmentWrapper::.ctor()</Name>
              <SequencePoints />
              <BranchPoints />
              <MethodPoint vc="0" uspid="2801" ordinal="0" offset="0" />
            </Method>
            <Method visited="false" cyclomaticComplexity="1" nPathComplexity="0" sequenceCoverage="0" branchCoverage="0" crapScore="2" isConstructor="true" isStatic="true" isGetter="false" isSetter="false">
              <Summary numSequencePoints="1" visitedSequencePoints="0" numBranchPoints="1" visitedBranchPoints="0" sequenceCoverage="0" branchCoverage="0" maxCyclomaticComplexity="1" minCyclomaticComplexity="1" maxCrapScore="2" minCrapScore="2" visitedClasses="0" numClasses="0" visitedMethods="0" numMethods="1" />
              <MetadataToken>100663480</MetadataToken>
              <Name>System.Void Internal.Microsoft.Extensions.DependencyModel.EnvironmentWrapper::.cctor()</Name>
              <FileRef uid="104" />
              <SequencePoints>
                <SequencePoint vc="0" uspid="2802" ordinal="0" offset="0" sl="12" sc="9" el="12" ec="71" bec="0" bev="0" fileid="104" />
              </SequencePoints>
              <BranchPoints />
              <MethodPoint xsi:type="SequencePoint" vc="0" uspid="2802" ordinal="0" offset="0" sl="12" sc="9" el="12" ec="71" bec="0" bev="0" fileid="104" />
            </Method>
          </Methods>
        </Class>
        <Class>
          <Summary numSequencePoints="6" visitedSequencePoints="0" numBranchPoints="5" visitedBranchPoints="0" sequenceCoverage="0" branchCoverage="0" maxCyclomaticComplexity="1" minCyclomaticComplexity="1" maxCrapScore="2" minCrapScore="2" visitedClasses="0" numClasses="1" visitedMethods="0" numMethods="5" />
          <FullName>Internal.Microsoft.Extensions.DependencyModel.FileSystemWrapper</FullName>
          <Methods>
            <Method visited="false" cyclomaticComplexity="1" nPathComplexity="0" sequenceCoverage="0" branchCoverage="0" crapScore="2" isConstructor="false" isStatic="true" isGetter="true" isSetter="false">
              <Summary numSequencePoints="1" visitedSequencePoints="0" numBranchPoints="1" visitedBranchPoints="0" sequenceCoverage="0" branchCoverage="0" maxCyclomaticComplexity="1" minCyclomaticComplexity="1" maxCrapScore="2" minCrapScore="2" visitedClasses="0" numClasses="0" visitedMethods="0" numMethods="1" />
              <MetadataToken>100663481</MetadataToken>
              <Name>Internal.Microsoft.Extensions.DependencyModel.IFileSystem Internal.Microsoft.Extensions.DependencyModel.FileSystemWrapper::get_Default()</Name>
              <FileRef uid="105" />
              <SequencePoints>
                <SequencePoint vc="0" uspid="2803" ordinal="0" offset="0" sl="10" sc="45" el="10" ec="49" bec="0" bev="0" fileid="105" />
              </SequencePoints>
              <BranchPoints />
              <MethodPoint xsi:type="SequencePoint" vc="0" uspid="2803" ordinal="0" offset="0" sl="10" sc="45" el="10" ec="49" bec="0" bev="0" fileid="105" />
            </Method>
            <Method visited="false" cyclomaticComplexity="1" nPathComplexity="0" sequenceCoverage="0" branchCoverage="0" crapScore="2" isConstructor="false" isStatic="false" isGetter="true" isSetter="false">
              <Summary numSequencePoints="1" visitedSequencePoints="0" numBranchPoints="1" visitedBranchPoints="0" sequenceCoverage="0" branchCoverage="0" maxCyclomaticComplexity="1" minCyclomaticComplexity="1" maxCrapScore="2" minCrapScore="2" visitedClasses="0" numClasses="0" visitedMethods="0" numMethods="1" />
              <MetadataToken>100663482</MetadataToken>
              <Name>Internal.Microsoft.Extensions.DependencyModel.IFile Internal.Microsoft.Extensions.DependencyModel.FileSystemWrapper::get_File()</Name>
              <FileRef uid="105" />
              <SequencePoints>
                <SequencePoint vc="0" uspid="2804" ordinal="0" offset="0" sl="12" sc="29" el="12" ec="33" bec="0" bev="0" fileid="105" />
              </SequencePoints>
              <BranchPoints />
              <MethodPoint xsi:type="SequencePoint" vc="0" uspid="2804" ordinal="0" offset="0" sl="12" sc="29" el="12" ec="33" bec="0" bev="0" fileid="105" />
            </Method>
            <Method visited="false" cyclomaticComplexity="1" nPathComplexity="0" sequenceCoverage="0" branchCoverage="0" crapScore="2" isConstructor="false" isStatic="false" isGetter="true" isSetter="false">
              <Summary numSequencePoints="1" visitedSequencePoints="0" numBranchPoints="1" visitedBranchPoints="0" sequenceCoverage="0" branchCoverage="0" maxCyclomaticComplexity="1" minCyclomaticComplexity="1" maxCrapScore="2" minCrapScore="2" visitedClasses="0" numClasses="0" visitedMethods="0" numMethods="1" />
              <MetadataToken>100663483</MetadataToken>
              <Name>Internal.Microsoft.Extensions.DependencyModel.IDirectory Internal.Microsoft.Extensions.DependencyModel.FileSystemWrapper::get_Directory()</Name>
              <FileRef uid="105" />
              <SequencePoints>
                <SequencePoint vc="0" uspid="2805" ordinal="0" offset="0" sl="14" sc="39" el="14" ec="43" bec="0" bev="0" fileid="105" />
              </SequencePoints>
              <BranchPoints />
              <MethodPoint xsi:type="SequencePoint" vc="0" uspid="2805" ordinal="0" offset="0" sl="14" sc="39" el="14" ec="43" bec="0" bev="0" fileid="105" />
            </Method>
            <Method visited="false" cyclomaticComplexity="1" nPathComplexity="0" sequenceCoverage="0" branchCoverage="0" crapScore="2" isConstructor="true" isStatic="false" isGetter="false" isSetter="false">
              <Summary numSequencePoints="2" visitedSequencePoints="0" numBranchPoints="1" visitedBranchPoints="0" sequenceCoverage="0" branchCoverage="0" maxCyclomaticComplexity="1" minCyclomaticComplexity="1" maxCrapScore="2" minCrapScore="2" visitedClasses="0" numClasses="0" visitedMethods="0" numMethods="1" />
              <MetadataToken>100663484</MetadataToken>
              <Name>System.Void Internal.Microsoft.Extensions.DependencyModel.FileSystemWrapper::.ctor()</Name>
              <FileRef uid="105" />
              <SequencePoints>
                <SequencePoint vc="0" uspid="2806" ordinal="0" offset="0" sl="12" sc="38" el="12" ec="55" bec="0" bev="0" fileid="105" />
                <SequencePoint vc="0" uspid="2807" ordinal="1" offset="11" sl="14" sc="48" el="14" ec="70" bec="0" bev="0" fileid="105" />
              </SequencePoints>
              <BranchPoints />
              <MethodPoint xsi:type="SequencePoint" vc="0" uspid="2806" ordinal="0" offset="0" sl="12" sc="38" el="12" ec="55" bec="0" bev="0" fileid="105" />
            </Method>
            <Method visited="false" cyclomaticComplexity="1" nPathComplexity="0" sequenceCoverage="0" branchCoverage="0" crapScore="2" isConstructor="true" isStatic="true" isGetter="false" isSetter="false">
              <Summary numSequencePoints="1" visitedSequencePoints="0" numBranchPoints="1" visitedBranchPoints="0" sequenceCoverage="0" branchCoverage="0" maxCyclomaticComplexity="1" minCyclomaticComplexity="1" maxCrapScore="2" minCrapScore="2" visitedClasses="0" numClasses="0" visitedMethods="0" numMethods="1" />
              <MetadataToken>100663485</MetadataToken>
              <Name>System.Void Internal.Microsoft.Extensions.DependencyModel.FileSystemWrapper::.cctor()</Name>
              <FileRef uid="105" />
              <SequencePoints>
                <SequencePoint vc="0" uspid="2808" ordinal="0" offset="0" sl="10" sc="54" el="10" ec="77" bec="0" bev="0" fileid="105" />
              </SequencePoints>
              <BranchPoints />
              <MethodPoint xsi:type="SequencePoint" vc="0" uspid="2808" ordinal="0" offset="0" sl="10" sc="54" el="10" ec="77" bec="0" bev="0" fileid="105" />
            </Method>
          </Methods>
        </Class>
        <Class>
          <Summary numSequencePoints="11" visitedSequencePoints="0" numBranchPoints="7" visitedBranchPoints="0" sequenceCoverage="0" branchCoverage="0" maxCyclomaticComplexity="2" minCyclomaticComplexity="1" maxCrapScore="6" minCrapScore="2" visitedClasses="0" numClasses="1" visitedMethods="0" numMethods="5" />
          <FullName>Internal.Microsoft.Extensions.DependencyModel.FileWrapper</FullName>
          <Methods>
            <Method visited="false" cyclomaticComplexity="1" nPathComplexity="0" sequenceCoverage="0" branchCoverage="0" crapScore="2" isConstructor="false" isStatic="false" isGetter="false" isSetter="false">
              <Summary numSequencePoints="1" visitedSequencePoints="0" numBranchPoints="1" visitedBranchPoints="0" sequenceCoverage="0" branchCoverage="0" maxCyclomaticComplexity="1" minCyclomaticComplexity="1" maxCrapScore="2" minCrapScore="2" visitedClasses="0" numClasses="0" visitedMethods="0" numMethods="1" />
              <MetadataToken>100663486</MetadataToken>
              <Name>System.Boolean Internal.Microsoft.Extensions.DependencyModel.FileWrapper::Exists(System.String)</Name>
              <FileRef uid="106" />
              <SequencePoints>
                <SequencePoint vc="0" uspid="2809" ordinal="0" offset="0" sl="15" sc="13" el="15" ec="38" bec="0" bev="0" fileid="106" />
              </SequencePoints>
              <BranchPoints />
              <MethodPoint xsi:type="SequencePoint" vc="0" uspid="2809" ordinal="0" offset="0" sl="15" sc="13" el="15" ec="38" bec="0" bev="0" fileid="106" />
            </Method>
            <Method visited="false" cyclomaticComplexity="1" nPathComplexity="0" sequenceCoverage="0" branchCoverage="0" crapScore="2" isConstructor="false" isStatic="false" isGetter="false" isSetter="false">
              <Summary numSequencePoints="1" visitedSequencePoints="0" numBranchPoints="1" visitedBranchPoints="0" sequenceCoverage="0" branchCoverage="0" maxCyclomaticComplexity="1" minCyclomaticComplexity="1" maxCrapScore="2" minCrapScore="2" visitedClasses="0" numClasses="0" visitedMethods="0" numMethods="1" />
              <MetadataToken>100663487</MetadataToken>
              <Name>System.String Internal.Microsoft.Extensions.DependencyModel.FileWrapper::ReadAllText(System.String)</Name>
              <FileRef uid="106" />
              <SequencePoints>
                <SequencePoint vc="0" uspid="2810" ordinal="0" offset="0" sl="20" sc="13" el="20" ec="43" bec="0" bev="0" fileid="106" />
              </SequencePoints>
              <BranchPoints />
              <MethodPoint xsi:type="SequencePoint" vc="0" uspid="2810" ordinal="0" offset="0" sl="20" sc="13" el="20" ec="43" bec="0" bev="0" fileid="106" />
            </Method>
            <Method visited="false" cyclomaticComplexity="1" nPathComplexity="0" sequenceCoverage="0" branchCoverage="0" crapScore="2" isConstructor="false" isStatic="false" isGetter="false" isSetter="false">
              <Summary numSequencePoints="1" visitedSequencePoints="0" numBranchPoints="1" visitedBranchPoints="0" sequenceCoverage="0" branchCoverage="0" maxCyclomaticComplexity="1" minCyclomaticComplexity="1" maxCrapScore="2" minCrapScore="2" visitedClasses="0" numClasses="0" visitedMethods="0" numMethods="1" />
              <MetadataToken>100663488</MetadataToken>
              <Name>System.IO.Stream Internal.Microsoft.Extensions.DependencyModel.FileWrapper::OpenRead(System.String)</Name>
              <FileRef uid="106" />
              <SequencePoints>
                <SequencePoint vc="0" uspid="2811" ordinal="0" offset="0" sl="25" sc="13" el="25" ec="40" bec="0" bev="0" fileid="106" />
              </SequencePoints>
              <BranchPoints />
              <MethodPoint xsi:type="SequencePoint" vc="0" uspid="2811" ordinal="0" offset="0" sl="25" sc="13" el="25" ec="40" bec="0" bev="0" fileid="106" />
            </Method>
            <Method visited="false" cyclomaticComplexity="1" nPathComplexity="0" sequenceCoverage="0" branchCoverage="0" crapScore="2" isConstructor="false" isStatic="false" isGetter="false" isSetter="false">
              <Summary numSequencePoints="1" visitedSequencePoints="0" numBranchPoints="1" visitedBranchPoints="0" sequenceCoverage="0" branchCoverage="0" maxCyclomaticComplexity="1" minCyclomaticComplexity="1" maxCrapScore="2" minCrapScore="2" visitedClasses="0" numClasses="0" visitedMethods="0" numMethods="1" />
              <MetadataToken>100663489</MetadataToken>
              <Name>System.IO.Stream Internal.Microsoft.Extensions.DependencyModel.FileWrapper::OpenFile(System.String,System.IO.FileMode,System.IO.FileAccess,System.IO.FileShare,System.Int32,System.IO.FileOptions)</Name>
              <FileRef uid="106" />
              <SequencePoints>
                <SequencePoint vc="0" uspid="2812" ordinal="0" offset="0" sl="36" sc="13" el="36" ec="99" bec="0" bev="0" fileid="106" />
              </SequencePoints>
              <BranchPoints />
              <MethodPoint xsi:type="SequencePoint" vc="0" uspid="2812" ordinal="0" offset="0" sl="36" sc="13" el="36" ec="99" bec="0" bev="0" fileid="106" />
            </Method>
            <Method visited="false" cyclomaticComplexity="2" nPathComplexity="2" sequenceCoverage="0" branchCoverage="0" crapScore="6" isConstructor="false" isStatic="false" isGetter="false" isSetter="false">
              <Summary numSequencePoints="7" visitedSequencePoints="0" numBranchPoints="3" visitedBranchPoints="0" sequenceCoverage="0" branchCoverage="0" maxCyclomaticComplexity="2" minCyclomaticComplexity="2" maxCrapScore="6" minCrapScore="6" visitedClasses="0" numClasses="0" visitedMethods="0" numMethods="1" />
              <MetadataToken>100663490</MetadataToken>
              <Name>System.Void Internal.Microsoft.Extensions.DependencyModel.FileWrapper::CreateEmptyFile(System.String)</Name>
              <FileRef uid="106" />
              <SequencePoints>
                <SequencePoint vc="0" uspid="2813" ordinal="0" offset="0" sl="43" sc="17" el="43" ec="51" bec="0" bev="0" fileid="106" />
                <SequencePoint vc="0" uspid="2814" ordinal="1" offset="7" sl="44" sc="17" el="44" ec="39" bec="2" bev="0" fileid="106" />
                <SequencePoint vc="0" uspid="2815" ordinal="2" offset="10" sl="46" sc="21" el="46" ec="41" bec="0" bev="0" fileid="106" />
                <SequencePoint vc="0" uspid="2816" ordinal="3" offset="16" sl="48" sc="13" el="48" ec="14" bec="0" bev="0" fileid="106" />
                <SequencePoint vc="0" uspid="2817" ordinal="4" offset="18" sl="49" sc="13" el="49" ec="18" bec="0" bev="0" fileid="106" />
                <SequencePoint vc="0" uspid="2818" ordinal="5" offset="19" sl="49" sc="21" el="49" ec="22" bec="0" bev="0" fileid="106" />
                <SequencePoint vc="0" uspid="2819" ordinal="6" offset="21" sl="50" sc="9" el="50" ec="10" bec="0" bev="0" fileid="106" />
              </SequencePoints>
              <BranchPoints>
                <BranchPoint vc="0" uspid="2820" ordinal="0" offset="8" sl="44" path="0" offsetend="10" fileid="106" />
                <BranchPoint vc="0" uspid="2821" ordinal="1" offset="8" sl="44" path="1" offsetend="16" fileid="106" />
              </BranchPoints>
              <MethodPoint xsi:type="SequencePoint" vc="0" uspid="2813" ordinal="0" offset="0" sl="43" sc="17" el="43" ec="51" bec="0" bev="0" fileid="106" />
            </Method>
            <Method visited="false" cyclomaticComplexity="1" nPathComplexity="0" sequenceCoverage="0" branchCoverage="0" crapScore="2" isConstructor="true" isStatic="false" isGetter="false" isSetter="false">
              <Summary numSequencePoints="0" visitedSequencePoints="0" numBranchPoints="0" visitedBranchPoints="0" sequenceCoverage="0" branchCoverage="0" maxCyclomaticComplexity="1" minCyclomaticComplexity="1" maxCrapScore="2" minCrapScore="2" visitedClasses="0" numClasses="0" visitedMethods="0" numMethods="0" />
              <MetadataToken>100663491</MetadataToken>
              <Name>System.Void Internal.Microsoft.Extensions.DependencyModel.FileWrapper::.ctor()</Name>
              <SequencePoints />
              <BranchPoints />
              <MethodPoint vc="0" uspid="2822" ordinal="0" offset="0" />
            </Method>
          </Methods>
        </Class>
        <Class>
          <Summary numSequencePoints="32" visitedSequencePoints="0" numBranchPoints="20" visitedBranchPoints="0" sequenceCoverage="0" branchCoverage="0" maxCyclomaticComplexity="5" minCyclomaticComplexity="1" maxCrapScore="30" minCrapScore="2" visitedClasses="0" numClasses="1" visitedMethods="0" numMethods="12" />
          <FullName>Internal.Microsoft.Extensions.DependencyModel.Library</FullName>
          <Methods>
            <Method visited="false" cyclomaticComplexity="1" nPathComplexity="0" sequenceCoverage="0" branchCoverage="0" crapScore="2" isConstructor="false" isStatic="false" isGetter="true" isSetter="false">
              <Summary numSequencePoints="1" visitedSequencePoints="0" numBranchPoints="1" visitedBranchPoints="0" sequenceCoverage="0" branchCoverage="0" maxCyclomaticComplexity="1" minCyclomaticComplexity="1" maxCrapScore="2" minCrapScore="2" visitedClasses="0" numClasses="0" visitedMethods="0" numMethods="1" />
              <MetadataToken>100663505</MetadataToken>
              <Name>System.String Internal.Microsoft.Extensions.DependencyModel.Library::get_Type()</Name>
              <FileRef uid="107" />
              <SequencePoints>
                <SequencePoint vc="0" uspid="2823" ordinal="0" offset="0" sl="72" sc="30" el="72" ec="34" bec="0" bev="0" fileid="107" />
              </SequencePoints>
              <BranchPoints />
              <MethodPoint xsi:type="SequencePoint" vc="0" uspid="2823" ordinal="0" offset="0" sl="72" sc="30" el="72" ec="34" bec="0" bev="0" fileid="107" />
            </Method>
            <Method visited="false" cyclomaticComplexity="1" nPathComplexity="0" sequenceCoverage="0" branchCoverage="0" crapScore="2" isConstructor="false" isStatic="false" isGetter="true" isSetter="false">
              <Summary numSequencePoints="1" visitedSequencePoints="0" numBranchPoints="1" visitedBranchPoints="0" sequenceCoverage="0" branchCoverage="0" maxCyclomaticComplexity="1" minCyclomaticComplexity="1" maxCrapScore="2" minCrapScore="2" visitedClasses="0" numClasses="0" visitedMethods="0" numMethods="1" />
              <MetadataToken>100663506</MetadataToken>
              <Name>System.String Internal.Microsoft.Extensions.DependencyModel.Library::get_Name()</Name>
              <FileRef uid="107" />
              <SequencePoints>
                <SequencePoint vc="0" uspid="2824" ordinal="0" offset="0" sl="74" sc="30" el="74" ec="34" bec="0" bev="0" fileid="107" />
              </SequencePoints>
              <BranchPoints />
              <MethodPoint xsi:type="SequencePoint" vc="0" uspid="2824" ordinal="0" offset="0" sl="74" sc="30" el="74" ec="34" bec="0" bev="0" fileid="107" />
            </Method>
            <Method visited="false" cyclomaticComplexity="1" nPathComplexity="0" sequenceCoverage="0" branchCoverage="0" crapScore="2" isConstructor="false" isStatic="false" isGetter="true" isSetter="false">
              <Summary numSequencePoints="1" visitedSequencePoints="0" numBranchPoints="1" visitedBranchPoints="0" sequenceCoverage="0" branchCoverage="0" maxCyclomaticComplexity="1" minCyclomaticComplexity="1" maxCrapScore="2" minCrapScore="2" visitedClasses="0" numClasses="0" visitedMethods="0" numMethods="1" />
              <MetadataToken>100663507</MetadataToken>
              <Name>System.String Internal.Microsoft.Extensions.DependencyModel.Library::get_Version()</Name>
              <FileRef uid="107" />
              <SequencePoints>
                <SequencePoint vc="0" uspid="2825" ordinal="0" offset="0" sl="76" sc="33" el="76" ec="37" bec="0" bev="0" fileid="107" />
              </SequencePoints>
              <BranchPoints />
              <MethodPoint xsi:type="SequencePoint" vc="0" uspid="2825" ordinal="0" offset="0" sl="76" sc="33" el="76" ec="37" bec="0" bev="0" fileid="107" />
            </Method>
            <Method visited="false" cyclomaticComplexity="1" nPathComplexity="0" sequenceCoverage="0" branchCoverage="0" crapScore="2" isConstructor="false" isStatic="false" isGetter="true" isSetter="false">
              <Summary numSequencePoints="1" visitedSequencePoints="0" numBranchPoints="1" visitedBranchPoints="0" sequenceCoverage="0" branchCoverage="0" maxCyclomaticComplexity="1" minCyclomaticComplexity="1" maxCrapScore="2" minCrapScore="2" visitedClasses="0" numClasses="0" visitedMethods="0" numMethods="1" />
              <MetadataToken>100663508</MetadataToken>
              <Name>System.String Internal.Microsoft.Extensions.DependencyModel.Library::get_Hash()</Name>
              <FileRef uid="107" />
              <SequencePoints>
                <SequencePoint vc="0" uspid="2826" ordinal="0" offset="0" sl="78" sc="30" el="78" ec="34" bec="0" bev="0" fileid="107" />
              </SequencePoints>
              <BranchPoints />
              <MethodPoint xsi:type="SequencePoint" vc="0" uspid="2826" ordinal="0" offset="0" sl="78" sc="30" el="78" ec="34" bec="0" bev="0" fileid="107" />
            </Method>
            <Method visited="false" cyclomaticComplexity="1" nPathComplexity="0" sequenceCoverage="0" branchCoverage="0" crapScore="2" isConstructor="false" isStatic="false" isGetter="true" isSetter="false">
              <Summary numSequencePoints="1" visitedSequencePoints="0" numBranchPoints="1" visitedBranchPoints="0" sequenceCoverage="0" branchCoverage="0" maxCyclomaticComplexity="1" minCyclomaticComplexity="1" maxCrapScore="2" minCrapScore="2" visitedClasses="0" numClasses="0" visitedMethods="0" numMethods="1" />
              <MetadataToken>100663509</MetadataToken>
              <Name>System.Collections.Generic.IReadOnlyList`1&lt;Internal.Microsoft.Extensions.DependencyModel.Dependency&gt; Internal.Microsoft.Extensions.DependencyModel.Library::get_Dependencies()</Name>
              <FileRef uid="107" />
              <SequencePoints>
                <SequencePoint vc="0" uspid="2827" ordinal="0" offset="0" sl="80" sc="57" el="80" ec="61" bec="0" bev="0" fileid="107" />
              </SequencePoints>
              <BranchPoints />
              <MethodPoint xsi:type="SequencePoint" vc="0" uspid="2827" ordinal="0" offset="0" sl="80" sc="57" el="80" ec="61" bec="0" bev="0" fileid="107" />
            </Method>
            <Method visited="false" cyclomaticComplexity="1" nPathComplexity="0" sequenceCoverage="0" branchCoverage="0" crapScore="2" isConstructor="false" isStatic="false" isGetter="true" isSetter="false">
              <Summary numSequencePoints="1" visitedSequencePoints="0" numBranchPoints="1" visitedBranchPoints="0" sequenceCoverage="0" branchCoverage="0" maxCyclomaticComplexity="1" minCyclomaticComplexity="1" maxCrapScore="2" minCrapScore="2" visitedClasses="0" numClasses="0" visitedMethods="0" numMethods="1" />
              <MetadataToken>100663510</MetadataToken>
              <Name>System.Boolean Internal.Microsoft.Extensions.DependencyModel.Library::get_Serviceable()</Name>
              <FileRef uid="107" />
              <SequencePoints>
                <SequencePoint vc="0" uspid="2828" ordinal="0" offset="0" sl="82" sc="35" el="82" ec="39" bec="0" bev="0" fileid="107" />
              </SequencePoints>
              <BranchPoints />
              <MethodPoint xsi:type="SequencePoint" vc="0" uspid="2828" ordinal="0" offset="0" sl="82" sc="35" el="82" ec="39" bec="0" bev="0" fileid="107" />
            </Method>
            <Method visited="false" cyclomaticComplexity="1" nPathComplexity="0" sequenceCoverage="0" branchCoverage="0" crapScore="2" isConstructor="false" isStatic="false" isGetter="true" isSetter="false">
              <Summary numSequencePoints="1" visitedSequencePoints="0" numBranchPoints="1" visitedBranchPoints="0" sequenceCoverage="0" branchCoverage="0" maxCyclomaticComplexity="1" minCyclomaticComplexity="1" maxCrapScore="2" minCrapScore="2" visitedClasses="0" numClasses="0" visitedMethods="0" numMethods="1" />
              <MetadataToken>100663511</MetadataToken>
              <Name>System.String Internal.Microsoft.Extensions.DependencyModel.Library::get_Path()</Name>
              <FileRef uid="107" />
              <SequencePoints>
                <SequencePoint vc="0" uspid="2829" ordinal="0" offset="0" sl="84" sc="30" el="84" ec="34" bec="0" bev="0" fileid="107" />
              </SequencePoints>
              <BranchPoints />
              <MethodPoint xsi:type="SequencePoint" vc="0" uspid="2829" ordinal="0" offset="0" sl="84" sc="30" el="84" ec="34" bec="0" bev="0" fileid="107" />
            </Method>
            <Method visited="false" cyclomaticComplexity="1" nPathComplexity="0" sequenceCoverage="0" branchCoverage="0" crapScore="2" isConstructor="false" isStatic="false" isGetter="true" isSetter="false">
              <Summary numSequencePoints="1" visitedSequencePoints="0" numBranchPoints="1" visitedBranchPoints="0" sequenceCoverage="0" branchCoverage="0" maxCyclomaticComplexity="1" minCyclomaticComplexity="1" maxCrapScore="2" minCrapScore="2" visitedClasses="0" numClasses="0" visitedMethods="0" numMethods="1" />
              <MetadataToken>100663512</MetadataToken>
              <Name>System.String Internal.Microsoft.Extensions.DependencyModel.Library::get_HashPath()</Name>
              <FileRef uid="107" />
              <SequencePoints>
                <SequencePoint vc="0" uspid="2830" ordinal="0" offset="0" sl="86" sc="34" el="86" ec="38" bec="0" bev="0" fileid="107" />
              </SequencePoints>
              <BranchPoints />
              <MethodPoint xsi:type="SequencePoint" vc="0" uspid="2830" ordinal="0" offset="0" sl="86" sc="34" el="86" ec="38" bec="0" bev="0" fileid="107" />
            </Method>
            <Method visited="false" cyclomaticComplexity="1" nPathComplexity="0" sequenceCoverage="0" branchCoverage="0" crapScore="2" isConstructor="false" isStatic="false" isGetter="true" isSetter="false">
              <Summary numSequencePoints="1" visitedSequencePoints="0" numBranchPoints="1" visitedBranchPoints="0" sequenceCoverage="0" branchCoverage="0" maxCyclomaticComplexity="1" minCyclomaticComplexity="1" maxCrapScore="2" minCrapScore="2" visitedClasses="0" numClasses="0" visitedMethods="0" numMethods="1" />
              <MetadataToken>100663513</MetadataToken>
              <Name>System.String Internal.Microsoft.Extensions.DependencyModel.Library::get_RuntimeStoreManifestName()</Name>
              <FileRef uid="107" />
              <SequencePoints>
                <SequencePoint vc="0" uspid="2831" ordinal="0" offset="0" sl="88" sc="49" el="88" ec="53" bec="0" bev="0" fileid="107" />
              </SequencePoints>
              <BranchPoints />
              <MethodPoint xsi:type="SequencePoint" vc="0" uspid="2831" ordinal="0" offset="0" sl="88" sc="49" el="88" ec="53" bec="0" bev="0" fileid="107" />
            </Method>
            <Method visited="false" cyclomaticComplexity="1" nPathComplexity="0" sequenceCoverage="0" branchCoverage="0" crapScore="2" isConstructor="true" isStatic="false" isGetter="false" isSetter="false">
              <Summary numSequencePoints="2" visitedSequencePoints="0" numBranchPoints="1" visitedBranchPoints="0" sequenceCoverage="0" branchCoverage="0" maxCyclomaticComplexity="1" minCyclomaticComplexity="1" maxCrapScore="2" minCrapScore="2" visitedClasses="0" numClasses="0" visitedMethods="0" numMethods="1" />
              <MetadataToken>100663502</MetadataToken>
              <Name>System.Void Internal.Microsoft.Extensions.DependencyModel.Library::.ctor(System.String,System.String,System.String,System.String,System.Collections.Generic.IEnumerable`1&lt;Internal.Microsoft.Extensions.DependencyModel.Dependency&gt;,System.Boolean)</Name>
              <FileRef uid="107" />
              <SequencePoints>
                <SequencePoint vc="0" uspid="2832" ordinal="0" offset="0" sl="20" sc="15" el="20" ec="101" bec="0" bev="0" fileid="107" />
                <SequencePoint vc="0" uspid="2833" ordinal="1" offset="17" sl="22" sc="9" el="22" ec="10" bec="0" bev="0" fileid="107" />
              </SequencePoints>
              <BranchPoints />
              <MethodPoint xsi:type="SequencePoint" vc="0" uspid="2832" ordinal="0" offset="0" sl="20" sc="15" el="20" ec="101" bec="0" bev="0" fileid="107" />
            </Method>
            <Method visited="false" cyclomaticComplexity="1" nPathComplexity="0" sequenceCoverage="0" branchCoverage="0" crapScore="2" isConstructor="true" isStatic="false" isGetter="false" isSetter="false">
              <Summary numSequencePoints="2" visitedSequencePoints="0" numBranchPoints="1" visitedBranchPoints="0" sequenceCoverage="0" branchCoverage="0" maxCyclomaticComplexity="1" minCyclomaticComplexity="1" maxCrapScore="2" minCrapScore="2" visitedClasses="0" numClasses="0" visitedMethods="0" numMethods="1" />
              <MetadataToken>100663503</MetadataToken>
              <Name>System.Void Internal.Microsoft.Extensions.DependencyModel.Library::.ctor(System.String,System.String,System.String,System.String,System.Collections.Generic.IEnumerable`1&lt;Internal.Microsoft.Extensions.DependencyModel.Dependency&gt;,System.Boolean,System.String,System.String)</Name>
              <FileRef uid="107" />
              <SequencePoints>
                <SequencePoint vc="0" uspid="2834" ordinal="0" offset="0" sl="32" sc="15" el="32" ec="121" bec="0" bev="0" fileid="107" />
                <SequencePoint vc="0" uspid="2835" ordinal="1" offset="20" sl="34" sc="9" el="34" ec="10" bec="0" bev="0" fileid="107" />
              </SequencePoints>
              <BranchPoints />
              <MethodPoint xsi:type="SequencePoint" vc="0" uspid="2834" ordinal="0" offset="0" sl="32" sc="15" el="32" ec="121" bec="0" bev="0" fileid="107" />
            </Method>
            <Method visited="false" cyclomaticComplexity="5" nPathComplexity="16" sequenceCoverage="0" branchCoverage="0" crapScore="30" isConstructor="true" isStatic="false" isGetter="false" isSetter="false">
              <Summary numSequencePoints="19" visitedSequencePoints="0" numBranchPoints="9" visitedBranchPoints="0" sequenceCoverage="0" branchCoverage="0" maxCyclomaticComplexity="5" minCyclomaticComplexity="5" maxCrapScore="30" minCrapScore="30" visitedClasses="0" numClasses="0" visitedMethods="0" numMethods="1" />
              <MetadataToken>100663504</MetadataToken>
              <Name>System.Void Internal.Microsoft.Extensions.DependencyModel.Library::.ctor(System.String,System.String,System.String,System.String,System.Collections.Generic.IEnumerable`1&lt;Internal.Microsoft.Extensions.DependencyModel.Dependency&gt;,System.Boolean,System.String,System.String,System.String)</Name>
              <FileRef uid="107" />
              <SequencePoints>
                <SequencePoint vc="0" uspid="2836" ordinal="0" offset="0" sl="35" sc="9" el="43" ec="52" bec="0" bev="0" fileid="107" />
                <SequencePoint vc="0" uspid="2837" ordinal="1" offset="6" sl="45" sc="13" el="45" ec="44" bec="2" bev="0" fileid="107" />
                <SequencePoint vc="0" uspid="2838" ordinal="2" offset="14" sl="47" sc="17" el="47" ec="59" bec="0" bev="0" fileid="107" />
                <SequencePoint vc="0" uspid="2839" ordinal="3" offset="25" sl="49" sc="13" el="49" ec="44" bec="2" bev="0" fileid="107" />
                <SequencePoint vc="0" uspid="2840" ordinal="4" offset="33" sl="51" sc="17" el="51" ec="59" bec="0" bev="0" fileid="107" />
                <SequencePoint vc="0" uspid="2841" ordinal="5" offset="44" sl="53" sc="13" el="53" ec="47" bec="2" bev="0" fileid="107" />
                <SequencePoint vc="0" uspid="2842" ordinal="6" offset="52" sl="55" sc="17" el="55" ec="62" bec="0" bev="0" fileid="107" />
                <SequencePoint vc="0" uspid="2843" ordinal="7" offset="63" sl="57" sc="13" el="57" ec="38" bec="2" bev="0" fileid="107" />
                <SequencePoint vc="0" uspid="2844" ordinal="8" offset="67" sl="59" sc="17" el="59" ec="71" bec="0" bev="0" fileid="107" />
                <SequencePoint vc="0" uspid="2845" ordinal="9" offset="78" sl="61" sc="13" el="61" ec="25" bec="0" bev="0" fileid="107" />
                <SequencePoint vc="0" uspid="2846" ordinal="10" offset="85" sl="62" sc="13" el="62" ec="25" bec="0" bev="0" fileid="107" />
                <SequencePoint vc="0" uspid="2847" ordinal="11" offset="92" sl="63" sc="13" el="63" ec="31" bec="0" bev="0" fileid="107" />
                <SequencePoint vc="0" uspid="2848" ordinal="12" offset="99" sl="64" sc="13" el="64" ec="25" bec="0" bev="0" fileid="107" />
                <SequencePoint vc="0" uspid="2849" ordinal="13" offset="107" sl="65" sc="13" el="65" ec="51" bec="0" bev="0" fileid="107" />
                <SequencePoint vc="0" uspid="2850" ordinal="14" offset="120" sl="66" sc="13" el="66" ec="39" bec="0" bev="0" fileid="107" />
                <SequencePoint vc="0" uspid="2851" ordinal="15" offset="128" sl="67" sc="13" el="67" ec="25" bec="0" bev="0" fileid="107" />
                <SequencePoint vc="0" uspid="2852" ordinal="16" offset="136" sl="68" sc="13" el="68" ec="33" bec="0" bev="0" fileid="107" />
                <SequencePoint vc="0" uspid="2853" ordinal="17" offset="144" sl="69" sc="13" el="69" ec="65" bec="0" bev="0" fileid="107" />
                <SequencePoint vc="0" uspid="2854" ordinal="18" offset="152" sl="70" sc="9" el="70" ec="10" bec="0" bev="0" fileid="107" />
              </SequencePoints>
              <BranchPoints>
                <BranchPoint vc="0" uspid="2855" ordinal="0" offset="12" sl="45" path="0" offsetend="14" fileid="107" />
                <BranchPoint vc="0" uspid="2856" ordinal="1" offset="12" sl="45" path="1" offsetend="25" fileid="107" />
                <BranchPoint vc="0" uspid="2857" ordinal="2" offset="31" sl="49" path="0" offsetend="33" fileid="107" />
                <BranchPoint vc="0" uspid="2858" ordinal="3" offset="31" sl="49" path="1" offsetend="44" fileid="107" />
                <BranchPoint vc="0" uspid="2859" ordinal="4" offset="50" sl="53" path="0" offsetend="52" fileid="107" />
                <BranchPoint vc="0" uspid="2860" ordinal="5" offset="50" sl="53" path="1" offsetend="63" fileid="107" />
                <BranchPoint vc="0" uspid="2861" ordinal="6" offset="65" sl="57" path="0" offsetend="67" fileid="107" />
                <BranchPoint vc="0" uspid="2862" ordinal="7" offset="65" sl="57" path="1" offsetend="78" fileid="107" />
              </BranchPoints>
              <MethodPoint xsi:type="SequencePoint" vc="0" uspid="2836" ordinal="0" offset="0" sl="35" sc="9" el="43" ec="52" bec="0" bev="0" fileid="107" />
            </Method>
          </Methods>
        </Class>
        <Class>
          <Summary numSequencePoints="12" visitedSequencePoints="0" numBranchPoints="9" visitedBranchPoints="0" sequenceCoverage="0" branchCoverage="0" maxCyclomaticComplexity="3" minCyclomaticComplexity="1" maxCrapScore="12" minCrapScore="2" visitedClasses="0" numClasses="1" visitedMethods="0" numMethods="5" />
          <FullName>Internal.Microsoft.Extensions.DependencyModel.ResourceAssembly</FullName>
          <Methods>
            <Method visited="false" cyclomaticComplexity="1" nPathComplexity="0" sequenceCoverage="0" branchCoverage="0" crapScore="2" isConstructor="false" isStatic="false" isGetter="true" isSetter="false">
              <Summary numSequencePoints="1" visitedSequencePoints="0" numBranchPoints="1" visitedBranchPoints="0" sequenceCoverage="0" branchCoverage="0" maxCyclomaticComplexity="1" minCyclomaticComplexity="1" maxCrapScore="2" minCrapScore="2" visitedClasses="0" numClasses="0" visitedMethods="0" numMethods="1" />
              <MetadataToken>100663515</MetadataToken>
              <Name>System.String Internal.Microsoft.Extensions.DependencyModel.ResourceAssembly::get_Locale()</Name>
              <FileRef uid="108" />
              <SequencePoints>
                <SequencePoint vc="0" uspid="2863" ordinal="0" offset="0" sl="26" sc="32" el="26" ec="36" bec="0" bev="0" fileid="108" />
              </SequencePoints>
              <BranchPoints />
              <MethodPoint xsi:type="SequencePoint" vc="0" uspid="2863" ordinal="0" offset="0" sl="26" sc="32" el="26" ec="36" bec="0" bev="0" fileid="108" />
            </Method>
            <Method visited="false" cyclomaticComplexity="1" nPathComplexity="0" sequenceCoverage="0" branchCoverage="0" crapScore="2" isConstructor="false" isStatic="false" isGetter="false" isSetter="true">
              <Summary numSequencePoints="1" visitedSequencePoints="0" numBranchPoints="1" visitedBranchPoints="0" sequenceCoverage="0" branchCoverage="0" maxCyclomaticComplexity="1" minCyclomaticComplexity="1" maxCrapScore="2" minCrapScore="2" visitedClasses="0" numClasses="0" visitedMethods="0" numMethods="1" />
              <MetadataToken>100663516</MetadataToken>
              <Name>System.Void Internal.Microsoft.Extensions.DependencyModel.ResourceAssembly::set_Locale(System.String)</Name>
              <FileRef uid="108" />
              <SequencePoints>
                <SequencePoint vc="0" uspid="2864" ordinal="0" offset="0" sl="26" sc="37" el="26" ec="41" bec="0" bev="0" fileid="108" />
              </SequencePoints>
              <BranchPoints />
              <MethodPoint xsi:type="SequencePoint" vc="0" uspid="2864" ordinal="0" offset="0" sl="26" sc="37" el="26" ec="41" bec="0" bev="0" fileid="108" />
            </Method>
            <Method visited="false" cyclomaticComplexity="1" nPathComplexity="0" sequenceCoverage="0" branchCoverage="0" crapScore="2" isConstructor="false" isStatic="false" isGetter="true" isSetter="false">
              <Summary numSequencePoints="1" visitedSequencePoints="0" numBranchPoints="1" visitedBranchPoints="0" sequenceCoverage="0" branchCoverage="0" maxCyclomaticComplexity="1" minCyclomaticComplexity="1" maxCrapScore="2" minCrapScore="2" visitedClasses="0" numClasses="0" visitedMethods="0" numMethods="1" />
              <MetadataToken>100663517</MetadataToken>
              <Name>System.String Internal.Microsoft.Extensions.DependencyModel.ResourceAssembly::get_Path()</Name>
              <FileRef uid="108" />
              <SequencePoints>
                <SequencePoint vc="0" uspid="2865" ordinal="0" offset="0" sl="28" sc="30" el="28" ec="34" bec="0" bev="0" fileid="108" />
              </SequencePoints>
              <BranchPoints />
              <MethodPoint xsi:type="SequencePoint" vc="0" uspid="2865" ordinal="0" offset="0" sl="28" sc="30" el="28" ec="34" bec="0" bev="0" fileid="108" />
            </Method>
            <Method visited="false" cyclomaticComplexity="1" nPathComplexity="0" sequenceCoverage="0" branchCoverage="0" crapScore="2" isConstructor="false" isStatic="false" isGetter="false" isSetter="true">
              <Summary numSequencePoints="1" visitedSequencePoints="0" numBranchPoints="1" visitedBranchPoints="0" sequenceCoverage="0" branchCoverage="0" maxCyclomaticComplexity="1" minCyclomaticComplexity="1" maxCrapScore="2" minCrapScore="2" visitedClasses="0" numClasses="0" visitedMethods="0" numMethods="1" />
              <MetadataToken>100663518</MetadataToken>
              <Name>System.Void Internal.Microsoft.Extensions.DependencyModel.ResourceAssembly::set_Path(System.String)</Name>
              <FileRef uid="108" />
              <SequencePoints>
                <SequencePoint vc="0" uspid="2866" ordinal="0" offset="0" sl="28" sc="35" el="28" ec="39" bec="0" bev="0" fileid="108" />
              </SequencePoints>
              <BranchPoints />
              <MethodPoint xsi:type="SequencePoint" vc="0" uspid="2866" ordinal="0" offset="0" sl="28" sc="35" el="28" ec="39" bec="0" bev="0" fileid="108" />
            </Method>
            <Method visited="false" cyclomaticComplexity="3" nPathComplexity="4" sequenceCoverage="0" branchCoverage="0" crapScore="12" isConstructor="true" isStatic="false" isGetter="false" isSetter="false">
              <Summary numSequencePoints="8" visitedSequencePoints="0" numBranchPoints="5" visitedBranchPoints="0" sequenceCoverage="0" branchCoverage="0" maxCyclomaticComplexity="3" minCyclomaticComplexity="3" maxCrapScore="12" minCrapScore="12" visitedClasses="0" numClasses="0" visitedMethods="0" numMethods="1" />
              <MetadataToken>100663514</MetadataToken>
              <Name>System.Void Internal.Microsoft.Extensions.DependencyModel.ResourceAssembly::.ctor(System.String,System.String)</Name>
              <FileRef uid="108" />
              <SequencePoints>
                <SequencePoint vc="0" uspid="2867" ordinal="0" offset="0" sl="12" sc="9" el="12" ec="60" bec="0" bev="0" fileid="108" />
                <SequencePoint vc="0" uspid="2868" ordinal="1" offset="6" sl="14" sc="13" el="14" ec="44" bec="2" bev="0" fileid="108" />
                <SequencePoint vc="0" uspid="2869" ordinal="2" offset="14" sl="16" sc="17" el="16" ec="59" bec="0" bev="0" fileid="108" />
                <SequencePoint vc="0" uspid="2870" ordinal="3" offset="25" sl="18" sc="13" el="18" ec="46" bec="2" bev="0" fileid="108" />
                <SequencePoint vc="0" uspid="2871" ordinal="4" offset="33" sl="20" sc="17" el="20" ec="61" bec="0" bev="0" fileid="108" />
                <SequencePoint vc="0" uspid="2872" ordinal="5" offset="44" sl="22" sc="13" el="22" ec="29" bec="0" bev="0" fileid="108" />
                <SequencePoint vc="0" uspid="2873" ordinal="6" offset="51" sl="23" sc="13" el="23" ec="25" bec="0" bev="0" fileid="108" />
                <SequencePoint vc="0" uspid="2874" ordinal="7" offset="58" sl="24" sc="9" el="24" ec="10" bec="0" bev="0" fileid="108" />
              </SequencePoints>
              <BranchPoints>
                <BranchPoint vc="0" uspid="2875" ordinal="0" offset="12" sl="14" path="0" offsetend="14" fileid="108" />
                <BranchPoint vc="0" uspid="2876" ordinal="1" offset="12" sl="14" path="1" offsetend="25" fileid="108" />
                <BranchPoint vc="0" uspid="2877" ordinal="2" offset="31" sl="18" path="0" offsetend="33" fileid="108" />
                <BranchPoint vc="0" uspid="2878" ordinal="3" offset="31" sl="18" path="1" offsetend="44" fileid="108" />
              </BranchPoints>
              <MethodPoint xsi:type="SequencePoint" vc="0" uspid="2867" ordinal="0" offset="0" sl="12" sc="9" el="12" ec="60" bec="0" bev="0" fileid="108" />
            </Method>
          </Methods>
        </Class>
        <Class>
          <Summary numSequencePoints="16" visitedSequencePoints="0" numBranchPoints="12" visitedBranchPoints="0" sequenceCoverage="0" branchCoverage="0" maxCyclomaticComplexity="3" minCyclomaticComplexity="1" maxCrapScore="12" minCrapScore="2" visitedClasses="0" numClasses="1" visitedMethods="0" numMethods="4" />
          <FullName>Internal.Microsoft.Extensions.DependencyModel.RuntimeAssembly</FullName>
          <Methods>
            <Method visited="false" cyclomaticComplexity="1" nPathComplexity="0" sequenceCoverage="0" branchCoverage="0" crapScore="2" isConstructor="false" isStatic="false" isGetter="true" isSetter="false">
              <Summary numSequencePoints="1" visitedSequencePoints="0" numBranchPoints="1" visitedBranchPoints="0" sequenceCoverage="0" branchCoverage="0" maxCyclomaticComplexity="1" minCyclomaticComplexity="1" maxCrapScore="2" minCrapScore="2" visitedClasses="0" numClasses="0" visitedMethods="0" numMethods="1" />
              <MetadataToken>100663520</MetadataToken>
              <Name>System.Reflection.AssemblyName Internal.Microsoft.Extensions.DependencyModel.RuntimeAssembly::get_Name()</Name>
              <FileRef uid="109" />
              <SequencePoints>
                <SequencePoint vc="0" uspid="2879" ordinal="0" offset="0" sl="30" sc="37" el="30" ec="68" bec="0" bev="0" fileid="109" />
              </SequencePoints>
              <BranchPoints />
              <MethodPoint xsi:type="SequencePoint" vc="0" uspid="2879" ordinal="0" offset="0" sl="30" sc="37" el="30" ec="68" bec="0" bev="0" fileid="109" />
            </Method>
            <Method visited="false" cyclomaticComplexity="1" nPathComplexity="0" sequenceCoverage="0" branchCoverage="0" crapScore="2" isConstructor="false" isStatic="false" isGetter="true" isSetter="false">
              <Summary numSequencePoints="1" visitedSequencePoints="0" numBranchPoints="1" visitedBranchPoints="0" sequenceCoverage="0" branchCoverage="0" maxCyclomaticComplexity="1" minCyclomaticComplexity="1" maxCrapScore="2" minCrapScore="2" visitedClasses="0" numClasses="0" visitedMethods="0" numMethods="1" />
              <MetadataToken>100663521</MetadataToken>
              <Name>System.String Internal.Microsoft.Extensions.DependencyModel.RuntimeAssembly::get_Path()</Name>
              <FileRef uid="109" />
              <SequencePoints>
                <SequencePoint vc="0" uspid="2880" ordinal="0" offset="0" sl="32" sc="30" el="32" ec="34" bec="0" bev="0" fileid="109" />
              </SequencePoints>
              <BranchPoints />
              <MethodPoint xsi:type="SequencePoint" vc="0" uspid="2880" ordinal="0" offset="0" sl="32" sc="30" el="32" ec="34" bec="0" bev="0" fileid="109" />
            </Method>
            <Method visited="false" cyclomaticComplexity="3" nPathComplexity="4" sequenceCoverage="0" branchCoverage="0" crapScore="12" isConstructor="true" isStatic="false" isGetter="false" isSetter="false">
              <Summary numSequencePoints="8" visitedSequencePoints="0" numBranchPoints="5" visitedBranchPoints="0" sequenceCoverage="0" branchCoverage="0" maxCyclomaticComplexity="3" minCyclomaticComplexity="3" maxCrapScore="12" minCrapScore="12" visitedClasses="0" numClasses="0" visitedMethods="0" numMethods="1" />
              <MetadataToken>100663519</MetadataToken>
              <Name>System.Void Internal.Microsoft.Extensions.DependencyModel.RuntimeAssembly::.ctor(System.String,System.String)</Name>
              <FileRef uid="109" />
              <SequencePoints>
                <SequencePoint vc="0" uspid="2881" ordinal="0" offset="0" sl="16" sc="9" el="16" ec="65" bec="0" bev="0" fileid="109" />
                <SequencePoint vc="0" uspid="2882" ordinal="1" offset="6" sl="18" sc="13" el="18" ec="52" bec="2" bev="0" fileid="109" />
                <SequencePoint vc="0" uspid="2883" ordinal="2" offset="14" sl="20" sc="17" el="20" ec="67" bec="0" bev="0" fileid="109" />
                <SequencePoint vc="0" uspid="2884" ordinal="3" offset="25" sl="22" sc="13" el="22" ec="44" bec="2" bev="0" fileid="109" />
                <SequencePoint vc="0" uspid="2885" ordinal="4" offset="33" sl="24" sc="17" el="24" ec="59" bec="0" bev="0" fileid="109" />
                <SequencePoint vc="0" uspid="2886" ordinal="5" offset="44" sl="26" sc="13" el="26" ec="42" bec="0" bev="0" fileid="109" />
                <SequencePoint vc="0" uspid="2887" ordinal="6" offset="51" sl="27" sc="13" el="27" ec="25" bec="0" bev="0" fileid="109" />
                <SequencePoint vc="0" uspid="2888" ordinal="7" offset="58" sl="28" sc="9" el="28" ec="10" bec="0" bev="0" fileid="109" />
              </SequencePoints>
              <BranchPoints>
                <BranchPoint vc="0" uspid="2889" ordinal="0" offset="12" sl="18" path="0" offsetend="14" fileid="109" />
                <BranchPoint vc="0" uspid="2890" ordinal="1" offset="12" sl="18" path="1" offsetend="25" fileid="109" />
                <BranchPoint vc="0" uspid="2891" ordinal="2" offset="31" sl="22" path="0" offsetend="33" fileid="109" />
                <BranchPoint vc="0" uspid="2892" ordinal="3" offset="31" sl="22" path="1" offsetend="44" fileid="109" />
              </BranchPoints>
              <MethodPoint xsi:type="SequencePoint" vc="0" uspid="2881" ordinal="0" offset="0" sl="16" sc="9" el="16" ec="65" bec="0" bev="0" fileid="109" />
            </Method>
            <Method visited="false" cyclomaticComplexity="3" nPathComplexity="4" sequenceCoverage="0" branchCoverage="0" crapScore="12" isConstructor="false" isStatic="true" isGetter="false" isSetter="false">
              <Summary numSequencePoints="6" visitedSequencePoints="0" numBranchPoints="5" visitedBranchPoints="0" sequenceCoverage="0" branchCoverage="0" maxCyclomaticComplexity="3" minCyclomaticComplexity="3" maxCrapScore="12" minCrapScore="12" visitedClasses="0" numClasses="0" visitedMethods="0" numMethods="1" />
              <MetadataToken>100663522</MetadataToken>
              <Name>Internal.Microsoft.Extensions.DependencyModel.RuntimeAssembly Internal.Microsoft.Extensions.DependencyModel.RuntimeAssembly::Create(System.String)</Name>
              <FileRef uid="109" />
              <SequencePoints>
                <SequencePoint vc="0" uspid="2893" ordinal="0" offset="0" sl="36" sc="13" el="36" ec="81" bec="0" bev="0" fileid="109" />
                <SequencePoint vc="0" uspid="2894" ordinal="1" offset="7" sl="37" sc="13" el="37" ec="38" bec="2" bev="0" fileid="109" />
                <SequencePoint vc="0" uspid="2895" ordinal="2" offset="10" sl="39" sc="17" el="39" ec="106" bec="0" bev="0" fileid="109" />
                <SequencePoint vc="0" uspid="2896" ordinal="3" offset="32" sl="42" sc="13" el="42" ec="57" bec="2" bev="0" fileid="109" />
                <SequencePoint vc="0" uspid="2897" ordinal="4" offset="45" sl="44" sc="17" el="44" ec="105" bec="0" bev="0" fileid="109" />
                <SequencePoint vc="0" uspid="2898" ordinal="5" offset="70" sl="46" sc="13" el="46" ec="60" bec="0" bev="0" fileid="109" />
              </SequencePoints>
              <BranchPoints>
                <BranchPoint vc="0" uspid="2899" ordinal="0" offset="8" sl="37" path="0" offsetend="10" fileid="109" />
                <BranchPoint vc="0" uspid="2900" ordinal="1" offset="8" sl="37" path="1" offsetend="32" fileid="109" />
                <BranchPoint vc="0" uspid="2901" ordinal="2" offset="43" sl="42" path="0" offsetend="45" fileid="109" />
                <BranchPoint vc="0" uspid="2902" ordinal="3" offset="43" sl="42" path="1" offsetend="70" fileid="109" />
              </BranchPoints>
              <MethodPoint xsi:type="SequencePoint" vc="0" uspid="2893" ordinal="0" offset="0" sl="36" sc="13" el="36" ec="81" bec="0" bev="0" fileid="109" />
            </Method>
          </Methods>
        </Class>
        <Class>
          <Summary numSequencePoints="8" visitedSequencePoints="0" numBranchPoints="4" visitedBranchPoints="0" sequenceCoverage="0" branchCoverage="0" maxCyclomaticComplexity="1" minCyclomaticComplexity="1" maxCrapScore="2" minCrapScore="2" visitedClasses="0" numClasses="1" visitedMethods="0" numMethods="4" />
          <FullName>Internal.Microsoft.Extensions.DependencyModel.RuntimeAssetGroup</FullName>
          <Methods>
            <Method visited="false" cyclomaticComplexity="1" nPathComplexity="0" sequenceCoverage="0" branchCoverage="0" crapScore="2" isConstructor="false" isStatic="false" isGetter="true" isSetter="false">
              <Summary numSequencePoints="1" visitedSequencePoints="0" numBranchPoints="1" visitedBranchPoints="0" sequenceCoverage="0" branchCoverage="0" maxCyclomaticComplexity="1" minCyclomaticComplexity="1" maxCrapScore="2" minCrapScore="2" visitedClasses="0" numClasses="0" visitedMethods="0" numMethods="1" />
              <MetadataToken>100663525</MetadataToken>
              <Name>System.String Internal.Microsoft.Extensions.DependencyModel.RuntimeAssetGroup::get_Runtime()</Name>
              <FileRef uid="110" />
              <SequencePoints>
                <SequencePoint vc="0" uspid="2903" ordinal="0" offset="0" sl="24" sc="33" el="24" ec="37" bec="0" bev="0" fileid="110" />
              </SequencePoints>
              <BranchPoints />
              <MethodPoint xsi:type="SequencePoint" vc="0" uspid="2903" ordinal="0" offset="0" sl="24" sc="33" el="24" ec="37" bec="0" bev="0" fileid="110" />
            </Method>
            <Method visited="false" cyclomaticComplexity="1" nPathComplexity="0" sequenceCoverage="0" branchCoverage="0" crapScore="2" isConstructor="false" isStatic="false" isGetter="true" isSetter="false">
              <Summary numSequencePoints="1" visitedSequencePoints="0" numBranchPoints="1" visitedBranchPoints="0" sequenceCoverage="0" branchCoverage="0" maxCyclomaticComplexity="1" minCyclomaticComplexity="1" maxCrapScore="2" minCrapScore="2" visitedClasses="0" numClasses="0" visitedMethods="0" numMethods="1" />
              <MetadataToken>100663526</MetadataToken>
              <Name>System.Collections.Generic.IReadOnlyList`1&lt;System.String&gt; Internal.Microsoft.Extensions.DependencyModel.RuntimeAssetGroup::get_AssetPaths()</Name>
              <FileRef uid="110" />
              <SequencePoints>
                <SequencePoint vc="0" uspid="2904" ordinal="0" offset="0" sl="29" sc="51" el="29" ec="55" bec="0" bev="0" fileid="110" />
              </SequencePoints>
              <BranchPoints />
              <MethodPoint xsi:type="SequencePoint" vc="0" uspid="2904" ordinal="0" offset="0" sl="29" sc="51" el="29" ec="55" bec="0" bev="0" fileid="110" />
            </Method>
            <Method visited="false" cyclomaticComplexity="1" nPathComplexity="0" sequenceCoverage="0" branchCoverage="0" crapScore="2" isConstructor="true" isStatic="false" isGetter="false" isSetter="false">
              <Summary numSequencePoints="2" visitedSequencePoints="0" numBranchPoints="1" visitedBranchPoints="0" sequenceCoverage="0" branchCoverage="0" maxCyclomaticComplexity="1" minCyclomaticComplexity="1" maxCrapScore="2" minCrapScore="2" visitedClasses="0" numClasses="0" visitedMethods="0" numMethods="1" />
              <MetadataToken>100663523</MetadataToken>
              <Name>System.Void Internal.Microsoft.Extensions.DependencyModel.RuntimeAssetGroup::.ctor(System.String,System.String[])</Name>
              <FileRef uid="110" />
              <SequencePoints>
                <SequencePoint vc="0" uspid="2905" ordinal="0" offset="0" sl="13" sc="80" el="13" ec="126" bec="0" bev="0" fileid="110" />
                <SequencePoint vc="0" uspid="2906" ordinal="1" offset="8" sl="13" sc="129" el="13" ec="130" bec="0" bev="0" fileid="110" />
              </SequencePoints>
              <BranchPoints />
              <MethodPoint xsi:type="SequencePoint" vc="0" uspid="2905" ordinal="0" offset="0" sl="13" sc="80" el="13" ec="126" bec="0" bev="0" fileid="110" />
            </Method>
            <Method visited="false" cyclomaticComplexity="1" nPathComplexity="0" sequenceCoverage="0" branchCoverage="0" crapScore="2" isConstructor="true" isStatic="false" isGetter="false" isSetter="false">
              <Summary numSequencePoints="4" visitedSequencePoints="0" numBranchPoints="1" visitedBranchPoints="0" sequenceCoverage="0" branchCoverage="0" maxCyclomaticComplexity="1" minCyclomaticComplexity="1" maxCrapScore="2" minCrapScore="2" visitedClasses="0" numClasses="0" visitedMethods="0" numMethods="1" />
              <MetadataToken>100663524</MetadataToken>
              <Name>System.Void Internal.Microsoft.Extensions.DependencyModel.RuntimeAssetGroup::.ctor(System.String,System.Collections.Generic.IEnumerable`1&lt;System.String&gt;)</Name>
              <FileRef uid="110" />
              <SequencePoints>
                <SequencePoint vc="0" uspid="2907" ordinal="0" offset="0" sl="15" sc="9" el="15" ec="81" bec="0" bev="0" fileid="110" />
                <SequencePoint vc="0" uspid="2908" ordinal="1" offset="6" sl="17" sc="13" el="17" ec="31" bec="0" bev="0" fileid="110" />
                <SequencePoint vc="0" uspid="2909" ordinal="2" offset="13" sl="18" sc="13" el="18" ec="47" bec="0" bev="0" fileid="110" />
                <SequencePoint vc="0" uspid="2910" ordinal="3" offset="25" sl="19" sc="9" el="19" ec="10" bec="0" bev="0" fileid="110" />
              </SequencePoints>
              <BranchPoints />
              <MethodPoint xsi:type="SequencePoint" vc="0" uspid="2907" ordinal="0" offset="0" sl="15" sc="9" el="15" ec="81" bec="0" bev="0" fileid="110" />
            </Method>
          </Methods>
        </Class>
        <Class>
          <Summary numSequencePoints="14" visitedSequencePoints="0" numBranchPoints="10" visitedBranchPoints="0" sequenceCoverage="0" branchCoverage="0" maxCyclomaticComplexity="3" minCyclomaticComplexity="1" maxCrapScore="12" minCrapScore="2" visitedClasses="0" numClasses="1" visitedMethods="0" numMethods="6" />
          <FullName>Internal.Microsoft.Extensions.DependencyModel.RuntimeFallbacks</FullName>
          <Methods>
            <Method visited="false" cyclomaticComplexity="1" nPathComplexity="0" sequenceCoverage="0" branchCoverage="0" crapScore="2" isConstructor="false" isStatic="false" isGetter="true" isSetter="false">
              <Summary numSequencePoints="1" visitedSequencePoints="0" numBranchPoints="1" visitedBranchPoints="0" sequenceCoverage="0" branchCoverage="0" maxCyclomaticComplexity="1" minCyclomaticComplexity="1" maxCrapScore="2" minCrapScore="2" visitedClasses="0" numClasses="0" visitedMethods="0" numMethods="1" />
              <MetadataToken>100663527</MetadataToken>
              <Name>System.String Internal.Microsoft.Extensions.DependencyModel.RuntimeFallbacks::get_Runtime()</Name>
              <FileRef uid="111" />
              <SequencePoints>
                <SequencePoint vc="0" uspid="2911" ordinal="0" offset="0" sl="14" sc="33" el="14" ec="37" bec="0" bev="0" fileid="111" />
              </SequencePoints>
              <BranchPoints />
              <MethodPoint xsi:type="SequencePoint" vc="0" uspid="2911" ordinal="0" offset="0" sl="14" sc="33" el="14" ec="37" bec="0" bev="0" fileid="111" />
            </Method>
            <Method visited="false" cyclomaticComplexity="1" nPathComplexity="0" sequenceCoverage="0" branchCoverage="0" crapScore="2" isConstructor="false" isStatic="false" isGetter="false" isSetter="true">
              <Summary numSequencePoints="1" visitedSequencePoints="0" numBranchPoints="1" visitedBranchPoints="0" sequenceCoverage="0" branchCoverage="0" maxCyclomaticComplexity="1" minCyclomaticComplexity="1" maxCrapScore="2" minCrapScore="2" visitedClasses="0" numClasses="0" visitedMethods="0" numMethods="1" />
              <MetadataToken>100663528</MetadataToken>
              <Name>System.Void Internal.Microsoft.Extensions.DependencyModel.RuntimeFallbacks::set_Runtime(System.String)</Name>
              <FileRef uid="111" />
              <SequencePoints>
                <SequencePoint vc="0" uspid="2912" ordinal="0" offset="0" sl="14" sc="38" el="14" ec="42" bec="0" bev="0" fileid="111" />
              </SequencePoints>
              <BranchPoints />
              <MethodPoint xsi:type="SequencePoint" vc="0" uspid="2912" ordinal="0" offset="0" sl="14" sc="38" el="14" ec="42" bec="0" bev="0" fileid="111" />
            </Method>
            <Method visited="false" cyclomaticComplexity="1" nPathComplexity="0" sequenceCoverage="0" branchCoverage="0" crapScore="2" isConstructor="false" isStatic="false" isGetter="true" isSetter="false">
              <Summary numSequencePoints="1" visitedSequencePoints="0" numBranchPoints="1" visitedBranchPoints="0" sequenceCoverage="0" branchCoverage="0" maxCyclomaticComplexity="1" minCyclomaticComplexity="1" maxCrapScore="2" minCrapScore="2" visitedClasses="0" numClasses="0" visitedMethods="0" numMethods="1" />
              <MetadataToken>100663529</MetadataToken>
              <Name>System.Collections.Generic.IReadOnlyList`1&lt;System.String&gt; Internal.Microsoft.Extensions.DependencyModel.RuntimeFallbacks::get_Fallbacks()</Name>
              <FileRef uid="111" />
              <SequencePoints>
                <SequencePoint vc="0" uspid="2913" ordinal="0" offset="0" sl="15" sc="50" el="15" ec="54" bec="0" bev="0" fileid="111" />
              </SequencePoints>
              <BranchPoints />
              <MethodPoint xsi:type="SequencePoint" vc="0" uspid="2913" ordinal="0" offset="0" sl="15" sc="50" el="15" ec="54" bec="0" bev="0" fileid="111" />
            </Method>
            <Method visited="false" cyclomaticComplexity="1" nPathComplexity="0" sequenceCoverage="0" branchCoverage="0" crapScore="2" isConstructor="false" isStatic="false" isGetter="false" isSetter="true">
              <Summary numSequencePoints="1" visitedSequencePoints="0" numBranchPoints="1" visitedBranchPoints="0" sequenceCoverage="0" branchCoverage="0" maxCyclomaticComplexity="1" minCyclomaticComplexity="1" maxCrapScore="2" minCrapScore="2" visitedClasses="0" numClasses="0" visitedMethods="0" numMethods="1" />
              <MetadataToken>100663530</MetadataToken>
              <Name>System.Void Internal.Microsoft.Extensions.DependencyModel.RuntimeFallbacks::set_Fallbacks(System.Collections.Generic.IReadOnlyList`1&lt;System.String&gt;)</Name>
              <FileRef uid="111" />
              <SequencePoints>
                <SequencePoint vc="0" uspid="2914" ordinal="0" offset="0" sl="15" sc="55" el="15" ec="59" bec="0" bev="0" fileid="111" />
              </SequencePoints>
              <BranchPoints />
              <MethodPoint xsi:type="SequencePoint" vc="0" uspid="2914" ordinal="0" offset="0" sl="15" sc="55" el="15" ec="59" bec="0" bev="0" fileid="111" />
            </Method>
            <Method visited="false" cyclomaticComplexity="1" nPathComplexity="0" sequenceCoverage="0" branchCoverage="0" crapScore="2" isConstructor="true" isStatic="false" isGetter="false" isSetter="false">
              <Summary numSequencePoints="2" visitedSequencePoints="0" numBranchPoints="1" visitedBranchPoints="0" sequenceCoverage="0" branchCoverage="0" maxCyclomaticComplexity="1" minCyclomaticComplexity="1" maxCrapScore="2" minCrapScore="2" visitedClasses="0" numClasses="0" visitedMethods="0" numMethods="1" />
              <MetadataToken>100663531</MetadataToken>
              <Name>System.Void Internal.Microsoft.Extensions.DependencyModel.RuntimeFallbacks::.ctor(System.String,System.String[])</Name>
              <FileRef uid="111" />
              <SequencePoints>
                <SequencePoint vc="0" uspid="2915" ordinal="0" offset="0" sl="17" sc="78" el="17" ec="123" bec="0" bev="0" fileid="111" />
                <SequencePoint vc="0" uspid="2916" ordinal="1" offset="8" sl="17" sc="126" el="17" ec="127" bec="0" bev="0" fileid="111" />
              </SequencePoints>
              <BranchPoints />
              <MethodPoint xsi:type="SequencePoint" vc="0" uspid="2915" ordinal="0" offset="0" sl="17" sc="78" el="17" ec="123" bec="0" bev="0" fileid="111" />
            </Method>
            <Method visited="false" cyclomaticComplexity="3" nPathComplexity="4" sequenceCoverage="0" branchCoverage="0" crapScore="12" isConstructor="true" isStatic="false" isGetter="false" isSetter="false">
              <Summary numSequencePoints="8" visitedSequencePoints="0" numBranchPoints="5" visitedBranchPoints="0" sequenceCoverage="0" branchCoverage="0" maxCyclomaticComplexity="3" minCyclomaticComplexity="3" maxCrapScore="12" minCrapScore="12" visitedClasses="0" numClasses="0" visitedMethods="0" numMethods="1" />
              <MetadataToken>100663532</MetadataToken>
              <Name>System.Void Internal.Microsoft.Extensions.DependencyModel.RuntimeFallbacks::.ctor(System.String,System.Collections.Generic.IEnumerable`1&lt;System.String&gt;)</Name>
              <FileRef uid="111" />
              <SequencePoints>
                <SequencePoint vc="0" uspid="2917" ordinal="0" offset="0" sl="18" sc="9" el="18" ec="79" bec="0" bev="0" fileid="111" />
                <SequencePoint vc="0" uspid="2918" ordinal="1" offset="6" sl="20" sc="13" el="20" ec="47" bec="2" bev="0" fileid="111" />
                <SequencePoint vc="0" uspid="2919" ordinal="2" offset="14" sl="22" sc="17" el="22" ec="62" bec="0" bev="0" fileid="111" />
                <SequencePoint vc="0" uspid="2920" ordinal="3" offset="25" sl="24" sc="13" el="24" ec="35" bec="2" bev="0" fileid="111" />
                <SequencePoint vc="0" uspid="2921" ordinal="4" offset="28" sl="26" sc="17" el="26" ec="68" bec="0" bev="0" fileid="111" />
                <SequencePoint vc="0" uspid="2922" ordinal="5" offset="39" sl="28" sc="13" el="28" ec="31" bec="0" bev="0" fileid="111" />
                <SequencePoint vc="0" uspid="2923" ordinal="6" offset="46" sl="29" sc="13" el="29" ec="45" bec="0" bev="0" fileid="111" />
                <SequencePoint vc="0" uspid="2924" ordinal="7" offset="58" sl="30" sc="9" el="30" ec="10" bec="0" bev="0" fileid="111" />
              </SequencePoints>
              <BranchPoints>
                <BranchPoint vc="0" uspid="2925" ordinal="0" offset="12" sl="20" path="0" offsetend="14" fileid="111" />
                <BranchPoint vc="0" uspid="2926" ordinal="1" offset="12" sl="20" path="1" offsetend="25" fileid="111" />
                <BranchPoint vc="0" uspid="2927" ordinal="2" offset="26" sl="24" path="0" offsetend="28" fileid="111" />
                <BranchPoint vc="0" uspid="2928" ordinal="3" offset="26" sl="24" path="1" offsetend="39" fileid="111" />
              </BranchPoints>
              <MethodPoint xsi:type="SequencePoint" vc="0" uspid="2917" ordinal="0" offset="0" sl="18" sc="9" el="18" ec="79" bec="0" bev="0" fileid="111" />
            </Method>
          </Methods>
        </Class>
        <Class>
          <Summary numSequencePoints="18" visitedSequencePoints="0" numBranchPoints="12" visitedBranchPoints="0" sequenceCoverage="0" branchCoverage="0" maxCyclomaticComplexity="4" minCyclomaticComplexity="1" maxCrapScore="20" minCrapScore="2" visitedClasses="0" numClasses="1" visitedMethods="0" numMethods="6" />
          <FullName>Internal.Microsoft.Extensions.DependencyModel.RuntimeLibrary</FullName>
          <Methods>
            <Method visited="false" cyclomaticComplexity="1" nPathComplexity="0" sequenceCoverage="0" branchCoverage="0" crapScore="2" isConstructor="false" isStatic="false" isGetter="true" isSetter="false">
              <Summary numSequencePoints="1" visitedSequencePoints="0" numBranchPoints="1" visitedBranchPoints="0" sequenceCoverage="0" branchCoverage="0" maxCyclomaticComplexity="1" minCyclomaticComplexity="1" maxCrapScore="2" minCrapScore="2" visitedClasses="0" numClasses="0" visitedMethods="0" numMethods="1" />
              <MetadataToken>100663536</MetadataToken>
              <Name>System.Collections.Generic.IReadOnlyList`1&lt;Internal.Microsoft.Extensions.DependencyModel.RuntimeAssetGroup&gt; Internal.Microsoft.Extensions.DependencyModel.RuntimeLibrary::get_RuntimeAssemblyGroups()</Name>
              <FileRef uid="112" />
              <SequencePoints>
                <SequencePoint vc="0" uspid="2929" ordinal="0" offset="0" sl="102" sc="73" el="102" ec="77" bec="0" bev="0" fileid="112" />
              </SequencePoints>
              <BranchPoints />
              <MethodPoint xsi:type="SequencePoint" vc="0" uspid="2929" ordinal="0" offset="0" sl="102" sc="73" el="102" ec="77" bec="0" bev="0" fileid="112" />
            </Method>
            <Method visited="false" cyclomaticComplexity="1" nPathComplexity="0" sequenceCoverage="0" branchCoverage="0" crapScore="2" isConstructor="false" isStatic="false" isGetter="true" isSetter="false">
              <Summary numSequencePoints="1" visitedSequencePoints="0" numBranchPoints="1" visitedBranchPoints="0" sequenceCoverage="0" branchCoverage="0" maxCyclomaticComplexity="1" minCyclomaticComplexity="1" maxCrapScore="2" minCrapScore="2" visitedClasses="0" numClasses="0" visitedMethods="0" numMethods="1" />
              <MetadataToken>100663537</MetadataToken>
              <Name>System.Collections.Generic.IReadOnlyList`1&lt;Internal.Microsoft.Extensions.DependencyModel.RuntimeAssetGroup&gt; Internal.Microsoft.Extensions.DependencyModel.RuntimeLibrary::get_NativeLibraryGroups()</Name>
              <FileRef uid="112" />
              <SequencePoints>
                <SequencePoint vc="0" uspid="2930" ordinal="0" offset="0" sl="104" sc="71" el="104" ec="75" bec="0" bev="0" fileid="112" />
              </SequencePoints>
              <BranchPoints />
              <MethodPoint xsi:type="SequencePoint" vc="0" uspid="2930" ordinal="0" offset="0" sl="104" sc="71" el="104" ec="75" bec="0" bev="0" fileid="112" />
            </Method>
            <Method visited="false" cyclomaticComplexity="1" nPathComplexity="0" sequenceCoverage="0" branchCoverage="0" crapScore="2" isConstructor="false" isStatic="false" isGetter="true" isSetter="false">
              <Summary numSequencePoints="1" visitedSequencePoints="0" numBranchPoints="1" visitedBranchPoints="0" sequenceCoverage="0" branchCoverage="0" maxCyclomaticComplexity="1" minCyclomaticComplexity="1" maxCrapScore="2" minCrapScore="2" visitedClasses="0" numClasses="0" visitedMethods="0" numMethods="1" />
              <MetadataToken>100663538</MetadataToken>
              <Name>System.Collections.Generic.IReadOnlyList`1&lt;Internal.Microsoft.Extensions.DependencyModel.ResourceAssembly&gt; Internal.Microsoft.Extensions.DependencyModel.RuntimeLibrary::get_ResourceAssemblies()</Name>
              <FileRef uid="112" />
              <SequencePoints>
                <SequencePoint vc="0" uspid="2931" ordinal="0" offset="0" sl="106" sc="69" el="106" ec="73" bec="0" bev="0" fileid="112" />
              </SequencePoints>
              <BranchPoints />
              <MethodPoint xsi:type="SequencePoint" vc="0" uspid="2931" ordinal="0" offset="0" sl="106" sc="69" el="106" ec="73" bec="0" bev="0" fileid="112" />
            </Method>
            <Method visited="false" cyclomaticComplexity="1" nPathComplexity="0" sequenceCoverage="0" branchCoverage="0" crapScore="2" isConstructor="true" isStatic="false" isGetter="false" isSetter="false">
              <Summary numSequencePoints="2" visitedSequencePoints="0" numBranchPoints="1" visitedBranchPoints="0" sequenceCoverage="0" branchCoverage="0" maxCyclomaticComplexity="1" minCyclomaticComplexity="1" maxCrapScore="2" minCrapScore="2" visitedClasses="0" numClasses="0" visitedMethods="0" numMethods="1" />
              <MetadataToken>100663533</MetadataToken>
              <Name>System.Void Internal.Microsoft.Extensions.DependencyModel.RuntimeLibrary::.ctor(System.String,System.String,System.String,System.String,System.Collections.Generic.IReadOnlyList`1&lt;Internal.Microsoft.Extensions.DependencyModel.RuntimeAssetGroup&gt;,System.Collections.Generic.IReadOnlyList`1&lt;Internal.Microsoft.Extensions.DependencyModel.RuntimeAssetGroup&gt;,System.Collections.Generic.IEnumerable`1&lt;Internal.Microsoft.Extensions.DependencyModel.ResourceAssembly&gt;,System.Collections.Generic.IEnumerable`1&lt;Internal.Microsoft.Extensions.DependencyModel.Dependency&gt;,System.Boolean)</Name>
              <FileRef uid="112" />
              <SequencePoints>
                <SequencePoint vc="0" uspid="2932" ordinal="0" offset="0" sl="23" sc="15" el="33" ec="34" bec="0" bev="0" fileid="112" />
                <SequencePoint vc="0" uspid="2933" ordinal="1" offset="23" sl="35" sc="9" el="35" ec="10" bec="0" bev="0" fileid="112" />
              </SequencePoints>
              <BranchPoints />
              <MethodPoint xsi:type="SequencePoint" vc="0" uspid="2932" ordinal="0" offset="0" sl="23" sc="15" el="33" ec="34" bec="0" bev="0" fileid="112" />
            </Method>
            <Method visited="false" cyclomaticComplexity="1" nPathComplexity="0" sequenceCoverage="0" branchCoverage="0" crapScore="2" isConstructor="true" isStatic="false" isGetter="false" isSetter="false">
              <Summary numSequencePoints="2" visitedSequencePoints="0" numBranchPoints="1" visitedBranchPoints="0" sequenceCoverage="0" branchCoverage="0" maxCyclomaticComplexity="1" minCyclomaticComplexity="1" maxCrapScore="2" minCrapScore="2" visitedClasses="0" numClasses="0" visitedMethods="0" numMethods="1" />
              <MetadataToken>100663534</MetadataToken>
              <Name>System.Void Internal.Microsoft.Extensions.DependencyModel.RuntimeLibrary::.ctor(System.String,System.String,System.String,System.String,System.Collections.Generic.IReadOnlyList`1&lt;Internal.Microsoft.Extensions.DependencyModel.RuntimeAssetGroup&gt;,System.Collections.Generic.IReadOnlyList`1&lt;Internal.Microsoft.Extensions.DependencyModel.RuntimeAssetGroup&gt;,System.Collections.Generic.IEnumerable`1&lt;Internal.Microsoft.Extensions.DependencyModel.ResourceAssembly&gt;,System.Collections.Generic.IEnumerable`1&lt;Internal.Microsoft.Extensions.DependencyModel.Dependency&gt;,System.Boolean,System.String,System.String)</Name>
              <FileRef uid="112" />
              <SequencePoints>
                <SequencePoint vc="0" uspid="2934" ordinal="0" offset="0" sl="48" sc="15" el="59" ec="51" bec="0" bev="0" fileid="112" />
                <SequencePoint vc="0" uspid="2935" ordinal="1" offset="26" sl="61" sc="10" el="61" ec="11" bec="0" bev="0" fileid="112" />
              </SequencePoints>
              <BranchPoints />
              <MethodPoint xsi:type="SequencePoint" vc="0" uspid="2934" ordinal="0" offset="0" sl="48" sc="15" el="59" ec="51" bec="0" bev="0" fileid="112" />
            </Method>
            <Method visited="false" cyclomaticComplexity="4" nPathComplexity="8" sequenceCoverage="0" branchCoverage="0" crapScore="20" isConstructor="true" isStatic="false" isGetter="false" isSetter="false">
              <Summary numSequencePoints="11" visitedSequencePoints="0" numBranchPoints="7" visitedBranchPoints="0" sequenceCoverage="0" branchCoverage="0" maxCyclomaticComplexity="4" minCyclomaticComplexity="4" maxCrapScore="20" minCrapScore="20" visitedClasses="0" numClasses="0" visitedMethods="0" numMethods="1" />
              <MetadataToken>100663535</MetadataToken>
              <Name>System.Void Internal.Microsoft.Extensions.DependencyModel.RuntimeLibrary::.ctor(System.String,System.String,System.String,System.String,System.Collections.Generic.IReadOnlyList`1&lt;Internal.Microsoft.Extensions.DependencyModel.RuntimeAssetGroup&gt;,System.Collections.Generic.IReadOnlyList`1&lt;Internal.Microsoft.Extensions.DependencyModel.RuntimeAssetGroup&gt;,System.Collections.Generic.IEnumerable`1&lt;Internal.Microsoft.Extensions.DependencyModel.ResourceAssembly&gt;,System.Collections.Generic.IEnumerable`1&lt;Internal.Microsoft.Extensions.DependencyModel.Dependency&gt;,System.Boolean,System.String,System.String,System.String)</Name>
              <FileRef uid="112" />
              <SequencePoints>
                <SequencePoint vc="0" uspid="2936" ordinal="0" offset="0" sl="75" sc="15" el="83" ec="44" bec="0" bev="0" fileid="112" />
                <SequencePoint vc="0" uspid="2937" ordinal="1" offset="21" sl="85" sc="13" el="85" ec="47" bec="2" bev="0" fileid="112" />
                <SequencePoint vc="0" uspid="2938" ordinal="2" offset="25" sl="87" sc="17" el="87" ec="80" bec="0" bev="0" fileid="112" />
                <SequencePoint vc="0" uspid="2939" ordinal="3" offset="36" sl="89" sc="13" el="89" ec="45" bec="2" bev="0" fileid="112" />
                <SequencePoint vc="0" uspid="2940" ordinal="4" offset="40" sl="91" sc="17" el="91" ec="78" bec="0" bev="0" fileid="112" />
                <SequencePoint vc="0" uspid="2941" ordinal="5" offset="51" sl="93" sc="13" el="93" ec="44" bec="2" bev="0" fileid="112" />
                <SequencePoint vc="0" uspid="2942" ordinal="6" offset="55" sl="95" sc="17" el="95" ec="77" bec="0" bev="0" fileid="112" />
                <SequencePoint vc="0" uspid="2943" ordinal="7" offset="66" sl="97" sc="13" el="97" ec="59" bec="0" bev="0" fileid="112" />
                <SequencePoint vc="0" uspid="2944" ordinal="8" offset="74" sl="98" sc="13" el="98" ec="63" bec="0" bev="0" fileid="112" />
                <SequencePoint vc="0" uspid="2945" ordinal="9" offset="87" sl="99" sc="13" el="99" ec="55" bec="0" bev="0" fileid="112" />
                <SequencePoint vc="0" uspid="2946" ordinal="10" offset="95" sl="100" sc="9" el="100" ec="10" bec="0" bev="0" fileid="112" />
              </SequencePoints>
              <BranchPoints>
                <BranchPoint vc="0" uspid="2947" ordinal="0" offset="23" sl="85" path="0" offsetend="25" fileid="112" />
                <BranchPoint vc="0" uspid="2948" ordinal="1" offset="23" sl="85" path="1" offsetend="36" fileid="112" />
                <BranchPoint vc="0" uspid="2949" ordinal="2" offset="38" sl="89" path="0" offsetend="40" fileid="112" />
                <BranchPoint vc="0" uspid="2950" ordinal="3" offset="38" sl="89" path="1" offsetend="51" fileid="112" />
                <BranchPoint vc="0" uspid="2951" ordinal="4" offset="53" sl="93" path="0" offsetend="55" fileid="112" />
                <BranchPoint vc="0" uspid="2952" ordinal="5" offset="53" sl="93" path="1" offsetend="66" fileid="112" />
              </BranchPoints>
              <MethodPoint xsi:type="SequencePoint" vc="0" uspid="2936" ordinal="0" offset="0" sl="75" sc="15" el="83" ec="44" bec="0" bev="0" fileid="112" />
            </Method>
          </Methods>
        </Class>
        <Class>
          <Summary numSequencePoints="12" visitedSequencePoints="0" numBranchPoints="7" visitedBranchPoints="0" sequenceCoverage="0" branchCoverage="0" maxCyclomaticComplexity="2" minCyclomaticComplexity="1" maxCrapScore="6" minCrapScore="2" visitedClasses="0" numClasses="1" visitedMethods="0" numMethods="5" />
          <FullName>Internal.Microsoft.Extensions.DependencyModel.TargetInfo</FullName>
          <Methods>
            <Method visited="false" cyclomaticComplexity="1" nPathComplexity="0" sequenceCoverage="0" branchCoverage="0" crapScore="2" isConstructor="false" isStatic="false" isGetter="true" isSetter="false">
              <Summary numSequencePoints="1" visitedSequencePoints="0" numBranchPoints="1" visitedBranchPoints="0" sequenceCoverage="0" branchCoverage="0" maxCyclomaticComplexity="1" minCyclomaticComplexity="1" maxCrapScore="2" minCrapScore="2" visitedClasses="0" numClasses="0" visitedMethods="0" numMethods="1" />
              <MetadataToken>100663540</MetadataToken>
              <Name>System.String Internal.Microsoft.Extensions.DependencyModel.TargetInfo::get_Framework()</Name>
              <FileRef uid="113" />
              <SequencePoints>
                <SequencePoint vc="0" uspid="2953" ordinal="0" offset="0" sl="28" sc="35" el="28" ec="39" bec="0" bev="0" fileid="113" />
              </SequencePoints>
              <BranchPoints />
              <MethodPoint xsi:type="SequencePoint" vc="0" uspid="2953" ordinal="0" offset="0" sl="28" sc="35" el="28" ec="39" bec="0" bev="0" fileid="113" />
            </Method>
            <Method visited="false" cyclomaticComplexity="1" nPathComplexity="0" sequenceCoverage="0" branchCoverage="0" crapScore="2" isConstructor="false" isStatic="false" isGetter="true" isSetter="false">
              <Summary numSequencePoints="1" visitedSequencePoints="0" numBranchPoints="1" visitedBranchPoints="0" sequenceCoverage="0" branchCoverage="0" maxCyclomaticComplexity="1" minCyclomaticComplexity="1" maxCrapScore="2" minCrapScore="2" visitedClasses="0" numClasses="0" visitedMethods="0" numMethods="1" />
              <MetadataToken>100663541</MetadataToken>
              <Name>System.String Internal.Microsoft.Extensions.DependencyModel.TargetInfo::get_Runtime()</Name>
              <FileRef uid="113" />
              <SequencePoints>
                <SequencePoint vc="0" uspid="2954" ordinal="0" offset="0" sl="30" sc="33" el="30" ec="37" bec="0" bev="0" fileid="113" />
              </SequencePoints>
              <BranchPoints />
              <MethodPoint xsi:type="SequencePoint" vc="0" uspid="2954" ordinal="0" offset="0" sl="30" sc="33" el="30" ec="37" bec="0" bev="0" fileid="113" />
            </Method>
            <Method visited="false" cyclomaticComplexity="1" nPathComplexity="0" sequenceCoverage="0" branchCoverage="0" crapScore="2" isConstructor="false" isStatic="false" isGetter="true" isSetter="false">
              <Summary numSequencePoints="1" visitedSequencePoints="0" numBranchPoints="1" visitedBranchPoints="0" sequenceCoverage="0" branchCoverage="0" maxCyclomaticComplexity="1" minCyclomaticComplexity="1" maxCrapScore="2" minCrapScore="2" visitedClasses="0" numClasses="0" visitedMethods="0" numMethods="1" />
              <MetadataToken>100663542</MetadataToken>
              <Name>System.String Internal.Microsoft.Extensions.DependencyModel.TargetInfo::get_RuntimeSignature()</Name>
              <FileRef uid="113" />
              <SequencePoints>
                <SequencePoint vc="0" uspid="2955" ordinal="0" offset="0" sl="32" sc="42" el="32" ec="46" bec="0" bev="0" fileid="113" />
              </SequencePoints>
              <BranchPoints />
              <MethodPoint xsi:type="SequencePoint" vc="0" uspid="2955" ordinal="0" offset="0" sl="32" sc="42" el="32" ec="46" bec="0" bev="0" fileid="113" />
            </Method>
            <Method visited="false" cyclomaticComplexity="1" nPathComplexity="0" sequenceCoverage="0" branchCoverage="0" crapScore="2" isConstructor="false" isStatic="false" isGetter="true" isSetter="false">
              <Summary numSequencePoints="1" visitedSequencePoints="0" numBranchPoints="1" visitedBranchPoints="0" sequenceCoverage="0" branchCoverage="0" maxCyclomaticComplexity="1" minCyclomaticComplexity="1" maxCrapScore="2" minCrapScore="2" visitedClasses="0" numClasses="0" visitedMethods="0" numMethods="1" />
              <MetadataToken>100663543</MetadataToken>
              <Name>System.Boolean Internal.Microsoft.Extensions.DependencyModel.TargetInfo::get_IsPortable()</Name>
              <FileRef uid="113" />
              <SequencePoints>
                <SequencePoint vc="0" uspid="2956" ordinal="0" offset="0" sl="34" sc="34" el="34" ec="38" bec="0" bev="0" fileid="113" />
              </SequencePoints>
              <BranchPoints />
              <MethodPoint xsi:type="SequencePoint" vc="0" uspid="2956" ordinal="0" offset="0" sl="34" sc="34" el="34" ec="38" bec="0" bev="0" fileid="113" />
            </Method>
            <Method visited="false" cyclomaticComplexity="2" nPathComplexity="2" sequenceCoverage="0" branchCoverage="0" crapScore="6" isConstructor="true" isStatic="false" isGetter="false" isSetter="false">
              <Summary numSequencePoints="8" visitedSequencePoints="0" numBranchPoints="3" visitedBranchPoints="0" sequenceCoverage="0" branchCoverage="0" maxCyclomaticComplexity="2" minCyclomaticComplexity="2" maxCrapScore="6" minCrapScore="6" visitedClasses="0" numClasses="0" visitedMethods="0" numMethods="1" />
              <MetadataToken>100663539</MetadataToken>
              <Name>System.Void Internal.Microsoft.Extensions.DependencyModel.TargetInfo::.ctor(System.String,System.String,System.String,System.Boolean)</Name>
              <FileRef uid="113" />
              <SequencePoints>
                <SequencePoint vc="0" uspid="2957" ordinal="0" offset="0" sl="12" sc="9" el="15" ec="29" bec="0" bev="0" fileid="113" />
                <SequencePoint vc="0" uspid="2958" ordinal="1" offset="6" sl="17" sc="13" el="17" ec="49" bec="2" bev="0" fileid="113" />
                <SequencePoint vc="0" uspid="2959" ordinal="2" offset="14" sl="19" sc="17" el="19" ec="64" bec="0" bev="0" fileid="113" />
                <SequencePoint vc="0" uspid="2960" ordinal="3" offset="25" sl="22" sc="13" el="22" ec="35" bec="0" bev="0" fileid="113" />
                <SequencePoint vc="0" uspid="2961" ordinal="4" offset="32" sl="23" sc="13" el="23" ec="31" bec="0" bev="0" fileid="113" />
                <SequencePoint vc="0" uspid="2962" ordinal="5" offset="39" sl="24" sc="13" el="24" ec="49" bec="0" bev="0" fileid="113" />
                <SequencePoint vc="0" uspid="2963" ordinal="6" offset="46" sl="25" sc="13" el="25" ec="37" bec="0" bev="0" fileid="113" />
                <SequencePoint vc="0" uspid="2964" ordinal="7" offset="54" sl="26" sc="9" el="26" ec="10" bec="0" bev="0" fileid="113" />
              </SequencePoints>
              <BranchPoints>
                <BranchPoint vc="0" uspid="2965" ordinal="0" offset="12" sl="17" path="0" offsetend="14" fileid="113" />
                <BranchPoint vc="0" uspid="2966" ordinal="1" offset="12" sl="17" path="1" offsetend="25" fileid="113" />
              </BranchPoints>
              <MethodPoint xsi:type="SequencePoint" vc="0" uspid="2957" ordinal="0" offset="0" sl="12" sc="9" el="15" ec="29" bec="0" bev="0" fileid="113" />
            </Method>
          </Methods>
        </Class>
        <Class>
          <Summary numSequencePoints="49" visitedSequencePoints="0" numBranchPoints="34" visitedBranchPoints="0" sequenceCoverage="0" branchCoverage="0" maxCyclomaticComplexity="18" minCyclomaticComplexity="1" maxCrapScore="342" minCrapScore="2" visitedClasses="0" numClasses="1" visitedMethods="0" numMethods="6" />
          <FullName>Internal.Microsoft.Extensions.DependencyModel.Resolution.AppBaseCompilationAssemblyResolver</FullName>
          <Methods>
            <Method visited="false" cyclomaticComplexity="1" nPathComplexity="0" sequenceCoverage="0" branchCoverage="0" crapScore="2" isConstructor="true" isStatic="false" isGetter="false" isSetter="false">
              <Summary numSequencePoints="2" visitedSequencePoints="0" numBranchPoints="1" visitedBranchPoints="0" sequenceCoverage="0" branchCoverage="0" maxCyclomaticComplexity="1" minCyclomaticComplexity="1" maxCrapScore="2" minCrapScore="2" visitedClasses="0" numClasses="0" visitedMethods="0" numMethods="1" />
              <MetadataToken>100663544</MetadataToken>
              <Name>System.Void Internal.Microsoft.Extensions.DependencyModel.Resolution.AppBaseCompilationAssemblyResolver::.ctor()</Name>
              <FileRef uid="114" />
              <SequencePoints>
                <SequencePoint vc="0" uspid="2967" ordinal="0" offset="0" sl="21" sc="15" el="21" ec="46" bec="0" bev="0" fileid="114" />
                <SequencePoint vc="0" uspid="2968" ordinal="1" offset="11" sl="23" sc="9" el="23" ec="10" bec="0" bev="0" fileid="114" />
              </SequencePoints>
              <BranchPoints />
              <MethodPoint xsi:type="SequencePoint" vc="0" uspid="2967" ordinal="0" offset="0" sl="21" sc="15" el="21" ec="46" bec="0" bev="0" fileid="114" />
            </Method>
            <Method visited="false" cyclomaticComplexity="1" nPathComplexity="0" sequenceCoverage="0" branchCoverage="0" crapScore="2" isConstructor="true" isStatic="false" isGetter="false" isSetter="false">
              <Summary numSequencePoints="2" visitedSequencePoints="0" numBranchPoints="1" visitedBranchPoints="0" sequenceCoverage="0" branchCoverage="0" maxCyclomaticComplexity="1" minCyclomaticComplexity="1" maxCrapScore="2" minCrapScore="2" visitedClasses="0" numClasses="0" visitedMethods="0" numMethods="1" />
              <MetadataToken>100663545</MetadataToken>
              <Name>System.Void Internal.Microsoft.Extensions.DependencyModel.Resolution.AppBaseCompilationAssemblyResolver::.ctor(System.String)</Name>
              <FileRef uid="114" />
              <SequencePoints>
                <SequencePoint vc="0" uspid="2969" ordinal="0" offset="0" sl="26" sc="15" el="26" ec="88" bec="0" bev="0" fileid="114" />
                <SequencePoint vc="0" uspid="2970" ordinal="1" offset="17" sl="28" sc="9" el="28" ec="10" bec="0" bev="0" fileid="114" />
              </SequencePoints>
              <BranchPoints />
              <MethodPoint xsi:type="SequencePoint" vc="0" uspid="2969" ordinal="0" offset="0" sl="26" sc="15" el="26" ec="88" bec="0" bev="0" fileid="114" />
            </Method>
            <Method visited="false" cyclomaticComplexity="1" nPathComplexity="0" sequenceCoverage="0" branchCoverage="0" crapScore="2" isConstructor="true" isStatic="false" isGetter="false" isSetter="false">
              <Summary numSequencePoints="2" visitedSequencePoints="0" numBranchPoints="1" visitedBranchPoints="0" sequenceCoverage="0" branchCoverage="0" maxCyclomaticComplexity="1" minCyclomaticComplexity="1" maxCrapScore="2" minCrapScore="2" visitedClasses="0" numClasses="0" visitedMethods="0" numMethods="1" />
              <MetadataToken>100663546</MetadataToken>
              <Name>System.Void Internal.Microsoft.Extensions.DependencyModel.Resolution.AppBaseCompilationAssemblyResolver::.ctor(Internal.Microsoft.Extensions.DependencyModel.IFileSystem)</Name>
              <FileRef uid="114" />
              <SequencePoints>
                <SequencePoint vc="0" uspid="2971" ordinal="0" offset="0" sl="31" sc="15" el="31" ec="107" bec="0" bev="0" fileid="114" />
                <SequencePoint vc="0" uspid="2972" ordinal="1" offset="17" sl="33" sc="9" el="33" ec="10" bec="0" bev="0" fileid="114" />
              </SequencePoints>
              <BranchPoints />
              <MethodPoint xsi:type="SequencePoint" vc="0" uspid="2971" ordinal="0" offset="0" sl="31" sc="15" el="31" ec="107" bec="0" bev="0" fileid="114" />
            </Method>
            <Method visited="false" cyclomaticComplexity="1" nPathComplexity="0" sequenceCoverage="0" branchCoverage="0" crapScore="2" isConstructor="true" isStatic="false" isGetter="false" isSetter="false">
              <Summary numSequencePoints="5" visitedSequencePoints="0" numBranchPoints="1" visitedBranchPoints="0" sequenceCoverage="0" branchCoverage="0" maxCyclomaticComplexity="1" minCyclomaticComplexity="1" maxCrapScore="2" minCrapScore="2" visitedClasses="0" numClasses="0" visitedMethods="0" numMethods="1" />
              <MetadataToken>100663547</MetadataToken>
              <Name>System.Void Internal.Microsoft.Extensions.DependencyModel.Resolution.AppBaseCompilationAssemblyResolver::.ctor(Internal.Microsoft.Extensions.DependencyModel.IFileSystem,System.String,Internal.Microsoft.Extensions.DependencyModel.DependencyContextPaths)</Name>
              <FileRef uid="114" />
              <SequencePoints>
                <SequencePoint vc="0" uspid="2973" ordinal="0" offset="0" sl="35" sc="9" el="35" ec="140" bec="0" bev="0" fileid="114" />
                <SequencePoint vc="0" uspid="2974" ordinal="1" offset="6" sl="37" sc="13" el="37" ec="38" bec="0" bev="0" fileid="114" />
                <SequencePoint vc="0" uspid="2975" ordinal="2" offset="13" sl="38" sc="13" el="38" ec="34" bec="0" bev="0" fileid="114" />
                <SequencePoint vc="0" uspid="2976" ordinal="3" offset="20" sl="39" sc="13" el="39" ec="62" bec="0" bev="0" fileid="114" />
                <SequencePoint vc="0" uspid="2977" ordinal="4" offset="27" sl="40" sc="9" el="40" ec="10" bec="0" bev="0" fileid="114" />
              </SequencePoints>
              <BranchPoints />
              <MethodPoint xsi:type="SequencePoint" vc="0" uspid="2973" ordinal="0" offset="0" sl="35" sc="9" el="35" ec="140" bec="0" bev="0" fileid="114" />
            </Method>
            <Method visited="false" cyclomaticComplexity="18" nPathComplexity="16384" sequenceCoverage="0" branchCoverage="0" crapScore="342" isConstructor="false" isStatic="false" isGetter="false" isSetter="false">
              <Summary numSequencePoints="37" visitedSequencePoints="0" numBranchPoints="29" visitedBranchPoints="0" sequenceCoverage="0" branchCoverage="0" maxCyclomaticComplexity="18" minCyclomaticComplexity="18" maxCrapScore="342" minCrapScore="342" visitedClasses="0" numClasses="0" visitedMethods="0" numMethods="1" />
              <MetadataToken>100663548</MetadataToken>
              <Name>System.Boolean Internal.Microsoft.Extensions.DependencyModel.Resolution.AppBaseCompilationAssemblyResolver::TryResolveAssemblyPaths(Internal.Microsoft.Extensions.DependencyModel.CompilationLibrary,System.Collections.Generic.List`1&lt;System.String&gt;)</Name>
              <FileRef uid="114" />
              <SequencePoints>
                <SequencePoint vc="0" uspid="2978" ordinal="0" offset="0" sl="44" sc="13" el="45" ec="99" bec="2" bev="0" fileid="114" />
                <SequencePoint vc="0" uspid="2979" ordinal="1" offset="39" sl="47" sc="13" el="47" ec="104" bec="0" bev="0" fileid="114" />
                <SequencePoint vc="0" uspid="2980" ordinal="2" offset="57" sl="48" sc="13" el="48" ec="124" bec="0" bev="0" fileid="114" />
                <SequencePoint vc="0" uspid="2981" ordinal="3" offset="75" sl="49" sc="13" el="52" ec="95" bec="5" bev="0" fileid="114" />
                <SequencePoint vc="0" uspid="2982" ordinal="4" offset="102" sl="54" sc="17" el="54" ec="30" bec="0" bev="0" fileid="114" />
                <SequencePoint vc="0" uspid="2983" ordinal="5" offset="104" sl="57" sc="13" el="57" ec="71" bec="0" bev="0" fileid="114" />
                <SequencePoint vc="0" uspid="2984" ordinal="6" offset="121" sl="58" sc="13" el="58" ec="70" bec="0" bev="0" fileid="114" />
                <SequencePoint vc="0" uspid="2985" ordinal="7" offset="139" sl="61" sc="13" el="61" ec="53" bec="3" bev="0" fileid="114" />
                <SequencePoint vc="0" uspid="2986" ordinal="8" offset="145" sl="63" sc="17" el="63" ec="30" bec="0" bev="0" fileid="114" />
                <SequencePoint vc="0" uspid="2987" ordinal="9" offset="147" sl="66" sc="13" el="69" ec="15" bec="0" bev="0" fileid="114" />
                <SequencePoint vc="0" uspid="2988" ordinal="10" offset="166" sl="71" sc="13" el="71" ec="29" bec="2" bev="0" fileid="114" />
                <SequencePoint vc="0" uspid="2989" ordinal="11" offset="169" sl="73" sc="17" el="73" ec="49" bec="0" bev="0" fileid="114" />
                <SequencePoint vc="0" uspid="2990" ordinal="12" offset="178" sl="77" sc="13" el="77" ec="68" bec="0" bev="0" fileid="114" />
                <SequencePoint vc="0" uspid="2991" ordinal="13" offset="191" sl="78" sc="13" el="78" ec="79" bec="3" bev="0" fileid="114" />
                <SequencePoint vc="0" uspid="2992" ordinal="14" offset="205" sl="80" sc="17" el="80" ec="73" bec="0" bev="0" fileid="114" />
                <SequencePoint vc="0" uspid="2993" ordinal="15" offset="214" sl="81" sc="17" el="81" ec="83" bec="0" bev="0" fileid="114" />
                <SequencePoint vc="0" uspid="2994" ordinal="16" offset="228" sl="82" sc="17" el="82" ec="62" bec="2" bev="0" fileid="114" />
                <SequencePoint vc="0" uspid="2995" ordinal="17" offset="248" sl="84" sc="21" el="84" ec="49" bec="0" bev="0" fileid="114" />
                <SequencePoint vc="0" uspid="2996" ordinal="18" offset="257" sl="86" sc="17" el="86" ec="50" bec="0" bev="0" fileid="114" />
                <SequencePoint vc="0" uspid="2997" ordinal="19" offset="266" sl="89" sc="13" el="89" ec="44" bec="0" bev="0" fileid="114" />
                <SequencePoint vc="0" uspid="2998" ordinal="20" offset="273" sl="91" sc="38" el="91" ec="56" bec="0" bev="0" fileid="114" />
                <SequencePoint vc="0" uspid="2999" ordinal="21" offset="288" sl="91" sc="22" el="91" ec="34" bec="0" bev="0" fileid="114" />
                <SequencePoint vc="0" uspid="3000" ordinal="22" offset="295" sl="93" sc="17" el="93" ec="39" bec="0" bev="0" fileid="114" />
                <SequencePoint vc="0" uspid="3001" ordinal="23" offset="298" sl="94" sc="17" el="94" ec="63" bec="0" bev="0" fileid="114" />
                <SequencePoint vc="0" uspid="3002" ordinal="24" offset="305" sl="95" sc="43" el="95" ec="54" bec="0" bev="0" fileid="114" />
                <SequencePoint vc="0" uspid="3003" ordinal="25" offset="316" sl="95" sc="26" el="95" ec="39" bec="0" bev="0" fileid="114" />
                <SequencePoint vc="0" uspid="3004" ordinal="26" offset="325" sl="98" sc="21" el="98" ec="114" bec="2" bev="0" fileid="114" />
                <SequencePoint vc="0" uspid="3005" ordinal="27" offset="344" sl="100" sc="25" el="100" ec="45" bec="0" bev="0" fileid="114" />
                <SequencePoint vc="0" uspid="3006" ordinal="28" offset="353" sl="101" sc="25" el="101" ec="41" bec="0" bev="0" fileid="114" />
                <SequencePoint vc="0" uspid="3007" ordinal="29" offset="356" sl="102" sc="25" el="102" ec="31" bec="0" bev="0" fileid="114" />
                <SequencePoint vc="0" uspid="3008" ordinal="30" offset="358" sl="95" sc="40" el="95" ec="42" bec="0" bev="0" fileid="114" />
                <SequencePoint vc="0" uspid="3009" ordinal="31" offset="383" sl="106" sc="17" el="106" ec="31" bec="2" bev="0" fileid="114" />
                <SequencePoint vc="0" uspid="3010" ordinal="32" offset="387" sl="108" sc="21" el="108" ec="34" bec="0" bev="0" fileid="114" />
                <SequencePoint vc="0" uspid="3011" ordinal="33" offset="392" sl="91" sc="35" el="91" ec="37" bec="0" bev="0" fileid="114" />
                <SequencePoint vc="0" uspid="3012" ordinal="34" offset="415" sl="113" sc="13" el="113" ec="41" bec="2" bev="0" fileid="114" />
                <SequencePoint vc="0" uspid="3013" ordinal="35" offset="426" sl="114" sc="13" el="114" ec="25" bec="0" bev="0" fileid="114" />
                <SequencePoint vc="0" uspid="3014" ordinal="36" offset="428" sl="115" sc="9" el="115" ec="10" bec="0" bev="0" fileid="114" />
              </SequencePoints>
              <BranchPoints>
                <BranchPoint vc="0" uspid="3015" ordinal="0" offset="17" sl="44" path="0" offsetend="19" fileid="114" />
                <BranchPoint vc="0" uspid="3016" ordinal="1" offset="17" sl="44" path="1" offsetend="38" fileid="114" />
                <BranchPoint vc="0" uspid="3017" ordinal="2" offset="75" sl="49" path="0" offsetend="77" fileid="114" />
                <BranchPoint vc="0" uspid="3018" ordinal="3" offset="75" sl="49" path="1" offsetend="104" fileid="114" />
                <BranchPoint vc="0" uspid="3019" ordinal="4" offset="78" sl="49" path="0" offsetend="80" fileid="114" />
                <BranchPoint vc="0" uspid="3020" ordinal="5" offset="78" sl="49" path="1" offsetend="104" fileid="114" />
                <BranchPoint vc="0" uspid="3021" ordinal="6" offset="81" sl="49" path="0" offsetend="83" fileid="114" />
                <BranchPoint vc="0" uspid="3022" ordinal="7" offset="81" sl="49" path="1" offsetend="104" fileid="114" />
                <BranchPoint vc="0" uspid="3023" ordinal="8" offset="100" sl="49" path="0" offsetend="102" fileid="114" />
                <BranchPoint vc="0" uspid="3024" ordinal="9" offset="100" sl="49" path="1" offsetend="104" fileid="114" />
                <BranchPoint vc="0" uspid="3025" ordinal="10" offset="140" sl="61" path="0" offsetend="142" fileid="114" />
                <BranchPoint vc="0" uspid="3026" ordinal="11" offset="140" sl="61" path="1" offsetend="147" fileid="114" />
                <BranchPoint vc="0" uspid="3027" ordinal="12" offset="143" sl="61" path="0" offsetend="145" fileid="114" />
                <BranchPoint vc="0" uspid="3028" ordinal="13" offset="143" sl="61" path="1" offsetend="147" fileid="114" />
                <BranchPoint vc="0" uspid="3029" ordinal="14" offset="167" sl="71" path="0" offsetend="169" fileid="114" />
                <BranchPoint vc="0" uspid="3030" ordinal="15" offset="167" sl="71" path="1" offsetend="178" fileid="114" />
                <BranchPoint vc="0" uspid="3031" ordinal="16" offset="194" sl="78" path="0" offsetend="196" fileid="114" />
                <BranchPoint vc="0" uspid="3032" ordinal="17" offset="194" sl="78" path="1" offsetend="266" fileid="114" />
                <BranchPoint vc="0" uspid="3033" ordinal="18" offset="203" sl="78" path="0" offsetend="205" fileid="114" />
                <BranchPoint vc="0" uspid="3034" ordinal="19" offset="203" sl="78" path="1" offsetend="266" fileid="114" />
                <BranchPoint vc="0" uspid="3035" ordinal="20" offset="246" sl="82" path="0" offsetend="248" fileid="114" />
                <BranchPoint vc="0" uspid="3036" ordinal="21" offset="246" sl="82" path="1" offsetend="257" fileid="114" />
                <BranchPoint vc="0" uspid="3037" ordinal="22" offset="342" sl="98" path="0" offsetend="344" fileid="114" />
                <BranchPoint vc="0" uspid="3038" ordinal="23" offset="342" sl="98" path="1" offsetend="358" fileid="114" />
                <BranchPoint vc="0" uspid="3041" ordinal="26" offset="385" sl="106" path="0" offsetend="387" fileid="114" />
                <BranchPoint vc="0" uspid="3042" ordinal="27" offset="385" sl="106" path="1" offsetend="392" fileid="114" />
                <BranchPoint vc="0" uspid="3045" ordinal="30" offset="416" sl="113" path="0" offsetend="418" fileid="114" />
                <BranchPoint vc="0" uspid="3046" ordinal="31" offset="416" sl="113" path="1" offsetend="426" fileid="114" />
              </BranchPoints>
              <MethodPoint xsi:type="SequencePoint" vc="0" uspid="2978" ordinal="0" offset="0" sl="44" sc="13" el="45" ec="99" bec="2" bev="0" fileid="114" />
            </Method>
            <Method visited="false" cyclomaticComplexity="1" nPathComplexity="0" sequenceCoverage="0" branchCoverage="0" crapScore="2" isConstructor="true" isStatic="true" isGetter="false" isSetter="false">
              <Summary numSequencePoints="1" visitedSequencePoints="0" numBranchPoints="1" visitedBranchPoints="0" sequenceCoverage="0" branchCoverage="0" maxCyclomaticComplexity="1" minCyclomaticComplexity="1" maxCrapScore="2" minCrapScore="2" visitedClasses="0" numClasses="0" visitedMethods="0" numMethods="1" />
              <MetadataToken>100663549</MetadataToken>
              <Name>System.Void Internal.Microsoft.Extensions.DependencyModel.Resolution.AppBaseCompilationAssemblyResolver::.cctor()</Name>
              <FileRef uid="114" />
              <SequencePoints>
                <SequencePoint vc="0" uspid="3047" ordinal="0" offset="0" sl="15" sc="9" el="15" ec="58" bec="0" bev="0" fileid="114" />
              </SequencePoints>
              <BranchPoints />
              <MethodPoint xsi:type="SequencePoint" vc="0" uspid="3047" ordinal="0" offset="0" sl="15" sc="9" el="15" ec="58" bec="0" bev="0" fileid="114" />
            </Method>
          </Methods>
        </Class>
        <Class>
          <Summary numSequencePoints="9" visitedSequencePoints="0" numBranchPoints="4" visitedBranchPoints="0" sequenceCoverage="0" branchCoverage="0" maxCyclomaticComplexity="3" minCyclomaticComplexity="1" maxCrapScore="12" minCrapScore="2" visitedClasses="0" numClasses="1" visitedMethods="0" numMethods="2" />
          <FullName>Internal.Microsoft.Extensions.DependencyModel.Resolution.CompositeCompilationAssemblyResolver</FullName>
          <Methods>
            <Method visited="false" cyclomaticComplexity="1" nPathComplexity="0" sequenceCoverage="0" branchCoverage="0" crapScore="2" isConstructor="true" isStatic="false" isGetter="false" isSetter="false">
              <Summary numSequencePoints="3" visitedSequencePoints="0" numBranchPoints="1" visitedBranchPoints="0" sequenceCoverage="0" branchCoverage="0" maxCyclomaticComplexity="1" minCyclomaticComplexity="1" maxCrapScore="2" minCrapScore="2" visitedClasses="0" numClasses="0" visitedMethods="0" numMethods="1" />
              <MetadataToken>100663550</MetadataToken>
              <Name>System.Void Internal.Microsoft.Extensions.DependencyModel.Resolution.CompositeCompilationAssemblyResolver::.ctor(Internal.Microsoft.Extensions.DependencyModel.Resolution.ICompilationAssemblyResolver[])</Name>
              <FileRef uid="115" />
              <SequencePoints>
                <SequencePoint vc="0" uspid="3048" ordinal="0" offset="0" sl="14" sc="9" el="14" ec="94" bec="0" bev="0" fileid="115" />
                <SequencePoint vc="0" uspid="3049" ordinal="1" offset="6" sl="16" sc="13" el="16" ec="36" bec="0" bev="0" fileid="115" />
                <SequencePoint vc="0" uspid="3050" ordinal="2" offset="13" sl="17" sc="9" el="17" ec="10" bec="0" bev="0" fileid="115" />
              </SequencePoints>
              <BranchPoints />
              <MethodPoint xsi:type="SequencePoint" vc="0" uspid="3048" ordinal="0" offset="0" sl="14" sc="9" el="14" ec="94" bec="0" bev="0" fileid="115" />
            </Method>
            <Method visited="false" cyclomaticComplexity="3" nPathComplexity="2" sequenceCoverage="0" branchCoverage="0" crapScore="12" isConstructor="false" isStatic="false" isGetter="false" isSetter="false">
              <Summary numSequencePoints="6" visitedSequencePoints="0" numBranchPoints="3" visitedBranchPoints="0" sequenceCoverage="0" branchCoverage="0" maxCyclomaticComplexity="3" minCyclomaticComplexity="3" maxCrapScore="12" minCrapScore="12" visitedClasses="0" numClasses="0" visitedMethods="0" numMethods="1" />
              <MetadataToken>100663551</MetadataToken>
              <Name>System.Boolean Internal.Microsoft.Extensions.DependencyModel.Resolution.CompositeCompilationAssemblyResolver::TryResolveAssemblyPaths(Internal.Microsoft.Extensions.DependencyModel.CompilationLibrary,System.Collections.Generic.List`1&lt;System.String&gt;)</Name>
              <FileRef uid="115" />
              <SequencePoints>
                <SequencePoint vc="0" uspid="3051" ordinal="0" offset="0" sl="21" sc="38" el="21" ec="48" bec="0" bev="0" fileid="115" />
                <SequencePoint vc="0" uspid="3052" ordinal="1" offset="11" sl="21" sc="22" el="21" ec="34" bec="0" bev="0" fileid="115" />
                <SequencePoint vc="0" uspid="3053" ordinal="2" offset="14" sl="23" sc="17" el="23" ec="75" bec="2" bev="0" fileid="115" />
                <SequencePoint vc="0" uspid="3054" ordinal="3" offset="23" sl="25" sc="21" el="25" ec="33" bec="0" bev="0" fileid="115" />
                <SequencePoint vc="0" uspid="3055" ordinal="4" offset="29" sl="21" sc="35" el="21" ec="37" bec="0" bev="0" fileid="115" />
                <SequencePoint vc="0" uspid="3056" ordinal="5" offset="35" sl="28" sc="13" el="28" ec="26" bec="0" bev="0" fileid="115" />
              </SequencePoints>
              <BranchPoints>
                <BranchPoint vc="0" uspid="3057" ordinal="0" offset="21" sl="23" path="0" offsetend="23" fileid="115" />
                <BranchPoint vc="0" uspid="3058" ordinal="1" offset="21" sl="23" path="1" offsetend="25" fileid="115" />
              </BranchPoints>
              <MethodPoint xsi:type="SequencePoint" vc="0" uspid="3051" ordinal="0" offset="0" sl="21" sc="38" el="21" ec="48" bec="0" bev="0" fileid="115" />
            </Method>
          </Methods>
        </Class>
        <Class>
          <Summary numSequencePoints="16" visitedSequencePoints="0" numBranchPoints="16" visitedBranchPoints="0" sequenceCoverage="0" branchCoverage="0" maxCyclomaticComplexity="6" minCyclomaticComplexity="1" maxCrapScore="42" minCrapScore="2" visitedClasses="0" numClasses="1" visitedMethods="0" numMethods="4" />
          <FullName>Internal.Microsoft.Extensions.DependencyModel.Resolution.DotNetReferenceAssembliesPathResolver</FullName>
          <Methods>
            <Method visited="false" cyclomaticComplexity="2" nPathComplexity="2" sequenceCoverage="0" branchCoverage="0" crapScore="6" isConstructor="false" isStatic="true" isGetter="false" isSetter="false">
              <Summary numSequencePoints="4" visitedSequencePoints="0" numBranchPoints="3" visitedBranchPoints="0" sequenceCoverage="0" branchCoverage="0" maxCyclomaticComplexity="2" minCyclomaticComplexity="2" maxCrapScore="6" minCrapScore="6" visitedClasses="0" numClasses="0" visitedMethods="0" numMethods="1" />
              <MetadataToken>100663552</MetadataToken>
              <Name>System.String Internal.Microsoft.Extensions.DependencyModel.Resolution.DotNetReferenceAssembliesPathResolver::Resolve(Internal.Microsoft.Extensions.DependencyModel.IEnvironment,Internal.Microsoft.Extensions.DependencyModel.IFileSystem)</Name>
              <FileRef uid="116" />
              <SequencePoints>
                <SequencePoint vc="0" uspid="3061" ordinal="0" offset="0" sl="16" sc="13" el="16" ec="92" bec="0" bev="0" fileid="116" />
                <SequencePoint vc="0" uspid="3062" ordinal="1" offset="12" sl="17" sc="13" el="17" ec="45" bec="2" bev="0" fileid="116" />
                <SequencePoint vc="0" uspid="3063" ordinal="2" offset="20" sl="19" sc="17" el="19" ec="29" bec="0" bev="0" fileid="116" />
                <SequencePoint vc="0" uspid="3064" ordinal="3" offset="22" sl="22" sc="13" el="22" ec="72" bec="0" bev="0" fileid="116" />
              </SequencePoints>
              <BranchPoints>
                <BranchPoint vc="0" uspid="3065" ordinal="0" offset="18" sl="17" path="0" offsetend="20" fileid="116" />
                <BranchPoint vc="0" uspid="3066" ordinal="1" offset="18" sl="17" path="1" offsetend="22" fileid="116" />
              </BranchPoints>
              <MethodPoint xsi:type="SequencePoint" vc="0" uspid="3061" ordinal="0" offset="0" sl="16" sc="13" el="16" ec="92" bec="0" bev="0" fileid="116" />
            </Method>
            <Method visited="false" cyclomaticComplexity="1" nPathComplexity="0" sequenceCoverage="0" branchCoverage="0" crapScore="2" isConstructor="false" isStatic="true" isGetter="false" isSetter="false">
              <Summary numSequencePoints="1" visitedSequencePoints="0" numBranchPoints="1" visitedBranchPoints="0" sequenceCoverage="0" branchCoverage="0" maxCyclomaticComplexity="1" minCyclomaticComplexity="1" maxCrapScore="2" minCrapScore="2" visitedClasses="0" numClasses="0" visitedMethods="0" numMethods="1" />
              <MetadataToken>100663553</MetadataToken>
              <Name>System.String Internal.Microsoft.Extensions.DependencyModel.Resolution.DotNetReferenceAssembliesPathResolver::Resolve()</Name>
              <FileRef uid="116" />
              <SequencePoints>
                <SequencePoint vc="0" uspid="3067" ordinal="0" offset="0" sl="27" sc="13" el="27" ec="83" bec="0" bev="0" fileid="116" />
              </SequencePoints>
              <BranchPoints />
              <MethodPoint xsi:type="SequencePoint" vc="0" uspid="3067" ordinal="0" offset="0" sl="27" sc="13" el="27" ec="83" bec="0" bev="0" fileid="116" />
            </Method>
            <Method visited="false" cyclomaticComplexity="6" nPathComplexity="32" sequenceCoverage="0" branchCoverage="0" crapScore="42" isConstructor="false" isStatic="true" isGetter="false" isSetter="false">
              <Summary numSequencePoints="10" visitedSequencePoints="0" numBranchPoints="11" visitedBranchPoints="0" sequenceCoverage="0" branchCoverage="0" maxCyclomaticComplexity="6" minCyclomaticComplexity="6" maxCrapScore="42" minCrapScore="42" visitedClasses="0" numClasses="0" visitedMethods="0" numMethods="1" />
              <MetadataToken>100663554</MetadataToken>
              <Name>System.String Internal.Microsoft.Extensions.DependencyModel.Resolution.DotNetReferenceAssembliesPathResolver::GetDefaultDotNetReferenceAssembliesPath(Internal.Microsoft.Extensions.DependencyModel.IFileSystem)</Name>
              <FileRef uid="116" />
              <SequencePoints>
                <SequencePoint vc="0" uspid="3068" ordinal="0" offset="0" sl="32" sc="13" el="32" ec="65" bec="0" bev="0" fileid="116" />
                <SequencePoint vc="0" uspid="3069" ordinal="1" offset="6" sl="34" sc="13" el="34" ec="40" bec="2" bev="0" fileid="116" />
                <SequencePoint vc="0" uspid="3070" ordinal="2" offset="10" sl="36" sc="17" el="36" ec="29" bec="0" bev="0" fileid="116" />
                <SequencePoint vc="0" uspid="3071" ordinal="3" offset="12" sl="39" sc="13" el="40" ec="127" bec="3" bev="0" fileid="116" />
                <SequencePoint vc="0" uspid="3072" ordinal="4" offset="34" sl="42" sc="17" el="42" ec="105" bec="0" bev="0" fileid="116" />
                <SequencePoint vc="0" uspid="3073" ordinal="5" offset="40" sl="45" sc="13" el="45" ec="86" bec="2" bev="0" fileid="116" />
                <SequencePoint vc="0" uspid="3074" ordinal="6" offset="58" sl="47" sc="17" el="47" ec="64" bec="0" bev="0" fileid="116" />
                <SequencePoint vc="0" uspid="3075" ordinal="7" offset="64" sl="50" sc="13" el="50" ec="80" bec="2" bev="0" fileid="116" />
                <SequencePoint vc="0" uspid="3076" ordinal="8" offset="82" sl="52" sc="17" el="52" ec="58" bec="0" bev="0" fileid="116" />
                <SequencePoint vc="0" uspid="3077" ordinal="9" offset="88" sl="55" sc="13" el="55" ec="25" bec="0" bev="0" fileid="116" />
              </SequencePoints>
              <BranchPoints>
                <BranchPoint vc="0" uspid="3078" ordinal="0" offset="8" sl="34" path="0" offsetend="10" fileid="116" />
                <BranchPoint vc="0" uspid="3079" ordinal="1" offset="8" sl="34" path="1" offsetend="12" fileid="116" />
                <BranchPoint vc="0" uspid="3080" ordinal="2" offset="14" sl="39" path="0" offsetend="16" fileid="116" />
                <BranchPoint vc="0" uspid="3081" ordinal="3" offset="14" sl="39" path="1" offsetend="40" fileid="116" />
                <BranchPoint vc="0" uspid="3082" ordinal="4" offset="32" sl="39" path="0" offsetend="34" fileid="116" />
                <BranchPoint vc="0" uspid="3083" ordinal="5" offset="32" sl="39" path="1" offsetend="40" fileid="116" />
                <BranchPoint vc="0" uspid="3084" ordinal="6" offset="56" sl="45" path="0" offsetend="58" fileid="116" />
                <BranchPoint vc="0" uspid="3085" ordinal="7" offset="56" sl="45" path="1" offsetend="64" fileid="116" />
                <BranchPoint vc="0" uspid="3086" ordinal="8" offset="80" sl="50" path="0" offsetend="82" fileid="116" />
                <BranchPoint vc="0" uspid="3087" ordinal="9" offset="80" sl="50" path="1" offsetend="88" fileid="116" />
              </BranchPoints>
              <MethodPoint xsi:type="SequencePoint" vc="0" uspid="3068" ordinal="0" offset="0" sl="32" sc="13" el="32" ec="65" bec="0" bev="0" fileid="116" />
            </Method>
            <Method visited="false" cyclomaticComplexity="1" nPathComplexity="0" sequenceCoverage="0" branchCoverage="0" crapScore="2" isConstructor="true" isStatic="false" isGetter="false" isSetter="false">
              <Summary numSequencePoints="0" visitedSequencePoints="0" numBranchPoints="0" visitedBranchPoints="0" sequenceCoverage="0" branchCoverage="0" maxCyclomaticComplexity="1" minCyclomaticComplexity="1" maxCrapScore="2" minCrapScore="2" visitedClasses="0" numClasses="0" visitedMethods="0" numMethods="0" />
              <MetadataToken>100663555</MetadataToken>
              <Name>System.Void Internal.Microsoft.Extensions.DependencyModel.Resolution.DotNetReferenceAssembliesPathResolver::.ctor()</Name>
              <SequencePoints />
              <BranchPoints />
              <MethodPoint vc="0" uspid="3088" ordinal="0" offset="0" />
            </Method>
            <Method visited="false" cyclomaticComplexity="1" nPathComplexity="0" sequenceCoverage="0" branchCoverage="0" crapScore="2" isConstructor="true" isStatic="true" isGetter="false" isSetter="false">
              <Summary numSequencePoints="1" visitedSequencePoints="0" numBranchPoints="1" visitedBranchPoints="0" sequenceCoverage="0" branchCoverage="0" maxCyclomaticComplexity="1" minCyclomaticComplexity="1" maxCrapScore="2" minCrapScore="2" visitedClasses="0" numClasses="0" visitedMethods="0" numMethods="1" />
              <MetadataToken>100663556</MetadataToken>
              <Name>System.Void Internal.Microsoft.Extensions.DependencyModel.Resolution.DotNetReferenceAssembliesPathResolver::.cctor()</Name>
              <FileRef uid="116" />
              <SequencePoints>
                <SequencePoint vc="0" uspid="3089" ordinal="0" offset="0" sl="12" sc="9" el="12" ec="109" bec="0" bev="0" fileid="116" />
              </SequencePoints>
              <BranchPoints />
              <MethodPoint xsi:type="SequencePoint" vc="0" uspid="3089" ordinal="0" offset="0" sl="12" sc="9" el="12" ec="109" bec="0" bev="0" fileid="116" />
            </Method>
          </Methods>
        </Class>
        <Class>
          <Summary numSequencePoints="46" visitedSequencePoints="0" numBranchPoints="28" visitedBranchPoints="0" sequenceCoverage="0" branchCoverage="0" maxCyclomaticComplexity="7" minCyclomaticComplexity="1" maxCrapScore="56" minCrapScore="2" visitedClasses="0" numClasses="1" visitedMethods="0" numMethods="8" />
          <FullName>Internal.Microsoft.Extensions.DependencyModel.Resolution.PackageCompilationAssemblyResolver</FullName>
          <Methods>
            <Method visited="false" cyclomaticComplexity="1" nPathComplexity="0" sequenceCoverage="0" branchCoverage="0" crapScore="2" isConstructor="true" isStatic="false" isGetter="false" isSetter="false">
              <Summary numSequencePoints="2" visitedSequencePoints="0" numBranchPoints="1" visitedBranchPoints="0" sequenceCoverage="0" branchCoverage="0" maxCyclomaticComplexity="1" minCyclomaticComplexity="1" maxCrapScore="2" minCrapScore="2" visitedClasses="0" numClasses="0" visitedMethods="0" numMethods="1" />
              <MetadataToken>100663558</MetadataToken>
              <Name>System.Void Internal.Microsoft.Extensions.DependencyModel.Resolution.PackageCompilationAssemblyResolver::.ctor()</Name>
              <FileRef uid="117" />
              <SequencePoints>
                <SequencePoint vc="0" uspid="3090" ordinal="0" offset="0" sl="19" sc="15" el="19" ec="74" bec="0" bev="0" fileid="117" />
                <SequencePoint vc="0" uspid="3091" ordinal="1" offset="16" sl="21" sc="9" el="21" ec="10" bec="0" bev="0" fileid="117" />
              </SequencePoints>
              <BranchPoints />
              <MethodPoint xsi:type="SequencePoint" vc="0" uspid="3090" ordinal="0" offset="0" sl="19" sc="15" el="19" ec="74" bec="0" bev="0" fileid="117" />
            </Method>
            <Method visited="false" cyclomaticComplexity="1" nPathComplexity="0" sequenceCoverage="0" branchCoverage="0" crapScore="2" isConstructor="true" isStatic="false" isGetter="false" isSetter="false">
              <Summary numSequencePoints="2" visitedSequencePoints="0" numBranchPoints="1" visitedBranchPoints="0" sequenceCoverage="0" branchCoverage="0" maxCyclomaticComplexity="1" minCyclomaticComplexity="1" maxCrapScore="2" minCrapScore="2" visitedClasses="0" numClasses="0" visitedMethods="0" numMethods="1" />
              <MetadataToken>100663559</MetadataToken>
              <Name>System.Void Internal.Microsoft.Extensions.DependencyModel.Resolution.PackageCompilationAssemblyResolver::.ctor(System.String)</Name>
              <FileRef uid="117" />
              <SequencePoints>
                <SequencePoint vc="0" uspid="3092" ordinal="0" offset="0" sl="24" sc="15" el="24" ec="86" bec="0" bev="0" fileid="117" />
                <SequencePoint vc="0" uspid="3093" ordinal="1" offset="21" sl="26" sc="9" el="26" ec="10" bec="0" bev="0" fileid="117" />
              </SequencePoints>
              <BranchPoints />
              <MethodPoint xsi:type="SequencePoint" vc="0" uspid="3092" ordinal="0" offset="0" sl="24" sc="15" el="24" ec="86" bec="0" bev="0" fileid="117" />
            </Method>
            <Method visited="false" cyclomaticComplexity="1" nPathComplexity="0" sequenceCoverage="0" branchCoverage="0" crapScore="2" isConstructor="true" isStatic="false" isGetter="false" isSetter="false">
              <Summary numSequencePoints="2" visitedSequencePoints="0" numBranchPoints="1" visitedBranchPoints="0" sequenceCoverage="0" branchCoverage="0" maxCyclomaticComplexity="1" minCyclomaticComplexity="1" maxCrapScore="2" minCrapScore="2" visitedClasses="0" numClasses="0" visitedMethods="0" numMethods="1" />
              <MetadataToken>100663560</MetadataToken>
              <Name>System.Void Internal.Microsoft.Extensions.DependencyModel.Resolution.PackageCompilationAssemblyResolver::.ctor(Internal.Microsoft.Extensions.DependencyModel.IEnvironment,Internal.Microsoft.Extensions.DependencyModel.IFileSystem)</Name>
              <FileRef uid="117" />
              <SequencePoints>
                <SequencePoint vc="0" uspid="3094" ordinal="0" offset="0" sl="30" sc="15" el="30" ec="72" bec="0" bev="0" fileid="117" />
                <SequencePoint vc="0" uspid="3095" ordinal="1" offset="13" sl="32" sc="9" el="32" ec="10" bec="0" bev="0" fileid="117" />
              </SequencePoints>
              <BranchPoints />
              <MethodPoint xsi:type="SequencePoint" vc="0" uspid="3094" ordinal="0" offset="0" sl="30" sc="15" el="30" ec="72" bec="0" bev="0" fileid="117" />
            </Method>
            <Method visited="false" cyclomaticComplexity="1" nPathComplexity="0" sequenceCoverage="0" branchCoverage="0" crapScore="2" isConstructor="true" isStatic="false" isGetter="false" isSetter="false">
              <Summary numSequencePoints="4" visitedSequencePoints="0" numBranchPoints="1" visitedBranchPoints="0" sequenceCoverage="0" branchCoverage="0" maxCyclomaticComplexity="1" minCyclomaticComplexity="1" maxCrapScore="2" minCrapScore="2" visitedClasses="0" numClasses="0" visitedMethods="0" numMethods="1" />
              <MetadataToken>100663561</MetadataToken>
              <Name>System.Void Internal.Microsoft.Extensions.DependencyModel.Resolution.PackageCompilationAssemblyResolver::.ctor(Internal.Microsoft.Extensions.DependencyModel.IFileSystem,System.String[])</Name>
              <FileRef uid="117" />
              <SequencePoints>
                <SequencePoint vc="0" uspid="3096" ordinal="0" offset="0" sl="34" sc="9" el="34" ec="110" bec="0" bev="0" fileid="117" />
                <SequencePoint vc="0" uspid="3097" ordinal="1" offset="6" sl="36" sc="13" el="36" ec="38" bec="0" bev="0" fileid="117" />
                <SequencePoint vc="0" uspid="3098" ordinal="2" offset="13" sl="37" sc="13" el="37" ec="64" bec="0" bev="0" fileid="117" />
                <SequencePoint vc="0" uspid="3099" ordinal="3" offset="20" sl="38" sc="9" el="38" ec="10" bec="0" bev="0" fileid="117" />
              </SequencePoints>
              <BranchPoints />
              <MethodPoint xsi:type="SequencePoint" vc="0" uspid="3096" ordinal="0" offset="0" sl="34" sc="9" el="34" ec="110" bec="0" bev="0" fileid="117" />
            </Method>
            <Method visited="false" cyclomaticComplexity="1" nPathComplexity="0" sequenceCoverage="0" branchCoverage="0" crapScore="2" isConstructor="false" isStatic="true" isGetter="false" isSetter="false">
              <Summary numSequencePoints="1" visitedSequencePoints="0" numBranchPoints="1" visitedBranchPoints="0" sequenceCoverage="0" branchCoverage="0" maxCyclomaticComplexity="1" minCyclomaticComplexity="1" maxCrapScore="2" minCrapScore="2" visitedClasses="0" numClasses="0" visitedMethods="0" numMethods="1" />
              <MetadataToken>100663562</MetadataToken>
              <Name>System.String[] Internal.Microsoft.Extensions.DependencyModel.Resolution.PackageCompilationAssemblyResolver::GetDefaultProbeDirectories(Internal.Microsoft.Extensions.DependencyModel.IEnvironment)</Name>
              <FileRef uid="117" />
              <SequencePoints>
                <SequencePoint vc="0" uspid="3100" ordinal="0" offset="0" sl="41" sc="13" el="41" ec="96" bec="0" bev="0" fileid="117" />
              </SequencePoints>
              <BranchPoints />
              <MethodPoint xsi:type="SequencePoint" vc="0" uspid="3100" ordinal="0" offset="0" sl="41" sc="13" el="41" ec="96" bec="0" bev="0" fileid="117" />
            </Method>
            <Method visited="false" cyclomaticComplexity="5" nPathComplexity="16" sequenceCoverage="0" branchCoverage="0" crapScore="30" isConstructor="false" isStatic="true" isGetter="false" isSetter="false">
              <Summary numSequencePoints="14" visitedSequencePoints="0" numBranchPoints="9" visitedBranchPoints="0" sequenceCoverage="0" branchCoverage="0" maxCyclomaticComplexity="5" minCyclomaticComplexity="5" maxCrapScore="30" minCrapScore="30" visitedClasses="0" numClasses="0" visitedMethods="0" numMethods="1" />
              <MetadataToken>100663563</MetadataToken>
              <Name>System.String[] Internal.Microsoft.Extensions.DependencyModel.Resolution.PackageCompilationAssemblyResolver::GetDefaultProbeDirectories(Internal.Microsoft.DotNet.PlatformAbstractions.Platform,Internal.Microsoft.Extensions.DependencyModel.IEnvironment)</Name>
              <FileRef uid="117" />
              <SequencePoints>
                <SequencePoint vc="0" uspid="3101" ordinal="0" offset="0" sl="48" sc="13" el="48" ec="91" bec="0" bev="0" fileid="117" />
                <SequencePoint vc="0" uspid="3102" ordinal="1" offset="15" sl="51" sc="12" el="51" ec="63" bec="0" bev="0" fileid="117" />
                <SequencePoint vc="0" uspid="3103" ordinal="2" offset="21" sl="53" sc="12" el="53" ec="57" bec="2" bev="0" fileid="117" />
                <SequencePoint vc="0" uspid="3104" ordinal="3" offset="29" sl="55" sc="16" el="55" ec="123" bec="0" bev="0" fileid="117" />
                <SequencePoint vc="0" uspid="3105" ordinal="4" offset="51" sl="58" sc="12" el="58" ec="88" bec="0" bev="0" fileid="117" />
                <SequencePoint vc="0" uspid="3106" ordinal="5" offset="63" sl="60" sc="12" el="60" ec="56" bec="2" bev="0" fileid="117" />
                <SequencePoint vc="0" uspid="3107" ordinal="6" offset="71" sl="62" sc="16" el="62" ec="57" bec="0" bev="0" fileid="117" />
                <SequencePoint vc="0" uspid="3108" ordinal="7" offset="82" sl="66" sc="12" el="66" ec="47" bec="2" bev="0" fileid="117" />
                <SequencePoint vc="0" uspid="3109" ordinal="8" offset="86" sl="68" sc="16" el="68" ec="77" bec="0" bev="0" fileid="117" />
                <SequencePoint vc="0" uspid="3110" ordinal="9" offset="98" sl="69" sc="12" el="69" ec="13" bec="0" bev="0" fileid="117" />
                <SequencePoint vc="0" uspid="3111" ordinal="10" offset="100" sl="72" sc="16" el="72" ec="70" bec="0" bev="0" fileid="117" />
                <SequencePoint vc="0" uspid="3112" ordinal="11" offset="112" sl="75" sc="12" el="75" ec="47" bec="2" bev="0" fileid="117" />
                <SequencePoint vc="0" uspid="3113" ordinal="12" offset="120" sl="77" sc="16" el="77" ec="53" bec="0" bev="0" fileid="117" />
                <SequencePoint vc="0" uspid="3114" ordinal="13" offset="135" sl="80" sc="12" el="80" ec="81" bec="0" bev="0" fileid="117" />
              </SequencePoints>
              <BranchPoints>
                <BranchPoint vc="0" uspid="3115" ordinal="0" offset="27" sl="53" path="0" offsetend="29" fileid="117" />
                <BranchPoint vc="0" uspid="3116" ordinal="1" offset="27" sl="53" path="1" offsetend="51" fileid="117" />
                <BranchPoint vc="0" uspid="3117" ordinal="2" offset="69" sl="60" path="0" offsetend="71" fileid="117" />
                <BranchPoint vc="0" uspid="3118" ordinal="3" offset="69" sl="60" path="1" offsetend="82" fileid="117" />
                <BranchPoint vc="0" uspid="3119" ordinal="4" offset="84" sl="66" path="0" offsetend="86" fileid="117" />
                <BranchPoint vc="0" uspid="3120" ordinal="5" offset="84" sl="66" path="1" offsetend="100" fileid="117" />
                <BranchPoint vc="0" uspid="3121" ordinal="6" offset="118" sl="75" path="0" offsetend="120" fileid="117" />
                <BranchPoint vc="0" uspid="3122" ordinal="7" offset="118" sl="75" path="1" offsetend="135" fileid="117" />
              </BranchPoints>
              <MethodPoint xsi:type="SequencePoint" vc="0" uspid="3101" ordinal="0" offset="0" sl="48" sc="13" el="48" ec="91" bec="0" bev="0" fileid="117" />
            </Method>
            <Method visited="false" cyclomaticComplexity="7" nPathComplexity="32" sequenceCoverage="0" branchCoverage="0" crapScore="56" isConstructor="false" isStatic="false" isGetter="false" isSetter="false">
              <Summary numSequencePoints="10" visitedSequencePoints="0" numBranchPoints="11" visitedBranchPoints="0" sequenceCoverage="0" branchCoverage="0" maxCyclomaticComplexity="7" minCyclomaticComplexity="7" maxCrapScore="56" minCrapScore="56" visitedClasses="0" numClasses="0" visitedMethods="0" numMethods="1" />
              <MetadataToken>100663564</MetadataToken>
              <Name>System.Boolean Internal.Microsoft.Extensions.DependencyModel.Resolution.PackageCompilationAssemblyResolver::TryResolveAssemblyPaths(Internal.Microsoft.Extensions.DependencyModel.CompilationLibrary,System.Collections.Generic.List`1&lt;System.String&gt;)</Name>
              <FileRef uid="117" />
              <SequencePoints>
                <SequencePoint vc="0" uspid="3123" ordinal="0" offset="0" sl="86" sc="13" el="87" ec="93" bec="4" bev="0" fileid="117" />
                <SequencePoint vc="0" uspid="3124" ordinal="1" offset="36" sl="89" sc="17" el="89" ec="30" bec="0" bev="0" fileid="117" />
                <SequencePoint vc="0" uspid="3125" ordinal="2" offset="38" sl="92" sc="39" el="92" ec="63" bec="0" bev="0" fileid="117" />
                <SequencePoint vc="0" uspid="3126" ordinal="3" offset="49" sl="92" sc="22" el="92" ec="35" bec="0" bev="0" fileid="117" />
                <SequencePoint vc="0" uspid="3127" ordinal="4" offset="53" sl="96" sc="17" el="96" ec="107" bec="2" bev="0" fileid="117" />
                <SequencePoint vc="0" uspid="3128" ordinal="5" offset="70" sl="99" sc="21" el="99" ec="112" bec="2" bev="0" fileid="117" />
                <SequencePoint vc="0" uspid="3129" ordinal="6" offset="87" sl="101" sc="25" el="101" ec="67" bec="0" bev="0" fileid="117" />
                <SequencePoint vc="0" uspid="3130" ordinal="7" offset="95" sl="102" sc="25" el="102" ec="37" bec="0" bev="0" fileid="117" />
                <SequencePoint vc="0" uspid="3131" ordinal="8" offset="101" sl="92" sc="36" el="92" ec="38" bec="0" bev="0" fileid="117" />
                <SequencePoint vc="0" uspid="3132" ordinal="9" offset="107" sl="106" sc="13" el="106" ec="26" bec="0" bev="0" fileid="117" />
              </SequencePoints>
              <BranchPoints>
                <BranchPoint vc="0" uspid="3133" ordinal="0" offset="6" sl="86" path="0" offsetend="8" fileid="117" />
                <BranchPoint vc="0" uspid="3134" ordinal="1" offset="6" sl="86" path="1" offsetend="36" fileid="117" />
                <BranchPoint vc="0" uspid="3135" ordinal="2" offset="15" sl="86" path="0" offsetend="17" fileid="117" />
                <BranchPoint vc="0" uspid="3136" ordinal="3" offset="15" sl="86" path="1" offsetend="36" fileid="117" />
                <BranchPoint vc="0" uspid="3137" ordinal="4" offset="34" sl="86" path="0" offsetend="36" fileid="117" />
                <BranchPoint vc="0" uspid="3138" ordinal="5" offset="34" sl="86" path="1" offsetend="38" fileid="117" />
                <BranchPoint vc="0" uspid="3139" ordinal="6" offset="68" sl="96" path="0" offsetend="70" fileid="117" />
                <BranchPoint vc="0" uspid="3140" ordinal="7" offset="68" sl="96" path="1" offsetend="97" fileid="117" />
                <BranchPoint vc="0" uspid="3141" ordinal="8" offset="85" sl="99" path="0" offsetend="87" fileid="117" />
                <BranchPoint vc="0" uspid="3142" ordinal="9" offset="85" sl="99" path="1" offsetend="97" fileid="117" />
              </BranchPoints>
              <MethodPoint xsi:type="SequencePoint" vc="0" uspid="3123" ordinal="0" offset="0" sl="86" sc="13" el="87" ec="93" bec="4" bev="0" fileid="117" />
            </Method>
            <Method visited="false" cyclomaticComplexity="4" nPathComplexity="2" sequenceCoverage="0" branchCoverage="0" crapScore="20" isConstructor="false" isStatic="true" isGetter="false" isSetter="false">
              <Summary numSequencePoints="11" visitedSequencePoints="0" numBranchPoints="3" visitedBranchPoints="0" sequenceCoverage="0" branchCoverage="0" maxCyclomaticComplexity="4" minCyclomaticComplexity="4" maxCrapScore="20" minCrapScore="20" visitedClasses="0" numClasses="0" visitedMethods="0" numMethods="1" />
              <MetadataToken>100663565</MetadataToken>
              <Name>System.Boolean Internal.Microsoft.Extensions.DependencyModel.Resolution.PackageCompilationAssemblyResolver::TryResolveFromPackagePath(Internal.Microsoft.Extensions.DependencyModel.IFileSystem,Internal.Microsoft.Extensions.DependencyModel.CompilationLibrary,System.String,System.Collections.Generic.IEnumerable`1&lt;System.String&gt;&amp;)</Name>
              <FileRef uid="117" />
              <SequencePoints>
                <SequencePoint vc="0" uspid="3145" ordinal="0" offset="0" sl="111" sc="13" el="111" ec="44" bec="0" bev="0" fileid="117" />
                <SequencePoint vc="0" uspid="3146" ordinal="1" offset="6" sl="113" sc="38" el="113" ec="56" bec="0" bev="0" fileid="117" />
                <SequencePoint vc="0" uspid="3147" ordinal="2" offset="20" sl="113" sc="22" el="113" ec="34" bec="0" bev="0" fileid="117" />
                <SequencePoint vc="0" uspid="3148" ordinal="3" offset="27" sl="116" sc="17" el="116" ec="105" bec="2" bev="0" fileid="117" />
                <SequencePoint vc="0" uspid="3149" ordinal="4" offset="39" sl="121" sc="21" el="121" ec="36" bec="0" bev="0" fileid="117" />
                <SequencePoint vc="0" uspid="3150" ordinal="5" offset="42" sl="122" sc="21" el="122" ec="34" bec="0" bev="0" fileid="117" />
                <SequencePoint vc="0" uspid="3151" ordinal="6" offset="47" sl="125" sc="17" el="125" ec="37" bec="0" bev="0" fileid="117" />
                <SequencePoint vc="0" uspid="3152" ordinal="7" offset="54" sl="113" sc="35" el="113" ec="37" bec="0" bev="0" fileid="117" />
                <SequencePoint vc="0" uspid="3153" ordinal="8" offset="74" sl="128" sc="13" el="128" ec="29" bec="0" bev="0" fileid="117" />
                <SequencePoint vc="0" uspid="3154" ordinal="9" offset="77" sl="129" sc="13" el="129" ec="25" bec="0" bev="0" fileid="117" />
                <SequencePoint vc="0" uspid="3155" ordinal="10" offset="79" sl="130" sc="9" el="130" ec="10" bec="0" bev="0" fileid="117" />
              </SequencePoints>
              <BranchPoints>
                <BranchPoint vc="0" uspid="3156" ordinal="0" offset="37" sl="116" path="0" offsetend="39" fileid="117" />
                <BranchPoint vc="0" uspid="3157" ordinal="1" offset="37" sl="116" path="1" offsetend="47" fileid="117" />
              </BranchPoints>
              <MethodPoint xsi:type="SequencePoint" vc="0" uspid="3145" ordinal="0" offset="0" sl="111" sc="13" el="111" ec="44" bec="0" bev="0" fileid="117" />
            </Method>
          </Methods>
        </Class>
        <Class>
          <Summary numSequencePoints="52" visitedSequencePoints="0" numBranchPoints="30" visitedBranchPoints="0" sequenceCoverage="0" branchCoverage="0" maxCyclomaticComplexity="5" minCyclomaticComplexity="1" maxCrapScore="30" minCrapScore="2" visitedClasses="0" numClasses="1" visitedMethods="0" numMethods="8" />
          <FullName>Internal.Microsoft.Extensions.DependencyModel.Resolution.ReferenceAssemblyPathResolver</FullName>
          <Methods>
            <Method visited="false" cyclomaticComplexity="1" nPathComplexity="0" sequenceCoverage="0" branchCoverage="0" crapScore="2" isConstructor="true" isStatic="false" isGetter="false" isSetter="false">
              <Summary numSequencePoints="2" visitedSequencePoints="0" numBranchPoints="1" visitedBranchPoints="0" sequenceCoverage="0" branchCoverage="0" maxCyclomaticComplexity="1" minCyclomaticComplexity="1" maxCrapScore="2" minCrapScore="2" visitedClasses="0" numClasses="0" visitedMethods="0" numMethods="1" />
              <MetadataToken>100663566</MetadataToken>
              <Name>System.Void Internal.Microsoft.Extensions.DependencyModel.Resolution.ReferenceAssemblyPathResolver::.ctor()</Name>
              <FileRef uid="118" />
              <SequencePoints>
                <SequencePoint vc="0" uspid="3160" ordinal="0" offset="0" sl="20" sc="15" el="20" ec="74" bec="0" bev="0" fileid="118" />
                <SequencePoint vc="0" uspid="3161" ordinal="1" offset="16" sl="22" sc="9" el="22" ec="10" bec="0" bev="0" fileid="118" />
              </SequencePoints>
              <BranchPoints />
              <MethodPoint xsi:type="SequencePoint" vc="0" uspid="3160" ordinal="0" offset="0" sl="20" sc="15" el="20" ec="74" bec="0" bev="0" fileid="118" />
            </Method>
            <Method visited="false" cyclomaticComplexity="1" nPathComplexity="0" sequenceCoverage="0" branchCoverage="0" crapScore="2" isConstructor="true" isStatic="false" isGetter="false" isSetter="false">
              <Summary numSequencePoints="2" visitedSequencePoints="0" numBranchPoints="1" visitedBranchPoints="0" sequenceCoverage="0" branchCoverage="0" maxCyclomaticComplexity="1" minCyclomaticComplexity="1" maxCrapScore="2" minCrapScore="2" visitedClasses="0" numClasses="0" visitedMethods="0" numMethods="1" />
              <MetadataToken>100663567</MetadataToken>
              <Name>System.Void Internal.Microsoft.Extensions.DependencyModel.Resolution.ReferenceAssemblyPathResolver::.ctor(System.String,System.String[])</Name>
              <FileRef uid="118" />
              <SequencePoints>
                <SequencePoint vc="0" uspid="3162" ordinal="0" offset="0" sl="25" sc="15" el="25" ec="99" bec="0" bev="0" fileid="118" />
                <SequencePoint vc="0" uspid="3163" ordinal="1" offset="13" sl="27" sc="9" el="27" ec="10" bec="0" bev="0" fileid="118" />
              </SequencePoints>
              <BranchPoints />
              <MethodPoint xsi:type="SequencePoint" vc="0" uspid="3162" ordinal="0" offset="0" sl="25" sc="15" el="25" ec="99" bec="0" bev="0" fileid="118" />
            </Method>
            <Method visited="false" cyclomaticComplexity="1" nPathComplexity="0" sequenceCoverage="0" branchCoverage="0" crapScore="2" isConstructor="true" isStatic="false" isGetter="false" isSetter="false">
              <Summary numSequencePoints="2" visitedSequencePoints="0" numBranchPoints="1" visitedBranchPoints="0" sequenceCoverage="0" branchCoverage="0" maxCyclomaticComplexity="1" minCyclomaticComplexity="1" maxCrapScore="2" minCrapScore="2" visitedClasses="0" numClasses="0" visitedMethods="0" numMethods="1" />
              <MetadataToken>100663568</MetadataToken>
              <Name>System.Void Internal.Microsoft.Extensions.DependencyModel.Resolution.ReferenceAssemblyPathResolver::.ctor(Internal.Microsoft.Extensions.DependencyModel.IFileSystem,Internal.Microsoft.Extensions.DependencyModel.IEnvironment)</Name>
              <FileRef uid="118" />
              <SequencePoints>
                <SequencePoint vc="0" uspid="3164" ordinal="0" offset="0" sl="30" sc="15" el="32" ec="109" bec="0" bev="0" fileid="118" />
                <SequencePoint vc="0" uspid="3165" ordinal="1" offset="31" sl="34" sc="9" el="34" ec="10" bec="0" bev="0" fileid="118" />
              </SequencePoints>
              <BranchPoints />
              <MethodPoint xsi:type="SequencePoint" vc="0" uspid="3164" ordinal="0" offset="0" sl="30" sc="15" el="32" ec="109" bec="0" bev="0" fileid="118" />
            </Method>
            <Method visited="false" cyclomaticComplexity="1" nPathComplexity="0" sequenceCoverage="0" branchCoverage="0" crapScore="2" isConstructor="true" isStatic="false" isGetter="false" isSetter="false">
              <Summary numSequencePoints="5" visitedSequencePoints="0" numBranchPoints="1" visitedBranchPoints="0" sequenceCoverage="0" branchCoverage="0" maxCyclomaticComplexity="1" minCyclomaticComplexity="1" maxCrapScore="2" minCrapScore="2" visitedClasses="0" numClasses="0" visitedMethods="0" numMethods="1" />
              <MetadataToken>100663569</MetadataToken>
              <Name>System.Void Internal.Microsoft.Extensions.DependencyModel.Resolution.ReferenceAssemblyPathResolver::.ctor(Internal.Microsoft.Extensions.DependencyModel.IFileSystem,System.String,System.String[])</Name>
              <FileRef uid="118" />
              <SequencePoints>
                <SequencePoint vc="0" uspid="3166" ordinal="0" offset="0" sl="36" sc="9" el="36" ec="140" bec="0" bev="0" fileid="118" />
                <SequencePoint vc="0" uspid="3167" ordinal="1" offset="6" sl="38" sc="13" el="38" ec="38" bec="0" bev="0" fileid="118" />
                <SequencePoint vc="0" uspid="3168" ordinal="2" offset="13" sl="39" sc="13" el="39" ec="78" bec="0" bev="0" fileid="118" />
                <SequencePoint vc="0" uspid="3169" ordinal="3" offset="20" sl="40" sc="13" el="40" ec="56" bec="0" bev="0" fileid="118" />
                <SequencePoint vc="0" uspid="3170" ordinal="4" offset="27" sl="41" sc="9" el="41" ec="10" bec="0" bev="0" fileid="118" />
              </SequencePoints>
              <BranchPoints />
              <MethodPoint xsi:type="SequencePoint" vc="0" uspid="3166" ordinal="0" offset="0" sl="36" sc="9" el="36" ec="140" bec="0" bev="0" fileid="118" />
            </Method>
            <Method visited="false" cyclomaticComplexity="5" nPathComplexity="4" sequenceCoverage="0" branchCoverage="0" crapScore="30" isConstructor="false" isStatic="false" isGetter="false" isSetter="false">
              <Summary numSequencePoints="9" visitedSequencePoints="0" numBranchPoints="5" visitedBranchPoints="0" sequenceCoverage="0" branchCoverage="0" maxCyclomaticComplexity="5" minCyclomaticComplexity="5" maxCrapScore="30" minCrapScore="30" visitedClasses="0" numClasses="0" visitedMethods="0" numMethods="1" />
              <MetadataToken>100663570</MetadataToken>
              <Name>System.Boolean Internal.Microsoft.Extensions.DependencyModel.Resolution.ReferenceAssemblyPathResolver::TryResolveAssemblyPaths(Internal.Microsoft.Extensions.DependencyModel.CompilationLibrary,System.Collections.Generic.List`1&lt;System.String&gt;)</Name>
              <FileRef uid="118" />
              <SequencePoints>
                <SequencePoint vc="0" uspid="3171" ordinal="0" offset="0" sl="45" sc="13" el="45" ec="103" bec="2" bev="0" fileid="118" />
                <SequencePoint vc="0" uspid="3172" ordinal="1" offset="19" sl="47" sc="17" el="47" ec="30" bec="0" bev="0" fileid="118" />
                <SequencePoint vc="0" uspid="3173" ordinal="2" offset="21" sl="49" sc="38" el="49" ec="56" bec="0" bev="0" fileid="118" />
                <SequencePoint vc="0" uspid="3174" ordinal="3" offset="35" sl="49" sc="22" el="49" ec="34" bec="0" bev="0" fileid="118" />
                <SequencePoint vc="0" uspid="3175" ordinal="4" offset="42" sl="52" sc="17" el="52" ec="74" bec="2" bev="0" fileid="118" />
                <SequencePoint vc="0" uspid="3176" ordinal="5" offset="53" sl="54" sc="21" el="54" ec="137" bec="0" bev="0" fileid="118" />
                <SequencePoint vc="0" uspid="3177" ordinal="6" offset="76" sl="56" sc="17" el="56" ec="42" bec="0" bev="0" fileid="118" />
                <SequencePoint vc="0" uspid="3178" ordinal="7" offset="83" sl="49" sc="35" el="49" ec="37" bec="0" bev="0" fileid="118" />
                <SequencePoint vc="0" uspid="3179" ordinal="8" offset="103" sl="58" sc="13" el="58" ec="25" bec="0" bev="0" fileid="118" />
              </SequencePoints>
              <BranchPoints>
                <BranchPoint vc="0" uspid="3180" ordinal="0" offset="17" sl="45" path="0" offsetend="19" fileid="118" />
                <BranchPoint vc="0" uspid="3181" ordinal="1" offset="17" sl="45" path="1" offsetend="21" fileid="118" />
                <BranchPoint vc="0" uspid="3182" ordinal="2" offset="51" sl="52" path="0" offsetend="53" fileid="118" />
                <BranchPoint vc="0" uspid="3183" ordinal="3" offset="51" sl="52" path="1" offsetend="76" fileid="118" />
              </BranchPoints>
              <MethodPoint xsi:type="SequencePoint" vc="0" uspid="3171" ordinal="0" offset="0" sl="45" sc="13" el="45" ec="103" bec="2" bev="0" fileid="118" />
            </Method>
            <Method visited="false" cyclomaticComplexity="5" nPathComplexity="8" sequenceCoverage="0" branchCoverage="0" crapScore="30" isConstructor="false" isStatic="false" isGetter="false" isSetter="false">
              <Summary numSequencePoints="15" visitedSequencePoints="0" numBranchPoints="7" visitedBranchPoints="0" sequenceCoverage="0" branchCoverage="0" maxCyclomaticComplexity="5" minCyclomaticComplexity="5" maxCrapScore="30" minCrapScore="30" visitedClasses="0" numClasses="0" visitedMethods="0" numMethods="1" />
              <MetadataToken>100663571</MetadataToken>
              <Name>System.Boolean Internal.Microsoft.Extensions.DependencyModel.Resolution.ReferenceAssemblyPathResolver::TryResolveReferenceAssembly(System.String,System.String&amp;)</Name>
              <FileRef uid="118" />
              <SequencePoints>
                <SequencePoint vc="0" uspid="3186" ordinal="0" offset="0" sl="63" sc="13" el="63" ec="29" bec="0" bev="0" fileid="118" />
                <SequencePoint vc="0" uspid="3187" ordinal="1" offset="3" sl="65" sc="13" el="65" ec="57" bec="2" bev="0" fileid="118" />
                <SequencePoint vc="0" uspid="3188" ordinal="2" offset="11" sl="67" sc="17" el="67" ec="105" bec="0" bev="0" fileid="118" />
                <SequencePoint vc="0" uspid="3189" ordinal="3" offset="24" sl="68" sc="17" el="68" ec="76" bec="2" bev="0" fileid="118" />
                <SequencePoint vc="0" uspid="3190" ordinal="4" offset="43" sl="70" sc="21" el="70" ec="62" bec="0" bev="0" fileid="118" />
                <SequencePoint vc="0" uspid="3191" ordinal="5" offset="46" sl="71" sc="21" el="71" ec="33" bec="0" bev="0" fileid="118" />
                <SequencePoint vc="0" uspid="3192" ordinal="6" offset="48" sl="75" sc="13" el="75" ec="47" bec="0" bev="0" fileid="118" />
                <SequencePoint vc="0" uspid="3193" ordinal="7" offset="55" sl="76" sc="42" el="76" ec="62" bec="0" bev="0" fileid="118" />
                <SequencePoint vc="0" uspid="3194" ordinal="8" offset="66" sl="76" sc="22" el="76" ec="38" bec="0" bev="0" fileid="118" />
                <SequencePoint vc="0" uspid="3195" ordinal="9" offset="69" sl="78" sc="17" el="78" ec="69" bec="0" bev="0" fileid="118" />
                <SequencePoint vc="0" uspid="3196" ordinal="10" offset="77" sl="79" sc="17" el="79" ec="59" bec="2" bev="0" fileid="118" />
                <SequencePoint vc="0" uspid="3197" ordinal="11" offset="97" sl="81" sc="21" el="81" ec="45" bec="0" bev="0" fileid="118" />
                <SequencePoint vc="0" uspid="3198" ordinal="12" offset="101" sl="82" sc="21" el="82" ec="33" bec="0" bev="0" fileid="118" />
                <SequencePoint vc="0" uspid="3199" ordinal="13" offset="107" sl="76" sc="39" el="76" ec="41" bec="0" bev="0" fileid="118" />
                <SequencePoint vc="0" uspid="3200" ordinal="14" offset="113" sl="86" sc="13" el="86" ec="26" bec="0" bev="0" fileid="118" />
              </SequencePoints>
              <BranchPoints>
                <BranchPoint vc="0" uspid="3201" ordinal="0" offset="9" sl="65" path="0" offsetend="11" fileid="118" />
                <BranchPoint vc="0" uspid="3202" ordinal="1" offset="9" sl="65" path="1" offsetend="48" fileid="118" />
                <BranchPoint vc="0" uspid="3203" ordinal="2" offset="41" sl="68" path="0" offsetend="43" fileid="118" />
                <BranchPoint vc="0" uspid="3204" ordinal="3" offset="41" sl="68" path="1" offsetend="48" fileid="118" />
                <BranchPoint vc="0" uspid="3205" ordinal="4" offset="95" sl="79" path="0" offsetend="97" fileid="118" />
                <BranchPoint vc="0" uspid="3206" ordinal="5" offset="95" sl="79" path="1" offsetend="103" fileid="118" />
              </BranchPoints>
              <MethodPoint xsi:type="SequencePoint" vc="0" uspid="3186" ordinal="0" offset="0" sl="63" sc="13" el="63" ec="29" bec="0" bev="0" fileid="118" />
            </Method>
            <Method visited="false" cyclomaticComplexity="3" nPathComplexity="4" sequenceCoverage="0" branchCoverage="0" crapScore="12" isConstructor="false" isStatic="true" isGetter="false" isSetter="false">
              <Summary numSequencePoints="6" visitedSequencePoints="0" numBranchPoints="5" visitedBranchPoints="0" sequenceCoverage="0" branchCoverage="0" maxCyclomaticComplexity="3" minCyclomaticComplexity="3" maxCrapScore="12" minCrapScore="12" visitedClasses="0" numClasses="0" visitedMethods="0" numMethods="1" />
              <MetadataToken>100663572</MetadataToken>
              <Name>System.String[] Internal.Microsoft.Extensions.DependencyModel.Resolution.ReferenceAssemblyPathResolver::GetFallbackSearchPaths(Internal.Microsoft.Extensions.DependencyModel.IFileSystem,Internal.Microsoft.DotNet.PlatformAbstractions.Platform,Internal.Microsoft.Extensions.DependencyModel.IEnvironment)</Name>
              <FileRef uid="118" />
              <SequencePoints>
                <SequencePoint vc="0" uspid="3209" ordinal="0" offset="0" sl="91" sc="13" el="91" ec="46" bec="2" bev="0" fileid="118" />
                <SequencePoint vc="0" uspid="3210" ordinal="1" offset="4" sl="93" sc="17" el="93" ec="38" bec="0" bev="0" fileid="118" />
                <SequencePoint vc="0" uspid="3211" ordinal="2" offset="11" sl="96" sc="13" el="96" ec="131" bec="0" bev="0" fileid="118" />
                <SequencePoint vc="0" uspid="3212" ordinal="3" offset="43" sl="98" sc="13" el="98" ec="56" bec="2" bev="0" fileid="118" />
                <SequencePoint vc="0" uspid="3213" ordinal="4" offset="57" sl="100" sc="17" el="100" ec="38" bec="0" bev="0" fileid="118" />
                <SequencePoint vc="0" uspid="3214" ordinal="5" offset="64" sl="102" sc="13" el="102" ec="39" bec="0" bev="0" fileid="118" />
              </SequencePoints>
              <BranchPoints>
                <BranchPoint vc="0" uspid="3215" ordinal="0" offset="2" sl="91" path="0" offsetend="4" fileid="118" />
                <BranchPoint vc="0" uspid="3216" ordinal="1" offset="2" sl="91" path="1" offsetend="11" fileid="118" />
                <BranchPoint vc="0" uspid="3217" ordinal="2" offset="55" sl="98" path="0" offsetend="57" fileid="118" />
                <BranchPoint vc="0" uspid="3218" ordinal="3" offset="55" sl="98" path="1" offsetend="64" fileid="118" />
              </BranchPoints>
              <MethodPoint xsi:type="SequencePoint" vc="0" uspid="3209" ordinal="0" offset="0" sl="91" sc="13" el="91" ec="46" bec="2" bev="0" fileid="118" />
            </Method>
            <Method visited="false" cyclomaticComplexity="5" nPathComplexity="16" sequenceCoverage="0" branchCoverage="0" crapScore="30" isConstructor="false" isStatic="true" isGetter="false" isSetter="false">
              <Summary numSequencePoints="11" visitedSequencePoints="0" numBranchPoints="9" visitedBranchPoints="0" sequenceCoverage="0" branchCoverage="0" maxCyclomaticComplexity="5" minCyclomaticComplexity="5" maxCrapScore="30" minCrapScore="30" visitedClasses="0" numClasses="0" visitedMethods="0" numMethods="1" />
              <MetadataToken>100663573</MetadataToken>
              <Name>System.String Internal.Microsoft.Extensions.DependencyModel.Resolution.ReferenceAssemblyPathResolver::GetDefaultReferenceAssembliesPath(Internal.Microsoft.Extensions.DependencyModel.IFileSystem,Internal.Microsoft.DotNet.PlatformAbstractions.Platform,Internal.Microsoft.Extensions.DependencyModel.IEnvironment)</Name>
              <FileRef uid="118" />
              <SequencePoints>
                <SequencePoint vc="0" uspid="3219" ordinal="0" offset="0" sl="108" sc="13" el="108" ec="114" bec="0" bev="0" fileid="118" />
                <SequencePoint vc="0" uspid="3220" ordinal="1" offset="8" sl="109" sc="13" el="109" ec="64" bec="2" bev="0" fileid="118" />
                <SequencePoint vc="0" uspid="3221" ordinal="2" offset="16" sl="111" sc="17" el="111" ec="48" bec="0" bev="0" fileid="118" />
                <SequencePoint vc="0" uspid="3222" ordinal="3" offset="18" sl="114" sc="13" el="114" ec="46" bec="2" bev="0" fileid="118" />
                <SequencePoint vc="0" uspid="3223" ordinal="4" offset="22" sl="118" sc="17" el="118" ec="29" bec="0" bev="0" fileid="118" />
                <SequencePoint vc="0" uspid="3224" ordinal="5" offset="24" sl="123" sc="13" el="123" ec="88" bec="0" bev="0" fileid="118" />
                <SequencePoint vc="0" uspid="3225" ordinal="6" offset="36" sl="125" sc="13" el="125" ec="52" bec="2" bev="0" fileid="118" />
                <SequencePoint vc="0" uspid="3226" ordinal="7" offset="44" sl="128" sc="17" el="128" ec="83" bec="0" bev="0" fileid="118" />
                <SequencePoint vc="0" uspid="3227" ordinal="8" offset="56" sl="131" sc="13" el="131" ec="52" bec="2" bev="0" fileid="118" />
                <SequencePoint vc="0" uspid="3228" ordinal="9" offset="64" sl="134" sc="17" el="134" ec="29" bec="0" bev="0" fileid="118" />
                <SequencePoint vc="0" uspid="3229" ordinal="10" offset="66" sl="137" sc="13" el="139" ec="67" bec="0" bev="0" fileid="118" />
              </SequencePoints>
              <BranchPoints>
                <BranchPoint vc="0" uspid="3230" ordinal="0" offset="14" sl="109" path="0" offsetend="16" fileid="118" />
                <BranchPoint vc="0" uspid="3231" ordinal="1" offset="14" sl="109" path="1" offsetend="18" fileid="118" />
                <BranchPoint vc="0" uspid="3232" ordinal="2" offset="20" sl="114" path="0" offsetend="22" fileid="118" />
                <BranchPoint vc="0" uspid="3233" ordinal="3" offset="20" sl="114" path="1" offsetend="24" fileid="118" />
                <BranchPoint vc="0" uspid="3234" ordinal="4" offset="42" sl="125" path="0" offsetend="44" fileid="118" />
                <BranchPoint vc="0" uspid="3235" ordinal="5" offset="42" sl="125" path="1" offsetend="56" fileid="118" />
                <BranchPoint vc="0" uspid="3236" ordinal="6" offset="62" sl="131" path="0" offsetend="64" fileid="118" />
                <BranchPoint vc="0" uspid="3237" ordinal="7" offset="62" sl="131" path="1" offsetend="66" fileid="118" />
              </BranchPoints>
              <MethodPoint xsi:type="SequencePoint" vc="0" uspid="3219" ordinal="0" offset="0" sl="108" sc="13" el="108" ec="114" bec="0" bev="0" fileid="118" />
            </Method>
          </Methods>
        </Class>
        <Class>
          <Summary numSequencePoints="11" visitedSequencePoints="0" numBranchPoints="8" visitedBranchPoints="0" sequenceCoverage="0" branchCoverage="0" maxCyclomaticComplexity="3" minCyclomaticComplexity="2" maxCrapScore="12" minCrapScore="6" visitedClasses="0" numClasses="1" visitedMethods="0" numMethods="2" />
          <FullName>Internal.Microsoft.Extensions.DependencyModel.Resolution.ResolverUtils</FullName>
          <Methods>
            <Method visited="false" cyclomaticComplexity="3" nPathComplexity="4" sequenceCoverage="0" branchCoverage="0" crapScore="12" isConstructor="false" isStatic="true" isGetter="false" isSetter="false">
              <Summary numSequencePoints="7" visitedSequencePoints="0" numBranchPoints="5" visitedBranchPoints="0" sequenceCoverage="0" branchCoverage="0" maxCyclomaticComplexity="3" minCyclomaticComplexity="3" maxCrapScore="12" minCrapScore="12" visitedClasses="0" numClasses="0" visitedMethods="0" numMethods="1" />
              <MetadataToken>100663574</MetadataToken>
              <Name>System.Boolean Internal.Microsoft.Extensions.DependencyModel.Resolution.ResolverUtils::TryResolvePackagePath(Internal.Microsoft.Extensions.DependencyModel.IFileSystem,Internal.Microsoft.Extensions.DependencyModel.CompilationLibrary,System.String,System.String&amp;)</Name>
              <FileRef uid="119" />
              <SequencePoints>
                <SequencePoint vc="0" uspid="3238" ordinal="0" offset="0" sl="14" sc="13" el="14" ec="37" bec="0" bev="0" fileid="119" />
                <SequencePoint vc="0" uspid="3239" ordinal="1" offset="7" sl="15" sc="13" el="15" ec="44" bec="2" bev="0" fileid="119" />
                <SequencePoint vc="0" uspid="3240" ordinal="2" offset="15" sl="17" sc="17" el="17" ec="106" bec="0" bev="0" fileid="119" />
                <SequencePoint vc="0" uspid="3241" ordinal="3" offset="43" sl="20" sc="13" el="20" ec="56" bec="0" bev="0" fileid="119" />
                <SequencePoint vc="0" uspid="3242" ordinal="4" offset="52" sl="22" sc="13" el="22" ec="58" bec="2" bev="0" fileid="119" />
                <SequencePoint vc="0" uspid="3243" ordinal="5" offset="67" sl="24" sc="17" el="24" ec="29" bec="0" bev="0" fileid="119" />
                <SequencePoint vc="0" uspid="3244" ordinal="6" offset="69" sl="26" sc="13" el="26" ec="26" bec="0" bev="0" fileid="119" />
              </SequencePoints>
              <BranchPoints>
                <BranchPoint vc="0" uspid="3245" ordinal="0" offset="13" sl="15" path="0" offsetend="15" fileid="119" />
                <BranchPoint vc="0" uspid="3246" ordinal="1" offset="13" sl="15" path="1" offsetend="43" fileid="119" />
                <BranchPoint vc="0" uspid="3247" ordinal="2" offset="65" sl="22" path="0" offsetend="67" fileid="119" />
                <BranchPoint vc="0" uspid="3248" ordinal="3" offset="65" sl="22" path="1" offsetend="69" fileid="119" />
              </BranchPoints>
              <MethodPoint xsi:type="SequencePoint" vc="0" uspid="3238" ordinal="0" offset="0" sl="14" sc="13" el="14" ec="37" bec="0" bev="0" fileid="119" />
            </Method>
            <Method visited="false" cyclomaticComplexity="2" nPathComplexity="2" sequenceCoverage="0" branchCoverage="0" crapScore="6" isConstructor="false" isStatic="true" isGetter="false" isSetter="false">
              <Summary numSequencePoints="4" visitedSequencePoints="0" numBranchPoints="3" visitedBranchPoints="0" sequenceCoverage="0" branchCoverage="0" maxCyclomaticComplexity="2" minCyclomaticComplexity="2" maxCrapScore="6" minCrapScore="6" visitedClasses="0" numClasses="0" visitedMethods="0" numMethods="1" />
              <MetadataToken>100663575</MetadataToken>
              <Name>System.Boolean Internal.Microsoft.Extensions.DependencyModel.Resolution.ResolverUtils::TryResolveAssemblyFile(Internal.Microsoft.Extensions.DependencyModel.IFileSystem,System.String,System.String,System.String&amp;)</Name>
              <FileRef uid="119" />
              <SequencePoints>
                <SequencePoint vc="0" uspid="3249" ordinal="0" offset="0" sl="31" sc="13" el="31" ec="61" bec="0" bev="0" fileid="119" />
                <SequencePoint vc="0" uspid="3250" ordinal="1" offset="9" sl="32" sc="13" el="32" ec="50" bec="2" bev="0" fileid="119" />
                <SequencePoint vc="0" uspid="3251" ordinal="2" offset="24" sl="34" sc="17" el="34" ec="29" bec="0" bev="0" fileid="119" />
                <SequencePoint vc="0" uspid="3252" ordinal="3" offset="26" sl="36" sc="13" el="36" ec="26" bec="0" bev="0" fileid="119" />
              </SequencePoints>
              <BranchPoints>
                <BranchPoint vc="0" uspid="3253" ordinal="0" offset="22" sl="32" path="0" offsetend="24" fileid="119" />
                <BranchPoint vc="0" uspid="3254" ordinal="1" offset="22" sl="32" path="1" offsetend="26" fileid="119" />
              </BranchPoints>
              <MethodPoint xsi:type="SequencePoint" vc="0" uspid="3249" ordinal="0" offset="0" sl="31" sc="13" el="31" ec="61" bec="0" bev="0" fileid="119" />
            </Method>
          </Methods>
        </Class>
        <Class>
          <Summary numSequencePoints="4" visitedSequencePoints="0" numBranchPoints="5" visitedBranchPoints="0" sequenceCoverage="0" branchCoverage="0" maxCyclomaticComplexity="2" minCyclomaticComplexity="1" maxCrapScore="6" minCrapScore="2" visitedClasses="0" numClasses="1" visitedMethods="0" numMethods="3" />
          <FullName>Internal.Microsoft.DotNet.PlatformAbstractions.ApplicationEnvironment</FullName>
          <Methods>
            <Method visited="false" cyclomaticComplexity="1" nPathComplexity="0" sequenceCoverage="0" branchCoverage="0" crapScore="2" isConstructor="false" isStatic="true" isGetter="true" isSetter="false">
              <Summary numSequencePoints="1" visitedSequencePoints="0" numBranchPoints="1" visitedBranchPoints="0" sequenceCoverage="0" branchCoverage="0" maxCyclomaticComplexity="1" minCyclomaticComplexity="1" maxCrapScore="2" minCrapScore="2" visitedClasses="0" numClasses="0" visitedMethods="0" numMethods="1" />
              <MetadataToken>100663576</MetadataToken>
              <Name>System.String Internal.Microsoft.DotNet.PlatformAbstractions.ApplicationEnvironment::get_ApplicationBasePath()</Name>
              <FileRef uid="120" />
              <SequencePoints>
                <SequencePoint vc="0" uspid="3255" ordinal="0" offset="0" sl="13" sc="52" el="13" ec="56" bec="0" bev="0" fileid="120" />
              </SequencePoints>
              <BranchPoints />
              <MethodPoint xsi:type="SequencePoint" vc="0" uspid="3255" ordinal="0" offset="0" sl="13" sc="52" el="13" ec="56" bec="0" bev="0" fileid="120" />
            </Method>
            <Method visited="false" cyclomaticComplexity="2" nPathComplexity="2" sequenceCoverage="0" branchCoverage="0" crapScore="6" isConstructor="false" isStatic="true" isGetter="false" isSetter="false">
              <Summary numSequencePoints="2" visitedSequencePoints="0" numBranchPoints="3" visitedBranchPoints="0" sequenceCoverage="0" branchCoverage="0" maxCyclomaticComplexity="2" minCyclomaticComplexity="2" maxCrapScore="6" minCrapScore="6" visitedClasses="0" numClasses="0" visitedMethods="0" numMethods="1" />
              <MetadataToken>100663577</MetadataToken>
              <Name>System.String Internal.Microsoft.DotNet.PlatformAbstractions.ApplicationEnvironment::GetApplicationBasePath()</Name>
              <FileRef uid="120" />
              <SequencePoints>
                <SequencePoint vc="0" uspid="3256" ordinal="0" offset="0" sl="17" sc="13" el="20" ec="55" bec="2" bev="0" fileid="120" />
                <SequencePoint vc="0" uspid="3257" ordinal="1" offset="34" sl="24" sc="13" el="24" ec="47" bec="0" bev="0" fileid="120" />
              </SequencePoints>
              <BranchPoints>
                <BranchPoint vc="0" uspid="3258" ordinal="0" offset="21" sl="17" path="0" offsetend="23" fileid="120" />
                <BranchPoint vc="0" uspid="3259" ordinal="1" offset="21" sl="17" path="1" offsetend="34" fileid="120" />
              </BranchPoints>
              <MethodPoint xsi:type="SequencePoint" vc="0" uspid="3256" ordinal="0" offset="0" sl="17" sc="13" el="20" ec="55" bec="2" bev="0" fileid="120" />
            </Method>
            <Method visited="false" cyclomaticComplexity="1" nPathComplexity="0" sequenceCoverage="0" branchCoverage="0" crapScore="2" isConstructor="true" isStatic="true" isGetter="false" isSetter="false">
              <Summary numSequencePoints="1" visitedSequencePoints="0" numBranchPoints="1" visitedBranchPoints="0" sequenceCoverage="0" branchCoverage="0" maxCyclomaticComplexity="1" minCyclomaticComplexity="1" maxCrapScore="2" minCrapScore="2" visitedClasses="0" numClasses="0" visitedMethods="0" numMethods="1" />
              <MetadataToken>100663578</MetadataToken>
              <Name>System.Void Internal.Microsoft.DotNet.PlatformAbstractions.ApplicationEnvironment::.cctor()</Name>
              <FileRef uid="120" />
              <SequencePoints>
                <SequencePoint vc="0" uspid="3260" ordinal="0" offset="0" sl="13" sc="61" el="13" ec="85" bec="0" bev="0" fileid="120" />
              </SequencePoints>
              <BranchPoints />
              <MethodPoint xsi:type="SequencePoint" vc="0" uspid="3260" ordinal="0" offset="0" sl="13" sc="61" el="13" ec="85" bec="0" bev="0" fileid="120" />
            </Method>
          </Methods>
        </Class>
        <Class>
          <Summary numSequencePoints="15" visitedSequencePoints="0" numBranchPoints="13" visitedBranchPoints="0" sequenceCoverage="0" branchCoverage="0" maxCyclomaticComplexity="3" minCyclomaticComplexity="1" maxCrapScore="12" minCrapScore="2" visitedClasses="0" numClasses="1" visitedMethods="0" numMethods="7" />
          <FullName>Internal.Microsoft.DotNet.PlatformAbstractions.HashCodeCombiner</FullName>
          <Methods>
            <Method visited="false" cyclomaticComplexity="1" nPathComplexity="0" sequenceCoverage="0" branchCoverage="0" crapScore="2" isConstructor="false" isStatic="false" isGetter="true" isSetter="false">
              <Summary numSequencePoints="1" visitedSequencePoints="0" numBranchPoints="1" visitedBranchPoints="0" sequenceCoverage="0" branchCoverage="0" maxCyclomaticComplexity="1" minCyclomaticComplexity="1" maxCrapScore="2" minCrapScore="2" visitedClasses="0" numClasses="0" visitedMethods="0" numMethods="1" />
              <MetadataToken>100663579</MetadataToken>
              <Name>System.Int32 Internal.Microsoft.DotNet.PlatformAbstractions.HashCodeCombiner::get_CombinedHash()</Name>
              <FileRef uid="121" />
              <SequencePoints>
                <SequencePoint vc="0" uspid="3261" ordinal="0" offset="0" sl="18" sc="19" el="18" ec="56" bec="0" bev="0" fileid="121" />
              </SequencePoints>
              <BranchPoints />
              <MethodPoint xsi:type="SequencePoint" vc="0" uspid="3261" ordinal="0" offset="0" sl="18" sc="19" el="18" ec="56" bec="0" bev="0" fileid="121" />
            </Method>
            <Method visited="false" cyclomaticComplexity="1" nPathComplexity="0" sequenceCoverage="0" branchCoverage="0" crapScore="2" isConstructor="true" isStatic="false" isGetter="false" isSetter="false">
              <Summary numSequencePoints="2" visitedSequencePoints="0" numBranchPoints="1" visitedBranchPoints="0" sequenceCoverage="0" branchCoverage="0" maxCyclomaticComplexity="1" minCyclomaticComplexity="1" maxCrapScore="2" minCrapScore="2" visitedClasses="0" numClasses="0" visitedMethods="0" numMethods="1" />
              <MetadataToken>100663580</MetadataToken>
              <Name>System.Void Internal.Microsoft.DotNet.PlatformAbstractions.HashCodeCombiner::.ctor(System.Int64)</Name>
              <FileRef uid="121" />
              <SequencePoints>
                <SequencePoint vc="0" uspid="3262" ordinal="0" offset="0" sl="24" sc="13" el="24" ec="36" bec="0" bev="0" fileid="121" />
                <SequencePoint vc="0" uspid="3263" ordinal="1" offset="7" sl="25" sc="9" el="25" ec="10" bec="0" bev="0" fileid="121" />
              </SequencePoints>
              <BranchPoints />
              <MethodPoint xsi:type="SequencePoint" vc="0" uspid="3262" ordinal="0" offset="0" sl="24" sc="13" el="24" ec="36" bec="0" bev="0" fileid="121" />
            </Method>
            <Method visited="false" cyclomaticComplexity="1" nPathComplexity="0" sequenceCoverage="0" branchCoverage="0" crapScore="2" isConstructor="false" isStatic="false" isGetter="false" isSetter="false">
              <Summary numSequencePoints="2" visitedSequencePoints="0" numBranchPoints="1" visitedBranchPoints="0" sequenceCoverage="0" branchCoverage="0" maxCyclomaticComplexity="1" minCyclomaticComplexity="1" maxCrapScore="2" minCrapScore="2" visitedClasses="0" numClasses="0" visitedMethods="0" numMethods="1" />
              <MetadataToken>100663581</MetadataToken>
              <Name>System.Void Internal.Microsoft.DotNet.PlatformAbstractions.HashCodeCombiner::Add(System.Int32)</Name>
              <FileRef uid="121" />
              <SequencePoints>
                <SequencePoint vc="0" uspid="3264" ordinal="0" offset="0" sl="30" sc="13" el="30" ec="78" bec="0" bev="0" fileid="121" />
                <SequencePoint vc="0" uspid="3265" ordinal="1" offset="24" sl="31" sc="9" el="31" ec="10" bec="0" bev="0" fileid="121" />
              </SequencePoints>
              <BranchPoints />
              <MethodPoint xsi:type="SequencePoint" vc="0" uspid="3264" ordinal="0" offset="0" sl="30" sc="13" el="30" ec="78" bec="0" bev="0" fileid="121" />
            </Method>
            <Method visited="false" cyclomaticComplexity="3" nPathComplexity="2" sequenceCoverage="0" branchCoverage="0" crapScore="12" isConstructor="false" isStatic="false" isGetter="false" isSetter="false">
              <Summary numSequencePoints="3" visitedSequencePoints="0" numBranchPoints="3" visitedBranchPoints="0" sequenceCoverage="0" branchCoverage="0" maxCyclomaticComplexity="3" minCyclomaticComplexity="3" maxCrapScore="12" minCrapScore="12" visitedClasses="0" numClasses="0" visitedMethods="0" numMethods="1" />
              <MetadataToken>100663582</MetadataToken>
              <Name>System.Void Internal.Microsoft.DotNet.PlatformAbstractions.HashCodeCombiner::Add(System.String)</Name>
              <FileRef uid="121" />
              <SequencePoints>
                <SequencePoint vc="0" uspid="3266" ordinal="0" offset="0" sl="36" sc="13" el="36" ec="62" bec="2" bev="0" fileid="121" />
                <SequencePoint vc="0" uspid="3267" ordinal="1" offset="13" sl="37" sc="13" el="37" ec="27" bec="0" bev="0" fileid="121" />
                <SequencePoint vc="0" uspid="3268" ordinal="2" offset="20" sl="38" sc="9" el="38" ec="10" bec="0" bev="0" fileid="121" />
              </SequencePoints>
              <BranchPoints>
                <BranchPoint vc="0" uspid="3269" ordinal="0" offset="1" sl="36" path="0" offsetend="3" fileid="121" />
                <BranchPoint vc="0" uspid="3270" ordinal="1" offset="1" sl="36" path="1" offsetend="6" fileid="121" />
              </BranchPoints>
              <MethodPoint xsi:type="SequencePoint" vc="0" uspid="3266" ordinal="0" offset="0" sl="36" sc="13" el="36" ec="62" bec="2" bev="0" fileid="121" />
            </Method>
            <Method visited="false" cyclomaticComplexity="3" nPathComplexity="2" sequenceCoverage="0" branchCoverage="0" crapScore="12" isConstructor="false" isStatic="false" isGetter="false" isSetter="false">
              <Summary numSequencePoints="3" visitedSequencePoints="0" numBranchPoints="3" visitedBranchPoints="0" sequenceCoverage="0" branchCoverage="0" maxCyclomaticComplexity="3" minCyclomaticComplexity="3" maxCrapScore="12" minCrapScore="12" visitedClasses="0" numClasses="0" visitedMethods="0" numMethods="1" />
              <MetadataToken>100663583</MetadataToken>
              <Name>System.Void Internal.Microsoft.DotNet.PlatformAbstractions.HashCodeCombiner::Add(System.Object)</Name>
              <FileRef uid="121" />
              <SequencePoints>
                <SequencePoint vc="0" uspid="3271" ordinal="0" offset="0" sl="43" sc="13" el="43" ec="62" bec="2" bev="0" fileid="121" />
                <SequencePoint vc="0" uspid="3272" ordinal="1" offset="13" sl="44" sc="13" el="44" ec="27" bec="0" bev="0" fileid="121" />
                <SequencePoint vc="0" uspid="3273" ordinal="2" offset="20" sl="45" sc="9" el="45" ec="10" bec="0" bev="0" fileid="121" />
              </SequencePoints>
              <BranchPoints>
                <BranchPoint vc="0" uspid="3274" ordinal="0" offset="1" sl="43" path="0" offsetend="3" fileid="121" />
                <BranchPoint vc="0" uspid="3275" ordinal="1" offset="1" sl="43" path="1" offsetend="6" fileid="121" />
              </BranchPoints>
              <MethodPoint xsi:type="SequencePoint" vc="0" uspid="3271" ordinal="0" offset="0" sl="43" sc="13" el="43" ec="62" bec="2" bev="0" fileid="121" />
            </Method>
            <Method visited="false" cyclomaticComplexity="3" nPathComplexity="2" sequenceCoverage="0" branchCoverage="0" crapScore="12" isConstructor="false" isStatic="false" isGetter="false" isSetter="false">
              <Summary numSequencePoints="3" visitedSequencePoints="0" numBranchPoints="3" visitedBranchPoints="0" sequenceCoverage="0" branchCoverage="0" maxCyclomaticComplexity="3" minCyclomaticComplexity="3" maxCrapScore="12" minCrapScore="12" visitedClasses="0" numClasses="0" visitedMethods="0" numMethods="1" />
              <MetadataToken>100663584</MetadataToken>
              <Name>System.Void Internal.Microsoft.DotNet.PlatformAbstractions.HashCodeCombiner::Add(TValue,System.Collections.Generic.IEqualityComparer`1&lt;TValue&gt;)</Name>
              <FileRef uid="121" />
              <SequencePoints>
                <SequencePoint vc="0" uspid="3276" ordinal="0" offset="0" sl="50" sc="13" el="50" ec="76" bec="2" bev="0" fileid="121" />
                <SequencePoint vc="0" uspid="3277" ordinal="1" offset="19" sl="51" sc="13" el="51" ec="27" bec="0" bev="0" fileid="121" />
                <SequencePoint vc="0" uspid="3278" ordinal="2" offset="26" sl="52" sc="9" el="52" ec="10" bec="0" bev="0" fileid="121" />
              </SequencePoints>
              <BranchPoints>
                <BranchPoint vc="0" uspid="3279" ordinal="0" offset="6" sl="50" path="0" offsetend="8" fileid="121" />
                <BranchPoint vc="0" uspid="3280" ordinal="1" offset="6" sl="50" path="1" offsetend="11" fileid="121" />
              </BranchPoints>
              <MethodPoint xsi:type="SequencePoint" vc="0" uspid="3276" ordinal="0" offset="0" sl="50" sc="13" el="50" ec="76" bec="2" bev="0" fileid="121" />
            </Method>
            <Method visited="false" cyclomaticComplexity="1" nPathComplexity="0" sequenceCoverage="0" branchCoverage="0" crapScore="2" isConstructor="false" isStatic="true" isGetter="false" isSetter="false">
              <Summary numSequencePoints="1" visitedSequencePoints="0" numBranchPoints="1" visitedBranchPoints="0" sequenceCoverage="0" branchCoverage="0" maxCyclomaticComplexity="1" minCyclomaticComplexity="1" maxCrapScore="2" minCrapScore="2" visitedClasses="0" numClasses="0" visitedMethods="0" numMethods="1" />
              <MetadataToken>100663585</MetadataToken>
              <Name>Internal.Microsoft.DotNet.PlatformAbstractions.HashCodeCombiner Internal.Microsoft.DotNet.PlatformAbstractions.HashCodeCombiner::Start()</Name>
              <FileRef uid="121" />
              <SequencePoints>
                <SequencePoint vc="0" uspid="3281" ordinal="0" offset="0" sl="57" sc="13" el="57" ec="50" bec="0" bev="0" fileid="121" />
              </SequencePoints>
              <BranchPoints />
              <MethodPoint xsi:type="SequencePoint" vc="0" uspid="3281" ordinal="0" offset="0" sl="57" sc="13" el="57" ec="50" bec="0" bev="0" fileid="121" />
            </Method>
          </Methods>
        </Class>
        <Class>
          <Summary numSequencePoints="37" visitedSequencePoints="0" numBranchPoints="37" visitedBranchPoints="0" sequenceCoverage="0" branchCoverage="0" maxCyclomaticComplexity="6" minCyclomaticComplexity="1" maxCrapScore="42" minCrapScore="2" visitedClasses="0" numClasses="1" visitedMethods="0" numMethods="11" />
          <FullName>Internal.Microsoft.DotNet.PlatformAbstractions.RuntimeEnvironment</FullName>
          <Methods>
            <Method visited="false" cyclomaticComplexity="1" nPathComplexity="0" sequenceCoverage="0" branchCoverage="0" crapScore="2" isConstructor="false" isStatic="true" isGetter="true" isSetter="false">
              <Summary numSequencePoints="1" visitedSequencePoints="0" numBranchPoints="1" visitedBranchPoints="0" sequenceCoverage="0" branchCoverage="0" maxCyclomaticComplexity="1" minCyclomaticComplexity="1" maxCrapScore="2" minCrapScore="2" visitedClasses="0" numClasses="0" visitedMethods="0" numMethods="1" />
              <MetadataToken>100663586</MetadataToken>
              <Name>Internal.Microsoft.DotNet.PlatformAbstractions.Platform Internal.Microsoft.DotNet.PlatformAbstractions.RuntimeEnvironment::get_OperatingSystemPlatform()</Name>
              <FileRef uid="122" />
              <SequencePoints>
                <SequencePoint vc="0" uspid="3282" ordinal="0" offset="0" sl="15" sc="58" el="15" ec="62" bec="0" bev="0" fileid="122" />
              </SequencePoints>
              <BranchPoints />
              <MethodPoint xsi:type="SequencePoint" vc="0" uspid="3282" ordinal="0" offset="0" sl="15" sc="58" el="15" ec="62" bec="0" bev="0" fileid="122" />
            </Method>
            <Method visited="false" cyclomaticComplexity="1" nPathComplexity="0" sequenceCoverage="0" branchCoverage="0" crapScore="2" isConstructor="false" isStatic="true" isGetter="true" isSetter="false">
              <Summary numSequencePoints="1" visitedSequencePoints="0" numBranchPoints="1" visitedBranchPoints="0" sequenceCoverage="0" branchCoverage="0" maxCyclomaticComplexity="1" minCyclomaticComplexity="1" maxCrapScore="2" minCrapScore="2" visitedClasses="0" numClasses="0" visitedMethods="0" numMethods="1" />
              <MetadataToken>100663587</MetadataToken>
              <Name>System.String Internal.Microsoft.DotNet.PlatformAbstractions.RuntimeEnvironment::get_OperatingSystemVersion()</Name>
              <FileRef uid="122" />
              <SequencePoints>
                <SequencePoint vc="0" uspid="3283" ordinal="0" offset="0" sl="17" sc="55" el="17" ec="59" bec="0" bev="0" fileid="122" />
              </SequencePoints>
              <BranchPoints />
              <MethodPoint xsi:type="SequencePoint" vc="0" uspid="3283" ordinal="0" offset="0" sl="17" sc="55" el="17" ec="59" bec="0" bev="0" fileid="122" />
            </Method>
            <Method visited="false" cyclomaticComplexity="1" nPathComplexity="0" sequenceCoverage="0" branchCoverage="0" crapScore="2" isConstructor="false" isStatic="true" isGetter="true" isSetter="false">
              <Summary numSequencePoints="1" visitedSequencePoints="0" numBranchPoints="1" visitedBranchPoints="0" sequenceCoverage="0" branchCoverage="0" maxCyclomaticComplexity="1" minCyclomaticComplexity="1" maxCrapScore="2" minCrapScore="2" visitedClasses="0" numClasses="0" visitedMethods="0" numMethods="1" />
              <MetadataToken>100663588</MetadataToken>
              <Name>System.String Internal.Microsoft.DotNet.PlatformAbstractions.RuntimeEnvironment::get_OperatingSystem()</Name>
              <FileRef uid="122" />
              <SequencePoints>
                <SequencePoint vc="0" uspid="3284" ordinal="0" offset="0" sl="19" sc="48" el="19" ec="52" bec="0" bev="0" fileid="122" />
              </SequencePoints>
              <BranchPoints />
              <MethodPoint xsi:type="SequencePoint" vc="0" uspid="3284" ordinal="0" offset="0" sl="19" sc="48" el="19" ec="52" bec="0" bev="0" fileid="122" />
            </Method>
            <Method visited="false" cyclomaticComplexity="1" nPathComplexity="0" sequenceCoverage="0" branchCoverage="0" crapScore="2" isConstructor="false" isStatic="true" isGetter="true" isSetter="false">
              <Summary numSequencePoints="1" visitedSequencePoints="0" numBranchPoints="1" visitedBranchPoints="0" sequenceCoverage="0" branchCoverage="0" maxCyclomaticComplexity="1" minCyclomaticComplexity="1" maxCrapScore="2" minCrapScore="2" visitedClasses="0" numClasses="0" visitedMethods="0" numMethods="1" />
              <MetadataToken>100663589</MetadataToken>
              <Name>System.String Internal.Microsoft.DotNet.PlatformAbstractions.RuntimeEnvironment::get_RuntimeArchitecture()</Name>
              <FileRef uid="122" />
              <SequencePoints>
                <SequencePoint vc="0" uspid="3285" ordinal="0" offset="0" sl="21" sc="52" el="21" ec="56" bec="0" bev="0" fileid="122" />
              </SequencePoints>
              <BranchPoints />
              <MethodPoint xsi:type="SequencePoint" vc="0" uspid="3285" ordinal="0" offset="0" sl="21" sc="52" el="21" ec="56" bec="0" bev="0" fileid="122" />
            </Method>
            <Method visited="false" cyclomaticComplexity="2" nPathComplexity="2" sequenceCoverage="0" branchCoverage="0" crapScore="6" isConstructor="false" isStatic="true" isGetter="false" isSetter="false">
              <Summary numSequencePoints="1" visitedSequencePoints="0" numBranchPoints="3" visitedBranchPoints="0" sequenceCoverage="0" branchCoverage="0" maxCyclomaticComplexity="2" minCyclomaticComplexity="2" maxCrapScore="6" minCrapScore="6" visitedClasses="0" numClasses="0" visitedMethods="0" numMethods="1" />
              <MetadataToken>100663590</MetadataToken>
              <Name>System.String Internal.Microsoft.DotNet.PlatformAbstractions.RuntimeEnvironment::GetArch()</Name>
              <FileRef uid="122" />
              <SequencePoints>
                <SequencePoint vc="0" uspid="3286" ordinal="0" offset="0" sl="28" sc="13" el="28" ec="53" bec="2" bev="0" fileid="122" />
              </SequencePoints>
              <BranchPoints>
                <BranchPoint vc="0" uspid="3287" ordinal="0" offset="6" sl="28" path="0" offsetend="8" fileid="122" />
                <BranchPoint vc="0" uspid="3288" ordinal="1" offset="6" sl="28" path="1" offsetend="14" fileid="122" />
              </BranchPoints>
              <MethodPoint xsi:type="SequencePoint" vc="0" uspid="3286" ordinal="0" offset="0" sl="28" sc="13" el="28" ec="53" bec="2" bev="0" fileid="122" />
            </Method>
            <Method visited="false" cyclomaticComplexity="2" nPathComplexity="2" sequenceCoverage="0" branchCoverage="0" crapScore="6" isConstructor="false" isStatic="true" isGetter="false" isSetter="false">
              <Summary numSequencePoints="1" visitedSequencePoints="0" numBranchPoints="3" visitedBranchPoints="0" sequenceCoverage="0" branchCoverage="0" maxCyclomaticComplexity="2" minCyclomaticComplexity="2" maxCrapScore="6" minCrapScore="6" visitedClasses="0" numClasses="0" visitedMethods="0" numMethods="1" />
              <MetadataToken>100663591</MetadataToken>
              <Name>System.String Internal.Microsoft.DotNet.PlatformAbstractions.RuntimeEnvironment::GetRuntimeIdentifier()</Name>
              <FileRef uid="122" />
              <SequencePoints>
                <SequencePoint vc="0" uspid="3289" ordinal="0" offset="0" sl="34" sc="13" el="36" ec="63" bec="2" bev="0" fileid="122" />
              </SequencePoints>
              <BranchPoints>
                <BranchPoint vc="0" uspid="3290" ordinal="0" offset="11" sl="34" path="0" offsetend="13" fileid="122" />
                <BranchPoint vc="0" uspid="3291" ordinal="1" offset="11" sl="34" path="1" offsetend="34" fileid="122" />
              </BranchPoints>
              <MethodPoint xsi:type="SequencePoint" vc="0" uspid="3289" ordinal="0" offset="0" sl="34" sc="13" el="36" ec="63" bec="2" bev="0" fileid="122" />
            </Method>
            <Method visited="false" cyclomaticComplexity="2" nPathComplexity="2" sequenceCoverage="0" branchCoverage="0" crapScore="6" isConstructor="false" isStatic="true" isGetter="false" isSetter="false">
              <Summary numSequencePoints="3" visitedSequencePoints="0" numBranchPoints="3" visitedBranchPoints="0" sequenceCoverage="0" branchCoverage="0" maxCyclomaticComplexity="2" minCyclomaticComplexity="2" maxCrapScore="6" minCrapScore="6" visitedClasses="0" numClasses="0" visitedMethods="0" numMethods="1" />
              <MetadataToken>100663592</MetadataToken>
              <Name>System.String Internal.Microsoft.DotNet.PlatformAbstractions.RuntimeEnvironment::GetRIDArch()</Name>
              <FileRef uid="122" />
              <SequencePoints>
                <SequencePoint vc="0" uspid="3292" ordinal="0" offset="0" sl="41" sc="13" el="41" ec="60" bec="2" bev="0" fileid="122" />
                <SequencePoint vc="0" uspid="3293" ordinal="1" offset="12" sl="43" sc="17" el="43" ec="69" bec="0" bev="0" fileid="122" />
                <SequencePoint vc="0" uspid="3294" ordinal="2" offset="33" sl="45" sc="13" el="45" ec="33" bec="0" bev="0" fileid="122" />
              </SequencePoints>
              <BranchPoints>
                <BranchPoint vc="0" uspid="3295" ordinal="0" offset="10" sl="41" path="0" offsetend="12" fileid="122" />
                <BranchPoint vc="0" uspid="3296" ordinal="1" offset="10" sl="41" path="1" offsetend="33" fileid="122" />
              </BranchPoints>
              <MethodPoint xsi:type="SequencePoint" vc="0" uspid="3292" ordinal="0" offset="0" sl="41" sc="13" el="41" ec="60" bec="2" bev="0" fileid="122" />
            </Method>
            <Method visited="false" cyclomaticComplexity="6" nPathComplexity="8" sequenceCoverage="0" branchCoverage="0" crapScore="42" isConstructor="false" isStatic="true" isGetter="false" isSetter="false">
              <Summary numSequencePoints="7" visitedSequencePoints="0" numBranchPoints="7" visitedBranchPoints="0" sequenceCoverage="0" branchCoverage="0" maxCyclomaticComplexity="6" minCyclomaticComplexity="6" maxCrapScore="42" minCrapScore="42" visitedClasses="0" numClasses="0" visitedMethods="0" numMethods="1" />
              <MetadataToken>100663593</MetadataToken>
              <Name>System.String Internal.Microsoft.DotNet.PlatformAbstractions.RuntimeEnvironment::GetRIDVersion()</Name>
              <FileRef uid="122" />
              <SequencePoints>
                <SequencePoint vc="0" uspid="3297" ordinal="0" offset="0" sl="52" sc="13" el="52" ec="45" bec="4" bev="0" fileid="122" />
                <SequencePoint vc="0" uspid="3298" ordinal="1" offset="28" sl="55" sc="21" el="55" ec="55" bec="0" bev="0" fileid="122" />
                <SequencePoint vc="0" uspid="3299" ordinal="2" offset="34" sl="57" sc="21" el="57" ec="70" bec="2" bev="0" fileid="122" />
                <SequencePoint vc="0" uspid="3300" ordinal="3" offset="46" sl="59" sc="25" el="59" ec="45" bec="0" bev="0" fileid="122" />
                <SequencePoint vc="0" uspid="3301" ordinal="4" offset="52" sl="62" sc="21" el="62" ec="57" bec="0" bev="0" fileid="122" />
                <SequencePoint vc="0" uspid="3302" ordinal="5" offset="68" sl="64" sc="21" el="64" ec="57" bec="0" bev="0" fileid="122" />
                <SequencePoint vc="0" uspid="3303" ordinal="6" offset="84" sl="66" sc="21" el="66" ec="41" bec="0" bev="0" fileid="122" />
              </SequencePoints>
              <BranchPoints>
                <BranchPoint vc="0" uspid="3304" ordinal="0" offset="9" sl="52" path="0" offsetchain="26" offsetend="84" fileid="122" />
                <BranchPoint vc="0" uspid="3305" ordinal="1" offset="9" sl="52" path="1" offsetend="28" fileid="122" />
                <BranchPoint vc="0" uspid="3306" ordinal="2" offset="9" sl="52" path="2" offsetend="34" fileid="122" />
                <BranchPoint vc="0" uspid="3307" ordinal="3" offset="9" sl="52" path="3" offsetend="68" fileid="122" />
                <BranchPoint vc="0" uspid="3308" ordinal="4" offset="44" sl="57" path="0" offsetend="46" fileid="122" />
                <BranchPoint vc="0" uspid="3309" ordinal="5" offset="44" sl="57" path="1" offsetend="52" fileid="122" />
              </BranchPoints>
              <MethodPoint xsi:type="SequencePoint" vc="0" uspid="3297" ordinal="0" offset="0" sl="52" sc="13" el="52" ec="45" bec="4" bev="0" fileid="122" />
            </Method>
            <Method visited="false" cyclomaticComplexity="6" nPathComplexity="32" sequenceCoverage="0" branchCoverage="0" crapScore="42" isConstructor="false" isStatic="true" isGetter="false" isSetter="false">
              <Summary numSequencePoints="11" visitedSequencePoints="0" numBranchPoints="11" visitedBranchPoints="0" sequenceCoverage="0" branchCoverage="0" maxCyclomaticComplexity="6" minCyclomaticComplexity="6" maxCrapScore="42" minCrapScore="42" visitedClasses="0" numClasses="0" visitedMethods="0" numMethods="1" />
              <MetadataToken>100663594</MetadataToken>
              <Name>System.String Internal.Microsoft.DotNet.PlatformAbstractions.RuntimeEnvironment::GetWindowsProductVersion()</Name>
              <FileRef uid="122" />
              <SequencePoints>
                <SequencePoint vc="0" uspid="3310" ordinal="0" offset="0" sl="72" sc="13" el="72" ec="61" bec="0" bev="0" fileid="122" />
                <SequencePoint vc="0" uspid="3311" ordinal="1" offset="11" sl="73" sc="13" el="73" ec="32" bec="2" bev="0" fileid="122" />
                <SequencePoint vc="0" uspid="3312" ordinal="2" offset="20" sl="75" sc="17" el="75" ec="36" bec="2" bev="0" fileid="122" />
                <SequencePoint vc="0" uspid="3313" ordinal="3" offset="29" sl="77" sc="21" el="77" ec="32" bec="0" bev="0" fileid="122" />
                <SequencePoint vc="0" uspid="3314" ordinal="4" offset="35" sl="79" sc="22" el="79" ec="41" bec="2" bev="0" fileid="122" />
                <SequencePoint vc="0" uspid="3315" ordinal="5" offset="44" sl="81" sc="21" el="81" ec="32" bec="0" bev="0" fileid="122" />
                <SequencePoint vc="0" uspid="3316" ordinal="6" offset="50" sl="83" sc="22" el="83" ec="41" bec="2" bev="0" fileid="122" />
                <SequencePoint vc="0" uspid="3317" ordinal="7" offset="59" sl="85" sc="21" el="85" ec="33" bec="0" bev="0" fileid="122" />
                <SequencePoint vc="0" uspid="3318" ordinal="8" offset="65" sl="88" sc="18" el="88" ec="38" bec="2" bev="0" fileid="122" />
                <SequencePoint vc="0" uspid="3319" ordinal="9" offset="75" sl="91" sc="17" el="91" ec="45" bec="0" bev="0" fileid="122" />
                <SequencePoint vc="0" uspid="3320" ordinal="10" offset="90" sl="93" sc="13" el="93" ec="33" bec="0" bev="0" fileid="122" />
              </SequencePoints>
              <BranchPoints>
                <BranchPoint vc="0" uspid="3321" ordinal="0" offset="18" sl="73" path="0" offsetend="20" fileid="122" />
                <BranchPoint vc="0" uspid="3322" ordinal="1" offset="18" sl="73" path="1" offsetend="65" fileid="122" />
                <BranchPoint vc="0" uspid="3323" ordinal="2" offset="27" sl="75" path="0" offsetend="29" fileid="122" />
                <BranchPoint vc="0" uspid="3324" ordinal="3" offset="27" sl="75" path="1" offsetend="35" fileid="122" />
                <BranchPoint vc="0" uspid="3325" ordinal="4" offset="42" sl="79" path="0" offsetend="44" fileid="122" />
                <BranchPoint vc="0" uspid="3326" ordinal="5" offset="42" sl="79" path="1" offsetend="50" fileid="122" />
                <BranchPoint vc="0" uspid="3327" ordinal="6" offset="57" sl="83" path="0" offsetend="59" fileid="122" />
                <BranchPoint vc="0" uspid="3328" ordinal="7" offset="57" sl="83" path="1" offsetend="90" fileid="122" />
                <BranchPoint vc="0" uspid="3329" ordinal="8" offset="73" sl="88" path="0" offsetend="75" fileid="122" />
                <BranchPoint vc="0" uspid="3330" ordinal="9" offset="73" sl="88" path="1" offsetend="90" fileid="122" />
              </BranchPoints>
              <MethodPoint xsi:type="SequencePoint" vc="0" uspid="3310" ordinal="0" offset="0" sl="72" sc="13" el="72" ec="61" bec="0" bev="0" fileid="122" />
            </Method>
            <Method visited="false" cyclomaticComplexity="5" nPathComplexity="4" sequenceCoverage="0" branchCoverage="0" crapScore="30" isConstructor="false" isStatic="true" isGetter="false" isSetter="false">
              <Summary numSequencePoints="5" visitedSequencePoints="0" numBranchPoints="5" visitedBranchPoints="0" sequenceCoverage="0" branchCoverage="0" maxCyclomaticComplexity="5" minCyclomaticComplexity="5" maxCrapScore="30" minCrapScore="30" visitedClasses="0" numClasses="0" visitedMethods="0" numMethods="1" />
              <MetadataToken>100663595</MetadataToken>
              <Name>System.String Internal.Microsoft.DotNet.PlatformAbstractions.RuntimeEnvironment::GetRIDOS()</Name>
              <FileRef uid="122" />
              <SequencePoints>
                <SequencePoint vc="0" uspid="3331" ordinal="0" offset="0" sl="98" sc="13" el="98" ec="45" bec="4" bev="0" fileid="122" />
                <SequencePoint vc="0" uspid="3332" ordinal="1" offset="28" sl="101" sc="21" el="101" ec="34" bec="0" bev="0" fileid="122" />
                <SequencePoint vc="0" uspid="3333" ordinal="2" offset="34" sl="103" sc="21" el="103" ec="63" bec="0" bev="0" fileid="122" />
                <SequencePoint vc="0" uspid="3334" ordinal="3" offset="45" sl="105" sc="21" el="105" ec="34" bec="0" bev="0" fileid="122" />
                <SequencePoint vc="0" uspid="3335" ordinal="4" offset="51" sl="107" sc="21" el="107" ec="38" bec="0" bev="0" fileid="122" />
              </SequencePoints>
              <BranchPoints>
                <BranchPoint vc="0" uspid="3336" ordinal="0" offset="9" sl="98" path="0" offsetchain="26" offsetend="51" fileid="122" />
                <BranchPoint vc="0" uspid="3337" ordinal="1" offset="9" sl="98" path="1" offsetend="28" fileid="122" />
                <BranchPoint vc="0" uspid="3338" ordinal="2" offset="9" sl="98" path="2" offsetend="34" fileid="122" />
                <BranchPoint vc="0" uspid="3339" ordinal="3" offset="9" sl="98" path="3" offsetend="45" fileid="122" />
              </BranchPoints>
              <MethodPoint xsi:type="SequencePoint" vc="0" uspid="3331" ordinal="0" offset="0" sl="98" sc="13" el="98" ec="45" bec="4" bev="0" fileid="122" />
            </Method>
            <Method visited="false" cyclomaticComplexity="1" nPathComplexity="0" sequenceCoverage="0" branchCoverage="0" crapScore="2" isConstructor="true" isStatic="true" isGetter="false" isSetter="false">
              <Summary numSequencePoints="5" visitedSequencePoints="0" numBranchPoints="1" visitedBranchPoints="0" sequenceCoverage="0" branchCoverage="0" maxCyclomaticComplexity="1" minCyclomaticComplexity="1" maxCrapScore="2" minCrapScore="2" visitedClasses="0" numClasses="0" visitedMethods="0" numMethods="1" />
              <MetadataToken>100663596</MetadataToken>
              <Name>System.Void Internal.Microsoft.DotNet.PlatformAbstractions.RuntimeEnvironment::.cctor()</Name>
              <FileRef uid="122" />
              <SequencePoints>
                <SequencePoint vc="0" uspid="3340" ordinal="0" offset="0" sl="13" sc="9" el="13" ec="94" bec="0" bev="0" fileid="122" />
                <SequencePoint vc="0" uspid="3341" ordinal="1" offset="10" sl="15" sc="67" el="15" ec="95" bec="0" bev="0" fileid="122" />
                <SequencePoint vc="0" uspid="3342" ordinal="2" offset="20" sl="17" sc="64" el="17" ec="91" bec="0" bev="0" fileid="122" />
                <SequencePoint vc="0" uspid="3343" ordinal="3" offset="30" sl="19" sc="57" el="19" ec="81" bec="0" bev="0" fileid="122" />
                <SequencePoint vc="0" uspid="3344" ordinal="4" offset="40" sl="21" sc="61" el="21" ec="70" bec="0" bev="0" fileid="122" />
              </SequencePoints>
              <BranchPoints />
              <MethodPoint xsi:type="SequencePoint" vc="0" uspid="3340" ordinal="0" offset="0" sl="13" sc="9" el="13" ec="94" bec="0" bev="0" fileid="122" />
            </Method>
          </Methods>
        </Class>
        <Class>
          <Summary numSequencePoints="0" visitedSequencePoints="0" numBranchPoints="0" visitedBranchPoints="0" sequenceCoverage="0" branchCoverage="0" maxCyclomaticComplexity="0" minCyclomaticComplexity="0" maxCrapScore="0" minCrapScore="0" visitedClasses="0" numClasses="0" visitedMethods="0" numMethods="0" />
          <FullName>Internal.Microsoft.DotNet.PlatformAbstractions.Native.NativeMethods</FullName>
          <Methods />
        </Class>
        <Class>
          <Summary numSequencePoints="13" visitedSequencePoints="0" numBranchPoints="5" visitedBranchPoints="0" sequenceCoverage="0" branchCoverage="0" maxCyclomaticComplexity="3" minCyclomaticComplexity="3" maxCrapScore="12" minCrapScore="12" visitedClasses="0" numClasses="1" visitedMethods="0" numMethods="1" />
          <FullName>Internal.Microsoft.DotNet.PlatformAbstractions.Native.NativeMethods/Darwin</FullName>
          <Methods>
            <Method visited="false" cyclomaticComplexity="3" nPathComplexity="4" sequenceCoverage="0" branchCoverage="0" crapScore="12" isConstructor="false" isStatic="true" isGetter="false" isSetter="false">
              <Summary numSequencePoints="13" visitedSequencePoints="0" numBranchPoints="5" visitedBranchPoints="0" sequenceCoverage="0" branchCoverage="0" maxCyclomaticComplexity="3" minCyclomaticComplexity="3" maxCrapScore="12" minCrapScore="12" visitedClasses="0" numClasses="0" visitedMethods="0" numMethods="1" />
              <MetadataToken>100664890</MetadataToken>
              <Name>System.String Internal.Microsoft.DotNet.PlatformAbstractions.Native.NativeMethods/Darwin::GetKernelRelease()</Name>
              <FileRef uid="123" />
              <SequencePoints>
                <SequencePoint vc="0" uspid="3345" ordinal="0" offset="0" sl="22" sc="17" el="22" ec="46" bec="0" bev="0" fileid="123" />
                <SequencePoint vc="0" uspid="3346" ordinal="1" offset="7" sl="23" sc="17" el="23" ec="36" bec="0" bev="0" fileid="123" />
                <SequencePoint vc="0" uspid="3347" ordinal="2" offset="10" sl="24" sc="17" el="24" ec="42" bec="0" bev="0" fileid="123" />
                <SequencePoint vc="0" uspid="3348" ordinal="3" offset="15" sl="26" sc="17" el="26" ec="63" bec="0" bev="0" fileid="123" />
                <SequencePoint vc="0" uspid="3349" ordinal="4" offset="23" sl="27" sc="17" el="27" ec="46" bec="0" bev="0" fileid="123" />
                <SequencePoint vc="0" uspid="3350" ordinal="5" offset="30" sl="28" sc="17" el="28" ec="38" bec="0" bev="0" fileid="123" />
                <SequencePoint vc="0" uspid="3351" ordinal="6" offset="34" sl="35" sc="21" el="35" ec="96" bec="3" bev="0" fileid="123" />
                <SequencePoint vc="0" uspid="3352" ordinal="7" offset="57" sl="37" sc="25" el="37" ec="80" bec="0" bev="0" fileid="123" />
                <SequencePoint vc="0" uspid="3353" ordinal="8" offset="73" sl="39" sc="17" el="39" ec="18" bec="0" bev="0" fileid="123" />
                <SequencePoint vc="0" uspid="3354" ordinal="9" offset="75" sl="40" sc="17" el="40" ec="37" bec="0" bev="0" fileid="123" />
                <SequencePoint vc="0" uspid="3355" ordinal="10" offset="77" sl="42" sc="21" el="42" ec="104" bec="0" bev="0" fileid="123" />
                <SequencePoint vc="0" uspid="3356" ordinal="11" offset="90" sl="44" sc="17" el="44" ec="104" bec="0" bev="0" fileid="123" />
                <SequencePoint vc="0" uspid="3357" ordinal="12" offset="101" sl="45" sc="13" el="45" ec="14" bec="0" bev="0" fileid="123" />
              </SequencePoints>
              <BranchPoints>
                <BranchPoint vc="0" uspid="3358" ordinal="0" offset="49" sl="35" path="0" offsetend="51" fileid="123" />
                <BranchPoint vc="0" uspid="3359" ordinal="1" offset="49" sl="35" path="1" offsetend="73" fileid="123" />
                <BranchPoint vc="0" uspid="3360" ordinal="2" offset="55" sl="35" path="0" offsetend="57" fileid="123" />
                <BranchPoint vc="0" uspid="3361" ordinal="3" offset="55" sl="35" path="1" offsetend="73" fileid="123" />
              </BranchPoints>
              <MethodPoint xsi:type="SequencePoint" vc="0" uspid="3345" ordinal="0" offset="0" sl="22" sc="17" el="22" ec="46" bec="0" bev="0" fileid="123" />
            </Method>
            <Method skippedDueTo="Unknown" visited="false" cyclomaticComplexity="0" nPathComplexity="0" sequenceCoverage="0" branchCoverage="0" crapScore="0" isConstructor="false" isStatic="true" isGetter="false" isSetter="false">
              <MetadataToken>100664891</MetadataToken>
              <Name>System.Int32 Internal.Microsoft.DotNet.PlatformAbstractions.Native.NativeMethods/Darwin::sysctl(System.Int32*,System.UInt32,System.Byte*,System.UInt32*,System.IntPtr,System.UInt32)</Name>
              <SequencePoints />
              <BranchPoints />
            </Method>
          </Methods>
        </Class>
        <Class>
          <Summary numSequencePoints="8" visitedSequencePoints="0" numBranchPoints="3" visitedBranchPoints="0" sequenceCoverage="0" branchCoverage="0" maxCyclomaticComplexity="2" minCyclomaticComplexity="2" maxCrapScore="6" minCrapScore="6" visitedClasses="0" numClasses="1" visitedMethods="0" numMethods="1" />
          <FullName>Internal.Microsoft.DotNet.PlatformAbstractions.Native.NativeMethods/Unix</FullName>
          <Methods>
            <Method visited="false" cyclomaticComplexity="2" nPathComplexity="2" sequenceCoverage="0" branchCoverage="0" crapScore="6" isConstructor="false" isStatic="true" isGetter="false" isSetter="false">
              <Summary numSequencePoints="8" visitedSequencePoints="0" numBranchPoints="3" visitedBranchPoints="0" sequenceCoverage="0" branchCoverage="0" maxCyclomaticComplexity="2" minCyclomaticComplexity="2" maxCrapScore="6" minCrapScore="6" visitedClasses="0" numClasses="0" visitedMethods="0" numMethods="1" />
              <MetadataToken>100664892</MetadataToken>
              <Name>System.String Internal.Microsoft.DotNet.PlatformAbstractions.Native.NativeMethods/Unix::GetUname()</Name>
              <FileRef uid="124" />
              <SequencePoints>
                <SequencePoint vc="0" uspid="3362" ordinal="0" offset="0" sl="18" sc="17" el="18" ec="49" bec="0" bev="0" fileid="124" />
                <SequencePoint vc="0" uspid="3363" ordinal="1" offset="11" sl="22" sc="21" el="22" ec="49" bec="2" bev="0" fileid="124" />
                <SequencePoint vc="0" uspid="3364" ordinal="2" offset="24" sl="24" sc="25" el="24" ec="69" bec="0" bev="0" fileid="124" />
                <SequencePoint vc="0" uspid="3365" ordinal="3" offset="38" sl="26" sc="17" el="26" ec="18" bec="0" bev="0" fileid="124" />
                <SequencePoint vc="0" uspid="3366" ordinal="4" offset="40" sl="27" sc="17" el="27" ec="37" bec="0" bev="0" fileid="124" />
                <SequencePoint vc="0" uspid="3367" ordinal="5" offset="41" sl="29" sc="21" el="29" ec="92" bec="0" bev="0" fileid="124" />
                <SequencePoint vc="0" uspid="3368" ordinal="6" offset="53" sl="31" sc="17" el="31" ec="92" bec="0" bev="0" fileid="124" />
                <SequencePoint vc="0" uspid="3369" ordinal="7" offset="64" sl="32" sc="13" el="32" ec="14" bec="0" bev="0" fileid="124" />
              </SequencePoints>
              <BranchPoints>
                <BranchPoint vc="0" uspid="3370" ordinal="0" offset="22" sl="22" path="0" offsetend="24" fileid="124" />
                <BranchPoint vc="0" uspid="3371" ordinal="1" offset="22" sl="22" path="1" offsetend="38" fileid="124" />
              </BranchPoints>
              <MethodPoint xsi:type="SequencePoint" vc="0" uspid="3362" ordinal="0" offset="0" sl="18" sc="17" el="18" ec="49" bec="0" bev="0" fileid="124" />
            </Method>
            <Method skippedDueTo="Unknown" visited="false" cyclomaticComplexity="0" nPathComplexity="0" sequenceCoverage="0" branchCoverage="0" crapScore="0" isConstructor="false" isStatic="true" isGetter="false" isSetter="false">
              <MetadataToken>100664893</MetadataToken>
              <Name>System.Int32 Internal.Microsoft.DotNet.PlatformAbstractions.Native.NativeMethods/Unix::uname(System.IntPtr)</Name>
              <SequencePoints />
              <BranchPoints />
            </Method>
          </Methods>
        </Class>
        <Class>
          <Summary numSequencePoints="5" visitedSequencePoints="0" numBranchPoints="3" visitedBranchPoints="0" sequenceCoverage="0" branchCoverage="0" maxCyclomaticComplexity="2" minCyclomaticComplexity="2" maxCrapScore="6" minCrapScore="6" visitedClasses="0" numClasses="1" visitedMethods="0" numMethods="1" />
          <FullName>Internal.Microsoft.DotNet.PlatformAbstractions.Native.NativeMethods/Windows</FullName>
          <Methods>
            <Method skippedDueTo="Unknown" visited="false" cyclomaticComplexity="0" nPathComplexity="0" sequenceCoverage="0" branchCoverage="0" crapScore="0" isConstructor="false" isStatic="true" isGetter="false" isSetter="false">
              <MetadataToken>100664894</MetadataToken>
              <Name>System.Int32 Internal.Microsoft.DotNet.PlatformAbstractions.Native.NativeMethods/Windows::RtlGetVersion(Internal.Microsoft.DotNet.PlatformAbstractions.Native.NativeMethods/Windows/RTL_OSVERSIONINFOEX&amp;)</Name>
              <SequencePoints />
              <BranchPoints />
            </Method>
            <Method visited="false" cyclomaticComplexity="2" nPathComplexity="2" sequenceCoverage="0" branchCoverage="0" crapScore="6" isConstructor="false" isStatic="true" isGetter="false" isSetter="false">
              <Summary numSequencePoints="5" visitedSequencePoints="0" numBranchPoints="3" visitedBranchPoints="0" sequenceCoverage="0" branchCoverage="0" maxCyclomaticComplexity="2" minCyclomaticComplexity="2" maxCrapScore="6" minCrapScore="6" visitedClasses="0" numClasses="0" visitedMethods="0" numMethods="1" />
              <MetadataToken>100664895</MetadataToken>
              <Name>System.String Internal.Microsoft.DotNet.PlatformAbstractions.Native.NativeMethods/Windows::RtlGetVersion()</Name>
              <FileRef uid="125" />
              <SequencePoints>
                <SequencePoint vc="0" uspid="3372" ordinal="0" offset="0" sl="32" sc="17" el="32" ec="70" bec="0" bev="0" fileid="125" />
                <SequencePoint vc="0" uspid="3373" ordinal="1" offset="8" sl="33" sc="17" el="33" ec="71" bec="0" bev="0" fileid="125" />
                <SequencePoint vc="0" uspid="3374" ordinal="2" offset="21" sl="34" sc="17" el="34" ec="50" bec="2" bev="0" fileid="125" />
                <SequencePoint vc="0" uspid="3375" ordinal="3" offset="30" sl="36" sc="21" el="36" ec="96" bec="0" bev="0" fileid="125" />
                <SequencePoint vc="0" uspid="3376" ordinal="4" offset="74" sl="40" sc="21" el="40" ec="33" bec="0" bev="0" fileid="125" />
              </SequencePoints>
              <BranchPoints>
                <BranchPoint vc="0" uspid="3377" ordinal="0" offset="28" sl="34" path="0" offsetend="30" fileid="125" />
                <BranchPoint vc="0" uspid="3378" ordinal="1" offset="28" sl="34" path="1" offsetend="74" fileid="125" />
              </BranchPoints>
              <MethodPoint xsi:type="SequencePoint" vc="0" uspid="3372" ordinal="0" offset="0" sl="32" sc="17" el="32" ec="70" bec="0" bev="0" fileid="125" />
            </Method>
          </Methods>
        </Class>
        <Class>
          <Summary numSequencePoints="50" visitedSequencePoints="0" numBranchPoints="56" visitedBranchPoints="0" sequenceCoverage="0" branchCoverage="0" maxCyclomaticComplexity="8" minCyclomaticComplexity="1" maxCrapScore="72" minCrapScore="2" visitedClasses="0" numClasses="1" visitedMethods="0" numMethods="10" />
          <FullName>Internal.Microsoft.DotNet.PlatformAbstractions.Native.PlatformApis</FullName>
          <Methods>
            <Method visited="false" cyclomaticComplexity="6" nPathComplexity="8" sequenceCoverage="0" branchCoverage="0" crapScore="42" isConstructor="false" isStatic="true" isGetter="false" isSetter="false">
              <Summary numSequencePoints="5" visitedSequencePoints="0" numBranchPoints="7" visitedBranchPoints="0" sequenceCoverage="0" branchCoverage="0" maxCyclomaticComplexity="6" minCyclomaticComplexity="6" maxCrapScore="42" minCrapScore="42" visitedClasses="0" numClasses="0" visitedMethods="0" numMethods="1" />
              <MetadataToken>100663597</MetadataToken>
              <Name>System.String Internal.Microsoft.DotNet.PlatformAbstractions.Native.PlatformApis::GetOSName()</Name>
              <FileRef uid="126" />
              <SequencePoints>
                <SequencePoint vc="0" uspid="3379" ordinal="0" offset="0" sl="25" sc="13" el="25" ec="37" bec="4" bev="0" fileid="126" />
                <SequencePoint vc="0" uspid="3380" ordinal="1" offset="28" sl="28" sc="21" el="28" ec="38" bec="0" bev="0" fileid="126" />
                <SequencePoint vc="0" uspid="3381" ordinal="2" offset="34" sl="30" sc="21" el="30" ec="53" bec="2" bev="0" fileid="126" />
                <SequencePoint vc="0" uspid="3382" ordinal="3" offset="49" sl="32" sc="21" el="32" ec="39" bec="0" bev="0" fileid="126" />
                <SequencePoint vc="0" uspid="3383" ordinal="4" offset="55" sl="34" sc="21" el="34" ec="38" bec="0" bev="0" fileid="126" />
              </SequencePoints>
              <BranchPoints>
                <BranchPoint vc="0" uspid="3384" ordinal="0" offset="9" sl="25" path="0" offsetchain="26" offsetend="55" fileid="126" />
                <BranchPoint vc="0" uspid="3385" ordinal="1" offset="9" sl="25" path="1" offsetend="28" fileid="126" />
                <BranchPoint vc="0" uspid="3386" ordinal="2" offset="9" sl="25" path="2" offsetend="34" fileid="126" />
                <BranchPoint vc="0" uspid="3387" ordinal="3" offset="9" sl="25" path="3" offsetend="49" fileid="126" />
                <BranchPoint vc="0" uspid="3388" ordinal="4" offset="40" sl="30" path="0" offsetend="42" fileid="126" />
                <BranchPoint vc="0" uspid="3389" ordinal="5" offset="40" sl="30" path="1" offsetend="48" fileid="126" />
              </BranchPoints>
              <MethodPoint xsi:type="SequencePoint" vc="0" uspid="3379" ordinal="0" offset="0" sl="25" sc="13" el="25" ec="37" bec="4" bev="0" fileid="126" />
            </Method>
            <Method visited="false" cyclomaticComplexity="8" nPathComplexity="32" sequenceCoverage="0" branchCoverage="0" crapScore="72" isConstructor="false" isStatic="true" isGetter="false" isSetter="false">
              <Summary numSequencePoints="5" visitedSequencePoints="0" numBranchPoints="11" visitedBranchPoints="0" sequenceCoverage="0" branchCoverage="0" maxCyclomaticComplexity="8" minCyclomaticComplexity="8" maxCrapScore="72" minCrapScore="72" visitedClasses="0" numClasses="0" visitedMethods="0" numMethods="1" />
              <MetadataToken>100663598</MetadataToken>
              <Name>System.String Internal.Microsoft.DotNet.PlatformAbstractions.Native.PlatformApis::GetOSVersion()</Name>
              <FileRef uid="126" />
              <SequencePoints>
                <SequencePoint vc="0" uspid="3390" ordinal="0" offset="0" sl="40" sc="13" el="40" ec="37" bec="4" bev="0" fileid="126" />
                <SequencePoint vc="0" uspid="3391" ordinal="1" offset="28" sl="43" sc="21" el="43" ec="82" bec="2" bev="0" fileid="126" />
                <SequencePoint vc="0" uspid="3392" ordinal="2" offset="43" sl="45" sc="21" el="45" ec="65" bec="2" bev="0" fileid="126" />
                <SequencePoint vc="0" uspid="3393" ordinal="3" offset="58" sl="47" sc="21" el="47" ec="63" bec="2" bev="0" fileid="126" />
                <SequencePoint vc="0" uspid="3394" ordinal="4" offset="73" sl="49" sc="21" el="49" ec="41" bec="0" bev="0" fileid="126" />
              </SequencePoints>
              <BranchPoints>
                <BranchPoint vc="0" uspid="3395" ordinal="0" offset="9" sl="40" path="0" offsetchain="26" offsetend="73" fileid="126" />
                <BranchPoint vc="0" uspid="3396" ordinal="1" offset="9" sl="40" path="1" offsetend="28" fileid="126" />
                <BranchPoint vc="0" uspid="3397" ordinal="2" offset="9" sl="40" path="2" offsetend="43" fileid="126" />
                <BranchPoint vc="0" uspid="3398" ordinal="3" offset="9" sl="40" path="3" offsetend="58" fileid="126" />
                <BranchPoint vc="0" uspid="3399" ordinal="4" offset="34" sl="43" path="0" offsetend="36" fileid="126" />
                <BranchPoint vc="0" uspid="3400" ordinal="5" offset="34" sl="43" path="1" offsetend="42" fileid="126" />
                <BranchPoint vc="0" uspid="3401" ordinal="6" offset="49" sl="45" path="0" offsetend="51" fileid="126" />
                <BranchPoint vc="0" uspid="3402" ordinal="7" offset="49" sl="45" path="1" offsetend="57" fileid="126" />
                <BranchPoint vc="0" uspid="3403" ordinal="8" offset="64" sl="47" path="0" offsetend="66" fileid="126" />
                <BranchPoint vc="0" uspid="3404" ordinal="9" offset="64" sl="47" path="1" offsetend="72" fileid="126" />
              </BranchPoints>
              <MethodPoint xsi:type="SequencePoint" vc="0" uspid="3390" ordinal="0" offset="0" sl="40" sc="13" el="40" ec="37" bec="4" bev="0" fileid="126" />
            </Method>
            <Method visited="false" cyclomaticComplexity="3" nPathComplexity="4" sequenceCoverage="0" branchCoverage="0" crapScore="12" isConstructor="false" isStatic="true" isGetter="false" isSetter="false">
              <Summary numSequencePoints="4" visitedSequencePoints="0" numBranchPoints="5" visitedBranchPoints="0" sequenceCoverage="0" branchCoverage="0" maxCyclomaticComplexity="3" minCyclomaticComplexity="3" maxCrapScore="12" minCrapScore="12" visitedClasses="0" numClasses="0" visitedMethods="0" numMethods="1" />
              <MetadataToken>100663599</MetadataToken>
              <Name>System.String Internal.Microsoft.DotNet.PlatformAbstractions.Native.PlatformApis::GetDarwinVersion()</Name>
              <FileRef uid="126" />
              <SequencePoints>
                <SequencePoint vc="0" uspid="3405" ordinal="0" offset="0" sl="56" sc="13" el="56" ec="73" bec="0" bev="0" fileid="126" />
                <SequencePoint vc="0" uspid="3406" ordinal="1" offset="5" sl="57" sc="13" el="57" ec="84" bec="3" bev="0" fileid="126" />
                <SequencePoint vc="0" uspid="3407" ordinal="2" offset="23" sl="62" sc="17" el="62" ec="31" bec="0" bev="0" fileid="126" />
                <SequencePoint vc="0" uspid="3408" ordinal="3" offset="29" sl="69" sc="17" el="69" ec="50" bec="0" bev="0" fileid="126" />
              </SequencePoints>
              <BranchPoints>
                <BranchPoint vc="0" uspid="3409" ordinal="0" offset="12" sl="57" path="0" offsetend="14" fileid="126" />
                <BranchPoint vc="0" uspid="3410" ordinal="1" offset="12" sl="57" path="1" offsetend="23" fileid="126" />
                <BranchPoint vc="0" uspid="3411" ordinal="2" offset="21" sl="57" path="0" offsetend="23" fileid="126" />
                <BranchPoint vc="0" uspid="3412" ordinal="3" offset="21" sl="57" path="1" offsetend="29" fileid="126" />
              </BranchPoints>
              <MethodPoint xsi:type="SequencePoint" vc="0" uspid="3405" ordinal="0" offset="0" sl="56" sc="13" el="56" ec="73" bec="0" bev="0" fileid="126" />
            </Method>
            <Method visited="false" cyclomaticComplexity="1" nPathComplexity="0" sequenceCoverage="0" branchCoverage="0" crapScore="2" isConstructor="false" isStatic="true" isGetter="false" isSetter="false">
              <Summary numSequencePoints="1" visitedSequencePoints="0" numBranchPoints="1" visitedBranchPoints="0" sequenceCoverage="0" branchCoverage="0" maxCyclomaticComplexity="1" minCyclomaticComplexity="1" maxCrapScore="2" minCrapScore="2" visitedClasses="0" numClasses="0" visitedMethods="0" numMethods="1" />
              <MetadataToken>100663600</MetadataToken>
              <Name>Internal.Microsoft.DotNet.PlatformAbstractions.Platform Internal.Microsoft.DotNet.PlatformAbstractions.Native.PlatformApis::GetOSPlatform()</Name>
              <FileRef uid="126" />
              <SequencePoints>
                <SequencePoint vc="0" uspid="3413" ordinal="0" offset="0" sl="75" sc="13" el="75" ec="36" bec="0" bev="0" fileid="126" />
              </SequencePoints>
              <BranchPoints />
              <MethodPoint xsi:type="SequencePoint" vc="0" uspid="3413" ordinal="0" offset="0" sl="75" sc="13" el="75" ec="36" bec="0" bev="0" fileid="126" />
            </Method>
            <Method visited="false" cyclomaticComplexity="2" nPathComplexity="2" sequenceCoverage="0" branchCoverage="0" crapScore="6" isConstructor="false" isStatic="true" isGetter="false" isSetter="false">
              <Summary numSequencePoints="1" visitedSequencePoints="0" numBranchPoints="3" visitedBranchPoints="0" sequenceCoverage="0" branchCoverage="0" maxCyclomaticComplexity="2" minCyclomaticComplexity="2" maxCrapScore="6" minCrapScore="6" visitedClasses="0" numClasses="0" visitedMethods="0" numMethods="1" />
              <MetadataToken>100663601</MetadataToken>
              <Name>System.String Internal.Microsoft.DotNet.PlatformAbstractions.Native.PlatformApis::GetDistroId()</Name>
              <FileRef uid="126" />
              <SequencePoints>
                <SequencePoint vc="0" uspid="3414" ordinal="0" offset="0" sl="80" sc="13" el="80" ec="42" bec="2" bev="0" fileid="126" />
              </SequencePoints>
              <BranchPoints>
                <BranchPoint vc="0" uspid="3415" ordinal="0" offset="11" sl="80" path="0" offsetend="13" fileid="126" />
                <BranchPoint vc="0" uspid="3416" ordinal="1" offset="11" sl="80" path="1" offsetend="16" fileid="126" />
              </BranchPoints>
              <MethodPoint xsi:type="SequencePoint" vc="0" uspid="3414" ordinal="0" offset="0" sl="80" sc="13" el="80" ec="42" bec="2" bev="0" fileid="126" />
            </Method>
            <Method visited="false" cyclomaticComplexity="2" nPathComplexity="2" sequenceCoverage="0" branchCoverage="0" crapScore="6" isConstructor="false" isStatic="true" isGetter="false" isSetter="false">
              <Summary numSequencePoints="1" visitedSequencePoints="0" numBranchPoints="3" visitedBranchPoints="0" sequenceCoverage="0" branchCoverage="0" maxCyclomaticComplexity="2" minCyclomaticComplexity="2" maxCrapScore="6" minCrapScore="6" visitedClasses="0" numClasses="0" visitedMethods="0" numMethods="1" />
              <MetadataToken>100663602</MetadataToken>
              <Name>System.String Internal.Microsoft.DotNet.PlatformAbstractions.Native.PlatformApis::GetDistroVersionId()</Name>
              <FileRef uid="126" />
              <SequencePoints>
                <SequencePoint vc="0" uspid="3417" ordinal="0" offset="0" sl="85" sc="13" el="85" ec="49" bec="2" bev="0" fileid="126" />
              </SequencePoints>
              <BranchPoints>
                <BranchPoint vc="0" uspid="3418" ordinal="0" offset="11" sl="85" path="0" offsetend="13" fileid="126" />
                <BranchPoint vc="0" uspid="3419" ordinal="1" offset="11" sl="85" path="1" offsetend="16" fileid="126" />
              </BranchPoints>
              <MethodPoint xsi:type="SequencePoint" vc="0" uspid="3417" ordinal="0" offset="0" sl="85" sc="13" el="85" ec="49" bec="2" bev="0" fileid="126" />
            </Method>
            <Method visited="false" cyclomaticComplexity="5" nPathComplexity="8" sequenceCoverage="0" branchCoverage="0" crapScore="30" isConstructor="false" isStatic="true" isGetter="false" isSetter="false">
              <Summary numSequencePoints="13" visitedSequencePoints="0" numBranchPoints="7" visitedBranchPoints="0" sequenceCoverage="0" branchCoverage="0" maxCyclomaticComplexity="5" minCyclomaticComplexity="5" maxCrapScore="30" minCrapScore="30" visitedClasses="0" numClasses="0" visitedMethods="0" numMethods="1" />
              <MetadataToken>100663603</MetadataToken>
              <Name>Internal.Microsoft.DotNet.PlatformAbstractions.Native.PlatformApis/DistroInfo Internal.Microsoft.DotNet.PlatformAbstractions.Native.PlatformApis::LoadDistroInfo()</Name>
              <FileRef uid="126" />
              <SequencePoints>
                <SequencePoint vc="0" uspid="3420" ordinal="0" offset="0" sl="102" sc="13" el="102" ec="48" bec="2" bev="0" fileid="126" />
                <SequencePoint vc="0" uspid="3421" ordinal="1" offset="15" sl="104" sc="17" el="104" ec="66" bec="0" bev="0" fileid="126" />
                <SequencePoint vc="0" uspid="3422" ordinal="2" offset="25" sl="105" sc="17" el="105" ec="47" bec="0" bev="0" fileid="126" />
                <SequencePoint vc="0" uspid="3423" ordinal="3" offset="31" sl="106" sc="38" el="106" ec="43" bec="0" bev="0" fileid="126" />
                <SequencePoint vc="0" uspid="3424" ordinal="4" offset="36" sl="106" sc="26" el="106" ec="34" bec="0" bev="0" fileid="126" />
                <SequencePoint vc="0" uspid="3425" ordinal="5" offset="40" sl="108" sc="21" el="108" ec="74" bec="2" bev="0" fileid="126" />
                <SequencePoint vc="0" uspid="3426" ordinal="6" offset="54" sl="110" sc="25" el="110" ec="71" bec="0" bev="0" fileid="126" />
                <SequencePoint vc="0" uspid="3427" ordinal="7" offset="88" sl="111" sc="21" el="111" ec="22" bec="0" bev="0" fileid="126" />
                <SequencePoint vc="0" uspid="3428" ordinal="8" offset="90" sl="112" sc="26" el="112" ec="87" bec="2" bev="0" fileid="126" />
                <SequencePoint vc="0" uspid="3429" ordinal="9" offset="104" sl="114" sc="25" el="114" ec="79" bec="0" bev="0" fileid="126" />
                <SequencePoint vc="0" uspid="3430" ordinal="10" offset="143" sl="106" sc="35" el="106" ec="37" bec="0" bev="0" fileid="126" />
                <SequencePoint vc="0" uspid="3431" ordinal="11" offset="149" sl="118" sc="17" el="118" ec="52" bec="0" bev="0" fileid="126" />
                <SequencePoint vc="0" uspid="3432" ordinal="12" offset="156" sl="120" sc="13" el="120" ec="25" bec="0" bev="0" fileid="126" />
              </SequencePoints>
              <BranchPoints>
                <BranchPoint vc="0" uspid="3433" ordinal="0" offset="10" sl="102" path="0" offsetend="15" fileid="126" />
                <BranchPoint vc="0" uspid="3434" ordinal="1" offset="10" sl="102" path="1" offsetend="156" fileid="126" />
                <BranchPoint vc="0" uspid="3435" ordinal="2" offset="52" sl="108" path="0" offsetend="54" fileid="126" />
                <BranchPoint vc="0" uspid="3436" ordinal="3" offset="52" sl="108" path="1" offsetend="90" fileid="126" />
                <BranchPoint vc="0" uspid="3437" ordinal="4" offset="102" sl="112" path="0" offsetend="104" fileid="126" />
                <BranchPoint vc="0" uspid="3438" ordinal="5" offset="102" sl="112" path="1" offsetend="139" fileid="126" />
              </BranchPoints>
              <MethodPoint xsi:type="SequencePoint" vc="0" uspid="3420" ordinal="0" offset="0" sl="102" sc="13" el="102" ec="48" bec="2" bev="0" fileid="126" />
            </Method>
            <Method visited="false" cyclomaticComplexity="5" nPathComplexity="8" sequenceCoverage="0" branchCoverage="0" crapScore="30" isConstructor="false" isStatic="true" isGetter="false" isSetter="false">
              <Summary numSequencePoints="4" visitedSequencePoints="0" numBranchPoints="7" visitedBranchPoints="0" sequenceCoverage="0" branchCoverage="0" maxCyclomaticComplexity="5" minCyclomaticComplexity="5" maxCrapScore="30" minCrapScore="30" visitedClasses="0" numClasses="0" visitedMethods="0" numMethods="1" />
              <MetadataToken>100663604</MetadataToken>
              <Name>Internal.Microsoft.DotNet.PlatformAbstractions.Native.PlatformApis/DistroInfo Internal.Microsoft.DotNet.PlatformAbstractions.Native.PlatformApis::NormalizeDistroInfo(Internal.Microsoft.DotNet.PlatformAbstractions.Native.PlatformApis/DistroInfo)</Name>
              <FileRef uid="126" />
              <SequencePoints>
                <SequencePoint vc="0" uspid="3441" ordinal="0" offset="0" sl="134" sc="13" el="134" ec="93" bec="2" bev="0" fileid="126" />
                <SequencePoint vc="0" uspid="3442" ordinal="1" offset="21" sl="136" sc="13" el="136" ec="83" bec="3" bev="0" fileid="126" />
                <SequencePoint vc="0" uspid="3443" ordinal="2" offset="43" sl="138" sc="17" el="138" ec="108" bec="0" bev="0" fileid="126" />
                <SequencePoint vc="0" uspid="3444" ordinal="3" offset="62" sl="141" sc="13" el="141" ec="31" bec="0" bev="0" fileid="126" />
              </SequencePoints>
              <BranchPoints>
                <BranchPoint vc="0" uspid="3445" ordinal="0" offset="7" sl="134" path="0" offsetend="9" fileid="126" />
                <BranchPoint vc="0" uspid="3446" ordinal="1" offset="7" sl="134" path="1" offsetend="13" fileid="126" />
                <BranchPoint vc="0" uspid="3447" ordinal="2" offset="37" sl="136" path="0" offsetend="39" fileid="126" />
                <BranchPoint vc="0" uspid="3448" ordinal="3" offset="37" sl="136" path="1" offsetend="62" fileid="126" />
                <BranchPoint vc="0" uspid="3449" ordinal="4" offset="41" sl="136" path="0" offsetend="43" fileid="126" />
                <BranchPoint vc="0" uspid="3450" ordinal="5" offset="41" sl="136" path="1" offsetend="62" fileid="126" />
              </BranchPoints>
              <MethodPoint xsi:type="SequencePoint" vc="0" uspid="3441" ordinal="0" offset="0" sl="134" sc="13" el="134" ec="93" bec="2" bev="0" fileid="126" />
            </Method>
            <Method visited="false" cyclomaticComplexity="6" nPathComplexity="32" sequenceCoverage="0" branchCoverage="0" crapScore="42" isConstructor="false" isStatic="true" isGetter="false" isSetter="false">
              <Summary numSequencePoints="14" visitedSequencePoints="0" numBranchPoints="11" visitedBranchPoints="0" sequenceCoverage="0" branchCoverage="0" maxCyclomaticComplexity="6" minCyclomaticComplexity="6" maxCrapScore="42" minCrapScore="42" visitedClasses="0" numClasses="0" visitedMethods="0" numMethods="1" />
              <MetadataToken>100663605</MetadataToken>
              <Name>Internal.Microsoft.DotNet.PlatformAbstractions.Platform Internal.Microsoft.DotNet.PlatformAbstractions.Native.PlatformApis::DetermineOSPlatform()</Name>
              <FileRef uid="126" />
              <SequencePoints>
                <SequencePoint vc="0" uspid="3451" ordinal="0" offset="0" sl="149" sc="13" el="149" ec="64" bec="0" bev="0" fileid="126" />
                <SequencePoint vc="0" uspid="3452" ordinal="1" offset="11" sl="150" sc="13" el="150" ec="85" bec="3" bev="0" fileid="126" />
                <SequencePoint vc="0" uspid="3453" ordinal="2" offset="33" sl="152" sc="13" el="152" ec="27" bec="2" bev="0" fileid="126" />
                <SequencePoint vc="0" uspid="3454" ordinal="3" offset="35" sl="154" sc="17" el="154" ec="41" bec="0" bev="0" fileid="126" />
                <SequencePoint vc="0" uspid="3455" ordinal="4" offset="38" sl="160" sc="21" el="160" ec="63" bec="0" bev="0" fileid="126" />
                <SequencePoint vc="0" uspid="3456" ordinal="5" offset="44" sl="161" sc="21" el="161" ec="92" bec="2" bev="0" fileid="126" />
                <SequencePoint vc="0" uspid="3457" ordinal="6" offset="58" sl="163" sc="25" el="163" ec="48" bec="0" bev="0" fileid="126" />
                <SequencePoint vc="0" uspid="3458" ordinal="7" offset="62" sl="165" sc="21" el="165" ec="91" bec="2" bev="0" fileid="126" />
                <SequencePoint vc="0" uspid="3459" ordinal="8" offset="76" sl="167" sc="25" el="167" ec="47" bec="0" bev="0" fileid="126" />
                <SequencePoint vc="0" uspid="3460" ordinal="9" offset="80" sl="169" sc="17" el="169" ec="18" bec="0" bev="0" fileid="126" />
                <SequencePoint vc="0" uspid="3461" ordinal="10" offset="82" sl="170" sc="17" el="170" ec="22" bec="0" bev="0" fileid="126" />
                <SequencePoint vc="0" uspid="3462" ordinal="11" offset="83" sl="172" sc="17" el="172" ec="18" bec="0" bev="0" fileid="126" />
                <SequencePoint vc="0" uspid="3463" ordinal="12" offset="85" sl="173" sc="17" el="173" ec="41" bec="0" bev="0" fileid="126" />
                <SequencePoint vc="0" uspid="3464" ordinal="13" offset="87" sl="175" sc="9" el="175" ec="10" bec="0" bev="0" fileid="126" />
              </SequencePoints>
              <BranchPoints>
                <BranchPoint vc="0" uspid="3465" ordinal="0" offset="13" sl="150" path="0" offsetend="15" fileid="126" />
                <BranchPoint vc="0" uspid="3466" ordinal="1" offset="13" sl="150" path="1" offsetend="32" fileid="126" />
                <BranchPoint vc="0" uspid="3467" ordinal="2" offset="17" sl="150" path="0" offsetend="19" fileid="126" />
                <BranchPoint vc="0" uspid="3468" ordinal="3" offset="17" sl="150" path="1" offsetend="32" fileid="126" />
                <BranchPoint vc="0" uspid="3469" ordinal="4" offset="33" sl="152" path="0" offsetend="35" fileid="126" />
                <BranchPoint vc="0" uspid="3470" ordinal="5" offset="33" sl="152" path="1" offsetend="37" fileid="126" />
                <BranchPoint vc="0" uspid="3471" ordinal="6" offset="56" sl="161" path="0" offsetend="58" fileid="126" />
                <BranchPoint vc="0" uspid="3472" ordinal="7" offset="56" sl="161" path="1" offsetend="62" fileid="126" />
                <BranchPoint vc="0" uspid="3473" ordinal="8" offset="74" sl="165" path="0" offsetend="76" fileid="126" />
                <BranchPoint vc="0" uspid="3474" ordinal="9" offset="74" sl="165" path="1" offsetend="80" fileid="126" />
              </BranchPoints>
              <MethodPoint xsi:type="SequencePoint" vc="0" uspid="3451" ordinal="0" offset="0" sl="149" sc="13" el="149" ec="64" bec="0" bev="0" fileid="126" />
            </Method>
            <Method visited="false" cyclomaticComplexity="1" nPathComplexity="0" sequenceCoverage="0" branchCoverage="0" crapScore="2" isConstructor="true" isStatic="true" isGetter="false" isSetter="false">
              <Summary numSequencePoints="2" visitedSequencePoints="0" numBranchPoints="1" visitedBranchPoints="0" sequenceCoverage="0" branchCoverage="0" maxCyclomaticComplexity="1" minCyclomaticComplexity="1" maxCrapScore="2" minCrapScore="2" visitedClasses="0" numClasses="0" visitedMethods="0" numMethods="1" />
              <MetadataToken>100663606</MetadataToken>
              <Name>System.Void Internal.Microsoft.DotNet.PlatformAbstractions.Native.PlatformApis::.cctor()</Name>
              <FileRef uid="126" />
              <SequencePoints>
                <SequencePoint vc="0" uspid="3475" ordinal="0" offset="0" sl="20" sc="9" el="20" ec="100" bec="0" bev="0" fileid="126" />
                <SequencePoint vc="0" uspid="3476" ordinal="1" offset="22" sl="21" sc="9" el="21" ec="101" bec="0" bev="0" fileid="126" />
              </SequencePoints>
              <BranchPoints />
              <MethodPoint xsi:type="SequencePoint" vc="0" uspid="3475" ordinal="0" offset="0" sl="20" sc="9" el="20" ec="100" bec="0" bev="0" fileid="126" />
            </Method>
          </Methods>
        </Class>
        <Class>
          <Summary numSequencePoints="0" visitedSequencePoints="0" numBranchPoints="0" visitedBranchPoints="0" sequenceCoverage="0" branchCoverage="0" maxCyclomaticComplexity="1" minCyclomaticComplexity="1" maxCrapScore="2" minCrapScore="2" visitedClasses="0" numClasses="0" visitedMethods="0" numMethods="0" />
          <FullName>Internal.Microsoft.DotNet.PlatformAbstractions.Native.PlatformApis/DistroInfo</FullName>
          <Methods>
            <Method visited="false" cyclomaticComplexity="1" nPathComplexity="0" sequenceCoverage="0" branchCoverage="0" crapScore="2" isConstructor="true" isStatic="false" isGetter="false" isSetter="false">
              <Summary numSequencePoints="0" visitedSequencePoints="0" numBranchPoints="0" visitedBranchPoints="0" sequenceCoverage="0" branchCoverage="0" maxCyclomaticComplexity="1" minCyclomaticComplexity="1" maxCrapScore="2" minCrapScore="2" visitedClasses="0" numClasses="0" visitedMethods="0" numMethods="0" />
              <MetadataToken>100664896</MetadataToken>
              <Name>System.Void Internal.Microsoft.DotNet.PlatformAbstractions.Native.PlatformApis/DistroInfo::.ctor()</Name>
              <SequencePoints />
              <BranchPoints />
              <MethodPoint vc="0" uspid="3477" ordinal="0" offset="0" />
            </Method>
          </Methods>
        </Class>
        <Class>
          <Summary numSequencePoints="3" visitedSequencePoints="0" numBranchPoints="3" visitedBranchPoints="0" sequenceCoverage="0" branchCoverage="0" maxCyclomaticComplexity="2" minCyclomaticComplexity="2" maxCrapScore="6" minCrapScore="6" visitedClasses="0" numClasses="1" visitedMethods="0" numMethods="1" />
          <FullName>Xunit.AppDomainManagerFactory</FullName>
          <Methods>
            <Method visited="false" cyclomaticComplexity="2" nPathComplexity="2" sequenceCoverage="0" branchCoverage="0" crapScore="6" isConstructor="false" isStatic="true" isGetter="false" isSetter="false">
              <Summary numSequencePoints="3" visitedSequencePoints="0" numBranchPoints="3" visitedBranchPoints="0" sequenceCoverage="0" branchCoverage="0" maxCyclomaticComplexity="2" minCyclomaticComplexity="2" maxCrapScore="6" minCrapScore="6" visitedClasses="0" numClasses="0" visitedMethods="0" numMethods="1" />
              <MetadataToken>100663607</MetadataToken>
              <Name>Xunit.IAppDomainManager Xunit.AppDomainManagerFactory::Create(System.Boolean,System.String,System.String,System.Boolean,System.String)</Name>
              <FileRef uid="127" />
              <SequencePoints>
                <SequencePoint vc="0" uspid="3478" ordinal="0" offset="0" sl="8" sc="13" el="8" ec="30" bec="2" bev="0" fileid="127" />
                <SequencePoint vc="0" uspid="3479" ordinal="1" offset="3" sl="9" sc="17" el="9" ec="119" bec="0" bev="0" fileid="127" />
                <SequencePoint vc="0" uspid="3480" ordinal="2" offset="14" sl="12" sc="13" el="12" ec="71" bec="0" bev="0" fileid="127" />
              </SequencePoints>
              <BranchPoints>
                <BranchPoint vc="0" uspid="3481" ordinal="0" offset="1" sl="8" path="0" offsetend="3" fileid="127" />
                <BranchPoint vc="0" uspid="3482" ordinal="1" offset="1" sl="8" path="1" offsetend="14" fileid="127" />
              </BranchPoints>
              <MethodPoint xsi:type="SequencePoint" vc="0" uspid="3478" ordinal="0" offset="0" sl="8" sc="13" el="8" ec="30" bec="2" bev="0" fileid="127" />
            </Method>
          </Methods>
        </Class>
        <Class>
          <Summary numSequencePoints="51" visitedSequencePoints="0" numBranchPoints="27" visitedBranchPoints="0" sequenceCoverage="0" branchCoverage="0" maxCyclomaticComplexity="3" minCyclomaticComplexity="1" maxCrapScore="12" minCrapScore="2" visitedClasses="0" numClasses="1" visitedMethods="0" numMethods="13" />
          <FullName>Xunit.AppDomainManager_AppDomain</FullName>
          <Methods>
            <Method visited="false" cyclomaticComplexity="1" nPathComplexity="0" sequenceCoverage="0" branchCoverage="0" crapScore="2" isConstructor="false" isStatic="false" isGetter="true" isSetter="false">
              <Summary numSequencePoints="1" visitedSequencePoints="0" numBranchPoints="1" visitedBranchPoints="0" sequenceCoverage="0" branchCoverage="0" maxCyclomaticComplexity="1" minCyclomaticComplexity="1" maxCrapScore="2" minCrapScore="2" visitedClasses="0" numClasses="0" visitedMethods="0" numMethods="1" />
              <MetadataToken>100663609</MetadataToken>
              <Name>System.AppDomain Xunit.AppDomainManager_AppDomain::get_AppDomain()</Name>
              <FileRef uid="128" />
              <SequencePoints>
                <SequencePoint vc="0" uspid="3483" ordinal="0" offset="0" sl="31" sc="38" el="31" ec="42" bec="0" bev="0" fileid="128" />
              </SequencePoints>
              <BranchPoints />
              <MethodPoint xsi:type="SequencePoint" vc="0" uspid="3483" ordinal="0" offset="0" sl="31" sc="38" el="31" ec="42" bec="0" bev="0" fileid="128" />
            </Method>
            <Method visited="false" cyclomaticComplexity="1" nPathComplexity="0" sequenceCoverage="0" branchCoverage="0" crapScore="2" isConstructor="false" isStatic="false" isGetter="false" isSetter="true">
              <Summary numSequencePoints="1" visitedSequencePoints="0" numBranchPoints="1" visitedBranchPoints="0" sequenceCoverage="0" branchCoverage="0" maxCyclomaticComplexity="1" minCyclomaticComplexity="1" maxCrapScore="2" minCrapScore="2" visitedClasses="0" numClasses="0" visitedMethods="0" numMethods="1" />
              <MetadataToken>100663610</MetadataToken>
              <Name>System.Void Xunit.AppDomainManager_AppDomain::set_AppDomain(System.AppDomain)</Name>
              <FileRef uid="128" />
              <SequencePoints>
                <SequencePoint vc="0" uspid="3484" ordinal="0" offset="0" sl="31" sc="43" el="31" ec="55" bec="0" bev="0" fileid="128" />
              </SequencePoints>
              <BranchPoints />
              <MethodPoint xsi:type="SequencePoint" vc="0" uspid="3484" ordinal="0" offset="0" sl="31" sc="43" el="31" ec="55" bec="0" bev="0" fileid="128" />
            </Method>
            <Method visited="false" cyclomaticComplexity="1" nPathComplexity="0" sequenceCoverage="0" branchCoverage="0" crapScore="2" isConstructor="false" isStatic="false" isGetter="true" isSetter="false">
              <Summary numSequencePoints="1" visitedSequencePoints="0" numBranchPoints="1" visitedBranchPoints="0" sequenceCoverage="0" branchCoverage="0" maxCyclomaticComplexity="1" minCyclomaticComplexity="1" maxCrapScore="2" minCrapScore="2" visitedClasses="0" numClasses="0" visitedMethods="0" numMethods="1" />
              <MetadataToken>100663611</MetadataToken>
              <Name>System.String Xunit.AppDomainManager_AppDomain::get_AssemblyFileName()</Name>
              <FileRef uid="128" />
              <SequencePoints>
                <SequencePoint vc="0" uspid="3485" ordinal="0" offset="0" sl="33" sc="42" el="33" ec="46" bec="0" bev="0" fileid="128" />
              </SequencePoints>
              <BranchPoints />
              <MethodPoint xsi:type="SequencePoint" vc="0" uspid="3485" ordinal="0" offset="0" sl="33" sc="42" el="33" ec="46" bec="0" bev="0" fileid="128" />
            </Method>
            <Method visited="false" cyclomaticComplexity="1" nPathComplexity="0" sequenceCoverage="0" branchCoverage="0" crapScore="2" isConstructor="false" isStatic="false" isGetter="false" isSetter="true">
              <Summary numSequencePoints="1" visitedSequencePoints="0" numBranchPoints="1" visitedBranchPoints="0" sequenceCoverage="0" branchCoverage="0" maxCyclomaticComplexity="1" minCyclomaticComplexity="1" maxCrapScore="2" minCrapScore="2" visitedClasses="0" numClasses="0" visitedMethods="0" numMethods="1" />
              <MetadataToken>100663612</MetadataToken>
              <Name>System.Void Xunit.AppDomainManager_AppDomain::set_AssemblyFileName(System.String)</Name>
              <FileRef uid="128" />
              <SequencePoints>
                <SequencePoint vc="0" uspid="3486" ordinal="0" offset="0" sl="33" sc="47" el="33" ec="59" bec="0" bev="0" fileid="128" />
              </SequencePoints>
              <BranchPoints />
              <MethodPoint xsi:type="SequencePoint" vc="0" uspid="3486" ordinal="0" offset="0" sl="33" sc="47" el="33" ec="59" bec="0" bev="0" fileid="128" />
            </Method>
            <Method visited="false" cyclomaticComplexity="1" nPathComplexity="0" sequenceCoverage="0" branchCoverage="0" crapScore="2" isConstructor="false" isStatic="false" isGetter="true" isSetter="false">
              <Summary numSequencePoints="1" visitedSequencePoints="0" numBranchPoints="1" visitedBranchPoints="0" sequenceCoverage="0" branchCoverage="0" maxCyclomaticComplexity="1" minCyclomaticComplexity="1" maxCrapScore="2" minCrapScore="2" visitedClasses="0" numClasses="0" visitedMethods="0" numMethods="1" />
              <MetadataToken>100663613</MetadataToken>
              <Name>System.String Xunit.AppDomainManager_AppDomain::get_ConfigFileName()</Name>
              <FileRef uid="128" />
              <SequencePoints>
                <SequencePoint vc="0" uspid="3487" ordinal="0" offset="0" sl="35" sc="40" el="35" ec="44" bec="0" bev="0" fileid="128" />
              </SequencePoints>
              <BranchPoints />
              <MethodPoint xsi:type="SequencePoint" vc="0" uspid="3487" ordinal="0" offset="0" sl="35" sc="40" el="35" ec="44" bec="0" bev="0" fileid="128" />
            </Method>
            <Method visited="false" cyclomaticComplexity="1" nPathComplexity="0" sequenceCoverage="0" branchCoverage="0" crapScore="2" isConstructor="false" isStatic="false" isGetter="false" isSetter="true">
              <Summary numSequencePoints="1" visitedSequencePoints="0" numBranchPoints="1" visitedBranchPoints="0" sequenceCoverage="0" branchCoverage="0" maxCyclomaticComplexity="1" minCyclomaticComplexity="1" maxCrapScore="2" minCrapScore="2" visitedClasses="0" numClasses="0" visitedMethods="0" numMethods="1" />
              <MetadataToken>100663614</MetadataToken>
              <Name>System.Void Xunit.AppDomainManager_AppDomain::set_ConfigFileName(System.String)</Name>
              <FileRef uid="128" />
              <SequencePoints>
                <SequencePoint vc="0" uspid="3488" ordinal="0" offset="0" sl="35" sc="45" el="35" ec="57" bec="0" bev="0" fileid="128" />
              </SequencePoints>
              <BranchPoints />
              <MethodPoint xsi:type="SequencePoint" vc="0" uspid="3488" ordinal="0" offset="0" sl="35" sc="45" el="35" ec="57" bec="0" bev="0" fileid="128" />
            </Method>
            <Method visited="false" cyclomaticComplexity="1" nPathComplexity="0" sequenceCoverage="0" branchCoverage="0" crapScore="2" isConstructor="false" isStatic="false" isGetter="true" isSetter="false">
              <Summary numSequencePoints="1" visitedSequencePoints="0" numBranchPoints="1" visitedBranchPoints="0" sequenceCoverage="0" branchCoverage="0" maxCyclomaticComplexity="1" minCyclomaticComplexity="1" maxCrapScore="2" minCrapScore="2" visitedClasses="0" numClasses="0" visitedMethods="0" numMethods="1" />
              <MetadataToken>100663615</MetadataToken>
              <Name>System.Boolean Xunit.AppDomainManager_AppDomain::get_HasAppDomain()</Name>
              <FileRef uid="128" />
              <SequencePoints>
                <SequencePoint vc="0" uspid="3489" ordinal="0" offset="0" sl="37" sc="37" el="37" ec="41" bec="0" bev="0" fileid="128" />
              </SequencePoints>
              <BranchPoints />
              <MethodPoint xsi:type="SequencePoint" vc="0" uspid="3489" ordinal="0" offset="0" sl="37" sc="37" el="37" ec="41" bec="0" bev="0" fileid="128" />
            </Method>
            <Method visited="false" cyclomaticComplexity="3" nPathComplexity="4" sequenceCoverage="0" branchCoverage="0" crapScore="12" isConstructor="true" isStatic="false" isGetter="false" isSetter="false">
              <Summary numSequencePoints="12" visitedSequencePoints="0" numBranchPoints="5" visitedBranchPoints="0" sequenceCoverage="0" branchCoverage="0" maxCyclomaticComplexity="3" minCyclomaticComplexity="3" maxCrapScore="12" minCrapScore="12" visitedClasses="0" numClasses="0" visitedMethods="0" numMethods="1" />
              <MetadataToken>100663608</MetadataToken>
              <Name>System.Void Xunit.AppDomainManager_AppDomain::.ctor(System.String,System.String,System.Boolean,System.String)</Name>
              <FileRef uid="128" />
              <SequencePoints>
                <SequencePoint vc="0" uspid="3490" ordinal="0" offset="0" sl="13" sc="9" el="13" ec="132" bec="0" bev="0" fileid="128" />
                <SequencePoint vc="0" uspid="3491" ordinal="1" offset="6" sl="15" sc="13" el="15" ec="80" bec="0" bev="0" fileid="128" />
                <SequencePoint vc="0" uspid="3492" ordinal="2" offset="17" sl="17" sc="13" el="17" ec="67" bec="0" bev="0" fileid="128" />
                <SequencePoint vc="0" uspid="3493" ordinal="3" offset="25" sl="18" sc="13" el="18" ec="68" bec="0" bev="0" fileid="128" />
                <SequencePoint vc="0" uspid="3494" ordinal="4" offset="36" sl="20" sc="13" el="20" ec="40" bec="2" bev="0" fileid="128" />
                <SequencePoint vc="0" uspid="3495" ordinal="5" offset="39" sl="21" sc="17" el="21" ec="73" bec="0" bev="0" fileid="128" />
                <SequencePoint vc="0" uspid="3496" ordinal="6" offset="47" sl="23" sc="13" el="23" ec="40" bec="2" bev="0" fileid="128" />
                <SequencePoint vc="0" uspid="3497" ordinal="7" offset="50" sl="24" sc="17" el="24" ec="67" bec="0" bev="0" fileid="128" />
                <SequencePoint vc="0" uspid="3498" ordinal="8" offset="58" sl="26" sc="13" el="26" ec="49" bec="0" bev="0" fileid="128" />
                <SequencePoint vc="0" uspid="3499" ordinal="9" offset="65" sl="27" sc="13" el="27" ec="45" bec="0" bev="0" fileid="128" />
                <SequencePoint vc="0" uspid="3500" ordinal="10" offset="72" sl="28" sc="13" el="28" ec="105" bec="0" bev="0" fileid="128" />
                <SequencePoint vc="0" uspid="3501" ordinal="11" offset="88" sl="29" sc="9" el="29" ec="10" bec="0" bev="0" fileid="128" />
              </SequencePoints>
              <BranchPoints>
                <BranchPoint vc="0" uspid="3502" ordinal="0" offset="37" sl="20" path="0" offsetend="39" fileid="128" />
                <BranchPoint vc="0" uspid="3503" ordinal="1" offset="37" sl="20" path="1" offsetend="47" fileid="128" />
                <BranchPoint vc="0" uspid="3504" ordinal="2" offset="48" sl="23" path="0" offsetend="50" fileid="128" />
                <BranchPoint vc="0" uspid="3505" ordinal="3" offset="48" sl="23" path="1" offsetend="58" fileid="128" />
              </BranchPoints>
              <MethodPoint xsi:type="SequencePoint" vc="0" uspid="3490" ordinal="0" offset="0" sl="13" sc="9" el="13" ec="132" bec="0" bev="0" fileid="128" />
            </Method>
            <Method visited="false" cyclomaticComplexity="3" nPathComplexity="4" sequenceCoverage="0" branchCoverage="0" crapScore="12" isConstructor="false" isStatic="true" isGetter="false" isSetter="false">
              <Summary numSequencePoints="9" visitedSequencePoints="0" numBranchPoints="5" visitedBranchPoints="0" sequenceCoverage="0" branchCoverage="0" maxCyclomaticComplexity="3" minCyclomaticComplexity="3" maxCrapScore="12" minCrapScore="12" visitedClasses="0" numClasses="0" visitedMethods="0" numMethods="1" />
              <MetadataToken>100663616</MetadataToken>
              <Name>System.AppDomain Xunit.AppDomainManager_AppDomain::CreateAppDomain(System.String,System.String,System.Boolean,System.String)</Name>
              <FileRef uid="128" />
              <SequencePoints>
                <SequencePoint vc="0" uspid="3506" ordinal="0" offset="0" sl="41" sc="13" el="41" ec="46" bec="0" bev="0" fileid="128" />
                <SequencePoint vc="0" uspid="3507" ordinal="1" offset="6" sl="42" sc="13" el="42" ec="77" bec="0" bev="0" fileid="128" />
                <SequencePoint vc="0" uspid="3508" ordinal="2" offset="18" sl="43" sc="13" el="43" ec="63" bec="0" bev="0" fileid="128" />
                <SequencePoint vc="0" uspid="3509" ordinal="3" offset="43" sl="45" sc="13" el="45" ec="28" bec="2" bev="0" fileid="128" />
                <SequencePoint vc="0" uspid="3510" ordinal="4" offset="46" sl="47" sc="17" el="47" ec="48" bec="0" bev="0" fileid="128" />
                <SequencePoint vc="0" uspid="3511" ordinal="5" offset="57" sl="48" sc="17" el="48" ec="69" bec="0" bev="0" fileid="128" />
                <SequencePoint vc="0" uspid="3512" ordinal="6" offset="69" sl="49" sc="17" el="49" ec="111" bec="2" bev="0" fileid="128" />
                <SequencePoint vc="0" uspid="3513" ordinal="7" offset="96" sl="52" sc="13" el="52" ec="54" bec="0" bev="0" fileid="128" />
                <SequencePoint vc="0" uspid="3514" ordinal="8" offset="103" sl="54" sc="13" el="54" ec="192" bec="0" bev="0" fileid="128" />
              </SequencePoints>
              <BranchPoints>
                <BranchPoint vc="0" uspid="3515" ordinal="0" offset="44" sl="45" path="0" offsetend="46" fileid="128" />
                <BranchPoint vc="0" uspid="3516" ordinal="1" offset="44" sl="45" path="1" offsetend="96" fileid="128" />
                <BranchPoint vc="0" uspid="3517" ordinal="2" offset="72" sl="49" path="0" offsetend="74" fileid="128" />
                <BranchPoint vc="0" uspid="3518" ordinal="3" offset="72" sl="49" path="1" offsetend="91" fileid="128" />
              </BranchPoints>
              <MethodPoint xsi:type="SequencePoint" vc="0" uspid="3506" ordinal="0" offset="0" sl="41" sc="13" el="41" ec="46" bec="0" bev="0" fileid="128" />
            </Method>
            <Method visited="false" cyclomaticComplexity="1" nPathComplexity="0" sequenceCoverage="0" branchCoverage="0" crapScore="2" isConstructor="false" isStatic="false" isGetter="false" isSetter="false">
              <Summary numSequencePoints="5" visitedSequencePoints="0" numBranchPoints="1" visitedBranchPoints="0" sequenceCoverage="0" branchCoverage="0" maxCyclomaticComplexity="1" minCyclomaticComplexity="1" maxCrapScore="2" minCrapScore="2" visitedClasses="0" numClasses="0" visitedMethods="0" numMethods="1" />
              <MetadataToken>100663617</MetadataToken>
              <Name>TObject Xunit.AppDomainManager_AppDomain::CreateObjectFrom(System.String,System.String,System.Object[])</Name>
              <FileRef uid="128" />
              <SequencePoints>
                <SequencePoint vc="0" uspid="3519" ordinal="0" offset="0" sl="62" sc="17" el="62" ec="145" bec="0" bev="0" fileid="128" />
                <SequencePoint vc="0" uspid="3520" ordinal="1" offset="20" sl="64" sc="17" el="64" ec="49" bec="0" bev="0" fileid="128" />
                <SequencePoint vc="0" uspid="3521" ordinal="2" offset="28" sl="68" sc="17" el="68" ec="65" bec="0" bev="0" fileid="128" />
                <SequencePoint vc="0" uspid="3522" ordinal="3" offset="38" sl="69" sc="17" el="69" ec="41" bec="0" bev="0" fileid="128" />
                <SequencePoint vc="0" uspid="3523" ordinal="4" offset="50" sl="71" sc="9" el="71" ec="10" bec="0" bev="0" fileid="128" />
              </SequencePoints>
              <BranchPoints />
              <MethodPoint xsi:type="SequencePoint" vc="0" uspid="3519" ordinal="0" offset="0" sl="62" sc="17" el="62" ec="145" bec="0" bev="0" fileid="128" />
            </Method>
            <Method visited="false" cyclomaticComplexity="1" nPathComplexity="0" sequenceCoverage="0" branchCoverage="0" crapScore="2" isConstructor="false" isStatic="false" isGetter="false" isSetter="false">
              <Summary numSequencePoints="5" visitedSequencePoints="0" numBranchPoints="1" visitedBranchPoints="0" sequenceCoverage="0" branchCoverage="0" maxCyclomaticComplexity="1" minCyclomaticComplexity="1" maxCrapScore="2" minCrapScore="2" visitedClasses="0" numClasses="0" visitedMethods="0" numMethods="1" />
              <MetadataToken>100663618</MetadataToken>
              <Name>TObject Xunit.AppDomainManager_AppDomain::CreateObject(System.Reflection.AssemblyName,System.String,System.Object[])</Name>
              <FileRef uid="128" />
              <SequencePoints>
                <SequencePoint vc="0" uspid="3524" ordinal="0" offset="0" sl="78" sc="17" el="78" ec="146" bec="0" bev="0" fileid="128" />
                <SequencePoint vc="0" uspid="3525" ordinal="1" offset="25" sl="80" sc="17" el="80" ec="49" bec="0" bev="0" fileid="128" />
                <SequencePoint vc="0" uspid="3526" ordinal="2" offset="33" sl="84" sc="17" el="84" ec="65" bec="0" bev="0" fileid="128" />
                <SequencePoint vc="0" uspid="3527" ordinal="3" offset="43" sl="85" sc="17" el="85" ec="41" bec="0" bev="0" fileid="128" />
                <SequencePoint vc="0" uspid="3528" ordinal="4" offset="55" sl="87" sc="9" el="87" ec="10" bec="0" bev="0" fileid="128" />
              </SequencePoints>
              <BranchPoints />
              <MethodPoint xsi:type="SequencePoint" vc="0" uspid="3524" ordinal="0" offset="0" sl="78" sc="17" el="78" ec="146" bec="0" bev="0" fileid="128" />
            </Method>
            <Method visited="false" cyclomaticComplexity="3" nPathComplexity="4" sequenceCoverage="0" branchCoverage="0" crapScore="12" isConstructor="false" isStatic="false" isGetter="false" isSetter="false">
              <Summary numSequencePoints="9" visitedSequencePoints="0" numBranchPoints="5" visitedBranchPoints="0" sequenceCoverage="0" branchCoverage="0" maxCyclomaticComplexity="3" minCyclomaticComplexity="3" maxCrapScore="12" minCrapScore="12" visitedClasses="0" numClasses="0" visitedMethods="0" numMethods="1" />
              <MetadataToken>100663619</MetadataToken>
              <Name>System.Void Xunit.AppDomainManager_AppDomain::Dispose()</Name>
              <FileRef uid="128" />
              <SequencePoints>
                <SequencePoint vc="0" uspid="3529" ordinal="0" offset="0" sl="91" sc="13" el="91" ec="35" bec="2" bev="0" fileid="128" />
                <SequencePoint vc="0" uspid="3530" ordinal="1" offset="8" sl="93" sc="17" el="93" ec="73" bec="0" bev="0" fileid="128" />
                <SequencePoint vc="0" uspid="3531" ordinal="2" offset="25" sl="97" sc="21" el="97" ec="56" bec="0" bev="0" fileid="128" />
                <SequencePoint vc="0" uspid="3532" ordinal="3" offset="36" sl="99" sc="21" el="99" ec="43" bec="2" bev="0" fileid="128" />
                <SequencePoint vc="0" uspid="3533" ordinal="4" offset="39" sl="100" sc="25" el="100" ec="59" bec="0" bev="0" fileid="128" />
                <SequencePoint vc="0" uspid="3534" ordinal="5" offset="46" sl="101" sc="17" el="101" ec="18" bec="0" bev="0" fileid="128" />
                <SequencePoint vc="0" uspid="3535" ordinal="6" offset="48" sl="102" sc="17" el="102" ec="22" bec="0" bev="0" fileid="128" />
                <SequencePoint vc="0" uspid="3536" ordinal="7" offset="49" sl="102" sc="25" el="102" ec="26" bec="0" bev="0" fileid="128" />
                <SequencePoint vc="0" uspid="3537" ordinal="8" offset="51" sl="104" sc="9" el="104" ec="10" bec="0" bev="0" fileid="128" />
              </SequencePoints>
              <BranchPoints>
                <BranchPoint vc="0" uspid="3538" ordinal="0" offset="6" sl="91" path="0" offsetend="8" fileid="128" />
                <BranchPoint vc="0" uspid="3539" ordinal="1" offset="6" sl="91" path="1" offsetend="51" fileid="128" />
                <BranchPoint vc="0" uspid="3540" ordinal="2" offset="37" sl="99" path="0" offsetend="39" fileid="128" />
                <BranchPoint vc="0" uspid="3541" ordinal="3" offset="37" sl="99" path="1" offsetend="46" fileid="128" />
              </BranchPoints>
              <MethodPoint xsi:type="SequencePoint" vc="0" uspid="3529" ordinal="0" offset="0" sl="91" sc="13" el="91" ec="35" bec="2" bev="0" fileid="128" />
            </Method>
            <Method visited="false" cyclomaticComplexity="2" nPathComplexity="2" sequenceCoverage="0" branchCoverage="0" crapScore="6" isConstructor="false" isStatic="true" isGetter="false" isSetter="false">
              <Summary numSequencePoints="4" visitedSequencePoints="0" numBranchPoints="3" visitedBranchPoints="0" sequenceCoverage="0" branchCoverage="0" maxCyclomaticComplexity="2" minCyclomaticComplexity="2" maxCrapScore="6" minCrapScore="6" visitedClasses="0" numClasses="0" visitedMethods="0" numMethods="1" />
              <MetadataToken>100663620</MetadataToken>
              <Name>System.String Xunit.AppDomainManager_AppDomain::GetDefaultConfigFile(System.String)</Name>
              <FileRef uid="128" />
              <SequencePoints>
                <SequencePoint vc="0" uspid="3542" ordinal="0" offset="0" sl="108" sc="13" el="108" ec="62" bec="0" bev="0" fileid="128" />
                <SequencePoint vc="0" uspid="3543" ordinal="1" offset="12" sl="110" sc="13" el="110" ec="45" bec="2" bev="0" fileid="128" />
                <SequencePoint vc="0" uspid="3544" ordinal="2" offset="20" sl="111" sc="17" el="111" ec="39" bec="0" bev="0" fileid="128" />
                <SequencePoint vc="0" uspid="3545" ordinal="3" offset="22" sl="113" sc="13" el="113" ec="25" bec="0" bev="0" fileid="128" />
              </SequencePoints>
              <BranchPoints>
                <BranchPoint vc="0" uspid="3546" ordinal="0" offset="18" sl="110" path="0" offsetend="20" fileid="128" />
                <BranchPoint vc="0" uspid="3547" ordinal="1" offset="18" sl="110" path="1" offsetend="22" fileid="128" />
              </BranchPoints>
              <MethodPoint xsi:type="SequencePoint" vc="0" uspid="3542" ordinal="0" offset="0" sl="108" sc="13" el="108" ec="62" bec="0" bev="0" fileid="128" />
            </Method>
          </Methods>
        </Class>
        <Class>
          <Summary numSequencePoints="15" visitedSequencePoints="0" numBranchPoints="5" visitedBranchPoints="0" sequenceCoverage="0" branchCoverage="0" maxCyclomaticComplexity="1" minCyclomaticComplexity="1" maxCrapScore="2" minCrapScore="2" visitedClasses="0" numClasses="1" visitedMethods="0" numMethods="5" />
          <FullName>Xunit.AppDomainManager_NoAppDomain</FullName>
          <Methods>
            <Method visited="false" cyclomaticComplexity="1" nPathComplexity="0" sequenceCoverage="0" branchCoverage="0" crapScore="2" isConstructor="false" isStatic="false" isGetter="true" isSetter="false">
              <Summary numSequencePoints="1" visitedSequencePoints="0" numBranchPoints="1" visitedBranchPoints="0" sequenceCoverage="0" branchCoverage="0" maxCyclomaticComplexity="1" minCyclomaticComplexity="1" maxCrapScore="2" minCrapScore="2" visitedClasses="0" numClasses="0" visitedMethods="0" numMethods="1" />
              <MetadataToken>100663622</MetadataToken>
              <Name>System.Boolean Xunit.AppDomainManager_NoAppDomain::get_HasAppDomain()</Name>
              <FileRef uid="129" />
              <SequencePoints>
                <SequencePoint vc="0" uspid="3548" ordinal="0" offset="0" sl="15" sc="37" el="15" ec="42" bec="0" bev="0" fileid="129" />
              </SequencePoints>
              <BranchPoints />
              <MethodPoint xsi:type="SequencePoint" vc="0" uspid="3548" ordinal="0" offset="0" sl="15" sc="37" el="15" ec="42" bec="0" bev="0" fileid="129" />
            </Method>
            <Method visited="false" cyclomaticComplexity="1" nPathComplexity="0" sequenceCoverage="0" branchCoverage="0" crapScore="2" isConstructor="true" isStatic="false" isGetter="false" isSetter="false">
              <Summary numSequencePoints="3" visitedSequencePoints="0" numBranchPoints="1" visitedBranchPoints="0" sequenceCoverage="0" branchCoverage="0" maxCyclomaticComplexity="1" minCyclomaticComplexity="1" maxCrapScore="2" minCrapScore="2" visitedClasses="0" numClasses="0" visitedMethods="0" numMethods="1" />
              <MetadataToken>100663621</MetadataToken>
              <Name>System.Void Xunit.AppDomainManager_NoAppDomain::.ctor(System.String)</Name>
              <FileRef uid="129" />
              <SequencePoints>
                <SequencePoint vc="0" uspid="3549" ordinal="0" offset="0" sl="10" sc="9" el="10" ec="69" bec="0" bev="0" fileid="129" />
                <SequencePoint vc="0" uspid="3550" ordinal="1" offset="6" sl="12" sc="13" el="12" ec="54" bec="0" bev="0" fileid="129" />
                <SequencePoint vc="0" uspid="3551" ordinal="2" offset="13" sl="13" sc="9" el="13" ec="10" bec="0" bev="0" fileid="129" />
              </SequencePoints>
              <BranchPoints />
              <MethodPoint xsi:type="SequencePoint" vc="0" uspid="3549" ordinal="0" offset="0" sl="10" sc="9" el="10" ec="69" bec="0" bev="0" fileid="129" />
            </Method>
            <Method visited="false" cyclomaticComplexity="1" nPathComplexity="0" sequenceCoverage="0" branchCoverage="0" crapScore="2" isConstructor="false" isStatic="false" isGetter="false" isSetter="false">
              <Summary numSequencePoints="5" visitedSequencePoints="0" numBranchPoints="1" visitedBranchPoints="0" sequenceCoverage="0" branchCoverage="0" maxCyclomaticComplexity="1" minCyclomaticComplexity="1" maxCrapScore="2" minCrapScore="2" visitedClasses="0" numClasses="0" visitedMethods="0" numMethods="1" />
              <MetadataToken>100663623</MetadataToken>
              <Name>TObject Xunit.AppDomainManager_NoAppDomain::CreateObject(System.Reflection.AssemblyName,System.String,System.Object[])</Name>
              <FileRef uid="129" />
              <SequencePoints>
                <SequencePoint vc="0" uspid="3552" ordinal="0" offset="0" sl="22" sc="17" el="22" ec="94" bec="0" bev="0" fileid="129" />
                <SequencePoint vc="0" uspid="3553" ordinal="1" offset="13" sl="26" sc="17" el="26" ec="70" bec="0" bev="0" fileid="129" />
                <SequencePoint vc="0" uspid="3554" ordinal="2" offset="27" sl="30" sc="17" el="30" ec="65" bec="0" bev="0" fileid="129" />
                <SequencePoint vc="0" uspid="3555" ordinal="3" offset="37" sl="31" sc="17" el="31" ec="41" bec="0" bev="0" fileid="129" />
                <SequencePoint vc="0" uspid="3556" ordinal="4" offset="49" sl="33" sc="9" el="33" ec="10" bec="0" bev="0" fileid="129" />
              </SequencePoints>
              <BranchPoints />
              <MethodPoint xsi:type="SequencePoint" vc="0" uspid="3552" ordinal="0" offset="0" sl="22" sc="17" el="22" ec="94" bec="0" bev="0" fileid="129" />
            </Method>
            <Method visited="false" cyclomaticComplexity="1" nPathComplexity="0" sequenceCoverage="0" branchCoverage="0" crapScore="2" isConstructor="false" isStatic="false" isGetter="false" isSetter="false">
              <Summary numSequencePoints="5" visitedSequencePoints="0" numBranchPoints="1" visitedBranchPoints="0" sequenceCoverage="0" branchCoverage="0" maxCyclomaticComplexity="1" minCyclomaticComplexity="1" maxCrapScore="2" minCrapScore="2" visitedClasses="0" numClasses="0" visitedMethods="0" numMethods="1" />
              <MetadataToken>100663624</MetadataToken>
              <Name>TObject Xunit.AppDomainManager_NoAppDomain::CreateObjectFrom(System.String,System.String,System.Object[])</Name>
              <FileRef uid="129" />
              <SequencePoints>
                <SequencePoint vc="0" uspid="3557" ordinal="0" offset="0" sl="40" sc="17" el="40" ec="102" bec="0" bev="0" fileid="129" />
                <SequencePoint vc="0" uspid="3558" ordinal="1" offset="13" sl="41" sc="17" el="41" ec="70" bec="0" bev="0" fileid="129" />
                <SequencePoint vc="0" uspid="3559" ordinal="2" offset="27" sl="45" sc="17" el="45" ec="65" bec="0" bev="0" fileid="129" />
                <SequencePoint vc="0" uspid="3560" ordinal="3" offset="37" sl="46" sc="17" el="46" ec="41" bec="0" bev="0" fileid="129" />
                <SequencePoint vc="0" uspid="3561" ordinal="4" offset="49" sl="48" sc="9" el="48" ec="10" bec="0" bev="0" fileid="129" />
              </SequencePoints>
              <BranchPoints />
              <MethodPoint xsi:type="SequencePoint" vc="0" uspid="3557" ordinal="0" offset="0" sl="40" sc="17" el="40" ec="102" bec="0" bev="0" fileid="129" />
            </Method>
            <Method visited="false" cyclomaticComplexity="1" nPathComplexity="0" sequenceCoverage="0" branchCoverage="0" crapScore="2" isConstructor="false" isStatic="false" isGetter="false" isSetter="false">
              <Summary numSequencePoints="1" visitedSequencePoints="0" numBranchPoints="1" visitedBranchPoints="0" sequenceCoverage="0" branchCoverage="0" maxCyclomaticComplexity="1" minCyclomaticComplexity="1" maxCrapScore="2" minCrapScore="2" visitedClasses="0" numClasses="0" visitedMethods="0" numMethods="1" />
              <MetadataToken>100663625</MetadataToken>
              <Name>System.Void Xunit.AppDomainManager_NoAppDomain::Dispose()</Name>
              <FileRef uid="129" />
              <SequencePoints>
                <SequencePoint vc="0" uspid="3562" ordinal="0" offset="0" sl="50" sc="33" el="50" ec="34" bec="0" bev="0" fileid="129" />
              </SequencePoints>
              <BranchPoints />
              <MethodPoint xsi:type="SequencePoint" vc="0" uspid="3562" ordinal="0" offset="0" sl="50" sc="33" el="50" ec="34" bec="0" bev="0" fileid="129" />
            </Method>
          </Methods>
        </Class>
        <Class>
          <Summary numSequencePoints="2" visitedSequencePoints="0" numBranchPoints="6" visitedBranchPoints="0" sequenceCoverage="0" branchCoverage="0" maxCyclomaticComplexity="3" minCyclomaticComplexity="1" maxCrapScore="12" minCrapScore="2" visitedClasses="0" numClasses="1" visitedMethods="0" numMethods="2" />
          <FullName>Xunit.ConfigReader</FullName>
          <Methods>
            <Method visited="false" cyclomaticComplexity="3" nPathComplexity="4" sequenceCoverage="0" branchCoverage="0" crapScore="12" isConstructor="false" isStatic="true" isGetter="false" isSetter="false">
              <Summary numSequencePoints="1" visitedSequencePoints="0" numBranchPoints="5" visitedBranchPoints="0" sequenceCoverage="0" branchCoverage="0" maxCyclomaticComplexity="3" minCyclomaticComplexity="3" maxCrapScore="12" minCrapScore="12" visitedClasses="0" numClasses="0" visitedMethods="0" numMethods="1" />
              <MetadataToken>100663629</MetadataToken>
              <Name>Xunit.TestAssemblyConfiguration Xunit.ConfigReader::Load(System.String,System.String)</Name>
              <FileRef uid="130" />
              <SequencePoints>
                <SequencePoint vc="0" uspid="3563" ordinal="0" offset="0" sl="18" sc="13" el="22" ec="52" bec="3" bev="0" fileid="130" />
              </SequencePoints>
              <BranchPoints>
                <BranchPoint vc="0" uspid="3564" ordinal="0" offset="8" sl="18" path="0" offsetend="10" fileid="130" />
                <BranchPoint vc="0" uspid="3565" ordinal="1" offset="8" sl="18" path="1" offsetend="27" fileid="130" />
                <BranchPoint vc="0" uspid="3566" ordinal="2" offset="19" sl="18" path="0" offsetend="21" fileid="130" />
                <BranchPoint vc="0" uspid="3567" ordinal="3" offset="19" sl="18" path="1" offsetend="27" fileid="130" />
              </BranchPoints>
              <MethodPoint xsi:type="SequencePoint" vc="0" uspid="3563" ordinal="0" offset="0" sl="18" sc="13" el="22" ec="52" bec="3" bev="0" fileid="130" />
            </Method>
            <Method visited="false" cyclomaticComplexity="1" nPathComplexity="0" sequenceCoverage="0" branchCoverage="0" crapScore="2" isConstructor="false" isStatic="true" isGetter="false" isSetter="false">
              <Summary numSequencePoints="1" visitedSequencePoints="0" numBranchPoints="1" visitedBranchPoints="0" sequenceCoverage="0" branchCoverage="0" maxCyclomaticComplexity="1" minCyclomaticComplexity="1" maxCrapScore="2" minCrapScore="2" visitedClasses="0" numClasses="0" visitedMethods="0" numMethods="1" />
              <MetadataToken>100663630</MetadataToken>
              <Name>Xunit.TestAssemblyConfiguration Xunit.ConfigReader::Load(System.IO.Stream)</Name>
              <FileRef uid="130" />
              <SequencePoints>
                <SequencePoint vc="0" uspid="3568" ordinal="0" offset="0" sl="32" sc="13" el="32" ec="57" bec="0" bev="0" fileid="130" />
              </SequencePoints>
              <BranchPoints />
              <MethodPoint xsi:type="SequencePoint" vc="0" uspid="3568" ordinal="0" offset="0" sl="32" sc="13" el="32" ec="57" bec="0" bev="0" fileid="130" />
            </Method>
          </Methods>
        </Class>
        <Class>
          <Summary numSequencePoints="32" visitedSequencePoints="0" numBranchPoints="43" visitedBranchPoints="0" sequenceCoverage="0" branchCoverage="0" maxCyclomaticComplexity="16" minCyclomaticComplexity="2" maxCrapScore="272" minCrapScore="6" visitedClasses="0" numClasses="1" visitedMethods="0" numMethods="5" />
          <FullName>Xunit.ConfigReader_Configuration</FullName>
          <Methods>
            <Method visited="false" cyclomaticComplexity="16" nPathComplexity="32768" sequenceCoverage="0" branchCoverage="0" crapScore="272" isConstructor="false" isStatic="true" isGetter="false" isSetter="false">
              <Summary numSequencePoints="25" visitedSequencePoints="0" numBranchPoints="31" visitedBranchPoints="0" sequenceCoverage="0" branchCoverage="0" maxCyclomaticComplexity="16" minCyclomaticComplexity="16" maxCrapScore="272" minCrapScore="272" visitedClasses="0" numClasses="0" visitedMethods="0" numMethods="1" />
              <MetadataToken>100663631</MetadataToken>
              <Name>Xunit.TestAssemblyConfiguration Xunit.ConfigReader_Configuration::Load(System.String,System.String)</Name>
              <FileRef uid="131" />
              <SequencePoints>
                <SequencePoint vc="0" uspid="3569" ordinal="0" offset="0" sl="21" sc="13" el="21" ec="40" bec="2" bev="0" fileid="131" />
                <SequencePoint vc="0" uspid="3570" ordinal="1" offset="3" sl="22" sc="17" el="22" ec="63" bec="0" bev="0" fileid="131" />
                <SequencePoint vc="0" uspid="3571" ordinal="2" offset="16" sl="24" sc="13" el="24" ec="78" bec="2" bev="0" fileid="131" />
                <SequencePoint vc="0" uspid="3572" ordinal="3" offset="33" sl="28" sc="21" el="28" ec="98" bec="0" bev="0" fileid="131" />
                <SequencePoint vc="0" uspid="3573" ordinal="4" offset="45" sl="29" sc="21" el="29" ec="116" bec="0" bev="0" fileid="131" />
                <SequencePoint vc="0" uspid="3574" ordinal="5" offset="52" sl="30" sc="21" el="30" ec="70" bec="3" bev="0" fileid="131" />
                <SequencePoint vc="0" uspid="3575" ordinal="6" offset="69" sl="32" sc="25" el="32" ec="70" bec="0" bev="0" fileid="131" />
                <SequencePoint vc="0" uspid="3576" ordinal="7" offset="75" sl="33" sc="25" el="33" ec="68" bec="0" bev="0" fileid="131" />
                <SequencePoint vc="0" uspid="3577" ordinal="8" offset="87" sl="35" sc="25" el="35" ec="125" bec="2" bev="0" fileid="131" />
                <SequencePoint vc="0" uspid="3578" ordinal="9" offset="123" sl="36" sc="25" el="36" ec="137" bec="2" bev="0" fileid="131" />
                <SequencePoint vc="0" uspid="3579" ordinal="10" offset="161" sl="37" sc="25" el="37" ec="161" bec="2" bev="0" fileid="131" />
                <SequencePoint vc="0" uspid="3580" ordinal="11" offset="199" sl="38" sc="25" el="38" ec="133" bec="2" bev="0" fileid="131" />
                <SequencePoint vc="0" uspid="3581" ordinal="12" offset="237" sl="39" sc="25" el="39" ec="138" bec="2" bev="0" fileid="131" />
                <SequencePoint vc="0" uspid="3582" ordinal="13" offset="275" sl="40" sc="25" el="40" ec="140" bec="2" bev="0" fileid="131" />
                <SequencePoint vc="0" uspid="3583" ordinal="14" offset="313" sl="41" sc="25" el="41" ec="161" bec="2" bev="0" fileid="131" />
                <SequencePoint vc="0" uspid="3584" ordinal="15" offset="351" sl="42" sc="25" el="42" ec="143" bec="2" bev="0" fileid="131" />
                <SequencePoint vc="0" uspid="3585" ordinal="16" offset="389" sl="43" sc="25" el="43" ec="113" bec="2" bev="0" fileid="131" />
                <SequencePoint vc="0" uspid="3586" ordinal="17" offset="427" sl="44" sc="25" el="44" ec="113" bec="2" bev="0" fileid="131" />
                <SequencePoint vc="0" uspid="3587" ordinal="18" offset="465" sl="45" sc="25" el="45" ec="145" bec="2" bev="0" fileid="131" />
                <SequencePoint vc="0" uspid="3588" ordinal="19" offset="503" sl="47" sc="25" el="47" ec="39" bec="0" bev="0" fileid="131" />
                <SequencePoint vc="0" uspid="3589" ordinal="20" offset="508" sl="49" sc="17" el="49" ec="18" bec="0" bev="0" fileid="131" />
                <SequencePoint vc="0" uspid="3590" ordinal="21" offset="510" sl="50" sc="17" el="50" ec="22" bec="0" bev="0" fileid="131" />
                <SequencePoint vc="0" uspid="3591" ordinal="22" offset="511" sl="50" sc="25" el="50" ec="26" bec="0" bev="0" fileid="131" />
                <SequencePoint vc="0" uspid="3592" ordinal="23" offset="513" sl="53" sc="13" el="53" ec="25" bec="0" bev="0" fileid="131" />
                <SequencePoint vc="0" uspid="3593" ordinal="24" offset="515" sl="54" sc="9" el="54" ec="10" bec="0" bev="0" fileid="131" />
              </SequencePoints>
              <BranchPoints>
                <BranchPoint vc="0" uspid="3594" ordinal="0" offset="1" sl="21" path="0" offsetend="3" fileid="131" />
                <BranchPoint vc="0" uspid="3595" ordinal="1" offset="1" sl="21" path="1" offsetend="16" fileid="131" />
                <BranchPoint vc="0" uspid="3596" ordinal="2" offset="28" sl="24" path="0" offsetend="33" fileid="131" />
                <BranchPoint vc="0" uspid="3597" ordinal="3" offset="28" sl="24" path="1" offsetend="513" fileid="131" />
                <BranchPoint vc="0" uspid="3598" ordinal="4" offset="53" sl="30" path="0" offsetend="58" fileid="131" />
                <BranchPoint vc="0" uspid="3599" ordinal="5" offset="53" sl="30" path="1" offsetend="508" fileid="131" />
                <BranchPoint vc="0" uspid="3600" ordinal="6" offset="64" sl="30" path="0" offsetend="69" fileid="131" />
                <BranchPoint vc="0" uspid="3601" ordinal="7" offset="64" sl="30" path="1" offsetend="508" fileid="131" />
                <BranchPoint vc="0" uspid="3602" ordinal="8" offset="107" sl="35" path="0" offsetend="109" fileid="131" />
                <BranchPoint vc="0" uspid="3603" ordinal="9" offset="107" sl="35" path="1" offsetend="117" fileid="131" />
                <BranchPoint vc="0" uspid="3604" ordinal="10" offset="144" sl="36" path="0" offsetend="146" fileid="131" />
                <BranchPoint vc="0" uspid="3605" ordinal="11" offset="144" sl="36" path="1" offsetend="154" fileid="131" />
                <BranchPoint vc="0" uspid="3606" ordinal="12" offset="182" sl="37" path="0" offsetend="184" fileid="131" />
                <BranchPoint vc="0" uspid="3607" ordinal="13" offset="182" sl="37" path="1" offsetend="192" fileid="131" />
                <BranchPoint vc="0" uspid="3608" ordinal="14" offset="220" sl="38" path="0" offsetend="222" fileid="131" />
                <BranchPoint vc="0" uspid="3609" ordinal="15" offset="220" sl="38" path="1" offsetend="230" fileid="131" />
                <BranchPoint vc="0" uspid="3610" ordinal="16" offset="258" sl="39" path="0" offsetend="260" fileid="131" />
                <BranchPoint vc="0" uspid="3611" ordinal="17" offset="258" sl="39" path="1" offsetend="268" fileid="131" />
                <BranchPoint vc="0" uspid="3612" ordinal="18" offset="296" sl="40" path="0" offsetend="298" fileid="131" />
                <BranchPoint vc="0" uspid="3613" ordinal="19" offset="296" sl="40" path="1" offsetend="306" fileid="131" />
                <BranchPoint vc="0" uspid="3614" ordinal="20" offset="334" sl="41" path="0" offsetend="336" fileid="131" />
                <BranchPoint vc="0" uspid="3615" ordinal="21" offset="334" sl="41" path="1" offsetend="344" fileid="131" />
                <BranchPoint vc="0" uspid="3616" ordinal="22" offset="372" sl="42" path="0" offsetend="374" fileid="131" />
                <BranchPoint vc="0" uspid="3617" ordinal="23" offset="372" sl="42" path="1" offsetend="382" fileid="131" />
                <BranchPoint vc="0" uspid="3618" ordinal="24" offset="410" sl="43" path="0" offsetend="412" fileid="131" />
                <BranchPoint vc="0" uspid="3619" ordinal="25" offset="410" sl="43" path="1" offsetend="420" fileid="131" />
                <BranchPoint vc="0" uspid="3620" ordinal="26" offset="448" sl="44" path="0" offsetend="450" fileid="131" />
                <BranchPoint vc="0" uspid="3621" ordinal="27" offset="448" sl="44" path="1" offsetend="458" fileid="131" />
                <BranchPoint vc="0" uspid="3622" ordinal="28" offset="486" sl="45" path="0" offsetend="488" fileid="131" />
                <BranchPoint vc="0" uspid="3623" ordinal="29" offset="486" sl="45" path="1" offsetend="496" fileid="131" />
              </BranchPoints>
              <MethodPoint xsi:type="SequencePoint" vc="0" uspid="3569" ordinal="0" offset="0" sl="21" sc="13" el="21" ec="40" bec="2" bev="0" fileid="131" />
            </Method>
            <Method visited="false" cyclomaticComplexity="2" nPathComplexity="2" sequenceCoverage="0" branchCoverage="0" crapScore="6" isConstructor="false" isStatic="true" isGetter="false" isSetter="false">
              <Summary numSequencePoints="1" visitedSequencePoints="0" numBranchPoints="3" visitedBranchPoints="0" sequenceCoverage="0" branchCoverage="0" maxCyclomaticComplexity="2" minCyclomaticComplexity="2" maxCrapScore="6" minCrapScore="6" visitedClasses="0" numClasses="0" visitedMethods="0" numMethods="1" />
              <MetadataToken>100663632</MetadataToken>
              <Name>System.Nullable`1&lt;System.Boolean&gt; Xunit.ConfigReader_Configuration::GetBoolean(System.Configuration.KeyValueConfigurationCollection,System.String)</Name>
              <FileRef uid="131" />
              <SequencePoints>
                <SequencePoint vc="0" uspid="3624" ordinal="0" offset="0" sl="58" sc="13" el="67" ec="20" bec="2" bev="0" fileid="131" />
              </SequencePoints>
              <BranchPoints>
                <BranchPoint vc="0" uspid="3625" ordinal="0" offset="8" sl="58" path="0" offsetend="10" fileid="131" />
                <BranchPoint vc="0" uspid="3626" ordinal="1" offset="8" sl="58" path="1" offsetend="33" fileid="131" />
              </BranchPoints>
              <MethodPoint xsi:type="SequencePoint" vc="0" uspid="3624" ordinal="0" offset="0" sl="58" sc="13" el="67" ec="20" bec="2" bev="0" fileid="131" />
            </Method>
            <Method visited="false" cyclomaticComplexity="2" nPathComplexity="2" sequenceCoverage="0" branchCoverage="0" crapScore="6" isConstructor="false" isStatic="true" isGetter="false" isSetter="false">
              <Summary numSequencePoints="1" visitedSequencePoints="0" numBranchPoints="3" visitedBranchPoints="0" sequenceCoverage="0" branchCoverage="0" maxCyclomaticComplexity="2" minCyclomaticComplexity="2" maxCrapScore="6" minCrapScore="6" visitedClasses="0" numClasses="0" visitedMethods="0" numMethods="1" />
              <MetadataToken>100663633</MetadataToken>
              <Name>System.Nullable`1&lt;TValue&gt; Xunit.ConfigReader_Configuration::GetEnum(System.Configuration.KeyValueConfigurationCollection,System.String)</Name>
              <FileRef uid="131" />
              <SequencePoints>
                <SequencePoint vc="0" uspid="3627" ordinal="0" offset="0" sl="73" sc="13" el="78" ec="20" bec="2" bev="0" fileid="131" />
              </SequencePoints>
              <BranchPoints>
                <BranchPoint vc="0" uspid="3628" ordinal="0" offset="8" sl="73" path="0" offsetend="10" fileid="131" />
                <BranchPoint vc="0" uspid="3629" ordinal="1" offset="8" sl="73" path="1" offsetend="33" fileid="131" />
              </BranchPoints>
              <MethodPoint xsi:type="SequencePoint" vc="0" uspid="3627" ordinal="0" offset="0" sl="73" sc="13" el="78" ec="20" bec="2" bev="0" fileid="131" />
            </Method>
            <Method visited="false" cyclomaticComplexity="2" nPathComplexity="2" sequenceCoverage="0" branchCoverage="0" crapScore="6" isConstructor="false" isStatic="true" isGetter="false" isSetter="false">
              <Summary numSequencePoints="1" visitedSequencePoints="0" numBranchPoints="3" visitedBranchPoints="0" sequenceCoverage="0" branchCoverage="0" maxCyclomaticComplexity="2" minCyclomaticComplexity="2" maxCrapScore="6" minCrapScore="6" visitedClasses="0" numClasses="0" visitedMethods="0" numMethods="1" />
              <MetadataToken>100663634</MetadataToken>
              <Name>System.Nullable`1&lt;System.Int32&gt; Xunit.ConfigReader_Configuration::GetInt(System.Configuration.KeyValueConfigurationCollection,System.String)</Name>
              <FileRef uid="131" />
              <SequencePoints>
                <SequencePoint vc="0" uspid="3630" ordinal="0" offset="0" sl="83" sc="13" el="90" ec="20" bec="2" bev="0" fileid="131" />
              </SequencePoints>
              <BranchPoints>
                <BranchPoint vc="0" uspid="3631" ordinal="0" offset="8" sl="83" path="0" offsetend="10" fileid="131" />
                <BranchPoint vc="0" uspid="3632" ordinal="1" offset="8" sl="83" path="1" offsetend="33" fileid="131" />
              </BranchPoints>
              <MethodPoint xsi:type="SequencePoint" vc="0" uspid="3630" ordinal="0" offset="0" sl="83" sc="13" el="90" ec="20" bec="2" bev="0" fileid="131" />
            </Method>
            <Method visited="false" cyclomaticComplexity="2" nPathComplexity="2" sequenceCoverage="0" branchCoverage="0" crapScore="6" isConstructor="false" isStatic="true" isGetter="false" isSetter="false">
              <Summary numSequencePoints="4" visitedSequencePoints="0" numBranchPoints="3" visitedBranchPoints="0" sequenceCoverage="0" branchCoverage="0" maxCyclomaticComplexity="2" minCyclomaticComplexity="2" maxCrapScore="6" minCrapScore="6" visitedClasses="0" numClasses="0" visitedMethods="0" numMethods="1" />
              <MetadataToken>100663635</MetadataToken>
              <Name>T Xunit.ConfigReader_Configuration::GetValue(System.Configuration.KeyValueConfigurationCollection,System.String,System.Func`2&lt;System.String,T&gt;)</Name>
              <FileRef uid="131" />
              <SequencePoints>
                <SequencePoint vc="0" uspid="3633" ordinal="0" offset="0" sl="95" sc="13" el="95" ec="41" bec="0" bev="0" fileid="131" />
                <SequencePoint vc="0" uspid="3634" ordinal="1" offset="8" sl="96" sc="13" el="96" ec="33" bec="2" bev="0" fileid="131" />
                <SequencePoint vc="0" uspid="3635" ordinal="2" offset="11" sl="97" sc="17" el="97" ec="35" bec="0" bev="0" fileid="131" />
                <SequencePoint vc="0" uspid="3636" ordinal="3" offset="21" sl="99" sc="13" el="99" ec="45" bec="0" bev="0" fileid="131" />
              </SequencePoints>
              <BranchPoints>
                <BranchPoint vc="0" uspid="3637" ordinal="0" offset="9" sl="96" path="0" offsetend="11" fileid="131" />
                <BranchPoint vc="0" uspid="3638" ordinal="1" offset="9" sl="96" path="1" offsetend="21" fileid="131" />
              </BranchPoints>
              <MethodPoint xsi:type="SequencePoint" vc="0" uspid="3633" ordinal="0" offset="0" sl="95" sc="13" el="95" ec="41" bec="0" bev="0" fileid="131" />
            </Method>
          </Methods>
        </Class>
        <Class>
          <Summary numSequencePoints="0" visitedSequencePoints="0" numBranchPoints="0" visitedBranchPoints="0" sequenceCoverage="0" branchCoverage="0" maxCyclomaticComplexity="0" minCyclomaticComplexity="0" maxCrapScore="0" minCrapScore="0" visitedClasses="0" numClasses="0" visitedMethods="0" numMethods="0" />
          <FullName>Xunit.ConfigReader_Configuration/Configuration</FullName>
          <Methods />
        </Class>
        <Class>
          <Summary numSequencePoints="7" visitedSequencePoints="0" numBranchPoints="8" visitedBranchPoints="0" sequenceCoverage="0" branchCoverage="0" maxCyclomaticComplexity="3" minCyclomaticComplexity="1" maxCrapScore="12" minCrapScore="2" visitedClasses="0" numClasses="1" visitedMethods="0" numMethods="2" />
          <FullName>Xunit.ConfigReader_Configuration/&lt;&gt;c</FullName>
          <Methods>
            <Method visited="false" cyclomaticComplexity="1" nPathComplexity="0" sequenceCoverage="0" branchCoverage="0" crapScore="2" isConstructor="true" isStatic="true" isGetter="false" isSetter="false">
              <Summary numSequencePoints="0" visitedSequencePoints="0" numBranchPoints="0" visitedBranchPoints="0" sequenceCoverage="0" branchCoverage="0" maxCyclomaticComplexity="1" minCyclomaticComplexity="1" maxCrapScore="2" minCrapScore="2" visitedClasses="0" numClasses="0" visitedMethods="0" numMethods="0" />
              <MetadataToken>100664897</MetadataToken>
              <Name>System.Void Xunit.ConfigReader_Configuration/&lt;&gt;c::.cctor()</Name>
              <SequencePoints />
              <BranchPoints />
              <MethodPoint vc="0" uspid="3639" ordinal="0" offset="0" />
            </Method>
            <Method visited="false" cyclomaticComplexity="1" nPathComplexity="0" sequenceCoverage="0" branchCoverage="0" crapScore="2" isConstructor="true" isStatic="false" isGetter="false" isSetter="false">
              <Summary numSequencePoints="0" visitedSequencePoints="0" numBranchPoints="0" visitedBranchPoints="0" sequenceCoverage="0" branchCoverage="0" maxCyclomaticComplexity="1" minCyclomaticComplexity="1" maxCrapScore="2" minCrapScore="2" visitedClasses="0" numClasses="0" visitedMethods="0" numMethods="0" />
              <MetadataToken>100664898</MetadataToken>
              <Name>System.Void Xunit.ConfigReader_Configuration/&lt;&gt;c::.ctor()</Name>
              <SequencePoints />
              <BranchPoints />
              <MethodPoint vc="0" uspid="3640" ordinal="0" offset="0" />
            </Method>
            <Method visited="false" cyclomaticComplexity="3" nPathComplexity="4" sequenceCoverage="0" branchCoverage="0" crapScore="12" isConstructor="false" isStatic="false" isGetter="false" isSetter="false">
              <Summary numSequencePoints="4" visitedSequencePoints="0" numBranchPoints="5" visitedBranchPoints="0" sequenceCoverage="0" branchCoverage="0" maxCyclomaticComplexity="3" minCyclomaticComplexity="3" maxCrapScore="12" minCrapScore="12" visitedClasses="0" numClasses="0" visitedMethods="0" numMethods="1" />
              <MetadataToken>100664899</MetadataToken>
              <Name>System.Nullable`1&lt;System.Boolean&gt; Xunit.ConfigReader_Configuration/&lt;&gt;c::&lt;GetBoolean&gt;b__1_0(System.String)</Name>
              <FileRef uid="131" />
              <SequencePoints>
                <SequencePoint vc="0" uspid="3641" ordinal="0" offset="0" sl="61" sc="21" el="61" ec="54" bec="4" bev="0" fileid="131" />
                <SequencePoint vc="0" uspid="3642" ordinal="1" offset="35" sl="63" sc="38" el="63" ec="50" bec="0" bev="0" fileid="131" />
                <SequencePoint vc="0" uspid="3643" ordinal="2" offset="42" sl="64" sc="39" el="64" ec="52" bec="0" bev="0" fileid="131" />
                <SequencePoint vc="0" uspid="3644" ordinal="3" offset="49" sl="65" sc="34" el="65" ec="46" bec="0" bev="0" fileid="131" />
              </SequencePoints>
              <BranchPoints>
                <BranchPoint vc="0" uspid="3645" ordinal="0" offset="18" sl="61" path="0" offsetend="20" fileid="131" />
                <BranchPoint vc="0" uspid="3646" ordinal="1" offset="18" sl="61" path="1" offsetend="35" fileid="131" />
                <BranchPoint vc="0" uspid="3647" ordinal="2" offset="31" sl="61" path="0" offsetchain="33" offsetend="49" fileid="131" />
                <BranchPoint vc="0" uspid="3648" ordinal="3" offset="31" sl="61" path="1" offsetend="42" fileid="131" />
              </BranchPoints>
              <MethodPoint xsi:type="SequencePoint" vc="0" uspid="3641" ordinal="0" offset="0" sl="61" sc="21" el="61" ec="54" bec="4" bev="0" fileid="131" />
            </Method>
            <Method visited="false" cyclomaticComplexity="2" nPathComplexity="2" sequenceCoverage="0" branchCoverage="0" crapScore="6" isConstructor="false" isStatic="false" isGetter="false" isSetter="false">
              <Summary numSequencePoints="3" visitedSequencePoints="0" numBranchPoints="3" visitedBranchPoints="0" sequenceCoverage="0" branchCoverage="0" maxCyclomaticComplexity="2" minCyclomaticComplexity="2" maxCrapScore="6" minCrapScore="6" visitedClasses="0" numClasses="0" visitedMethods="0" numMethods="1" />
              <MetadataToken>100664900</MetadataToken>
              <Name>System.Nullable`1&lt;System.Int32&gt; Xunit.ConfigReader_Configuration/&lt;&gt;c::&lt;GetInt&gt;b__3_0(System.String)</Name>
              <FileRef uid="131" />
              <SequencePoints>
                <SequencePoint vc="0" uspid="3649" ordinal="0" offset="0" sl="87" sc="21" el="87" ec="61" bec="2" bev="0" fileid="131" />
                <SequencePoint vc="0" uspid="3650" ordinal="1" offset="10" sl="88" sc="25" el="88" ec="39" bec="0" bev="0" fileid="131" />
                <SequencePoint vc="0" uspid="3651" ordinal="2" offset="17" sl="89" sc="21" el="89" ec="33" bec="0" bev="0" fileid="131" />
              </SequencePoints>
              <BranchPoints>
                <BranchPoint vc="0" uspid="3652" ordinal="0" offset="8" sl="87" path="0" offsetend="10" fileid="131" />
                <BranchPoint vc="0" uspid="3653" ordinal="1" offset="8" sl="87" path="1" offsetend="17" fileid="131" />
              </BranchPoints>
              <MethodPoint xsi:type="SequencePoint" vc="0" uspid="3649" ordinal="0" offset="0" sl="87" sc="21" el="87" ec="61" bec="2" bev="0" fileid="131" />
            </Method>
          </Methods>
        </Class>
        <Class>
          <Summary numSequencePoints="4" visitedSequencePoints="0" numBranchPoints="1" visitedBranchPoints="0" sequenceCoverage="0" branchCoverage="0" maxCyclomaticComplexity="1" minCyclomaticComplexity="1" maxCrapScore="2" minCrapScore="2" visitedClasses="0" numClasses="1" visitedMethods="0" numMethods="1" />
          <FullName>Xunit.ConfigReader_Configuration/&lt;&gt;c__2`1</FullName>
          <Methods>
            <Method visited="false" cyclomaticComplexity="1" nPathComplexity="0" sequenceCoverage="0" branchCoverage="0" crapScore="2" isConstructor="true" isStatic="true" isGetter="false" isSetter="false">
              <Summary numSequencePoints="0" visitedSequencePoints="0" numBranchPoints="0" visitedBranchPoints="0" sequenceCoverage="0" branchCoverage="0" maxCyclomaticComplexity="1" minCyclomaticComplexity="1" maxCrapScore="2" minCrapScore="2" visitedClasses="0" numClasses="0" visitedMethods="0" numMethods="0" />
              <MetadataToken>100664901</MetadataToken>
              <Name>System.Void Xunit.ConfigReader_Configuration/&lt;&gt;c__2`1::.cctor()</Name>
              <SequencePoints />
              <BranchPoints />
              <MethodPoint vc="0" uspid="3654" ordinal="0" offset="0" />
            </Method>
            <Method visited="false" cyclomaticComplexity="1" nPathComplexity="0" sequenceCoverage="0" branchCoverage="0" crapScore="2" isConstructor="true" isStatic="false" isGetter="false" isSetter="false">
              <Summary numSequencePoints="0" visitedSequencePoints="0" numBranchPoints="0" visitedBranchPoints="0" sequenceCoverage="0" branchCoverage="0" maxCyclomaticComplexity="1" minCyclomaticComplexity="1" maxCrapScore="2" minCrapScore="2" visitedClasses="0" numClasses="0" visitedMethods="0" numMethods="0" />
              <MetadataToken>100664902</MetadataToken>
              <Name>System.Void Xunit.ConfigReader_Configuration/&lt;&gt;c__2`1::.ctor()</Name>
              <SequencePoints />
              <BranchPoints />
              <MethodPoint vc="0" uspid="3655" ordinal="0" offset="0" />
            </Method>
            <Method visited="false" cyclomaticComplexity="1" nPathComplexity="0" sequenceCoverage="0" branchCoverage="0" crapScore="2" isConstructor="false" isStatic="false" isGetter="false" isSetter="false">
              <Summary numSequencePoints="4" visitedSequencePoints="0" numBranchPoints="1" visitedBranchPoints="0" sequenceCoverage="0" branchCoverage="0" maxCyclomaticComplexity="1" minCyclomaticComplexity="1" maxCrapScore="2" minCrapScore="2" visitedClasses="0" numClasses="0" visitedMethods="0" numMethods="1" />
              <MetadataToken>100664903</MetadataToken>
              <Name>System.Nullable`1&lt;TValue&gt; Xunit.ConfigReader_Configuration/&lt;&gt;c__2`1::&lt;GetEnum&gt;b__2_0(System.String)</Name>
              <FileRef uid="131" />
              <SequencePoints>
                <SequencePoint vc="0" uspid="3656" ordinal="0" offset="0" sl="76" sc="27" el="76" ec="82" bec="0" bev="0" fileid="131" />
                <SequencePoint vc="0" uspid="3657" ordinal="1" offset="30" sl="77" sc="21" el="77" ec="26" bec="0" bev="0" fileid="131" />
                <SequencePoint vc="0" uspid="3658" ordinal="2" offset="31" sl="77" sc="29" el="77" ec="41" bec="0" bev="0" fileid="131" />
                <SequencePoint vc="0" uspid="3659" ordinal="3" offset="43" sl="78" sc="17" el="78" ec="18" bec="0" bev="0" fileid="131" />
              </SequencePoints>
              <BranchPoints />
              <MethodPoint xsi:type="SequencePoint" vc="0" uspid="3656" ordinal="0" offset="0" sl="76" sc="27" el="76" ec="82" bec="0" bev="0" fileid="131" />
            </Method>
          </Methods>
        </Class>
        <Class>
          <Summary numSequencePoints="69" visitedSequencePoints="0" numBranchPoints="50" visitedBranchPoints="0" sequenceCoverage="0" branchCoverage="0" maxCyclomaticComplexity="24" minCyclomaticComplexity="1" maxCrapScore="600" minCrapScore="2" visitedClasses="0" numClasses="1" visitedMethods="0" numMethods="4" />
          <FullName>Xunit.ConfigReader_Json</FullName>
          <Methods>
            <Method visited="false" cyclomaticComplexity="24" nPathComplexity="1048576" sequenceCoverage="0" branchCoverage="0" crapScore="600" isConstructor="false" isStatic="true" isGetter="false" isSetter="false">
              <Summary numSequencePoints="57" visitedSequencePoints="0" numBranchPoints="41" visitedBranchPoints="0" sequenceCoverage="0" branchCoverage="0" maxCyclomaticComplexity="24" minCyclomaticComplexity="24" maxCrapScore="600" minCrapScore="600" visitedClasses="0" numClasses="0" visitedMethods="0" numMethods="1" />
              <MetadataToken>100663636</MetadataToken>
              <Name>Xunit.TestAssemblyConfiguration Xunit.ConfigReader_Json::Load(System.IO.Stream)</Name>
              <FileRef uid="134" />
              <SequencePoints>
                <SequencePoint vc="0" uspid="3660" ordinal="0" offset="0" sl="22" sc="13" el="22" ec="58" bec="0" bev="0" fileid="134" />
                <SequencePoint vc="0" uspid="3661" ordinal="1" offset="6" sl="26" sc="24" el="26" ec="67" bec="0" bev="0" fileid="134" />
                <SequencePoint vc="0" uspid="3662" ordinal="2" offset="13" sl="28" sc="21" el="28" ec="85" bec="0" bev="0" fileid="134" />
                <SequencePoint vc="0" uspid="3663" ordinal="3" offset="25" sl="30" sc="50" el="30" ec="61" bec="0" bev="0" fileid="134" />
                <SequencePoint vc="0" uspid="3664" ordinal="4" offset="42" sl="30" sc="30" el="30" ec="46" bec="0" bev="0" fileid="134" />
                <SequencePoint vc="0" uspid="3665" ordinal="5" offset="50" sl="32" sc="25" el="32" ec="72" bec="0" bev="0" fileid="134" />
                <SequencePoint vc="0" uspid="3666" ordinal="6" offset="60" sl="33" sc="25" el="33" ec="73" bec="0" bev="0" fileid="134" />
                <SequencePoint vc="0" uspid="3667" ordinal="7" offset="69" sl="35" sc="25" el="35" ec="50" bec="2" bev="0" fileid="134" />
                <SequencePoint vc="0" uspid="3668" ordinal="8" offset="76" sl="37" sc="29" el="37" ec="131" bec="2" bev="0" fileid="134" />
                <SequencePoint vc="0" uspid="3669" ordinal="9" offset="91" sl="38" sc="33" el="38" ec="74" bec="0" bev="0" fileid="134" />
                <SequencePoint vc="0" uspid="3670" ordinal="10" offset="109" sl="39" sc="29" el="39" ec="139" bec="2" bev="0" fileid="134" />
                <SequencePoint vc="0" uspid="3671" ordinal="11" offset="124" sl="40" sc="33" el="40" ec="82" bec="0" bev="0" fileid="134" />
                <SequencePoint vc="0" uspid="3672" ordinal="12" offset="142" sl="41" sc="29" el="41" ec="132" bec="2" bev="0" fileid="134" />
                <SequencePoint vc="0" uspid="3673" ordinal="13" offset="157" sl="42" sc="33" el="42" ec="75" bec="0" bev="0" fileid="134" />
                <SequencePoint vc="0" uspid="3674" ordinal="14" offset="175" sl="43" sc="29" el="43" ec="139" bec="2" bev="0" fileid="134" />
                <SequencePoint vc="0" uspid="3675" ordinal="15" offset="190" sl="44" sc="33" el="44" ec="82" bec="0" bev="0" fileid="134" />
                <SequencePoint vc="0" uspid="3676" ordinal="16" offset="208" sl="45" sc="29" el="45" ec="133" bec="2" bev="0" fileid="134" />
                <SequencePoint vc="0" uspid="3677" ordinal="17" offset="223" sl="46" sc="33" el="46" ec="76" bec="0" bev="0" fileid="134" />
                <SequencePoint vc="0" uspid="3678" ordinal="18" offset="241" sl="47" sc="29" el="47" ec="123" bec="2" bev="0" fileid="134" />
                <SequencePoint vc="0" uspid="3679" ordinal="19" offset="256" sl="48" sc="33" el="48" ec="66" bec="0" bev="0" fileid="134" />
                <SequencePoint vc="0" uspid="3680" ordinal="20" offset="274" sl="49" sc="29" el="49" ec="123" bec="2" bev="0" fileid="134" />
                <SequencePoint vc="0" uspid="3681" ordinal="21" offset="292" sl="50" sc="33" el="50" ec="66" bec="0" bev="0" fileid="134" />
                <SequencePoint vc="0" uspid="3682" ordinal="22" offset="310" sl="51" sc="25" el="51" ec="26" bec="0" bev="0" fileid="134" />
                <SequencePoint vc="0" uspid="3683" ordinal="23" offset="315" sl="52" sc="30" el="52" ec="132" bec="2" bev="0" fileid="134" />
                <SequencePoint vc="0" uspid="3684" ordinal="24" offset="330" sl="54" sc="29" el="54" ec="75" bec="0" bev="0" fileid="134" />
                <SequencePoint vc="0" uspid="3685" ordinal="25" offset="339" sl="55" sc="29" el="55" ec="53" bec="2" bev="0" fileid="134" />
                <SequencePoint vc="0" uspid="3686" ordinal="26" offset="346" sl="58" sc="33" el="58" ec="117" bec="3" bev="0" fileid="134" />
                <SequencePoint vc="0" uspid="3687" ordinal="27" offset="373" sl="59" sc="37" el="59" ec="84" bec="0" bev="0" fileid="134" />
                <SequencePoint vc="0" uspid="3688" ordinal="28" offset="386" sl="61" sc="25" el="61" ec="26" bec="0" bev="0" fileid="134" />
                <SequencePoint vc="0" uspid="3689" ordinal="29" offset="391" sl="62" sc="30" el="62" ec="136" bec="2" bev="0" fileid="134" />
                <SequencePoint vc="0" uspid="3690" ordinal="30" offset="406" sl="64" sc="29" el="64" ec="75" bec="0" bev="0" fileid="134" />
                <SequencePoint vc="0" uspid="3691" ordinal="31" offset="415" sl="65" sc="29" el="65" ec="53" bec="2" bev="0" fileid="134" />
                <SequencePoint vc="0" uspid="3692" ordinal="32" offset="422" sl="68" sc="33" el="68" ec="95" bec="3" bev="0" fileid="134" />
                <SequencePoint vc="0" uspid="3693" ordinal="33" offset="449" sl="69" sc="37" el="69" ec="77" bec="0" bev="0" fileid="134" />
                <SequencePoint vc="0" uspid="3694" ordinal="34" offset="462" sl="71" sc="25" el="71" ec="26" bec="0" bev="0" fileid="134" />
                <SequencePoint vc="0" uspid="3695" ordinal="35" offset="467" sl="72" sc="30" el="72" ec="127" bec="2" bev="0" fileid="134" />
                <SequencePoint vc="0" uspid="3696" ordinal="36" offset="482" sl="74" sc="29" el="74" ec="75" bec="0" bev="0" fileid="134" />
                <SequencePoint vc="0" uspid="3697" ordinal="37" offset="491" sl="75" sc="29" el="75" ec="53" bec="2" bev="0" fileid="134" />
                <SequencePoint vc="0" uspid="3698" ordinal="38" offset="495" sl="79" sc="37" el="79" ec="114" bec="0" bev="0" fileid="134" />
                <SequencePoint vc="0" uspid="3699" ordinal="39" offset="520" sl="80" sc="37" el="80" ec="93" bec="0" bev="0" fileid="134" />
                <SequencePoint vc="0" uspid="3700" ordinal="40" offset="538" sl="81" sc="33" el="81" ec="34" bec="0" bev="0" fileid="134" />
                <SequencePoint vc="0" uspid="3701" ordinal="41" offset="540" sl="82" sc="33" el="82" ec="38" bec="0" bev="0" fileid="134" />
                <SequencePoint vc="0" uspid="3702" ordinal="42" offset="541" sl="82" sc="41" el="82" ec="42" bec="0" bev="0" fileid="134" />
                <SequencePoint vc="0" uspid="3703" ordinal="43" offset="543" sl="85" sc="30" el="85" ec="123" bec="2" bev="0" fileid="134" />
                <SequencePoint vc="0" uspid="3704" ordinal="44" offset="558" sl="87" sc="29" el="87" ec="75" bec="0" bev="0" fileid="134" />
                <SequencePoint vc="0" uspid="3705" ordinal="45" offset="567" sl="88" sc="29" el="88" ec="53" bec="2" bev="0" fileid="134" />
                <SequencePoint vc="0" uspid="3706" ordinal="46" offset="571" sl="92" sc="37" el="92" ec="109" bec="0" bev="0" fileid="134" />
                <SequencePoint vc="0" uspid="3707" ordinal="47" offset="596" sl="93" sc="37" el="93" ec="84" bec="0" bev="0" fileid="134" />
                <SequencePoint vc="0" uspid="3708" ordinal="48" offset="614" sl="94" sc="33" el="94" ec="34" bec="0" bev="0" fileid="134" />
                <SequencePoint vc="0" uspid="3709" ordinal="49" offset="616" sl="95" sc="33" el="95" ec="38" bec="0" bev="0" fileid="134" />
                <SequencePoint vc="0" uspid="3710" ordinal="50" offset="617" sl="95" sc="41" el="95" ec="42" bec="0" bev="0" fileid="134" />
                <SequencePoint vc="0" uspid="3711" ordinal="51" offset="619" sl="30" sc="47" el="30" ec="49" bec="0" bev="0" fileid="134" />
                <SequencePoint vc="0" uspid="3712" ordinal="52" offset="642" sl="99" sc="17" el="99" ec="18" bec="0" bev="0" fileid="134" />
                <SequencePoint vc="0" uspid="3713" ordinal="53" offset="654" sl="100" sc="13" el="100" ec="14" bec="0" bev="0" fileid="134" />
                <SequencePoint vc="0" uspid="3714" ordinal="54" offset="656" sl="101" sc="13" el="101" ec="18" bec="0" bev="0" fileid="134" />
                <SequencePoint vc="0" uspid="3715" ordinal="55" offset="657" sl="101" sc="21" el="101" ec="22" bec="0" bev="0" fileid="134" />
                <SequencePoint vc="0" uspid="3716" ordinal="56" offset="659" sl="103" sc="13" el="103" ec="27" bec="0" bev="0" fileid="134" />
              </SequencePoints>
              <BranchPoints>
                <BranchPoint vc="0" uspid="3717" ordinal="0" offset="71" sl="35" path="0" offsetend="76" fileid="134" />
                <BranchPoint vc="0" uspid="3718" ordinal="1" offset="71" sl="35" path="1" offsetend="315" fileid="134" />
                <BranchPoint vc="0" uspid="3719" ordinal="2" offset="89" sl="37" path="0" offsetend="91" fileid="134" />
                <BranchPoint vc="0" uspid="3720" ordinal="3" offset="89" sl="37" path="1" offsetend="109" fileid="134" />
                <BranchPoint vc="0" uspid="3721" ordinal="4" offset="122" sl="39" path="0" offsetend="124" fileid="134" />
                <BranchPoint vc="0" uspid="3722" ordinal="5" offset="122" sl="39" path="1" offsetend="142" fileid="134" />
                <BranchPoint vc="0" uspid="3723" ordinal="6" offset="155" sl="41" path="0" offsetend="157" fileid="134" />
                <BranchPoint vc="0" uspid="3724" ordinal="7" offset="155" sl="41" path="1" offsetend="175" fileid="134" />
                <BranchPoint vc="0" uspid="3725" ordinal="8" offset="188" sl="43" path="0" offsetend="190" fileid="134" />
                <BranchPoint vc="0" uspid="3726" ordinal="9" offset="188" sl="43" path="1" offsetend="208" fileid="134" />
                <BranchPoint vc="0" uspid="3727" ordinal="10" offset="221" sl="45" path="0" offsetend="223" fileid="134" />
                <BranchPoint vc="0" uspid="3728" ordinal="11" offset="221" sl="45" path="1" offsetend="241" fileid="134" />
                <BranchPoint vc="0" uspid="3729" ordinal="12" offset="254" sl="47" path="0" offsetend="256" fileid="134" />
                <BranchPoint vc="0" uspid="3730" ordinal="13" offset="254" sl="47" path="1" offsetend="274" fileid="134" />
                <BranchPoint vc="0" uspid="3731" ordinal="14" offset="287" sl="49" path="0" offsetend="292" fileid="134" />
                <BranchPoint vc="0" uspid="3732" ordinal="15" offset="287" sl="49" path="1" offsetend="619" fileid="134" />
                <BranchPoint vc="0" uspid="3733" ordinal="16" offset="328" sl="52" path="0" offsetend="330" fileid="134" />
                <BranchPoint vc="0" uspid="3734" ordinal="17" offset="328" sl="52" path="1" offsetend="391" fileid="134" />
                <BranchPoint vc="0" uspid="3735" ordinal="18" offset="341" sl="55" path="0" offsetend="346" fileid="134" />
                <BranchPoint vc="0" uspid="3736" ordinal="19" offset="341" sl="55" path="1" offsetend="619" fileid="134" />
                <BranchPoint vc="0" uspid="3737" ordinal="20" offset="360" sl="58" path="0" offsetend="365" fileid="134" />
                <BranchPoint vc="0" uspid="3738" ordinal="21" offset="360" sl="58" path="1" offsetend="619" fileid="134" />
                <BranchPoint vc="0" uspid="3739" ordinal="22" offset="368" sl="58" path="0" offsetend="373" fileid="134" />
                <BranchPoint vc="0" uspid="3740" ordinal="23" offset="368" sl="58" path="1" offsetend="619" fileid="134" />
                <BranchPoint vc="0" uspid="3741" ordinal="24" offset="404" sl="62" path="0" offsetend="406" fileid="134" />
                <BranchPoint vc="0" uspid="3742" ordinal="25" offset="404" sl="62" path="1" offsetend="467" fileid="134" />
                <BranchPoint vc="0" uspid="3743" ordinal="26" offset="417" sl="65" path="0" offsetend="422" fileid="134" />
                <BranchPoint vc="0" uspid="3744" ordinal="27" offset="417" sl="65" path="1" offsetend="619" fileid="134" />
                <BranchPoint vc="0" uspid="3745" ordinal="28" offset="436" sl="68" path="0" offsetend="441" fileid="134" />
                <BranchPoint vc="0" uspid="3746" ordinal="29" offset="436" sl="68" path="1" offsetend="619" fileid="134" />
                <BranchPoint vc="0" uspid="3747" ordinal="30" offset="444" sl="68" path="0" offsetend="449" fileid="134" />
                <BranchPoint vc="0" uspid="3748" ordinal="31" offset="444" sl="68" path="1" offsetend="619" fileid="134" />
                <BranchPoint vc="0" uspid="3749" ordinal="32" offset="480" sl="72" path="0" offsetend="482" fileid="134" />
                <BranchPoint vc="0" uspid="3750" ordinal="33" offset="480" sl="72" path="1" offsetend="543" fileid="134" />
                <BranchPoint vc="0" uspid="3751" ordinal="34" offset="493" sl="75" path="0" offsetend="495" fileid="134" />
                <BranchPoint vc="0" uspid="3752" ordinal="35" offset="493" sl="75" path="1" offsetend="619" fileid="134" />
                <BranchPoint vc="0" uspid="3753" ordinal="36" offset="556" sl="85" path="0" offsetend="558" fileid="134" />
                <BranchPoint vc="0" uspid="3754" ordinal="37" offset="556" sl="85" path="1" offsetend="619" fileid="134" />
                <BranchPoint vc="0" uspid="3755" ordinal="38" offset="569" sl="88" path="0" offsetend="571" fileid="134" />
                <BranchPoint vc="0" uspid="3756" ordinal="39" offset="569" sl="88" path="1" offsetend="619" fileid="134" />
              </BranchPoints>
              <MethodPoint xsi:type="SequencePoint" vc="0" uspid="3660" ordinal="0" offset="0" sl="22" sc="13" el="22" ec="58" bec="0" bev="0" fileid="134" />
            </Method>
            <Method visited="false" cyclomaticComplexity="4" nPathComplexity="8" sequenceCoverage="0" branchCoverage="0" crapScore="20" isConstructor="false" isStatic="true" isGetter="false" isSetter="false">
              <Summary numSequencePoints="5" visitedSequencePoints="0" numBranchPoints="7" visitedBranchPoints="0" sequenceCoverage="0" branchCoverage="0" maxCyclomaticComplexity="4" minCyclomaticComplexity="4" maxCrapScore="20" minCrapScore="20" visitedClasses="0" numClasses="0" visitedMethods="0" numMethods="1" />
              <MetadataToken>100663637</MetadataToken>
              <Name>Xunit.TestAssemblyConfiguration Xunit.ConfigReader_Json::Load(System.String,System.String)</Name>
              <FileRef uid="134" />
              <SequencePoints>
                <SequencePoint vc="0" uspid="3759" ordinal="0" offset="0" sl="114" sc="13" el="114" ec="40" bec="2" bev="0" fileid="134" />
                <SequencePoint vc="0" uspid="3760" ordinal="1" offset="3" sl="115" sc="17" el="115" ec="117" bec="2" bev="0" fileid="134" />
                <SequencePoint vc="0" uspid="3761" ordinal="2" offset="26" sl="117" sc="13" el="117" ec="83" bec="0" bev="0" fileid="134" />
                <SequencePoint vc="0" uspid="3762" ordinal="3" offset="33" sl="118" sc="13" el="118" ec="73" bec="0" bev="0" fileid="134" />
                <SequencePoint vc="0" uspid="3763" ordinal="4" offset="40" sl="120" sc="13" el="121" ec="79" bec="2" bev="0" fileid="134" />
              </SequencePoints>
              <BranchPoints>
                <BranchPoint vc="0" uspid="3764" ordinal="0" offset="1" sl="114" path="0" offsetend="3" fileid="134" />
                <BranchPoint vc="0" uspid="3765" ordinal="1" offset="1" sl="114" path="1" offsetend="26" fileid="134" />
                <BranchPoint vc="0" uspid="3766" ordinal="2" offset="15" sl="115" path="0" offsetend="17" fileid="134" />
                <BranchPoint vc="0" uspid="3767" ordinal="3" offset="15" sl="115" path="1" offsetend="19" fileid="134" />
                <BranchPoint vc="0" uspid="3768" ordinal="4" offset="63" sl="120" path="0" offsetend="65" fileid="134" />
                <BranchPoint vc="0" uspid="3769" ordinal="5" offset="63" sl="120" path="1" offsetend="82" fileid="134" />
              </BranchPoints>
              <MethodPoint xsi:type="SequencePoint" vc="0" uspid="3759" ordinal="0" offset="0" sl="114" sc="13" el="114" ec="40" bec="2" bev="0" fileid="134" />
            </Method>
            <Method visited="false" cyclomaticComplexity="2" nPathComplexity="0" sequenceCoverage="0" branchCoverage="0" crapScore="6" isConstructor="false" isStatic="true" isGetter="false" isSetter="false">
              <Summary numSequencePoints="6" visitedSequencePoints="0" numBranchPoints="1" visitedBranchPoints="0" sequenceCoverage="0" branchCoverage="0" maxCyclomaticComplexity="2" minCyclomaticComplexity="2" maxCrapScore="6" minCrapScore="6" visitedClasses="0" numClasses="0" visitedMethods="0" numMethods="1" />
              <MetadataToken>100663638</MetadataToken>
              <Name>Xunit.TestAssemblyConfiguration Xunit.ConfigReader_Json::LoadFile(System.String)</Name>
              <FileRef uid="134" />
              <SequencePoints>
                <SequencePoint vc="0" uspid="3770" ordinal="0" offset="0" sl="128" sc="24" el="128" ec="66" bec="0" bev="0" fileid="134" />
                <SequencePoint vc="0" uspid="3771" ordinal="1" offset="7" sl="129" sc="21" el="129" ec="41" bec="0" bev="0" fileid="134" />
                <SequencePoint vc="0" uspid="3772" ordinal="2" offset="26" sl="131" sc="13" el="131" ec="18" bec="0" bev="0" fileid="134" />
                <SequencePoint vc="0" uspid="3773" ordinal="3" offset="27" sl="131" sc="21" el="131" ec="22" bec="0" bev="0" fileid="134" />
                <SequencePoint vc="0" uspid="3774" ordinal="4" offset="29" sl="133" sc="13" el="133" ec="25" bec="0" bev="0" fileid="134" />
                <SequencePoint vc="0" uspid="3775" ordinal="5" offset="31" sl="134" sc="9" el="134" ec="10" bec="0" bev="0" fileid="134" />
              </SequencePoints>
              <BranchPoints />
              <MethodPoint xsi:type="SequencePoint" vc="0" uspid="3770" ordinal="0" offset="0" sl="128" sc="24" el="128" ec="66" bec="0" bev="0" fileid="134" />
            </Method>
            <Method visited="false" cyclomaticComplexity="1" nPathComplexity="0" sequenceCoverage="0" branchCoverage="0" crapScore="2" isConstructor="false" isStatic="true" isGetter="false" isSetter="false">
              <Summary numSequencePoints="1" visitedSequencePoints="0" numBranchPoints="1" visitedBranchPoints="0" sequenceCoverage="0" branchCoverage="0" maxCyclomaticComplexity="1" minCyclomaticComplexity="1" maxCrapScore="2" minCrapScore="2" visitedClasses="0" numClasses="0" visitedMethods="0" numMethods="1" />
              <MetadataToken>100663639</MetadataToken>
              <Name>System.IO.Stream Xunit.ConfigReader_Json::File_OpenRead(System.String)</Name>
              <FileRef uid="134" />
              <SequencePoints>
                <SequencePoint vc="0" uspid="3776" ordinal="0" offset="0" sl="159" sc="13" el="159" ec="40" bec="0" bev="0" fileid="134" />
              </SequencePoints>
              <BranchPoints />
              <MethodPoint xsi:type="SequencePoint" vc="0" uspid="3776" ordinal="0" offset="0" sl="159" sc="13" el="159" ec="40" bec="0" bev="0" fileid="134" />
            </Method>
          </Methods>
        </Class>
        <Class>
          <Summary numSequencePoints="0" visitedSequencePoints="0" numBranchPoints="0" visitedBranchPoints="0" sequenceCoverage="0" branchCoverage="0" maxCyclomaticComplexity="0" minCyclomaticComplexity="0" maxCrapScore="0" minCrapScore="0" visitedClasses="0" numClasses="0" visitedMethods="0" numMethods="0" />
          <FullName>Xunit.ConfigReader_Json/Configuration</FullName>
          <Methods />
        </Class>
        <Class>
          <Summary numSequencePoints="5" visitedSequencePoints="0" numBranchPoints="5" visitedBranchPoints="0" sequenceCoverage="0" branchCoverage="0" maxCyclomaticComplexity="2" minCyclomaticComplexity="1" maxCrapScore="6" minCrapScore="2" visitedClasses="0" numClasses="1" visitedMethods="0" numMethods="3" />
          <FullName>Xunit.DefaultTestCaseBulkDeserializer</FullName>
          <Methods>
            <Method visited="false" cyclomaticComplexity="1" nPathComplexity="0" sequenceCoverage="0" branchCoverage="0" crapScore="2" isConstructor="true" isStatic="false" isGetter="false" isSetter="false">
              <Summary numSequencePoints="3" visitedSequencePoints="0" numBranchPoints="1" visitedBranchPoints="0" sequenceCoverage="0" branchCoverage="0" maxCyclomaticComplexity="1" minCyclomaticComplexity="1" maxCrapScore="2" minCrapScore="2" visitedClasses="0" numClasses="0" visitedMethods="0" numMethods="1" />
              <MetadataToken>100663640</MetadataToken>
              <Name>System.Void Xunit.DefaultTestCaseBulkDeserializer::.ctor(Xunit.Abstractions.ITestFrameworkExecutor)</Name>
              <FileRef uid="135" />
              <SequencePoints>
                <SequencePoint vc="0" uspid="3777" ordinal="0" offset="0" sl="15" sc="9" el="15" ec="80" bec="0" bev="0" fileid="135" />
                <SequencePoint vc="0" uspid="3778" ordinal="1" offset="6" sl="17" sc="13" el="17" ec="38" bec="0" bev="0" fileid="135" />
                <SequencePoint vc="0" uspid="3779" ordinal="2" offset="13" sl="18" sc="9" el="18" ec="10" bec="0" bev="0" fileid="135" />
              </SequencePoints>
              <BranchPoints />
              <MethodPoint xsi:type="SequencePoint" vc="0" uspid="3777" ordinal="0" offset="0" sl="15" sc="9" el="15" ec="80" bec="0" bev="0" fileid="135" />
            </Method>
            <Method visited="false" cyclomaticComplexity="2" nPathComplexity="2" sequenceCoverage="0" branchCoverage="0" crapScore="6" isConstructor="false" isStatic="false" isGetter="false" isSetter="false">
              <Summary numSequencePoints="1" visitedSequencePoints="0" numBranchPoints="3" visitedBranchPoints="0" sequenceCoverage="0" branchCoverage="0" maxCyclomaticComplexity="2" minCyclomaticComplexity="2" maxCrapScore="6" minCrapScore="6" visitedClasses="0" numClasses="0" visitedMethods="0" numMethods="1" />
              <MetadataToken>100663641</MetadataToken>
              <Name>System.Collections.Generic.List`1&lt;System.Collections.Generic.KeyValuePair`2&lt;System.String,Xunit.Abstractions.ITestCase&gt;&gt; Xunit.DefaultTestCaseBulkDeserializer::BulkDeserialize(System.Collections.Generic.List`1&lt;System.String&gt;)</Name>
              <FileRef uid="135" />
              <SequencePoints>
                <SequencePoint vc="0" uspid="3780" ordinal="0" offset="0" sl="22" sc="16" el="24" ec="39" bec="2" bev="0" fileid="135" />
              </SequencePoints>
              <BranchPoints>
                <BranchPoint vc="0" uspid="3781" ordinal="0" offset="24" sl="22" path="0" offsetend="26" fileid="135" />
                <BranchPoint vc="0" uspid="3782" ordinal="1" offset="24" sl="22" path="1" offsetend="49" fileid="135" />
              </BranchPoints>
              <MethodPoint xsi:type="SequencePoint" vc="0" uspid="3780" ordinal="0" offset="0" sl="22" sc="16" el="24" ec="39" bec="2" bev="0" fileid="135" />
            </Method>
            <Method visited="false" cyclomaticComplexity="1" nPathComplexity="0" sequenceCoverage="0" branchCoverage="0" crapScore="2" isConstructor="false" isStatic="false" isGetter="false" isSetter="false">
              <Summary numSequencePoints="1" visitedSequencePoints="0" numBranchPoints="1" visitedBranchPoints="0" sequenceCoverage="0" branchCoverage="0" maxCyclomaticComplexity="1" minCyclomaticComplexity="1" maxCrapScore="2" minCrapScore="2" visitedClasses="0" numClasses="0" visitedMethods="0" numMethods="1" />
              <MetadataToken>100663642</MetadataToken>
              <Name>Xunit.Abstractions.ITestCase Xunit.DefaultTestCaseBulkDeserializer::&lt;BulkDeserialize&gt;b__2_0(System.String)</Name>
              <FileRef uid="135" />
              <SequencePoints>
                <SequencePoint vc="0" uspid="3783" ordinal="0" offset="0" sl="22" sc="55" el="22" ec="90" bec="0" bev="0" fileid="135" />
              </SequencePoints>
              <BranchPoints />
              <MethodPoint xsi:type="SequencePoint" vc="0" uspid="3783" ordinal="0" offset="0" sl="22" sc="55" el="22" ec="90" bec="0" bev="0" fileid="135" />
            </Method>
          </Methods>
        </Class>
        <Class>
          <Summary numSequencePoints="1" visitedSequencePoints="0" numBranchPoints="1" visitedBranchPoints="0" sequenceCoverage="0" branchCoverage="0" maxCyclomaticComplexity="1" minCyclomaticComplexity="1" maxCrapScore="2" minCrapScore="2" visitedClasses="0" numClasses="1" visitedMethods="0" numMethods="1" />
          <FullName>Xunit.DefaultTestCaseBulkDeserializer/&lt;&gt;c</FullName>
          <Methods>
            <Method visited="false" cyclomaticComplexity="1" nPathComplexity="0" sequenceCoverage="0" branchCoverage="0" crapScore="2" isConstructor="true" isStatic="true" isGetter="false" isSetter="false">
              <Summary numSequencePoints="0" visitedSequencePoints="0" numBranchPoints="0" visitedBranchPoints="0" sequenceCoverage="0" branchCoverage="0" maxCyclomaticComplexity="1" minCyclomaticComplexity="1" maxCrapScore="2" minCrapScore="2" visitedClasses="0" numClasses="0" visitedMethods="0" numMethods="0" />
              <MetadataToken>100664904</MetadataToken>
              <Name>System.Void Xunit.DefaultTestCaseBulkDeserializer/&lt;&gt;c::.cctor()</Name>
              <SequencePoints />
              <BranchPoints />
              <MethodPoint vc="0" uspid="3784" ordinal="0" offset="0" />
            </Method>
            <Method visited="false" cyclomaticComplexity="1" nPathComplexity="0" sequenceCoverage="0" branchCoverage="0" crapScore="2" isConstructor="true" isStatic="false" isGetter="false" isSetter="false">
              <Summary numSequencePoints="0" visitedSequencePoints="0" numBranchPoints="0" visitedBranchPoints="0" sequenceCoverage="0" branchCoverage="0" maxCyclomaticComplexity="1" minCyclomaticComplexity="1" maxCrapScore="2" minCrapScore="2" visitedClasses="0" numClasses="0" visitedMethods="0" numMethods="0" />
              <MetadataToken>100664905</MetadataToken>
              <Name>System.Void Xunit.DefaultTestCaseBulkDeserializer/&lt;&gt;c::.ctor()</Name>
              <SequencePoints />
              <BranchPoints />
              <MethodPoint vc="0" uspid="3785" ordinal="0" offset="0" />
            </Method>
            <Method visited="false" cyclomaticComplexity="1" nPathComplexity="0" sequenceCoverage="0" branchCoverage="0" crapScore="2" isConstructor="false" isStatic="false" isGetter="false" isSetter="false">
              <Summary numSequencePoints="1" visitedSequencePoints="0" numBranchPoints="1" visitedBranchPoints="0" sequenceCoverage="0" branchCoverage="0" maxCyclomaticComplexity="1" minCyclomaticComplexity="1" maxCrapScore="2" minCrapScore="2" visitedClasses="0" numClasses="0" visitedMethods="0" numMethods="1" />
              <MetadataToken>100664906</MetadataToken>
              <Name>System.Collections.Generic.KeyValuePair`2&lt;System.String,Xunit.Abstractions.ITestCase&gt; Xunit.DefaultTestCaseBulkDeserializer/&lt;&gt;c::&lt;BulkDeserialize&gt;b__2_1(Xunit.Abstractions.ITestCase)</Name>
              <FileRef uid="135" />
              <SequencePoints>
                <SequencePoint vc="0" uspid="3786" ordinal="0" offset="0" sl="23" sc="50" el="23" ec="114" bec="0" bev="0" fileid="135" />
              </SequencePoints>
              <BranchPoints />
              <MethodPoint xsi:type="SequencePoint" vc="0" uspid="3786" ordinal="0" offset="0" sl="23" sc="50" el="23" ec="114" bec="0" bev="0" fileid="135" />
            </Method>
          </Methods>
        </Class>
        <Class>
          <Summary numSequencePoints="12" visitedSequencePoints="0" numBranchPoints="12" visitedBranchPoints="0" sequenceCoverage="0" branchCoverage="0" maxCyclomaticComplexity="10" minCyclomaticComplexity="1" maxCrapScore="110" minCrapScore="2" visitedClasses="0" numClasses="1" visitedMethods="0" numMethods="2" />
          <FullName>Xunit.DefaultTestCaseDescriptorProvider</FullName>
          <Methods>
            <Method visited="false" cyclomaticComplexity="1" nPathComplexity="0" sequenceCoverage="0" branchCoverage="0" crapScore="2" isConstructor="true" isStatic="false" isGetter="false" isSetter="false">
              <Summary numSequencePoints="3" visitedSequencePoints="0" numBranchPoints="1" visitedBranchPoints="0" sequenceCoverage="0" branchCoverage="0" maxCyclomaticComplexity="1" minCyclomaticComplexity="1" maxCrapScore="2" minCrapScore="2" visitedClasses="0" numClasses="0" visitedMethods="0" numMethods="1" />
              <MetadataToken>100663643</MetadataToken>
              <Name>System.Void Xunit.DefaultTestCaseDescriptorProvider::.ctor(Xunit.Abstractions.ITestFrameworkDiscoverer)</Name>
              <FileRef uid="137" />
              <SequencePoints>
                <SequencePoint vc="0" uspid="3787" ordinal="0" offset="0" sl="14" sc="9" el="14" ec="86" bec="0" bev="0" fileid="137" />
                <SequencePoint vc="0" uspid="3788" ordinal="1" offset="6" sl="16" sc="13" el="16" ec="42" bec="0" bev="0" fileid="137" />
                <SequencePoint vc="0" uspid="3789" ordinal="2" offset="13" sl="17" sc="9" el="17" ec="10" bec="0" bev="0" fileid="137" />
              </SequencePoints>
              <BranchPoints />
              <MethodPoint xsi:type="SequencePoint" vc="0" uspid="3787" ordinal="0" offset="0" sl="14" sc="9" el="14" ec="86" bec="0" bev="0" fileid="137" />
            </Method>
            <Method visited="false" cyclomaticComplexity="10" nPathComplexity="32" sequenceCoverage="0" branchCoverage="0" crapScore="110" isConstructor="false" isStatic="false" isGetter="false" isSetter="false">
              <Summary numSequencePoints="9" visitedSequencePoints="0" numBranchPoints="11" visitedBranchPoints="0" sequenceCoverage="0" branchCoverage="0" maxCyclomaticComplexity="10" minCyclomaticComplexity="10" maxCrapScore="110" minCrapScore="110" visitedClasses="0" numClasses="0" visitedMethods="0" numMethods="1" />
              <MetadataToken>100663644</MetadataToken>
              <Name>System.Collections.Generic.List`1&lt;Xunit.TestCaseDescriptor&gt; Xunit.DefaultTestCaseDescriptorProvider::GetTestCaseDescriptors(System.Collections.Generic.List`1&lt;Xunit.Abstractions.ITestCase&gt;,System.Boolean)</Name>
              <FileRef uid="137" />
              <SequencePoints>
                <SequencePoint vc="0" uspid="3790" ordinal="0" offset="0" sl="22" sc="13" el="22" ec="73" bec="0" bev="0" fileid="137" />
                <SequencePoint vc="0" uspid="3791" ordinal="1" offset="12" sl="24" sc="38" el="24" ec="47" bec="0" bev="0" fileid="137" />
                <SequencePoint vc="0" uspid="3792" ordinal="2" offset="24" sl="24" sc="22" el="24" ec="34" bec="0" bev="0" fileid="137" />
                <SequencePoint vc="0" uspid="3793" ordinal="3" offset="32" sl="26" sc="17" el="26" ec="120" bec="3" bev="0" fileid="137" />
                <SequencePoint vc="0" uspid="3794" ordinal="4" offset="59" sl="27" sc="17" el="27" ec="68" bec="0" bev="0" fileid="137" />
                <SequencePoint vc="0" uspid="3795" ordinal="5" offset="67" sl="28" sc="17" el="28" ec="54" bec="0" bev="0" fileid="137" />
                <SequencePoint vc="0" uspid="3796" ordinal="6" offset="75" sl="30" sc="17" el="41" ec="20" bec="6" bev="0" fileid="137" />
                <SequencePoint vc="0" uspid="3797" ordinal="7" offset="240" sl="24" sc="35" el="24" ec="37" bec="0" bev="0" fileid="137" />
                <SequencePoint vc="0" uspid="3798" ordinal="8" offset="268" sl="44" sc="13" el="44" ec="28" bec="0" bev="0" fileid="137" />
              </SequencePoints>
              <BranchPoints>
                <BranchPoint vc="0" uspid="3799" ordinal="0" offset="33" sl="26" path="0" offsetend="35" fileid="137" />
                <BranchPoint vc="0" uspid="3800" ordinal="1" offset="33" sl="26" path="1" offsetend="43" fileid="137" />
                <BranchPoint vc="0" uspid="3801" ordinal="2" offset="41" sl="26" path="0" offsetend="43" fileid="137" />
                <BranchPoint vc="0" uspid="3802" ordinal="3" offset="41" sl="26" path="1" offsetend="46" fileid="137" />
                <BranchPoint vc="0" uspid="3803" ordinal="4" offset="156" sl="30" path="0" offsetend="158" fileid="137" />
                <BranchPoint vc="0" uspid="3804" ordinal="5" offset="156" sl="30" path="1" offsetend="161" fileid="137" />
                <BranchPoint vc="0" uspid="3805" ordinal="6" offset="176" sl="30" path="0" offsetend="178" fileid="137" />
                <BranchPoint vc="0" uspid="3806" ordinal="7" offset="176" sl="30" path="1" offsetend="190" fileid="137" />
                <BranchPoint vc="0" uspid="3807" ordinal="8" offset="210" sl="30" path="0" offsetend="212" fileid="137" />
                <BranchPoint vc="0" uspid="3808" ordinal="9" offset="210" sl="30" path="1" offsetend="218" fileid="137" />
              </BranchPoints>
              <MethodPoint xsi:type="SequencePoint" vc="0" uspid="3790" ordinal="0" offset="0" sl="22" sc="13" el="22" ec="73" bec="0" bev="0" fileid="137" />
            </Method>
          </Methods>
        </Class>
        <Class>
          <Summary numSequencePoints="47" visitedSequencePoints="0" numBranchPoints="41" visitedBranchPoints="0" sequenceCoverage="0" branchCoverage="0" maxCyclomaticComplexity="12" minCyclomaticComplexity="1" maxCrapScore="156" minCrapScore="2" visitedClasses="0" numClasses="1" visitedMethods="0" numMethods="19" />
          <FullName>Xunit.TestCaseDescriptor</FullName>
          <Methods>
            <Method visited="false" cyclomaticComplexity="1" nPathComplexity="0" sequenceCoverage="0" branchCoverage="0" crapScore="2" isConstructor="false" isStatic="false" isGetter="true" isSetter="false">
              <Summary numSequencePoints="1" visitedSequencePoints="0" numBranchPoints="1" visitedBranchPoints="0" sequenceCoverage="0" branchCoverage="0" maxCyclomaticComplexity="1" minCyclomaticComplexity="1" maxCrapScore="2" minCrapScore="2" visitedClasses="0" numClasses="0" visitedMethods="0" numMethods="1" />
              <MetadataToken>100663649</MetadataToken>
              <Name>System.String Xunit.TestCaseDescriptor::get_ClassName()</Name>
              <FileRef uid="138" />
              <SequencePoints>
                <SequencePoint vc="0" uspid="3811" ordinal="0" offset="0" sl="73" sc="35" el="73" ec="39" bec="0" bev="0" fileid="138" />
              </SequencePoints>
              <BranchPoints />
              <MethodPoint xsi:type="SequencePoint" vc="0" uspid="3811" ordinal="0" offset="0" sl="73" sc="35" el="73" ec="39" bec="0" bev="0" fileid="138" />
            </Method>
            <Method visited="false" cyclomaticComplexity="1" nPathComplexity="0" sequenceCoverage="0" branchCoverage="0" crapScore="2" isConstructor="false" isStatic="false" isGetter="false" isSetter="true">
              <Summary numSequencePoints="1" visitedSequencePoints="0" numBranchPoints="1" visitedBranchPoints="0" sequenceCoverage="0" branchCoverage="0" maxCyclomaticComplexity="1" minCyclomaticComplexity="1" maxCrapScore="2" minCrapScore="2" visitedClasses="0" numClasses="0" visitedMethods="0" numMethods="1" />
              <MetadataToken>100663650</MetadataToken>
              <Name>System.Void Xunit.TestCaseDescriptor::set_ClassName(System.String)</Name>
              <FileRef uid="138" />
              <SequencePoints>
                <SequencePoint vc="0" uspid="3812" ordinal="0" offset="0" sl="73" sc="40" el="73" ec="44" bec="0" bev="0" fileid="138" />
              </SequencePoints>
              <BranchPoints />
              <MethodPoint xsi:type="SequencePoint" vc="0" uspid="3812" ordinal="0" offset="0" sl="73" sc="40" el="73" ec="44" bec="0" bev="0" fileid="138" />
            </Method>
            <Method visited="false" cyclomaticComplexity="1" nPathComplexity="0" sequenceCoverage="0" branchCoverage="0" crapScore="2" isConstructor="false" isStatic="false" isGetter="true" isSetter="false">
              <Summary numSequencePoints="1" visitedSequencePoints="0" numBranchPoints="1" visitedBranchPoints="0" sequenceCoverage="0" branchCoverage="0" maxCyclomaticComplexity="1" minCyclomaticComplexity="1" maxCrapScore="2" minCrapScore="2" visitedClasses="0" numClasses="0" visitedMethods="0" numMethods="1" />
              <MetadataToken>100663651</MetadataToken>
              <Name>System.String Xunit.TestCaseDescriptor::get_DisplayName()</Name>
              <FileRef uid="138" />
              <SequencePoints>
                <SequencePoint vc="0" uspid="3813" ordinal="0" offset="0" sl="76" sc="37" el="76" ec="41" bec="0" bev="0" fileid="138" />
              </SequencePoints>
              <BranchPoints />
              <MethodPoint xsi:type="SequencePoint" vc="0" uspid="3813" ordinal="0" offset="0" sl="76" sc="37" el="76" ec="41" bec="0" bev="0" fileid="138" />
            </Method>
            <Method visited="false" cyclomaticComplexity="1" nPathComplexity="0" sequenceCoverage="0" branchCoverage="0" crapScore="2" isConstructor="false" isStatic="false" isGetter="false" isSetter="true">
              <Summary numSequencePoints="1" visitedSequencePoints="0" numBranchPoints="1" visitedBranchPoints="0" sequenceCoverage="0" branchCoverage="0" maxCyclomaticComplexity="1" minCyclomaticComplexity="1" maxCrapScore="2" minCrapScore="2" visitedClasses="0" numClasses="0" visitedMethods="0" numMethods="1" />
              <MetadataToken>100663652</MetadataToken>
              <Name>System.Void Xunit.TestCaseDescriptor::set_DisplayName(System.String)</Name>
              <FileRef uid="138" />
              <SequencePoints>
                <SequencePoint vc="0" uspid="3814" ordinal="0" offset="0" sl="76" sc="42" el="76" ec="46" bec="0" bev="0" fileid="138" />
              </SequencePoints>
              <BranchPoints />
              <MethodPoint xsi:type="SequencePoint" vc="0" uspid="3814" ordinal="0" offset="0" sl="76" sc="42" el="76" ec="46" bec="0" bev="0" fileid="138" />
            </Method>
            <Method visited="false" cyclomaticComplexity="1" nPathComplexity="0" sequenceCoverage="0" branchCoverage="0" crapScore="2" isConstructor="false" isStatic="false" isGetter="true" isSetter="false">
              <Summary numSequencePoints="1" visitedSequencePoints="0" numBranchPoints="1" visitedBranchPoints="0" sequenceCoverage="0" branchCoverage="0" maxCyclomaticComplexity="1" minCyclomaticComplexity="1" maxCrapScore="2" minCrapScore="2" visitedClasses="0" numClasses="0" visitedMethods="0" numMethods="1" />
              <MetadataToken>100663653</MetadataToken>
              <Name>System.String Xunit.TestCaseDescriptor::get_MethodName()</Name>
              <FileRef uid="138" />
              <SequencePoints>
                <SequencePoint vc="0" uspid="3815" ordinal="0" offset="0" sl="79" sc="36" el="79" ec="40" bec="0" bev="0" fileid="138" />
              </SequencePoints>
              <BranchPoints />
              <MethodPoint xsi:type="SequencePoint" vc="0" uspid="3815" ordinal="0" offset="0" sl="79" sc="36" el="79" ec="40" bec="0" bev="0" fileid="138" />
            </Method>
            <Method visited="false" cyclomaticComplexity="1" nPathComplexity="0" sequenceCoverage="0" branchCoverage="0" crapScore="2" isConstructor="false" isStatic="false" isGetter="false" isSetter="true">
              <Summary numSequencePoints="1" visitedSequencePoints="0" numBranchPoints="1" visitedBranchPoints="0" sequenceCoverage="0" branchCoverage="0" maxCyclomaticComplexity="1" minCyclomaticComplexity="1" maxCrapScore="2" minCrapScore="2" visitedClasses="0" numClasses="0" visitedMethods="0" numMethods="1" />
              <MetadataToken>100663654</MetadataToken>
              <Name>System.Void Xunit.TestCaseDescriptor::set_MethodName(System.String)</Name>
              <FileRef uid="138" />
              <SequencePoints>
                <SequencePoint vc="0" uspid="3816" ordinal="0" offset="0" sl="79" sc="41" el="79" ec="45" bec="0" bev="0" fileid="138" />
              </SequencePoints>
              <BranchPoints />
              <MethodPoint xsi:type="SequencePoint" vc="0" uspid="3816" ordinal="0" offset="0" sl="79" sc="41" el="79" ec="45" bec="0" bev="0" fileid="138" />
            </Method>
            <Method visited="false" cyclomaticComplexity="1" nPathComplexity="0" sequenceCoverage="0" branchCoverage="0" crapScore="2" isConstructor="false" isStatic="false" isGetter="true" isSetter="false">
              <Summary numSequencePoints="1" visitedSequencePoints="0" numBranchPoints="1" visitedBranchPoints="0" sequenceCoverage="0" branchCoverage="0" maxCyclomaticComplexity="1" minCyclomaticComplexity="1" maxCrapScore="2" minCrapScore="2" visitedClasses="0" numClasses="0" visitedMethods="0" numMethods="1" />
              <MetadataToken>100663655</MetadataToken>
              <Name>System.String Xunit.TestCaseDescriptor::get_Serialization()</Name>
              <FileRef uid="138" />
              <SequencePoints>
                <SequencePoint vc="0" uspid="3817" ordinal="0" offset="0" sl="82" sc="39" el="82" ec="43" bec="0" bev="0" fileid="138" />
              </SequencePoints>
              <BranchPoints />
              <MethodPoint xsi:type="SequencePoint" vc="0" uspid="3817" ordinal="0" offset="0" sl="82" sc="39" el="82" ec="43" bec="0" bev="0" fileid="138" />
            </Method>
            <Method visited="false" cyclomaticComplexity="1" nPathComplexity="0" sequenceCoverage="0" branchCoverage="0" crapScore="2" isConstructor="false" isStatic="false" isGetter="false" isSetter="true">
              <Summary numSequencePoints="1" visitedSequencePoints="0" numBranchPoints="1" visitedBranchPoints="0" sequenceCoverage="0" branchCoverage="0" maxCyclomaticComplexity="1" minCyclomaticComplexity="1" maxCrapScore="2" minCrapScore="2" visitedClasses="0" numClasses="0" visitedMethods="0" numMethods="1" />
              <MetadataToken>100663656</MetadataToken>
              <Name>System.Void Xunit.TestCaseDescriptor::set_Serialization(System.String)</Name>
              <FileRef uid="138" />
              <SequencePoints>
                <SequencePoint vc="0" uspid="3818" ordinal="0" offset="0" sl="82" sc="44" el="82" ec="48" bec="0" bev="0" fileid="138" />
              </SequencePoints>
              <BranchPoints />
              <MethodPoint xsi:type="SequencePoint" vc="0" uspid="3818" ordinal="0" offset="0" sl="82" sc="44" el="82" ec="48" bec="0" bev="0" fileid="138" />
            </Method>
            <Method visited="false" cyclomaticComplexity="1" nPathComplexity="0" sequenceCoverage="0" branchCoverage="0" crapScore="2" isConstructor="false" isStatic="false" isGetter="true" isSetter="false">
              <Summary numSequencePoints="1" visitedSequencePoints="0" numBranchPoints="1" visitedBranchPoints="0" sequenceCoverage="0" branchCoverage="0" maxCyclomaticComplexity="1" minCyclomaticComplexity="1" maxCrapScore="2" minCrapScore="2" visitedClasses="0" numClasses="0" visitedMethods="0" numMethods="1" />
              <MetadataToken>100663657</MetadataToken>
              <Name>System.String Xunit.TestCaseDescriptor::get_SkipReason()</Name>
              <FileRef uid="138" />
              <SequencePoints>
                <SequencePoint vc="0" uspid="3819" ordinal="0" offset="0" sl="85" sc="36" el="85" ec="40" bec="0" bev="0" fileid="138" />
              </SequencePoints>
              <BranchPoints />
              <MethodPoint xsi:type="SequencePoint" vc="0" uspid="3819" ordinal="0" offset="0" sl="85" sc="36" el="85" ec="40" bec="0" bev="0" fileid="138" />
            </Method>
            <Method visited="false" cyclomaticComplexity="1" nPathComplexity="0" sequenceCoverage="0" branchCoverage="0" crapScore="2" isConstructor="false" isStatic="false" isGetter="false" isSetter="true">
              <Summary numSequencePoints="1" visitedSequencePoints="0" numBranchPoints="1" visitedBranchPoints="0" sequenceCoverage="0" branchCoverage="0" maxCyclomaticComplexity="1" minCyclomaticComplexity="1" maxCrapScore="2" minCrapScore="2" visitedClasses="0" numClasses="0" visitedMethods="0" numMethods="1" />
              <MetadataToken>100663658</MetadataToken>
              <Name>System.Void Xunit.TestCaseDescriptor::set_SkipReason(System.String)</Name>
              <FileRef uid="138" />
              <SequencePoints>
                <SequencePoint vc="0" uspid="3820" ordinal="0" offset="0" sl="85" sc="41" el="85" ec="45" bec="0" bev="0" fileid="138" />
              </SequencePoints>
              <BranchPoints />
              <MethodPoint xsi:type="SequencePoint" vc="0" uspid="3820" ordinal="0" offset="0" sl="85" sc="41" el="85" ec="45" bec="0" bev="0" fileid="138" />
            </Method>
            <Method visited="false" cyclomaticComplexity="1" nPathComplexity="0" sequenceCoverage="0" branchCoverage="0" crapScore="2" isConstructor="false" isStatic="false" isGetter="true" isSetter="false">
              <Summary numSequencePoints="1" visitedSequencePoints="0" numBranchPoints="1" visitedBranchPoints="0" sequenceCoverage="0" branchCoverage="0" maxCyclomaticComplexity="1" minCyclomaticComplexity="1" maxCrapScore="2" minCrapScore="2" visitedClasses="0" numClasses="0" visitedMethods="0" numMethods="1" />
              <MetadataToken>100663659</MetadataToken>
              <Name>System.String Xunit.TestCaseDescriptor::get_SourceFileName()</Name>
              <FileRef uid="138" />
              <SequencePoints>
                <SequencePoint vc="0" uspid="3821" ordinal="0" offset="0" sl="88" sc="40" el="88" ec="44" bec="0" bev="0" fileid="138" />
              </SequencePoints>
              <BranchPoints />
              <MethodPoint xsi:type="SequencePoint" vc="0" uspid="3821" ordinal="0" offset="0" sl="88" sc="40" el="88" ec="44" bec="0" bev="0" fileid="138" />
            </Method>
            <Method visited="false" cyclomaticComplexity="1" nPathComplexity="0" sequenceCoverage="0" branchCoverage="0" crapScore="2" isConstructor="false" isStatic="false" isGetter="false" isSetter="true">
              <Summary numSequencePoints="1" visitedSequencePoints="0" numBranchPoints="1" visitedBranchPoints="0" sequenceCoverage="0" branchCoverage="0" maxCyclomaticComplexity="1" minCyclomaticComplexity="1" maxCrapScore="2" minCrapScore="2" visitedClasses="0" numClasses="0" visitedMethods="0" numMethods="1" />
              <MetadataToken>100663660</MetadataToken>
              <Name>System.Void Xunit.TestCaseDescriptor::set_SourceFileName(System.String)</Name>
              <FileRef uid="138" />
              <SequencePoints>
                <SequencePoint vc="0" uspid="3822" ordinal="0" offset="0" sl="88" sc="45" el="88" ec="49" bec="0" bev="0" fileid="138" />
              </SequencePoints>
              <BranchPoints />
              <MethodPoint xsi:type="SequencePoint" vc="0" uspid="3822" ordinal="0" offset="0" sl="88" sc="45" el="88" ec="49" bec="0" bev="0" fileid="138" />
            </Method>
            <Method visited="false" cyclomaticComplexity="1" nPathComplexity="0" sequenceCoverage="0" branchCoverage="0" crapScore="2" isConstructor="false" isStatic="false" isGetter="true" isSetter="false">
              <Summary numSequencePoints="1" visitedSequencePoints="0" numBranchPoints="1" visitedBranchPoints="0" sequenceCoverage="0" branchCoverage="0" maxCyclomaticComplexity="1" minCyclomaticComplexity="1" maxCrapScore="2" minCrapScore="2" visitedClasses="0" numClasses="0" visitedMethods="0" numMethods="1" />
              <MetadataToken>100663661</MetadataToken>
              <Name>System.Nullable`1&lt;System.Int32&gt; Xunit.TestCaseDescriptor::get_SourceLineNumber()</Name>
              <FileRef uid="138" />
              <SequencePoints>
                <SequencePoint vc="0" uspid="3823" ordinal="0" offset="0" sl="91" sc="40" el="91" ec="44" bec="0" bev="0" fileid="138" />
              </SequencePoints>
              <BranchPoints />
              <MethodPoint xsi:type="SequencePoint" vc="0" uspid="3823" ordinal="0" offset="0" sl="91" sc="40" el="91" ec="44" bec="0" bev="0" fileid="138" />
            </Method>
            <Method visited="false" cyclomaticComplexity="1" nPathComplexity="0" sequenceCoverage="0" branchCoverage="0" crapScore="2" isConstructor="false" isStatic="false" isGetter="false" isSetter="true">
              <Summary numSequencePoints="1" visitedSequencePoints="0" numBranchPoints="1" visitedBranchPoints="0" sequenceCoverage="0" branchCoverage="0" maxCyclomaticComplexity="1" minCyclomaticComplexity="1" maxCrapScore="2" minCrapScore="2" visitedClasses="0" numClasses="0" visitedMethods="0" numMethods="1" />
              <MetadataToken>100663662</MetadataToken>
              <Name>System.Void Xunit.TestCaseDescriptor::set_SourceLineNumber(System.Nullable`1&lt;System.Int32&gt;)</Name>
              <FileRef uid="138" />
              <SequencePoints>
                <SequencePoint vc="0" uspid="3824" ordinal="0" offset="0" sl="91" sc="45" el="91" ec="49" bec="0" bev="0" fileid="138" />
              </SequencePoints>
              <BranchPoints />
              <MethodPoint xsi:type="SequencePoint" vc="0" uspid="3824" ordinal="0" offset="0" sl="91" sc="45" el="91" ec="49" bec="0" bev="0" fileid="138" />
            </Method>
            <Method visited="false" cyclomaticComplexity="1" nPathComplexity="0" sequenceCoverage="0" branchCoverage="0" crapScore="2" isConstructor="false" isStatic="false" isGetter="true" isSetter="false">
              <Summary numSequencePoints="1" visitedSequencePoints="0" numBranchPoints="1" visitedBranchPoints="0" sequenceCoverage="0" branchCoverage="0" maxCyclomaticComplexity="1" minCyclomaticComplexity="1" maxCrapScore="2" minCrapScore="2" visitedClasses="0" numClasses="0" visitedMethods="0" numMethods="1" />
              <MetadataToken>100663663</MetadataToken>
              <Name>System.String Xunit.TestCaseDescriptor::get_UniqueID()</Name>
              <FileRef uid="138" />
              <SequencePoints>
                <SequencePoint vc="0" uspid="3825" ordinal="0" offset="0" sl="97" sc="34" el="97" ec="38" bec="0" bev="0" fileid="138" />
              </SequencePoints>
              <BranchPoints />
              <MethodPoint xsi:type="SequencePoint" vc="0" uspid="3825" ordinal="0" offset="0" sl="97" sc="34" el="97" ec="38" bec="0" bev="0" fileid="138" />
            </Method>
            <Method visited="false" cyclomaticComplexity="1" nPathComplexity="0" sequenceCoverage="0" branchCoverage="0" crapScore="2" isConstructor="false" isStatic="false" isGetter="false" isSetter="true">
              <Summary numSequencePoints="1" visitedSequencePoints="0" numBranchPoints="1" visitedBranchPoints="0" sequenceCoverage="0" branchCoverage="0" maxCyclomaticComplexity="1" minCyclomaticComplexity="1" maxCrapScore="2" minCrapScore="2" visitedClasses="0" numClasses="0" visitedMethods="0" numMethods="1" />
              <MetadataToken>100663664</MetadataToken>
              <Name>System.Void Xunit.TestCaseDescriptor::set_UniqueID(System.String)</Name>
              <FileRef uid="138" />
              <SequencePoints>
                <SequencePoint vc="0" uspid="3826" ordinal="0" offset="0" sl="97" sc="39" el="97" ec="43" bec="0" bev="0" fileid="138" />
              </SequencePoints>
              <BranchPoints />
              <MethodPoint xsi:type="SequencePoint" vc="0" uspid="3826" ordinal="0" offset="0" sl="97" sc="39" el="97" ec="43" bec="0" bev="0" fileid="138" />
            </Method>
            <Method visited="false" cyclomaticComplexity="1" nPathComplexity="0" sequenceCoverage="0" branchCoverage="0" crapScore="2" isConstructor="true" isStatic="false" isGetter="false" isSetter="false">
              <Summary numSequencePoints="2" visitedSequencePoints="0" numBranchPoints="1" visitedBranchPoints="0" sequenceCoverage="0" branchCoverage="0" maxCyclomaticComplexity="1" minCyclomaticComplexity="1" maxCrapScore="2" minCrapScore="2" visitedClasses="0" numClasses="0" visitedMethods="0" numMethods="1" />
              <MetadataToken>100663647</MetadataToken>
              <Name>System.Void Xunit.TestCaseDescriptor::.ctor()</Name>
              <FileRef uid="138" />
              <SequencePoints>
                <SequencePoint vc="0" uspid="3827" ordinal="0" offset="0" sl="16" sc="9" el="16" ec="36" bec="0" bev="0" fileid="138" />
                <SequencePoint vc="0" uspid="3828" ordinal="1" offset="6" sl="16" sc="39" el="16" ec="40" bec="0" bev="0" fileid="138" />
              </SequencePoints>
              <BranchPoints />
              <MethodPoint xsi:type="SequencePoint" vc="0" uspid="3827" ordinal="0" offset="0" sl="16" sc="9" el="16" ec="36" bec="0" bev="0" fileid="138" />
            </Method>
            <Method visited="false" cyclomaticComplexity="12" nPathComplexity="220" sequenceCoverage="0" branchCoverage="0" crapScore="156" isConstructor="true" isStatic="false" isGetter="false" isSetter="false">
              <Summary numSequencePoints="28" visitedSequencePoints="0" numBranchPoints="21" visitedBranchPoints="0" sequenceCoverage="0" branchCoverage="0" maxCyclomaticComplexity="12" minCyclomaticComplexity="12" maxCrapScore="156" minCrapScore="156" visitedClasses="0" numClasses="0" visitedMethods="0" numMethods="1" />
              <MetadataToken>100663648</MetadataToken>
              <Name>System.Void Xunit.TestCaseDescriptor::.ctor(System.String)</Name>
              <FileRef uid="138" />
              <SequencePoints>
                <SequencePoint vc="0" uspid="3829" ordinal="0" offset="0" sl="19" sc="9" el="19" ec="57" bec="0" bev="0" fileid="138" />
                <SequencePoint vc="0" uspid="3830" ordinal="1" offset="6" sl="21" sc="13" el="21" ec="61" bec="0" bev="0" fileid="138" />
                <SequencePoint vc="0" uspid="3831" ordinal="2" offset="17" sl="23" sc="13" el="23" ec="84" bec="0" bev="0" fileid="138" />
                <SequencePoint vc="0" uspid="3832" ordinal="3" offset="51" sl="25" sc="18" el="25" ec="29" bec="0" bev="0" fileid="138" />
                <SequencePoint vc="0" uspid="3833" ordinal="4" offset="58" sl="27" sc="17" el="27" ec="39" bec="0" bev="0" fileid="138" />
                <SequencePoint vc="0" uspid="3834" ordinal="5" offset="61" sl="28" sc="17" el="28" ec="46" bec="0" bev="0" fileid="138" />
                <SequencePoint vc="0" uspid="3835" ordinal="6" offset="69" sl="30" sc="17" el="30" ec="33" bec="11" bev="0" fileid="138" />
                <SequencePoint vc="0" uspid="3836" ordinal="7" offset="152" sl="33" sc="25" el="33" ec="42" bec="0" bev="0" fileid="138" />
                <SequencePoint vc="0" uspid="3837" ordinal="8" offset="159" sl="34" sc="25" el="34" ec="31" bec="0" bev="0" fileid="138" />
                <SequencePoint vc="0" uspid="3838" ordinal="9" offset="161" sl="37" sc="25" el="37" ec="43" bec="0" bev="0" fileid="138" />
                <SequencePoint vc="0" uspid="3839" ordinal="10" offset="168" sl="38" sc="25" el="38" ec="31" bec="0" bev="0" fileid="138" />
                <SequencePoint vc="0" uspid="3840" ordinal="11" offset="170" sl="41" sc="25" el="41" ec="41" bec="0" bev="0" fileid="138" />
                <SequencePoint vc="0" uspid="3841" ordinal="12" offset="177" sl="42" sc="25" el="42" ec="31" bec="0" bev="0" fileid="138" />
                <SequencePoint vc="0" uspid="3842" ordinal="13" offset="179" sl="45" sc="25" el="45" ec="52" bec="0" bev="0" fileid="138" />
                <SequencePoint vc="0" uspid="3843" ordinal="14" offset="191" sl="46" sc="25" el="46" ec="31" bec="0" bev="0" fileid="138" />
                <SequencePoint vc="0" uspid="3844" ordinal="15" offset="193" sl="49" sc="25" el="49" ec="46" bec="0" bev="0" fileid="138" />
                <SequencePoint vc="0" uspid="3845" ordinal="16" offset="200" sl="50" sc="25" el="50" ec="31" bec="0" bev="0" fileid="138" />
                <SequencePoint vc="0" uspid="3846" ordinal="17" offset="202" sl="53" sc="25" el="53" ec="51" bec="0" bev="0" fileid="138" />
                <SequencePoint vc="0" uspid="3847" ordinal="18" offset="214" sl="54" sc="25" el="54" ec="31" bec="0" bev="0" fileid="138" />
                <SequencePoint vc="0" uspid="3848" ordinal="19" offset="216" sl="57" sc="25" el="57" ec="47" bec="0" bev="0" fileid="138" />
                <SequencePoint vc="0" uspid="3849" ordinal="20" offset="223" sl="58" sc="25" el="58" ec="31" bec="0" bev="0" fileid="138" />
                <SequencePoint vc="0" uspid="3850" ordinal="21" offset="225" sl="61" sc="25" el="61" ec="42" bec="2" bev="0" fileid="138" />
                <SequencePoint vc="0" uspid="3851" ordinal="22" offset="228" sl="62" sc="29" el="62" ec="64" bec="0" bev="0" fileid="138" />
                <SequencePoint vc="0" uspid="3852" ordinal="23" offset="245" sl="63" sc="25" el="63" ec="31" bec="0" bev="0" fileid="138" />
                <SequencePoint vc="0" uspid="3853" ordinal="24" offset="247" sl="66" sc="25" el="66" ec="73" bec="0" bev="0" fileid="138" />
                <SequencePoint vc="0" uspid="3854" ordinal="25" offset="276" sl="25" sc="51" el="25" ec="56" bec="0" bev="0" fileid="138" />
                <SequencePoint vc="0" uspid="3855" ordinal="26" offset="280" sl="25" sc="31" el="25" ec="49" bec="2" bev="0" fileid="138" />
                <SequencePoint vc="0" uspid="3856" ordinal="27" offset="289" sl="70" sc="9" el="70" ec="10" bec="0" bev="0" fileid="138" />
              </SequencePoints>
              <BranchPoints>
                <BranchPoint vc="0" uspid="3857" ordinal="0" offset="80" sl="30" path="0" offsetend="101" fileid="138" />
                <BranchPoint vc="0" uspid="3858" ordinal="1" offset="80" sl="30" path="1" offsetend="152" fileid="138" />
                <BranchPoint vc="0" uspid="3859" ordinal="2" offset="80" sl="30" path="2" offsetend="179" fileid="138" />
                <BranchPoint vc="0" uspid="3860" ordinal="3" offset="80" sl="30" path="3" offsetend="276" fileid="138" />
                <BranchPoint vc="0" uspid="3861" ordinal="4" offset="80" sl="30" path="4" offsetend="216" fileid="138" />
                <BranchPoint vc="0" uspid="3862" ordinal="5" offset="105" sl="30" path="0" offsetchain="150" offsetend="276" fileid="138" />
                <BranchPoint vc="0" uspid="3863" ordinal="6" offset="105" sl="30" path="1" offsetend="225" fileid="138" />
                <BranchPoint vc="0" uspid="3864" ordinal="7" offset="105" sl="30" path="2" offsetend="161" fileid="138" />
                <BranchPoint vc="0" uspid="3865" ordinal="8" offset="105" sl="30" path="3" offsetend="276" fileid="138" />
                <BranchPoint vc="0" uspid="3866" ordinal="9" offset="105" sl="30" path="4" offsetend="276" fileid="138" />
                <BranchPoint vc="0" uspid="3867" ordinal="10" offset="105" sl="30" path="5" offsetend="276" fileid="138" />
                <BranchPoint vc="0" uspid="3868" ordinal="11" offset="105" sl="30" path="6" offsetend="276" fileid="138" />
                <BranchPoint vc="0" uspid="3869" ordinal="12" offset="105" sl="30" path="7" offsetend="202" fileid="138" />
                <BranchPoint vc="0" uspid="3870" ordinal="13" offset="105" sl="30" path="8" offsetend="193" fileid="138" />
                <BranchPoint vc="0" uspid="3871" ordinal="14" offset="105" sl="30" path="9" offsetend="247" fileid="138" />
                <BranchPoint vc="0" uspid="3872" ordinal="15" offset="105" sl="30" path="10" offsetend="170" fileid="138" />
                <BranchPoint vc="0" uspid="3873" ordinal="16" offset="226" sl="61" path="0" offsetend="228" fileid="138" />
                <BranchPoint vc="0" uspid="3874" ordinal="17" offset="226" sl="61" path="1" offsetend="276" fileid="138" />
                <BranchPoint vc="0" uspid="3875" ordinal="18" offset="284" sl="25" path="0" offsetend="289" fileid="138" />
                <BranchPoint vc="0" uspid="3876" ordinal="19" offset="284" sl="25" path="1" offsetend="58" fileid="138" />
              </BranchPoints>
              <MethodPoint xsi:type="SequencePoint" vc="0" uspid="3829" ordinal="0" offset="0" sl="19" sc="9" el="19" ec="57" bec="0" bev="0" fileid="138" />
            </Method>
            <Method visited="false" cyclomaticComplexity="2" nPathComplexity="2" sequenceCoverage="0" branchCoverage="0" crapScore="6" isConstructor="false" isStatic="true" isGetter="false" isSetter="false">
              <Summary numSequencePoints="1" visitedSequencePoints="0" numBranchPoints="3" visitedBranchPoints="0" sequenceCoverage="0" branchCoverage="0" maxCyclomaticComplexity="2" minCyclomaticComplexity="2" maxCrapScore="6" minCrapScore="6" visitedClasses="0" numClasses="0" visitedMethods="0" numMethods="1" />
              <MetadataToken>100663665</MetadataToken>
              <Name>System.String Xunit.TestCaseDescriptor::Decode(System.String)</Name>
              <FileRef uid="138" />
              <SequencePoints>
                <SequencePoint vc="0" uspid="3877" ordinal="0" offset="0" sl="100" sc="16" el="100" ec="94" bec="2" bev="0" fileid="138" />
              </SequencePoints>
              <BranchPoints>
                <BranchPoint vc="0" uspid="3878" ordinal="0" offset="6" sl="100" path="0" offsetend="8" fileid="138" />
                <BranchPoint vc="0" uspid="3879" ordinal="1" offset="6" sl="100" path="1" offsetend="25" fileid="138" />
              </BranchPoints>
              <MethodPoint xsi:type="SequencePoint" vc="0" uspid="3877" ordinal="0" offset="0" sl="100" sc="16" el="100" ec="94" bec="2" bev="0" fileid="138" />
            </Method>
          </Methods>
        </Class>
        <Class>
          <Summary numSequencePoints="2" visitedSequencePoints="0" numBranchPoints="2" visitedBranchPoints="0" sequenceCoverage="0" branchCoverage="0" maxCyclomaticComplexity="1" minCyclomaticComplexity="1" maxCrapScore="2" minCrapScore="2" visitedClasses="0" numClasses="1" visitedMethods="0" numMethods="2" />
          <FullName>Xunit.NullSourceInformationProvider</FullName>
          <Methods>
            <Method visited="false" cyclomaticComplexity="1" nPathComplexity="0" sequenceCoverage="0" branchCoverage="0" crapScore="2" isConstructor="false" isStatic="false" isGetter="false" isSetter="false">
              <Summary numSequencePoints="1" visitedSequencePoints="0" numBranchPoints="1" visitedBranchPoints="0" sequenceCoverage="0" branchCoverage="0" maxCyclomaticComplexity="1" minCyclomaticComplexity="1" maxCrapScore="2" minCrapScore="2" visitedClasses="0" numClasses="0" visitedMethods="0" numMethods="1" />
              <MetadataToken>100663691</MetadataToken>
              <Name>Xunit.Abstractions.ISourceInformation Xunit.NullSourceInformationProvider::GetSourceInformation(Xunit.Abstractions.ITestCase)</Name>
              <FileRef uid="139" />
              <SequencePoints>
                <SequencePoint vc="0" uspid="3880" ordinal="0" offset="0" sl="15" sc="13" el="15" ec="44" bec="0" bev="0" fileid="139" />
              </SequencePoints>
              <BranchPoints />
              <MethodPoint xsi:type="SequencePoint" vc="0" uspid="3880" ordinal="0" offset="0" sl="15" sc="13" el="15" ec="44" bec="0" bev="0" fileid="139" />
            </Method>
            <Method visited="false" cyclomaticComplexity="1" nPathComplexity="0" sequenceCoverage="0" branchCoverage="0" crapScore="2" isConstructor="false" isStatic="false" isGetter="false" isSetter="false">
              <Summary numSequencePoints="1" visitedSequencePoints="0" numBranchPoints="1" visitedBranchPoints="0" sequenceCoverage="0" branchCoverage="0" maxCyclomaticComplexity="1" minCyclomaticComplexity="1" maxCrapScore="2" minCrapScore="2" visitedClasses="0" numClasses="0" visitedMethods="0" numMethods="1" />
              <MetadataToken>100663692</MetadataToken>
              <Name>System.Void Xunit.NullSourceInformationProvider::Dispose()</Name>
              <FileRef uid="139" />
              <SequencePoints>
                <SequencePoint vc="0" uspid="3881" ordinal="0" offset="0" sl="19" sc="33" el="19" ec="34" bec="0" bev="0" fileid="139" />
              </SequencePoints>
              <BranchPoints />
              <MethodPoint xsi:type="SequencePoint" vc="0" uspid="3881" ordinal="0" offset="0" sl="19" sc="33" el="19" ec="34" bec="0" bev="0" fileid="139" />
            </Method>
            <Method visited="false" cyclomaticComplexity="1" nPathComplexity="0" sequenceCoverage="0" branchCoverage="0" crapScore="2" isConstructor="true" isStatic="false" isGetter="false" isSetter="false">
              <Summary numSequencePoints="0" visitedSequencePoints="0" numBranchPoints="0" visitedBranchPoints="0" sequenceCoverage="0" branchCoverage="0" maxCyclomaticComplexity="1" minCyclomaticComplexity="1" maxCrapScore="2" minCrapScore="2" visitedClasses="0" numClasses="0" visitedMethods="0" numMethods="0" />
              <MetadataToken>100663693</MetadataToken>
              <Name>System.Void Xunit.NullSourceInformationProvider::.ctor()</Name>
              <SequencePoints />
              <BranchPoints />
              <MethodPoint vc="0" uspid="3882" ordinal="0" offset="0" />
            </Method>
          </Methods>
        </Class>
        <Class>
          <Summary numSequencePoints="33" visitedSequencePoints="0" numBranchPoints="55" visitedBranchPoints="0" sequenceCoverage="0" branchCoverage="0" maxCyclomaticComplexity="2" minCyclomaticComplexity="1" maxCrapScore="6" minCrapScore="2" visitedClasses="0" numClasses="1" visitedMethods="0" numMethods="33" />
          <FullName>Xunit.TestAssemblyConfiguration</FullName>
          <Methods>
            <Method visited="false" cyclomaticComplexity="1" nPathComplexity="0" sequenceCoverage="0" branchCoverage="0" crapScore="2" isConstructor="false" isStatic="false" isGetter="true" isSetter="false">
              <Summary numSequencePoints="1" visitedSequencePoints="0" numBranchPoints="1" visitedBranchPoints="0" sequenceCoverage="0" branchCoverage="0" maxCyclomaticComplexity="1" minCyclomaticComplexity="1" maxCrapScore="2" minCrapScore="2" visitedClasses="0" numClasses="0" visitedMethods="0" numMethods="1" />
              <MetadataToken>100663694</MetadataToken>
              <Name>System.Nullable`1&lt;Xunit.AppDomainSupport&gt; Xunit.TestAssemblyConfiguration::get_AppDomain()</Name>
              <FileRef uid="140" />
              <SequencePoints>
                <SequencePoint vc="0" uspid="3883" ordinal="0" offset="0" sl="14" sc="46" el="14" ec="50" bec="0" bev="0" fileid="140" />
              </SequencePoints>
              <BranchPoints />
              <MethodPoint xsi:type="SequencePoint" vc="0" uspid="3883" ordinal="0" offset="0" sl="14" sc="46" el="14" ec="50" bec="0" bev="0" fileid="140" />
            </Method>
            <Method visited="false" cyclomaticComplexity="1" nPathComplexity="0" sequenceCoverage="0" branchCoverage="0" crapScore="2" isConstructor="false" isStatic="false" isGetter="false" isSetter="true">
              <Summary numSequencePoints="1" visitedSequencePoints="0" numBranchPoints="1" visitedBranchPoints="0" sequenceCoverage="0" branchCoverage="0" maxCyclomaticComplexity="1" minCyclomaticComplexity="1" maxCrapScore="2" minCrapScore="2" visitedClasses="0" numClasses="0" visitedMethods="0" numMethods="1" />
              <MetadataToken>100663695</MetadataToken>
              <Name>System.Void Xunit.TestAssemblyConfiguration::set_AppDomain(System.Nullable`1&lt;Xunit.AppDomainSupport&gt;)</Name>
              <FileRef uid="140" />
              <SequencePoints>
                <SequencePoint vc="0" uspid="3884" ordinal="0" offset="0" sl="14" sc="51" el="14" ec="55" bec="0" bev="0" fileid="140" />
              </SequencePoints>
              <BranchPoints />
              <MethodPoint xsi:type="SequencePoint" vc="0" uspid="3884" ordinal="0" offset="0" sl="14" sc="51" el="14" ec="55" bec="0" bev="0" fileid="140" />
            </Method>
            <Method visited="false" cyclomaticComplexity="2" nPathComplexity="2" sequenceCoverage="0" branchCoverage="0" crapScore="6" isConstructor="false" isStatic="false" isGetter="true" isSetter="false">
              <Summary numSequencePoints="1" visitedSequencePoints="0" numBranchPoints="3" visitedBranchPoints="0" sequenceCoverage="0" branchCoverage="0" maxCyclomaticComplexity="2" minCyclomaticComplexity="2" maxCrapScore="6" minCrapScore="6" visitedClasses="0" numClasses="0" visitedMethods="0" numMethods="1" />
              <MetadataToken>100663696</MetadataToken>
              <Name>Xunit.AppDomainSupport Xunit.TestAssemblyConfiguration::get_AppDomainOrDefault()</Name>
              <FileRef uid="140" />
              <SequencePoints>
                <SequencePoint vc="0" uspid="3885" ordinal="0" offset="0" sl="20" sc="60" el="20" ec="109" bec="2" bev="0" fileid="140" />
              </SequencePoints>
              <BranchPoints>
                <BranchPoint vc="0" uspid="3886" ordinal="0" offset="14" sl="20" path="0" offsetend="16" fileid="140" />
                <BranchPoint vc="0" uspid="3887" ordinal="1" offset="14" sl="20" path="1" offsetend="18" fileid="140" />
              </BranchPoints>
              <MethodPoint xsi:type="SequencePoint" vc="0" uspid="3885" ordinal="0" offset="0" sl="20" sc="60" el="20" ec="109" bec="2" bev="0" fileid="140" />
            </Method>
            <Method visited="false" cyclomaticComplexity="1" nPathComplexity="0" sequenceCoverage="0" branchCoverage="0" crapScore="2" isConstructor="false" isStatic="false" isGetter="true" isSetter="false">
              <Summary numSequencePoints="1" visitedSequencePoints="0" numBranchPoints="1" visitedBranchPoints="0" sequenceCoverage="0" branchCoverage="0" maxCyclomaticComplexity="1" minCyclomaticComplexity="1" maxCrapScore="2" minCrapScore="2" visitedClasses="0" numClasses="0" visitedMethods="0" numMethods="1" />
              <MetadataToken>100663697</MetadataToken>
              <Name>System.Nullable`1&lt;System.Boolean&gt; Xunit.TestAssemblyConfiguration::get_DiagnosticMessages()</Name>
              <FileRef uid="140" />
              <SequencePoints>
                <SequencePoint vc="0" uspid="3888" ordinal="0" offset="0" sl="26" sc="43" el="26" ec="47" bec="0" bev="0" fileid="140" />
              </SequencePoints>
              <BranchPoints />
              <MethodPoint xsi:type="SequencePoint" vc="0" uspid="3888" ordinal="0" offset="0" sl="26" sc="43" el="26" ec="47" bec="0" bev="0" fileid="140" />
            </Method>
            <Method visited="false" cyclomaticComplexity="1" nPathComplexity="0" sequenceCoverage="0" branchCoverage="0" crapScore="2" isConstructor="false" isStatic="false" isGetter="false" isSetter="true">
              <Summary numSequencePoints="1" visitedSequencePoints="0" numBranchPoints="1" visitedBranchPoints="0" sequenceCoverage="0" branchCoverage="0" maxCyclomaticComplexity="1" minCyclomaticComplexity="1" maxCrapScore="2" minCrapScore="2" visitedClasses="0" numClasses="0" visitedMethods="0" numMethods="1" />
              <MetadataToken>100663698</MetadataToken>
              <Name>System.Void Xunit.TestAssemblyConfiguration::set_DiagnosticMessages(System.Nullable`1&lt;System.Boolean&gt;)</Name>
              <FileRef uid="140" />
              <SequencePoints>
                <SequencePoint vc="0" uspid="3889" ordinal="0" offset="0" sl="26" sc="48" el="26" ec="52" bec="0" bev="0" fileid="140" />
              </SequencePoints>
              <BranchPoints />
              <MethodPoint xsi:type="SequencePoint" vc="0" uspid="3889" ordinal="0" offset="0" sl="26" sc="48" el="26" ec="52" bec="0" bev="0" fileid="140" />
            </Method>
            <Method visited="false" cyclomaticComplexity="2" nPathComplexity="2" sequenceCoverage="0" branchCoverage="0" crapScore="6" isConstructor="false" isStatic="false" isGetter="true" isSetter="false">
              <Summary numSequencePoints="1" visitedSequencePoints="0" numBranchPoints="3" visitedBranchPoints="0" sequenceCoverage="0" branchCoverage="0" maxCyclomaticComplexity="2" minCyclomaticComplexity="2" maxCrapScore="6" minCrapScore="6" visitedClasses="0" numClasses="0" visitedMethods="0" numMethods="1" />
              <MetadataToken>100663699</MetadataToken>
              <Name>System.Boolean Xunit.TestAssemblyConfiguration::get_DiagnosticMessagesOrDefault()</Name>
              <FileRef uid="140" />
              <SequencePoints>
                <SequencePoint vc="0" uspid="3890" ordinal="0" offset="0" sl="33" sc="57" el="33" ec="92" bec="2" bev="0" fileid="140" />
              </SequencePoints>
              <BranchPoints>
                <BranchPoint vc="0" uspid="3891" ordinal="0" offset="14" sl="33" path="0" offsetend="16" fileid="140" />
                <BranchPoint vc="0" uspid="3892" ordinal="1" offset="14" sl="33" path="1" offsetend="18" fileid="140" />
              </BranchPoints>
              <MethodPoint xsi:type="SequencePoint" vc="0" uspid="3890" ordinal="0" offset="0" sl="33" sc="57" el="33" ec="92" bec="2" bev="0" fileid="140" />
            </Method>
            <Method visited="false" cyclomaticComplexity="1" nPathComplexity="0" sequenceCoverage="0" branchCoverage="0" crapScore="2" isConstructor="false" isStatic="false" isGetter="true" isSetter="false">
              <Summary numSequencePoints="1" visitedSequencePoints="0" numBranchPoints="1" visitedBranchPoints="0" sequenceCoverage="0" branchCoverage="0" maxCyclomaticComplexity="1" minCyclomaticComplexity="1" maxCrapScore="2" minCrapScore="2" visitedClasses="0" numClasses="0" visitedMethods="0" numMethods="1" />
              <MetadataToken>100663700</MetadataToken>
              <Name>System.Nullable`1&lt;System.Boolean&gt; Xunit.TestAssemblyConfiguration::get_InternalDiagnosticMessages()</Name>
              <FileRef uid="140" />
              <SequencePoints>
                <SequencePoint vc="0" uspid="3893" ordinal="0" offset="0" sl="39" sc="51" el="39" ec="55" bec="0" bev="0" fileid="140" />
              </SequencePoints>
              <BranchPoints />
              <MethodPoint xsi:type="SequencePoint" vc="0" uspid="3893" ordinal="0" offset="0" sl="39" sc="51" el="39" ec="55" bec="0" bev="0" fileid="140" />
            </Method>
            <Method visited="false" cyclomaticComplexity="1" nPathComplexity="0" sequenceCoverage="0" branchCoverage="0" crapScore="2" isConstructor="false" isStatic="false" isGetter="false" isSetter="true">
              <Summary numSequencePoints="1" visitedSequencePoints="0" numBranchPoints="1" visitedBranchPoints="0" sequenceCoverage="0" branchCoverage="0" maxCyclomaticComplexity="1" minCyclomaticComplexity="1" maxCrapScore="2" minCrapScore="2" visitedClasses="0" numClasses="0" visitedMethods="0" numMethods="1" />
              <MetadataToken>100663701</MetadataToken>
              <Name>System.Void Xunit.TestAssemblyConfiguration::set_InternalDiagnosticMessages(System.Nullable`1&lt;System.Boolean&gt;)</Name>
              <FileRef uid="140" />
              <SequencePoints>
                <SequencePoint vc="0" uspid="3894" ordinal="0" offset="0" sl="39" sc="56" el="39" ec="60" bec="0" bev="0" fileid="140" />
              </SequencePoints>
              <BranchPoints />
              <MethodPoint xsi:type="SequencePoint" vc="0" uspid="3894" ordinal="0" offset="0" sl="39" sc="56" el="39" ec="60" bec="0" bev="0" fileid="140" />
            </Method>
            <Method visited="false" cyclomaticComplexity="2" nPathComplexity="2" sequenceCoverage="0" branchCoverage="0" crapScore="6" isConstructor="false" isStatic="false" isGetter="true" isSetter="false">
              <Summary numSequencePoints="1" visitedSequencePoints="0" numBranchPoints="3" visitedBranchPoints="0" sequenceCoverage="0" branchCoverage="0" maxCyclomaticComplexity="2" minCyclomaticComplexity="2" maxCrapScore="6" minCrapScore="6" visitedClasses="0" numClasses="0" visitedMethods="0" numMethods="1" />
              <MetadataToken>100663702</MetadataToken>
              <Name>System.Boolean Xunit.TestAssemblyConfiguration::get_InternalDiagnosticMessagesOrDefault()</Name>
              <FileRef uid="140" />
              <SequencePoints>
                <SequencePoint vc="0" uspid="3895" ordinal="0" offset="0" sl="46" sc="65" el="46" ec="108" bec="2" bev="0" fileid="140" />
              </SequencePoints>
              <BranchPoints>
                <BranchPoint vc="0" uspid="3896" ordinal="0" offset="14" sl="46" path="0" offsetend="16" fileid="140" />
                <BranchPoint vc="0" uspid="3897" ordinal="1" offset="14" sl="46" path="1" offsetend="18" fileid="140" />
              </BranchPoints>
              <MethodPoint xsi:type="SequencePoint" vc="0" uspid="3895" ordinal="0" offset="0" sl="46" sc="65" el="46" ec="108" bec="2" bev="0" fileid="140" />
            </Method>
            <Method visited="false" cyclomaticComplexity="1" nPathComplexity="0" sequenceCoverage="0" branchCoverage="0" crapScore="2" isConstructor="false" isStatic="false" isGetter="true" isSetter="false">
              <Summary numSequencePoints="1" visitedSequencePoints="0" numBranchPoints="1" visitedBranchPoints="0" sequenceCoverage="0" branchCoverage="0" maxCyclomaticComplexity="1" minCyclomaticComplexity="1" maxCrapScore="2" minCrapScore="2" visitedClasses="0" numClasses="0" visitedMethods="0" numMethods="1" />
              <MetadataToken>100663703</MetadataToken>
              <Name>System.Nullable`1&lt;System.Int32&gt; Xunit.TestAssemblyConfiguration::get_LongRunningTestSeconds()</Name>
              <FileRef uid="140" />
              <SequencePoints>
                <SequencePoint vc="0" uspid="3898" ordinal="0" offset="0" sl="52" sc="46" el="52" ec="50" bec="0" bev="0" fileid="140" />
              </SequencePoints>
              <BranchPoints />
              <MethodPoint xsi:type="SequencePoint" vc="0" uspid="3898" ordinal="0" offset="0" sl="52" sc="46" el="52" ec="50" bec="0" bev="0" fileid="140" />
            </Method>
            <Method visited="false" cyclomaticComplexity="1" nPathComplexity="0" sequenceCoverage="0" branchCoverage="0" crapScore="2" isConstructor="false" isStatic="false" isGetter="false" isSetter="true">
              <Summary numSequencePoints="1" visitedSequencePoints="0" numBranchPoints="1" visitedBranchPoints="0" sequenceCoverage="0" branchCoverage="0" maxCyclomaticComplexity="1" minCyclomaticComplexity="1" maxCrapScore="2" minCrapScore="2" visitedClasses="0" numClasses="0" visitedMethods="0" numMethods="1" />
              <MetadataToken>100663704</MetadataToken>
              <Name>System.Void Xunit.TestAssemblyConfiguration::set_LongRunningTestSeconds(System.Nullable`1&lt;System.Int32&gt;)</Name>
              <FileRef uid="140" />
              <SequencePoints>
                <SequencePoint vc="0" uspid="3899" ordinal="0" offset="0" sl="52" sc="51" el="52" ec="55" bec="0" bev="0" fileid="140" />
              </SequencePoints>
              <BranchPoints />
              <MethodPoint xsi:type="SequencePoint" vc="0" uspid="3899" ordinal="0" offset="0" sl="52" sc="51" el="52" ec="55" bec="0" bev="0" fileid="140" />
            </Method>
            <Method visited="false" cyclomaticComplexity="2" nPathComplexity="2" sequenceCoverage="0" branchCoverage="0" crapScore="6" isConstructor="false" isStatic="false" isGetter="true" isSetter="false">
              <Summary numSequencePoints="1" visitedSequencePoints="0" numBranchPoints="3" visitedBranchPoints="0" sequenceCoverage="0" branchCoverage="0" maxCyclomaticComplexity="2" minCyclomaticComplexity="2" maxCrapScore="6" minCrapScore="6" visitedClasses="0" numClasses="0" visitedMethods="0" numMethods="1" />
              <MetadataToken>100663705</MetadataToken>
              <Name>System.Int32 Xunit.TestAssemblyConfiguration::get_LongRunningTestSecondsOrDefault()</Name>
              <FileRef uid="140" />
              <SequencePoints>
                <SequencePoint vc="0" uspid="3900" ordinal="0" offset="0" sl="58" sc="60" el="58" ec="96" bec="2" bev="0" fileid="140" />
              </SequencePoints>
              <BranchPoints>
                <BranchPoint vc="0" uspid="3901" ordinal="0" offset="14" sl="58" path="0" offsetend="16" fileid="140" />
                <BranchPoint vc="0" uspid="3902" ordinal="1" offset="14" sl="58" path="1" offsetend="18" fileid="140" />
              </BranchPoints>
              <MethodPoint xsi:type="SequencePoint" vc="0" uspid="3900" ordinal="0" offset="0" sl="58" sc="60" el="58" ec="96" bec="2" bev="0" fileid="140" />
            </Method>
            <Method visited="false" cyclomaticComplexity="1" nPathComplexity="0" sequenceCoverage="0" branchCoverage="0" crapScore="2" isConstructor="false" isStatic="false" isGetter="true" isSetter="false">
              <Summary numSequencePoints="1" visitedSequencePoints="0" numBranchPoints="1" visitedBranchPoints="0" sequenceCoverage="0" branchCoverage="0" maxCyclomaticComplexity="1" minCyclomaticComplexity="1" maxCrapScore="2" minCrapScore="2" visitedClasses="0" numClasses="0" visitedMethods="0" numMethods="1" />
              <MetadataToken>100663706</MetadataToken>
              <Name>System.Nullable`1&lt;System.Int32&gt; Xunit.TestAssemblyConfiguration::get_MaxParallelThreads()</Name>
              <FileRef uid="140" />
              <SequencePoints>
                <SequencePoint vc="0" uspid="3903" ordinal="0" offset="0" sl="63" sc="42" el="63" ec="46" bec="0" bev="0" fileid="140" />
              </SequencePoints>
              <BranchPoints />
              <MethodPoint xsi:type="SequencePoint" vc="0" uspid="3903" ordinal="0" offset="0" sl="63" sc="42" el="63" ec="46" bec="0" bev="0" fileid="140" />
            </Method>
            <Method visited="false" cyclomaticComplexity="1" nPathComplexity="0" sequenceCoverage="0" branchCoverage="0" crapScore="2" isConstructor="false" isStatic="false" isGetter="false" isSetter="true">
              <Summary numSequencePoints="1" visitedSequencePoints="0" numBranchPoints="1" visitedBranchPoints="0" sequenceCoverage="0" branchCoverage="0" maxCyclomaticComplexity="1" minCyclomaticComplexity="1" maxCrapScore="2" minCrapScore="2" visitedClasses="0" numClasses="0" visitedMethods="0" numMethods="1" />
              <MetadataToken>100663707</MetadataToken>
              <Name>System.Void Xunit.TestAssemblyConfiguration::set_MaxParallelThreads(System.Nullable`1&lt;System.Int32&gt;)</Name>
              <FileRef uid="140" />
              <SequencePoints>
                <SequencePoint vc="0" uspid="3904" ordinal="0" offset="0" sl="63" sc="47" el="63" ec="51" bec="0" bev="0" fileid="140" />
              </SequencePoints>
              <BranchPoints />
              <MethodPoint xsi:type="SequencePoint" vc="0" uspid="3904" ordinal="0" offset="0" sl="63" sc="47" el="63" ec="51" bec="0" bev="0" fileid="140" />
            </Method>
            <Method visited="false" cyclomaticComplexity="2" nPathComplexity="2" sequenceCoverage="0" branchCoverage="0" crapScore="6" isConstructor="false" isStatic="false" isGetter="true" isSetter="false">
              <Summary numSequencePoints="1" visitedSequencePoints="0" numBranchPoints="3" visitedBranchPoints="0" sequenceCoverage="0" branchCoverage="0" maxCyclomaticComplexity="2" minCyclomaticComplexity="2" maxCrapScore="6" minCrapScore="6" visitedClasses="0" numClasses="0" visitedMethods="0" numMethods="1" />
              <MetadataToken>100663708</MetadataToken>
              <Name>System.Int32 Xunit.TestAssemblyConfiguration::get_MaxParallelThreadsOrDefault()</Name>
              <FileRef uid="140" />
              <SequencePoints>
                <SequencePoint vc="0" uspid="3905" ordinal="0" offset="0" sl="69" sc="56" el="69" ec="112" bec="2" bev="0" fileid="140" />
              </SequencePoints>
              <BranchPoints>
                <BranchPoint vc="0" uspid="3906" ordinal="0" offset="14" sl="69" path="0" offsetend="16" fileid="140" />
                <BranchPoint vc="0" uspid="3907" ordinal="1" offset="14" sl="69" path="1" offsetend="22" fileid="140" />
              </BranchPoints>
              <MethodPoint xsi:type="SequencePoint" vc="0" uspid="3905" ordinal="0" offset="0" sl="69" sc="56" el="69" ec="112" bec="2" bev="0" fileid="140" />
            </Method>
            <Method visited="false" cyclomaticComplexity="1" nPathComplexity="0" sequenceCoverage="0" branchCoverage="0" crapScore="2" isConstructor="false" isStatic="false" isGetter="true" isSetter="false">
              <Summary numSequencePoints="1" visitedSequencePoints="0" numBranchPoints="1" visitedBranchPoints="0" sequenceCoverage="0" branchCoverage="0" maxCyclomaticComplexity="1" minCyclomaticComplexity="1" maxCrapScore="2" minCrapScore="2" visitedClasses="0" numClasses="0" visitedMethods="0" numMethods="1" />
              <MetadataToken>100663709</MetadataToken>
              <Name>System.Nullable`1&lt;Xunit.TestMethodDisplay&gt; Xunit.TestAssemblyConfiguration::get_MethodDisplay()</Name>
              <FileRef uid="140" />
              <SequencePoints>
                <SequencePoint vc="0" uspid="3908" ordinal="0" offset="0" sl="74" sc="51" el="74" ec="55" bec="0" bev="0" fileid="140" />
              </SequencePoints>
              <BranchPoints />
              <MethodPoint xsi:type="SequencePoint" vc="0" uspid="3908" ordinal="0" offset="0" sl="74" sc="51" el="74" ec="55" bec="0" bev="0" fileid="140" />
            </Method>
            <Method visited="false" cyclomaticComplexity="1" nPathComplexity="0" sequenceCoverage="0" branchCoverage="0" crapScore="2" isConstructor="false" isStatic="false" isGetter="false" isSetter="true">
              <Summary numSequencePoints="1" visitedSequencePoints="0" numBranchPoints="1" visitedBranchPoints="0" sequenceCoverage="0" branchCoverage="0" maxCyclomaticComplexity="1" minCyclomaticComplexity="1" maxCrapScore="2" minCrapScore="2" visitedClasses="0" numClasses="0" visitedMethods="0" numMethods="1" />
              <MetadataToken>100663710</MetadataToken>
              <Name>System.Void Xunit.TestAssemblyConfiguration::set_MethodDisplay(System.Nullable`1&lt;Xunit.TestMethodDisplay&gt;)</Name>
              <FileRef uid="140" />
              <SequencePoints>
                <SequencePoint vc="0" uspid="3909" ordinal="0" offset="0" sl="74" sc="56" el="74" ec="60" bec="0" bev="0" fileid="140" />
              </SequencePoints>
              <BranchPoints />
              <MethodPoint xsi:type="SequencePoint" vc="0" uspid="3909" ordinal="0" offset="0" sl="74" sc="56" el="74" ec="60" bec="0" bev="0" fileid="140" />
            </Method>
            <Method visited="false" cyclomaticComplexity="2" nPathComplexity="2" sequenceCoverage="0" branchCoverage="0" crapScore="6" isConstructor="false" isStatic="false" isGetter="true" isSetter="false">
              <Summary numSequencePoints="1" visitedSequencePoints="0" numBranchPoints="3" visitedBranchPoints="0" sequenceCoverage="0" branchCoverage="0" maxCyclomaticComplexity="2" minCyclomaticComplexity="2" maxCrapScore="6" minCrapScore="6" visitedClasses="0" numClasses="0" visitedMethods="0" numMethods="1" />
              <MetadataToken>100663711</MetadataToken>
              <Name>Xunit.TestMethodDisplay Xunit.TestAssemblyConfiguration::get_MethodDisplayOrDefault()</Name>
              <FileRef uid="140" />
              <SequencePoints>
                <SequencePoint vc="0" uspid="3910" ordinal="0" offset="0" sl="80" sc="65" el="80" ec="122" bec="2" bev="0" fileid="140" />
              </SequencePoints>
              <BranchPoints>
                <BranchPoint vc="0" uspid="3911" ordinal="0" offset="14" sl="80" path="0" offsetend="16" fileid="140" />
                <BranchPoint vc="0" uspid="3912" ordinal="1" offset="14" sl="80" path="1" offsetend="18" fileid="140" />
              </BranchPoints>
              <MethodPoint xsi:type="SequencePoint" vc="0" uspid="3910" ordinal="0" offset="0" sl="80" sc="65" el="80" ec="122" bec="2" bev="0" fileid="140" />
            </Method>
            <Method visited="false" cyclomaticComplexity="1" nPathComplexity="0" sequenceCoverage="0" branchCoverage="0" crapScore="2" isConstructor="false" isStatic="false" isGetter="true" isSetter="false">
              <Summary numSequencePoints="1" visitedSequencePoints="0" numBranchPoints="1" visitedBranchPoints="0" sequenceCoverage="0" branchCoverage="0" maxCyclomaticComplexity="1" minCyclomaticComplexity="1" maxCrapScore="2" minCrapScore="2" visitedClasses="0" numClasses="0" visitedMethods="0" numMethods="1" />
              <MetadataToken>100663712</MetadataToken>
              <Name>System.Nullable`1&lt;System.Boolean&gt; Xunit.TestAssemblyConfiguration::get_ParallelizeAssembly()</Name>
              <FileRef uid="140" />
              <SequencePoints>
                <SequencePoint vc="0" uspid="3913" ordinal="0" offset="0" sl="86" sc="44" el="86" ec="48" bec="0" bev="0" fileid="140" />
              </SequencePoints>
              <BranchPoints />
              <MethodPoint xsi:type="SequencePoint" vc="0" uspid="3913" ordinal="0" offset="0" sl="86" sc="44" el="86" ec="48" bec="0" bev="0" fileid="140" />
            </Method>
            <Method visited="false" cyclomaticComplexity="1" nPathComplexity="0" sequenceCoverage="0" branchCoverage="0" crapScore="2" isConstructor="false" isStatic="false" isGetter="false" isSetter="true">
              <Summary numSequencePoints="1" visitedSequencePoints="0" numBranchPoints="1" visitedBranchPoints="0" sequenceCoverage="0" branchCoverage="0" maxCyclomaticComplexity="1" minCyclomaticComplexity="1" maxCrapScore="2" minCrapScore="2" visitedClasses="0" numClasses="0" visitedMethods="0" numMethods="1" />
              <MetadataToken>100663713</MetadataToken>
              <Name>System.Void Xunit.TestAssemblyConfiguration::set_ParallelizeAssembly(System.Nullable`1&lt;System.Boolean&gt;)</Name>
              <FileRef uid="140" />
              <SequencePoints>
                <SequencePoint vc="0" uspid="3914" ordinal="0" offset="0" sl="86" sc="49" el="86" ec="53" bec="0" bev="0" fileid="140" />
              </SequencePoints>
              <BranchPoints />
              <MethodPoint xsi:type="SequencePoint" vc="0" uspid="3914" ordinal="0" offset="0" sl="86" sc="49" el="86" ec="53" bec="0" bev="0" fileid="140" />
            </Method>
            <Method visited="false" cyclomaticComplexity="2" nPathComplexity="2" sequenceCoverage="0" branchCoverage="0" crapScore="6" isConstructor="false" isStatic="false" isGetter="true" isSetter="false">
              <Summary numSequencePoints="1" visitedSequencePoints="0" numBranchPoints="3" visitedBranchPoints="0" sequenceCoverage="0" branchCoverage="0" maxCyclomaticComplexity="2" minCyclomaticComplexity="2" maxCrapScore="6" minCrapScore="6" visitedClasses="0" numClasses="0" visitedMethods="0" numMethods="1" />
              <MetadataToken>100663714</MetadataToken>
              <Name>System.Boolean Xunit.TestAssemblyConfiguration::get_ParallelizeAssemblyOrDefault()</Name>
              <FileRef uid="140" />
              <SequencePoints>
                <SequencePoint vc="0" uspid="3915" ordinal="0" offset="0" sl="92" sc="58" el="92" ec="94" bec="2" bev="0" fileid="140" />
              </SequencePoints>
              <BranchPoints>
                <BranchPoint vc="0" uspid="3916" ordinal="0" offset="14" sl="92" path="0" offsetend="16" fileid="140" />
                <BranchPoint vc="0" uspid="3917" ordinal="1" offset="14" sl="92" path="1" offsetend="18" fileid="140" />
              </BranchPoints>
              <MethodPoint xsi:type="SequencePoint" vc="0" uspid="3915" ordinal="0" offset="0" sl="92" sc="58" el="92" ec="94" bec="2" bev="0" fileid="140" />
            </Method>
            <Method visited="false" cyclomaticComplexity="1" nPathComplexity="0" sequenceCoverage="0" branchCoverage="0" crapScore="2" isConstructor="false" isStatic="false" isGetter="true" isSetter="false">
              <Summary numSequencePoints="1" visitedSequencePoints="0" numBranchPoints="1" visitedBranchPoints="0" sequenceCoverage="0" branchCoverage="0" maxCyclomaticComplexity="1" minCyclomaticComplexity="1" maxCrapScore="2" minCrapScore="2" visitedClasses="0" numClasses="0" visitedMethods="0" numMethods="1" />
              <MetadataToken>100663715</MetadataToken>
              <Name>System.Nullable`1&lt;System.Boolean&gt; Xunit.TestAssemblyConfiguration::get_ParallelizeTestCollections()</Name>
              <FileRef uid="140" />
              <SequencePoints>
                <SequencePoint vc="0" uspid="3918" ordinal="0" offset="0" sl="98" sc="51" el="98" ec="55" bec="0" bev="0" fileid="140" />
              </SequencePoints>
              <BranchPoints />
              <MethodPoint xsi:type="SequencePoint" vc="0" uspid="3918" ordinal="0" offset="0" sl="98" sc="51" el="98" ec="55" bec="0" bev="0" fileid="140" />
            </Method>
            <Method visited="false" cyclomaticComplexity="1" nPathComplexity="0" sequenceCoverage="0" branchCoverage="0" crapScore="2" isConstructor="false" isStatic="false" isGetter="false" isSetter="true">
              <Summary numSequencePoints="1" visitedSequencePoints="0" numBranchPoints="1" visitedBranchPoints="0" sequenceCoverage="0" branchCoverage="0" maxCyclomaticComplexity="1" minCyclomaticComplexity="1" maxCrapScore="2" minCrapScore="2" visitedClasses="0" numClasses="0" visitedMethods="0" numMethods="1" />
              <MetadataToken>100663716</MetadataToken>
              <Name>System.Void Xunit.TestAssemblyConfiguration::set_ParallelizeTestCollections(System.Nullable`1&lt;System.Boolean&gt;)</Name>
              <FileRef uid="140" />
              <SequencePoints>
                <SequencePoint vc="0" uspid="3919" ordinal="0" offset="0" sl="98" sc="56" el="98" ec="60" bec="0" bev="0" fileid="140" />
              </SequencePoints>
              <BranchPoints />
              <MethodPoint xsi:type="SequencePoint" vc="0" uspid="3919" ordinal="0" offset="0" sl="98" sc="56" el="98" ec="60" bec="0" bev="0" fileid="140" />
            </Method>
            <Method visited="false" cyclomaticComplexity="2" nPathComplexity="2" sequenceCoverage="0" branchCoverage="0" crapScore="6" isConstructor="false" isStatic="false" isGetter="true" isSetter="false">
              <Summary numSequencePoints="1" visitedSequencePoints="0" numBranchPoints="3" visitedBranchPoints="0" sequenceCoverage="0" branchCoverage="0" maxCyclomaticComplexity="2" minCyclomaticComplexity="2" maxCrapScore="6" minCrapScore="6" visitedClasses="0" numClasses="0" visitedMethods="0" numMethods="1" />
              <MetadataToken>100663717</MetadataToken>
              <Name>System.Boolean Xunit.TestAssemblyConfiguration::get_ParallelizeTestCollectionsOrDefault()</Name>
              <FileRef uid="140" />
              <SequencePoints>
                <SequencePoint vc="0" uspid="3920" ordinal="0" offset="0" sl="105" sc="65" el="105" ec="107" bec="2" bev="0" fileid="140" />
              </SequencePoints>
              <BranchPoints>
                <BranchPoint vc="0" uspid="3921" ordinal="0" offset="14" sl="105" path="0" offsetend="16" fileid="140" />
                <BranchPoint vc="0" uspid="3922" ordinal="1" offset="14" sl="105" path="1" offsetend="18" fileid="140" />
              </BranchPoints>
              <MethodPoint xsi:type="SequencePoint" vc="0" uspid="3920" ordinal="0" offset="0" sl="105" sc="65" el="105" ec="107" bec="2" bev="0" fileid="140" />
            </Method>
            <Method visited="false" cyclomaticComplexity="1" nPathComplexity="0" sequenceCoverage="0" branchCoverage="0" crapScore="2" isConstructor="false" isStatic="false" isGetter="true" isSetter="false">
              <Summary numSequencePoints="1" visitedSequencePoints="0" numBranchPoints="1" visitedBranchPoints="0" sequenceCoverage="0" branchCoverage="0" maxCyclomaticComplexity="1" minCyclomaticComplexity="1" maxCrapScore="2" minCrapScore="2" visitedClasses="0" numClasses="0" visitedMethods="0" numMethods="1" />
              <MetadataToken>100663718</MetadataToken>
              <Name>System.Nullable`1&lt;System.Boolean&gt; Xunit.TestAssemblyConfiguration::get_PreEnumerateTheories()</Name>
              <FileRef uid="140" />
              <SequencePoints>
                <SequencePoint vc="0" uspid="3923" ordinal="0" offset="0" sl="111" sc="45" el="111" ec="49" bec="0" bev="0" fileid="140" />
              </SequencePoints>
              <BranchPoints />
              <MethodPoint xsi:type="SequencePoint" vc="0" uspid="3923" ordinal="0" offset="0" sl="111" sc="45" el="111" ec="49" bec="0" bev="0" fileid="140" />
            </Method>
            <Method visited="false" cyclomaticComplexity="1" nPathComplexity="0" sequenceCoverage="0" branchCoverage="0" crapScore="2" isConstructor="false" isStatic="false" isGetter="false" isSetter="true">
              <Summary numSequencePoints="1" visitedSequencePoints="0" numBranchPoints="1" visitedBranchPoints="0" sequenceCoverage="0" branchCoverage="0" maxCyclomaticComplexity="1" minCyclomaticComplexity="1" maxCrapScore="2" minCrapScore="2" visitedClasses="0" numClasses="0" visitedMethods="0" numMethods="1" />
              <MetadataToken>100663719</MetadataToken>
              <Name>System.Void Xunit.TestAssemblyConfiguration::set_PreEnumerateTheories(System.Nullable`1&lt;System.Boolean&gt;)</Name>
              <FileRef uid="140" />
              <SequencePoints>
                <SequencePoint vc="0" uspid="3924" ordinal="0" offset="0" sl="111" sc="50" el="111" ec="54" bec="0" bev="0" fileid="140" />
              </SequencePoints>
              <BranchPoints />
              <MethodPoint xsi:type="SequencePoint" vc="0" uspid="3924" ordinal="0" offset="0" sl="111" sc="50" el="111" ec="54" bec="0" bev="0" fileid="140" />
            </Method>
            <Method visited="false" cyclomaticComplexity="2" nPathComplexity="2" sequenceCoverage="0" branchCoverage="0" crapScore="6" isConstructor="false" isStatic="false" isGetter="true" isSetter="false">
              <Summary numSequencePoints="1" visitedSequencePoints="0" numBranchPoints="3" visitedBranchPoints="0" sequenceCoverage="0" branchCoverage="0" maxCyclomaticComplexity="2" minCyclomaticComplexity="2" maxCrapScore="6" minCrapScore="6" visitedClasses="0" numClasses="0" visitedMethods="0" numMethods="1" />
              <MetadataToken>100663720</MetadataToken>
              <Name>System.Boolean Xunit.TestAssemblyConfiguration::get_PreEnumerateTheoriesOrDefault()</Name>
              <FileRef uid="140" />
              <SequencePoints>
                <SequencePoint vc="0" uspid="3925" ordinal="0" offset="0" sl="117" sc="59" el="117" ec="95" bec="2" bev="0" fileid="140" />
              </SequencePoints>
              <BranchPoints>
                <BranchPoint vc="0" uspid="3926" ordinal="0" offset="14" sl="117" path="0" offsetend="16" fileid="140" />
                <BranchPoint vc="0" uspid="3927" ordinal="1" offset="14" sl="117" path="1" offsetend="18" fileid="140" />
              </BranchPoints>
              <MethodPoint xsi:type="SequencePoint" vc="0" uspid="3925" ordinal="0" offset="0" sl="117" sc="59" el="117" ec="95" bec="2" bev="0" fileid="140" />
            </Method>
            <Method visited="false" cyclomaticComplexity="1" nPathComplexity="0" sequenceCoverage="0" branchCoverage="0" crapScore="2" isConstructor="false" isStatic="false" isGetter="true" isSetter="false">
              <Summary numSequencePoints="1" visitedSequencePoints="0" numBranchPoints="1" visitedBranchPoints="0" sequenceCoverage="0" branchCoverage="0" maxCyclomaticComplexity="1" minCyclomaticComplexity="1" maxCrapScore="2" minCrapScore="2" visitedClasses="0" numClasses="0" visitedMethods="0" numMethods="1" />
              <MetadataToken>100663721</MetadataToken>
              <Name>System.Nullable`1&lt;System.Boolean&gt; Xunit.TestAssemblyConfiguration::get_ShadowCopy()</Name>
              <FileRef uid="140" />
              <SequencePoints>
                <SequencePoint vc="0" uspid="3928" ordinal="0" offset="0" sl="122" sc="35" el="122" ec="39" bec="0" bev="0" fileid="140" />
              </SequencePoints>
              <BranchPoints />
              <MethodPoint xsi:type="SequencePoint" vc="0" uspid="3928" ordinal="0" offset="0" sl="122" sc="35" el="122" ec="39" bec="0" bev="0" fileid="140" />
            </Method>
            <Method visited="false" cyclomaticComplexity="1" nPathComplexity="0" sequenceCoverage="0" branchCoverage="0" crapScore="2" isConstructor="false" isStatic="false" isGetter="false" isSetter="true">
              <Summary numSequencePoints="1" visitedSequencePoints="0" numBranchPoints="1" visitedBranchPoints="0" sequenceCoverage="0" branchCoverage="0" maxCyclomaticComplexity="1" minCyclomaticComplexity="1" maxCrapScore="2" minCrapScore="2" visitedClasses="0" numClasses="0" visitedMethods="0" numMethods="1" />
              <MetadataToken>100663722</MetadataToken>
              <Name>System.Void Xunit.TestAssemblyConfiguration::set_ShadowCopy(System.Nullable`1&lt;System.Boolean&gt;)</Name>
              <FileRef uid="140" />
              <SequencePoints>
                <SequencePoint vc="0" uspid="3929" ordinal="0" offset="0" sl="122" sc="40" el="122" ec="44" bec="0" bev="0" fileid="140" />
              </SequencePoints>
              <BranchPoints />
              <MethodPoint xsi:type="SequencePoint" vc="0" uspid="3929" ordinal="0" offset="0" sl="122" sc="40" el="122" ec="44" bec="0" bev="0" fileid="140" />
            </Method>
            <Method visited="false" cyclomaticComplexity="2" nPathComplexity="2" sequenceCoverage="0" branchCoverage="0" crapScore="6" isConstructor="false" isStatic="false" isGetter="true" isSetter="false">
              <Summary numSequencePoints="1" visitedSequencePoints="0" numBranchPoints="3" visitedBranchPoints="0" sequenceCoverage="0" branchCoverage="0" maxCyclomaticComplexity="2" minCyclomaticComplexity="2" maxCrapScore="6" minCrapScore="6" visitedClasses="0" numClasses="0" visitedMethods="0" numMethods="1" />
              <MetadataToken>100663723</MetadataToken>
              <Name>System.Boolean Xunit.TestAssemblyConfiguration::get_ShadowCopyOrDefault()</Name>
              <FileRef uid="140" />
              <SequencePoints>
                <SequencePoint vc="0" uspid="3930" ordinal="0" offset="0" sl="128" sc="49" el="128" ec="75" bec="2" bev="0" fileid="140" />
              </SequencePoints>
              <BranchPoints>
                <BranchPoint vc="0" uspid="3931" ordinal="0" offset="14" sl="128" path="0" offsetend="16" fileid="140" />
                <BranchPoint vc="0" uspid="3932" ordinal="1" offset="14" sl="128" path="1" offsetend="18" fileid="140" />
              </BranchPoints>
              <MethodPoint xsi:type="SequencePoint" vc="0" uspid="3930" ordinal="0" offset="0" sl="128" sc="49" el="128" ec="75" bec="2" bev="0" fileid="140" />
            </Method>
            <Method visited="false" cyclomaticComplexity="1" nPathComplexity="0" sequenceCoverage="0" branchCoverage="0" crapScore="2" isConstructor="false" isStatic="false" isGetter="true" isSetter="false">
              <Summary numSequencePoints="1" visitedSequencePoints="0" numBranchPoints="1" visitedBranchPoints="0" sequenceCoverage="0" branchCoverage="0" maxCyclomaticComplexity="1" minCyclomaticComplexity="1" maxCrapScore="2" minCrapScore="2" visitedClasses="0" numClasses="0" visitedMethods="0" numMethods="1" />
              <MetadataToken>100663724</MetadataToken>
              <Name>System.Nullable`1&lt;System.Boolean&gt; Xunit.TestAssemblyConfiguration::get_StopOnFail()</Name>
              <FileRef uid="140" />
              <SequencePoints>
                <SequencePoint vc="0" uspid="3933" ordinal="0" offset="0" sl="133" sc="35" el="133" ec="39" bec="0" bev="0" fileid="140" />
              </SequencePoints>
              <BranchPoints />
              <MethodPoint xsi:type="SequencePoint" vc="0" uspid="3933" ordinal="0" offset="0" sl="133" sc="35" el="133" ec="39" bec="0" bev="0" fileid="140" />
            </Method>
            <Method visited="false" cyclomaticComplexity="1" nPathComplexity="0" sequenceCoverage="0" branchCoverage="0" crapScore="2" isConstructor="false" isStatic="false" isGetter="false" isSetter="true">
              <Summary numSequencePoints="1" visitedSequencePoints="0" numBranchPoints="1" visitedBranchPoints="0" sequenceCoverage="0" branchCoverage="0" maxCyclomaticComplexity="1" minCyclomaticComplexity="1" maxCrapScore="2" minCrapScore="2" visitedClasses="0" numClasses="0" visitedMethods="0" numMethods="1" />
              <MetadataToken>100663725</MetadataToken>
              <Name>System.Void Xunit.TestAssemblyConfiguration::set_StopOnFail(System.Nullable`1&lt;System.Boolean&gt;)</Name>
              <FileRef uid="140" />
              <SequencePoints>
                <SequencePoint vc="0" uspid="3934" ordinal="0" offset="0" sl="133" sc="40" el="133" ec="44" bec="0" bev="0" fileid="140" />
              </SequencePoints>
              <BranchPoints />
              <MethodPoint xsi:type="SequencePoint" vc="0" uspid="3934" ordinal="0" offset="0" sl="133" sc="40" el="133" ec="44" bec="0" bev="0" fileid="140" />
            </Method>
            <Method visited="false" cyclomaticComplexity="2" nPathComplexity="2" sequenceCoverage="0" branchCoverage="0" crapScore="6" isConstructor="false" isStatic="false" isGetter="true" isSetter="false">
              <Summary numSequencePoints="1" visitedSequencePoints="0" numBranchPoints="3" visitedBranchPoints="0" sequenceCoverage="0" branchCoverage="0" maxCyclomaticComplexity="2" minCyclomaticComplexity="2" maxCrapScore="6" minCrapScore="6" visitedClasses="0" numClasses="0" visitedMethods="0" numMethods="1" />
              <MetadataToken>100663726</MetadataToken>
              <Name>System.Boolean Xunit.TestAssemblyConfiguration::get_StopOnFailOrDefault()</Name>
              <FileRef uid="140" />
              <SequencePoints>
                <SequencePoint vc="0" uspid="3935" ordinal="0" offset="0" sl="139" sc="49" el="139" ec="76" bec="2" bev="0" fileid="140" />
              </SequencePoints>
              <BranchPoints>
                <BranchPoint vc="0" uspid="3936" ordinal="0" offset="14" sl="139" path="0" offsetend="16" fileid="140" />
                <BranchPoint vc="0" uspid="3937" ordinal="1" offset="14" sl="139" path="1" offsetend="18" fileid="140" />
              </BranchPoints>
              <MethodPoint xsi:type="SequencePoint" vc="0" uspid="3935" ordinal="0" offset="0" sl="139" sc="49" el="139" ec="76" bec="2" bev="0" fileid="140" />
            </Method>
            <Method visited="false" cyclomaticComplexity="1" nPathComplexity="0" sequenceCoverage="0" branchCoverage="0" crapScore="2" isConstructor="true" isStatic="false" isGetter="false" isSetter="false">
              <Summary numSequencePoints="0" visitedSequencePoints="0" numBranchPoints="0" visitedBranchPoints="0" sequenceCoverage="0" branchCoverage="0" maxCyclomaticComplexity="1" minCyclomaticComplexity="1" maxCrapScore="2" minCrapScore="2" visitedClasses="0" numClasses="0" visitedMethods="0" numMethods="0" />
              <MetadataToken>100663727</MetadataToken>
              <Name>System.Void Xunit.TestAssemblyConfiguration::.ctor()</Name>
              <SequencePoints />
              <BranchPoints />
              <MethodPoint vc="0" uspid="3938" ordinal="0" offset="0" />
            </Method>
          </Methods>
        </Class>
        <Class>
          <Summary numSequencePoints="32" visitedSequencePoints="0" numBranchPoints="22" visitedBranchPoints="0" sequenceCoverage="0" branchCoverage="0" maxCyclomaticComplexity="4" minCyclomaticComplexity="1" maxCrapScore="20" minCrapScore="2" visitedClasses="0" numClasses="1" visitedMethods="0" numMethods="8" />
          <FullName>Xunit.TestFrameworkOptions</FullName>
          <Methods>
            <Method visited="false" cyclomaticComplexity="1" nPathComplexity="0" sequenceCoverage="0" branchCoverage="0" crapScore="2" isConstructor="true" isStatic="false" isGetter="false" isSetter="false">
              <Summary numSequencePoints="3" visitedSequencePoints="0" numBranchPoints="1" visitedBranchPoints="0" sequenceCoverage="0" branchCoverage="0" maxCyclomaticComplexity="1" minCyclomaticComplexity="1" maxCrapScore="2" minCrapScore="2" visitedClasses="0" numClasses="0" visitedMethods="0" numMethods="1" />
              <MetadataToken>100663728</MetadataToken>
              <Name>System.Void Xunit.TestFrameworkOptions::.ctor()</Name>
              <FileRef uid="141" />
              <SequencePoints>
                <SequencePoint vc="0" uspid="3939" ordinal="0" offset="0" sl="18" sc="9" el="18" ec="91" bec="0" bev="0" fileid="141" />
                <SequencePoint vc="0" uspid="3940" ordinal="1" offset="11" sl="21" sc="9" el="21" ec="31" bec="0" bev="0" fileid="141" />
                <SequencePoint vc="0" uspid="3941" ordinal="2" offset="17" sl="21" sc="34" el="21" ec="35" bec="0" bev="0" fileid="141" />
              </SequencePoints>
              <BranchPoints />
              <MethodPoint xsi:type="SequencePoint" vc="0" uspid="3939" ordinal="0" offset="0" sl="18" sc="9" el="18" ec="91" bec="0" bev="0" fileid="141" />
            </Method>
            <Method visited="false" cyclomaticComplexity="2" nPathComplexity="2" sequenceCoverage="0" branchCoverage="0" crapScore="6" isConstructor="false" isStatic="true" isGetter="false" isSetter="false">
              <Summary numSequencePoints="7" visitedSequencePoints="0" numBranchPoints="3" visitedBranchPoints="0" sequenceCoverage="0" branchCoverage="0" maxCyclomaticComplexity="2" minCyclomaticComplexity="2" maxCrapScore="6" minCrapScore="6" visitedClasses="0" numClasses="0" visitedMethods="0" numMethods="1" />
              <MetadataToken>100663729</MetadataToken>
              <Name>Xunit.Abstractions.ITestFrameworkDiscoveryOptions Xunit.TestFrameworkOptions::ForDiscovery(Xunit.TestAssemblyConfiguration)</Name>
              <FileRef uid="141" />
              <SequencePoints>
                <SequencePoint vc="0" uspid="3942" ordinal="0" offset="0" sl="30" sc="13" el="30" ec="80" bec="0" bev="0" fileid="141" />
                <SequencePoint vc="0" uspid="3943" ordinal="1" offset="6" sl="32" sc="13" el="32" ec="39" bec="2" bev="0" fileid="141" />
                <SequencePoint vc="0" uspid="3944" ordinal="2" offset="9" sl="34" sc="17" el="34" ec="80" bec="0" bev="0" fileid="141" />
                <SequencePoint vc="0" uspid="3945" ordinal="3" offset="21" sl="35" sc="17" el="35" ec="96" bec="0" bev="0" fileid="141" />
                <SequencePoint vc="0" uspid="3946" ordinal="4" offset="33" sl="36" sc="17" el="36" ec="70" bec="0" bev="0" fileid="141" />
                <SequencePoint vc="0" uspid="3947" ordinal="5" offset="45" sl="37" sc="17" el="37" ec="84" bec="0" bev="0" fileid="141" />
                <SequencePoint vc="0" uspid="3948" ordinal="6" offset="57" sl="40" sc="13" el="40" ec="27" bec="0" bev="0" fileid="141" />
              </SequencePoints>
              <BranchPoints>
                <BranchPoint vc="0" uspid="3949" ordinal="0" offset="7" sl="32" path="0" offsetend="9" fileid="141" />
                <BranchPoint vc="0" uspid="3950" ordinal="1" offset="7" sl="32" path="1" offsetend="57" fileid="141" />
              </BranchPoints>
              <MethodPoint xsi:type="SequencePoint" vc="0" uspid="3942" ordinal="0" offset="0" sl="30" sc="13" el="30" ec="80" bec="0" bev="0" fileid="141" />
            </Method>
            <Method visited="false" cyclomaticComplexity="4" nPathComplexity="4" sequenceCoverage="0" branchCoverage="0" crapScore="20" isConstructor="false" isStatic="true" isGetter="false" isSetter="false">
              <Summary numSequencePoints="7" visitedSequencePoints="0" numBranchPoints="5" visitedBranchPoints="0" sequenceCoverage="0" branchCoverage="0" maxCyclomaticComplexity="4" minCyclomaticComplexity="4" maxCrapScore="20" minCrapScore="20" visitedClasses="0" numClasses="0" visitedMethods="0" numMethods="1" />
              <MetadataToken>100663730</MetadataToken>
              <Name>Xunit.Abstractions.ITestFrameworkExecutionOptions Xunit.TestFrameworkOptions::ForExecution(Xunit.TestAssemblyConfiguration)</Name>
              <FileRef uid="141" />
              <SequencePoints>
                <SequencePoint vc="0" uspid="3951" ordinal="0" offset="0" sl="50" sc="13" el="50" ec="80" bec="0" bev="0" fileid="141" />
                <SequencePoint vc="0" uspid="3952" ordinal="1" offset="6" sl="52" sc="13" el="52" ec="39" bec="2" bev="0" fileid="141" />
                <SequencePoint vc="0" uspid="3953" ordinal="2" offset="9" sl="54" sc="17" el="54" ec="80" bec="0" bev="0" fileid="141" />
                <SequencePoint vc="0" uspid="3954" ordinal="3" offset="21" sl="55" sc="17" el="55" ec="96" bec="0" bev="0" fileid="141" />
                <SequencePoint vc="0" uspid="3955" ordinal="4" offset="33" sl="56" sc="17" el="56" ec="93" bec="2" bev="0" fileid="141" />
                <SequencePoint vc="0" uspid="3956" ordinal="5" offset="81" sl="57" sc="17" el="57" ec="80" bec="0" bev="0" fileid="141" />
                <SequencePoint vc="0" uspid="3957" ordinal="6" offset="93" sl="60" sc="13" el="60" ec="27" bec="0" bev="0" fileid="141" />
              </SequencePoints>
              <BranchPoints>
                <BranchPoint vc="0" uspid="3958" ordinal="0" offset="7" sl="52" path="0" offsetend="9" fileid="141" />
                <BranchPoint vc="0" uspid="3959" ordinal="1" offset="7" sl="52" path="1" offsetend="93" fileid="141" />
                <BranchPoint vc="0" uspid="3960" ordinal="2" offset="48" sl="56" path="0" offsetend="50" fileid="141" />
                <BranchPoint vc="0" uspid="3961" ordinal="3" offset="48" sl="56" path="1" offsetend="61" fileid="141" />
              </BranchPoints>
              <MethodPoint xsi:type="SequencePoint" vc="0" uspid="3951" ordinal="0" offset="0" sl="50" sc="13" el="50" ec="80" bec="0" bev="0" fileid="141" />
            </Method>
            <Method visited="false" cyclomaticComplexity="2" nPathComplexity="2" sequenceCoverage="0" branchCoverage="0" crapScore="6" isConstructor="false" isStatic="false" isGetter="false" isSetter="false">
              <Summary numSequencePoints="3" visitedSequencePoints="0" numBranchPoints="3" visitedBranchPoints="0" sequenceCoverage="0" branchCoverage="0" maxCyclomaticComplexity="2" minCyclomaticComplexity="2" maxCrapScore="6" minCrapScore="6" visitedClasses="0" numClasses="0" visitedMethods="0" numMethods="1" />
              <MetadataToken>100663731</MetadataToken>
              <Name>TValue Xunit.TestFrameworkOptions::GetValue(System.String)</Name>
              <FileRef uid="141" />
              <SequencePoints>
                <SequencePoint vc="0" uspid="3962" ordinal="0" offset="0" sl="72" sc="13" el="72" ec="58" bec="2" bev="0" fileid="141" />
                <SequencePoint vc="0" uspid="3963" ordinal="1" offset="16" sl="73" sc="17" el="73" ec="39" bec="0" bev="0" fileid="141" />
                <SequencePoint vc="0" uspid="3964" ordinal="2" offset="23" sl="75" sc="13" el="75" ec="36" bec="0" bev="0" fileid="141" />
              </SequencePoints>
              <BranchPoints>
                <BranchPoint vc="0" uspid="3965" ordinal="0" offset="14" sl="72" path="0" offsetend="16" fileid="141" />
                <BranchPoint vc="0" uspid="3966" ordinal="1" offset="14" sl="72" path="1" offsetend="23" fileid="141" />
              </BranchPoints>
              <MethodPoint xsi:type="SequencePoint" vc="0" uspid="3962" ordinal="0" offset="0" sl="72" sc="13" el="72" ec="58" bec="2" bev="0" fileid="141" />
            </Method>
            <Method visited="false" cyclomaticComplexity="2" nPathComplexity="2" sequenceCoverage="0" branchCoverage="0" crapScore="6" isConstructor="false" isStatic="false" isGetter="false" isSetter="false">
              <Summary numSequencePoints="4" visitedSequencePoints="0" numBranchPoints="3" visitedBranchPoints="0" sequenceCoverage="0" branchCoverage="0" maxCyclomaticComplexity="2" minCyclomaticComplexity="2" maxCrapScore="6" minCrapScore="6" visitedClasses="0" numClasses="0" visitedMethods="0" numMethods="1" />
              <MetadataToken>100663732</MetadataToken>
              <Name>System.Void Xunit.TestFrameworkOptions::SetValue(System.String,TValue)</Name>
              <FileRef uid="141" />
              <SequencePoints>
                <SequencePoint vc="0" uspid="3967" ordinal="0" offset="0" sl="86" sc="13" el="86" ec="31" bec="2" bev="0" fileid="141" />
                <SequencePoint vc="0" uspid="3968" ordinal="1" offset="8" sl="87" sc="17" el="87" ec="41" bec="0" bev="0" fileid="141" />
                <SequencePoint vc="0" uspid="3969" ordinal="2" offset="22" sl="89" sc="17" el="89" ec="42" bec="0" bev="0" fileid="141" />
                <SequencePoint vc="0" uspid="3970" ordinal="3" offset="40" sl="90" sc="9" el="90" ec="10" bec="0" bev="0" fileid="141" />
              </SequencePoints>
              <BranchPoints>
                <BranchPoint vc="0" uspid="3971" ordinal="0" offset="6" sl="86" path="0" offsetend="8" fileid="141" />
                <BranchPoint vc="0" uspid="3972" ordinal="1" offset="6" sl="86" path="1" offsetend="22" fileid="141" />
              </BranchPoints>
              <MethodPoint xsi:type="SequencePoint" vc="0" uspid="3967" ordinal="0" offset="0" sl="86" sc="13" el="86" ec="31" bec="2" bev="0" fileid="141" />
            </Method>
            <Method visited="false" cyclomaticComplexity="1" nPathComplexity="0" sequenceCoverage="0" branchCoverage="0" crapScore="2" isConstructor="false" isStatic="false" isGetter="false" isSetter="false">
              <Summary numSequencePoints="1" visitedSequencePoints="0" numBranchPoints="1" visitedBranchPoints="0" sequenceCoverage="0" branchCoverage="0" maxCyclomaticComplexity="1" minCyclomaticComplexity="1" maxCrapScore="2" minCrapScore="2" visitedClasses="0" numClasses="0" visitedMethods="0" numMethods="1" />
              <MetadataToken>100663733</MetadataToken>
              <Name>System.String Xunit.TestFrameworkOptions::ToDebuggerDisplay()</Name>
              <FileRef uid="141" />
              <SequencePoints>
                <SequencePoint vc="0" uspid="3973" ordinal="0" offset="0" sl="93" sc="16" el="93" ec="164" bec="0" bev="0" fileid="141" />
              </SequencePoints>
              <BranchPoints />
              <MethodPoint xsi:type="SequencePoint" vc="0" uspid="3973" ordinal="0" offset="0" sl="93" sc="16" el="93" ec="164" bec="0" bev="0" fileid="141" />
            </Method>
            <Method visited="false" cyclomaticComplexity="3" nPathComplexity="4" sequenceCoverage="0" branchCoverage="0" crapScore="12" isConstructor="false" isStatic="false" isGetter="false" isSetter="false">
              <Summary numSequencePoints="6" visitedSequencePoints="0" numBranchPoints="5" visitedBranchPoints="0" sequenceCoverage="0" branchCoverage="0" maxCyclomaticComplexity="3" minCyclomaticComplexity="3" maxCrapScore="12" minCrapScore="12" visitedClasses="0" numClasses="0" visitedMethods="0" numMethods="1" />
              <MetadataToken>100663734</MetadataToken>
              <Name>System.String Xunit.TestFrameworkOptions::ToDebuggerDisplay(System.Object)</Name>
              <FileRef uid="141" />
              <SequencePoints>
                <SequencePoint vc="0" uspid="3974" ordinal="0" offset="0" sl="97" sc="13" el="97" ec="31" bec="2" bev="0" fileid="141" />
                <SequencePoint vc="0" uspid="3975" ordinal="1" offset="3" sl="98" sc="17" el="98" ec="31" bec="0" bev="0" fileid="141" />
                <SequencePoint vc="0" uspid="3976" ordinal="2" offset="9" sl="100" sc="13" el="100" ec="47" bec="0" bev="0" fileid="141" />
                <SequencePoint vc="0" uspid="3977" ordinal="3" offset="16" sl="101" sc="13" el="101" ec="37" bec="2" bev="0" fileid="141" />
                <SequencePoint vc="0" uspid="3978" ordinal="4" offset="19" sl="102" sc="17" el="102" ec="45" bec="0" bev="0" fileid="141" />
                <SequencePoint vc="0" uspid="3979" ordinal="5" offset="31" sl="104" sc="13" el="104" ec="37" bec="0" bev="0" fileid="141" />
              </SequencePoints>
              <BranchPoints>
                <BranchPoint vc="0" uspid="3980" ordinal="0" offset="1" sl="97" path="0" offsetend="3" fileid="141" />
                <BranchPoint vc="0" uspid="3981" ordinal="1" offset="1" sl="97" path="1" offsetend="9" fileid="141" />
                <BranchPoint vc="0" uspid="3982" ordinal="2" offset="17" sl="101" path="0" offsetend="19" fileid="141" />
                <BranchPoint vc="0" uspid="3983" ordinal="3" offset="17" sl="101" path="1" offsetend="31" fileid="141" />
              </BranchPoints>
              <MethodPoint xsi:type="SequencePoint" vc="0" uspid="3974" ordinal="0" offset="0" sl="97" sc="13" el="97" ec="31" bec="2" bev="0" fileid="141" />
            </Method>
            <Method visited="false" cyclomaticComplexity="1" nPathComplexity="0" sequenceCoverage="0" branchCoverage="0" crapScore="2" isConstructor="false" isStatic="false" isGetter="false" isSetter="false">
              <Summary numSequencePoints="1" visitedSequencePoints="0" numBranchPoints="1" visitedBranchPoints="0" sequenceCoverage="0" branchCoverage="0" maxCyclomaticComplexity="1" minCyclomaticComplexity="1" maxCrapScore="2" minCrapScore="2" visitedClasses="0" numClasses="0" visitedMethods="0" numMethods="1" />
              <MetadataToken>100663735</MetadataToken>
              <Name>System.String Xunit.TestFrameworkOptions::&lt;ToDebuggerDisplay&gt;b__6_0(System.Collections.Generic.KeyValuePair`2&lt;System.String,System.Object&gt;)</Name>
              <FileRef uid="141" />
              <SequencePoints>
                <SequencePoint vc="0" uspid="3984" ordinal="0" offset="0" sl="93" sc="63" el="93" ec="147" bec="0" bev="0" fileid="141" />
              </SequencePoints>
              <BranchPoints />
              <MethodPoint xsi:type="SequencePoint" vc="0" uspid="3984" ordinal="0" offset="0" sl="93" sc="63" el="93" ec="147" bec="0" bev="0" fileid="141" />
            </Method>
          </Methods>
        </Class>
        <Class>
          <Summary numSequencePoints="77" visitedSequencePoints="0" numBranchPoints="64" visitedBranchPoints="0" sequenceCoverage="0" branchCoverage="0" maxCyclomaticComplexity="17" minCyclomaticComplexity="1" maxCrapScore="306" minCrapScore="2" visitedClasses="0" numClasses="1" visitedMethods="0" numMethods="10" />
          <FullName>Xunit.TestClassCallbackHandler</FullName>
          <Methods>
            <Method visited="false" cyclomaticComplexity="1" nPathComplexity="0" sequenceCoverage="0" branchCoverage="0" crapScore="2" isConstructor="false" isStatic="false" isGetter="true" isSetter="false">
              <Summary numSequencePoints="1" visitedSequencePoints="0" numBranchPoints="1" visitedBranchPoints="0" sequenceCoverage="0" branchCoverage="0" maxCyclomaticComplexity="1" minCyclomaticComplexity="1" maxCrapScore="2" minCrapScore="2" visitedClasses="0" numClasses="0" visitedMethods="0" numMethods="1" />
              <MetadataToken>100663740</MetadataToken>
              <Name>Xunit.Xunit1RunSummary Xunit.TestClassCallbackHandler::get_TestClassResults()</Name>
              <FileRef uid="142" />
              <SequencePoints>
                <SequencePoint vc="0" uspid="3985" ordinal="0" offset="0" sl="45" sc="52" el="45" ec="56" bec="0" bev="0" fileid="142" />
              </SequencePoints>
              <BranchPoints />
              <MethodPoint xsi:type="SequencePoint" vc="0" uspid="3985" ordinal="0" offset="0" sl="45" sc="52" el="45" ec="56" bec="0" bev="0" fileid="142" />
            </Method>
            <Method visited="false" cyclomaticComplexity="1" nPathComplexity="0" sequenceCoverage="0" branchCoverage="0" crapScore="2" isConstructor="false" isStatic="false" isGetter="false" isSetter="true">
              <Summary numSequencePoints="1" visitedSequencePoints="0" numBranchPoints="1" visitedBranchPoints="0" sequenceCoverage="0" branchCoverage="0" maxCyclomaticComplexity="1" minCyclomaticComplexity="1" maxCrapScore="2" minCrapScore="2" visitedClasses="0" numClasses="0" visitedMethods="0" numMethods="1" />
              <MetadataToken>100663741</MetadataToken>
              <Name>System.Void Xunit.TestClassCallbackHandler::set_TestClassResults(Xunit.Xunit1RunSummary)</Name>
              <FileRef uid="142" />
              <SequencePoints>
                <SequencePoint vc="0" uspid="3986" ordinal="0" offset="0" sl="45" sc="57" el="45" ec="69" bec="0" bev="0" fileid="142" />
              </SequencePoints>
              <BranchPoints />
              <MethodPoint xsi:type="SequencePoint" vc="0" uspid="3986" ordinal="0" offset="0" sl="45" sc="57" el="45" ec="69" bec="0" bev="0" fileid="142" />
            </Method>
            <Method visited="false" cyclomaticComplexity="1" nPathComplexity="0" sequenceCoverage="0" branchCoverage="0" crapScore="2" isConstructor="true" isStatic="false" isGetter="false" isSetter="false">
              <Summary numSequencePoints="8" visitedSequencePoints="0" numBranchPoints="1" visitedBranchPoints="0" sequenceCoverage="0" branchCoverage="0" maxCyclomaticComplexity="1" minCyclomaticComplexity="1" maxCrapScore="2" minCrapScore="2" visitedClasses="0" numClasses="0" visitedMethods="0" numMethods="1" />
              <MetadataToken>100663739</MetadataToken>
              <Name>System.Void Xunit.TestClassCallbackHandler::.ctor(System.Collections.Generic.IList`1&lt;Xunit.Abstractions.ITestCase&gt;,Xunit.Abstractions.IMessageSink)</Name>
              <FileRef uid="142" />
              <SequencePoints>
                <SequencePoint vc="0" uspid="3987" ordinal="0" offset="0" sl="20" sc="9" el="20" ec="76" bec="0" bev="0" fileid="142" />
                <SequencePoint vc="0" uspid="3988" ordinal="1" offset="11" sl="21" sc="9" el="21" ec="78" bec="0" bev="0" fileid="142" />
                <SequencePoint vc="0" uspid="3989" ordinal="2" offset="22" sl="32" sc="15" el="32" ec="42" bec="0" bev="0" fileid="142" />
                <SequencePoint vc="0" uspid="3990" ordinal="3" offset="34" sl="34" sc="13" el="34" ec="44" bec="0" bev="0" fileid="142" />
                <SequencePoint vc="0" uspid="3991" ordinal="4" offset="41" sl="35" sc="13" el="35" ec="40" bec="0" bev="0" fileid="142" />
                <SequencePoint vc="0" uspid="3992" ordinal="5" offset="48" sl="37" sc="13" el="37" ec="134" bec="0" bev="0" fileid="142" />
                <SequencePoint vc="0" uspid="3993" ordinal="6" offset="128" sl="39" sc="13" el="39" ec="55" bec="0" bev="0" fileid="142" />
                <SequencePoint vc="0" uspid="3994" ordinal="7" offset="139" sl="40" sc="9" el="40" ec="10" bec="0" bev="0" fileid="142" />
              </SequencePoints>
              <BranchPoints />
              <MethodPoint xsi:type="SequencePoint" vc="0" uspid="3987" ordinal="0" offset="0" sl="20" sc="9" el="20" ec="76" bec="0" bev="0" fileid="142" />
            </Method>
            <Method visited="false" cyclomaticComplexity="1" nPathComplexity="0" sequenceCoverage="0" branchCoverage="0" crapScore="2" isConstructor="false" isStatic="false" isGetter="false" isSetter="false">
              <Summary numSequencePoints="1" visitedSequencePoints="0" numBranchPoints="1" visitedBranchPoints="0" sequenceCoverage="0" branchCoverage="0" maxCyclomaticComplexity="1" minCyclomaticComplexity="1" maxCrapScore="2" minCrapScore="2" visitedClasses="0" numClasses="0" visitedMethods="0" numMethods="1" />
              <MetadataToken>100663742</MetadataToken>
              <Name>Xunit.Abstractions.ITestCase Xunit.TestClassCallbackHandler::FindTestCase(System.String,System.String)</Name>
              <FileRef uid="142" />
              <SequencePoints>
                <SequencePoint vc="0" uspid="3995" ordinal="0" offset="20" sl="49" sc="13" el="49" ec="142" bec="0" bev="0" fileid="142" />
              </SequencePoints>
              <BranchPoints />
              <MethodPoint vc="0" uspid="3996" ordinal="0" offset="0" />
            </Method>
            <Method visited="false" cyclomaticComplexity="3" nPathComplexity="4" sequenceCoverage="0" branchCoverage="0" crapScore="12" isConstructor="false" isStatic="false" isGetter="false" isSetter="false">
              <Summary numSequencePoints="11" visitedSequencePoints="0" numBranchPoints="5" visitedBranchPoints="0" sequenceCoverage="0" branchCoverage="0" maxCyclomaticComplexity="3" minCyclomaticComplexity="3" maxCrapScore="12" minCrapScore="12" visitedClasses="0" numClasses="0" visitedMethods="0" numMethods="1" />
              <MetadataToken>100663743</MetadataToken>
              <Name>System.Boolean Xunit.TestClassCallbackHandler::OnClass(System.Xml.XmlNode)</Name>
              <FileRef uid="142" />
              <SequencePoints>
                <SequencePoint vc="0" uspid="3997" ordinal="0" offset="0" sl="54" sc="13" el="54" ec="55" bec="0" bev="0" fileid="142" />
                <SequencePoint vc="0" uspid="3998" ordinal="1" offset="7" sl="56" sc="13" el="56" ec="34" bec="0" bev="0" fileid="142" />
                <SequencePoint vc="0" uspid="3999" ordinal="2" offset="9" sl="58" sc="13" el="58" ec="73" bec="2" bev="0" fileid="142" />
                <SequencePoint vc="0" uspid="4000" ordinal="3" offset="24" sl="60" sc="17" el="60" ec="106" bec="0" bev="0" fileid="142" />
                <SequencePoint vc="0" uspid="4001" ordinal="4" offset="31" sl="62" sc="17" el="66" ec="96" bec="0" bev="0" fileid="142" />
                <SequencePoint vc="0" uspid="4002" ordinal="5" offset="67" sl="67" sc="17" el="67" ec="65" bec="0" bev="0" fileid="142" />
                <SequencePoint vc="0" uspid="4003" ordinal="6" offset="80" sl="70" sc="13" el="70" ec="111" bec="0" bev="0" fileid="142" />
                <SequencePoint vc="0" uspid="4004" ordinal="7" offset="122" sl="71" sc="13" el="71" ec="109" bec="0" bev="0" fileid="142" />
                <SequencePoint vc="0" uspid="4005" ordinal="8" offset="164" sl="72" sc="13" el="72" ec="111" bec="0" bev="0" fileid="142" />
                <SequencePoint vc="0" uspid="4006" ordinal="9" offset="206" sl="73" sc="13" el="73" ec="113" bec="0" bev="0" fileid="142" />
                <SequencePoint vc="0" uspid="4007" ordinal="10" offset="248" sl="74" sc="13" el="74" ec="59" bec="2" bev="0" fileid="142" />
              </SequencePoints>
              <BranchPoints>
                <BranchPoint vc="0" uspid="4008" ordinal="0" offset="22" sl="58" path="0" offsetend="24" fileid="142" />
                <BranchPoint vc="0" uspid="4009" ordinal="1" offset="22" sl="58" path="1" offsetend="80" fileid="142" />
                <BranchPoint vc="0" uspid="4010" ordinal="2" offset="249" sl="74" path="0" offsetend="251" fileid="142" />
                <BranchPoint vc="0" uspid="4011" ordinal="3" offset="249" sl="74" path="1" offsetend="263" fileid="142" />
              </BranchPoints>
              <MethodPoint xsi:type="SequencePoint" vc="0" uspid="3997" ordinal="0" offset="0" sl="54" sc="13" el="54" ec="55" bec="0" bev="0" fileid="142" />
            </Method>
            <Method visited="false" cyclomaticComplexity="2" nPathComplexity="2" sequenceCoverage="0" branchCoverage="0" crapScore="6" isConstructor="false" isStatic="false" isGetter="false" isSetter="false">
              <Summary numSequencePoints="4" visitedSequencePoints="0" numBranchPoints="3" visitedBranchPoints="0" sequenceCoverage="0" branchCoverage="0" maxCyclomaticComplexity="2" minCyclomaticComplexity="2" maxCrapScore="6" minCrapScore="6" visitedClasses="0" numClasses="0" visitedMethods="0" numMethods="1" />
              <MetadataToken>100663744</MetadataToken>
              <Name>System.Boolean Xunit.TestClassCallbackHandler::OnStart(System.Xml.XmlNode)</Name>
              <FileRef uid="142" />
              <SequencePoints>
                <SequencePoint vc="0" uspid="4012" ordinal="0" offset="0" sl="79" sc="13" el="79" ec="103" bec="0" bev="0" fileid="142" />
                <SequencePoint vc="0" uspid="4013" ordinal="1" offset="49" sl="80" sc="13" el="80" ec="82" bec="0" bev="0" fileid="142" />
                <SequencePoint vc="0" uspid="4014" ordinal="2" offset="82" sl="81" sc="13" el="81" ec="59" bec="0" bev="0" fileid="142" />
                <SequencePoint vc="0" uspid="4015" ordinal="3" offset="89" sl="82" sc="13" el="82" ec="102" bec="2" bev="0" fileid="142" />
              </SequencePoints>
              <BranchPoints>
                <BranchPoint vc="0" uspid="4016" ordinal="0" offset="111" sl="82" path="0" offsetend="113" fileid="142" />
                <BranchPoint vc="0" uspid="4017" ordinal="1" offset="111" sl="82" path="1" offsetend="125" fileid="142" />
              </BranchPoints>
              <MethodPoint xsi:type="SequencePoint" vc="0" uspid="4012" ordinal="0" offset="0" sl="79" sc="13" el="79" ec="103" bec="0" bev="0" fileid="142" />
            </Method>
            <Method visited="false" cyclomaticComplexity="11" nPathComplexity="1024" sequenceCoverage="0" branchCoverage="0" crapScore="132" isConstructor="false" isStatic="false" isGetter="false" isSetter="false">
              <Summary numSequencePoints="31" visitedSequencePoints="0" numBranchPoints="21" visitedBranchPoints="0" sequenceCoverage="0" branchCoverage="0" maxCyclomaticComplexity="11" minCyclomaticComplexity="11" maxCrapScore="132" minCrapScore="132" visitedClasses="0" numClasses="0" visitedMethods="0" numMethods="1" />
              <MetadataToken>100663745</MetadataToken>
              <Name>System.Boolean Xunit.TestClassCallbackHandler::OnTest(System.Xml.XmlNode)</Name>
              <FileRef uid="142" />
              <SequencePoints>
                <SequencePoint vc="0" uspid="4018" ordinal="0" offset="0" sl="87" sc="13" el="87" ec="34" bec="0" bev="0" fileid="142" />
                <SequencePoint vc="0" uspid="4019" ordinal="1" offset="2" sl="88" sc="13" el="88" ec="103" bec="0" bev="0" fileid="142" />
                <SequencePoint vc="0" uspid="4020" ordinal="2" offset="51" sl="89" sc="13" el="89" ec="56" bec="0" bev="0" fileid="142" />
                <SequencePoint vc="0" uspid="4021" ordinal="3" offset="68" sl="90" sc="13" el="90" ec="118" bec="2" bev="0" fileid="142" />
                <SequencePoint vc="0" uspid="4022" ordinal="4" offset="95" sl="91" sc="13" el="91" ec="64" bec="0" bev="0" fileid="142" />
                <SequencePoint vc="0" uspid="4023" ordinal="5" offset="108" sl="92" sc="13" el="92" ec="89" bec="2" bev="0" fileid="142" />
                <SequencePoint vc="0" uspid="4024" ordinal="6" offset="128" sl="93" sc="13" el="93" ec="51" bec="0" bev="0" fileid="142" />
                <SequencePoint vc="0" uspid="4025" ordinal="7" offset="131" sl="95" sc="13" el="95" ec="37" bec="2" bev="0" fileid="142" />
                <SequencePoint vc="0" uspid="4026" ordinal="8" offset="139" sl="96" sc="17" el="96" ec="86" bec="0" bev="0" fileid="142" />
                <SequencePoint vc="0" uspid="4027" ordinal="9" offset="172" sl="98" sc="13" el="98" ec="37" bec="0" bev="0" fileid="142" />
                <SequencePoint vc="0" uspid="4028" ordinal="10" offset="191" sl="99" sc="13" el="99" ec="42" bec="0" bev="0" fileid="142" />
                <SequencePoint vc="0" uspid="4029" ordinal="11" offset="214" sl="101" sc="13" el="101" ec="52" bec="6" bev="0" fileid="142" />
                <SequencePoint vc="0" uspid="4030" ordinal="12" offset="284" sl="104" sc="21" el="104" ec="79" bec="0" bev="0" fileid="142" />
                <SequencePoint vc="0" uspid="4031" ordinal="13" offset="300" sl="105" sc="21" el="105" ec="27" bec="0" bev="0" fileid="142" />
                <SequencePoint vc="0" uspid="4032" ordinal="14" offset="305" sl="109" sc="25" el="109" ec="50" bec="0" bev="0" fileid="142" />
                <SequencePoint vc="0" uspid="4033" ordinal="15" offset="324" sl="110" sc="25" el="110" ec="71" bec="0" bev="0" fileid="142" />
                <SequencePoint vc="0" uspid="4034" ordinal="16" offset="335" sl="111" sc="25" el="111" ec="110" bec="0" bev="0" fileid="142" />
                <SequencePoint vc="0" uspid="4035" ordinal="17" offset="342" sl="112" sc="25" el="116" ec="99" bec="0" bev="0" fileid="142" />
                <SequencePoint vc="0" uspid="4036" ordinal="18" offset="386" sl="117" sc="25" el="117" ec="31" bec="0" bev="0" fileid="142" />
                <SequencePoint vc="0" uspid="4037" ordinal="19" offset="388" sl="121" sc="21" el="121" ec="47" bec="0" bev="0" fileid="142" />
                <SequencePoint vc="0" uspid="4038" ordinal="20" offset="407" sl="122" sc="21" el="122" ec="50" bec="2" bev="0" fileid="142" />
                <SequencePoint vc="0" uspid="4039" ordinal="21" offset="416" sl="124" sc="25" el="124" ec="71" bec="0" bev="0" fileid="142" />
                <SequencePoint vc="0" uspid="4040" ordinal="22" offset="423" sl="125" sc="25" el="125" ec="103" bec="0" bev="0" fileid="142" />
                <SequencePoint vc="0" uspid="4041" ordinal="23" offset="448" sl="127" sc="21" el="127" ec="116" bec="0" bev="0" fileid="142" />
                <SequencePoint vc="0" uspid="4042" ordinal="24" offset="477" sl="133" sc="13" el="133" ec="47" bec="2" bev="0" fileid="142" />
                <SequencePoint vc="0" uspid="4043" ordinal="25" offset="486" sl="134" sc="17" el="134" ec="101" bec="0" bev="0" fileid="142" />
                <SequencePoint vc="0" uspid="4044" ordinal="26" offset="513" sl="136" sc="13" el="136" ec="39" bec="2" bev="0" fileid="142" />
                <SequencePoint vc="0" uspid="4045" ordinal="27" offset="517" sl="137" sc="17" el="137" ec="79" bec="0" bev="0" fileid="142" />
                <SequencePoint vc="0" uspid="4046" ordinal="28" offset="533" sl="139" sc="13" el="139" ec="105" bec="0" bev="0" fileid="142" />
                <SequencePoint vc="0" uspid="4047" ordinal="29" offset="561" sl="140" sc="13" el="140" ec="32" bec="0" bev="0" fileid="142" />
                <SequencePoint vc="0" uspid="4048" ordinal="30" offset="568" sl="142" sc="13" el="142" ec="59" bec="2" bev="0" fileid="142" />
              </SequencePoints>
              <BranchPoints>
                <BranchPoint vc="0" uspid="4049" ordinal="0" offset="69" sl="90" path="0" offsetend="71" fileid="142" />
                <BranchPoint vc="0" uspid="4050" ordinal="1" offset="69" sl="90" path="1" offsetend="89" fileid="142" />
                <BranchPoint vc="0" uspid="4051" ordinal="2" offset="110" sl="92" path="0" offsetend="112" fileid="142" />
                <BranchPoint vc="0" uspid="4052" ordinal="3" offset="110" sl="92" path="1" offsetend="121" fileid="142" />
                <BranchPoint vc="0" uspid="4053" ordinal="4" offset="137" sl="95" path="0" offsetend="139" fileid="142" />
                <BranchPoint vc="0" uspid="4054" ordinal="5" offset="137" sl="95" path="1" offsetend="172" fileid="142" />
                <BranchPoint vc="0" uspid="4055" ordinal="6" offset="249" sl="101" path="0" offsetend="251" fileid="142" />
                <BranchPoint vc="0" uspid="4056" ordinal="7" offset="249" sl="101" path="1" offsetend="284" fileid="142" />
                <BranchPoint vc="0" uspid="4057" ordinal="8" offset="263" sl="101" path="0" offsetend="265" fileid="142" />
                <BranchPoint vc="0" uspid="4058" ordinal="9" offset="263" sl="101" path="1" offsetend="305" fileid="142" />
                <BranchPoint vc="0" uspid="4059" ordinal="10" offset="277" sl="101" path="0" offsetchain="279" offsetend="477" fileid="142" />
                <BranchPoint vc="0" uspid="4060" ordinal="11" offset="277" sl="101" path="1" offsetend="388" fileid="142" />
                <BranchPoint vc="0" uspid="4061" ordinal="12" offset="414" sl="122" path="0" offsetend="416" fileid="142" />
                <BranchPoint vc="0" uspid="4062" ordinal="13" offset="414" sl="122" path="1" offsetend="448" fileid="142" />
                <BranchPoint vc="0" uspid="4063" ordinal="14" offset="484" sl="133" path="0" offsetend="486" fileid="142" />
                <BranchPoint vc="0" uspid="4064" ordinal="15" offset="484" sl="133" path="1" offsetend="513" fileid="142" />
                <BranchPoint vc="0" uspid="4065" ordinal="16" offset="515" sl="136" path="0" offsetend="517" fileid="142" />
                <BranchPoint vc="0" uspid="4066" ordinal="17" offset="515" sl="136" path="1" offsetend="533" fileid="142" />
                <BranchPoint vc="0" uspid="4067" ordinal="18" offset="569" sl="142" path="0" offsetend="571" fileid="142" />
                <BranchPoint vc="0" uspid="4068" ordinal="19" offset="569" sl="142" path="1" offsetend="583" fileid="142" />
              </BranchPoints>
              <MethodPoint xsi:type="SequencePoint" vc="0" uspid="4018" ordinal="0" offset="0" sl="87" sc="13" el="87" ec="34" bec="0" bev="0" fileid="142" />
            </Method>
            <Method visited="false" cyclomaticComplexity="4" nPathComplexity="4" sequenceCoverage="0" branchCoverage="0" crapScore="20" isConstructor="false" isStatic="false" isGetter="false" isSetter="false">
              <Summary numSequencePoints="3" visitedSequencePoints="0" numBranchPoints="5" visitedBranchPoints="0" sequenceCoverage="0" branchCoverage="0" maxCyclomaticComplexity="4" minCyclomaticComplexity="4" maxCrapScore="20" minCrapScore="20" visitedClasses="0" numClasses="0" visitedMethods="0" numMethods="1" />
              <MetadataToken>100663746</MetadataToken>
              <Name>System.Boolean Xunit.TestClassCallbackHandler::OnXmlNode(System.Xml.XmlNode)</Name>
              <FileRef uid="142" />
              <SequencePoints>
                <SequencePoint vc="0" uspid="4069" ordinal="0" offset="0" sl="149" sc="13" el="149" ec="62" bec="2" bev="0" fileid="142" />
                <SequencePoint vc="0" uspid="4070" ordinal="1" offset="21" sl="150" sc="17" el="150" ec="88" bec="2" bev="0" fileid="142" />
                <SequencePoint vc="0" uspid="4071" ordinal="2" offset="55" sl="152" sc="13" el="152" ec="46" bec="0" bev="0" fileid="142" />
              </SequencePoints>
              <BranchPoints>
                <BranchPoint vc="0" uspid="4072" ordinal="0" offset="19" sl="149" path="0" offsetend="21" fileid="142" />
                <BranchPoint vc="0" uspid="4073" ordinal="1" offset="19" sl="149" path="1" offsetend="55" fileid="142" />
                <BranchPoint vc="0" uspid="4074" ordinal="2" offset="34" sl="150" path="0" offsetend="36" fileid="142" />
                <BranchPoint vc="0" uspid="4075" ordinal="3" offset="34" sl="150" path="1" offsetend="49" fileid="142" />
              </BranchPoints>
              <MethodPoint xsi:type="SequencePoint" vc="0" uspid="4069" ordinal="0" offset="0" sl="149" sc="13" el="149" ec="62" bec="2" bev="0" fileid="142" />
            </Method>
            <Method visited="false" cyclomaticComplexity="1" nPathComplexity="0" sequenceCoverage="0" branchCoverage="0" crapScore="2" isConstructor="false" isStatic="false" isGetter="false" isSetter="false">
              <Summary numSequencePoints="1" visitedSequencePoints="0" numBranchPoints="1" visitedBranchPoints="0" sequenceCoverage="0" branchCoverage="0" maxCyclomaticComplexity="1" minCyclomaticComplexity="1" maxCrapScore="2" minCrapScore="2" visitedClasses="0" numClasses="0" visitedMethods="0" numMethods="1" />
              <MetadataToken>100663747</MetadataToken>
              <Name>System.Collections.Generic.List`1&lt;Xunit.Abstractions.ITestCase&gt; Xunit.TestClassCallbackHandler::GetTestMethodTestCases(Xunit.Abstractions.ITestMethod)</Name>
              <FileRef uid="142" />
              <SequencePoints>
                <SequencePoint vc="0" uspid="4076" ordinal="0" offset="13" sl="157" sc="13" el="159" ec="39" bec="0" bev="0" fileid="142" />
              </SequencePoints>
              <BranchPoints />
              <MethodPoint vc="0" uspid="4077" ordinal="0" offset="0" />
            </Method>
            <Method visited="false" cyclomaticComplexity="17" nPathComplexity="4096" sequenceCoverage="0" branchCoverage="0" crapScore="306" isConstructor="false" isStatic="false" isGetter="false" isSetter="false">
              <Summary numSequencePoints="16" visitedSequencePoints="0" numBranchPoints="25" visitedBranchPoints="0" sequenceCoverage="0" branchCoverage="0" maxCyclomaticComplexity="17" minCyclomaticComplexity="17" maxCrapScore="306" minCrapScore="306" visitedClasses="0" numClasses="0" visitedMethods="0" numMethods="1" />
              <MetadataToken>100663748</MetadataToken>
              <Name>System.Void Xunit.TestClassCallbackHandler::SendTestCaseMessagesWhenAppropriate(Xunit.Abstractions.ITestCase)</Name>
              <FileRef uid="142" />
              <SequencePoints>
                <SequencePoint vc="0" uspid="4078" ordinal="0" offset="0" sl="164" sc="13" el="164" ec="44" bec="0" bev="0" fileid="142" />
                <SequencePoint vc="0" uspid="4079" ordinal="1" offset="7" sl="166" sc="13" el="166" ec="65" bec="3" bev="0" fileid="142" />
                <SequencePoint vc="0" uspid="4080" ordinal="2" offset="30" sl="168" sc="17" el="168" ec="208" bec="2" bev="0" fileid="142" />
                <SequencePoint vc="0" uspid="4081" ordinal="3" offset="113" sl="169" sc="17" el="169" ec="62" bec="0" bev="0" fileid="142" />
                <SequencePoint vc="0" uspid="4082" ordinal="4" offset="130" sl="170" sc="17" el="170" ec="41" bec="0" bev="0" fileid="142" />
                <SequencePoint vc="0" uspid="4083" ordinal="5" offset="141" sl="172" sc="17" el="172" ec="110" bec="3" bev="0" fileid="142" />
                <SequencePoint vc="0" uspid="4084" ordinal="6" offset="188" sl="174" sc="21" el="174" ec="95" bec="0" bev="0" fileid="142" />
                <SequencePoint vc="0" uspid="4085" ordinal="7" offset="206" sl="176" sc="21" el="181" ec="133" bec="2" bev="0" fileid="142" />
                <SequencePoint vc="0" uspid="4086" ordinal="8" offset="295" sl="182" sc="21" el="182" ec="47" bec="0" bev="0" fileid="142" />
                <SequencePoint vc="0" uspid="4087" ordinal="9" offset="306" sl="186" sc="13" el="186" ec="60" bec="3" bev="0" fileid="142" />
                <SequencePoint vc="0" uspid="4088" ordinal="10" offset="324" sl="188" sc="17" el="188" ec="115" bec="3" bev="0" fileid="142" />
                <SequencePoint vc="0" uspid="4089" ordinal="11" offset="376" sl="190" sc="21" el="190" ec="90" bec="0" bev="0" fileid="142" />
                <SequencePoint vc="0" uspid="4090" ordinal="12" offset="389" sl="191" sc="21" el="191" ec="147" bec="2" bev="0" fileid="142" />
                <SequencePoint vc="0" uspid="4091" ordinal="13" offset="429" sl="194" sc="17" el="194" ec="109" bec="2" bev="0" fileid="142" />
                <SequencePoint vc="0" uspid="4092" ordinal="14" offset="463" sl="197" sc="13" el="197" ec="36" bec="0" bev="0" fileid="142" />
                <SequencePoint vc="0" uspid="4093" ordinal="15" offset="470" sl="198" sc="9" el="198" ec="10" bec="0" bev="0" fileid="142" />
              </SequencePoints>
              <BranchPoints>
                <BranchPoint vc="0" uspid="4094" ordinal="0" offset="14" sl="166" path="0" offsetend="19" fileid="142" />
                <BranchPoint vc="0" uspid="4095" ordinal="1" offset="14" sl="166" path="1" offsetend="306" fileid="142" />
                <BranchPoint vc="0" uspid="4096" ordinal="2" offset="25" sl="166" path="0" offsetend="30" fileid="142" />
                <BranchPoint vc="0" uspid="4097" ordinal="3" offset="25" sl="166" path="1" offsetend="306" fileid="142" />
                <BranchPoint vc="0" uspid="4098" ordinal="4" offset="97" sl="168" path="0" offsetend="99" fileid="142" />
                <BranchPoint vc="0" uspid="4099" ordinal="5" offset="97" sl="168" path="1" offsetend="107" fileid="142" />
                <BranchPoint vc="0" uspid="4100" ordinal="6" offset="142" sl="172" path="0" offsetend="144" fileid="142" />
                <BranchPoint vc="0" uspid="4101" ordinal="7" offset="142" sl="172" path="1" offsetend="188" fileid="142" />
                <BranchPoint vc="0" uspid="4102" ordinal="8" offset="186" sl="172" path="0" offsetend="188" fileid="142" />
                <BranchPoint vc="0" uspid="4103" ordinal="9" offset="186" sl="172" path="1" offsetend="306" fileid="142" />
                <BranchPoint vc="0" uspid="4104" ordinal="10" offset="279" sl="176" path="0" offsetend="281" fileid="142" />
                <BranchPoint vc="0" uspid="4105" ordinal="11" offset="279" sl="176" path="1" offsetend="289" fileid="142" />
                <BranchPoint vc="0" uspid="4106" ordinal="12" offset="313" sl="186" path="0" offsetend="318" fileid="142" />
                <BranchPoint vc="0" uspid="4107" ordinal="13" offset="313" sl="186" path="1" offsetend="463" fileid="142" />
                <BranchPoint vc="0" uspid="4108" ordinal="14" offset="319" sl="186" path="0" offsetend="324" fileid="142" />
                <BranchPoint vc="0" uspid="4109" ordinal="15" offset="319" sl="186" path="1" offsetend="463" fileid="142" />
                <BranchPoint vc="0" uspid="4110" ordinal="16" offset="330" sl="188" path="0" offsetend="332" fileid="142" />
                <BranchPoint vc="0" uspid="4111" ordinal="17" offset="330" sl="188" path="1" offsetend="376" fileid="142" />
                <BranchPoint vc="0" uspid="4112" ordinal="18" offset="374" sl="188" path="0" offsetend="376" fileid="142" />
                <BranchPoint vc="0" uspid="4113" ordinal="19" offset="374" sl="188" path="1" offsetend="429" fileid="142" />
                <BranchPoint vc="0" uspid="4114" ordinal="20" offset="413" sl="191" path="0" offsetend="415" fileid="142" />
                <BranchPoint vc="0" uspid="4115" ordinal="21" offset="413" sl="191" path="1" offsetend="423" fileid="142" />
                <BranchPoint vc="0" uspid="4116" ordinal="22" offset="447" sl="194" path="0" offsetend="449" fileid="142" />
                <BranchPoint vc="0" uspid="4117" ordinal="23" offset="447" sl="194" path="1" offsetend="457" fileid="142" />
              </BranchPoints>
              <MethodPoint xsi:type="SequencePoint" vc="0" uspid="4078" ordinal="0" offset="0" sl="164" sc="13" el="164" ec="44" bec="0" bev="0" fileid="142" />
            </Method>
          </Methods>
        </Class>
        <Class>
          <Summary numSequencePoints="1" visitedSequencePoints="0" numBranchPoints="3" visitedBranchPoints="0" sequenceCoverage="0" branchCoverage="0" maxCyclomaticComplexity="2" minCyclomaticComplexity="1" maxCrapScore="6" minCrapScore="2" visitedClasses="0" numClasses="1" visitedMethods="0" numMethods="1" />
          <FullName>Xunit.TestClassCallbackHandler/&lt;&gt;c__DisplayClass12_0</FullName>
          <Methods>
            <Method visited="false" cyclomaticComplexity="1" nPathComplexity="0" sequenceCoverage="0" branchCoverage="0" crapScore="2" isConstructor="true" isStatic="false" isGetter="false" isSetter="false">
              <Summary numSequencePoints="0" visitedSequencePoints="0" numBranchPoints="0" visitedBranchPoints="0" sequenceCoverage="0" branchCoverage="0" maxCyclomaticComplexity="1" minCyclomaticComplexity="1" maxCrapScore="2" minCrapScore="2" visitedClasses="0" numClasses="0" visitedMethods="0" numMethods="0" />
              <MetadataToken>100664907</MetadataToken>
              <Name>System.Void Xunit.TestClassCallbackHandler/&lt;&gt;c__DisplayClass12_0::.ctor()</Name>
              <SequencePoints />
              <BranchPoints />
              <MethodPoint vc="0" uspid="4118" ordinal="0" offset="0" />
            </Method>
            <Method visited="false" cyclomaticComplexity="2" nPathComplexity="2" sequenceCoverage="0" branchCoverage="0" crapScore="6" isConstructor="false" isStatic="false" isGetter="false" isSetter="false">
              <Summary numSequencePoints="1" visitedSequencePoints="0" numBranchPoints="3" visitedBranchPoints="0" sequenceCoverage="0" branchCoverage="0" maxCyclomaticComplexity="2" minCyclomaticComplexity="2" maxCrapScore="6" minCrapScore="6" visitedClasses="0" numClasses="0" visitedMethods="0" numMethods="1" />
              <MetadataToken>100664908</MetadataToken>
              <Name>System.Boolean Xunit.TestClassCallbackHandler/&lt;&gt;c__DisplayClass12_0::&lt;FindTestCase&gt;b__0(Xunit.Abstractions.ITestCase)</Name>
              <FileRef uid="142" />
              <SequencePoints>
                <SequencePoint vc="0" uspid="4119" ordinal="0" offset="0" sl="49" sc="51" el="49" ec="140" bec="2" bev="0" fileid="142" />
              </SequencePoints>
              <BranchPoints>
                <BranchPoint vc="0" uspid="4120" ordinal="0" offset="32" sl="49" path="0" offsetend="34" fileid="142" />
                <BranchPoint vc="0" uspid="4121" ordinal="1" offset="32" sl="49" path="1" offsetend="62" fileid="142" />
              </BranchPoints>
              <MethodPoint xsi:type="SequencePoint" vc="0" uspid="4119" ordinal="0" offset="0" sl="49" sc="51" el="49" ec="140" bec="2" bev="0" fileid="142" />
            </Method>
          </Methods>
        </Class>
        <Class>
          <Summary numSequencePoints="1" visitedSequencePoints="0" numBranchPoints="3" visitedBranchPoints="0" sequenceCoverage="0" branchCoverage="0" maxCyclomaticComplexity="2" minCyclomaticComplexity="1" maxCrapScore="6" minCrapScore="2" visitedClasses="0" numClasses="1" visitedMethods="0" numMethods="1" />
          <FullName>Xunit.TestClassCallbackHandler/&lt;&gt;c__DisplayClass17_0</FullName>
          <Methods>
            <Method visited="false" cyclomaticComplexity="1" nPathComplexity="0" sequenceCoverage="0" branchCoverage="0" crapScore="2" isConstructor="true" isStatic="false" isGetter="false" isSetter="false">
              <Summary numSequencePoints="0" visitedSequencePoints="0" numBranchPoints="0" visitedBranchPoints="0" sequenceCoverage="0" branchCoverage="0" maxCyclomaticComplexity="1" minCyclomaticComplexity="1" maxCrapScore="2" minCrapScore="2" visitedClasses="0" numClasses="0" visitedMethods="0" numMethods="0" />
              <MetadataToken>100664909</MetadataToken>
              <Name>System.Void Xunit.TestClassCallbackHandler/&lt;&gt;c__DisplayClass17_0::.ctor()</Name>
              <SequencePoints />
              <BranchPoints />
              <MethodPoint vc="0" uspid="4122" ordinal="0" offset="0" />
            </Method>
            <Method visited="false" cyclomaticComplexity="2" nPathComplexity="2" sequenceCoverage="0" branchCoverage="0" crapScore="6" isConstructor="false" isStatic="false" isGetter="false" isSetter="false">
              <Summary numSequencePoints="1" visitedSequencePoints="0" numBranchPoints="3" visitedBranchPoints="0" sequenceCoverage="0" branchCoverage="0" maxCyclomaticComplexity="2" minCyclomaticComplexity="2" maxCrapScore="6" minCrapScore="6" visitedClasses="0" numClasses="0" visitedMethods="0" numMethods="1" />
              <MetadataToken>100664910</MetadataToken>
              <Name>System.Boolean Xunit.TestClassCallbackHandler/&lt;&gt;c__DisplayClass17_0::&lt;GetTestMethodTestCases&gt;b__0(Xunit.Abstractions.ITestCase)</Name>
              <FileRef uid="142" />
              <SequencePoints>
                <SequencePoint vc="0" uspid="4123" ordinal="0" offset="0" sl="157" sc="42" el="158" ec="111" bec="2" bev="0" fileid="142" />
              </SequencePoints>
              <BranchPoints>
                <BranchPoint vc="0" uspid="4124" ordinal="0" offset="37" sl="157" path="0" offsetend="39" fileid="142" />
                <BranchPoint vc="0" uspid="4125" ordinal="1" offset="37" sl="157" path="1" offsetend="87" fileid="142" />
              </BranchPoints>
              <MethodPoint xsi:type="SequencePoint" vc="0" uspid="4123" ordinal="0" offset="0" sl="157" sc="42" el="158" ec="111" bec="2" bev="0" fileid="142" />
            </Method>
          </Methods>
        </Class>
        <Class>
          <Summary numSequencePoints="22" visitedSequencePoints="0" numBranchPoints="16" visitedBranchPoints="0" sequenceCoverage="0" branchCoverage="0" maxCyclomaticComplexity="4" minCyclomaticComplexity="1" maxCrapScore="20" minCrapScore="2" visitedClasses="0" numClasses="1" visitedMethods="0" numMethods="8" />
          <FullName>Xunit.XmlNodeCallbackHandler</FullName>
          <Methods>
            <Method visited="false" cyclomaticComplexity="1" nPathComplexity="0" sequenceCoverage="0" branchCoverage="0" crapScore="2" isConstructor="false" isStatic="false" isGetter="true" isSetter="false">
              <Summary numSequencePoints="1" visitedSequencePoints="0" numBranchPoints="1" visitedBranchPoints="0" sequenceCoverage="0" branchCoverage="0" maxCyclomaticComplexity="1" minCyclomaticComplexity="1" maxCrapScore="2" minCrapScore="2" visitedClasses="0" numClasses="0" visitedMethods="0" numMethods="1" />
              <MetadataToken>100663750</MetadataToken>
              <Name>System.Xml.XmlNode Xunit.XmlNodeCallbackHandler::get_LastNode()</Name>
              <FileRef uid="145" />
              <SequencePoints>
                <SequencePoint vc="0" uspid="4126" ordinal="0" offset="0" sl="36" sc="35" el="36" ec="39" bec="0" bev="0" fileid="145" />
              </SequencePoints>
              <BranchPoints />
              <MethodPoint xsi:type="SequencePoint" vc="0" uspid="4126" ordinal="0" offset="0" sl="36" sc="35" el="36" ec="39" bec="0" bev="0" fileid="145" />
            </Method>
            <Method visited="false" cyclomaticComplexity="1" nPathComplexity="0" sequenceCoverage="0" branchCoverage="0" crapScore="2" isConstructor="false" isStatic="false" isGetter="false" isSetter="true">
              <Summary numSequencePoints="1" visitedSequencePoints="0" numBranchPoints="1" visitedBranchPoints="0" sequenceCoverage="0" branchCoverage="0" maxCyclomaticComplexity="1" minCyclomaticComplexity="1" maxCrapScore="2" minCrapScore="2" visitedClasses="0" numClasses="0" visitedMethods="0" numMethods="1" />
              <MetadataToken>100663751</MetadataToken>
              <Name>System.Void Xunit.XmlNodeCallbackHandler::set_LastNode(System.Xml.XmlNode)</Name>
              <FileRef uid="145" />
              <SequencePoints>
                <SequencePoint vc="0" uspid="4127" ordinal="0" offset="0" sl="36" sc="40" el="36" ec="54" bec="0" bev="0" fileid="145" />
              </SequencePoints>
              <BranchPoints />
              <MethodPoint xsi:type="SequencePoint" vc="0" uspid="4127" ordinal="0" offset="0" sl="36" sc="40" el="36" ec="54" bec="0" bev="0" fileid="145" />
            </Method>
            <Method visited="false" cyclomaticComplexity="1" nPathComplexity="0" sequenceCoverage="0" branchCoverage="0" crapScore="2" isConstructor="false" isStatic="false" isGetter="true" isSetter="false">
              <Summary numSequencePoints="1" visitedSequencePoints="0" numBranchPoints="1" visitedBranchPoints="0" sequenceCoverage="0" branchCoverage="0" maxCyclomaticComplexity="1" minCyclomaticComplexity="1" maxCrapScore="2" minCrapScore="2" visitedClasses="0" numClasses="0" visitedMethods="0" numMethods="1" />
              <MetadataToken>100663752</MetadataToken>
              <Name>System.Threading.ManualResetEvent Xunit.XmlNodeCallbackHandler::get_LastNodeArrived()</Name>
              <FileRef uid="145" />
              <SequencePoints>
                <SequencePoint vc="0" uspid="4128" ordinal="0" offset="0" sl="41" sc="51" el="41" ec="55" bec="0" bev="0" fileid="145" />
              </SequencePoints>
              <BranchPoints />
              <MethodPoint xsi:type="SequencePoint" vc="0" uspid="4128" ordinal="0" offset="0" sl="41" sc="51" el="41" ec="55" bec="0" bev="0" fileid="145" />
            </Method>
            <Method visited="false" cyclomaticComplexity="1" nPathComplexity="0" sequenceCoverage="0" branchCoverage="0" crapScore="2" isConstructor="false" isStatic="false" isGetter="false" isSetter="true">
              <Summary numSequencePoints="1" visitedSequencePoints="0" numBranchPoints="1" visitedBranchPoints="0" sequenceCoverage="0" branchCoverage="0" maxCyclomaticComplexity="1" minCyclomaticComplexity="1" maxCrapScore="2" minCrapScore="2" visitedClasses="0" numClasses="0" visitedMethods="0" numMethods="1" />
              <MetadataToken>100663753</MetadataToken>
              <Name>System.Void Xunit.XmlNodeCallbackHandler::set_LastNodeArrived(System.Threading.ManualResetEvent)</Name>
              <FileRef uid="145" />
              <SequencePoints>
                <SequencePoint vc="0" uspid="4129" ordinal="0" offset="0" sl="41" sc="56" el="41" ec="70" bec="0" bev="0" fileid="145" />
              </SequencePoints>
              <BranchPoints />
              <MethodPoint xsi:type="SequencePoint" vc="0" uspid="4129" ordinal="0" offset="0" sl="41" sc="56" el="41" ec="70" bec="0" bev="0" fileid="145" />
            </Method>
            <Method visited="false" cyclomaticComplexity="1" nPathComplexity="0" sequenceCoverage="0" branchCoverage="0" crapScore="2" isConstructor="true" isStatic="false" isGetter="false" isSetter="false">
              <Summary numSequencePoints="6" visitedSequencePoints="0" numBranchPoints="1" visitedBranchPoints="0" sequenceCoverage="0" branchCoverage="0" maxCyclomaticComplexity="1" minCyclomaticComplexity="1" maxCrapScore="2" minCrapScore="2" visitedClasses="0" numClasses="0" visitedMethods="0" numMethods="1" />
              <MetadataToken>100663749</MetadataToken>
              <Name>System.Void Xunit.XmlNodeCallbackHandler::.ctor(System.Predicate`1&lt;System.Xml.XmlNode&gt;,System.String)</Name>
              <FileRef uid="145" />
              <SequencePoints>
                <SequencePoint vc="0" uspid="4130" ordinal="0" offset="0" sl="17" sc="9" el="17" ec="31" bec="0" bev="0" fileid="145" />
                <SequencePoint vc="0" uspid="4131" ordinal="1" offset="7" sl="25" sc="9" el="25" ec="102" bec="0" bev="0" fileid="145" />
                <SequencePoint vc="0" uspid="4132" ordinal="2" offset="13" sl="27" sc="13" el="27" ec="38" bec="0" bev="0" fileid="145" />
                <SequencePoint vc="0" uspid="4133" ordinal="3" offset="20" sl="28" sc="13" el="28" ec="46" bec="0" bev="0" fileid="145" />
                <SequencePoint vc="0" uspid="4134" ordinal="4" offset="27" sl="30" sc="13" el="30" ec="59" bec="0" bev="0" fileid="145" />
                <SequencePoint vc="0" uspid="4135" ordinal="5" offset="39" sl="31" sc="9" el="31" ec="10" bec="0" bev="0" fileid="145" />
              </SequencePoints>
              <BranchPoints />
              <MethodPoint xsi:type="SequencePoint" vc="0" uspid="4130" ordinal="0" offset="0" sl="17" sc="9" el="17" ec="31" bec="0" bev="0" fileid="145" />
            </Method>
            <Method visited="false" cyclomaticComplexity="2" nPathComplexity="2" sequenceCoverage="0" branchCoverage="0" crapScore="6" isConstructor="false" isStatic="false" isGetter="false" isSetter="false">
              <Summary numSequencePoints="3" visitedSequencePoints="0" numBranchPoints="3" visitedBranchPoints="0" sequenceCoverage="0" branchCoverage="0" maxCyclomaticComplexity="2" minCyclomaticComplexity="2" maxCrapScore="6" minCrapScore="6" visitedClasses="0" numClasses="0" visitedMethods="0" numMethods="1" />
              <MetadataToken>100663754</MetadataToken>
              <Name>System.Boolean Xunit.XmlNodeCallbackHandler::OnXmlNode(System.Xml.XmlNode)</Name>
              <FileRef uid="145" />
              <SequencePoints>
                <SequencePoint vc="0" uspid="4136" ordinal="0" offset="0" sl="50" sc="13" el="50" ec="34" bec="2" bev="0" fileid="145" />
                <SequencePoint vc="0" uspid="4137" ordinal="1" offset="8" sl="51" sc="17" el="51" ec="39" bec="0" bev="0" fileid="145" />
                <SequencePoint vc="0" uspid="4138" ordinal="2" offset="21" sl="53" sc="13" el="53" ec="25" bec="0" bev="0" fileid="145" />
              </SequencePoints>
              <BranchPoints>
                <BranchPoint vc="0" uspid="4139" ordinal="0" offset="6" sl="50" path="0" offsetend="8" fileid="145" />
                <BranchPoint vc="0" uspid="4140" ordinal="1" offset="6" sl="50" path="1" offsetend="21" fileid="145" />
              </BranchPoints>
              <MethodPoint xsi:type="SequencePoint" vc="0" uspid="4136" ordinal="0" offset="0" sl="50" sc="13" el="50" ec="34" bec="2" bev="0" fileid="145" />
            </Method>
            <Method visited="false" cyclomaticComplexity="1" nPathComplexity="0" sequenceCoverage="0" branchCoverage="0" crapScore="2" isConstructor="false" isStatic="false" isGetter="false" isSetter="false">
              <Summary numSequencePoints="1" visitedSequencePoints="0" numBranchPoints="1" visitedBranchPoints="0" sequenceCoverage="0" branchCoverage="0" maxCyclomaticComplexity="1" minCyclomaticComplexity="1" maxCrapScore="2" minCrapScore="2" visitedClasses="0" numClasses="0" visitedMethods="0" numMethods="1" />
              <MetadataToken>100663755</MetadataToken>
              <Name>System.String Xunit.XmlNodeCallbackHandler::System.Web.UI.ICallbackEventHandler.GetCallbackResult()</Name>
              <FileRef uid="145" />
              <SequencePoints>
                <SequencePoint vc="0" uspid="4141" ordinal="0" offset="0" sl="58" sc="13" el="58" ec="41" bec="0" bev="0" fileid="145" />
              </SequencePoints>
              <BranchPoints />
              <MethodPoint xsi:type="SequencePoint" vc="0" uspid="4141" ordinal="0" offset="0" sl="58" sc="13" el="58" ec="41" bec="0" bev="0" fileid="145" />
            </Method>
            <Method visited="false" cyclomaticComplexity="4" nPathComplexity="8" sequenceCoverage="0" branchCoverage="0" crapScore="20" isConstructor="false" isStatic="false" isGetter="false" isSetter="false">
              <Summary numSequencePoints="8" visitedSequencePoints="0" numBranchPoints="7" visitedBranchPoints="0" sequenceCoverage="0" branchCoverage="0" maxCyclomaticComplexity="4" minCyclomaticComplexity="4" maxCrapScore="20" minCrapScore="20" visitedClasses="0" numClasses="0" visitedMethods="0" numMethods="1" />
              <MetadataToken>100663756</MetadataToken>
              <Name>System.Void Xunit.XmlNodeCallbackHandler::System.Web.UI.ICallbackEventHandler.RaiseCallbackEvent(System.String)</Name>
              <FileRef uid="145" />
              <SequencePoints>
                <SequencePoint vc="0" uspid="4142" ordinal="0" offset="0" sl="63" sc="13" el="63" ec="39" bec="2" bev="0" fileid="145" />
                <SequencePoint vc="0" uspid="4143" ordinal="1" offset="3" sl="66" sc="17" el="66" ec="45" bec="0" bev="0" fileid="145" />
                <SequencePoint vc="0" uspid="4144" ordinal="2" offset="9" sl="67" sc="17" el="67" ec="44" bec="0" bev="0" fileid="145" />
                <SequencePoint vc="0" uspid="4145" ordinal="3" offset="16" sl="68" sc="17" el="68" ec="46" bec="0" bev="0" fileid="145" />
                <SequencePoint vc="0" uspid="4146" ordinal="4" offset="34" sl="69" sc="17" el="69" ec="49" bec="0" bev="0" fileid="145" />
                <SequencePoint vc="0" uspid="4147" ordinal="5" offset="52" sl="71" sc="17" el="71" ec="75" bec="3" bev="0" fileid="145" />
                <SequencePoint vc="0" uspid="4148" ordinal="6" offset="84" sl="72" sc="21" el="72" ec="43" bec="0" bev="0" fileid="145" />
                <SequencePoint vc="0" uspid="4149" ordinal="7" offset="96" sl="74" sc="9" el="74" ec="10" bec="0" bev="0" fileid="145" />
              </SequencePoints>
              <BranchPoints>
                <BranchPoint vc="0" uspid="4150" ordinal="0" offset="1" sl="63" path="0" offsetend="3" fileid="145" />
                <BranchPoint vc="0" uspid="4151" ordinal="1" offset="1" sl="63" path="1" offsetend="96" fileid="145" />
                <BranchPoint vc="0" uspid="4152" ordinal="2" offset="58" sl="71" path="0" offsetend="60" fileid="145" />
                <BranchPoint vc="0" uspid="4153" ordinal="3" offset="58" sl="71" path="1" offsetend="96" fileid="145" />
                <BranchPoint vc="0" uspid="4154" ordinal="4" offset="82" sl="71" path="0" offsetend="84" fileid="145" />
                <BranchPoint vc="0" uspid="4155" ordinal="5" offset="82" sl="71" path="1" offsetend="96" fileid="145" />
              </BranchPoints>
              <MethodPoint xsi:type="SequencePoint" vc="0" uspid="4142" ordinal="0" offset="0" sl="63" sc="13" el="63" ec="39" bec="2" bev="0" fileid="145" />
            </Method>
          </Methods>
        </Class>
        <Class>
          <Summary numSequencePoints="101" visitedSequencePoints="0" numBranchPoints="52" visitedBranchPoints="0" sequenceCoverage="0" branchCoverage="0" maxCyclomaticComplexity="8" minCyclomaticComplexity="1" maxCrapScore="72" minCrapScore="2" visitedClasses="0" numClasses="1" visitedMethods="0" numMethods="20" />
          <FullName>Xunit.Xunit1</FullName>
          <Methods>
            <Method visited="false" cyclomaticComplexity="1" nPathComplexity="0" sequenceCoverage="0" branchCoverage="0" crapScore="2" isConstructor="false" isStatic="false" isGetter="true" isSetter="false">
              <Summary numSequencePoints="1" visitedSequencePoints="0" numBranchPoints="1" visitedBranchPoints="0" sequenceCoverage="0" branchCoverage="0" maxCyclomaticComplexity="1" minCyclomaticComplexity="1" maxCrapScore="2" minCrapScore="2" visitedClasses="0" numClasses="0" visitedMethods="0" numMethods="1" />
              <MetadataToken>100663758</MetadataToken>
              <Name>System.Boolean Xunit.Xunit1::get_CanUseAppDomains()</Name>
              <FileRef uid="146" />
              <SequencePoints>
                <SequencePoint vc="0" uspid="4156" ordinal="0" offset="0" sl="57" sc="16" el="57" ec="20" bec="0" bev="0" fileid="146" />
              </SequencePoints>
              <BranchPoints />
              <MethodPoint xsi:type="SequencePoint" vc="0" uspid="4156" ordinal="0" offset="0" sl="57" sc="16" el="57" ec="20" bec="0" bev="0" fileid="146" />
            </Method>
            <Method visited="false" cyclomaticComplexity="1" nPathComplexity="0" sequenceCoverage="0" branchCoverage="0" crapScore="2" isConstructor="false" isStatic="false" isGetter="true" isSetter="false">
              <Summary numSequencePoints="1" visitedSequencePoints="0" numBranchPoints="1" visitedBranchPoints="0" sequenceCoverage="0" branchCoverage="0" maxCyclomaticComplexity="1" minCyclomaticComplexity="1" maxCrapScore="2" minCrapScore="2" visitedClasses="0" numClasses="0" visitedMethods="0" numMethods="1" />
              <MetadataToken>100663759</MetadataToken>
              <Name>System.String Xunit.Xunit1::get_TargetFramework()</Name>
              <FileRef uid="146" />
              <SequencePoints>
                <SequencePoint vc="0" uspid="4157" ordinal="0" offset="0" sl="64" sc="19" el="64" ec="39" bec="0" bev="0" fileid="146" />
              </SequencePoints>
              <BranchPoints />
              <MethodPoint xsi:type="SequencePoint" vc="0" uspid="4157" ordinal="0" offset="0" sl="64" sc="19" el="64" ec="39" bec="0" bev="0" fileid="146" />
            </Method>
            <Method visited="false" cyclomaticComplexity="1" nPathComplexity="0" sequenceCoverage="0" branchCoverage="0" crapScore="2" isConstructor="false" isStatic="false" isGetter="true" isSetter="false">
              <Summary numSequencePoints="2" visitedSequencePoints="0" numBranchPoints="1" visitedBranchPoints="0" sequenceCoverage="0" branchCoverage="0" maxCyclomaticComplexity="1" minCyclomaticComplexity="1" maxCrapScore="2" minCrapScore="2" visitedClasses="0" numClasses="0" visitedMethods="0" numMethods="1" />
              <MetadataToken>100663760</MetadataToken>
              <Name>System.String Xunit.Xunit1::get_TestFrameworkDisplayName()</Name>
              <FileRef uid="146" />
              <SequencePoints>
                <SequencePoint vc="0" uspid="4158" ordinal="0" offset="0" sl="72" sc="17" el="72" ec="37" bec="0" bev="0" fileid="146" />
                <SequencePoint vc="0" uspid="4159" ordinal="1" offset="6" sl="73" sc="17" el="73" ec="58" bec="0" bev="0" fileid="146" />
              </SequencePoints>
              <BranchPoints />
              <MethodPoint xsi:type="SequencePoint" vc="0" uspid="4158" ordinal="0" offset="0" sl="72" sc="17" el="72" ec="37" bec="0" bev="0" fileid="146" />
            </Method>
            <Method visited="false" cyclomaticComplexity="1" nPathComplexity="0" sequenceCoverage="0" branchCoverage="0" crapScore="2" isConstructor="true" isStatic="false" isGetter="false" isSetter="false">
              <Summary numSequencePoints="9" visitedSequencePoints="0" numBranchPoints="1" visitedBranchPoints="0" sequenceCoverage="0" branchCoverage="0" maxCyclomaticComplexity="1" minCyclomaticComplexity="1" maxCrapScore="2" minCrapScore="2" visitedClasses="0" numClasses="0" visitedMethods="0" numMethods="1" />
              <MetadataToken>100663757</MetadataToken>
              <Name>System.Void Xunit.Xunit1::.ctor(Xunit.AppDomainSupport,Xunit.Abstractions.ISourceInformationProvider,System.String,System.String,System.Boolean,System.String)</Name>
              <FileRef uid="146" />
              <SequencePoints>
                <SequencePoint vc="0" uspid="4160" ordinal="0" offset="0" sl="27" sc="9" el="27" ec="74" bec="0" bev="0" fileid="146" />
                <SequencePoint vc="0" uspid="4161" ordinal="1" offset="11" sl="40" sc="9" el="45" ec="54" bec="0" bev="0" fileid="146" />
                <SequencePoint vc="0" uspid="4162" ordinal="2" offset="17" sl="47" sc="13" el="47" ec="54" bec="0" bev="0" fileid="146" />
                <SequencePoint vc="0" uspid="4163" ordinal="3" offset="24" sl="48" sc="13" el="48" ec="72" bec="0" bev="0" fileid="146" />
                <SequencePoint vc="0" uspid="4164" ordinal="4" offset="31" sl="49" sc="13" el="49" ec="54" bec="0" bev="0" fileid="146" />
                <SequencePoint vc="0" uspid="4165" ordinal="5" offset="38" sl="50" sc="13" el="50" ec="50" bec="0" bev="0" fileid="146" />
                <SequencePoint vc="0" uspid="4166" ordinal="6" offset="46" sl="51" sc="13" el="51" ec="42" bec="0" bev="0" fileid="146" />
                <SequencePoint vc="0" uspid="4167" ordinal="7" offset="54" sl="52" sc="13" el="52" ec="54" bec="0" bev="0" fileid="146" />
                <SequencePoint vc="0" uspid="4168" ordinal="8" offset="62" sl="53" sc="9" el="53" ec="10" bec="0" bev="0" fileid="146" />
              </SequencePoints>
              <BranchPoints />
              <MethodPoint xsi:type="SequencePoint" vc="0" uspid="4160" ordinal="0" offset="0" sl="27" sc="9" el="27" ec="74" bec="0" bev="0" fileid="146" />
            </Method>
            <Method visited="false" cyclomaticComplexity="1" nPathComplexity="0" sequenceCoverage="0" branchCoverage="0" crapScore="2" isConstructor="false" isStatic="false" isGetter="false" isSetter="false">
              <Summary numSequencePoints="1" visitedSequencePoints="0" numBranchPoints="1" visitedBranchPoints="0" sequenceCoverage="0" branchCoverage="0" maxCyclomaticComplexity="1" minCyclomaticComplexity="1" maxCrapScore="2" minCrapScore="2" visitedClasses="0" numClasses="0" visitedMethods="0" numMethods="1" />
              <MetadataToken>100663761</MetadataToken>
              <Name>Xunit.IXunit1Executor Xunit.Xunit1::CreateExecutor()</Name>
              <FileRef uid="146" />
              <SequencePoints>
                <SequencePoint vc="0" uspid="4169" ordinal="0" offset="0" sl="82" sc="16" el="82" ec="143" bec="0" bev="0" fileid="146" />
              </SequencePoints>
              <BranchPoints />
              <MethodPoint xsi:type="SequencePoint" vc="0" uspid="4169" ordinal="0" offset="0" sl="82" sc="16" el="82" ec="143" bec="0" bev="0" fileid="146" />
            </Method>
            <Method visited="false" cyclomaticComplexity="1" nPathComplexity="0" sequenceCoverage="0" branchCoverage="0" crapScore="2" isConstructor="false" isStatic="false" isGetter="false" isSetter="false">
              <Summary numSequencePoints="1" visitedSequencePoints="0" numBranchPoints="1" visitedBranchPoints="0" sequenceCoverage="0" branchCoverage="0" maxCyclomaticComplexity="1" minCyclomaticComplexity="1" maxCrapScore="2" minCrapScore="2" visitedClasses="0" numClasses="0" visitedMethods="0" numMethods="1" />
              <MetadataToken>100663762</MetadataToken>
              <Name>Xunit.Abstractions.ITestCase Xunit.Xunit1::Deserialize(System.String)</Name>
              <FileRef uid="146" />
              <SequencePoints>
                <SequencePoint vc="0" uspid="4170" ordinal="0" offset="0" sl="87" sc="13" el="87" ec="70" bec="0" bev="0" fileid="146" />
              </SequencePoints>
              <BranchPoints />
              <MethodPoint xsi:type="SequencePoint" vc="0" uspid="4170" ordinal="0" offset="0" sl="87" sc="13" el="87" ec="70" bec="0" bev="0" fileid="146" />
            </Method>
            <Method visited="false" cyclomaticComplexity="2" nPathComplexity="0" sequenceCoverage="0" branchCoverage="0" crapScore="6" isConstructor="false" isStatic="false" isGetter="false" isSetter="false">
              <Summary numSequencePoints="6" visitedSequencePoints="0" numBranchPoints="1" visitedBranchPoints="0" sequenceCoverage="0" branchCoverage="0" maxCyclomaticComplexity="2" minCyclomaticComplexity="2" maxCrapScore="6" minCrapScore="6" visitedClasses="0" numClasses="0" visitedMethods="0" numMethods="1" />
              <MetadataToken>100663763</MetadataToken>
              <Name>System.Void Xunit.Xunit1::Dispose()</Name>
              <FileRef uid="146" />
              <SequencePoints>
                <SequencePoint vc="0" uspid="4171" ordinal="0" offset="0" sl="93" sc="40" el="93" ec="49" bec="0" bev="0" fileid="146" />
                <SequencePoint vc="0" uspid="4172" ordinal="1" offset="14" sl="93" sc="22" el="93" ec="36" bec="0" bev="0" fileid="146" />
                <SequencePoint vc="0" uspid="4173" ordinal="2" offset="21" sl="94" sc="17" el="94" ec="38" bec="0" bev="0" fileid="146" />
                <SequencePoint vc="0" uspid="4174" ordinal="3" offset="26" sl="93" sc="37" el="93" ec="39" bec="0" bev="0" fileid="146" />
                <SequencePoint vc="0" uspid="4175" ordinal="4" offset="51" sl="96" sc="13" el="96" ec="36" bec="0" bev="0" fileid="146" />
                <SequencePoint vc="0" uspid="4176" ordinal="5" offset="62" sl="97" sc="9" el="97" ec="10" bec="0" bev="0" fileid="146" />
              </SequencePoints>
              <BranchPoints />
              <MethodPoint xsi:type="SequencePoint" vc="0" uspid="4171" ordinal="0" offset="0" sl="93" sc="40" el="93" ec="49" bec="0" bev="0" fileid="146" />
            </Method>
            <Method visited="false" cyclomaticComplexity="3" nPathComplexity="2" sequenceCoverage="0" branchCoverage="0" crapScore="12" isConstructor="false" isStatic="false" isGetter="false" isSetter="false">
              <Summary numSequencePoints="4" visitedSequencePoints="0" numBranchPoints="3" visitedBranchPoints="0" sequenceCoverage="0" branchCoverage="0" maxCyclomaticComplexity="3" minCyclomaticComplexity="3" maxCrapScore="12" minCrapScore="12" visitedClasses="0" numClasses="0" visitedMethods="0" numMethods="1" />
              <MetadataToken>100663764</MetadataToken>
              <Name>System.Void Xunit.Xunit1::EnsureInitialized()</Name>
              <FileRef uid="146" />
              <SequencePoints>
                <SequencePoint vc="0" uspid="4179" ordinal="0" offset="0" sl="101" sc="13" el="101" ec="29" bec="0" bev="0" fileid="146" />
                <SequencePoint vc="0" uspid="4180" ordinal="1" offset="17" sl="102" sc="17" el="102" ec="38" bec="2" bev="0" fileid="146" />
                <SequencePoint vc="0" uspid="4181" ordinal="2" offset="25" sl="103" sc="21" el="103" ec="49" bec="0" bev="0" fileid="146" />
                <SequencePoint vc="0" uspid="4182" ordinal="3" offset="49" sl="104" sc="9" el="104" ec="10" bec="0" bev="0" fileid="146" />
              </SequencePoints>
              <BranchPoints>
                <BranchPoint vc="0" uspid="4183" ordinal="0" offset="23" sl="102" path="0" offsetend="25" fileid="146" />
                <BranchPoint vc="0" uspid="4184" ordinal="1" offset="23" sl="102" path="1" offsetend="37" fileid="146" />
              </BranchPoints>
              <MethodPoint xsi:type="SequencePoint" vc="0" uspid="4179" ordinal="0" offset="0" sl="101" sc="13" el="101" ec="29" bec="0" bev="0" fileid="146" />
            </Method>
            <Method visited="false" cyclomaticComplexity="2" nPathComplexity="2" sequenceCoverage="0" branchCoverage="0" crapScore="6" isConstructor="false" isStatic="false" isGetter="false" isSetter="false">
              <Summary numSequencePoints="2" visitedSequencePoints="0" numBranchPoints="3" visitedBranchPoints="0" sequenceCoverage="0" branchCoverage="0" maxCyclomaticComplexity="2" minCyclomaticComplexity="2" maxCrapScore="6" minCrapScore="6" visitedClasses="0" numClasses="0" visitedMethods="0" numMethods="1" />
              <MetadataToken>100663765</MetadataToken>
              <Name>System.Void Xunit.Xunit1::Find(System.Boolean,Xunit.Abstractions.IMessageSink)</Name>
              <FileRef uid="146" />
              <SequencePoints>
                <SequencePoint vc="0" uspid="4185" ordinal="0" offset="0" sl="113" sc="13" el="113" ec="70" bec="2" bev="0" fileid="146" />
                <SequencePoint vc="0" uspid="4186" ordinal="1" offset="39" sl="114" sc="9" el="114" ec="10" bec="0" bev="0" fileid="146" />
              </SequencePoints>
              <BranchPoints>
                <BranchPoint vc="0" uspid="4187" ordinal="0" offset="7" sl="113" path="0" offsetend="9" fileid="146" />
                <BranchPoint vc="0" uspid="4188" ordinal="1" offset="7" sl="113" path="1" offsetend="32" fileid="146" />
              </BranchPoints>
              <MethodPoint xsi:type="SequencePoint" vc="0" uspid="4185" ordinal="0" offset="0" sl="113" sc="13" el="113" ec="70" bec="2" bev="0" fileid="146" />
            </Method>
            <Method visited="false" cyclomaticComplexity="2" nPathComplexity="2" sequenceCoverage="0" branchCoverage="0" crapScore="6" isConstructor="false" isStatic="false" isGetter="false" isSetter="false">
              <Summary numSequencePoints="2" visitedSequencePoints="0" numBranchPoints="3" visitedBranchPoints="0" sequenceCoverage="0" branchCoverage="0" maxCyclomaticComplexity="2" minCyclomaticComplexity="2" maxCrapScore="6" minCrapScore="6" visitedClasses="0" numClasses="0" visitedMethods="0" numMethods="1" />
              <MetadataToken>100663766</MetadataToken>
              <Name>System.Void Xunit.Xunit1::Xunit.Abstractions.ITestFrameworkDiscoverer.Find(System.Boolean,Xunit.Abstractions.IMessageSink,Xunit.Abstractions.ITestFrameworkDiscoveryOptions)</Name>
              <FileRef uid="146" />
              <SequencePoints>
                <SequencePoint vc="0" uspid="4189" ordinal="0" offset="0" sl="119" sc="13" el="119" ec="70" bec="2" bev="0" fileid="146" />
                <SequencePoint vc="0" uspid="4190" ordinal="1" offset="39" sl="120" sc="9" el="120" ec="10" bec="0" bev="0" fileid="146" />
              </SequencePoints>
              <BranchPoints>
                <BranchPoint vc="0" uspid="4191" ordinal="0" offset="7" sl="119" path="0" offsetend="9" fileid="146" />
                <BranchPoint vc="0" uspid="4192" ordinal="1" offset="7" sl="119" path="1" offsetend="32" fileid="146" />
              </BranchPoints>
              <MethodPoint xsi:type="SequencePoint" vc="0" uspid="4189" ordinal="0" offset="0" sl="119" sc="13" el="119" ec="70" bec="2" bev="0" fileid="146" />
            </Method>
            <Method visited="false" cyclomaticComplexity="1" nPathComplexity="0" sequenceCoverage="0" branchCoverage="0" crapScore="2" isConstructor="false" isStatic="false" isGetter="false" isSetter="false">
              <Summary numSequencePoints="2" visitedSequencePoints="0" numBranchPoints="1" visitedBranchPoints="0" sequenceCoverage="0" branchCoverage="0" maxCyclomaticComplexity="1" minCyclomaticComplexity="1" maxCrapScore="2" minCrapScore="2" visitedClasses="0" numClasses="0" visitedMethods="0" numMethods="1" />
              <MetadataToken>100663767</MetadataToken>
              <Name>System.Void Xunit.Xunit1::Find(System.String,System.Boolean,Xunit.Abstractions.IMessageSink)</Name>
              <FileRef uid="146" />
              <SequencePoints>
                <SequencePoint vc="0" uspid="4193" ordinal="0" offset="13" sl="130" sc="13" el="130" ec="122" bec="0" bev="0" fileid="146" />
                <SequencePoint vc="0" uspid="4194" ordinal="1" offset="33" sl="131" sc="9" el="131" ec="10" bec="0" bev="0" fileid="146" />
              </SequencePoints>
              <BranchPoints />
              <MethodPoint vc="0" uspid="4195" ordinal="0" offset="0" />
            </Method>
            <Method visited="false" cyclomaticComplexity="1" nPathComplexity="0" sequenceCoverage="0" branchCoverage="0" crapScore="2" isConstructor="false" isStatic="false" isGetter="false" isSetter="false">
              <Summary numSequencePoints="2" visitedSequencePoints="0" numBranchPoints="1" visitedBranchPoints="0" sequenceCoverage="0" branchCoverage="0" maxCyclomaticComplexity="1" minCyclomaticComplexity="1" maxCrapScore="2" minCrapScore="2" visitedClasses="0" numClasses="0" visitedMethods="0" numMethods="1" />
              <MetadataToken>100663768</MetadataToken>
              <Name>System.Void Xunit.Xunit1::Xunit.Abstractions.ITestFrameworkDiscoverer.Find(System.String,System.Boolean,Xunit.Abstractions.IMessageSink,Xunit.Abstractions.ITestFrameworkDiscoveryOptions)</Name>
              <FileRef uid="146" />
              <SequencePoints>
                <SequencePoint vc="0" uspid="4196" ordinal="0" offset="13" sl="136" sc="13" el="136" ec="122" bec="0" bev="0" fileid="146" />
                <SequencePoint vc="0" uspid="4197" ordinal="1" offset="33" sl="137" sc="9" el="137" ec="10" bec="0" bev="0" fileid="146" />
              </SequencePoints>
              <BranchPoints />
              <MethodPoint vc="0" uspid="4198" ordinal="0" offset="0" />
            </Method>
            <Method visited="false" cyclomaticComplexity="6" nPathComplexity="8" sequenceCoverage="0" branchCoverage="0" crapScore="42" isConstructor="false" isStatic="false" isGetter="false" isSetter="false">
              <Summary numSequencePoints="17" visitedSequencePoints="0" numBranchPoints="7" visitedBranchPoints="0" sequenceCoverage="0" branchCoverage="0" maxCyclomaticComplexity="6" minCyclomaticComplexity="6" maxCrapScore="42" minCrapScore="42" visitedClasses="0" numClasses="0" visitedMethods="0" numMethods="1" />
              <MetadataToken>100663769</MetadataToken>
              <Name>System.Void Xunit.Xunit1::Find(System.Predicate`1&lt;Xunit.Abstractions.ITestCaseDiscoveryMessage&gt;,System.Boolean,Xunit.Abstractions.IMessageSink)</Name>
              <FileRef uid="146" />
              <SequencePoints>
                <SequencePoint vc="0" uspid="4199" ordinal="0" offset="0" sl="141" sc="13" el="141" ec="33" bec="0" bev="0" fileid="146" />
                <SequencePoint vc="0" uspid="4200" ordinal="1" offset="11" sl="145" sc="17" el="145" ec="44" bec="0" bev="0" fileid="146" />
                <SequencePoint vc="0" uspid="4201" ordinal="2" offset="18" sl="147" sc="17" el="147" ec="102" bec="0" bev="0" fileid="146" />
                <SequencePoint vc="0" uspid="4202" ordinal="3" offset="37" sl="148" sc="17" el="148" ec="50" bec="0" bev="0" fileid="146" />
                <SequencePoint vc="0" uspid="4203" ordinal="4" offset="49" sl="150" sc="44" el="150" ec="79" bec="0" bev="0" fileid="146" />
                <SequencePoint vc="0" uspid="4204" ordinal="5" offset="72" sl="150" sc="26" el="150" ec="40" bec="0" bev="0" fileid="146" />
                <SequencePoint vc="0" uspid="4205" ordinal="6" offset="83" sl="152" sc="21" el="152" ec="88" bec="0" bev="0" fileid="146" />
                <SequencePoint vc="0" uspid="4206" ordinal="7" offset="101" sl="153" sc="21" el="153" ec="42" bec="2" bev="0" fileid="146" />
                <SequencePoint vc="0" uspid="4207" ordinal="8" offset="104" sl="155" sc="25" el="155" ec="54" bec="2" bev="0" fileid="146" />
                <SequencePoint vc="0" uspid="4208" ordinal="9" offset="107" sl="156" sc="29" el="156" ec="115" bec="0" bev="0" fileid="146" />
                <SequencePoint vc="0" uspid="4209" ordinal="10" offset="125" sl="158" sc="25" el="158" ec="78" bec="0" bev="0" fileid="146" />
                <SequencePoint vc="0" uspid="4210" ordinal="11" offset="132" sl="159" sc="25" el="159" ec="45" bec="2" bev="0" fileid="146" />
                <SequencePoint vc="0" uspid="4211" ordinal="12" offset="141" sl="160" sc="29" el="160" ec="60" bec="0" bev="0" fileid="146" />
                <SequencePoint vc="0" uspid="4212" ordinal="13" offset="149" sl="150" sc="41" el="150" ec="43" bec="0" bev="0" fileid="146" />
                <SequencePoint vc="0" uspid="4213" ordinal="14" offset="179" sl="166" sc="17" el="166" ec="71" bec="0" bev="0" fileid="146" />
                <SequencePoint vc="0" uspid="4214" ordinal="15" offset="191" sl="167" sc="13" el="167" ec="14" bec="0" bev="0" fileid="146" />
                <SequencePoint vc="0" uspid="4215" ordinal="16" offset="192" sl="168" sc="9" el="168" ec="10" bec="0" bev="0" fileid="146" />
              </SequencePoints>
              <BranchPoints>
                <BranchPoint vc="0" uspid="4216" ordinal="0" offset="102" sl="153" path="0" offsetend="104" fileid="146" />
                <BranchPoint vc="0" uspid="4217" ordinal="1" offset="102" sl="153" path="1" offsetend="149" fileid="146" />
                <BranchPoint vc="0" uspid="4218" ordinal="2" offset="105" sl="155" path="0" offsetend="107" fileid="146" />
                <BranchPoint vc="0" uspid="4219" ordinal="3" offset="105" sl="155" path="1" offsetend="125" fileid="146" />
                <BranchPoint vc="0" uspid="4220" ordinal="4" offset="139" sl="159" path="0" offsetend="141" fileid="146" />
                <BranchPoint vc="0" uspid="4221" ordinal="5" offset="139" sl="159" path="1" offsetend="149" fileid="146" />
              </BranchPoints>
              <MethodPoint xsi:type="SequencePoint" vc="0" uspid="4199" ordinal="0" offset="0" sl="141" sc="13" el="141" ec="33" bec="0" bev="0" fileid="146" />
            </Method>
            <Method visited="false" cyclomaticComplexity="1" nPathComplexity="0" sequenceCoverage="0" branchCoverage="0" crapScore="2" isConstructor="false" isStatic="false" isGetter="false" isSetter="false">
              <Summary numSequencePoints="6" visitedSequencePoints="0" numBranchPoints="1" visitedBranchPoints="0" sequenceCoverage="0" branchCoverage="0" maxCyclomaticComplexity="1" minCyclomaticComplexity="1" maxCrapScore="2" minCrapScore="2" visitedClasses="0" numClasses="0" visitedMethods="0" numMethods="1" />
              <MetadataToken>100663770</MetadataToken>
              <Name>System.Void Xunit.Xunit1::Run(Xunit.Abstractions.IMessageSink)</Name>
              <FileRef uid="146" />
              <SequencePoints>
                <SequencePoint vc="0" uspid="4224" ordinal="0" offset="0" sl="176" sc="13" el="176" ec="57" bec="0" bev="0" fileid="146" />
                <SequencePoint vc="0" uspid="4225" ordinal="1" offset="7" sl="177" sc="13" el="177" ec="43" bec="0" bev="0" fileid="146" />
                <SequencePoint vc="0" uspid="4226" ordinal="2" offset="19" sl="179" sc="13" el="179" ec="40" bec="0" bev="0" fileid="146" />
                <SequencePoint vc="0" uspid="4227" ordinal="3" offset="27" sl="180" sc="13" el="180" ec="46" bec="0" bev="0" fileid="146" />
                <SequencePoint vc="0" uspid="4228" ordinal="4" offset="39" sl="182" sc="13" el="182" ec="55" bec="0" bev="0" fileid="146" />
                <SequencePoint vc="0" uspid="4229" ordinal="5" offset="52" sl="183" sc="9" el="183" ec="10" bec="0" bev="0" fileid="146" />
              </SequencePoints>
              <BranchPoints />
              <MethodPoint xsi:type="SequencePoint" vc="0" uspid="4224" ordinal="0" offset="0" sl="176" sc="13" el="176" ec="57" bec="0" bev="0" fileid="146" />
            </Method>
            <Method visited="false" cyclomaticComplexity="1" nPathComplexity="0" sequenceCoverage="0" branchCoverage="0" crapScore="2" isConstructor="false" isStatic="false" isGetter="false" isSetter="false">
              <Summary numSequencePoints="2" visitedSequencePoints="0" numBranchPoints="1" visitedBranchPoints="0" sequenceCoverage="0" branchCoverage="0" maxCyclomaticComplexity="1" minCyclomaticComplexity="1" maxCrapScore="2" minCrapScore="2" visitedClasses="0" numClasses="0" visitedMethods="0" numMethods="1" />
              <MetadataToken>100663771</MetadataToken>
              <Name>System.Void Xunit.Xunit1::Xunit.Abstractions.ITestFrameworkExecutor.RunAll(Xunit.Abstractions.IMessageSink,Xunit.Abstractions.ITestFrameworkDiscoveryOptions,Xunit.Abstractions.ITestFrameworkExecutionOptions)</Name>
              <FileRef uid="146" />
              <SequencePoints>
                <SequencePoint vc="0" uspid="4230" ordinal="0" offset="0" sl="187" sc="13" el="187" ec="30" bec="0" bev="0" fileid="146" />
                <SequencePoint vc="0" uspid="4231" ordinal="1" offset="7" sl="188" sc="9" el="188" ec="10" bec="0" bev="0" fileid="146" />
              </SequencePoints>
              <BranchPoints />
              <MethodPoint xsi:type="SequencePoint" vc="0" uspid="4230" ordinal="0" offset="0" sl="187" sc="13" el="187" ec="30" bec="0" bev="0" fileid="146" />
            </Method>
            <Method visited="false" cyclomaticComplexity="4" nPathComplexity="8" sequenceCoverage="0" branchCoverage="0" crapScore="20" isConstructor="false" isStatic="false" isGetter="false" isSetter="false">
              <Summary numSequencePoints="15" visitedSequencePoints="0" numBranchPoints="7" visitedBranchPoints="0" sequenceCoverage="0" branchCoverage="0" maxCyclomaticComplexity="4" minCyclomaticComplexity="4" maxCrapScore="20" minCrapScore="20" visitedClasses="0" numClasses="0" visitedMethods="0" numMethods="1" />
              <MetadataToken>100663772</MetadataToken>
              <Name>System.Void Xunit.Xunit1::Run(System.Collections.Generic.IEnumerable`1&lt;Xunit.Abstractions.ITestCase&gt;,Xunit.Abstractions.IMessageSink)</Name>
              <FileRef uid="146" />
              <SequencePoints>
                <SequencePoint vc="0" uspid="4232" ordinal="0" offset="0" sl="197" sc="13" el="197" ec="33" bec="0" bev="0" fileid="146" />
                <SequencePoint vc="0" uspid="4233" ordinal="1" offset="6" sl="199" sc="13" el="199" ec="50" bec="0" bev="0" fileid="146" />
                <SequencePoint vc="0" uspid="4234" ordinal="2" offset="12" sl="200" sc="13" el="200" ec="83" bec="0" bev="0" fileid="146" />
                <SequencePoint vc="0" uspid="4235" ordinal="3" offset="40" sl="201" sc="13" el="201" ec="60" bec="0" bev="0" fileid="146" />
                <SequencePoint vc="0" uspid="4236" ordinal="4" offset="47" sl="202" sc="13" el="202" ec="115" bec="2" bev="0" fileid="146" />
                <SequencePoint vc="0" uspid="4237" ordinal="5" offset="70" sl="204" sc="13" el="204" ec="40" bec="2" bev="0" fileid="146" />
                <SequencePoint vc="0" uspid="4238" ordinal="6" offset="76" sl="208" sc="21" el="208" ec="166" bec="2" bev="0" fileid="146" />
                <SequencePoint vc="0" uspid="4239" ordinal="7" offset="108" sl="209" sc="25" el="209" ec="93" bec="0" bev="0" fileid="146" />
                <SequencePoint vc="0" uspid="4240" ordinal="8" offset="118" sl="210" sc="17" el="210" ec="18" bec="0" bev="0" fileid="146" />
                <SequencePoint vc="0" uspid="4241" ordinal="9" offset="120" sl="213" sc="21" el="213" ec="101" bec="0" bev="0" fileid="146" />
                <SequencePoint vc="0" uspid="4242" ordinal="10" offset="127" sl="215" sc="21" el="217" ec="69" bec="0" bev="0" fileid="146" />
                <SequencePoint vc="0" uspid="4243" ordinal="11" offset="168" sl="218" sc="17" el="218" ec="18" bec="0" bev="0" fileid="146" />
                <SequencePoint vc="0" uspid="4244" ordinal="12" offset="170" sl="221" sc="21" el="221" ec="171" bec="0" bev="0" fileid="146" />
                <SequencePoint vc="0" uspid="4245" ordinal="13" offset="213" sl="222" sc="17" el="222" ec="18" bec="0" bev="0" fileid="146" />
                <SequencePoint vc="0" uspid="4246" ordinal="14" offset="214" sl="224" sc="9" el="224" ec="10" bec="0" bev="0" fileid="146" />
              </SequencePoints>
              <BranchPoints>
                <BranchPoint vc="0" uspid="4247" ordinal="0" offset="48" sl="202" path="0" offsetend="50" fileid="146" />
                <BranchPoint vc="0" uspid="4248" ordinal="1" offset="48" sl="202" path="1" offsetend="68" fileid="146" />
                <BranchPoint vc="0" uspid="4249" ordinal="2" offset="71" sl="204" path="0" offsetend="76" fileid="146" />
                <BranchPoint vc="0" uspid="4250" ordinal="3" offset="71" sl="204" path="1" offsetend="214" fileid="146" />
                <BranchPoint vc="0" uspid="4251" ordinal="4" offset="106" sl="208" path="0" offsetend="108" fileid="146" />
                <BranchPoint vc="0" uspid="4252" ordinal="5" offset="106" sl="208" path="1" offsetend="118" fileid="146" />
              </BranchPoints>
              <MethodPoint xsi:type="SequencePoint" vc="0" uspid="4232" ordinal="0" offset="0" sl="197" sc="13" el="197" ec="33" bec="0" bev="0" fileid="146" />
            </Method>
            <Method visited="false" cyclomaticComplexity="1" nPathComplexity="0" sequenceCoverage="0" branchCoverage="0" crapScore="2" isConstructor="false" isStatic="false" isGetter="false" isSetter="false">
              <Summary numSequencePoints="2" visitedSequencePoints="0" numBranchPoints="1" visitedBranchPoints="0" sequenceCoverage="0" branchCoverage="0" maxCyclomaticComplexity="1" minCyclomaticComplexity="1" maxCrapScore="2" minCrapScore="2" visitedClasses="0" numClasses="0" visitedMethods="0" numMethods="1" />
              <MetadataToken>100663773</MetadataToken>
              <Name>System.Void Xunit.Xunit1::Xunit.Abstractions.ITestFrameworkExecutor.RunTests(System.Collections.Generic.IEnumerable`1&lt;Xunit.Abstractions.ITestCase&gt;,Xunit.Abstractions.IMessageSink,Xunit.Abstractions.ITestFrameworkExecutionOptions)</Name>
              <FileRef uid="146" />
              <SequencePoints>
                <SequencePoint vc="0" uspid="4253" ordinal="0" offset="0" sl="228" sc="13" el="228" ec="41" bec="0" bev="0" fileid="146" />
                <SequencePoint vc="0" uspid="4254" ordinal="1" offset="8" sl="229" sc="9" el="229" ec="10" bec="0" bev="0" fileid="146" />
              </SequencePoints>
              <BranchPoints />
              <MethodPoint xsi:type="SequencePoint" vc="0" uspid="4253" ordinal="0" offset="0" sl="228" sc="13" el="228" ec="41" bec="0" bev="0" fileid="146" />
            </Method>
            <Method visited="false" cyclomaticComplexity="8" nPathComplexity="16" sequenceCoverage="0" branchCoverage="0" crapScore="72" isConstructor="false" isStatic="false" isGetter="false" isSetter="false">
              <Summary numSequencePoints="14" visitedSequencePoints="0" numBranchPoints="9" visitedBranchPoints="0" sequenceCoverage="0" branchCoverage="0" maxCyclomaticComplexity="8" minCyclomaticComplexity="8" maxCrapScore="72" minCrapScore="72" visitedClasses="0" numClasses="0" visitedMethods="0" numMethods="1" />
              <MetadataToken>100663774</MetadataToken>
              <Name>Xunit.Xunit1RunSummary Xunit.Xunit1::RunTestCollection(Xunit.Abstractions.ITestCollection,System.Collections.Generic.IEnumerable`1&lt;Xunit.Abstractions.ITestCase&gt;,Xunit.Abstractions.IMessageSink)</Name>
              <FileRef uid="146" />
              <SequencePoints>
                <SequencePoint vc="0" uspid="4255" ordinal="0" offset="0" sl="233" sc="13" el="233" ec="50" bec="0" bev="0" fileid="146" />
                <SequencePoint vc="0" uspid="4256" ordinal="1" offset="6" sl="234" sc="13" el="234" ec="109" bec="0" bev="0" fileid="146" />
                <SequencePoint vc="0" uspid="4257" ordinal="2" offset="25" sl="238" sc="17" el="238" ec="38" bec="2" bev="0" fileid="146" />
                <SequencePoint vc="0" uspid="4258" ordinal="3" offset="33" sl="239" sc="52" el="239" ec="119" bec="2" bev="0" fileid="146" />
                <SequencePoint vc="0" uspid="4259" ordinal="4" offset="83" sl="239" sc="30" el="239" ec="48" bec="0" bev="0" fileid="146" />
                <SequencePoint vc="0" uspid="4260" ordinal="5" offset="90" sl="241" sc="25" el="241" ec="115" bec="0" bev="0" fileid="146" />
                <SequencePoint vc="0" uspid="4261" ordinal="6" offset="110" sl="242" sc="25" el="242" ec="57" bec="0" bev="0" fileid="146" />
                <SequencePoint vc="0" uspid="4262" ordinal="7" offset="117" sl="243" sc="25" el="243" ec="52" bec="2" bev="0" fileid="146" />
                <SequencePoint vc="0" uspid="4263" ordinal="8" offset="125" sl="244" sc="29" el="244" ec="35" bec="0" bev="0" fileid="146" />
                <SequencePoint vc="0" uspid="4264" ordinal="9" offset="127" sl="239" sc="49" el="239" ec="51" bec="0" bev="0" fileid="146" />
                <SequencePoint vc="0" uspid="4265" ordinal="10" offset="147" sl="246" sc="13" el="246" ec="14" bec="0" bev="0" fileid="146" />
                <SequencePoint vc="0" uspid="4266" ordinal="11" offset="149" sl="249" sc="17" el="249" ec="195" bec="2" bev="0" fileid="146" />
                <SequencePoint vc="0" uspid="4267" ordinal="12" offset="203" sl="250" sc="13" el="250" ec="14" bec="0" bev="0" fileid="146" />
                <SequencePoint vc="0" uspid="4268" ordinal="13" offset="204" sl="252" sc="13" el="252" ec="28" bec="0" bev="0" fileid="146" />
              </SequencePoints>
              <BranchPoints>
                <BranchPoint vc="0" uspid="4269" ordinal="0" offset="31" sl="238" path="0" offsetend="33" fileid="146" />
                <BranchPoint vc="0" uspid="4270" ordinal="1" offset="31" sl="238" path="1" offsetend="147" fileid="146" />
                <BranchPoint vc="0" uspid="4271" ordinal="2" offset="40" sl="239" path="0" offsetend="42" fileid="146" />
                <BranchPoint vc="0" uspid="4272" ordinal="3" offset="40" sl="239" path="1" offsetend="65" fileid="146" />
                <BranchPoint vc="0" uspid="4273" ordinal="4" offset="123" sl="243" path="0" offsetend="125" fileid="146" />
                <BranchPoint vc="0" uspid="4274" ordinal="5" offset="123" sl="243" path="1" offsetend="127" fileid="146" />
                <BranchPoint vc="0" uspid="4277" ordinal="8" offset="187" sl="249" path="0" offsetend="189" fileid="146" />
                <BranchPoint vc="0" uspid="4278" ordinal="9" offset="187" sl="249" path="1" offsetend="197" fileid="146" />
              </BranchPoints>
              <MethodPoint xsi:type="SequencePoint" vc="0" uspid="4255" ordinal="0" offset="0" sl="233" sc="13" el="233" ec="50" bec="0" bev="0" fileid="146" />
            </Method>
            <Method visited="false" cyclomaticComplexity="5" nPathComplexity="8" sequenceCoverage="0" branchCoverage="0" crapScore="30" isConstructor="false" isStatic="false" isGetter="false" isSetter="false">
              <Summary numSequencePoints="11" visitedSequencePoints="0" numBranchPoints="7" visitedBranchPoints="0" sequenceCoverage="0" branchCoverage="0" maxCyclomaticComplexity="5" minCyclomaticComplexity="5" maxCrapScore="30" minCrapScore="30" visitedClasses="0" numClasses="0" visitedMethods="0" numMethods="1" />
              <MetadataToken>100663775</MetadataToken>
              <Name>Xunit.Xunit1RunSummary Xunit.Xunit1::RunTestClass(Xunit.Abstractions.ITestClass,System.Collections.Generic.IList`1&lt;Xunit.Abstractions.ITestCase&gt;,Xunit.Abstractions.IMessageSink)</Name>
              <FileRef uid="146" />
              <SequencePoints>
                <SequencePoint vc="0" uspid="4279" ordinal="0" offset="0" sl="257" sc="13" el="257" ec="80" bec="0" bev="0" fileid="146" />
                <SequencePoint vc="0" uspid="4280" ordinal="1" offset="8" sl="258" sc="13" el="258" ec="52" bec="0" bev="0" fileid="146" />
                <SequencePoint vc="0" uspid="4281" ordinal="2" offset="15" sl="259" sc="13" el="259" ec="99" bec="0" bev="0" fileid="146" />
                <SequencePoint vc="0" uspid="4282" ordinal="3" offset="34" sl="263" sc="17" el="263" ec="38" bec="2" bev="0" fileid="146" />
                <SequencePoint vc="0" uspid="4283" ordinal="4" offset="42" sl="265" sc="21" el="265" ec="98" bec="2" bev="0" fileid="146" />
                <SequencePoint vc="0" uspid="4284" ordinal="5" offset="85" sl="266" sc="21" el="266" ec="83" bec="0" bev="0" fileid="146" />
                <SequencePoint vc="0" uspid="4285" ordinal="6" offset="109" sl="267" sc="21" el="267" ec="55" bec="0" bev="0" fileid="146" />
                <SequencePoint vc="0" uspid="4286" ordinal="7" offset="121" sl="269" sc="13" el="269" ec="14" bec="0" bev="0" fileid="146" />
                <SequencePoint vc="0" uspid="4287" ordinal="8" offset="123" sl="272" sc="17" el="272" ec="185" bec="2" bev="0" fileid="146" />
                <SequencePoint vc="0" uspid="4288" ordinal="9" offset="177" sl="273" sc="13" el="273" ec="14" bec="0" bev="0" fileid="146" />
                <SequencePoint vc="0" uspid="4289" ordinal="10" offset="178" sl="275" sc="13" el="275" ec="28" bec="0" bev="0" fileid="146" />
              </SequencePoints>
              <BranchPoints>
                <BranchPoint vc="0" uspid="4290" ordinal="0" offset="40" sl="263" path="0" offsetend="42" fileid="146" />
                <BranchPoint vc="0" uspid="4291" ordinal="1" offset="40" sl="263" path="1" offsetend="121" fileid="146" />
                <BranchPoint vc="0" uspid="4292" ordinal="2" offset="49" sl="265" path="0" offsetend="51" fileid="146" />
                <BranchPoint vc="0" uspid="4293" ordinal="3" offset="49" sl="265" path="1" offsetend="74" fileid="146" />
                <BranchPoint vc="0" uspid="4294" ordinal="4" offset="161" sl="272" path="0" offsetend="163" fileid="146" />
                <BranchPoint vc="0" uspid="4295" ordinal="5" offset="161" sl="272" path="1" offsetend="171" fileid="146" />
              </BranchPoints>
              <MethodPoint xsi:type="SequencePoint" vc="0" uspid="4279" ordinal="0" offset="0" sl="257" sc="13" el="257" ec="80" bec="0" bev="0" fileid="146" />
            </Method>
            <Method visited="false" cyclomaticComplexity="1" nPathComplexity="0" sequenceCoverage="0" branchCoverage="0" crapScore="2" isConstructor="false" isStatic="false" isGetter="false" isSetter="false">
              <Summary numSequencePoints="1" visitedSequencePoints="0" numBranchPoints="1" visitedBranchPoints="0" sequenceCoverage="0" branchCoverage="0" maxCyclomaticComplexity="1" minCyclomaticComplexity="1" maxCrapScore="2" minCrapScore="2" visitedClasses="0" numClasses="0" visitedMethods="0" numMethods="1" />
              <MetadataToken>100663776</MetadataToken>
              <Name>System.String Xunit.Xunit1::Serialize(Xunit.Abstractions.ITestCase)</Name>
              <FileRef uid="146" />
              <SequencePoints>
                <SequencePoint vc="0" uspid="4296" ordinal="0" offset="0" sl="280" sc="16" el="280" ec="55" bec="0" bev="0" fileid="146" />
              </SequencePoints>
              <BranchPoints />
              <MethodPoint xsi:type="SequencePoint" vc="0" uspid="4296" ordinal="0" offset="0" sl="280" sc="16" el="280" ec="55" bec="0" bev="0" fileid="146" />
            </Method>
          </Methods>
        </Class>
        <Class>
          <Summary numSequencePoints="3" visitedSequencePoints="0" numBranchPoints="3" visitedBranchPoints="0" sequenceCoverage="0" branchCoverage="0" maxCyclomaticComplexity="1" minCyclomaticComplexity="1" maxCrapScore="2" minCrapScore="2" visitedClasses="0" numClasses="1" visitedMethods="0" numMethods="3" />
          <FullName>Xunit.Xunit1/Comparer</FullName>
          <Methods>
            <Method visited="false" cyclomaticComplexity="1" nPathComplexity="0" sequenceCoverage="0" branchCoverage="0" crapScore="2" isConstructor="false" isStatic="false" isGetter="false" isSetter="false">
              <Summary numSequencePoints="1" visitedSequencePoints="0" numBranchPoints="1" visitedBranchPoints="0" sequenceCoverage="0" branchCoverage="0" maxCyclomaticComplexity="1" minCyclomaticComplexity="1" maxCrapScore="2" minCrapScore="2" visitedClasses="0" numClasses="0" visitedMethods="0" numMethods="1" />
              <MetadataToken>100664911</MetadataToken>
              <Name>System.Boolean Xunit.Xunit1/Comparer::Equals(Xunit.Abstractions.ITestClass,Xunit.Abstractions.ITestClass)</Name>
              <FileRef uid="146" />
              <SequencePoints>
                <SequencePoint vc="0" uspid="4297" ordinal="0" offset="0" sl="287" sc="20" el="287" ec="48" bec="0" bev="0" fileid="146" />
              </SequencePoints>
              <BranchPoints />
              <MethodPoint xsi:type="SequencePoint" vc="0" uspid="4297" ordinal="0" offset="0" sl="287" sc="20" el="287" ec="48" bec="0" bev="0" fileid="146" />
            </Method>
            <Method visited="false" cyclomaticComplexity="1" nPathComplexity="0" sequenceCoverage="0" branchCoverage="0" crapScore="2" isConstructor="false" isStatic="false" isGetter="false" isSetter="false">
              <Summary numSequencePoints="1" visitedSequencePoints="0" numBranchPoints="1" visitedBranchPoints="0" sequenceCoverage="0" branchCoverage="0" maxCyclomaticComplexity="1" minCyclomaticComplexity="1" maxCrapScore="2" minCrapScore="2" visitedClasses="0" numClasses="0" visitedMethods="0" numMethods="1" />
              <MetadataToken>100664912</MetadataToken>
              <Name>System.Int32 Xunit.Xunit1/Comparer::GetHashCode(Xunit.Abstractions.ITestClass)</Name>
              <FileRef uid="146" />
              <SequencePoints>
                <SequencePoint vc="0" uspid="4298" ordinal="0" offset="0" sl="290" sc="20" el="290" ec="48" bec="0" bev="0" fileid="146" />
              </SequencePoints>
              <BranchPoints />
              <MethodPoint xsi:type="SequencePoint" vc="0" uspid="4298" ordinal="0" offset="0" sl="290" sc="20" el="290" ec="48" bec="0" bev="0" fileid="146" />
            </Method>
            <Method visited="false" cyclomaticComplexity="1" nPathComplexity="0" sequenceCoverage="0" branchCoverage="0" crapScore="2" isConstructor="true" isStatic="false" isGetter="false" isSetter="false">
              <Summary numSequencePoints="0" visitedSequencePoints="0" numBranchPoints="0" visitedBranchPoints="0" sequenceCoverage="0" branchCoverage="0" maxCyclomaticComplexity="1" minCyclomaticComplexity="1" maxCrapScore="2" minCrapScore="2" visitedClasses="0" numClasses="0" visitedMethods="0" numMethods="0" />
              <MetadataToken>100664913</MetadataToken>
              <Name>System.Void Xunit.Xunit1/Comparer::.ctor()</Name>
              <SequencePoints />
              <BranchPoints />
              <MethodPoint vc="0" uspid="4299" ordinal="0" offset="0" />
            </Method>
            <Method visited="false" cyclomaticComplexity="1" nPathComplexity="0" sequenceCoverage="0" branchCoverage="0" crapScore="2" isConstructor="true" isStatic="true" isGetter="false" isSetter="false">
              <Summary numSequencePoints="1" visitedSequencePoints="0" numBranchPoints="1" visitedBranchPoints="0" sequenceCoverage="0" branchCoverage="0" maxCyclomaticComplexity="1" minCyclomaticComplexity="1" maxCrapScore="2" minCrapScore="2" visitedClasses="0" numClasses="0" visitedMethods="0" numMethods="1" />
              <MetadataToken>100664914</MetadataToken>
              <Name>System.Void Xunit.Xunit1/Comparer::.cctor()</Name>
              <FileRef uid="146" />
              <SequencePoints>
                <SequencePoint vc="0" uspid="4300" ordinal="0" offset="0" sl="284" sc="13" el="284" ec="71" bec="0" bev="0" fileid="146" />
              </SequencePoints>
              <BranchPoints />
              <MethodPoint xsi:type="SequencePoint" vc="0" uspid="4300" ordinal="0" offset="0" sl="284" sc="13" el="284" ec="71" bec="0" bev="0" fileid="146" />
            </Method>
          </Methods>
        </Class>
        <Class>
          <Summary numSequencePoints="4" visitedSequencePoints="0" numBranchPoints="4" visitedBranchPoints="0" sequenceCoverage="0" branchCoverage="0" maxCyclomaticComplexity="1" minCyclomaticComplexity="1" maxCrapScore="2" minCrapScore="2" visitedClasses="0" numClasses="1" visitedMethods="0" numMethods="4" />
          <FullName>Xunit.Xunit1/&lt;&gt;c</FullName>
          <Methods>
            <Method visited="false" cyclomaticComplexity="1" nPathComplexity="0" sequenceCoverage="0" branchCoverage="0" crapScore="2" isConstructor="true" isStatic="true" isGetter="false" isSetter="false">
              <Summary numSequencePoints="0" visitedSequencePoints="0" numBranchPoints="0" visitedBranchPoints="0" sequenceCoverage="0" branchCoverage="0" maxCyclomaticComplexity="1" minCyclomaticComplexity="1" maxCrapScore="2" minCrapScore="2" visitedClasses="0" numClasses="0" visitedMethods="0" numMethods="0" />
              <MetadataToken>100664915</MetadataToken>
              <Name>System.Void Xunit.Xunit1/&lt;&gt;c::.cctor()</Name>
              <SequencePoints />
              <BranchPoints />
              <MethodPoint vc="0" uspid="4301" ordinal="0" offset="0" />
            </Method>
            <Method visited="false" cyclomaticComplexity="1" nPathComplexity="0" sequenceCoverage="0" branchCoverage="0" crapScore="2" isConstructor="true" isStatic="false" isGetter="false" isSetter="false">
              <Summary numSequencePoints="0" visitedSequencePoints="0" numBranchPoints="0" visitedBranchPoints="0" sequenceCoverage="0" branchCoverage="0" maxCyclomaticComplexity="1" minCyclomaticComplexity="1" maxCrapScore="2" minCrapScore="2" visitedClasses="0" numClasses="0" visitedMethods="0" numMethods="0" />
              <MetadataToken>100664916</MetadataToken>
              <Name>System.Void Xunit.Xunit1/&lt;&gt;c::.ctor()</Name>
              <SequencePoints />
              <BranchPoints />
              <MethodPoint vc="0" uspid="4302" ordinal="0" offset="0" />
            </Method>
            <Method visited="false" cyclomaticComplexity="1" nPathComplexity="0" sequenceCoverage="0" branchCoverage="0" crapScore="2" isConstructor="false" isStatic="false" isGetter="false" isSetter="false">
              <Summary numSequencePoints="1" visitedSequencePoints="0" numBranchPoints="1" visitedBranchPoints="0" sequenceCoverage="0" branchCoverage="0" maxCyclomaticComplexity="1" minCyclomaticComplexity="1" maxCrapScore="2" minCrapScore="2" visitedClasses="0" numClasses="0" visitedMethods="0" numMethods="1" />
              <MetadataToken>100664917</MetadataToken>
              <Name>System.Boolean Xunit.Xunit1/&lt;&gt;c::&lt;Find&gt;b__19_0(Xunit.Abstractions.ITestCaseDiscoveryMessage)</Name>
              <FileRef uid="146" />
              <SequencePoints>
                <SequencePoint vc="0" uspid="4303" ordinal="0" offset="0" sl="113" sc="25" el="113" ec="29" bec="0" bev="0" fileid="146" />
              </SequencePoints>
              <BranchPoints />
              <MethodPoint xsi:type="SequencePoint" vc="0" uspid="4303" ordinal="0" offset="0" sl="113" sc="25" el="113" ec="29" bec="0" bev="0" fileid="146" />
            </Method>
            <Method visited="false" cyclomaticComplexity="1" nPathComplexity="0" sequenceCoverage="0" branchCoverage="0" crapScore="2" isConstructor="false" isStatic="false" isGetter="false" isSetter="false">
              <Summary numSequencePoints="1" visitedSequencePoints="0" numBranchPoints="1" visitedBranchPoints="0" sequenceCoverage="0" branchCoverage="0" maxCyclomaticComplexity="1" minCyclomaticComplexity="1" maxCrapScore="2" minCrapScore="2" visitedClasses="0" numClasses="0" visitedMethods="0" numMethods="1" />
              <MetadataToken>100664918</MetadataToken>
              <Name>System.Boolean Xunit.Xunit1/&lt;&gt;c::&lt;Xunit.Abstractions.ITestFrameworkDiscoverer.Find&gt;b__20_0(Xunit.Abstractions.ITestCaseDiscoveryMessage)</Name>
              <FileRef uid="146" />
              <SequencePoints>
                <SequencePoint vc="0" uspid="4304" ordinal="0" offset="0" sl="119" sc="25" el="119" ec="29" bec="0" bev="0" fileid="146" />
              </SequencePoints>
              <BranchPoints />
              <MethodPoint xsi:type="SequencePoint" vc="0" uspid="4304" ordinal="0" offset="0" sl="119" sc="25" el="119" ec="29" bec="0" bev="0" fileid="146" />
            </Method>
            <Method visited="false" cyclomaticComplexity="1" nPathComplexity="0" sequenceCoverage="0" branchCoverage="0" crapScore="2" isConstructor="false" isStatic="false" isGetter="false" isSetter="false">
              <Summary numSequencePoints="1" visitedSequencePoints="0" numBranchPoints="1" visitedBranchPoints="0" sequenceCoverage="0" branchCoverage="0" maxCyclomaticComplexity="1" minCyclomaticComplexity="1" maxCrapScore="2" minCrapScore="2" visitedClasses="0" numClasses="0" visitedMethods="0" numMethods="1" />
              <MetadataToken>100664919</MetadataToken>
              <Name>Xunit.Abstractions.ITestClass Xunit.Xunit1/&lt;&gt;c::&lt;RunTestCollection&gt;b__28_0(Xunit.Abstractions.ITestCase)</Name>
              <FileRef uid="146" />
              <SequencePoints>
                <SequencePoint vc="0" uspid="4305" ordinal="0" offset="0" sl="239" sc="76" el="239" ec="99" bec="0" bev="0" fileid="146" />
              </SequencePoints>
              <BranchPoints />
              <MethodPoint xsi:type="SequencePoint" vc="0" uspid="4305" ordinal="0" offset="0" sl="239" sc="76" el="239" ec="99" bec="0" bev="0" fileid="146" />
            </Method>
            <Method visited="false" cyclomaticComplexity="1" nPathComplexity="0" sequenceCoverage="0" branchCoverage="0" crapScore="2" isConstructor="false" isStatic="false" isGetter="false" isSetter="false">
              <Summary numSequencePoints="1" visitedSequencePoints="0" numBranchPoints="1" visitedBranchPoints="0" sequenceCoverage="0" branchCoverage="0" maxCyclomaticComplexity="1" minCyclomaticComplexity="1" maxCrapScore="2" minCrapScore="2" visitedClasses="0" numClasses="0" visitedMethods="0" numMethods="1" />
              <MetadataToken>100664920</MetadataToken>
              <Name>System.String Xunit.Xunit1/&lt;&gt;c::&lt;RunTestClass&gt;b__29_0(Xunit.Abstractions.ITestCase)</Name>
              <FileRef uid="146" />
              <SequencePoints>
                <SequencePoint vc="0" uspid="4306" ordinal="0" offset="0" sl="265" sc="62" el="265" ec="87" bec="0" bev="0" fileid="146" />
              </SequencePoints>
              <BranchPoints />
              <MethodPoint xsi:type="SequencePoint" vc="0" uspid="4306" ordinal="0" offset="0" sl="265" sc="62" el="265" ec="87" bec="0" bev="0" fileid="146" />
            </Method>
          </Methods>
        </Class>
        <Class>
          <Summary numSequencePoints="1" visitedSequencePoints="0" numBranchPoints="1" visitedBranchPoints="0" sequenceCoverage="0" branchCoverage="0" maxCyclomaticComplexity="1" minCyclomaticComplexity="1" maxCrapScore="2" minCrapScore="2" visitedClasses="0" numClasses="1" visitedMethods="0" numMethods="1" />
          <FullName>Xunit.Xunit1/&lt;&gt;c__DisplayClass21_0</FullName>
          <Methods>
            <Method visited="false" cyclomaticComplexity="1" nPathComplexity="0" sequenceCoverage="0" branchCoverage="0" crapScore="2" isConstructor="true" isStatic="false" isGetter="false" isSetter="false">
              <Summary numSequencePoints="0" visitedSequencePoints="0" numBranchPoints="0" visitedBranchPoints="0" sequenceCoverage="0" branchCoverage="0" maxCyclomaticComplexity="1" minCyclomaticComplexity="1" maxCrapScore="2" minCrapScore="2" visitedClasses="0" numClasses="0" visitedMethods="0" numMethods="0" />
              <MetadataToken>100664921</MetadataToken>
              <Name>System.Void Xunit.Xunit1/&lt;&gt;c__DisplayClass21_0::.ctor()</Name>
              <SequencePoints />
              <BranchPoints />
              <MethodPoint vc="0" uspid="4307" ordinal="0" offset="0" />
            </Method>
            <Method visited="false" cyclomaticComplexity="1" nPathComplexity="0" sequenceCoverage="0" branchCoverage="0" crapScore="2" isConstructor="false" isStatic="false" isGetter="false" isSetter="false">
              <Summary numSequencePoints="1" visitedSequencePoints="0" numBranchPoints="1" visitedBranchPoints="0" sequenceCoverage="0" branchCoverage="0" maxCyclomaticComplexity="1" minCyclomaticComplexity="1" maxCrapScore="2" minCrapScore="2" visitedClasses="0" numClasses="0" visitedMethods="0" numMethods="1" />
              <MetadataToken>100664922</MetadataToken>
              <Name>System.Boolean Xunit.Xunit1/&lt;&gt;c__DisplayClass21_0::&lt;Find&gt;b__0(Xunit.Abstractions.ITestCaseDiscoveryMessage)</Name>
              <FileRef uid="146" />
              <SequencePoints>
                <SequencePoint vc="0" uspid="4308" ordinal="0" offset="0" sl="130" sc="25" el="130" ec="81" bec="0" bev="0" fileid="146" />
              </SequencePoints>
              <BranchPoints />
              <MethodPoint xsi:type="SequencePoint" vc="0" uspid="4308" ordinal="0" offset="0" sl="130" sc="25" el="130" ec="81" bec="0" bev="0" fileid="146" />
            </Method>
          </Methods>
        </Class>
        <Class>
          <Summary numSequencePoints="1" visitedSequencePoints="0" numBranchPoints="1" visitedBranchPoints="0" sequenceCoverage="0" branchCoverage="0" maxCyclomaticComplexity="1" minCyclomaticComplexity="1" maxCrapScore="2" minCrapScore="2" visitedClasses="0" numClasses="1" visitedMethods="0" numMethods="1" />
          <FullName>Xunit.Xunit1/&lt;&gt;c__DisplayClass22_0</FullName>
          <Methods>
            <Method visited="false" cyclomaticComplexity="1" nPathComplexity="0" sequenceCoverage="0" branchCoverage="0" crapScore="2" isConstructor="true" isStatic="false" isGetter="false" isSetter="false">
              <Summary numSequencePoints="0" visitedSequencePoints="0" numBranchPoints="0" visitedBranchPoints="0" sequenceCoverage="0" branchCoverage="0" maxCyclomaticComplexity="1" minCyclomaticComplexity="1" maxCrapScore="2" minCrapScore="2" visitedClasses="0" numClasses="0" visitedMethods="0" numMethods="0" />
              <MetadataToken>100664923</MetadataToken>
              <Name>System.Void Xunit.Xunit1/&lt;&gt;c__DisplayClass22_0::.ctor()</Name>
              <SequencePoints />
              <BranchPoints />
              <MethodPoint vc="0" uspid="4309" ordinal="0" offset="0" />
            </Method>
            <Method visited="false" cyclomaticComplexity="1" nPathComplexity="0" sequenceCoverage="0" branchCoverage="0" crapScore="2" isConstructor="false" isStatic="false" isGetter="false" isSetter="false">
              <Summary numSequencePoints="1" visitedSequencePoints="0" numBranchPoints="1" visitedBranchPoints="0" sequenceCoverage="0" branchCoverage="0" maxCyclomaticComplexity="1" minCyclomaticComplexity="1" maxCrapScore="2" minCrapScore="2" visitedClasses="0" numClasses="0" visitedMethods="0" numMethods="1" />
              <MetadataToken>100664924</MetadataToken>
              <Name>System.Boolean Xunit.Xunit1/&lt;&gt;c__DisplayClass22_0::&lt;Xunit.Abstractions.ITestFrameworkDiscoverer.Find&gt;b__0(Xunit.Abstractions.ITestCaseDiscoveryMessage)</Name>
              <FileRef uid="146" />
              <SequencePoints>
                <SequencePoint vc="0" uspid="4310" ordinal="0" offset="0" sl="136" sc="25" el="136" ec="81" bec="0" bev="0" fileid="146" />
              </SequencePoints>
              <BranchPoints />
              <MethodPoint xsi:type="SequencePoint" vc="0" uspid="4310" ordinal="0" offset="0" sl="136" sc="25" el="136" ec="81" bec="0" bev="0" fileid="146" />
            </Method>
          </Methods>
        </Class>
        <Class>
          <Summary numSequencePoints="2" visitedSequencePoints="0" numBranchPoints="1" visitedBranchPoints="0" sequenceCoverage="0" branchCoverage="0" maxCyclomaticComplexity="1" minCyclomaticComplexity="1" maxCrapScore="2" minCrapScore="2" visitedClasses="0" numClasses="1" visitedMethods="0" numMethods="1" />
          <FullName>Xunit.Xunit1/&lt;&gt;c__DisplayClass23_0</FullName>
          <Methods>
            <Method visited="false" cyclomaticComplexity="1" nPathComplexity="0" sequenceCoverage="0" branchCoverage="0" crapScore="2" isConstructor="true" isStatic="false" isGetter="false" isSetter="false">
              <Summary numSequencePoints="0" visitedSequencePoints="0" numBranchPoints="0" visitedBranchPoints="0" sequenceCoverage="0" branchCoverage="0" maxCyclomaticComplexity="1" minCyclomaticComplexity="1" maxCrapScore="2" minCrapScore="2" visitedClasses="0" numClasses="0" visitedMethods="0" numMethods="0" />
              <MetadataToken>100664925</MetadataToken>
              <Name>System.Void Xunit.Xunit1/&lt;&gt;c__DisplayClass23_0::.ctor()</Name>
              <SequencePoints />
              <BranchPoints />
              <MethodPoint vc="0" uspid="4311" ordinal="0" offset="0" />
            </Method>
            <Method visited="false" cyclomaticComplexity="1" nPathComplexity="0" sequenceCoverage="0" branchCoverage="0" crapScore="2" isConstructor="false" isStatic="false" isGetter="false" isSetter="false">
              <Summary numSequencePoints="2" visitedSequencePoints="0" numBranchPoints="1" visitedBranchPoints="0" sequenceCoverage="0" branchCoverage="0" maxCyclomaticComplexity="1" minCyclomaticComplexity="1" maxCrapScore="2" minCrapScore="2" visitedClasses="0" numClasses="0" visitedMethods="0" numMethods="1" />
              <MetadataToken>100664926</MetadataToken>
              <Name>System.Boolean Xunit.Xunit1/&lt;&gt;c__DisplayClass23_0::&lt;Find&gt;b__0(System.Xml.XmlNode)</Name>
              <FileRef uid="146" />
              <SequencePoints>
                <SequencePoint vc="0" uspid="4312" ordinal="0" offset="0" sl="147" sc="67" el="147" ec="85" bec="0" bev="0" fileid="146" />
                <SequencePoint vc="0" uspid="4313" ordinal="1" offset="7" sl="147" sc="86" el="147" ec="98" bec="0" bev="0" fileid="146" />
              </SequencePoints>
              <BranchPoints />
              <MethodPoint xsi:type="SequencePoint" vc="0" uspid="4312" ordinal="0" offset="0" sl="147" sc="67" el="147" ec="85" bec="0" bev="0" fileid="146" />
            </Method>
          </Methods>
        </Class>
        <Class>
          <Summary numSequencePoints="10" visitedSequencePoints="0" numBranchPoints="8" visitedBranchPoints="0" sequenceCoverage="0" branchCoverage="0" maxCyclomaticComplexity="1" minCyclomaticComplexity="1" maxCrapScore="2" minCrapScore="2" visitedClasses="0" numClasses="1" visitedMethods="0" numMethods="8" />
          <FullName>Xunit.Xunit1AssemblyInfo</FullName>
          <Methods>
            <Method visited="false" cyclomaticComplexity="1" nPathComplexity="0" sequenceCoverage="0" branchCoverage="0" crapScore="2" isConstructor="false" isStatic="false" isGetter="true" isSetter="false">
              <Summary numSequencePoints="1" visitedSequencePoints="0" numBranchPoints="1" visitedBranchPoints="0" sequenceCoverage="0" branchCoverage="0" maxCyclomaticComplexity="1" minCyclomaticComplexity="1" maxCrapScore="2" minCrapScore="2" visitedClasses="0" numClasses="0" visitedMethods="0" numMethods="1" />
              <MetadataToken>100663778</MetadataToken>
              <Name>System.String Xunit.Xunit1AssemblyInfo::get_AssemblyFileName()</Name>
              <FileRef uid="152" />
              <SequencePoints>
                <SequencePoint vc="0" uspid="4314" ordinal="0" offset="0" sl="25" sc="42" el="25" ec="46" bec="0" bev="0" fileid="152" />
              </SequencePoints>
              <BranchPoints />
              <MethodPoint xsi:type="SequencePoint" vc="0" uspid="4314" ordinal="0" offset="0" sl="25" sc="42" el="25" ec="46" bec="0" bev="0" fileid="152" />
            </Method>
            <Method visited="false" cyclomaticComplexity="1" nPathComplexity="0" sequenceCoverage="0" branchCoverage="0" crapScore="2" isConstructor="false" isStatic="false" isGetter="false" isSetter="true">
              <Summary numSequencePoints="1" visitedSequencePoints="0" numBranchPoints="1" visitedBranchPoints="0" sequenceCoverage="0" branchCoverage="0" maxCyclomaticComplexity="1" minCyclomaticComplexity="1" maxCrapScore="2" minCrapScore="2" visitedClasses="0" numClasses="0" visitedMethods="0" numMethods="1" />
              <MetadataToken>100663779</MetadataToken>
              <Name>System.Void Xunit.Xunit1AssemblyInfo::set_AssemblyFileName(System.String)</Name>
              <FileRef uid="152" />
              <SequencePoints>
                <SequencePoint vc="0" uspid="4315" ordinal="0" offset="0" sl="25" sc="47" el="25" ec="59" bec="0" bev="0" fileid="152" />
              </SequencePoints>
              <BranchPoints />
              <MethodPoint xsi:type="SequencePoint" vc="0" uspid="4315" ordinal="0" offset="0" sl="25" sc="47" el="25" ec="59" bec="0" bev="0" fileid="152" />
            </Method>
            <Method visited="false" cyclomaticComplexity="1" nPathComplexity="0" sequenceCoverage="0" branchCoverage="0" crapScore="2" isConstructor="false" isStatic="false" isGetter="true" isSetter="false">
              <Summary numSequencePoints="1" visitedSequencePoints="0" numBranchPoints="1" visitedBranchPoints="0" sequenceCoverage="0" branchCoverage="0" maxCyclomaticComplexity="1" minCyclomaticComplexity="1" maxCrapScore="2" minCrapScore="2" visitedClasses="0" numClasses="0" visitedMethods="0" numMethods="1" />
              <MetadataToken>100663780</MetadataToken>
              <Name>System.String Xunit.Xunit1AssemblyInfo::Xunit.Abstractions.IAssemblyInfo.get_AssemblyPath()</Name>
              <FileRef uid="152" />
              <SequencePoints>
                <SequencePoint vc="0" uspid="4316" ordinal="0" offset="0" sl="29" sc="19" el="29" ec="43" bec="0" bev="0" fileid="152" />
              </SequencePoints>
              <BranchPoints />
              <MethodPoint xsi:type="SequencePoint" vc="0" uspid="4316" ordinal="0" offset="0" sl="29" sc="19" el="29" ec="43" bec="0" bev="0" fileid="152" />
            </Method>
            <Method visited="false" cyclomaticComplexity="1" nPathComplexity="0" sequenceCoverage="0" branchCoverage="0" crapScore="2" isConstructor="false" isStatic="false" isGetter="true" isSetter="false">
              <Summary numSequencePoints="1" visitedSequencePoints="0" numBranchPoints="1" visitedBranchPoints="0" sequenceCoverage="0" branchCoverage="0" maxCyclomaticComplexity="1" minCyclomaticComplexity="1" maxCrapScore="2" minCrapScore="2" visitedClasses="0" numClasses="0" visitedMethods="0" numMethods="1" />
              <MetadataToken>100663781</MetadataToken>
              <Name>System.String Xunit.Xunit1AssemblyInfo::Xunit.Abstractions.IAssemblyInfo.get_Name()</Name>
              <FileRef uid="152" />
              <SequencePoints>
                <SequencePoint vc="0" uspid="4317" ordinal="0" offset="0" sl="34" sc="19" el="34" ec="77" bec="0" bev="0" fileid="152" />
              </SequencePoints>
              <BranchPoints />
              <MethodPoint xsi:type="SequencePoint" vc="0" uspid="4317" ordinal="0" offset="0" sl="34" sc="19" el="34" ec="77" bec="0" bev="0" fileid="152" />
            </Method>
            <Method visited="false" cyclomaticComplexity="1" nPathComplexity="0" sequenceCoverage="0" branchCoverage="0" crapScore="2" isConstructor="true" isStatic="false" isGetter="false" isSetter="false">
              <Summary numSequencePoints="3" visitedSequencePoints="0" numBranchPoints="1" visitedBranchPoints="0" sequenceCoverage="0" branchCoverage="0" maxCyclomaticComplexity="1" minCyclomaticComplexity="1" maxCrapScore="2" minCrapScore="2" visitedClasses="0" numClasses="0" visitedMethods="0" numMethods="1" />
              <MetadataToken>100663777</MetadataToken>
              <Name>System.Void Xunit.Xunit1AssemblyInfo::.ctor(System.String)</Name>
              <FileRef uid="152" />
              <SequencePoints>
                <SequencePoint vc="0" uspid="4318" ordinal="0" offset="0" sl="17" sc="9" el="17" ec="59" bec="0" bev="0" fileid="152" />
                <SequencePoint vc="0" uspid="4319" ordinal="1" offset="6" sl="19" sc="13" el="19" ec="49" bec="0" bev="0" fileid="152" />
                <SequencePoint vc="0" uspid="4320" ordinal="2" offset="13" sl="20" sc="9" el="20" ec="10" bec="0" bev="0" fileid="152" />
              </SequencePoints>
              <BranchPoints />
              <MethodPoint xsi:type="SequencePoint" vc="0" uspid="4318" ordinal="0" offset="0" sl="17" sc="9" el="17" ec="59" bec="0" bev="0" fileid="152" />
            </Method>
            <Method visited="false" cyclomaticComplexity="1" nPathComplexity="0" sequenceCoverage="0" branchCoverage="0" crapScore="2" isConstructor="false" isStatic="false" isGetter="false" isSetter="false">
              <Summary numSequencePoints="1" visitedSequencePoints="0" numBranchPoints="1" visitedBranchPoints="0" sequenceCoverage="0" branchCoverage="0" maxCyclomaticComplexity="1" minCyclomaticComplexity="1" maxCrapScore="2" minCrapScore="2" visitedClasses="0" numClasses="0" visitedMethods="0" numMethods="1" />
              <MetadataToken>100663782</MetadataToken>
              <Name>System.Collections.Generic.IEnumerable`1&lt;Xunit.Abstractions.IAttributeInfo&gt; Xunit.Xunit1AssemblyInfo::Xunit.Abstractions.IAssemblyInfo.GetCustomAttributes(System.String)</Name>
              <FileRef uid="152" />
              <SequencePoints>
                <SequencePoint vc="0" uspid="4321" ordinal="0" offset="0" sl="39" sc="13" el="39" ec="55" bec="0" bev="0" fileid="152" />
              </SequencePoints>
              <BranchPoints />
              <MethodPoint xsi:type="SequencePoint" vc="0" uspid="4321" ordinal="0" offset="0" sl="39" sc="13" el="39" ec="55" bec="0" bev="0" fileid="152" />
            </Method>
            <Method visited="false" cyclomaticComplexity="1" nPathComplexity="0" sequenceCoverage="0" branchCoverage="0" crapScore="2" isConstructor="false" isStatic="false" isGetter="false" isSetter="false">
              <Summary numSequencePoints="1" visitedSequencePoints="0" numBranchPoints="1" visitedBranchPoints="0" sequenceCoverage="0" branchCoverage="0" maxCyclomaticComplexity="1" minCyclomaticComplexity="1" maxCrapScore="2" minCrapScore="2" visitedClasses="0" numClasses="0" visitedMethods="0" numMethods="1" />
              <MetadataToken>100663783</MetadataToken>
              <Name>Xunit.Abstractions.ITypeInfo Xunit.Xunit1AssemblyInfo::Xunit.Abstractions.IAssemblyInfo.GetType(System.String)</Name>
              <FileRef uid="152" />
              <SequencePoints>
                <SequencePoint vc="0" uspid="4322" ordinal="0" offset="0" sl="44" sc="13" el="44" ec="25" bec="0" bev="0" fileid="152" />
              </SequencePoints>
              <BranchPoints />
              <MethodPoint xsi:type="SequencePoint" vc="0" uspid="4322" ordinal="0" offset="0" sl="44" sc="13" el="44" ec="25" bec="0" bev="0" fileid="152" />
            </Method>
            <Method visited="false" cyclomaticComplexity="1" nPathComplexity="0" sequenceCoverage="0" branchCoverage="0" crapScore="2" isConstructor="false" isStatic="false" isGetter="false" isSetter="false">
              <Summary numSequencePoints="1" visitedSequencePoints="0" numBranchPoints="1" visitedBranchPoints="0" sequenceCoverage="0" branchCoverage="0" maxCyclomaticComplexity="1" minCyclomaticComplexity="1" maxCrapScore="2" minCrapScore="2" visitedClasses="0" numClasses="0" visitedMethods="0" numMethods="1" />
              <MetadataToken>100663784</MetadataToken>
              <Name>System.Collections.Generic.IEnumerable`1&lt;Xunit.Abstractions.ITypeInfo&gt; Xunit.Xunit1AssemblyInfo::Xunit.Abstractions.IAssemblyInfo.GetTypes(System.Boolean)</Name>
              <FileRef uid="152" />
              <SequencePoints>
                <SequencePoint vc="0" uspid="4323" ordinal="0" offset="0" sl="49" sc="13" el="49" ec="50" bec="0" bev="0" fileid="152" />
              </SequencePoints>
              <BranchPoints />
              <MethodPoint xsi:type="SequencePoint" vc="0" uspid="4323" ordinal="0" offset="0" sl="49" sc="13" el="49" ec="50" bec="0" bev="0" fileid="152" />
            </Method>
          </Methods>
        </Class>
        <Class>
          <Summary numSequencePoints="46" visitedSequencePoints="0" numBranchPoints="20" visitedBranchPoints="0" sequenceCoverage="0" branchCoverage="0" maxCyclomaticComplexity="5" minCyclomaticComplexity="1" maxCrapScore="30" minCrapScore="2" visitedClasses="0" numClasses="1" visitedMethods="0" numMethods="4" />
          <FullName>Xunit.Xunit1ExceptionUtility</FullName>
          <Methods>
            <Method visited="false" cyclomaticComplexity="3" nPathComplexity="4" sequenceCoverage="0" branchCoverage="0" crapScore="12" isConstructor="false" isStatic="true" isGetter="false" isSetter="false">
              <Summary numSequencePoints="17" visitedSequencePoints="0" numBranchPoints="5" visitedBranchPoints="0" sequenceCoverage="0" branchCoverage="0" maxCyclomaticComplexity="3" minCyclomaticComplexity="3" maxCrapScore="12" minCrapScore="12" visitedClasses="0" numClasses="0" visitedMethods="0" numMethods="1" />
              <MetadataToken>100663785</MetadataToken>
              <Name>Xunit.Abstractions.IFailureInformation Xunit.Xunit1ExceptionUtility::ConvertToFailureInformation(System.Exception)</Name>
              <FileRef uid="153" />
              <SequencePoints>
                <SequencePoint vc="0" uspid="4324" ordinal="0" offset="0" sl="18" sc="13" el="18" ec="53" bec="0" bev="0" fileid="153" />
                <SequencePoint vc="0" uspid="4325" ordinal="1" offset="6" sl="19" sc="13" el="19" ec="47" bec="0" bev="0" fileid="153" />
                <SequencePoint vc="0" uspid="4326" ordinal="2" offset="12" sl="20" sc="13" el="20" ec="50" bec="0" bev="0" fileid="153" />
                <SequencePoint vc="0" uspid="4327" ordinal="3" offset="18" sl="21" sc="13" el="21" ec="43" bec="0" bev="0" fileid="153" />
                <SequencePoint vc="0" uspid="4328" ordinal="4" offset="24" sl="22" sc="13" el="22" ec="34" bec="0" bev="0" fileid="153" />
                <SequencePoint vc="0" uspid="4329" ordinal="5" offset="27" sl="26" sc="17" el="26" ec="55" bec="0" bev="0" fileid="153" />
                <SequencePoint vc="0" uspid="4330" ordinal="6" offset="35" sl="27" sc="17" el="27" ec="102" bec="0" bev="0" fileid="153" />
                <SequencePoint vc="0" uspid="4331" ordinal="7" offset="50" sl="28" sc="17" el="28" ec="39" bec="2" bev="0" fileid="153" />
                <SequencePoint vc="0" uspid="4332" ordinal="8" offset="55" sl="29" sc="21" el="29" ec="72" bec="0" bev="0" fileid="153" />
                <SequencePoint vc="0" uspid="4333" ordinal="9" offset="67" sl="31" sc="17" el="31" ec="66" bec="0" bev="0" fileid="153" />
                <SequencePoint vc="0" uspid="4334" ordinal="10" offset="84" sl="32" sc="17" el="32" ec="49" bec="0" bev="0" fileid="153" />
                <SequencePoint vc="0" uspid="4335" ordinal="11" offset="96" sl="33" sc="17" el="33" ec="45" bec="0" bev="0" fileid="153" />
                <SequencePoint vc="0" uspid="4336" ordinal="12" offset="104" sl="34" sc="17" el="34" ec="42" bec="0" bev="0" fileid="153" />
                <SequencePoint vc="0" uspid="4337" ordinal="13" offset="112" sl="36" sc="17" el="36" ec="31" bec="0" bev="0" fileid="153" />
                <SequencePoint vc="0" uspid="4338" ordinal="14" offset="118" sl="37" sc="17" el="37" ec="54" bec="0" bev="0" fileid="153" />
                <SequencePoint vc="0" uspid="4339" ordinal="15" offset="126" sl="38" sc="15" el="38" ec="41" bec="2" bev="0" fileid="153" />
                <SequencePoint vc="0" uspid="4340" ordinal="16" offset="129" sl="40" sc="13" el="46" ec="15" bec="0" bev="0" fileid="153" />
              </SequencePoints>
              <BranchPoints>
                <BranchPoint vc="0" uspid="4341" ordinal="0" offset="53" sl="28" path="0" offsetend="55" fileid="153" />
                <BranchPoint vc="0" uspid="4342" ordinal="1" offset="53" sl="28" path="1" offsetend="67" fileid="153" />
                <BranchPoint vc="0" uspid="4343" ordinal="2" offset="127" sl="38" path="0" offsetend="129" fileid="153" />
                <BranchPoint vc="0" uspid="4344" ordinal="3" offset="127" sl="38" path="1" offsetend="27" fileid="153" />
              </BranchPoints>
              <MethodPoint xsi:type="SequencePoint" vc="0" uspid="4324" ordinal="0" offset="0" sl="18" sc="13" el="18" ec="53" bec="0" bev="0" fileid="153" />
            </Method>
            <Method visited="false" cyclomaticComplexity="4" nPathComplexity="4" sequenceCoverage="0" branchCoverage="0" crapScore="20" isConstructor="false" isStatic="true" isGetter="false" isSetter="false">
              <Summary numSequencePoints="6" visitedSequencePoints="0" numBranchPoints="5" visitedBranchPoints="0" sequenceCoverage="0" branchCoverage="0" maxCyclomaticComplexity="4" minCyclomaticComplexity="4" maxCrapScore="20" minCrapScore="20" visitedClasses="0" numClasses="0" visitedMethods="0" numMethods="1" />
              <MetadataToken>100663786</MetadataToken>
              <Name>Xunit.Abstractions.IFailureInformation Xunit.Xunit1ExceptionUtility::ConvertToFailureInformation(System.Xml.XmlNode)</Name>
              <FileRef uid="153" />
              <SequencePoints>
                <SequencePoint vc="0" uspid="4345" ordinal="0" offset="0" sl="51" sc="13" el="51" ec="83" bec="0" bev="0" fileid="153" />
                <SequencePoint vc="0" uspid="4346" ordinal="1" offset="17" sl="52" sc="13" el="52" ec="110" bec="2" bev="0" fileid="153" />
                <SequencePoint vc="0" uspid="4347" ordinal="2" offset="33" sl="53" sc="13" el="53" ec="77" bec="0" bev="0" fileid="153" />
                <SequencePoint vc="0" uspid="4348" ordinal="3" offset="50" sl="54" sc="13" el="54" ec="78" bec="0" bev="0" fileid="153" />
                <SequencePoint vc="0" uspid="4349" ordinal="4" offset="62" sl="55" sc="13" el="55" ec="95" bec="2" bev="0" fileid="153" />
                <SequencePoint vc="0" uspid="4350" ordinal="5" offset="79" sl="57" sc="13" el="57" ec="84" bec="0" bev="0" fileid="153" />
              </SequencePoints>
              <BranchPoints>
                <BranchPoint vc="0" uspid="4351" ordinal="0" offset="18" sl="52" path="0" offsetend="20" fileid="153" />
                <BranchPoint vc="0" uspid="4352" ordinal="1" offset="18" sl="52" path="1" offsetend="27" fileid="153" />
                <BranchPoint vc="0" uspid="4353" ordinal="2" offset="63" sl="55" path="0" offsetend="65" fileid="153" />
                <BranchPoint vc="0" uspid="4354" ordinal="3" offset="63" sl="55" path="1" offsetend="73" fileid="153" />
              </BranchPoints>
              <MethodPoint xsi:type="SequencePoint" vc="0" uspid="4345" ordinal="0" offset="0" sl="51" sc="13" el="51" ec="83" bec="0" bev="0" fileid="153" />
            </Method>
            <Method visited="false" cyclomaticComplexity="5" nPathComplexity="16" sequenceCoverage="0" branchCoverage="0" crapScore="30" isConstructor="false" isStatic="true" isGetter="false" isSetter="false">
              <Summary numSequencePoints="21" visitedSequencePoints="0" numBranchPoints="9" visitedBranchPoints="0" sequenceCoverage="0" branchCoverage="0" maxCyclomaticComplexity="5" minCyclomaticComplexity="5" maxCrapScore="30" minCrapScore="30" visitedClasses="0" numClasses="0" visitedMethods="0" numMethods="1" />
              <MetadataToken>100663787</MetadataToken>
              <Name>Xunit.Abstractions.IFailureInformation Xunit.Xunit1ExceptionUtility::ConvertToFailureInformation(System.String,System.String,System.String)</Name>
              <FileRef uid="153" />
              <SequencePoints>
                <SequencePoint vc="0" uspid="4355" ordinal="0" offset="0" sl="62" sc="13" el="62" ec="63" bec="0" bev="0" fileid="153" />
                <SequencePoint vc="0" uspid="4356" ordinal="1" offset="6" sl="64" sc="13" el="64" ec="53" bec="0" bev="0" fileid="153" />
                <SequencePoint vc="0" uspid="4357" ordinal="2" offset="12" sl="65" sc="13" el="65" ec="47" bec="0" bev="0" fileid="153" />
                <SequencePoint vc="0" uspid="4358" ordinal="3" offset="18" sl="67" sc="13" el="67" ec="76" bec="0" bev="0" fileid="153" />
                <SequencePoint vc="0" uspid="4359" ordinal="4" offset="30" sl="68" sc="18" el="68" ec="27" bec="0" bev="0" fileid="153" />
                <SequencePoint vc="0" uspid="4360" ordinal="5" offset="35" sl="70" sc="17" el="70" ec="64" bec="0" bev="0" fileid="153" />
                <SequencePoint vc="0" uspid="4361" ordinal="6" offset="62" sl="71" sc="17" el="71" ec="61" bec="0" bev="0" fileid="153" />
                <SequencePoint vc="0" uspid="4362" ordinal="7" offset="89" sl="68" sc="44" el="68" ec="47" bec="0" bev="0" fileid="153" />
                <SequencePoint vc="0" uspid="4363" ordinal="8" offset="95" sl="68" sc="49" el="68" ec="74" bec="0" bev="0" fileid="153" />
                <SequencePoint vc="0" uspid="4364" ordinal="9" offset="102" sl="68" sc="29" el="68" ec="42" bec="2" bev="0" fileid="153" />
                <SequencePoint vc="0" uspid="4365" ordinal="10" offset="110" sl="74" sc="13" el="74" ec="69" bec="3" bev="0" fileid="153" />
                <SequencePoint vc="0" uspid="4366" ordinal="11" offset="138" sl="75" sc="17" el="75" ec="60" bec="0" bev="0" fileid="153" />
                <SequencePoint vc="0" uspid="4367" ordinal="12" offset="146" sl="77" sc="13" el="77" ec="74" bec="0" bev="0" fileid="153" />
                <SequencePoint vc="0" uspid="4368" ordinal="13" offset="158" sl="78" sc="13" el="78" ec="62" bec="0" bev="0" fileid="153" />
                <SequencePoint vc="0" uspid="4369" ordinal="14" offset="170" sl="79" sc="13" el="79" ec="94" bec="0" bev="0" fileid="153" />
                <SequencePoint vc="0" uspid="4370" ordinal="15" offset="187" sl="81" sc="13" el="81" ec="104" bec="0" bev="0" fileid="153" />
                <SequencePoint vc="0" uspid="4371" ordinal="16" offset="206" sl="82" sc="18" el="82" ec="27" bec="0" bev="0" fileid="153" />
                <SequencePoint vc="0" uspid="4372" ordinal="17" offset="211" sl="83" sc="17" el="83" ec="70" bec="0" bev="0" fileid="153" />
                <SequencePoint vc="0" uspid="4373" ordinal="18" offset="224" sl="82" sc="83" el="82" ec="86" bec="0" bev="0" fileid="153" />
                <SequencePoint vc="0" uspid="4374" ordinal="19" offset="230" sl="82" sc="29" el="82" ec="81" bec="2" bev="0" fileid="153" />
                <SequencePoint vc="0" uspid="4375" ordinal="20" offset="242" sl="85" sc="13" el="85" ec="39" bec="0" bev="0" fileid="153" />
              </SequencePoints>
              <BranchPoints>
                <BranchPoint vc="0" uspid="4376" ordinal="0" offset="108" sl="68" path="0" offsetend="110" fileid="153" />
                <BranchPoint vc="0" uspid="4377" ordinal="1" offset="108" sl="68" path="1" offsetend="35" fileid="153" />
                <BranchPoint vc="0" uspid="4378" ordinal="2" offset="117" sl="74" path="0" offsetend="119" fileid="153" />
                <BranchPoint vc="0" uspid="4379" ordinal="3" offset="117" sl="74" path="1" offsetend="146" fileid="153" />
                <BranchPoint vc="0" uspid="4380" ordinal="4" offset="136" sl="74" path="0" offsetend="138" fileid="153" />
                <BranchPoint vc="0" uspid="4381" ordinal="5" offset="136" sl="74" path="1" offsetend="146" fileid="153" />
                <BranchPoint vc="0" uspid="4382" ordinal="6" offset="240" sl="82" path="0" offsetend="242" fileid="153" />
                <BranchPoint vc="0" uspid="4383" ordinal="7" offset="240" sl="82" path="1" offsetend="211" fileid="153" />
              </BranchPoints>
              <MethodPoint xsi:type="SequencePoint" vc="0" uspid="4355" ordinal="0" offset="0" sl="62" sc="13" el="62" ec="63" bec="0" bev="0" fileid="153" />
            </Method>
            <Method visited="false" cyclomaticComplexity="1" nPathComplexity="0" sequenceCoverage="0" branchCoverage="0" crapScore="2" isConstructor="true" isStatic="true" isGetter="false" isSetter="false">
              <Summary numSequencePoints="2" visitedSequencePoints="0" numBranchPoints="1" visitedBranchPoints="0" sequenceCoverage="0" branchCoverage="0" maxCyclomaticComplexity="1" minCyclomaticComplexity="1" maxCrapScore="2" minCrapScore="2" visitedClasses="0" numClasses="0" visitedMethods="0" numMethods="1" />
              <MetadataToken>100663788</MetadataToken>
              <Name>System.Void Xunit.Xunit1ExceptionUtility::.cctor()</Name>
              <FileRef uid="153" />
              <SequencePoints>
                <SequencePoint vc="0" uspid="4384" ordinal="0" offset="0" sl="13" sc="9" el="13" ec="201" bec="0" bev="0" fileid="153" />
                <SequencePoint vc="0" uspid="4385" ordinal="1" offset="17" sl="14" sc="9" el="14" ec="133" bec="0" bev="0" fileid="153" />
              </SequencePoints>
              <BranchPoints />
              <MethodPoint xsi:type="SequencePoint" vc="0" uspid="4384" ordinal="0" offset="0" sl="13" sc="9" el="13" ec="201" bec="0" bev="0" fileid="153" />
            </Method>
          </Methods>
        </Class>
        <Class>
          <Summary numSequencePoints="8" visitedSequencePoints="0" numBranchPoints="8" visitedBranchPoints="0" sequenceCoverage="0" branchCoverage="0" maxCyclomaticComplexity="1" minCyclomaticComplexity="1" maxCrapScore="2" minCrapScore="2" visitedClasses="0" numClasses="1" visitedMethods="0" numMethods="8" />
          <FullName>Xunit.Xunit1ExceptionUtility/FailureInformation</FullName>
          <Methods>
            <Method visited="false" cyclomaticComplexity="1" nPathComplexity="0" sequenceCoverage="0" branchCoverage="0" crapScore="2" isConstructor="false" isStatic="false" isGetter="true" isSetter="false">
              <Summary numSequencePoints="1" visitedSequencePoints="0" numBranchPoints="1" visitedBranchPoints="0" sequenceCoverage="0" branchCoverage="0" maxCyclomaticComplexity="1" minCyclomaticComplexity="1" maxCrapScore="2" minCrapScore="2" visitedClasses="0" numClasses="0" visitedMethods="0" numMethods="1" />
              <MetadataToken>100664927</MetadataToken>
              <Name>System.String[] Xunit.Xunit1ExceptionUtility/FailureInformation::get_ExceptionTypes()</Name>
              <FileRef uid="153" />
              <SequencePoints>
                <SequencePoint vc="0" uspid="4386" ordinal="0" offset="0" sl="90" sc="46" el="90" ec="50" bec="0" bev="0" fileid="153" />
              </SequencePoints>
              <BranchPoints />
              <MethodPoint xsi:type="SequencePoint" vc="0" uspid="4386" ordinal="0" offset="0" sl="90" sc="46" el="90" ec="50" bec="0" bev="0" fileid="153" />
            </Method>
            <Method visited="false" cyclomaticComplexity="1" nPathComplexity="0" sequenceCoverage="0" branchCoverage="0" crapScore="2" isConstructor="false" isStatic="false" isGetter="false" isSetter="true">
              <Summary numSequencePoints="1" visitedSequencePoints="0" numBranchPoints="1" visitedBranchPoints="0" sequenceCoverage="0" branchCoverage="0" maxCyclomaticComplexity="1" minCyclomaticComplexity="1" maxCrapScore="2" minCrapScore="2" visitedClasses="0" numClasses="0" visitedMethods="0" numMethods="1" />
              <MetadataToken>100664928</MetadataToken>
              <Name>System.Void Xunit.Xunit1ExceptionUtility/FailureInformation::set_ExceptionTypes(System.String[])</Name>
              <FileRef uid="153" />
              <SequencePoints>
                <SequencePoint vc="0" uspid="4387" ordinal="0" offset="0" sl="90" sc="51" el="90" ec="55" bec="0" bev="0" fileid="153" />
              </SequencePoints>
              <BranchPoints />
              <MethodPoint xsi:type="SequencePoint" vc="0" uspid="4387" ordinal="0" offset="0" sl="90" sc="51" el="90" ec="55" bec="0" bev="0" fileid="153" />
            </Method>
            <Method visited="false" cyclomaticComplexity="1" nPathComplexity="0" sequenceCoverage="0" branchCoverage="0" crapScore="2" isConstructor="false" isStatic="false" isGetter="true" isSetter="false">
              <Summary numSequencePoints="1" visitedSequencePoints="0" numBranchPoints="1" visitedBranchPoints="0" sequenceCoverage="0" branchCoverage="0" maxCyclomaticComplexity="1" minCyclomaticComplexity="1" maxCrapScore="2" minCrapScore="2" visitedClasses="0" numClasses="0" visitedMethods="0" numMethods="1" />
              <MetadataToken>100664929</MetadataToken>
              <Name>System.String[] Xunit.Xunit1ExceptionUtility/FailureInformation::get_Messages()</Name>
              <FileRef uid="153" />
              <SequencePoints>
                <SequencePoint vc="0" uspid="4388" ordinal="0" offset="0" sl="91" sc="40" el="91" ec="44" bec="0" bev="0" fileid="153" />
              </SequencePoints>
              <BranchPoints />
              <MethodPoint xsi:type="SequencePoint" vc="0" uspid="4388" ordinal="0" offset="0" sl="91" sc="40" el="91" ec="44" bec="0" bev="0" fileid="153" />
            </Method>
            <Method visited="false" cyclomaticComplexity="1" nPathComplexity="0" sequenceCoverage="0" branchCoverage="0" crapScore="2" isConstructor="false" isStatic="false" isGetter="false" isSetter="true">
              <Summary numSequencePoints="1" visitedSequencePoints="0" numBranchPoints="1" visitedBranchPoints="0" sequenceCoverage="0" branchCoverage="0" maxCyclomaticComplexity="1" minCyclomaticComplexity="1" maxCrapScore="2" minCrapScore="2" visitedClasses="0" numClasses="0" visitedMethods="0" numMethods="1" />
              <MetadataToken>100664930</MetadataToken>
              <Name>System.Void Xunit.Xunit1ExceptionUtility/FailureInformation::set_Messages(System.String[])</Name>
              <FileRef uid="153" />
              <SequencePoints>
                <SequencePoint vc="0" uspid="4389" ordinal="0" offset="0" sl="91" sc="45" el="91" ec="49" bec="0" bev="0" fileid="153" />
              </SequencePoints>
              <BranchPoints />
              <MethodPoint xsi:type="SequencePoint" vc="0" uspid="4389" ordinal="0" offset="0" sl="91" sc="45" el="91" ec="49" bec="0" bev="0" fileid="153" />
            </Method>
            <Method visited="false" cyclomaticComplexity="1" nPathComplexity="0" sequenceCoverage="0" branchCoverage="0" crapScore="2" isConstructor="false" isStatic="false" isGetter="true" isSetter="false">
              <Summary numSequencePoints="1" visitedSequencePoints="0" numBranchPoints="1" visitedBranchPoints="0" sequenceCoverage="0" branchCoverage="0" maxCyclomaticComplexity="1" minCyclomaticComplexity="1" maxCrapScore="2" minCrapScore="2" visitedClasses="0" numClasses="0" visitedMethods="0" numMethods="1" />
              <MetadataToken>100664931</MetadataToken>
              <Name>System.String[] Xunit.Xunit1ExceptionUtility/FailureInformation::get_StackTraces()</Name>
              <FileRef uid="153" />
              <SequencePoints>
                <SequencePoint vc="0" uspid="4390" ordinal="0" offset="0" sl="92" sc="43" el="92" ec="47" bec="0" bev="0" fileid="153" />
              </SequencePoints>
              <BranchPoints />
              <MethodPoint xsi:type="SequencePoint" vc="0" uspid="4390" ordinal="0" offset="0" sl="92" sc="43" el="92" ec="47" bec="0" bev="0" fileid="153" />
            </Method>
            <Method visited="false" cyclomaticComplexity="1" nPathComplexity="0" sequenceCoverage="0" branchCoverage="0" crapScore="2" isConstructor="false" isStatic="false" isGetter="false" isSetter="true">
              <Summary numSequencePoints="1" visitedSequencePoints="0" numBranchPoints="1" visitedBranchPoints="0" sequenceCoverage="0" branchCoverage="0" maxCyclomaticComplexity="1" minCyclomaticComplexity="1" maxCrapScore="2" minCrapScore="2" visitedClasses="0" numClasses="0" visitedMethods="0" numMethods="1" />
              <MetadataToken>100664932</MetadataToken>
              <Name>System.Void Xunit.Xunit1ExceptionUtility/FailureInformation::set_StackTraces(System.String[])</Name>
              <FileRef uid="153" />
              <SequencePoints>
                <SequencePoint vc="0" uspid="4391" ordinal="0" offset="0" sl="92" sc="48" el="92" ec="52" bec="0" bev="0" fileid="153" />
              </SequencePoints>
              <BranchPoints />
              <MethodPoint xsi:type="SequencePoint" vc="0" uspid="4391" ordinal="0" offset="0" sl="92" sc="48" el="92" ec="52" bec="0" bev="0" fileid="153" />
            </Method>
            <Method visited="false" cyclomaticComplexity="1" nPathComplexity="0" sequenceCoverage="0" branchCoverage="0" crapScore="2" isConstructor="false" isStatic="false" isGetter="true" isSetter="false">
              <Summary numSequencePoints="1" visitedSequencePoints="0" numBranchPoints="1" visitedBranchPoints="0" sequenceCoverage="0" branchCoverage="0" maxCyclomaticComplexity="1" minCyclomaticComplexity="1" maxCrapScore="2" minCrapScore="2" visitedClasses="0" numClasses="0" visitedMethods="0" numMethods="1" />
              <MetadataToken>100664933</MetadataToken>
              <Name>System.Int32[] Xunit.Xunit1ExceptionUtility/FailureInformation::get_ExceptionParentIndices()</Name>
              <FileRef uid="153" />
              <SequencePoints>
                <SequencePoint vc="0" uspid="4392" ordinal="0" offset="0" sl="93" sc="51" el="93" ec="55" bec="0" bev="0" fileid="153" />
              </SequencePoints>
              <BranchPoints />
              <MethodPoint xsi:type="SequencePoint" vc="0" uspid="4392" ordinal="0" offset="0" sl="93" sc="51" el="93" ec="55" bec="0" bev="0" fileid="153" />
            </Method>
            <Method visited="false" cyclomaticComplexity="1" nPathComplexity="0" sequenceCoverage="0" branchCoverage="0" crapScore="2" isConstructor="false" isStatic="false" isGetter="false" isSetter="true">
              <Summary numSequencePoints="1" visitedSequencePoints="0" numBranchPoints="1" visitedBranchPoints="0" sequenceCoverage="0" branchCoverage="0" maxCyclomaticComplexity="1" minCyclomaticComplexity="1" maxCrapScore="2" minCrapScore="2" visitedClasses="0" numClasses="0" visitedMethods="0" numMethods="1" />
              <MetadataToken>100664934</MetadataToken>
              <Name>System.Void Xunit.Xunit1ExceptionUtility/FailureInformation::set_ExceptionParentIndices(System.Int32[])</Name>
              <FileRef uid="153" />
              <SequencePoints>
                <SequencePoint vc="0" uspid="4393" ordinal="0" offset="0" sl="93" sc="56" el="93" ec="60" bec="0" bev="0" fileid="153" />
              </SequencePoints>
              <BranchPoints />
              <MethodPoint xsi:type="SequencePoint" vc="0" uspid="4393" ordinal="0" offset="0" sl="93" sc="56" el="93" ec="60" bec="0" bev="0" fileid="153" />
            </Method>
            <Method visited="false" cyclomaticComplexity="1" nPathComplexity="0" sequenceCoverage="0" branchCoverage="0" crapScore="2" isConstructor="true" isStatic="false" isGetter="false" isSetter="false">
              <Summary numSequencePoints="0" visitedSequencePoints="0" numBranchPoints="0" visitedBranchPoints="0" sequenceCoverage="0" branchCoverage="0" maxCyclomaticComplexity="1" minCyclomaticComplexity="1" maxCrapScore="2" minCrapScore="2" visitedClasses="0" numClasses="0" visitedMethods="0" numMethods="0" />
              <MetadataToken>100664935</MetadataToken>
              <Name>System.Void Xunit.Xunit1ExceptionUtility/FailureInformation::.ctor()</Name>
              <SequencePoints />
              <BranchPoints />
              <MethodPoint vc="0" uspid="4394" ordinal="0" offset="0" />
            </Method>
          </Methods>
        </Class>
        <Class>
          <Summary numSequencePoints="20" visitedSequencePoints="0" numBranchPoints="8" visitedBranchPoints="0" sequenceCoverage="0" branchCoverage="0" maxCyclomaticComplexity="1" minCyclomaticComplexity="1" maxCrapScore="2" minCrapScore="2" visitedClasses="0" numClasses="1" visitedMethods="0" numMethods="8" />
          <FullName>Xunit.Xunit1Executor</FullName>
          <Methods>
            <Method visited="false" cyclomaticComplexity="1" nPathComplexity="0" sequenceCoverage="0" branchCoverage="0" crapScore="2" isConstructor="false" isStatic="false" isGetter="true" isSetter="false">
              <Summary numSequencePoints="1" visitedSequencePoints="0" numBranchPoints="1" visitedBranchPoints="0" sequenceCoverage="0" branchCoverage="0" maxCyclomaticComplexity="1" minCyclomaticComplexity="1" maxCrapScore="2" minCrapScore="2" visitedClasses="0" numClasses="0" visitedMethods="0" numMethods="1" />
              <MetadataToken>100663790</MetadataToken>
              <Name>System.String Xunit.Xunit1Executor::get_TestFrameworkDisplayName()</Name>
              <FileRef uid="155" />
              <SequencePoints>
                <SequencePoint vc="0" uspid="4395" ordinal="0" offset="0" sl="46" sc="50" el="46" ec="54" bec="0" bev="0" fileid="155" />
              </SequencePoints>
              <BranchPoints />
              <MethodPoint xsi:type="SequencePoint" vc="0" uspid="4395" ordinal="0" offset="0" sl="46" sc="50" el="46" ec="54" bec="0" bev="0" fileid="155" />
            </Method>
            <Method visited="false" cyclomaticComplexity="1" nPathComplexity="0" sequenceCoverage="0" branchCoverage="0" crapScore="2" isConstructor="false" isStatic="false" isGetter="false" isSetter="true">
              <Summary numSequencePoints="1" visitedSequencePoints="0" numBranchPoints="1" visitedBranchPoints="0" sequenceCoverage="0" branchCoverage="0" maxCyclomaticComplexity="1" minCyclomaticComplexity="1" maxCrapScore="2" minCrapScore="2" visitedClasses="0" numClasses="0" visitedMethods="0" numMethods="1" />
              <MetadataToken>100663791</MetadataToken>
              <Name>System.Void Xunit.Xunit1Executor::set_TestFrameworkDisplayName(System.String)</Name>
              <FileRef uid="155" />
              <SequencePoints>
                <SequencePoint vc="0" uspid="4396" ordinal="0" offset="0" sl="46" sc="55" el="46" ec="67" bec="0" bev="0" fileid="155" />
              </SequencePoints>
              <BranchPoints />
              <MethodPoint xsi:type="SequencePoint" vc="0" uspid="4396" ordinal="0" offset="0" sl="46" sc="55" el="46" ec="67" bec="0" bev="0" fileid="155" />
            </Method>
            <Method visited="false" cyclomaticComplexity="1" nPathComplexity="0" sequenceCoverage="0" branchCoverage="0" crapScore="2" isConstructor="true" isStatic="false" isGetter="false" isSetter="false">
              <Summary numSequencePoints="7" visitedSequencePoints="0" numBranchPoints="1" visitedBranchPoints="0" sequenceCoverage="0" branchCoverage="0" maxCyclomaticComplexity="1" minCyclomaticComplexity="1" maxCrapScore="2" minCrapScore="2" visitedClasses="0" numClasses="0" visitedMethods="0" numMethods="1" />
              <MetadataToken>100663789</MetadataToken>
              <Name>System.Void Xunit.Xunit1Executor::.ctor(System.Boolean,System.String,System.String,System.Boolean,System.String)</Name>
              <FileRef uid="155" />
              <SequencePoints>
                <SequencePoint vc="0" uspid="4397" ordinal="0" offset="0" sl="32" sc="9" el="36" ec="62" bec="0" bev="0" fileid="155" />
                <SequencePoint vc="0" uspid="4398" ordinal="1" offset="6" sl="38" sc="13" el="38" ec="138" bec="0" bev="0" fileid="155" />
                <SequencePoint vc="0" uspid="4399" ordinal="2" offset="24" sl="39" sc="13" el="39" ec="76" bec="0" bev="0" fileid="155" />
                <SequencePoint vc="0" uspid="4400" ordinal="3" offset="36" sl="40" sc="13" el="40" ec="81" bec="0" bev="0" fileid="155" />
                <SequencePoint vc="0" uspid="4401" ordinal="4" offset="53" sl="41" sc="13" el="41" ec="81" bec="0" bev="0" fileid="155" />
                <SequencePoint vc="0" uspid="4402" ordinal="5" offset="80" sl="42" sc="13" el="42" ec="158" bec="0" bev="0" fileid="155" />
                <SequencePoint vc="0" uspid="4403" ordinal="6" offset="126" sl="43" sc="9" el="43" ec="10" bec="0" bev="0" fileid="155" />
              </SequencePoints>
              <BranchPoints />
              <MethodPoint xsi:type="SequencePoint" vc="0" uspid="4397" ordinal="0" offset="0" sl="32" sc="9" el="36" ec="62" bec="0" bev="0" fileid="155" />
            </Method>
            <Method visited="false" cyclomaticComplexity="1" nPathComplexity="0" sequenceCoverage="0" branchCoverage="0" crapScore="2" isConstructor="false" isStatic="false" isGetter="false" isSetter="false">
              <Summary numSequencePoints="1" visitedSequencePoints="0" numBranchPoints="1" visitedBranchPoints="0" sequenceCoverage="0" branchCoverage="0" maxCyclomaticComplexity="1" minCyclomaticComplexity="1" maxCrapScore="2" minCrapScore="2" visitedClasses="0" numClasses="0" visitedMethods="0" numMethods="1" />
              <MetadataToken>100663792</MetadataToken>
              <Name>System.Object Xunit.Xunit1Executor::CreateObject(System.String,System.Object[])</Name>
              <FileRef uid="155" />
              <SequencePoints>
                <SequencePoint vc="0" uspid="4404" ordinal="0" offset="0" sl="50" sc="13" el="50" ec="86" bec="0" bev="0" fileid="155" />
              </SequencePoints>
              <BranchPoints />
              <MethodPoint xsi:type="SequencePoint" vc="0" uspid="4404" ordinal="0" offset="0" sl="50" sc="13" el="50" ec="86" bec="0" bev="0" fileid="155" />
            </Method>
            <Method visited="false" cyclomaticComplexity="1" nPathComplexity="0" sequenceCoverage="0" branchCoverage="0" crapScore="2" isConstructor="false" isStatic="false" isGetter="false" isSetter="false">
              <Summary numSequencePoints="2" visitedSequencePoints="0" numBranchPoints="1" visitedBranchPoints="0" sequenceCoverage="0" branchCoverage="0" maxCyclomaticComplexity="1" minCyclomaticComplexity="1" maxCrapScore="2" minCrapScore="2" visitedClasses="0" numClasses="0" visitedMethods="0" numMethods="1" />
              <MetadataToken>100663793</MetadataToken>
              <Name>System.Void Xunit.Xunit1Executor::Dispose()</Name>
              <FileRef uid="155" />
              <SequencePoints>
                <SequencePoint vc="0" uspid="4405" ordinal="0" offset="0" sl="56" sc="13" el="56" ec="37" bec="0" bev="0" fileid="155" />
                <SequencePoint vc="0" uspid="4406" ordinal="1" offset="11" sl="57" sc="9" el="57" ec="10" bec="0" bev="0" fileid="155" />
              </SequencePoints>
              <BranchPoints />
              <MethodPoint xsi:type="SequencePoint" vc="0" uspid="4405" ordinal="0" offset="0" sl="56" sc="13" el="56" ec="37" bec="0" bev="0" fileid="155" />
            </Method>
            <Method visited="false" cyclomaticComplexity="1" nPathComplexity="0" sequenceCoverage="0" branchCoverage="0" crapScore="2" isConstructor="false" isStatic="false" isGetter="false" isSetter="false">
              <Summary numSequencePoints="2" visitedSequencePoints="0" numBranchPoints="1" visitedBranchPoints="0" sequenceCoverage="0" branchCoverage="0" maxCyclomaticComplexity="1" minCyclomaticComplexity="1" maxCrapScore="2" minCrapScore="2" visitedClasses="0" numClasses="0" visitedMethods="0" numMethods="1" />
              <MetadataToken>100663794</MetadataToken>
              <Name>System.Void Xunit.Xunit1Executor::EnumerateTests(System.Web.UI.ICallbackEventHandler)</Name>
              <FileRef uid="155" />
              <SequencePoints>
                <SequencePoint vc="0" uspid="4407" ordinal="0" offset="0" sl="62" sc="13" el="62" ec="82" bec="0" bev="0" fileid="155" />
                <SequencePoint vc="0" uspid="4408" ordinal="1" offset="31" sl="63" sc="9" el="63" ec="10" bec="0" bev="0" fileid="155" />
              </SequencePoints>
              <BranchPoints />
              <MethodPoint xsi:type="SequencePoint" vc="0" uspid="4407" ordinal="0" offset="0" sl="62" sc="13" el="62" ec="82" bec="0" bev="0" fileid="155" />
            </Method>
            <Method visited="false" cyclomaticComplexity="1" nPathComplexity="0" sequenceCoverage="0" branchCoverage="0" crapScore="2" isConstructor="false" isStatic="true" isGetter="false" isSetter="false">
              <Summary numSequencePoints="4" visitedSequencePoints="0" numBranchPoints="1" visitedBranchPoints="0" sequenceCoverage="0" branchCoverage="0" maxCyclomaticComplexity="1" minCyclomaticComplexity="1" maxCrapScore="2" minCrapScore="2" visitedClasses="0" numClasses="0" visitedMethods="0" numMethods="1" />
              <MetadataToken>100663795</MetadataToken>
              <Name>System.String Xunit.Xunit1Executor::GetXunitAssemblyPath(System.String)</Name>
              <FileRef uid="155" />
              <SequencePoints>
                <SequencePoint vc="0" uspid="4409" ordinal="0" offset="0" sl="67" sc="13" el="67" ec="76" bec="0" bev="0" fileid="155" />
                <SequencePoint vc="0" uspid="4410" ordinal="1" offset="11" sl="69" sc="13" el="69" ec="100" bec="0" bev="0" fileid="155" />
                <SequencePoint vc="0" uspid="4411" ordinal="2" offset="28" sl="70" sc="13" el="70" ec="65" bec="0" bev="0" fileid="155" />
                <SequencePoint vc="0" uspid="4412" ordinal="3" offset="39" sl="72" sc="13" el="72" ec="30" bec="0" bev="0" fileid="155" />
              </SequencePoints>
              <BranchPoints />
              <MethodPoint xsi:type="SequencePoint" vc="0" uspid="4409" ordinal="0" offset="0" sl="67" sc="13" el="67" ec="76" bec="0" bev="0" fileid="155" />
            </Method>
            <Method visited="false" cyclomaticComplexity="1" nPathComplexity="0" sequenceCoverage="0" branchCoverage="0" crapScore="2" isConstructor="false" isStatic="false" isGetter="false" isSetter="false">
              <Summary numSequencePoints="2" visitedSequencePoints="0" numBranchPoints="1" visitedBranchPoints="0" sequenceCoverage="0" branchCoverage="0" maxCyclomaticComplexity="1" minCyclomaticComplexity="1" maxCrapScore="2" minCrapScore="2" visitedClasses="0" numClasses="0" visitedMethods="0" numMethods="1" />
              <MetadataToken>100663796</MetadataToken>
              <Name>System.Void Xunit.Xunit1Executor::RunTests(System.String,System.Collections.Generic.List`1&lt;System.String&gt;,System.Web.UI.ICallbackEventHandler)</Name>
              <FileRef uid="155" />
              <SequencePoints>
                <SequencePoint vc="0" uspid="4413" ordinal="0" offset="0" sl="78" sc="13" el="78" ec="91" bec="0" bev="0" fileid="155" />
                <SequencePoint vc="0" uspid="4414" ordinal="1" offset="39" sl="79" sc="9" el="79" ec="10" bec="0" bev="0" fileid="155" />
              </SequencePoints>
              <BranchPoints />
              <MethodPoint xsi:type="SequencePoint" vc="0" uspid="4413" ordinal="0" offset="0" sl="78" sc="13" el="78" ec="91" bec="0" bev="0" fileid="155" />
            </Method>
          </Methods>
        </Class>
        <Class>
          <Summary numSequencePoints="44" visitedSequencePoints="0" numBranchPoints="39" visitedBranchPoints="0" sequenceCoverage="0" branchCoverage="0" maxCyclomaticComplexity="2" minCyclomaticComplexity="1" maxCrapScore="6" minCrapScore="2" visitedClasses="0" numClasses="1" visitedMethods="0" numMethods="37" />
          <FullName>Xunit.Xunit1ReflectionWrapper</FullName>
          <Methods>
            <Method visited="false" cyclomaticComplexity="1" nPathComplexity="0" sequenceCoverage="0" branchCoverage="0" crapScore="2" isConstructor="false" isStatic="false" isGetter="true" isSetter="false">
              <Summary numSequencePoints="1" visitedSequencePoints="0" numBranchPoints="1" visitedBranchPoints="0" sequenceCoverage="0" branchCoverage="0" maxCyclomaticComplexity="1" minCyclomaticComplexity="1" maxCrapScore="2" minCrapScore="2" visitedClasses="0" numClasses="0" visitedMethods="0" numMethods="1" />
              <MetadataToken>100663798</MetadataToken>
              <Name>System.String Xunit.Xunit1ReflectionWrapper::get_AssemblyFileName()</Name>
              <FileRef uid="156" />
              <SequencePoints>
                <SequencePoint vc="0" uspid="4415" ordinal="0" offset="0" sl="34" sc="42" el="34" ec="46" bec="0" bev="0" fileid="156" />
              </SequencePoints>
              <BranchPoints />
              <MethodPoint xsi:type="SequencePoint" vc="0" uspid="4415" ordinal="0" offset="0" sl="34" sc="42" el="34" ec="46" bec="0" bev="0" fileid="156" />
            </Method>
            <Method visited="false" cyclomaticComplexity="1" nPathComplexity="0" sequenceCoverage="0" branchCoverage="0" crapScore="2" isConstructor="false" isStatic="false" isGetter="false" isSetter="true">
              <Summary numSequencePoints="1" visitedSequencePoints="0" numBranchPoints="1" visitedBranchPoints="0" sequenceCoverage="0" branchCoverage="0" maxCyclomaticComplexity="1" minCyclomaticComplexity="1" maxCrapScore="2" minCrapScore="2" visitedClasses="0" numClasses="0" visitedMethods="0" numMethods="1" />
              <MetadataToken>100663799</MetadataToken>
              <Name>System.Void Xunit.Xunit1ReflectionWrapper::set_AssemblyFileName(System.String)</Name>
              <FileRef uid="156" />
              <SequencePoints>
                <SequencePoint vc="0" uspid="4416" ordinal="0" offset="0" sl="34" sc="47" el="34" ec="59" bec="0" bev="0" fileid="156" />
              </SequencePoints>
              <BranchPoints />
              <MethodPoint xsi:type="SequencePoint" vc="0" uspid="4416" ordinal="0" offset="0" sl="34" sc="47" el="34" ec="59" bec="0" bev="0" fileid="156" />
            </Method>
            <Method visited="false" cyclomaticComplexity="1" nPathComplexity="0" sequenceCoverage="0" branchCoverage="0" crapScore="2" isConstructor="false" isStatic="false" isGetter="true" isSetter="false">
              <Summary numSequencePoints="1" visitedSequencePoints="0" numBranchPoints="1" visitedBranchPoints="0" sequenceCoverage="0" branchCoverage="0" maxCyclomaticComplexity="1" minCyclomaticComplexity="1" maxCrapScore="2" minCrapScore="2" visitedClasses="0" numClasses="0" visitedMethods="0" numMethods="1" />
              <MetadataToken>100663800</MetadataToken>
              <Name>System.String Xunit.Xunit1ReflectionWrapper::get_MethodName()</Name>
              <FileRef uid="156" />
              <SequencePoints>
                <SequencePoint vc="0" uspid="4417" ordinal="0" offset="0" sl="39" sc="36" el="39" ec="40" bec="0" bev="0" fileid="156" />
              </SequencePoints>
              <BranchPoints />
              <MethodPoint xsi:type="SequencePoint" vc="0" uspid="4417" ordinal="0" offset="0" sl="39" sc="36" el="39" ec="40" bec="0" bev="0" fileid="156" />
            </Method>
            <Method visited="false" cyclomaticComplexity="1" nPathComplexity="0" sequenceCoverage="0" branchCoverage="0" crapScore="2" isConstructor="false" isStatic="false" isGetter="false" isSetter="true">
              <Summary numSequencePoints="1" visitedSequencePoints="0" numBranchPoints="1" visitedBranchPoints="0" sequenceCoverage="0" branchCoverage="0" maxCyclomaticComplexity="1" minCyclomaticComplexity="1" maxCrapScore="2" minCrapScore="2" visitedClasses="0" numClasses="0" visitedMethods="0" numMethods="1" />
              <MetadataToken>100663801</MetadataToken>
              <Name>System.Void Xunit.Xunit1ReflectionWrapper::set_MethodName(System.String)</Name>
              <FileRef uid="156" />
              <SequencePoints>
                <SequencePoint vc="0" uspid="4418" ordinal="0" offset="0" sl="39" sc="41" el="39" ec="53" bec="0" bev="0" fileid="156" />
              </SequencePoints>
              <BranchPoints />
              <MethodPoint xsi:type="SequencePoint" vc="0" uspid="4418" ordinal="0" offset="0" sl="39" sc="41" el="39" ec="53" bec="0" bev="0" fileid="156" />
            </Method>
            <Method visited="false" cyclomaticComplexity="1" nPathComplexity="0" sequenceCoverage="0" branchCoverage="0" crapScore="2" isConstructor="false" isStatic="false" isGetter="true" isSetter="false">
              <Summary numSequencePoints="1" visitedSequencePoints="0" numBranchPoints="1" visitedBranchPoints="0" sequenceCoverage="0" branchCoverage="0" maxCyclomaticComplexity="1" minCyclomaticComplexity="1" maxCrapScore="2" minCrapScore="2" visitedClasses="0" numClasses="0" visitedMethods="0" numMethods="1" />
              <MetadataToken>100663802</MetadataToken>
              <Name>System.String Xunit.Xunit1ReflectionWrapper::get_TypeName()</Name>
              <FileRef uid="156" />
              <SequencePoints>
                <SequencePoint vc="0" uspid="4419" ordinal="0" offset="0" sl="44" sc="34" el="44" ec="38" bec="0" bev="0" fileid="156" />
              </SequencePoints>
              <BranchPoints />
              <MethodPoint xsi:type="SequencePoint" vc="0" uspid="4419" ordinal="0" offset="0" sl="44" sc="34" el="44" ec="38" bec="0" bev="0" fileid="156" />
            </Method>
            <Method visited="false" cyclomaticComplexity="1" nPathComplexity="0" sequenceCoverage="0" branchCoverage="0" crapScore="2" isConstructor="false" isStatic="false" isGetter="false" isSetter="true">
              <Summary numSequencePoints="1" visitedSequencePoints="0" numBranchPoints="1" visitedBranchPoints="0" sequenceCoverage="0" branchCoverage="0" maxCyclomaticComplexity="1" minCyclomaticComplexity="1" maxCrapScore="2" minCrapScore="2" visitedClasses="0" numClasses="0" visitedMethods="0" numMethods="1" />
              <MetadataToken>100663803</MetadataToken>
              <Name>System.Void Xunit.Xunit1ReflectionWrapper::set_TypeName(System.String)</Name>
              <FileRef uid="156" />
              <SequencePoints>
                <SequencePoint vc="0" uspid="4420" ordinal="0" offset="0" sl="44" sc="39" el="44" ec="51" bec="0" bev="0" fileid="156" />
              </SequencePoints>
              <BranchPoints />
              <MethodPoint xsi:type="SequencePoint" vc="0" uspid="4420" ordinal="0" offset="0" sl="44" sc="39" el="44" ec="51" bec="0" bev="0" fileid="156" />
            </Method>
            <Method visited="false" cyclomaticComplexity="1" nPathComplexity="0" sequenceCoverage="0" branchCoverage="0" crapScore="2" isConstructor="false" isStatic="false" isGetter="true" isSetter="false">
              <Summary numSequencePoints="1" visitedSequencePoints="0" numBranchPoints="1" visitedBranchPoints="0" sequenceCoverage="0" branchCoverage="0" maxCyclomaticComplexity="1" minCyclomaticComplexity="1" maxCrapScore="2" minCrapScore="2" visitedClasses="0" numClasses="0" visitedMethods="0" numMethods="1" />
              <MetadataToken>100663804</MetadataToken>
              <Name>System.String Xunit.Xunit1ReflectionWrapper::get_UniqueID()</Name>
              <FileRef uid="156" />
              <SequencePoints>
                <SequencePoint vc="0" uspid="4421" ordinal="0" offset="0" sl="49" sc="34" el="49" ec="38" bec="0" bev="0" fileid="156" />
              </SequencePoints>
              <BranchPoints />
              <MethodPoint xsi:type="SequencePoint" vc="0" uspid="4421" ordinal="0" offset="0" sl="49" sc="34" el="49" ec="38" bec="0" bev="0" fileid="156" />
            </Method>
            <Method visited="false" cyclomaticComplexity="1" nPathComplexity="0" sequenceCoverage="0" branchCoverage="0" crapScore="2" isConstructor="false" isStatic="false" isGetter="false" isSetter="true">
              <Summary numSequencePoints="1" visitedSequencePoints="0" numBranchPoints="1" visitedBranchPoints="0" sequenceCoverage="0" branchCoverage="0" maxCyclomaticComplexity="1" minCyclomaticComplexity="1" maxCrapScore="2" minCrapScore="2" visitedClasses="0" numClasses="0" visitedMethods="0" numMethods="1" />
              <MetadataToken>100663805</MetadataToken>
              <Name>System.Void Xunit.Xunit1ReflectionWrapper::set_UniqueID(System.String)</Name>
              <FileRef uid="156" />
              <SequencePoints>
                <SequencePoint vc="0" uspid="4422" ordinal="0" offset="0" sl="49" sc="39" el="49" ec="51" bec="0" bev="0" fileid="156" />
              </SequencePoints>
              <BranchPoints />
              <MethodPoint xsi:type="SequencePoint" vc="0" uspid="4422" ordinal="0" offset="0" sl="49" sc="39" el="49" ec="51" bec="0" bev="0" fileid="156" />
            </Method>
            <Method visited="false" cyclomaticComplexity="1" nPathComplexity="0" sequenceCoverage="0" branchCoverage="0" crapScore="2" isConstructor="false" isStatic="false" isGetter="true" isSetter="false">
              <Summary numSequencePoints="1" visitedSequencePoints="0" numBranchPoints="1" visitedBranchPoints="0" sequenceCoverage="0" branchCoverage="0" maxCyclomaticComplexity="1" minCyclomaticComplexity="1" maxCrapScore="2" minCrapScore="2" visitedClasses="0" numClasses="0" visitedMethods="0" numMethods="1" />
              <MetadataToken>100663806</MetadataToken>
              <Name>System.String Xunit.Xunit1ReflectionWrapper::Xunit.Abstractions.IAssemblyInfo.get_AssemblyPath()</Name>
              <FileRef uid="156" />
              <SequencePoints>
                <SequencePoint vc="0" uspid="4423" ordinal="0" offset="0" sl="55" sc="19" el="55" ec="43" bec="0" bev="0" fileid="156" />
              </SequencePoints>
              <BranchPoints />
              <MethodPoint xsi:type="SequencePoint" vc="0" uspid="4423" ordinal="0" offset="0" sl="55" sc="19" el="55" ec="43" bec="0" bev="0" fileid="156" />
            </Method>
            <Method visited="false" cyclomaticComplexity="1" nPathComplexity="0" sequenceCoverage="0" branchCoverage="0" crapScore="2" isConstructor="false" isStatic="false" isGetter="true" isSetter="false">
              <Summary numSequencePoints="1" visitedSequencePoints="0" numBranchPoints="1" visitedBranchPoints="0" sequenceCoverage="0" branchCoverage="0" maxCyclomaticComplexity="1" minCyclomaticComplexity="1" maxCrapScore="2" minCrapScore="2" visitedClasses="0" numClasses="0" visitedMethods="0" numMethods="1" />
              <MetadataToken>100663807</MetadataToken>
              <Name>System.String Xunit.Xunit1ReflectionWrapper::Xunit.Abstractions.IAssemblyInfo.get_Name()</Name>
              <FileRef uid="156" />
              <SequencePoints>
                <SequencePoint vc="0" uspid="4424" ordinal="0" offset="0" sl="60" sc="19" el="60" ec="77" bec="0" bev="0" fileid="156" />
              </SequencePoints>
              <BranchPoints />
              <MethodPoint xsi:type="SequencePoint" vc="0" uspid="4424" ordinal="0" offset="0" sl="60" sc="19" el="60" ec="77" bec="0" bev="0" fileid="156" />
            </Method>
            <Method visited="false" cyclomaticComplexity="1" nPathComplexity="0" sequenceCoverage="0" branchCoverage="0" crapScore="2" isConstructor="false" isStatic="false" isGetter="true" isSetter="false">
              <Summary numSequencePoints="1" visitedSequencePoints="0" numBranchPoints="1" visitedBranchPoints="0" sequenceCoverage="0" branchCoverage="0" maxCyclomaticComplexity="1" minCyclomaticComplexity="1" maxCrapScore="2" minCrapScore="2" visitedClasses="0" numClasses="0" visitedMethods="0" numMethods="1" />
              <MetadataToken>100663811</MetadataToken>
              <Name>System.Boolean Xunit.Xunit1ReflectionWrapper::Xunit.Abstractions.IMethodInfo.get_IsAbstract()</Name>
              <FileRef uid="156" />
              <SequencePoints>
                <SequencePoint vc="0" uspid="4425" ordinal="0" offset="0" sl="85" sc="19" el="85" ec="32" bec="0" bev="0" fileid="156" />
              </SequencePoints>
              <BranchPoints />
              <MethodPoint xsi:type="SequencePoint" vc="0" uspid="4425" ordinal="0" offset="0" sl="85" sc="19" el="85" ec="32" bec="0" bev="0" fileid="156" />
            </Method>
            <Method visited="false" cyclomaticComplexity="1" nPathComplexity="0" sequenceCoverage="0" branchCoverage="0" crapScore="2" isConstructor="false" isStatic="false" isGetter="true" isSetter="false">
              <Summary numSequencePoints="1" visitedSequencePoints="0" numBranchPoints="1" visitedBranchPoints="0" sequenceCoverage="0" branchCoverage="0" maxCyclomaticComplexity="1" minCyclomaticComplexity="1" maxCrapScore="2" minCrapScore="2" visitedClasses="0" numClasses="0" visitedMethods="0" numMethods="1" />
              <MetadataToken>100663812</MetadataToken>
              <Name>System.Boolean Xunit.Xunit1ReflectionWrapper::Xunit.Abstractions.IMethodInfo.get_IsGenericMethodDefinition()</Name>
              <FileRef uid="156" />
              <SequencePoints>
                <SequencePoint vc="0" uspid="4426" ordinal="0" offset="0" sl="90" sc="19" el="90" ec="32" bec="0" bev="0" fileid="156" />
              </SequencePoints>
              <BranchPoints />
              <MethodPoint xsi:type="SequencePoint" vc="0" uspid="4426" ordinal="0" offset="0" sl="90" sc="19" el="90" ec="32" bec="0" bev="0" fileid="156" />
            </Method>
            <Method visited="false" cyclomaticComplexity="1" nPathComplexity="0" sequenceCoverage="0" branchCoverage="0" crapScore="2" isConstructor="false" isStatic="false" isGetter="true" isSetter="false">
              <Summary numSequencePoints="1" visitedSequencePoints="0" numBranchPoints="1" visitedBranchPoints="0" sequenceCoverage="0" branchCoverage="0" maxCyclomaticComplexity="1" minCyclomaticComplexity="1" maxCrapScore="2" minCrapScore="2" visitedClasses="0" numClasses="0" visitedMethods="0" numMethods="1" />
              <MetadataToken>100663813</MetadataToken>
              <Name>System.Boolean Xunit.Xunit1ReflectionWrapper::Xunit.Abstractions.IMethodInfo.get_IsPublic()</Name>
              <FileRef uid="156" />
              <SequencePoints>
                <SequencePoint vc="0" uspid="4427" ordinal="0" offset="0" sl="95" sc="19" el="95" ec="31" bec="0" bev="0" fileid="156" />
              </SequencePoints>
              <BranchPoints />
              <MethodPoint xsi:type="SequencePoint" vc="0" uspid="4427" ordinal="0" offset="0" sl="95" sc="19" el="95" ec="31" bec="0" bev="0" fileid="156" />
            </Method>
            <Method visited="false" cyclomaticComplexity="1" nPathComplexity="0" sequenceCoverage="0" branchCoverage="0" crapScore="2" isConstructor="false" isStatic="false" isGetter="true" isSetter="false">
              <Summary numSequencePoints="1" visitedSequencePoints="0" numBranchPoints="1" visitedBranchPoints="0" sequenceCoverage="0" branchCoverage="0" maxCyclomaticComplexity="1" minCyclomaticComplexity="1" maxCrapScore="2" minCrapScore="2" visitedClasses="0" numClasses="0" visitedMethods="0" numMethods="1" />
              <MetadataToken>100663814</MetadataToken>
              <Name>System.Boolean Xunit.Xunit1ReflectionWrapper::Xunit.Abstractions.IMethodInfo.get_IsStatic()</Name>
              <FileRef uid="156" />
              <SequencePoints>
                <SequencePoint vc="0" uspid="4428" ordinal="0" offset="0" sl="100" sc="19" el="100" ec="32" bec="0" bev="0" fileid="156" />
              </SequencePoints>
              <BranchPoints />
              <MethodPoint xsi:type="SequencePoint" vc="0" uspid="4428" ordinal="0" offset="0" sl="100" sc="19" el="100" ec="32" bec="0" bev="0" fileid="156" />
            </Method>
            <Method visited="false" cyclomaticComplexity="1" nPathComplexity="0" sequenceCoverage="0" branchCoverage="0" crapScore="2" isConstructor="false" isStatic="false" isGetter="true" isSetter="false">
              <Summary numSequencePoints="1" visitedSequencePoints="0" numBranchPoints="1" visitedBranchPoints="0" sequenceCoverage="0" branchCoverage="0" maxCyclomaticComplexity="1" minCyclomaticComplexity="1" maxCrapScore="2" minCrapScore="2" visitedClasses="0" numClasses="0" visitedMethods="0" numMethods="1" />
              <MetadataToken>100663815</MetadataToken>
              <Name>System.String Xunit.Xunit1ReflectionWrapper::Xunit.Abstractions.IMethodInfo.get_Name()</Name>
              <FileRef uid="156" />
              <SequencePoints>
                <SequencePoint vc="0" uspid="4429" ordinal="0" offset="0" sl="105" sc="19" el="105" ec="37" bec="0" bev="0" fileid="156" />
              </SequencePoints>
              <BranchPoints />
              <MethodPoint xsi:type="SequencePoint" vc="0" uspid="4429" ordinal="0" offset="0" sl="105" sc="19" el="105" ec="37" bec="0" bev="0" fileid="156" />
            </Method>
            <Method visited="false" cyclomaticComplexity="1" nPathComplexity="0" sequenceCoverage="0" branchCoverage="0" crapScore="2" isConstructor="false" isStatic="false" isGetter="true" isSetter="false">
              <Summary numSequencePoints="1" visitedSequencePoints="0" numBranchPoints="1" visitedBranchPoints="0" sequenceCoverage="0" branchCoverage="0" maxCyclomaticComplexity="1" minCyclomaticComplexity="1" maxCrapScore="2" minCrapScore="2" visitedClasses="0" numClasses="0" visitedMethods="0" numMethods="1" />
              <MetadataToken>100663816</MetadataToken>
              <Name>Xunit.Abstractions.ITypeInfo Xunit.Xunit1ReflectionWrapper::Xunit.Abstractions.IMethodInfo.get_ReturnType()</Name>
              <FileRef uid="156" />
              <SequencePoints>
                <SequencePoint vc="0" uspid="4430" ordinal="0" offset="0" sl="110" sc="19" el="110" ec="35" bec="0" bev="0" fileid="156" />
              </SequencePoints>
              <BranchPoints />
              <MethodPoint xsi:type="SequencePoint" vc="0" uspid="4430" ordinal="0" offset="0" sl="110" sc="19" el="110" ec="35" bec="0" bev="0" fileid="156" />
            </Method>
            <Method visited="false" cyclomaticComplexity="1" nPathComplexity="0" sequenceCoverage="0" branchCoverage="0" crapScore="2" isConstructor="false" isStatic="false" isGetter="true" isSetter="false">
              <Summary numSequencePoints="1" visitedSequencePoints="0" numBranchPoints="1" visitedBranchPoints="0" sequenceCoverage="0" branchCoverage="0" maxCyclomaticComplexity="1" minCyclomaticComplexity="1" maxCrapScore="2" minCrapScore="2" visitedClasses="0" numClasses="0" visitedMethods="0" numMethods="1" />
              <MetadataToken>100663817</MetadataToken>
              <Name>Xunit.Abstractions.ITypeInfo Xunit.Xunit1ReflectionWrapper::Xunit.Abstractions.IMethodInfo.get_Type()</Name>
              <FileRef uid="156" />
              <SequencePoints>
                <SequencePoint vc="0" uspid="4431" ordinal="0" offset="0" sl="115" sc="19" el="115" ec="31" bec="0" bev="0" fileid="156" />
              </SequencePoints>
              <BranchPoints />
              <MethodPoint xsi:type="SequencePoint" vc="0" uspid="4431" ordinal="0" offset="0" sl="115" sc="19" el="115" ec="31" bec="0" bev="0" fileid="156" />
            </Method>
            <Method visited="false" cyclomaticComplexity="1" nPathComplexity="0" sequenceCoverage="0" branchCoverage="0" crapScore="2" isConstructor="false" isStatic="false" isGetter="true" isSetter="false">
              <Summary numSequencePoints="1" visitedSequencePoints="0" numBranchPoints="1" visitedBranchPoints="0" sequenceCoverage="0" branchCoverage="0" maxCyclomaticComplexity="1" minCyclomaticComplexity="1" maxCrapScore="2" minCrapScore="2" visitedClasses="0" numClasses="0" visitedMethods="0" numMethods="1" />
              <MetadataToken>100663822</MetadataToken>
              <Name>Xunit.Abstractions.IAssemblyInfo Xunit.Xunit1ReflectionWrapper::Xunit.Abstractions.ITypeInfo.get_Assembly()</Name>
              <FileRef uid="156" />
              <SequencePoints>
                <SequencePoint vc="0" uspid="4432" ordinal="0" offset="0" sl="142" sc="19" el="142" ec="31" bec="0" bev="0" fileid="156" />
              </SequencePoints>
              <BranchPoints />
              <MethodPoint xsi:type="SequencePoint" vc="0" uspid="4432" ordinal="0" offset="0" sl="142" sc="19" el="142" ec="31" bec="0" bev="0" fileid="156" />
            </Method>
            <Method visited="false" cyclomaticComplexity="1" nPathComplexity="0" sequenceCoverage="0" branchCoverage="0" crapScore="2" isConstructor="false" isStatic="false" isGetter="true" isSetter="false">
              <Summary numSequencePoints="1" visitedSequencePoints="0" numBranchPoints="1" visitedBranchPoints="0" sequenceCoverage="0" branchCoverage="0" maxCyclomaticComplexity="1" minCyclomaticComplexity="1" maxCrapScore="2" minCrapScore="2" visitedClasses="0" numClasses="0" visitedMethods="0" numMethods="1" />
              <MetadataToken>100663823</MetadataToken>
              <Name>Xunit.Abstractions.ITypeInfo Xunit.Xunit1ReflectionWrapper::Xunit.Abstractions.ITypeInfo.get_BaseType()</Name>
              <FileRef uid="156" />
              <SequencePoints>
                <SequencePoint vc="0" uspid="4433" ordinal="0" offset="0" sl="147" sc="19" el="147" ec="31" bec="0" bev="0" fileid="156" />
              </SequencePoints>
              <BranchPoints />
              <MethodPoint xsi:type="SequencePoint" vc="0" uspid="4433" ordinal="0" offset="0" sl="147" sc="19" el="147" ec="31" bec="0" bev="0" fileid="156" />
            </Method>
            <Method visited="false" cyclomaticComplexity="1" nPathComplexity="0" sequenceCoverage="0" branchCoverage="0" crapScore="2" isConstructor="false" isStatic="false" isGetter="true" isSetter="false">
              <Summary numSequencePoints="1" visitedSequencePoints="0" numBranchPoints="1" visitedBranchPoints="0" sequenceCoverage="0" branchCoverage="0" maxCyclomaticComplexity="1" minCyclomaticComplexity="1" maxCrapScore="2" minCrapScore="2" visitedClasses="0" numClasses="0" visitedMethods="0" numMethods="1" />
              <MetadataToken>100663824</MetadataToken>
              <Name>System.Collections.Generic.IEnumerable`1&lt;Xunit.Abstractions.ITypeInfo&gt; Xunit.Xunit1ReflectionWrapper::Xunit.Abstractions.ITypeInfo.get_Interfaces()</Name>
              <FileRef uid="156" />
              <SequencePoints>
                <SequencePoint vc="0" uspid="4434" ordinal="0" offset="0" sl="152" sc="19" el="152" ec="56" bec="0" bev="0" fileid="156" />
              </SequencePoints>
              <BranchPoints />
              <MethodPoint xsi:type="SequencePoint" vc="0" uspid="4434" ordinal="0" offset="0" sl="152" sc="19" el="152" ec="56" bec="0" bev="0" fileid="156" />
            </Method>
            <Method visited="false" cyclomaticComplexity="1" nPathComplexity="0" sequenceCoverage="0" branchCoverage="0" crapScore="2" isConstructor="false" isStatic="false" isGetter="true" isSetter="false">
              <Summary numSequencePoints="1" visitedSequencePoints="0" numBranchPoints="1" visitedBranchPoints="0" sequenceCoverage="0" branchCoverage="0" maxCyclomaticComplexity="1" minCyclomaticComplexity="1" maxCrapScore="2" minCrapScore="2" visitedClasses="0" numClasses="0" visitedMethods="0" numMethods="1" />
              <MetadataToken>100663825</MetadataToken>
              <Name>System.Boolean Xunit.Xunit1ReflectionWrapper::Xunit.Abstractions.ITypeInfo.get_IsAbstract()</Name>
              <FileRef uid="156" />
              <SequencePoints>
                <SequencePoint vc="0" uspid="4435" ordinal="0" offset="0" sl="157" sc="19" el="157" ec="32" bec="0" bev="0" fileid="156" />
              </SequencePoints>
              <BranchPoints />
              <MethodPoint xsi:type="SequencePoint" vc="0" uspid="4435" ordinal="0" offset="0" sl="157" sc="19" el="157" ec="32" bec="0" bev="0" fileid="156" />
            </Method>
            <Method visited="false" cyclomaticComplexity="1" nPathComplexity="0" sequenceCoverage="0" branchCoverage="0" crapScore="2" isConstructor="false" isStatic="false" isGetter="true" isSetter="false">
              <Summary numSequencePoints="1" visitedSequencePoints="0" numBranchPoints="1" visitedBranchPoints="0" sequenceCoverage="0" branchCoverage="0" maxCyclomaticComplexity="1" minCyclomaticComplexity="1" maxCrapScore="2" minCrapScore="2" visitedClasses="0" numClasses="0" visitedMethods="0" numMethods="1" />
              <MetadataToken>100663826</MetadataToken>
              <Name>System.Boolean Xunit.Xunit1ReflectionWrapper::Xunit.Abstractions.ITypeInfo.get_IsGenericParameter()</Name>
              <FileRef uid="156" />
              <SequencePoints>
                <SequencePoint vc="0" uspid="4436" ordinal="0" offset="0" sl="162" sc="19" el="162" ec="32" bec="0" bev="0" fileid="156" />
              </SequencePoints>
              <BranchPoints />
              <MethodPoint xsi:type="SequencePoint" vc="0" uspid="4436" ordinal="0" offset="0" sl="162" sc="19" el="162" ec="32" bec="0" bev="0" fileid="156" />
            </Method>
            <Method visited="false" cyclomaticComplexity="1" nPathComplexity="0" sequenceCoverage="0" branchCoverage="0" crapScore="2" isConstructor="false" isStatic="false" isGetter="true" isSetter="false">
              <Summary numSequencePoints="1" visitedSequencePoints="0" numBranchPoints="1" visitedBranchPoints="0" sequenceCoverage="0" branchCoverage="0" maxCyclomaticComplexity="1" minCyclomaticComplexity="1" maxCrapScore="2" minCrapScore="2" visitedClasses="0" numClasses="0" visitedMethods="0" numMethods="1" />
              <MetadataToken>100663827</MetadataToken>
              <Name>System.Boolean Xunit.Xunit1ReflectionWrapper::Xunit.Abstractions.ITypeInfo.get_IsGenericType()</Name>
              <FileRef uid="156" />
              <SequencePoints>
                <SequencePoint vc="0" uspid="4437" ordinal="0" offset="0" sl="167" sc="19" el="167" ec="32" bec="0" bev="0" fileid="156" />
              </SequencePoints>
              <BranchPoints />
              <MethodPoint xsi:type="SequencePoint" vc="0" uspid="4437" ordinal="0" offset="0" sl="167" sc="19" el="167" ec="32" bec="0" bev="0" fileid="156" />
            </Method>
            <Method visited="false" cyclomaticComplexity="1" nPathComplexity="0" sequenceCoverage="0" branchCoverage="0" crapScore="2" isConstructor="false" isStatic="false" isGetter="true" isSetter="false">
              <Summary numSequencePoints="1" visitedSequencePoints="0" numBranchPoints="1" visitedBranchPoints="0" sequenceCoverage="0" branchCoverage="0" maxCyclomaticComplexity="1" minCyclomaticComplexity="1" maxCrapScore="2" minCrapScore="2" visitedClasses="0" numClasses="0" visitedMethods="0" numMethods="1" />
              <MetadataToken>100663828</MetadataToken>
              <Name>System.Boolean Xunit.Xunit1ReflectionWrapper::Xunit.Abstractions.ITypeInfo.get_IsSealed()</Name>
              <FileRef uid="156" />
              <SequencePoints>
                <SequencePoint vc="0" uspid="4438" ordinal="0" offset="0" sl="172" sc="19" el="172" ec="32" bec="0" bev="0" fileid="156" />
              </SequencePoints>
              <BranchPoints />
              <MethodPoint xsi:type="SequencePoint" vc="0" uspid="4438" ordinal="0" offset="0" sl="172" sc="19" el="172" ec="32" bec="0" bev="0" fileid="156" />
            </Method>
            <Method visited="false" cyclomaticComplexity="1" nPathComplexity="0" sequenceCoverage="0" branchCoverage="0" crapScore="2" isConstructor="false" isStatic="false" isGetter="true" isSetter="false">
              <Summary numSequencePoints="1" visitedSequencePoints="0" numBranchPoints="1" visitedBranchPoints="0" sequenceCoverage="0" branchCoverage="0" maxCyclomaticComplexity="1" minCyclomaticComplexity="1" maxCrapScore="2" minCrapScore="2" visitedClasses="0" numClasses="0" visitedMethods="0" numMethods="1" />
              <MetadataToken>100663829</MetadataToken>
              <Name>System.Boolean Xunit.Xunit1ReflectionWrapper::Xunit.Abstractions.ITypeInfo.get_IsValueType()</Name>
              <FileRef uid="156" />
              <SequencePoints>
                <SequencePoint vc="0" uspid="4439" ordinal="0" offset="0" sl="177" sc="19" el="177" ec="32" bec="0" bev="0" fileid="156" />
              </SequencePoints>
              <BranchPoints />
              <MethodPoint xsi:type="SequencePoint" vc="0" uspid="4439" ordinal="0" offset="0" sl="177" sc="19" el="177" ec="32" bec="0" bev="0" fileid="156" />
            </Method>
            <Method visited="false" cyclomaticComplexity="1" nPathComplexity="0" sequenceCoverage="0" branchCoverage="0" crapScore="2" isConstructor="false" isStatic="false" isGetter="true" isSetter="false">
              <Summary numSequencePoints="1" visitedSequencePoints="0" numBranchPoints="1" visitedBranchPoints="0" sequenceCoverage="0" branchCoverage="0" maxCyclomaticComplexity="1" minCyclomaticComplexity="1" maxCrapScore="2" minCrapScore="2" visitedClasses="0" numClasses="0" visitedMethods="0" numMethods="1" />
              <MetadataToken>100663830</MetadataToken>
              <Name>System.String Xunit.Xunit1ReflectionWrapper::Xunit.Abstractions.ITypeInfo.get_Name()</Name>
              <FileRef uid="156" />
              <SequencePoints>
                <SequencePoint vc="0" uspid="4440" ordinal="0" offset="0" sl="182" sc="19" el="182" ec="35" bec="0" bev="0" fileid="156" />
              </SequencePoints>
              <BranchPoints />
              <MethodPoint xsi:type="SequencePoint" vc="0" uspid="4440" ordinal="0" offset="0" sl="182" sc="19" el="182" ec="35" bec="0" bev="0" fileid="156" />
            </Method>
            <Method visited="false" cyclomaticComplexity="1" nPathComplexity="0" sequenceCoverage="0" branchCoverage="0" crapScore="2" isConstructor="true" isStatic="false" isGetter="false" isSetter="false">
              <Summary numSequencePoints="6" visitedSequencePoints="0" numBranchPoints="1" visitedBranchPoints="0" sequenceCoverage="0" branchCoverage="0" maxCyclomaticComplexity="1" minCyclomaticComplexity="1" maxCrapScore="2" minCrapScore="2" visitedClasses="0" numClasses="0" visitedMethods="0" numMethods="1" />
              <MetadataToken>100663797</MetadataToken>
              <Name>System.Void Xunit.Xunit1ReflectionWrapper::.ctor(System.String,System.String,System.String)</Name>
              <FileRef uid="156" />
              <SequencePoints>
                <SequencePoint vc="0" uspid="4441" ordinal="0" offset="0" sl="23" sc="9" el="23" ec="100" bec="0" bev="0" fileid="156" />
                <SequencePoint vc="0" uspid="4442" ordinal="1" offset="6" sl="25" sc="13" el="25" ec="49" bec="0" bev="0" fileid="156" />
                <SequencePoint vc="0" uspid="4443" ordinal="2" offset="13" sl="26" sc="13" el="26" ec="33" bec="0" bev="0" fileid="156" />
                <SequencePoint vc="0" uspid="4444" ordinal="3" offset="20" sl="27" sc="13" el="27" ec="37" bec="0" bev="0" fileid="156" />
                <SequencePoint vc="0" uspid="4445" ordinal="4" offset="27" sl="28" sc="13" el="28" ec="72" bec="0" bev="0" fileid="156" />
                <SequencePoint vc="0" uspid="4446" ordinal="5" offset="46" sl="29" sc="9" el="29" ec="10" bec="0" bev="0" fileid="156" />
              </SequencePoints>
              <BranchPoints />
              <MethodPoint xsi:type="SequencePoint" vc="0" uspid="4441" ordinal="0" offset="0" sl="23" sc="9" el="23" ec="100" bec="0" bev="0" fileid="156" />
            </Method>
            <Method visited="false" cyclomaticComplexity="1" nPathComplexity="0" sequenceCoverage="0" branchCoverage="0" crapScore="2" isConstructor="false" isStatic="false" isGetter="false" isSetter="false">
              <Summary numSequencePoints="1" visitedSequencePoints="0" numBranchPoints="1" visitedBranchPoints="0" sequenceCoverage="0" branchCoverage="0" maxCyclomaticComplexity="1" minCyclomaticComplexity="1" maxCrapScore="2" minCrapScore="2" visitedClasses="0" numClasses="0" visitedMethods="0" numMethods="1" />
              <MetadataToken>100663808</MetadataToken>
              <Name>System.Collections.Generic.IEnumerable`1&lt;Xunit.Abstractions.IAttributeInfo&gt; Xunit.Xunit1ReflectionWrapper::Xunit.Abstractions.IAssemblyInfo.GetCustomAttributes(System.String)</Name>
              <FileRef uid="156" />
              <SequencePoints>
                <SequencePoint vc="0" uspid="4447" ordinal="0" offset="0" sl="65" sc="13" el="65" ec="55" bec="0" bev="0" fileid="156" />
              </SequencePoints>
              <BranchPoints />
              <MethodPoint xsi:type="SequencePoint" vc="0" uspid="4447" ordinal="0" offset="0" sl="65" sc="13" el="65" ec="55" bec="0" bev="0" fileid="156" />
            </Method>
            <Method visited="false" cyclomaticComplexity="2" nPathComplexity="2" sequenceCoverage="0" branchCoverage="0" crapScore="6" isConstructor="false" isStatic="false" isGetter="false" isSetter="false">
              <Summary numSequencePoints="3" visitedSequencePoints="0" numBranchPoints="3" visitedBranchPoints="0" sequenceCoverage="0" branchCoverage="0" maxCyclomaticComplexity="2" minCyclomaticComplexity="2" maxCrapScore="6" minCrapScore="6" visitedClasses="0" numClasses="0" visitedMethods="0" numMethods="1" />
              <MetadataToken>100663809</MetadataToken>
              <Name>Xunit.Abstractions.ITypeInfo Xunit.Xunit1ReflectionWrapper::Xunit.Abstractions.IAssemblyInfo.GetType(System.String)</Name>
              <FileRef uid="156" />
              <SequencePoints>
                <SequencePoint vc="0" uspid="4448" ordinal="0" offset="0" sl="70" sc="13" el="70" ec="38" bec="2" bev="0" fileid="156" />
                <SequencePoint vc="0" uspid="4449" ordinal="1" offset="14" sl="71" sc="17" el="71" ec="29" bec="0" bev="0" fileid="156" />
                <SequencePoint vc="0" uspid="4450" ordinal="2" offset="16" sl="73" sc="13" el="73" ec="25" bec="0" bev="0" fileid="156" />
              </SequencePoints>
              <BranchPoints>
                <BranchPoint vc="0" uspid="4451" ordinal="0" offset="12" sl="70" path="0" offsetend="14" fileid="156" />
                <BranchPoint vc="0" uspid="4452" ordinal="1" offset="12" sl="70" path="1" offsetend="16" fileid="156" />
              </BranchPoints>
              <MethodPoint xsi:type="SequencePoint" vc="0" uspid="4448" ordinal="0" offset="0" sl="70" sc="13" el="70" ec="38" bec="2" bev="0" fileid="156" />
            </Method>
            <Method visited="false" cyclomaticComplexity="1" nPathComplexity="0" sequenceCoverage="0" branchCoverage="0" crapScore="2" isConstructor="false" isStatic="false" isGetter="false" isSetter="false">
              <Summary numSequencePoints="0" visitedSequencePoints="0" numBranchPoints="0" visitedBranchPoints="0" sequenceCoverage="0" branchCoverage="0" maxCyclomaticComplexity="1" minCyclomaticComplexity="1" maxCrapScore="2" minCrapScore="2" visitedClasses="0" numClasses="0" visitedMethods="0" numMethods="0" />
              <MetadataToken>100663810</MetadataToken>
              <Name>System.Collections.Generic.IEnumerable`1&lt;Xunit.Abstractions.ITypeInfo&gt; Xunit.Xunit1ReflectionWrapper::Xunit.Abstractions.IAssemblyInfo.GetTypes(System.Boolean)</Name>
              <SequencePoints />
              <BranchPoints />
              <MethodPoint vc="0" uspid="4453" ordinal="0" offset="0" />
            </Method>
            <Method visited="false" cyclomaticComplexity="1" nPathComplexity="0" sequenceCoverage="0" branchCoverage="0" crapScore="2" isConstructor="false" isStatic="false" isGetter="false" isSetter="false">
              <Summary numSequencePoints="1" visitedSequencePoints="0" numBranchPoints="1" visitedBranchPoints="0" sequenceCoverage="0" branchCoverage="0" maxCyclomaticComplexity="1" minCyclomaticComplexity="1" maxCrapScore="2" minCrapScore="2" visitedClasses="0" numClasses="0" visitedMethods="0" numMethods="1" />
              <MetadataToken>100663818</MetadataToken>
              <Name>System.Collections.Generic.IEnumerable`1&lt;Xunit.Abstractions.IAttributeInfo&gt; Xunit.Xunit1ReflectionWrapper::Xunit.Abstractions.IMethodInfo.GetCustomAttributes(System.String)</Name>
              <FileRef uid="156" />
              <SequencePoints>
                <SequencePoint vc="0" uspid="4454" ordinal="0" offset="0" sl="120" sc="13" el="120" ec="55" bec="0" bev="0" fileid="156" />
              </SequencePoints>
              <BranchPoints />
              <MethodPoint xsi:type="SequencePoint" vc="0" uspid="4454" ordinal="0" offset="0" sl="120" sc="13" el="120" ec="55" bec="0" bev="0" fileid="156" />
            </Method>
            <Method visited="false" cyclomaticComplexity="1" nPathComplexity="0" sequenceCoverage="0" branchCoverage="0" crapScore="2" isConstructor="false" isStatic="false" isGetter="false" isSetter="false">
              <Summary numSequencePoints="1" visitedSequencePoints="0" numBranchPoints="1" visitedBranchPoints="0" sequenceCoverage="0" branchCoverage="0" maxCyclomaticComplexity="1" minCyclomaticComplexity="1" maxCrapScore="2" minCrapScore="2" visitedClasses="0" numClasses="0" visitedMethods="0" numMethods="1" />
              <MetadataToken>100663819</MetadataToken>
              <Name>System.Collections.Generic.IEnumerable`1&lt;Xunit.Abstractions.ITypeInfo&gt; Xunit.Xunit1ReflectionWrapper::Xunit.Abstractions.IMethodInfo.GetGenericArguments()</Name>
              <FileRef uid="156" />
              <SequencePoints>
                <SequencePoint vc="0" uspid="4455" ordinal="0" offset="0" sl="125" sc="13" el="125" ec="50" bec="0" bev="0" fileid="156" />
              </SequencePoints>
              <BranchPoints />
              <MethodPoint xsi:type="SequencePoint" vc="0" uspid="4455" ordinal="0" offset="0" sl="125" sc="13" el="125" ec="50" bec="0" bev="0" fileid="156" />
            </Method>
            <Method visited="false" cyclomaticComplexity="1" nPathComplexity="0" sequenceCoverage="0" branchCoverage="0" crapScore="2" isConstructor="false" isStatic="false" isGetter="false" isSetter="false">
              <Summary numSequencePoints="1" visitedSequencePoints="0" numBranchPoints="1" visitedBranchPoints="0" sequenceCoverage="0" branchCoverage="0" maxCyclomaticComplexity="1" minCyclomaticComplexity="1" maxCrapScore="2" minCrapScore="2" visitedClasses="0" numClasses="0" visitedMethods="0" numMethods="1" />
              <MetadataToken>100663820</MetadataToken>
              <Name>System.Collections.Generic.IEnumerable`1&lt;Xunit.Abstractions.IParameterInfo&gt; Xunit.Xunit1ReflectionWrapper::Xunit.Abstractions.IMethodInfo.GetParameters()</Name>
              <FileRef uid="156" />
              <SequencePoints>
                <SequencePoint vc="0" uspid="4456" ordinal="0" offset="0" sl="130" sc="13" el="130" ec="55" bec="0" bev="0" fileid="156" />
              </SequencePoints>
              <BranchPoints />
              <MethodPoint xsi:type="SequencePoint" vc="0" uspid="4456" ordinal="0" offset="0" sl="130" sc="13" el="130" ec="55" bec="0" bev="0" fileid="156" />
            </Method>
            <Method visited="false" cyclomaticComplexity="1" nPathComplexity="0" sequenceCoverage="0" branchCoverage="0" crapScore="2" isConstructor="false" isStatic="false" isGetter="false" isSetter="false">
              <Summary numSequencePoints="1" visitedSequencePoints="0" numBranchPoints="1" visitedBranchPoints="0" sequenceCoverage="0" branchCoverage="0" maxCyclomaticComplexity="1" minCyclomaticComplexity="1" maxCrapScore="2" minCrapScore="2" visitedClasses="0" numClasses="0" visitedMethods="0" numMethods="1" />
              <MetadataToken>100663821</MetadataToken>
              <Name>Xunit.Abstractions.IMethodInfo Xunit.Xunit1ReflectionWrapper::Xunit.Abstractions.IMethodInfo.MakeGenericMethod(Xunit.Abstractions.ITypeInfo[])</Name>
              <FileRef uid="156" />
              <SequencePoints>
                <SequencePoint vc="0" uspid="4457" ordinal="0" offset="0" sl="135" sc="13" el="135" ec="49" bec="0" bev="0" fileid="156" />
              </SequencePoints>
              <BranchPoints />
              <MethodPoint xsi:type="SequencePoint" vc="0" uspid="4457" ordinal="0" offset="0" sl="135" sc="13" el="135" ec="49" bec="0" bev="0" fileid="156" />
            </Method>
            <Method visited="false" cyclomaticComplexity="1" nPathComplexity="0" sequenceCoverage="0" branchCoverage="0" crapScore="2" isConstructor="false" isStatic="false" isGetter="false" isSetter="false">
              <Summary numSequencePoints="1" visitedSequencePoints="0" numBranchPoints="1" visitedBranchPoints="0" sequenceCoverage="0" branchCoverage="0" maxCyclomaticComplexity="1" minCyclomaticComplexity="1" maxCrapScore="2" minCrapScore="2" visitedClasses="0" numClasses="0" visitedMethods="0" numMethods="1" />
              <MetadataToken>100663831</MetadataToken>
              <Name>System.Collections.Generic.IEnumerable`1&lt;Xunit.Abstractions.IAttributeInfo&gt; Xunit.Xunit1ReflectionWrapper::Xunit.Abstractions.ITypeInfo.GetCustomAttributes(System.String)</Name>
              <FileRef uid="156" />
              <SequencePoints>
                <SequencePoint vc="0" uspid="4458" ordinal="0" offset="0" sl="187" sc="13" el="187" ec="55" bec="0" bev="0" fileid="156" />
              </SequencePoints>
              <BranchPoints />
              <MethodPoint xsi:type="SequencePoint" vc="0" uspid="4458" ordinal="0" offset="0" sl="187" sc="13" el="187" ec="55" bec="0" bev="0" fileid="156" />
            </Method>
            <Method visited="false" cyclomaticComplexity="1" nPathComplexity="0" sequenceCoverage="0" branchCoverage="0" crapScore="2" isConstructor="false" isStatic="false" isGetter="false" isSetter="false">
              <Summary numSequencePoints="1" visitedSequencePoints="0" numBranchPoints="1" visitedBranchPoints="0" sequenceCoverage="0" branchCoverage="0" maxCyclomaticComplexity="1" minCyclomaticComplexity="1" maxCrapScore="2" minCrapScore="2" visitedClasses="0" numClasses="0" visitedMethods="0" numMethods="1" />
              <MetadataToken>100663832</MetadataToken>
              <Name>System.Collections.Generic.IEnumerable`1&lt;Xunit.Abstractions.ITypeInfo&gt; Xunit.Xunit1ReflectionWrapper::Xunit.Abstractions.ITypeInfo.GetGenericArguments()</Name>
              <FileRef uid="156" />
              <SequencePoints>
                <SequencePoint vc="0" uspid="4459" ordinal="0" offset="0" sl="192" sc="13" el="192" ec="50" bec="0" bev="0" fileid="156" />
              </SequencePoints>
              <BranchPoints />
              <MethodPoint xsi:type="SequencePoint" vc="0" uspid="4459" ordinal="0" offset="0" sl="192" sc="13" el="192" ec="50" bec="0" bev="0" fileid="156" />
            </Method>
            <Method visited="false" cyclomaticComplexity="1" nPathComplexity="0" sequenceCoverage="0" branchCoverage="0" crapScore="2" isConstructor="false" isStatic="false" isGetter="false" isSetter="false">
              <Summary numSequencePoints="1" visitedSequencePoints="0" numBranchPoints="1" visitedBranchPoints="0" sequenceCoverage="0" branchCoverage="0" maxCyclomaticComplexity="1" minCyclomaticComplexity="1" maxCrapScore="2" minCrapScore="2" visitedClasses="0" numClasses="0" visitedMethods="0" numMethods="1" />
              <MetadataToken>100663833</MetadataToken>
              <Name>Xunit.Abstractions.IMethodInfo Xunit.Xunit1ReflectionWrapper::Xunit.Abstractions.ITypeInfo.GetMethod(System.String,System.Boolean)</Name>
              <FileRef uid="156" />
              <SequencePoints>
                <SequencePoint vc="0" uspid="4460" ordinal="0" offset="0" sl="197" sc="13" el="197" ec="25" bec="0" bev="0" fileid="156" />
              </SequencePoints>
              <BranchPoints />
              <MethodPoint xsi:type="SequencePoint" vc="0" uspid="4460" ordinal="0" offset="0" sl="197" sc="13" el="197" ec="25" bec="0" bev="0" fileid="156" />
            </Method>
            <Method visited="false" cyclomaticComplexity="1" nPathComplexity="0" sequenceCoverage="0" branchCoverage="0" crapScore="2" isConstructor="false" isStatic="false" isGetter="false" isSetter="false">
              <Summary numSequencePoints="0" visitedSequencePoints="0" numBranchPoints="0" visitedBranchPoints="0" sequenceCoverage="0" branchCoverage="0" maxCyclomaticComplexity="1" minCyclomaticComplexity="1" maxCrapScore="2" minCrapScore="2" visitedClasses="0" numClasses="0" visitedMethods="0" numMethods="0" />
              <MetadataToken>100663834</MetadataToken>
              <Name>System.Collections.Generic.IEnumerable`1&lt;Xunit.Abstractions.IMethodInfo&gt; Xunit.Xunit1ReflectionWrapper::Xunit.Abstractions.ITypeInfo.GetMethods(System.Boolean)</Name>
              <SequencePoints />
              <BranchPoints />
              <MethodPoint vc="0" uspid="4461" ordinal="0" offset="0" />
            </Method>
            <Method visited="false" cyclomaticComplexity="1" nPathComplexity="0" sequenceCoverage="0" branchCoverage="0" crapScore="2" isConstructor="true" isStatic="true" isGetter="false" isSetter="false">
              <Summary numSequencePoints="1" visitedSequencePoints="0" numBranchPoints="1" visitedBranchPoints="0" sequenceCoverage="0" branchCoverage="0" maxCyclomaticComplexity="1" minCyclomaticComplexity="1" maxCrapScore="2" minCrapScore="2" visitedClasses="0" numClasses="0" visitedMethods="0" numMethods="1" />
              <MetadataToken>100663835</MetadataToken>
              <Name>System.Void Xunit.Xunit1ReflectionWrapper::.cctor()</Name>
              <FileRef uid="156" />
              <SequencePoints>
                <SequencePoint vc="0" uspid="4462" ordinal="0" offset="0" sl="15" sc="9" el="15" ec="125" bec="0" bev="0" fileid="156" />
              </SequencePoints>
              <BranchPoints />
              <MethodPoint xsi:type="SequencePoint" vc="0" uspid="4462" ordinal="0" offset="0" sl="15" sc="9" el="15" ec="125" bec="0" bev="0" fileid="156" />
            </Method>
          </Methods>
        </Class>
        <Class>
          <Summary numSequencePoints="2" visitedSequencePoints="0" numBranchPoints="1" visitedBranchPoints="0" sequenceCoverage="0" branchCoverage="0" maxCyclomaticComplexity="3" minCyclomaticComplexity="1" maxCrapScore="12" minCrapScore="2" visitedClasses="0" numClasses="1" visitedMethods="0" numMethods="1" />
          <FullName>Xunit.Xunit1ReflectionWrapper/&lt;Xunit-Abstractions-IAssemblyInfo-GetTypes&gt;d__24</FullName>
          <Methods>
            <Method visited="false" cyclomaticComplexity="1" nPathComplexity="0" sequenceCoverage="0" branchCoverage="0" crapScore="2" isConstructor="false" isStatic="false" isGetter="true" isSetter="false">
              <Summary numSequencePoints="0" visitedSequencePoints="0" numBranchPoints="0" visitedBranchPoints="0" sequenceCoverage="0" branchCoverage="0" maxCyclomaticComplexity="1" minCyclomaticComplexity="1" maxCrapScore="2" minCrapScore="2" visitedClasses="0" numClasses="0" visitedMethods="0" numMethods="0" />
              <MetadataToken>100664939</MetadataToken>
              <Name>Xunit.Abstractions.ITypeInfo Xunit.Xunit1ReflectionWrapper/&lt;Xunit-Abstractions-IAssemblyInfo-GetTypes&gt;d__24::System.Collections.Generic.IEnumerator&lt;Xunit.Abstractions.ITypeInfo&gt;.get_Current()</Name>
              <SequencePoints />
              <BranchPoints />
              <MethodPoint vc="0" uspid="4463" ordinal="0" offset="0" />
            </Method>
            <Method visited="false" cyclomaticComplexity="1" nPathComplexity="0" sequenceCoverage="0" branchCoverage="0" crapScore="2" isConstructor="false" isStatic="false" isGetter="true" isSetter="false">
              <Summary numSequencePoints="0" visitedSequencePoints="0" numBranchPoints="0" visitedBranchPoints="0" sequenceCoverage="0" branchCoverage="0" maxCyclomaticComplexity="1" minCyclomaticComplexity="1" maxCrapScore="2" minCrapScore="2" visitedClasses="0" numClasses="0" visitedMethods="0" numMethods="0" />
              <MetadataToken>100664941</MetadataToken>
              <Name>System.Object Xunit.Xunit1ReflectionWrapper/&lt;Xunit-Abstractions-IAssemblyInfo-GetTypes&gt;d__24::System.Collections.IEnumerator.get_Current()</Name>
              <SequencePoints />
              <BranchPoints />
              <MethodPoint vc="0" uspid="4464" ordinal="0" offset="0" />
            </Method>
            <Method visited="false" cyclomaticComplexity="1" nPathComplexity="0" sequenceCoverage="0" branchCoverage="0" crapScore="2" isConstructor="true" isStatic="false" isGetter="false" isSetter="false">
              <Summary numSequencePoints="0" visitedSequencePoints="0" numBranchPoints="0" visitedBranchPoints="0" sequenceCoverage="0" branchCoverage="0" maxCyclomaticComplexity="1" minCyclomaticComplexity="1" maxCrapScore="2" minCrapScore="2" visitedClasses="0" numClasses="0" visitedMethods="0" numMethods="0" />
              <MetadataToken>100664936</MetadataToken>
              <Name>System.Void Xunit.Xunit1ReflectionWrapper/&lt;Xunit-Abstractions-IAssemblyInfo-GetTypes&gt;d__24::.ctor(System.Int32)</Name>
              <SequencePoints />
              <BranchPoints />
              <MethodPoint vc="0" uspid="4465" ordinal="0" offset="0" />
            </Method>
            <Method visited="false" cyclomaticComplexity="1" nPathComplexity="0" sequenceCoverage="0" branchCoverage="0" crapScore="2" isConstructor="false" isStatic="false" isGetter="false" isSetter="false">
              <Summary numSequencePoints="0" visitedSequencePoints="0" numBranchPoints="0" visitedBranchPoints="0" sequenceCoverage="0" branchCoverage="0" maxCyclomaticComplexity="1" minCyclomaticComplexity="1" maxCrapScore="2" minCrapScore="2" visitedClasses="0" numClasses="0" visitedMethods="0" numMethods="0" />
              <MetadataToken>100664937</MetadataToken>
              <Name>System.Void Xunit.Xunit1ReflectionWrapper/&lt;Xunit-Abstractions-IAssemblyInfo-GetTypes&gt;d__24::System.IDisposable.Dispose()</Name>
              <SequencePoints />
              <BranchPoints />
              <MethodPoint vc="0" uspid="4466" ordinal="0" offset="0" />
            </Method>
            <Method visited="false" cyclomaticComplexity="3" nPathComplexity="0" sequenceCoverage="0" branchCoverage="0" crapScore="12" isConstructor="false" isStatic="false" isGetter="false" isSetter="false">
              <Summary numSequencePoints="2" visitedSequencePoints="0" numBranchPoints="1" visitedBranchPoints="0" sequenceCoverage="0" branchCoverage="0" maxCyclomaticComplexity="3" minCyclomaticComplexity="3" maxCrapScore="12" minCrapScore="12" visitedClasses="0" numClasses="0" visitedMethods="0" numMethods="1" />
              <MetadataToken>100664938</MetadataToken>
              <Name>System.Boolean Xunit.Xunit1ReflectionWrapper/&lt;Xunit-Abstractions-IAssemblyInfo-GetTypes&gt;d__24::MoveNext()</Name>
              <FileRef uid="156" />
              <SequencePoints>
                <SequencePoint vc="0" uspid="4467" ordinal="0" offset="30" sl="78" sc="13" el="78" ec="31" bec="0" bev="0" fileid="156" />
                <SequencePoint vc="0" uspid="4468" ordinal="1" offset="53" sl="79" sc="9" el="79" ec="10" bec="0" bev="0" fileid="156" />
              </SequencePoints>
              <BranchPoints />
              <MethodPoint vc="0" uspid="4471" ordinal="0" offset="0" />
            </Method>
            <Method visited="false" cyclomaticComplexity="1" nPathComplexity="0" sequenceCoverage="0" branchCoverage="0" crapScore="2" isConstructor="false" isStatic="false" isGetter="false" isSetter="false">
              <Summary numSequencePoints="0" visitedSequencePoints="0" numBranchPoints="0" visitedBranchPoints="0" sequenceCoverage="0" branchCoverage="0" maxCyclomaticComplexity="1" minCyclomaticComplexity="1" maxCrapScore="2" minCrapScore="2" visitedClasses="0" numClasses="0" visitedMethods="0" numMethods="0" />
              <MetadataToken>100664940</MetadataToken>
              <Name>System.Void Xunit.Xunit1ReflectionWrapper/&lt;Xunit-Abstractions-IAssemblyInfo-GetTypes&gt;d__24::System.Collections.IEnumerator.Reset()</Name>
              <SequencePoints />
              <BranchPoints />
              <MethodPoint vc="0" uspid="4472" ordinal="0" offset="0" />
            </Method>
            <Method visited="false" cyclomaticComplexity="3" nPathComplexity="0" sequenceCoverage="0" branchCoverage="0" crapScore="12" isConstructor="false" isStatic="false" isGetter="false" isSetter="false">
              <Summary numSequencePoints="0" visitedSequencePoints="0" numBranchPoints="0" visitedBranchPoints="0" sequenceCoverage="0" branchCoverage="0" maxCyclomaticComplexity="3" minCyclomaticComplexity="3" maxCrapScore="12" minCrapScore="12" visitedClasses="0" numClasses="0" visitedMethods="0" numMethods="0" />
              <MetadataToken>100664942</MetadataToken>
              <Name>System.Collections.Generic.IEnumerator`1&lt;Xunit.Abstractions.ITypeInfo&gt; Xunit.Xunit1ReflectionWrapper/&lt;Xunit-Abstractions-IAssemblyInfo-GetTypes&gt;d__24::System.Collections.Generic.IEnumerable&lt;Xunit.Abstractions.ITypeInfo&gt;.GetEnumerator()</Name>
              <SequencePoints />
              <BranchPoints />
              <MethodPoint vc="0" uspid="4473" ordinal="0" offset="0" />
            </Method>
            <Method visited="false" cyclomaticComplexity="1" nPathComplexity="0" sequenceCoverage="0" branchCoverage="0" crapScore="2" isConstructor="false" isStatic="false" isGetter="false" isSetter="false">
              <Summary numSequencePoints="0" visitedSequencePoints="0" numBranchPoints="0" visitedBranchPoints="0" sequenceCoverage="0" branchCoverage="0" maxCyclomaticComplexity="1" minCyclomaticComplexity="1" maxCrapScore="2" minCrapScore="2" visitedClasses="0" numClasses="0" visitedMethods="0" numMethods="0" />
              <MetadataToken>100664943</MetadataToken>
              <Name>System.Collections.IEnumerator Xunit.Xunit1ReflectionWrapper/&lt;Xunit-Abstractions-IAssemblyInfo-GetTypes&gt;d__24::System.Collections.IEnumerable.GetEnumerator()</Name>
              <SequencePoints />
              <BranchPoints />
              <MethodPoint vc="0" uspid="4474" ordinal="0" offset="0" />
            </Method>
          </Methods>
        </Class>
        <Class>
          <Summary numSequencePoints="2" visitedSequencePoints="0" numBranchPoints="1" visitedBranchPoints="0" sequenceCoverage="0" branchCoverage="0" maxCyclomaticComplexity="3" minCyclomaticComplexity="1" maxCrapScore="12" minCrapScore="2" visitedClasses="0" numClasses="1" visitedMethods="0" numMethods="1" />
          <FullName>Xunit.Xunit1ReflectionWrapper/&lt;Xunit-Abstractions-ITypeInfo-GetMethods&gt;d__64</FullName>
          <Methods>
            <Method visited="false" cyclomaticComplexity="1" nPathComplexity="0" sequenceCoverage="0" branchCoverage="0" crapScore="2" isConstructor="false" isStatic="false" isGetter="true" isSetter="false">
              <Summary numSequencePoints="0" visitedSequencePoints="0" numBranchPoints="0" visitedBranchPoints="0" sequenceCoverage="0" branchCoverage="0" maxCyclomaticComplexity="1" minCyclomaticComplexity="1" maxCrapScore="2" minCrapScore="2" visitedClasses="0" numClasses="0" visitedMethods="0" numMethods="0" />
              <MetadataToken>100664947</MetadataToken>
              <Name>Xunit.Abstractions.IMethodInfo Xunit.Xunit1ReflectionWrapper/&lt;Xunit-Abstractions-ITypeInfo-GetMethods&gt;d__64::System.Collections.Generic.IEnumerator&lt;Xunit.Abstractions.IMethodInfo&gt;.get_Current()</Name>
              <SequencePoints />
              <BranchPoints />
              <MethodPoint vc="0" uspid="4475" ordinal="0" offset="0" />
            </Method>
            <Method visited="false" cyclomaticComplexity="1" nPathComplexity="0" sequenceCoverage="0" branchCoverage="0" crapScore="2" isConstructor="false" isStatic="false" isGetter="true" isSetter="false">
              <Summary numSequencePoints="0" visitedSequencePoints="0" numBranchPoints="0" visitedBranchPoints="0" sequenceCoverage="0" branchCoverage="0" maxCyclomaticComplexity="1" minCyclomaticComplexity="1" maxCrapScore="2" minCrapScore="2" visitedClasses="0" numClasses="0" visitedMethods="0" numMethods="0" />
              <MetadataToken>100664949</MetadataToken>
              <Name>System.Object Xunit.Xunit1ReflectionWrapper/&lt;Xunit-Abstractions-ITypeInfo-GetMethods&gt;d__64::System.Collections.IEnumerator.get_Current()</Name>
              <SequencePoints />
              <BranchPoints />
              <MethodPoint vc="0" uspid="4476" ordinal="0" offset="0" />
            </Method>
            <Method visited="false" cyclomaticComplexity="1" nPathComplexity="0" sequenceCoverage="0" branchCoverage="0" crapScore="2" isConstructor="true" isStatic="false" isGetter="false" isSetter="false">
              <Summary numSequencePoints="0" visitedSequencePoints="0" numBranchPoints="0" visitedBranchPoints="0" sequenceCoverage="0" branchCoverage="0" maxCyclomaticComplexity="1" minCyclomaticComplexity="1" maxCrapScore="2" minCrapScore="2" visitedClasses="0" numClasses="0" visitedMethods="0" numMethods="0" />
              <MetadataToken>100664944</MetadataToken>
              <Name>System.Void Xunit.Xunit1ReflectionWrapper/&lt;Xunit-Abstractions-ITypeInfo-GetMethods&gt;d__64::.ctor(System.Int32)</Name>
              <SequencePoints />
              <BranchPoints />
              <MethodPoint vc="0" uspid="4477" ordinal="0" offset="0" />
            </Method>
            <Method visited="false" cyclomaticComplexity="1" nPathComplexity="0" sequenceCoverage="0" branchCoverage="0" crapScore="2" isConstructor="false" isStatic="false" isGetter="false" isSetter="false">
              <Summary numSequencePoints="0" visitedSequencePoints="0" numBranchPoints="0" visitedBranchPoints="0" sequenceCoverage="0" branchCoverage="0" maxCyclomaticComplexity="1" minCyclomaticComplexity="1" maxCrapScore="2" minCrapScore="2" visitedClasses="0" numClasses="0" visitedMethods="0" numMethods="0" />
              <MetadataToken>100664945</MetadataToken>
              <Name>System.Void Xunit.Xunit1ReflectionWrapper/&lt;Xunit-Abstractions-ITypeInfo-GetMethods&gt;d__64::System.IDisposable.Dispose()</Name>
              <SequencePoints />
              <BranchPoints />
              <MethodPoint vc="0" uspid="4478" ordinal="0" offset="0" />
            </Method>
            <Method visited="false" cyclomaticComplexity="3" nPathComplexity="0" sequenceCoverage="0" branchCoverage="0" crapScore="12" isConstructor="false" isStatic="false" isGetter="false" isSetter="false">
              <Summary numSequencePoints="2" visitedSequencePoints="0" numBranchPoints="1" visitedBranchPoints="0" sequenceCoverage="0" branchCoverage="0" maxCyclomaticComplexity="3" minCyclomaticComplexity="3" maxCrapScore="12" minCrapScore="12" visitedClasses="0" numClasses="0" visitedMethods="0" numMethods="1" />
              <MetadataToken>100664946</MetadataToken>
              <Name>System.Boolean Xunit.Xunit1ReflectionWrapper/&lt;Xunit-Abstractions-ITypeInfo-GetMethods&gt;d__64::MoveNext()</Name>
              <FileRef uid="156" />
              <SequencePoints>
                <SequencePoint vc="0" uspid="4479" ordinal="0" offset="30" sl="202" sc="13" el="202" ec="31" bec="0" bev="0" fileid="156" />
                <SequencePoint vc="0" uspid="4480" ordinal="1" offset="53" sl="203" sc="9" el="203" ec="10" bec="0" bev="0" fileid="156" />
              </SequencePoints>
              <BranchPoints />
              <MethodPoint vc="0" uspid="4483" ordinal="0" offset="0" />
            </Method>
            <Method visited="false" cyclomaticComplexity="1" nPathComplexity="0" sequenceCoverage="0" branchCoverage="0" crapScore="2" isConstructor="false" isStatic="false" isGetter="false" isSetter="false">
              <Summary numSequencePoints="0" visitedSequencePoints="0" numBranchPoints="0" visitedBranchPoints="0" sequenceCoverage="0" branchCoverage="0" maxCyclomaticComplexity="1" minCyclomaticComplexity="1" maxCrapScore="2" minCrapScore="2" visitedClasses="0" numClasses="0" visitedMethods="0" numMethods="0" />
              <MetadataToken>100664948</MetadataToken>
              <Name>System.Void Xunit.Xunit1ReflectionWrapper/&lt;Xunit-Abstractions-ITypeInfo-GetMethods&gt;d__64::System.Collections.IEnumerator.Reset()</Name>
              <SequencePoints />
              <BranchPoints />
              <MethodPoint vc="0" uspid="4484" ordinal="0" offset="0" />
            </Method>
            <Method visited="false" cyclomaticComplexity="3" nPathComplexity="0" sequenceCoverage="0" branchCoverage="0" crapScore="12" isConstructor="false" isStatic="false" isGetter="false" isSetter="false">
              <Summary numSequencePoints="0" visitedSequencePoints="0" numBranchPoints="0" visitedBranchPoints="0" sequenceCoverage="0" branchCoverage="0" maxCyclomaticComplexity="3" minCyclomaticComplexity="3" maxCrapScore="12" minCrapScore="12" visitedClasses="0" numClasses="0" visitedMethods="0" numMethods="0" />
              <MetadataToken>100664950</MetadataToken>
              <Name>System.Collections.Generic.IEnumerator`1&lt;Xunit.Abstractions.IMethodInfo&gt; Xunit.Xunit1ReflectionWrapper/&lt;Xunit-Abstractions-ITypeInfo-GetMethods&gt;d__64::System.Collections.Generic.IEnumerable&lt;Xunit.Abstractions.IMethodInfo&gt;.GetEnumerator()</Name>
              <SequencePoints />
              <BranchPoints />
              <MethodPoint vc="0" uspid="4485" ordinal="0" offset="0" />
            </Method>
            <Method visited="false" cyclomaticComplexity="1" nPathComplexity="0" sequenceCoverage="0" branchCoverage="0" crapScore="2" isConstructor="false" isStatic="false" isGetter="false" isSetter="false">
              <Summary numSequencePoints="0" visitedSequencePoints="0" numBranchPoints="0" visitedBranchPoints="0" sequenceCoverage="0" branchCoverage="0" maxCyclomaticComplexity="1" minCyclomaticComplexity="1" maxCrapScore="2" minCrapScore="2" visitedClasses="0" numClasses="0" visitedMethods="0" numMethods="0" />
              <MetadataToken>100664951</MetadataToken>
              <Name>System.Collections.IEnumerator Xunit.Xunit1ReflectionWrapper/&lt;Xunit-Abstractions-ITypeInfo-GetMethods&gt;d__64::System.Collections.IEnumerable.GetEnumerator()</Name>
              <SequencePoints />
              <BranchPoints />
              <MethodPoint vc="0" uspid="4486" ordinal="0" offset="0" />
            </Method>
          </Methods>
        </Class>
        <Class>
          <Summary numSequencePoints="12" visitedSequencePoints="0" numBranchPoints="3" visitedBranchPoints="0" sequenceCoverage="0" branchCoverage="0" maxCyclomaticComplexity="1" minCyclomaticComplexity="1" maxCrapScore="2" minCrapScore="2" visitedClasses="0" numClasses="1" visitedMethods="0" numMethods="3" />
          <FullName>Xunit.Xunit1RunSummary</FullName>
          <Methods>
            <Method visited="false" cyclomaticComplexity="1" nPathComplexity="0" sequenceCoverage="0" branchCoverage="0" crapScore="2" isConstructor="false" isStatic="false" isGetter="false" isSetter="false">
              <Summary numSequencePoints="6" visitedSequencePoints="0" numBranchPoints="1" visitedBranchPoints="0" sequenceCoverage="0" branchCoverage="0" maxCyclomaticComplexity="1" minCyclomaticComplexity="1" maxCrapScore="2" minCrapScore="2" visitedClasses="0" numClasses="0" visitedMethods="0" numMethods="1" />
              <MetadataToken>100663836</MetadataToken>
              <Name>System.Void Xunit.Xunit1RunSummary::Aggregate(Xunit.Xunit1RunSummary)</Name>
              <FileRef uid="159" />
              <SequencePoints>
                <SequencePoint vc="0" uspid="4487" ordinal="0" offset="0" sl="39" sc="13" el="39" ec="34" bec="0" bev="0" fileid="159" />
                <SequencePoint vc="0" uspid="4488" ordinal="1" offset="19" sl="40" sc="13" el="40" ec="36" bec="0" bev="0" fileid="159" />
                <SequencePoint vc="0" uspid="4489" ordinal="2" offset="38" sl="41" sc="13" el="41" ec="38" bec="0" bev="0" fileid="159" />
                <SequencePoint vc="0" uspid="4490" ordinal="3" offset="57" sl="42" sc="13" el="42" ec="32" bec="0" bev="0" fileid="159" />
                <SequencePoint vc="0" uspid="4491" ordinal="4" offset="80" sl="43" sc="13" el="43" ec="40" bec="0" bev="0" fileid="159" />
                <SequencePoint vc="0" uspid="4492" ordinal="5" offset="99" sl="44" sc="9" el="44" ec="10" bec="0" bev="0" fileid="159" />
              </SequencePoints>
              <BranchPoints />
              <MethodPoint xsi:type="SequencePoint" vc="0" uspid="4487" ordinal="0" offset="0" sl="39" sc="13" el="39" ec="34" bec="0" bev="0" fileid="159" />
            </Method>
            <Method visited="false" cyclomaticComplexity="1" nPathComplexity="0" sequenceCoverage="0" branchCoverage="0" crapScore="2" isConstructor="false" isStatic="false" isGetter="false" isSetter="false">
              <Summary numSequencePoints="5" visitedSequencePoints="0" numBranchPoints="1" visitedBranchPoints="0" sequenceCoverage="0" branchCoverage="0" maxCyclomaticComplexity="1" minCyclomaticComplexity="1" maxCrapScore="2" minCrapScore="2" visitedClasses="0" numClasses="0" visitedMethods="0" numMethods="1" />
              <MetadataToken>100663837</MetadataToken>
              <Name>System.Void Xunit.Xunit1RunSummary::Reset()</Name>
              <FileRef uid="159" />
              <SequencePoints>
                <SequencePoint vc="0" uspid="4493" ordinal="0" offset="0" sl="51" sc="13" el="51" ec="23" bec="0" bev="0" fileid="159" />
                <SequencePoint vc="0" uspid="4494" ordinal="1" offset="7" sl="52" sc="13" el="52" ec="24" bec="0" bev="0" fileid="159" />
                <SequencePoint vc="0" uspid="4495" ordinal="2" offset="14" sl="53" sc="13" el="53" ec="25" bec="0" bev="0" fileid="159" />
                <SequencePoint vc="0" uspid="4496" ordinal="3" offset="21" sl="54" sc="13" el="54" ec="23" bec="0" bev="0" fileid="159" />
                <SequencePoint vc="0" uspid="4497" ordinal="4" offset="33" sl="55" sc="9" el="55" ec="10" bec="0" bev="0" fileid="159" />
              </SequencePoints>
              <BranchPoints />
              <MethodPoint xsi:type="SequencePoint" vc="0" uspid="4493" ordinal="0" offset="0" sl="51" sc="13" el="51" ec="23" bec="0" bev="0" fileid="159" />
            </Method>
            <Method visited="false" cyclomaticComplexity="1" nPathComplexity="0" sequenceCoverage="0" branchCoverage="0" crapScore="2" isConstructor="true" isStatic="false" isGetter="false" isSetter="false">
              <Summary numSequencePoints="1" visitedSequencePoints="0" numBranchPoints="1" visitedBranchPoints="0" sequenceCoverage="0" branchCoverage="0" maxCyclomaticComplexity="1" minCyclomaticComplexity="1" maxCrapScore="2" minCrapScore="2" visitedClasses="0" numClasses="0" visitedMethods="0" numMethods="1" />
              <MetadataToken>100663838</MetadataToken>
              <Name>System.Void Xunit.Xunit1RunSummary::.ctor()</Name>
              <FileRef uid="159" />
              <SequencePoints>
                <SequencePoint vc="0" uspid="4498" ordinal="0" offset="0" sl="11" sc="9" el="11" ec="37" bec="0" bev="0" fileid="159" />
              </SequencePoints>
              <BranchPoints />
              <MethodPoint xsi:type="SequencePoint" vc="0" uspid="4498" ordinal="0" offset="0" sl="11" sc="9" el="11" ec="37" bec="0" bev="0" fileid="159" />
            </Method>
          </Methods>
        </Class>
        <Class>
          <Summary numSequencePoints="8" visitedSequencePoints="0" numBranchPoints="5" visitedBranchPoints="0" sequenceCoverage="0" branchCoverage="0" maxCyclomaticComplexity="1" minCyclomaticComplexity="1" maxCrapScore="2" minCrapScore="2" visitedClasses="0" numClasses="1" visitedMethods="0" numMethods="5" />
          <FullName>Xunit.Xunit1Test</FullName>
          <Methods>
            <Method visited="false" cyclomaticComplexity="1" nPathComplexity="0" sequenceCoverage="0" branchCoverage="0" crapScore="2" isConstructor="false" isStatic="false" isGetter="true" isSetter="false">
              <Summary numSequencePoints="1" visitedSequencePoints="0" numBranchPoints="1" visitedBranchPoints="0" sequenceCoverage="0" branchCoverage="0" maxCyclomaticComplexity="1" minCyclomaticComplexity="1" maxCrapScore="2" minCrapScore="2" visitedClasses="0" numClasses="0" visitedMethods="0" numMethods="1" />
              <MetadataToken>100663840</MetadataToken>
              <Name>System.String Xunit.Xunit1Test::get_DisplayName()</Name>
              <FileRef uid="160" />
              <SequencePoints>
                <SequencePoint vc="0" uspid="4499" ordinal="0" offset="0" sl="22" sc="37" el="22" ec="41" bec="0" bev="0" fileid="160" />
              </SequencePoints>
              <BranchPoints />
              <MethodPoint xsi:type="SequencePoint" vc="0" uspid="4499" ordinal="0" offset="0" sl="22" sc="37" el="22" ec="41" bec="0" bev="0" fileid="160" />
            </Method>
            <Method visited="false" cyclomaticComplexity="1" nPathComplexity="0" sequenceCoverage="0" branchCoverage="0" crapScore="2" isConstructor="false" isStatic="false" isGetter="false" isSetter="true">
              <Summary numSequencePoints="1" visitedSequencePoints="0" numBranchPoints="1" visitedBranchPoints="0" sequenceCoverage="0" branchCoverage="0" maxCyclomaticComplexity="1" minCyclomaticComplexity="1" maxCrapScore="2" minCrapScore="2" visitedClasses="0" numClasses="0" visitedMethods="0" numMethods="1" />
              <MetadataToken>100663841</MetadataToken>
              <Name>System.Void Xunit.Xunit1Test::set_DisplayName(System.String)</Name>
              <FileRef uid="160" />
              <SequencePoints>
                <SequencePoint vc="0" uspid="4500" ordinal="0" offset="0" sl="22" sc="42" el="22" ec="54" bec="0" bev="0" fileid="160" />
              </SequencePoints>
              <BranchPoints />
              <MethodPoint xsi:type="SequencePoint" vc="0" uspid="4500" ordinal="0" offset="0" sl="22" sc="42" el="22" ec="54" bec="0" bev="0" fileid="160" />
            </Method>
            <Method visited="false" cyclomaticComplexity="1" nPathComplexity="0" sequenceCoverage="0" branchCoverage="0" crapScore="2" isConstructor="false" isStatic="false" isGetter="true" isSetter="false">
              <Summary numSequencePoints="1" visitedSequencePoints="0" numBranchPoints="1" visitedBranchPoints="0" sequenceCoverage="0" branchCoverage="0" maxCyclomaticComplexity="1" minCyclomaticComplexity="1" maxCrapScore="2" minCrapScore="2" visitedClasses="0" numClasses="0" visitedMethods="0" numMethods="1" />
              <MetadataToken>100663842</MetadataToken>
              <Name>Xunit.Abstractions.ITestCase Xunit.Xunit1Test::get_TestCase()</Name>
              <FileRef uid="160" />
              <SequencePoints>
                <SequencePoint vc="0" uspid="4501" ordinal="0" offset="0" sl="25" sc="37" el="25" ec="41" bec="0" bev="0" fileid="160" />
              </SequencePoints>
              <BranchPoints />
              <MethodPoint xsi:type="SequencePoint" vc="0" uspid="4501" ordinal="0" offset="0" sl="25" sc="37" el="25" ec="41" bec="0" bev="0" fileid="160" />
            </Method>
            <Method visited="false" cyclomaticComplexity="1" nPathComplexity="0" sequenceCoverage="0" branchCoverage="0" crapScore="2" isConstructor="false" isStatic="false" isGetter="false" isSetter="true">
              <Summary numSequencePoints="1" visitedSequencePoints="0" numBranchPoints="1" visitedBranchPoints="0" sequenceCoverage="0" branchCoverage="0" maxCyclomaticComplexity="1" minCyclomaticComplexity="1" maxCrapScore="2" minCrapScore="2" visitedClasses="0" numClasses="0" visitedMethods="0" numMethods="1" />
              <MetadataToken>100663843</MetadataToken>
              <Name>System.Void Xunit.Xunit1Test::set_TestCase(Xunit.Abstractions.ITestCase)</Name>
              <FileRef uid="160" />
              <SequencePoints>
                <SequencePoint vc="0" uspid="4502" ordinal="0" offset="0" sl="25" sc="42" el="25" ec="54" bec="0" bev="0" fileid="160" />
              </SequencePoints>
              <BranchPoints />
              <MethodPoint xsi:type="SequencePoint" vc="0" uspid="4502" ordinal="0" offset="0" sl="25" sc="42" el="25" ec="54" bec="0" bev="0" fileid="160" />
            </Method>
            <Method visited="false" cyclomaticComplexity="1" nPathComplexity="0" sequenceCoverage="0" branchCoverage="0" crapScore="2" isConstructor="true" isStatic="false" isGetter="false" isSetter="false">
              <Summary numSequencePoints="4" visitedSequencePoints="0" numBranchPoints="1" visitedBranchPoints="0" sequenceCoverage="0" branchCoverage="0" maxCyclomaticComplexity="1" minCyclomaticComplexity="1" maxCrapScore="2" minCrapScore="2" visitedClasses="0" numClasses="0" visitedMethods="0" numMethods="1" />
              <MetadataToken>100663839</MetadataToken>
              <Name>System.Void Xunit.Xunit1Test::.ctor(Xunit.Abstractions.ITestCase,System.String)</Name>
              <FileRef uid="160" />
              <SequencePoints>
                <SequencePoint vc="0" uspid="4503" ordinal="0" offset="0" sl="15" sc="9" el="15" ec="66" bec="0" bev="0" fileid="160" />
                <SequencePoint vc="0" uspid="4504" ordinal="1" offset="6" sl="17" sc="13" el="17" ec="33" bec="0" bev="0" fileid="160" />
                <SequencePoint vc="0" uspid="4505" ordinal="2" offset="13" sl="18" sc="13" el="18" ec="39" bec="0" bev="0" fileid="160" />
                <SequencePoint vc="0" uspid="4506" ordinal="3" offset="20" sl="19" sc="9" el="19" ec="10" bec="0" bev="0" fileid="160" />
              </SequencePoints>
              <BranchPoints />
              <MethodPoint xsi:type="SequencePoint" vc="0" uspid="4503" ordinal="0" offset="0" sl="15" sc="9" el="15" ec="66" bec="0" bev="0" fileid="160" />
            </Method>
          </Methods>
        </Class>
        <Class>
          <Summary numSequencePoints="59" visitedSequencePoints="0" numBranchPoints="31" visitedBranchPoints="0" sequenceCoverage="0" branchCoverage="0" maxCyclomaticComplexity="2" minCyclomaticComplexity="1" maxCrapScore="6" minCrapScore="2" visitedClasses="0" numClasses="1" visitedMethods="0" numMethods="29" />
          <FullName>Xunit.Xunit1TestCase</FullName>
          <Methods>
            <Method visited="false" cyclomaticComplexity="1" nPathComplexity="0" sequenceCoverage="0" branchCoverage="0" crapScore="2" isConstructor="false" isStatic="false" isGetter="true" isSetter="false">
              <Summary numSequencePoints="1" visitedSequencePoints="0" numBranchPoints="1" visitedBranchPoints="0" sequenceCoverage="0" branchCoverage="0" maxCyclomaticComplexity="1" minCyclomaticComplexity="1" maxCrapScore="2" minCrapScore="2" visitedClasses="0" numClasses="0" visitedMethods="0" numMethods="1" />
              <MetadataToken>100663846</MetadataToken>
              <Name>System.String Xunit.Xunit1TestCase::get_DisplayName()</Name>
              <FileRef uid="161" />
              <SequencePoints>
                <SequencePoint vc="0" uspid="4507" ordinal="0" offset="0" sl="51" sc="37" el="51" ec="41" bec="0" bev="0" fileid="161" />
              </SequencePoints>
              <BranchPoints />
              <MethodPoint xsi:type="SequencePoint" vc="0" uspid="4507" ordinal="0" offset="0" sl="51" sc="37" el="51" ec="41" bec="0" bev="0" fileid="161" />
            </Method>
            <Method visited="false" cyclomaticComplexity="1" nPathComplexity="0" sequenceCoverage="0" branchCoverage="0" crapScore="2" isConstructor="false" isStatic="false" isGetter="false" isSetter="true">
              <Summary numSequencePoints="1" visitedSequencePoints="0" numBranchPoints="1" visitedBranchPoints="0" sequenceCoverage="0" branchCoverage="0" maxCyclomaticComplexity="1" minCyclomaticComplexity="1" maxCrapScore="2" minCrapScore="2" visitedClasses="0" numClasses="0" visitedMethods="0" numMethods="1" />
              <MetadataToken>100663847</MetadataToken>
              <Name>System.Void Xunit.Xunit1TestCase::set_DisplayName(System.String)</Name>
              <FileRef uid="161" />
              <SequencePoints>
                <SequencePoint vc="0" uspid="4508" ordinal="0" offset="0" sl="51" sc="42" el="51" ec="46" bec="0" bev="0" fileid="161" />
              </SequencePoints>
              <BranchPoints />
              <MethodPoint xsi:type="SequencePoint" vc="0" uspid="4508" ordinal="0" offset="0" sl="51" sc="42" el="51" ec="46" bec="0" bev="0" fileid="161" />
            </Method>
            <Method visited="false" cyclomaticComplexity="1" nPathComplexity="0" sequenceCoverage="0" branchCoverage="0" crapScore="2" isConstructor="false" isStatic="false" isGetter="true" isSetter="false">
              <Summary numSequencePoints="1" visitedSequencePoints="0" numBranchPoints="1" visitedBranchPoints="0" sequenceCoverage="0" branchCoverage="0" maxCyclomaticComplexity="1" minCyclomaticComplexity="1" maxCrapScore="2" minCrapScore="2" visitedClasses="0" numClasses="0" visitedMethods="0" numMethods="1" />
              <MetadataToken>100663848</MetadataToken>
              <Name>System.String Xunit.Xunit1TestCase::get_SkipReason()</Name>
              <FileRef uid="161" />
              <SequencePoints>
                <SequencePoint vc="0" uspid="4509" ordinal="0" offset="0" sl="54" sc="36" el="54" ec="40" bec="0" bev="0" fileid="161" />
              </SequencePoints>
              <BranchPoints />
              <MethodPoint xsi:type="SequencePoint" vc="0" uspid="4509" ordinal="0" offset="0" sl="54" sc="36" el="54" ec="40" bec="0" bev="0" fileid="161" />
            </Method>
            <Method visited="false" cyclomaticComplexity="1" nPathComplexity="0" sequenceCoverage="0" branchCoverage="0" crapScore="2" isConstructor="false" isStatic="false" isGetter="false" isSetter="true">
              <Summary numSequencePoints="1" visitedSequencePoints="0" numBranchPoints="1" visitedBranchPoints="0" sequenceCoverage="0" branchCoverage="0" maxCyclomaticComplexity="1" minCyclomaticComplexity="1" maxCrapScore="2" minCrapScore="2" visitedClasses="0" numClasses="0" visitedMethods="0" numMethods="1" />
              <MetadataToken>100663849</MetadataToken>
              <Name>System.Void Xunit.Xunit1TestCase::set_SkipReason(System.String)</Name>
              <FileRef uid="161" />
              <SequencePoints>
                <SequencePoint vc="0" uspid="4510" ordinal="0" offset="0" sl="54" sc="41" el="54" ec="45" bec="0" bev="0" fileid="161" />
              </SequencePoints>
              <BranchPoints />
              <MethodPoint xsi:type="SequencePoint" vc="0" uspid="4510" ordinal="0" offset="0" sl="54" sc="41" el="54" ec="45" bec="0" bev="0" fileid="161" />
            </Method>
            <Method visited="false" cyclomaticComplexity="1" nPathComplexity="0" sequenceCoverage="0" branchCoverage="0" crapScore="2" isConstructor="false" isStatic="false" isGetter="true" isSetter="false">
              <Summary numSequencePoints="1" visitedSequencePoints="0" numBranchPoints="1" visitedBranchPoints="0" sequenceCoverage="0" branchCoverage="0" maxCyclomaticComplexity="1" minCyclomaticComplexity="1" maxCrapScore="2" minCrapScore="2" visitedClasses="0" numClasses="0" visitedMethods="0" numMethods="1" />
              <MetadataToken>100663850</MetadataToken>
              <Name>Xunit.Abstractions.ISourceInformation Xunit.Xunit1TestCase::get_SourceInformation()</Name>
              <FileRef uid="161" />
              <SequencePoints>
                <SequencePoint vc="0" uspid="4511" ordinal="0" offset="0" sl="57" sc="55" el="57" ec="59" bec="0" bev="0" fileid="161" />
              </SequencePoints>
              <BranchPoints />
              <MethodPoint xsi:type="SequencePoint" vc="0" uspid="4511" ordinal="0" offset="0" sl="57" sc="55" el="57" ec="59" bec="0" bev="0" fileid="161" />
            </Method>
            <Method visited="false" cyclomaticComplexity="1" nPathComplexity="0" sequenceCoverage="0" branchCoverage="0" crapScore="2" isConstructor="false" isStatic="false" isGetter="false" isSetter="true">
              <Summary numSequencePoints="1" visitedSequencePoints="0" numBranchPoints="1" visitedBranchPoints="0" sequenceCoverage="0" branchCoverage="0" maxCyclomaticComplexity="1" minCyclomaticComplexity="1" maxCrapScore="2" minCrapScore="2" visitedClasses="0" numClasses="0" visitedMethods="0" numMethods="1" />
              <MetadataToken>100663851</MetadataToken>
              <Name>System.Void Xunit.Xunit1TestCase::set_SourceInformation(Xunit.Abstractions.ISourceInformation)</Name>
              <FileRef uid="161" />
              <SequencePoints>
                <SequencePoint vc="0" uspid="4512" ordinal="0" offset="0" sl="57" sc="60" el="57" ec="64" bec="0" bev="0" fileid="161" />
              </SequencePoints>
              <BranchPoints />
              <MethodPoint xsi:type="SequencePoint" vc="0" uspid="4512" ordinal="0" offset="0" sl="57" sc="60" el="57" ec="64" bec="0" bev="0" fileid="161" />
            </Method>
            <Method visited="false" cyclomaticComplexity="1" nPathComplexity="0" sequenceCoverage="0" branchCoverage="0" crapScore="2" isConstructor="false" isStatic="false" isGetter="true" isSetter="false">
              <Summary numSequencePoints="1" visitedSequencePoints="0" numBranchPoints="1" visitedBranchPoints="0" sequenceCoverage="0" branchCoverage="0" maxCyclomaticComplexity="1" minCyclomaticComplexity="1" maxCrapScore="2" minCrapScore="2" visitedClasses="0" numClasses="0" visitedMethods="0" numMethods="1" />
              <MetadataToken>100663852</MetadataToken>
              <Name>Xunit.Abstractions.ITestMethod Xunit.Xunit1TestCase::get_TestMethod()</Name>
              <FileRef uid="161" />
              <SequencePoints>
                <SequencePoint vc="0" uspid="4513" ordinal="0" offset="0" sl="60" sc="42" el="60" ec="46" bec="0" bev="0" fileid="161" />
              </SequencePoints>
              <BranchPoints />
              <MethodPoint xsi:type="SequencePoint" vc="0" uspid="4513" ordinal="0" offset="0" sl="60" sc="42" el="60" ec="46" bec="0" bev="0" fileid="161" />
            </Method>
            <Method visited="false" cyclomaticComplexity="1" nPathComplexity="0" sequenceCoverage="0" branchCoverage="0" crapScore="2" isConstructor="false" isStatic="false" isGetter="true" isSetter="false">
              <Summary numSequencePoints="1" visitedSequencePoints="0" numBranchPoints="1" visitedBranchPoints="0" sequenceCoverage="0" branchCoverage="0" maxCyclomaticComplexity="1" minCyclomaticComplexity="1" maxCrapScore="2" minCrapScore="2" visitedClasses="0" numClasses="0" visitedMethods="0" numMethods="1" />
              <MetadataToken>100663853</MetadataToken>
              <Name>System.Object[] Xunit.Xunit1TestCase::get_TestMethodArguments()</Name>
              <FileRef uid="161" />
              <SequencePoints>
                <SequencePoint vc="0" uspid="4514" ordinal="0" offset="0" sl="63" sc="47" el="63" ec="51" bec="0" bev="0" fileid="161" />
              </SequencePoints>
              <BranchPoints />
              <MethodPoint xsi:type="SequencePoint" vc="0" uspid="4514" ordinal="0" offset="0" sl="63" sc="47" el="63" ec="51" bec="0" bev="0" fileid="161" />
            </Method>
            <Method visited="false" cyclomaticComplexity="1" nPathComplexity="0" sequenceCoverage="0" branchCoverage="0" crapScore="2" isConstructor="false" isStatic="false" isGetter="false" isSetter="true">
              <Summary numSequencePoints="1" visitedSequencePoints="0" numBranchPoints="1" visitedBranchPoints="0" sequenceCoverage="0" branchCoverage="0" maxCyclomaticComplexity="1" minCyclomaticComplexity="1" maxCrapScore="2" minCrapScore="2" visitedClasses="0" numClasses="0" visitedMethods="0" numMethods="1" />
              <MetadataToken>100663854</MetadataToken>
              <Name>System.Void Xunit.Xunit1TestCase::set_TestMethodArguments(System.Object[])</Name>
              <FileRef uid="161" />
              <SequencePoints>
                <SequencePoint vc="0" uspid="4515" ordinal="0" offset="0" sl="63" sc="52" el="63" ec="56" bec="0" bev="0" fileid="161" />
              </SequencePoints>
              <BranchPoints />
              <MethodPoint xsi:type="SequencePoint" vc="0" uspid="4515" ordinal="0" offset="0" sl="63" sc="52" el="63" ec="56" bec="0" bev="0" fileid="161" />
            </Method>
            <Method visited="false" cyclomaticComplexity="1" nPathComplexity="0" sequenceCoverage="0" branchCoverage="0" crapScore="2" isConstructor="false" isStatic="false" isGetter="true" isSetter="false">
              <Summary numSequencePoints="1" visitedSequencePoints="0" numBranchPoints="1" visitedBranchPoints="0" sequenceCoverage="0" branchCoverage="0" maxCyclomaticComplexity="1" minCyclomaticComplexity="1" maxCrapScore="2" minCrapScore="2" visitedClasses="0" numClasses="0" visitedMethods="0" numMethods="1" />
              <MetadataToken>100663855</MetadataToken>
              <Name>System.Collections.Generic.Dictionary`2&lt;System.String,System.Collections.Generic.List`1&lt;System.String&gt;&gt; Xunit.Xunit1TestCase::get_Traits()</Name>
              <FileRef uid="161" />
              <SequencePoints>
                <SequencePoint vc="0" uspid="4516" ordinal="0" offset="0" sl="66" sc="58" el="66" ec="62" bec="0" bev="0" fileid="161" />
              </SequencePoints>
              <BranchPoints />
              <MethodPoint xsi:type="SequencePoint" vc="0" uspid="4516" ordinal="0" offset="0" sl="66" sc="58" el="66" ec="62" bec="0" bev="0" fileid="161" />
            </Method>
            <Method visited="false" cyclomaticComplexity="1" nPathComplexity="0" sequenceCoverage="0" branchCoverage="0" crapScore="2" isConstructor="false" isStatic="false" isGetter="false" isSetter="true">
              <Summary numSequencePoints="1" visitedSequencePoints="0" numBranchPoints="1" visitedBranchPoints="0" sequenceCoverage="0" branchCoverage="0" maxCyclomaticComplexity="1" minCyclomaticComplexity="1" maxCrapScore="2" minCrapScore="2" visitedClasses="0" numClasses="0" visitedMethods="0" numMethods="1" />
              <MetadataToken>100663856</MetadataToken>
              <Name>System.Void Xunit.Xunit1TestCase::set_Traits(System.Collections.Generic.Dictionary`2&lt;System.String,System.Collections.Generic.List`1&lt;System.String&gt;&gt;)</Name>
              <FileRef uid="161" />
              <SequencePoints>
                <SequencePoint vc="0" uspid="4517" ordinal="0" offset="0" sl="66" sc="63" el="66" ec="67" bec="0" bev="0" fileid="161" />
              </SequencePoints>
              <BranchPoints />
              <MethodPoint xsi:type="SequencePoint" vc="0" uspid="4517" ordinal="0" offset="0" sl="66" sc="63" el="66" ec="67" bec="0" bev="0" fileid="161" />
            </Method>
            <Method visited="false" cyclomaticComplexity="1" nPathComplexity="0" sequenceCoverage="0" branchCoverage="0" crapScore="2" isConstructor="false" isStatic="false" isGetter="true" isSetter="false">
              <Summary numSequencePoints="1" visitedSequencePoints="0" numBranchPoints="1" visitedBranchPoints="0" sequenceCoverage="0" branchCoverage="0" maxCyclomaticComplexity="1" minCyclomaticComplexity="1" maxCrapScore="2" minCrapScore="2" visitedClasses="0" numClasses="0" visitedMethods="0" numMethods="1" />
              <MetadataToken>100663857</MetadataToken>
              <Name>System.String Xunit.Xunit1TestCase::get_UniqueID()</Name>
              <FileRef uid="161" />
              <SequencePoints>
                <SequencePoint vc="0" uspid="4518" ordinal="0" offset="0" sl="69" sc="35" el="69" ec="61" bec="0" bev="0" fileid="161" />
              </SequencePoints>
              <BranchPoints />
              <MethodPoint xsi:type="SequencePoint" vc="0" uspid="4518" ordinal="0" offset="0" sl="69" sc="35" el="69" ec="61" bec="0" bev="0" fileid="161" />
            </Method>
            <Method visited="false" cyclomaticComplexity="1" nPathComplexity="0" sequenceCoverage="0" branchCoverage="0" crapScore="2" isConstructor="false" isStatic="false" isGetter="true" isSetter="false">
              <Summary numSequencePoints="1" visitedSequencePoints="0" numBranchPoints="1" visitedBranchPoints="0" sequenceCoverage="0" branchCoverage="0" maxCyclomaticComplexity="1" minCyclomaticComplexity="1" maxCrapScore="2" minCrapScore="2" visitedClasses="0" numClasses="0" visitedMethods="0" numMethods="1" />
              <MetadataToken>100663861</MetadataToken>
              <Name>Xunit.Abstractions.IAssemblyInfo Xunit.Xunit1TestCase::Xunit.Abstractions.ITestAssembly.get_Assembly()</Name>
              <FileRef uid="161" />
              <SequencePoints>
                <SequencePoint vc="0" uspid="4519" ordinal="0" offset="0" sl="110" sc="49" el="110" ec="66" bec="0" bev="0" fileid="161" />
              </SequencePoints>
              <BranchPoints />
              <MethodPoint xsi:type="SequencePoint" vc="0" uspid="4519" ordinal="0" offset="0" sl="110" sc="49" el="110" ec="66" bec="0" bev="0" fileid="161" />
            </Method>
            <Method visited="false" cyclomaticComplexity="1" nPathComplexity="0" sequenceCoverage="0" branchCoverage="0" crapScore="2" isConstructor="false" isStatic="false" isGetter="true" isSetter="false">
              <Summary numSequencePoints="1" visitedSequencePoints="0" numBranchPoints="1" visitedBranchPoints="0" sequenceCoverage="0" branchCoverage="0" maxCyclomaticComplexity="1" minCyclomaticComplexity="1" maxCrapScore="2" minCrapScore="2" visitedClasses="0" numClasses="0" visitedMethods="0" numMethods="1" />
              <MetadataToken>100663862</MetadataToken>
              <Name>System.String Xunit.Xunit1TestCase::get_ConfigFileName()</Name>
              <FileRef uid="161" />
              <SequencePoints>
                <SequencePoint vc="0" uspid="4520" ordinal="0" offset="0" sl="113" sc="40" el="113" ec="44" bec="0" bev="0" fileid="161" />
              </SequencePoints>
              <BranchPoints />
              <MethodPoint xsi:type="SequencePoint" vc="0" uspid="4520" ordinal="0" offset="0" sl="113" sc="40" el="113" ec="44" bec="0" bev="0" fileid="161" />
            </Method>
            <Method visited="false" cyclomaticComplexity="1" nPathComplexity="0" sequenceCoverage="0" branchCoverage="0" crapScore="2" isConstructor="false" isStatic="false" isGetter="false" isSetter="true">
              <Summary numSequencePoints="1" visitedSequencePoints="0" numBranchPoints="1" visitedBranchPoints="0" sequenceCoverage="0" branchCoverage="0" maxCyclomaticComplexity="1" minCyclomaticComplexity="1" maxCrapScore="2" minCrapScore="2" visitedClasses="0" numClasses="0" visitedMethods="0" numMethods="1" />
              <MetadataToken>100663863</MetadataToken>
              <Name>System.Void Xunit.Xunit1TestCase::set_ConfigFileName(System.String)</Name>
              <FileRef uid="161" />
              <SequencePoints>
                <SequencePoint vc="0" uspid="4521" ordinal="0" offset="0" sl="113" sc="45" el="113" ec="49" bec="0" bev="0" fileid="161" />
              </SequencePoints>
              <BranchPoints />
              <MethodPoint xsi:type="SequencePoint" vc="0" uspid="4521" ordinal="0" offset="0" sl="113" sc="45" el="113" ec="49" bec="0" bev="0" fileid="161" />
            </Method>
            <Method visited="false" cyclomaticComplexity="1" nPathComplexity="0" sequenceCoverage="0" branchCoverage="0" crapScore="2" isConstructor="false" isStatic="false" isGetter="true" isSetter="false">
              <Summary numSequencePoints="1" visitedSequencePoints="0" numBranchPoints="1" visitedBranchPoints="0" sequenceCoverage="0" branchCoverage="0" maxCyclomaticComplexity="1" minCyclomaticComplexity="1" maxCrapScore="2" minCrapScore="2" visitedClasses="0" numClasses="0" visitedMethods="0" numMethods="1" />
              <MetadataToken>100663864</MetadataToken>
              <Name>Xunit.Abstractions.ITypeInfo Xunit.Xunit1TestCase::Xunit.Abstractions.ITestCollection.get_CollectionDefinition()</Name>
              <FileRef uid="161" />
              <SequencePoints>
                <SequencePoint vc="0" uspid="4522" ordinal="0" offset="0" sl="116" sc="59" el="116" ec="63" bec="0" bev="0" fileid="161" />
              </SequencePoints>
              <BranchPoints />
              <MethodPoint xsi:type="SequencePoint" vc="0" uspid="4522" ordinal="0" offset="0" sl="116" sc="59" el="116" ec="63" bec="0" bev="0" fileid="161" />
            </Method>
            <Method visited="false" cyclomaticComplexity="1" nPathComplexity="0" sequenceCoverage="0" branchCoverage="0" crapScore="2" isConstructor="false" isStatic="false" isGetter="true" isSetter="false">
              <Summary numSequencePoints="1" visitedSequencePoints="0" numBranchPoints="1" visitedBranchPoints="0" sequenceCoverage="0" branchCoverage="0" maxCyclomaticComplexity="1" minCyclomaticComplexity="1" maxCrapScore="2" minCrapScore="2" visitedClasses="0" numClasses="0" visitedMethods="0" numMethods="1" />
              <MetadataToken>100663865</MetadataToken>
              <Name>System.String Xunit.Xunit1TestCase::Xunit.Abstractions.ITestCollection.get_DisplayName()</Name>
              <FileRef uid="161" />
              <SequencePoints>
                <SequencePoint vc="0" uspid="4523" ordinal="0" offset="0" sl="119" sc="47" el="119" ec="109" bec="0" bev="0" fileid="161" />
              </SequencePoints>
              <BranchPoints />
              <MethodPoint xsi:type="SequencePoint" vc="0" uspid="4523" ordinal="0" offset="0" sl="119" sc="47" el="119" ec="109" bec="0" bev="0" fileid="161" />
            </Method>
            <Method visited="false" cyclomaticComplexity="1" nPathComplexity="0" sequenceCoverage="0" branchCoverage="0" crapScore="2" isConstructor="false" isStatic="false" isGetter="true" isSetter="false">
              <Summary numSequencePoints="1" visitedSequencePoints="0" numBranchPoints="1" visitedBranchPoints="0" sequenceCoverage="0" branchCoverage="0" maxCyclomaticComplexity="1" minCyclomaticComplexity="1" maxCrapScore="2" minCrapScore="2" visitedClasses="0" numClasses="0" visitedMethods="0" numMethods="1" />
              <MetadataToken>100663866</MetadataToken>
              <Name>Xunit.Abstractions.ITestAssembly Xunit.Xunit1TestCase::Xunit.Abstractions.ITestCollection.get_TestAssembly()</Name>
              <FileRef uid="161" />
              <SequencePoints>
                <SequencePoint vc="0" uspid="4524" ordinal="0" offset="0" sl="122" sc="55" el="122" ec="59" bec="0" bev="0" fileid="161" />
              </SequencePoints>
              <BranchPoints />
              <MethodPoint xsi:type="SequencePoint" vc="0" uspid="4524" ordinal="0" offset="0" sl="122" sc="55" el="122" ec="59" bec="0" bev="0" fileid="161" />
            </Method>
            <Method visited="false" cyclomaticComplexity="1" nPathComplexity="0" sequenceCoverage="0" branchCoverage="0" crapScore="2" isConstructor="false" isStatic="false" isGetter="true" isSetter="false">
              <Summary numSequencePoints="1" visitedSequencePoints="0" numBranchPoints="1" visitedBranchPoints="0" sequenceCoverage="0" branchCoverage="0" maxCyclomaticComplexity="1" minCyclomaticComplexity="1" maxCrapScore="2" minCrapScore="2" visitedClasses="0" numClasses="0" visitedMethods="0" numMethods="1" />
              <MetadataToken>100663867</MetadataToken>
              <Name>System.Guid Xunit.Xunit1TestCase::Xunit.Abstractions.ITestCollection.get_UniqueID()</Name>
              <FileRef uid="161" />
              <SequencePoints>
                <SequencePoint vc="0" uspid="4525" ordinal="0" offset="0" sl="125" sc="42" el="125" ec="52" bec="0" bev="0" fileid="161" />
              </SequencePoints>
              <BranchPoints />
              <MethodPoint xsi:type="SequencePoint" vc="0" uspid="4525" ordinal="0" offset="0" sl="125" sc="42" el="125" ec="52" bec="0" bev="0" fileid="161" />
            </Method>
            <Method visited="false" cyclomaticComplexity="1" nPathComplexity="0" sequenceCoverage="0" branchCoverage="0" crapScore="2" isConstructor="false" isStatic="false" isGetter="true" isSetter="false">
              <Summary numSequencePoints="1" visitedSequencePoints="0" numBranchPoints="1" visitedBranchPoints="0" sequenceCoverage="0" branchCoverage="0" maxCyclomaticComplexity="1" minCyclomaticComplexity="1" maxCrapScore="2" minCrapScore="2" visitedClasses="0" numClasses="0" visitedMethods="0" numMethods="1" />
              <MetadataToken>100663868</MetadataToken>
              <Name>Xunit.Abstractions.ITypeInfo Xunit.Xunit1TestCase::Xunit.Abstractions.ITestClass.get_Class()</Name>
              <FileRef uid="161" />
              <SequencePoints>
                <SequencePoint vc="0" uspid="4526" ordinal="0" offset="0" sl="128" sc="39" el="128" ec="56" bec="0" bev="0" fileid="161" />
              </SequencePoints>
              <BranchPoints />
              <MethodPoint xsi:type="SequencePoint" vc="0" uspid="4526" ordinal="0" offset="0" sl="128" sc="39" el="128" ec="56" bec="0" bev="0" fileid="161" />
            </Method>
            <Method visited="false" cyclomaticComplexity="1" nPathComplexity="0" sequenceCoverage="0" branchCoverage="0" crapScore="2" isConstructor="false" isStatic="false" isGetter="true" isSetter="false">
              <Summary numSequencePoints="1" visitedSequencePoints="0" numBranchPoints="1" visitedBranchPoints="0" sequenceCoverage="0" branchCoverage="0" maxCyclomaticComplexity="1" minCyclomaticComplexity="1" maxCrapScore="2" minCrapScore="2" visitedClasses="0" numClasses="0" visitedMethods="0" numMethods="1" />
              <MetadataToken>100663869</MetadataToken>
              <Name>Xunit.Abstractions.ITestCollection Xunit.Xunit1TestCase::Xunit.Abstractions.ITestClass.get_TestCollection()</Name>
              <FileRef uid="161" />
              <SequencePoints>
                <SequencePoint vc="0" uspid="4527" ordinal="0" offset="0" sl="131" sc="54" el="131" ec="58" bec="0" bev="0" fileid="161" />
              </SequencePoints>
              <BranchPoints />
              <MethodPoint xsi:type="SequencePoint" vc="0" uspid="4527" ordinal="0" offset="0" sl="131" sc="54" el="131" ec="58" bec="0" bev="0" fileid="161" />
            </Method>
            <Method visited="false" cyclomaticComplexity="1" nPathComplexity="0" sequenceCoverage="0" branchCoverage="0" crapScore="2" isConstructor="false" isStatic="false" isGetter="true" isSetter="false">
              <Summary numSequencePoints="1" visitedSequencePoints="0" numBranchPoints="1" visitedBranchPoints="0" sequenceCoverage="0" branchCoverage="0" maxCyclomaticComplexity="1" minCyclomaticComplexity="1" maxCrapScore="2" minCrapScore="2" visitedClasses="0" numClasses="0" visitedMethods="0" numMethods="1" />
              <MetadataToken>100663870</MetadataToken>
              <Name>Xunit.Abstractions.IMethodInfo Xunit.Xunit1TestCase::Xunit.Abstractions.ITestMethod.get_Method()</Name>
              <FileRef uid="161" />
              <SequencePoints>
                <SequencePoint vc="0" uspid="4528" ordinal="0" offset="0" sl="134" sc="43" el="134" ec="60" bec="0" bev="0" fileid="161" />
              </SequencePoints>
              <BranchPoints />
              <MethodPoint xsi:type="SequencePoint" vc="0" uspid="4528" ordinal="0" offset="0" sl="134" sc="43" el="134" ec="60" bec="0" bev="0" fileid="161" />
            </Method>
            <Method visited="false" cyclomaticComplexity="1" nPathComplexity="0" sequenceCoverage="0" branchCoverage="0" crapScore="2" isConstructor="false" isStatic="false" isGetter="true" isSetter="false">
              <Summary numSequencePoints="1" visitedSequencePoints="0" numBranchPoints="1" visitedBranchPoints="0" sequenceCoverage="0" branchCoverage="0" maxCyclomaticComplexity="1" minCyclomaticComplexity="1" maxCrapScore="2" minCrapScore="2" visitedClasses="0" numClasses="0" visitedMethods="0" numMethods="1" />
              <MetadataToken>100663871</MetadataToken>
              <Name>Xunit.Abstractions.ITestClass Xunit.Xunit1TestCase::Xunit.Abstractions.ITestMethod.get_TestClass()</Name>
              <FileRef uid="161" />
              <SequencePoints>
                <SequencePoint vc="0" uspid="4529" ordinal="0" offset="0" sl="137" sc="45" el="137" ec="49" bec="0" bev="0" fileid="161" />
              </SequencePoints>
              <BranchPoints />
              <MethodPoint xsi:type="SequencePoint" vc="0" uspid="4529" ordinal="0" offset="0" sl="137" sc="45" el="137" ec="49" bec="0" bev="0" fileid="161" />
            </Method>
            <Method visited="false" cyclomaticComplexity="1" nPathComplexity="0" sequenceCoverage="0" branchCoverage="0" crapScore="2" isConstructor="true" isStatic="false" isGetter="false" isSetter="false">
              <Summary numSequencePoints="2" visitedSequencePoints="0" numBranchPoints="1" visitedBranchPoints="0" sequenceCoverage="0" branchCoverage="0" maxCyclomaticComplexity="1" minCyclomaticComplexity="1" maxCrapScore="2" minCrapScore="2" visitedClasses="0" numClasses="0" visitedMethods="0" numMethods="1" />
              <MetadataToken>100663844</MetadataToken>
              <Name>System.Void Xunit.Xunit1TestCase::.ctor()</Name>
              <FileRef uid="161" />
              <SequencePoints>
                <SequencePoint vc="0" uspid="4530" ordinal="0" offset="0" sl="22" sc="9" el="22" ec="32" bec="0" bev="0" fileid="161" />
                <SequencePoint vc="0" uspid="4531" ordinal="1" offset="6" sl="22" sc="35" el="22" ec="36" bec="0" bev="0" fileid="161" />
              </SequencePoints>
              <BranchPoints />
              <MethodPoint xsi:type="SequencePoint" vc="0" uspid="4530" ordinal="0" offset="0" sl="22" sc="9" el="22" ec="32" bec="0" bev="0" fileid="161" />
            </Method>
            <Method visited="false" cyclomaticComplexity="2" nPathComplexity="2" sequenceCoverage="0" branchCoverage="0" crapScore="6" isConstructor="true" isStatic="false" isGetter="false" isSetter="false">
              <Summary numSequencePoints="7" visitedSequencePoints="0" numBranchPoints="3" visitedBranchPoints="0" sequenceCoverage="0" branchCoverage="0" maxCyclomaticComplexity="2" minCyclomaticComplexity="2" maxCrapScore="6" minCrapScore="6" visitedClasses="0" numClasses="0" visitedMethods="0" numMethods="1" />
              <MetadataToken>100663845</MetadataToken>
              <Name>System.Void Xunit.Xunit1TestCase::.ctor(System.String,System.String,System.String,System.String,System.String,System.Collections.Generic.Dictionary`2&lt;System.String,System.Collections.Generic.List`1&lt;System.String&gt;&gt;,System.String)</Name>
              <FileRef uid="161" />
              <SequencePoints>
                <SequencePoint vc="0" uspid="4532" ordinal="0" offset="0" sl="34" sc="9" el="40" ec="56" bec="0" bev="0" fileid="161" />
                <SequencePoint vc="0" uspid="4533" ordinal="1" offset="6" sl="42" sc="13" el="42" ec="101" bec="0" bev="0" fileid="161" />
                <SequencePoint vc="0" uspid="4534" ordinal="2" offset="21" sl="44" sc="13" el="44" ec="45" bec="0" bev="0" fileid="161" />
                <SequencePoint vc="0" uspid="4535" ordinal="3" offset="28" sl="45" sc="13" el="45" ec="39" bec="0" bev="0" fileid="161" />
                <SequencePoint vc="0" uspid="4536" ordinal="4" offset="36" sl="46" sc="13" el="46" ec="44" bec="2" bev="0" fileid="161" />
                <SequencePoint vc="0" uspid="4537" ordinal="5" offset="53" sl="47" sc="13" el="47" ec="37" bec="0" bev="0" fileid="161" />
                <SequencePoint vc="0" uspid="4538" ordinal="6" offset="61" sl="48" sc="9" el="48" ec="10" bec="0" bev="0" fileid="161" />
              </SequencePoints>
              <BranchPoints>
                <BranchPoint vc="0" uspid="4539" ordinal="0" offset="40" sl="46" path="0" offsetend="42" fileid="161" />
                <BranchPoint vc="0" uspid="4540" ordinal="1" offset="40" sl="46" path="1" offsetend="48" fileid="161" />
              </BranchPoints>
              <MethodPoint xsi:type="SequencePoint" vc="0" uspid="4532" ordinal="0" offset="0" sl="34" sc="9" el="40" ec="56" bec="0" bev="0" fileid="161" />
            </Method>
            <Method visited="false" cyclomaticComplexity="1" nPathComplexity="0" sequenceCoverage="0" branchCoverage="0" crapScore="2" isConstructor="false" isStatic="false" isGetter="false" isSetter="false">
              <Summary numSequencePoints="1" visitedSequencePoints="0" numBranchPoints="1" visitedBranchPoints="0" sequenceCoverage="0" branchCoverage="0" maxCyclomaticComplexity="1" minCyclomaticComplexity="1" maxCrapScore="2" minCrapScore="2" visitedClasses="0" numClasses="0" visitedMethods="0" numMethods="1" />
              <MetadataToken>100663858</MetadataToken>
              <Name>System.Void Xunit.Xunit1TestCase::Dispose()</Name>
              <FileRef uid="161" />
              <SequencePoints>
                <SequencePoint vc="0" uspid="4541" ordinal="0" offset="0" sl="72" sc="33" el="72" ec="34" bec="0" bev="0" fileid="161" />
              </SequencePoints>
              <BranchPoints />
              <MethodPoint xsi:type="SequencePoint" vc="0" uspid="4541" ordinal="0" offset="0" sl="72" sc="33" el="72" ec="34" bec="0" bev="0" fileid="161" />
            </Method>
            <Method visited="false" cyclomaticComplexity="2" nPathComplexity="0" sequenceCoverage="0" branchCoverage="0" crapScore="6" isConstructor="false" isStatic="false" isGetter="false" isSetter="false">
              <Summary numSequencePoints="12" visitedSequencePoints="0" numBranchPoints="1" visitedBranchPoints="0" sequenceCoverage="0" branchCoverage="0" maxCyclomaticComplexity="2" minCyclomaticComplexity="2" maxCrapScore="6" minCrapScore="6" visitedClasses="0" numClasses="0" visitedMethods="0" numMethods="1" />
              <MetadataToken>100663859</MetadataToken>
              <Name>System.Void Xunit.Xunit1TestCase::Deserialize(Xunit.Abstractions.IXunitSerializationInfo)</Name>
              <FileRef uid="161" />
              <SequencePoints>
                <SequencePoint vc="0" uspid="4542" ordinal="0" offset="0" sl="77" sc="13" el="81" ec="15" bec="0" bev="0" fileid="161" />
                <SequencePoint vc="0" uspid="4543" ordinal="1" offset="44" sl="83" sc="13" el="83" ec="70" bec="0" bev="0" fileid="161" />
                <SequencePoint vc="0" uspid="4544" ordinal="2" offset="61" sl="84" sc="13" el="84" ec="64" bec="0" bev="0" fileid="161" />
                <SequencePoint vc="0" uspid="4545" ordinal="3" offset="78" sl="85" sc="13" el="85" ec="62" bec="0" bev="0" fileid="161" />
                <SequencePoint vc="0" uspid="4546" ordinal="4" offset="95" sl="86" sc="13" el="86" ec="87" bec="0" bev="0" fileid="161" />
                <SequencePoint vc="0" uspid="4547" ordinal="5" offset="112" sl="88" sc="13" el="88" ec="93" bec="0" bev="0" fileid="161" />
                <SequencePoint vc="0" uspid="4548" ordinal="6" offset="128" sl="89" sc="13" el="89" ec="63" bec="0" bev="0" fileid="161" />
                <SequencePoint vc="0" uspid="4549" ordinal="7" offset="139" sl="90" sc="33" el="90" ec="37" bec="0" bev="0" fileid="161" />
                <SequencePoint vc="0" uspid="4550" ordinal="8" offset="144" sl="90" sc="22" el="90" ec="29" bec="0" bev="0" fileid="161" />
                <SequencePoint vc="0" uspid="4551" ordinal="9" offset="148" sl="91" sc="17" el="91" ec="85" bec="0" bev="0" fileid="161" />
                <SequencePoint vc="0" uspid="4552" ordinal="10" offset="186" sl="90" sc="30" el="90" ec="32" bec="0" bev="0" fileid="161" />
                <SequencePoint vc="0" uspid="4553" ordinal="11" offset="192" sl="92" sc="9" el="92" ec="10" bec="0" bev="0" fileid="161" />
              </SequencePoints>
              <BranchPoints />
              <MethodPoint xsi:type="SequencePoint" vc="0" uspid="4542" ordinal="0" offset="0" sl="77" sc="13" el="81" ec="15" bec="0" bev="0" fileid="161" />
            </Method>
            <Method visited="false" cyclomaticComplexity="2" nPathComplexity="0" sequenceCoverage="0" branchCoverage="0" crapScore="6" isConstructor="false" isStatic="false" isGetter="false" isSetter="false">
              <Summary numSequencePoints="13" visitedSequencePoints="0" numBranchPoints="1" visitedBranchPoints="0" sequenceCoverage="0" branchCoverage="0" maxCyclomaticComplexity="2" minCyclomaticComplexity="2" maxCrapScore="6" minCrapScore="6" visitedClasses="0" numClasses="0" visitedMethods="0" numMethods="1" />
              <MetadataToken>100663860</MetadataToken>
              <Name>System.Void Xunit.Xunit1TestCase::Serialize(Xunit.Abstractions.IXunitSerializationInfo)</Name>
              <FileRef uid="161" />
              <SequencePoints>
                <SequencePoint vc="0" uspid="4556" ordinal="0" offset="0" sl="97" sc="13" el="97" ec="83" bec="0" bev="0" fileid="161" />
                <SequencePoint vc="0" uspid="4557" ordinal="1" offset="23" sl="98" sc="13" el="98" ec="61" bec="0" bev="0" fileid="161" />
                <SequencePoint vc="0" uspid="4558" ordinal="2" offset="41" sl="99" sc="13" el="99" ec="71" bec="0" bev="0" fileid="161" />
                <SequencePoint vc="0" uspid="4559" ordinal="3" offset="64" sl="100" sc="13" el="100" ec="67" bec="0" bev="0" fileid="161" />
                <SequencePoint vc="0" uspid="4560" ordinal="4" offset="87" sl="101" sc="13" el="101" ec="55" bec="0" bev="0" fileid="161" />
                <SequencePoint vc="0" uspid="4561" ordinal="5" offset="105" sl="102" sc="13" el="102" ec="53" bec="0" bev="0" fileid="161" />
                <SequencePoint vc="0" uspid="4562" ordinal="6" offset="123" sl="103" sc="13" el="103" ec="67" bec="0" bev="0" fileid="161" />
                <SequencePoint vc="0" uspid="4563" ordinal="7" offset="141" sl="104" sc="13" el="104" ec="65" bec="0" bev="0" fileid="161" />
                <SequencePoint vc="0" uspid="4564" ordinal="8" offset="169" sl="105" sc="33" el="105" ec="44" bec="0" bev="0" fileid="161" />
                <SequencePoint vc="0" uspid="4565" ordinal="9" offset="188" sl="105" sc="22" el="105" ec="29" bec="0" bev="0" fileid="161" />
                <SequencePoint vc="0" uspid="4566" ordinal="10" offset="196" sl="106" sc="17" el="106" ec="72" bec="0" bev="0" fileid="161" />
                <SequencePoint vc="0" uspid="4567" ordinal="11" offset="231" sl="105" sc="30" el="105" ec="32" bec="0" bev="0" fileid="161" />
                <SequencePoint vc="0" uspid="4568" ordinal="12" offset="256" sl="107" sc="9" el="107" ec="10" bec="0" bev="0" fileid="161" />
              </SequencePoints>
              <BranchPoints />
              <MethodPoint xsi:type="SequencePoint" vc="0" uspid="4556" ordinal="0" offset="0" sl="97" sc="13" el="97" ec="83" bec="0" bev="0" fileid="161" />
            </Method>
            <Method visited="false" cyclomaticComplexity="1" nPathComplexity="0" sequenceCoverage="0" branchCoverage="0" crapScore="2" isConstructor="true" isStatic="true" isGetter="false" isSetter="false">
              <Summary numSequencePoints="1" visitedSequencePoints="0" numBranchPoints="1" visitedBranchPoints="0" sequenceCoverage="0" branchCoverage="0" maxCyclomaticComplexity="1" minCyclomaticComplexity="1" maxCrapScore="2" minCrapScore="2" visitedClasses="0" numClasses="0" visitedMethods="0" numMethods="1" />
              <MetadataToken>100663872</MetadataToken>
              <Name>System.Void Xunit.Xunit1TestCase::.cctor()</Name>
              <FileRef uid="161" />
              <SequencePoints>
                <SequencePoint vc="0" uspid="4571" ordinal="0" offset="0" sl="15" sc="9" el="15" ec="143" bec="0" bev="0" fileid="161" />
              </SequencePoints>
              <BranchPoints />
              <MethodPoint xsi:type="SequencePoint" vc="0" uspid="4571" ordinal="0" offset="0" sl="15" sc="9" el="15" ec="143" bec="0" bev="0" fileid="161" />
            </Method>
          </Methods>
        </Class>
        <Class>
          <Summary numSequencePoints="25" visitedSequencePoints="0" numBranchPoints="12" visitedBranchPoints="0" sequenceCoverage="0" branchCoverage="0" maxCyclomaticComplexity="4" minCyclomaticComplexity="1" maxCrapScore="20" minCrapScore="2" visitedClasses="0" numClasses="1" visitedMethods="0" numMethods="6" />
          <FullName>Xunit.Xunit2</FullName>
          <Methods>
            <Method visited="false" cyclomaticComplexity="1" nPathComplexity="0" sequenceCoverage="0" branchCoverage="0" crapScore="2" isConstructor="true" isStatic="false" isGetter="false" isSetter="false">
              <Summary numSequencePoints="4" visitedSequencePoints="0" numBranchPoints="1" visitedBranchPoints="0" sequenceCoverage="0" branchCoverage="0" maxCyclomaticComplexity="1" minCyclomaticComplexity="1" maxCrapScore="2" minCrapScore="2" visitedClasses="0" numClasses="0" visitedMethods="0" numMethods="1" />
              <MetadataToken>100663873</MetadataToken>
              <Name>System.Void Xunit.Xunit2::.ctor(Xunit.AppDomainSupport,Xunit.Abstractions.ISourceInformationProvider,System.String,System.String,System.Boolean,System.String,Xunit.Abstractions.IMessageSink,System.Boolean)</Name>
              <FileRef uid="162" />
              <SequencePoints>
                <SequencePoint vc="0" uspid="4572" ordinal="0" offset="0" sl="40" sc="15" el="40" ec="177" bec="0" bev="0" fileid="162" />
                <SequencePoint vc="0" uspid="4573" ordinal="1" offset="19" sl="43" sc="13" el="43" ec="79" bec="0" bev="0" fileid="162" />
                <SequencePoint vc="0" uspid="4574" ordinal="2" offset="26" sl="48" sc="13" el="48" ec="66" bec="0" bev="0" fileid="162" />
                <SequencePoint vc="0" uspid="4575" ordinal="3" offset="44" sl="49" sc="9" el="49" ec="10" bec="0" bev="0" fileid="162" />
              </SequencePoints>
              <BranchPoints />
              <MethodPoint xsi:type="SequencePoint" vc="0" uspid="4572" ordinal="0" offset="0" sl="40" sc="15" el="40" ec="177" bec="0" bev="0" fileid="162" />
            </Method>
            <Method visited="false" cyclomaticComplexity="4" nPathComplexity="8" sequenceCoverage="0" branchCoverage="0" crapScore="20" isConstructor="false" isStatic="false" isGetter="false" isSetter="false">
              <Summary numSequencePoints="13" visitedSequencePoints="0" numBranchPoints="7" visitedBranchPoints="0" sequenceCoverage="0" branchCoverage="0" maxCyclomaticComplexity="4" minCyclomaticComplexity="4" maxCrapScore="20" minCrapScore="20" visitedClasses="0" numClasses="0" visitedMethods="0" numMethods="1" />
              <MetadataToken>100663874</MetadataToken>
              <Name>System.Collections.Generic.List`1&lt;System.Collections.Generic.KeyValuePair`2&lt;System.String,Xunit.Abstractions.ITestCase&gt;&gt; Xunit.Xunit2::BulkDeserialize(System.Collections.Generic.List`1&lt;System.String&gt;)</Name>
              <FileRef uid="162" />
              <SequencePoints>
                <SequencePoint vc="0" uspid="4576" ordinal="0" offset="0" sl="54" sc="13" el="54" ec="63" bec="0" bev="0" fileid="162" />
                <SequencePoint vc="0" uspid="4577" ordinal="1" offset="6" sl="55" sc="13" el="55" ec="97" bec="0" bev="0" fileid="162" />
                <SequencePoint vc="0" uspid="4578" ordinal="2" offset="19" sl="57" sc="13" el="57" ec="57" bec="2" bev="0" fileid="162" />
                <SequencePoint vc="0" uspid="4579" ordinal="3" offset="27" sl="59" sc="17" el="59" ec="44" bec="2" bev="0" fileid="162" />
                <SequencePoint vc="0" uspid="4580" ordinal="4" offset="40" sl="63" sc="25" el="63" ec="181" bec="0" bev="0" fileid="162" />
                <SequencePoint vc="0" uspid="4581" ordinal="5" offset="95" sl="64" sc="25" el="64" ec="63" bec="2" bev="0" fileid="162" />
                <SequencePoint vc="0" uspid="4582" ordinal="6" offset="103" sl="65" sc="29" el="65" ec="62" bec="0" bev="0" fileid="162" />
                <SequencePoint vc="0" uspid="4583" ordinal="7" offset="112" sl="66" sc="21" el="66" ec="22" bec="0" bev="0" fileid="162" />
                <SequencePoint vc="0" uspid="4584" ordinal="8" offset="114" sl="67" sc="21" el="67" ec="46" bec="0" bev="0" fileid="162" />
                <SequencePoint vc="0" uspid="4585" ordinal="9" offset="115" sl="67" sc="49" el="67" ec="50" bec="0" bev="0" fileid="162" />
                <SequencePoint vc="0" uspid="4586" ordinal="10" offset="117" sl="70" sc="17" el="70" ec="103" bec="0" bev="0" fileid="162" />
                <SequencePoint vc="0" uspid="4587" ordinal="11" offset="134" sl="73" sc="13" el="73" ec="84" bec="0" bev="0" fileid="162" />
                <SequencePoint vc="0" uspid="4588" ordinal="12" offset="147" sl="74" sc="9" el="74" ec="10" bec="0" bev="0" fileid="162" />
              </SequencePoints>
              <BranchPoints>
                <BranchPoint vc="0" uspid="4589" ordinal="0" offset="25" sl="57" path="0" offsetend="27" fileid="162" />
                <BranchPoint vc="0" uspid="4590" ordinal="1" offset="25" sl="57" path="1" offsetend="134" fileid="162" />
                <BranchPoint vc="0" uspid="4591" ordinal="2" offset="38" sl="59" path="0" offsetend="40" fileid="162" />
                <BranchPoint vc="0" uspid="4592" ordinal="3" offset="38" sl="59" path="1" offsetend="117" fileid="162" />
                <BranchPoint vc="0" uspid="4593" ordinal="4" offset="101" sl="64" path="0" offsetend="103" fileid="162" />
                <BranchPoint vc="0" uspid="4594" ordinal="5" offset="101" sl="64" path="1" offsetend="112" fileid="162" />
              </BranchPoints>
              <MethodPoint xsi:type="SequencePoint" vc="0" uspid="4576" ordinal="0" offset="0" sl="54" sc="13" el="54" ec="63" bec="0" bev="0" fileid="162" />
            </Method>
            <Method visited="false" cyclomaticComplexity="1" nPathComplexity="0" sequenceCoverage="0" branchCoverage="0" crapScore="2" isConstructor="false" isStatic="false" isGetter="false" isSetter="false">
              <Summary numSequencePoints="1" visitedSequencePoints="0" numBranchPoints="1" visitedBranchPoints="0" sequenceCoverage="0" branchCoverage="0" maxCyclomaticComplexity="1" minCyclomaticComplexity="1" maxCrapScore="2" minCrapScore="2" visitedClasses="0" numClasses="0" visitedMethods="0" numMethods="1" />
              <MetadataToken>100663875</MetadataToken>
              <Name>Xunit.Abstractions.ITestCase Xunit.Xunit2::Deserialize(System.String)</Name>
              <FileRef uid="162" />
              <SequencePoints>
                <SequencePoint vc="0" uspid="4595" ordinal="0" offset="0" sl="79" sc="13" el="79" ec="54" bec="0" bev="0" fileid="162" />
              </SequencePoints>
              <BranchPoints />
              <MethodPoint xsi:type="SequencePoint" vc="0" uspid="4595" ordinal="0" offset="0" sl="79" sc="13" el="79" ec="54" bec="0" bev="0" fileid="162" />
            </Method>
            <Method visited="false" cyclomaticComplexity="1" nPathComplexity="0" sequenceCoverage="0" branchCoverage="0" crapScore="2" isConstructor="false" isStatic="false" isGetter="false" isSetter="false">
              <Summary numSequencePoints="3" visitedSequencePoints="0" numBranchPoints="1" visitedBranchPoints="0" sequenceCoverage="0" branchCoverage="0" maxCyclomaticComplexity="1" minCyclomaticComplexity="1" maxCrapScore="2" minCrapScore="2" visitedClasses="0" numClasses="0" visitedMethods="0" numMethods="1" />
              <MetadataToken>100663876</MetadataToken>
              <Name>System.Void Xunit.Xunit2::Dispose()</Name>
              <FileRef uid="162" />
              <SequencePoints>
                <SequencePoint vc="0" uspid="4596" ordinal="0" offset="0" sl="85" sc="13" el="85" ec="42" bec="0" bev="0" fileid="162" />
                <SequencePoint vc="0" uspid="4597" ordinal="1" offset="11" sl="87" sc="13" el="87" ec="28" bec="0" bev="0" fileid="162" />
                <SequencePoint vc="0" uspid="4598" ordinal="2" offset="17" sl="88" sc="9" el="88" ec="10" bec="0" bev="0" fileid="162" />
              </SequencePoints>
              <BranchPoints />
              <MethodPoint xsi:type="SequencePoint" vc="0" uspid="4596" ordinal="0" offset="0" sl="85" sc="13" el="85" ec="42" bec="0" bev="0" fileid="162" />
            </Method>
            <Method visited="false" cyclomaticComplexity="1" nPathComplexity="0" sequenceCoverage="0" branchCoverage="0" crapScore="2" isConstructor="false" isStatic="false" isGetter="false" isSetter="false">
              <Summary numSequencePoints="2" visitedSequencePoints="0" numBranchPoints="1" visitedBranchPoints="0" sequenceCoverage="0" branchCoverage="0" maxCyclomaticComplexity="1" minCyclomaticComplexity="1" maxCrapScore="2" minCrapScore="2" visitedClasses="0" numClasses="0" visitedMethods="0" numMethods="1" />
              <MetadataToken>100663877</MetadataToken>
              <Name>System.Void Xunit.Xunit2::RunAll(Xunit.Abstractions.IMessageSink,Xunit.Abstractions.ITestFrameworkDiscoveryOptions,Xunit.Abstractions.ITestFrameworkExecutionOptions)</Name>
              <FileRef uid="162" />
              <SequencePoints>
                <SequencePoint vc="0" uspid="4599" ordinal="0" offset="0" sl="98" sc="13" el="98" ec="118" bec="0" bev="0" fileid="162" />
                <SequencePoint vc="0" uspid="4600" ordinal="1" offset="20" sl="99" sc="9" el="99" ec="10" bec="0" bev="0" fileid="162" />
              </SequencePoints>
              <BranchPoints />
              <MethodPoint xsi:type="SequencePoint" vc="0" uspid="4599" ordinal="0" offset="0" sl="98" sc="13" el="98" ec="118" bec="0" bev="0" fileid="162" />
            </Method>
            <Method visited="false" cyclomaticComplexity="1" nPathComplexity="0" sequenceCoverage="0" branchCoverage="0" crapScore="2" isConstructor="false" isStatic="false" isGetter="false" isSetter="false">
              <Summary numSequencePoints="2" visitedSequencePoints="0" numBranchPoints="1" visitedBranchPoints="0" sequenceCoverage="0" branchCoverage="0" maxCyclomaticComplexity="1" minCyclomaticComplexity="1" maxCrapScore="2" minCrapScore="2" visitedClasses="0" numClasses="0" visitedMethods="0" numMethods="1" />
              <MetadataToken>100663878</MetadataToken>
              <Name>System.Void Xunit.Xunit2::RunTests(System.Collections.Generic.IEnumerable`1&lt;Xunit.Abstractions.ITestCase&gt;,Xunit.Abstractions.IMessageSink,Xunit.Abstractions.ITestFrameworkExecutionOptions)</Name>
              <FileRef uid="162" />
              <SequencePoints>
                <SequencePoint vc="0" uspid="4601" ordinal="0" offset="0" sl="109" sc="13" el="109" ec="113" bec="0" bev="0" fileid="162" />
                <SequencePoint vc="0" uspid="4602" ordinal="1" offset="20" sl="110" sc="9" el="110" ec="10" bec="0" bev="0" fileid="162" />
              </SequencePoints>
              <BranchPoints />
              <MethodPoint xsi:type="SequencePoint" vc="0" uspid="4601" ordinal="0" offset="0" sl="109" sc="13" el="109" ec="113" bec="0" bev="0" fileid="162" />
            </Method>
          </Methods>
        </Class>
        <Class>
          <Summary numSequencePoints="1" visitedSequencePoints="0" numBranchPoints="1" visitedBranchPoints="0" sequenceCoverage="0" branchCoverage="0" maxCyclomaticComplexity="1" minCyclomaticComplexity="1" maxCrapScore="2" minCrapScore="2" visitedClasses="0" numClasses="1" visitedMethods="0" numMethods="1" />
          <FullName>Xunit.Xunit2/DeserializeCallback</FullName>
          <Methods>
            <Method visited="false" cyclomaticComplexity="1" nPathComplexity="0" sequenceCoverage="0" branchCoverage="0" crapScore="2" isConstructor="false" isStatic="false" isGetter="false" isSetter="false">
              <Summary numSequencePoints="1" visitedSequencePoints="0" numBranchPoints="1" visitedBranchPoints="0" sequenceCoverage="0" branchCoverage="0" maxCyclomaticComplexity="1" minCyclomaticComplexity="1" maxCrapScore="2" minCrapScore="2" visitedClasses="0" numClasses="0" visitedMethods="0" numMethods="1" />
              <MetadataToken>100664952</MetadataToken>
              <Name>System.Void Xunit.Xunit2/DeserializeCallback::Callback(System.Collections.Generic.List`1&lt;System.Collections.Generic.KeyValuePair`2&lt;System.String,Xunit.Abstractions.ITestCase&gt;&gt;)</Name>
              <FileRef uid="162" />
              <SequencePoints>
                <SequencePoint vc="0" uspid="4603" ordinal="0" offset="0" sl="116" sc="84" el="116" ec="101" bec="0" bev="0" fileid="162" />
              </SequencePoints>
              <BranchPoints />
              <MethodPoint xsi:type="SequencePoint" vc="0" uspid="4603" ordinal="0" offset="0" sl="116" sc="84" el="116" ec="101" bec="0" bev="0" fileid="162" />
            </Method>
            <Method visited="false" cyclomaticComplexity="1" nPathComplexity="0" sequenceCoverage="0" branchCoverage="0" crapScore="2" isConstructor="true" isStatic="false" isGetter="false" isSetter="false">
              <Summary numSequencePoints="0" visitedSequencePoints="0" numBranchPoints="0" visitedBranchPoints="0" sequenceCoverage="0" branchCoverage="0" maxCyclomaticComplexity="1" minCyclomaticComplexity="1" maxCrapScore="2" minCrapScore="2" visitedClasses="0" numClasses="0" visitedMethods="0" numMethods="0" />
              <MetadataToken>100664953</MetadataToken>
              <Name>System.Void Xunit.Xunit2/DeserializeCallback::.ctor()</Name>
              <SequencePoints />
              <BranchPoints />
              <MethodPoint vc="0" uspid="4604" ordinal="0" offset="0" />
            </Method>
          </Methods>
        </Class>
        <Class>
          <Summary numSequencePoints="77" visitedSequencePoints="0" numBranchPoints="56" visitedBranchPoints="0" sequenceCoverage="0" branchCoverage="0" maxCyclomaticComplexity="7" minCyclomaticComplexity="1" maxCrapScore="56" minCrapScore="2" visitedClasses="0" numClasses="1" visitedMethods="0" numMethods="24" />
          <FullName>Xunit.Xunit2Discoverer</FullName>
          <Methods>
            <Method visited="false" cyclomaticComplexity="1" nPathComplexity="0" sequenceCoverage="0" branchCoverage="0" crapScore="2" isConstructor="false" isStatic="false" isGetter="true" isSetter="false">
              <Summary numSequencePoints="1" visitedSequencePoints="0" numBranchPoints="1" visitedBranchPoints="0" sequenceCoverage="0" branchCoverage="0" maxCyclomaticComplexity="1" minCyclomaticComplexity="1" maxCrapScore="2" minCrapScore="2" visitedClasses="0" numClasses="0" visitedMethods="0" numMethods="1" />
              <MetadataToken>100663882</MetadataToken>
              <Name>Xunit.IAppDomainManager Xunit.Xunit2Discoverer::get_AppDomain()</Name>
              <FileRef uid="164" />
              <SequencePoints>
                <SequencePoint vc="0" uspid="4605" ordinal="0" offset="0" sl="108" sc="48" el="108" ec="52" bec="0" bev="0" fileid="164" />
              </SequencePoints>
              <BranchPoints />
              <MethodPoint xsi:type="SequencePoint" vc="0" uspid="4605" ordinal="0" offset="0" sl="108" sc="48" el="108" ec="52" bec="0" bev="0" fileid="164" />
            </Method>
            <Method visited="false" cyclomaticComplexity="1" nPathComplexity="0" sequenceCoverage="0" branchCoverage="0" crapScore="2" isConstructor="false" isStatic="false" isGetter="true" isSetter="false">
              <Summary numSequencePoints="1" visitedSequencePoints="0" numBranchPoints="1" visitedBranchPoints="0" sequenceCoverage="0" branchCoverage="0" maxCyclomaticComplexity="1" minCyclomaticComplexity="1" maxCrapScore="2" minCrapScore="2" visitedClasses="0" numClasses="0" visitedMethods="0" numMethods="1" />
              <MetadataToken>100663883</MetadataToken>
              <Name>System.Boolean Xunit.Xunit2Discoverer::get_CanUseAppDomains()</Name>
              <FileRef uid="164" />
              <SequencePoints>
                <SequencePoint vc="0" uspid="4606" ordinal="0" offset="0" sl="113" sc="40" el="113" ec="44" bec="0" bev="0" fileid="164" />
              </SequencePoints>
              <BranchPoints />
              <MethodPoint xsi:type="SequencePoint" vc="0" uspid="4606" ordinal="0" offset="0" sl="113" sc="40" el="113" ec="44" bec="0" bev="0" fileid="164" />
            </Method>
            <Method visited="false" cyclomaticComplexity="1" nPathComplexity="0" sequenceCoverage="0" branchCoverage="0" crapScore="2" isConstructor="false" isStatic="false" isGetter="true" isSetter="false">
              <Summary numSequencePoints="1" visitedSequencePoints="0" numBranchPoints="1" visitedBranchPoints="0" sequenceCoverage="0" branchCoverage="0" maxCyclomaticComplexity="1" minCyclomaticComplexity="1" maxCrapScore="2" minCrapScore="2" visitedClasses="0" numClasses="0" visitedMethods="0" numMethods="1" />
              <MetadataToken>100663884</MetadataToken>
              <Name>Xunit.Abstractions.IMessageSink Xunit.Xunit2Discoverer::get_DiagnosticMessageSink()</Name>
              <FileRef uid="164" />
              <SequencePoints>
                <SequencePoint vc="0" uspid="4607" ordinal="0" offset="0" sl="118" sc="53" el="118" ec="57" bec="0" bev="0" fileid="164" />
              </SequencePoints>
              <BranchPoints />
              <MethodPoint xsi:type="SequencePoint" vc="0" uspid="4607" ordinal="0" offset="0" sl="118" sc="53" el="118" ec="57" bec="0" bev="0" fileid="164" />
            </Method>
            <Method visited="false" cyclomaticComplexity="1" nPathComplexity="0" sequenceCoverage="0" branchCoverage="0" crapScore="2" isConstructor="false" isStatic="false" isGetter="true" isSetter="false">
              <Summary numSequencePoints="1" visitedSequencePoints="0" numBranchPoints="1" visitedBranchPoints="0" sequenceCoverage="0" branchCoverage="0" maxCyclomaticComplexity="1" minCyclomaticComplexity="1" maxCrapScore="2" minCrapScore="2" visitedClasses="0" numClasses="0" visitedMethods="0" numMethods="1" />
              <MetadataToken>100663885</MetadataToken>
              <Name>Xunit.Abstractions.ITestFramework Xunit.Xunit2Discoverer::get_Framework()</Name>
              <FileRef uid="164" />
              <SequencePoints>
                <SequencePoint vc="0" uspid="4608" ordinal="0" offset="0" sl="123" sc="43" el="123" ec="47" bec="0" bev="0" fileid="164" />
              </SequencePoints>
              <BranchPoints />
              <MethodPoint xsi:type="SequencePoint" vc="0" uspid="4608" ordinal="0" offset="0" sl="123" sc="43" el="123" ec="47" bec="0" bev="0" fileid="164" />
            </Method>
            <Method visited="false" cyclomaticComplexity="1" nPathComplexity="0" sequenceCoverage="0" branchCoverage="0" crapScore="2" isConstructor="false" isStatic="false" isGetter="true" isSetter="false">
              <Summary numSequencePoints="1" visitedSequencePoints="0" numBranchPoints="1" visitedBranchPoints="0" sequenceCoverage="0" branchCoverage="0" maxCyclomaticComplexity="1" minCyclomaticComplexity="1" maxCrapScore="2" minCrapScore="2" visitedClasses="0" numClasses="0" visitedMethods="0" numMethods="1" />
              <MetadataToken>100663886</MetadataToken>
              <Name>Xunit.Abstractions.ITestFrameworkDiscoverer Xunit.Xunit2Discoverer::get_RemoteDiscoverer()</Name>
              <FileRef uid="164" />
              <SequencePoints>
                <SequencePoint vc="0" uspid="4609" ordinal="0" offset="0" sl="125" sc="62" el="125" ec="66" bec="0" bev="0" fileid="164" />
              </SequencePoints>
              <BranchPoints />
              <MethodPoint xsi:type="SequencePoint" vc="0" uspid="4609" ordinal="0" offset="0" sl="125" sc="62" el="125" ec="66" bec="0" bev="0" fileid="164" />
            </Method>
            <Method visited="false" cyclomaticComplexity="1" nPathComplexity="0" sequenceCoverage="0" branchCoverage="0" crapScore="2" isConstructor="false" isStatic="false" isGetter="true" isSetter="false">
              <Summary numSequencePoints="1" visitedSequencePoints="0" numBranchPoints="1" visitedBranchPoints="0" sequenceCoverage="0" branchCoverage="0" maxCyclomaticComplexity="1" minCyclomaticComplexity="1" maxCrapScore="2" minCrapScore="2" visitedClasses="0" numClasses="0" visitedMethods="0" numMethods="1" />
              <MetadataToken>100663887</MetadataToken>
              <Name>System.String Xunit.Xunit2Discoverer::get_TargetFramework()</Name>
              <FileRef uid="164" />
              <SequencePoints>
                <SequencePoint vc="0" uspid="4610" ordinal="0" offset="0" sl="128" sc="42" el="128" ec="74" bec="0" bev="0" fileid="164" />
              </SequencePoints>
              <BranchPoints />
              <MethodPoint xsi:type="SequencePoint" vc="0" uspid="4610" ordinal="0" offset="0" sl="128" sc="42" el="128" ec="74" bec="0" bev="0" fileid="164" />
            </Method>
            <Method visited="false" cyclomaticComplexity="1" nPathComplexity="0" sequenceCoverage="0" branchCoverage="0" crapScore="2" isConstructor="false" isStatic="false" isGetter="true" isSetter="false">
              <Summary numSequencePoints="1" visitedSequencePoints="0" numBranchPoints="1" visitedBranchPoints="0" sequenceCoverage="0" branchCoverage="0" maxCyclomaticComplexity="1" minCyclomaticComplexity="1" maxCrapScore="2" minCrapScore="2" visitedClasses="0" numClasses="0" visitedMethods="0" numMethods="1" />
              <MetadataToken>100663888</MetadataToken>
              <Name>System.Reflection.AssemblyName Xunit.Xunit2Discoverer::get_TestFrameworkAssemblyName()</Name>
              <FileRef uid="164" />
              <SequencePoints>
                <SequencePoint vc="0" uspid="4611" ordinal="0" offset="0" sl="130" sc="59" el="130" ec="63" bec="0" bev="0" fileid="164" />
              </SequencePoints>
              <BranchPoints />
              <MethodPoint xsi:type="SequencePoint" vc="0" uspid="4611" ordinal="0" offset="0" sl="130" sc="59" el="130" ec="63" bec="0" bev="0" fileid="164" />
            </Method>
            <Method visited="false" cyclomaticComplexity="1" nPathComplexity="0" sequenceCoverage="0" branchCoverage="0" crapScore="2" isConstructor="false" isStatic="false" isGetter="true" isSetter="false">
              <Summary numSequencePoints="1" visitedSequencePoints="0" numBranchPoints="1" visitedBranchPoints="0" sequenceCoverage="0" branchCoverage="0" maxCyclomaticComplexity="1" minCyclomaticComplexity="1" maxCrapScore="2" minCrapScore="2" visitedClasses="0" numClasses="0" visitedMethods="0" numMethods="1" />
              <MetadataToken>100663889</MetadataToken>
              <Name>System.String Xunit.Xunit2Discoverer::get_TestFrameworkDisplayName()</Name>
              <FileRef uid="164" />
              <SequencePoints>
                <SequencePoint vc="0" uspid="4612" ordinal="0" offset="0" sl="133" sc="51" el="133" ec="92" bec="0" bev="0" fileid="164" />
              </SequencePoints>
              <BranchPoints />
              <MethodPoint xsi:type="SequencePoint" vc="0" uspid="4612" ordinal="0" offset="0" sl="133" sc="51" el="133" ec="92" bec="0" bev="0" fileid="164" />
            </Method>
            <Method visited="false" cyclomaticComplexity="2" nPathComplexity="2" sequenceCoverage="0" branchCoverage="0" crapScore="6" isConstructor="true" isStatic="false" isGetter="false" isSetter="false">
              <Summary numSequencePoints="2" visitedSequencePoints="0" numBranchPoints="3" visitedBranchPoints="0" sequenceCoverage="0" branchCoverage="0" maxCyclomaticComplexity="2" minCyclomaticComplexity="2" maxCrapScore="6" minCrapScore="6" visitedClasses="0" numClasses="0" visitedMethods="0" numMethods="1" />
              <MetadataToken>100663879</MetadataToken>
              <Name>System.Void Xunit.Xunit2Discoverer::.ctor(Xunit.AppDomainSupport,Xunit.Abstractions.ISourceInformationProvider,Xunit.Abstractions.IAssemblyInfo,System.String,System.String,Xunit.Abstractions.IMessageSink,System.Boolean)</Name>
              <FileRef uid="164" />
              <SequencePoints>
                <SequencePoint vc="0" uspid="4613" ordinal="0" offset="0" sl="49" sc="15" el="49" ec="254" bec="2" bev="0" fileid="164" />
                <SequencePoint vc="0" uspid="4614" ordinal="1" offset="31" sl="50" sc="11" el="50" ec="12" bec="0" bev="0" fileid="164" />
              </SequencePoints>
              <BranchPoints>
                <BranchPoint vc="0" uspid="4615" ordinal="0" offset="8" sl="49" path="0" offsetend="10" fileid="164" />
                <BranchPoint vc="0" uspid="4616" ordinal="1" offset="8" sl="49" path="1" offsetend="18" fileid="164" />
              </BranchPoints>
              <MethodPoint xsi:type="SequencePoint" vc="0" uspid="4613" ordinal="0" offset="0" sl="49" sc="15" el="49" ec="254" bec="2" bev="0" fileid="164" />
            </Method>
            <Method visited="false" cyclomaticComplexity="1" nPathComplexity="0" sequenceCoverage="0" branchCoverage="0" crapScore="2" isConstructor="true" isStatic="false" isGetter="false" isSetter="false">
              <Summary numSequencePoints="2" visitedSequencePoints="0" numBranchPoints="1" visitedBranchPoints="0" sequenceCoverage="0" branchCoverage="0" maxCyclomaticComplexity="1" minCyclomaticComplexity="1" maxCrapScore="2" minCrapScore="2" visitedClasses="0" numClasses="0" visitedMethods="0" numMethods="1" />
              <MetadataToken>100663880</MetadataToken>
              <Name>System.Void Xunit.Xunit2Discoverer::.ctor(Xunit.AppDomainSupport,Xunit.Abstractions.ISourceInformationProvider,System.String,System.String,System.Boolean,System.String,Xunit.Abstractions.IMessageSink,System.Boolean)</Name>
              <FileRef uid="164" />
              <SequencePoints>
                <SequencePoint vc="0" uspid="4617" ordinal="0" offset="0" sl="61" sc="15" el="61" ec="272" bec="0" bev="0" fileid="164" />
                <SequencePoint vc="0" uspid="4618" ordinal="1" offset="29" sl="62" sc="11" el="62" ec="12" bec="0" bev="0" fileid="164" />
              </SequencePoints>
              <BranchPoints />
              <MethodPoint xsi:type="SequencePoint" vc="0" uspid="4617" ordinal="0" offset="0" sl="61" sc="15" el="61" ec="272" bec="0" bev="0" fileid="164" />
            </Method>
            <Method visited="false" cyclomaticComplexity="7" nPathComplexity="64" sequenceCoverage="0" branchCoverage="0" crapScore="56" isConstructor="true" isStatic="false" isGetter="false" isSetter="false">
              <Summary numSequencePoints="16" visitedSequencePoints="0" numBranchPoints="13" visitedBranchPoints="0" sequenceCoverage="0" branchCoverage="0" maxCyclomaticComplexity="7" minCyclomaticComplexity="7" maxCrapScore="56" minCrapScore="56" visitedClasses="0" numClasses="0" visitedMethods="0" numMethods="1" />
              <MetadataToken>100663881</MetadataToken>
              <Name>System.Void Xunit.Xunit2Discoverer::.ctor(Xunit.AppDomainSupport,Xunit.Abstractions.ISourceInformationProvider,Xunit.Abstractions.IAssemblyInfo,System.String,System.String,System.String,System.Boolean,System.String,Xunit.Abstractions.IMessageSink,System.Boolean)</Name>
              <FileRef uid="164" />
              <SequencePoints>
                <SequencePoint vc="0" uspid="4619" ordinal="0" offset="0" sl="64" sc="9" el="73" ec="54" bec="0" bev="0" fileid="164" />
                <SequencePoint vc="0" uspid="4620" ordinal="1" offset="6" sl="75" sc="13" el="75" ec="93" bec="2" bev="0" fileid="164" />
                <SequencePoint vc="0" uspid="4621" ordinal="2" offset="23" sl="79" sc="13" el="79" ec="40" bec="2" bev="0" fileid="164" />
                <SequencePoint vc="0" uspid="4622" ordinal="3" offset="27" sl="80" sc="17" el="80" ec="92" bec="0" bev="0" fileid="164" />
                <SequencePoint vc="0" uspid="4623" ordinal="4" offset="39" sl="82" sc="13" el="82" ec="70" bec="0" bev="0" fileid="164" />
                <SequencePoint vc="0" uspid="4624" ordinal="5" offset="55" sl="87" sc="13" el="87" ec="84" bec="2" bev="0" fileid="164" />
                <SequencePoint vc="0" uspid="4625" ordinal="6" offset="72" sl="89" sc="13" el="89" ec="84" bec="2" bev="0" fileid="164" />
                <SequencePoint vc="0" uspid="4626" ordinal="7" offset="81" sl="90" sc="13" el="90" ec="186" bec="2" bev="0" fileid="164" />
                <SequencePoint vc="0" uspid="4627" ordinal="8" offset="112" sl="93" sc="13" el="93" ec="123" bec="0" bev="0" fileid="164" />
                <SequencePoint vc="0" uspid="4628" ordinal="9" offset="138" sl="94" sc="13" el="94" ec="179" bec="0" bev="0" fileid="164" />
                <SequencePoint vc="0" uspid="4629" ordinal="10" offset="200" sl="97" sc="13" el="97" ec="98" bec="0" bev="0" fileid="164" />
                <SequencePoint vc="0" uspid="4630" ordinal="11" offset="213" sl="100" sc="13" el="100" ec="38" bec="2" bev="0" fileid="164" />
                <SequencePoint vc="0" uspid="4631" ordinal="12" offset="216" sl="101" sc="17" el="101" ec="151" bec="0" bev="0" fileid="164" />
                <SequencePoint vc="0" uspid="4632" ordinal="13" offset="251" sl="103" sc="13" el="103" ec="187" bec="0" bev="0" fileid="164" />
                <SequencePoint vc="0" uspid="4633" ordinal="14" offset="302" sl="105" sc="13" el="105" ec="70" bec="0" bev="0" fileid="164" />
                <SequencePoint vc="0" uspid="4634" ordinal="15" offset="320" sl="106" sc="9" el="106" ec="10" bec="0" bev="0" fileid="164" />
              </SequencePoints>
              <BranchPoints>
                <BranchPoint vc="0" uspid="4635" ordinal="0" offset="13" sl="75" path="0" offsetend="15" fileid="164" />
                <BranchPoint vc="0" uspid="4636" ordinal="1" offset="13" sl="75" path="1" offsetend="18" fileid="164" />
                <BranchPoint vc="0" uspid="4637" ordinal="2" offset="25" sl="79" path="0" offsetend="27" fileid="164" />
                <BranchPoint vc="0" uspid="4638" ordinal="3" offset="25" sl="79" path="1" offsetend="39" fileid="164" />
                <BranchPoint vc="0" uspid="4639" ordinal="4" offset="59" sl="87" path="0" offsetend="61" fileid="164" />
                <BranchPoint vc="0" uspid="4640" ordinal="5" offset="59" sl="87" path="1" offsetend="67" fileid="164" />
                <BranchPoint vc="0" uspid="4641" ordinal="6" offset="75" sl="89" path="0" offsetend="77" fileid="164" />
                <BranchPoint vc="0" uspid="4642" ordinal="7" offset="75" sl="89" path="1" offsetend="80" fileid="164" />
                <BranchPoint vc="0" uspid="4643" ordinal="8" offset="84" sl="90" path="0" offsetend="86" fileid="164" />
                <BranchPoint vc="0" uspid="4644" ordinal="9" offset="84" sl="90" path="1" offsetend="94" fileid="164" />
                <BranchPoint vc="0" uspid="4645" ordinal="10" offset="214" sl="100" path="0" offsetend="216" fileid="164" />
                <BranchPoint vc="0" uspid="4646" ordinal="11" offset="214" sl="100" path="1" offsetend="251" fileid="164" />
              </BranchPoints>
              <MethodPoint xsi:type="SequencePoint" vc="0" uspid="4619" ordinal="0" offset="0" sl="64" sc="9" el="73" ec="54" bec="0" bev="0" fileid="164" />
            </Method>
            <Method visited="false" cyclomaticComplexity="1" nPathComplexity="0" sequenceCoverage="0" branchCoverage="0" crapScore="2" isConstructor="false" isStatic="false" isGetter="false" isSetter="false">
              <Summary numSequencePoints="6" visitedSequencePoints="0" numBranchPoints="1" visitedBranchPoints="0" sequenceCoverage="0" branchCoverage="0" maxCyclomaticComplexity="1" minCyclomaticComplexity="1" maxCrapScore="2" minCrapScore="2" visitedClasses="0" numClasses="0" visitedMethods="0" numMethods="1" />
              <MetadataToken>100663890</MetadataToken>
              <Name>Xunit.Abstractions.IMessageSink Xunit.Xunit2Discoverer::CreateOptimizedRemoteMessageSink(Xunit.Abstractions.IMessageSink)</Name>
              <FileRef uid="164" />
              <SequencePoints>
                <SequencePoint vc="0" uspid="4647" ordinal="0" offset="0" sl="144" sc="17" el="144" ec="76" bec="0" bev="0" fileid="164" />
                <SequencePoint vc="0" uspid="4648" ordinal="1" offset="7" sl="145" sc="17" el="145" ec="96" bec="0" bev="0" fileid="164" />
                <SequencePoint vc="0" uspid="4649" ordinal="2" offset="28" sl="146" sc="17" el="146" ec="136" bec="0" bev="0" fileid="164" />
                <SequencePoint vc="0" uspid="4650" ordinal="3" offset="68" sl="148" sc="13" el="148" ec="18" bec="0" bev="0" fileid="164" />
                <SequencePoint vc="0" uspid="4651" ordinal="4" offset="69" sl="150" sc="17" el="150" ec="29" bec="0" bev="0" fileid="164" />
                <SequencePoint vc="0" uspid="4652" ordinal="5" offset="73" sl="152" sc="9" el="152" ec="10" bec="0" bev="0" fileid="164" />
              </SequencePoints>
              <BranchPoints />
              <MethodPoint xsi:type="SequencePoint" vc="0" uspid="4647" ordinal="0" offset="0" sl="144" sc="17" el="144" ec="76" bec="0" bev="0" fileid="164" />
            </Method>
            <Method visited="false" cyclomaticComplexity="1" nPathComplexity="0" sequenceCoverage="0" branchCoverage="0" crapScore="2" isConstructor="false" isStatic="false" isGetter="false" isSetter="false">
              <Summary numSequencePoints="5" visitedSequencePoints="0" numBranchPoints="1" visitedBranchPoints="0" sequenceCoverage="0" branchCoverage="0" maxCyclomaticComplexity="1" minCyclomaticComplexity="1" maxCrapScore="2" minCrapScore="2" visitedClasses="0" numClasses="0" visitedMethods="0" numMethods="1" />
              <MetadataToken>100663891</MetadataToken>
              <Name>System.Void Xunit.Xunit2Discoverer::Dispose()</Name>
              <FileRef uid="164" />
              <SequencePoints>
                <SequencePoint vc="0" uspid="4653" ordinal="0" offset="0" sl="157" sc="13" el="157" ec="44" bec="0" bev="0" fileid="164" />
                <SequencePoint vc="0" uspid="4654" ordinal="1" offset="11" sl="158" sc="13" el="158" ec="37" bec="0" bev="0" fileid="164" />
                <SequencePoint vc="0" uspid="4655" ordinal="2" offset="22" sl="160" sc="13" el="160" ec="42" bec="0" bev="0" fileid="164" />
                <SequencePoint vc="0" uspid="4656" ordinal="3" offset="33" sl="162" sc="13" el="162" ec="37" bec="0" bev="0" fileid="164" />
                <SequencePoint vc="0" uspid="4657" ordinal="4" offset="44" sl="163" sc="9" el="163" ec="10" bec="0" bev="0" fileid="164" />
              </SequencePoints>
              <BranchPoints />
              <MethodPoint xsi:type="SequencePoint" vc="0" uspid="4653" ordinal="0" offset="0" sl="157" sc="13" el="157" ec="44" bec="0" bev="0" fileid="164" />
            </Method>
            <Method visited="false" cyclomaticComplexity="1" nPathComplexity="0" sequenceCoverage="0" branchCoverage="0" crapScore="2" isConstructor="false" isStatic="false" isGetter="false" isSetter="false">
              <Summary numSequencePoints="2" visitedSequencePoints="0" numBranchPoints="1" visitedBranchPoints="0" sequenceCoverage="0" branchCoverage="0" maxCyclomaticComplexity="1" minCyclomaticComplexity="1" maxCrapScore="2" minCrapScore="2" visitedClasses="0" numClasses="0" visitedMethods="0" numMethods="1" />
              <MetadataToken>100663892</MetadataToken>
              <Name>System.Void Xunit.Xunit2Discoverer::Find(System.Boolean,Xunit.Abstractions.IMessageSink,Xunit.Abstractions.ITestFrameworkDiscoveryOptions)</Name>
              <FileRef uid="164" />
              <SequencePoints>
                <SequencePoint vc="0" uspid="4658" ordinal="0" offset="0" sl="173" sc="13" el="173" ec="126" bec="0" bev="0" fileid="164" />
                <SequencePoint vc="0" uspid="4659" ordinal="1" offset="20" sl="174" sc="9" el="174" ec="10" bec="0" bev="0" fileid="164" />
              </SequencePoints>
              <BranchPoints />
              <MethodPoint xsi:type="SequencePoint" vc="0" uspid="4658" ordinal="0" offset="0" sl="173" sc="13" el="173" ec="126" bec="0" bev="0" fileid="164" />
            </Method>
            <Method visited="false" cyclomaticComplexity="1" nPathComplexity="0" sequenceCoverage="0" branchCoverage="0" crapScore="2" isConstructor="false" isStatic="false" isGetter="false" isSetter="false">
              <Summary numSequencePoints="2" visitedSequencePoints="0" numBranchPoints="1" visitedBranchPoints="0" sequenceCoverage="0" branchCoverage="0" maxCyclomaticComplexity="1" minCyclomaticComplexity="1" maxCrapScore="2" minCrapScore="2" visitedClasses="0" numClasses="0" visitedMethods="0" numMethods="1" />
              <MetadataToken>100663893</MetadataToken>
              <Name>System.Void Xunit.Xunit2Discoverer::Find(System.String,System.Boolean,Xunit.Abstractions.IMessageSink,Xunit.Abstractions.ITestFrameworkDiscoveryOptions)</Name>
              <FileRef uid="164" />
              <SequencePoints>
                <SequencePoint vc="0" uspid="4660" ordinal="0" offset="0" sl="185" sc="13" el="185" ec="136" bec="0" bev="0" fileid="164" />
                <SequencePoint vc="0" uspid="4661" ordinal="1" offset="22" sl="186" sc="9" el="186" ec="10" bec="0" bev="0" fileid="164" />
              </SequencePoints>
              <BranchPoints />
              <MethodPoint xsi:type="SequencePoint" vc="0" uspid="4660" ordinal="0" offset="0" sl="185" sc="13" el="185" ec="136" bec="0" bev="0" fileid="164" />
            </Method>
            <Method visited="false" cyclomaticComplexity="7" nPathComplexity="32" sequenceCoverage="0" branchCoverage="0" crapScore="56" isConstructor="false" isStatic="false" isGetter="false" isSetter="false">
              <Summary numSequencePoints="13" visitedSequencePoints="0" numBranchPoints="11" visitedBranchPoints="0" sequenceCoverage="0" branchCoverage="0" maxCyclomaticComplexity="7" minCyclomaticComplexity="7" maxCrapScore="56" minCrapScore="56" visitedClasses="0" numClasses="0" visitedMethods="0" numMethods="1" />
              <MetadataToken>100663894</MetadataToken>
              <Name>System.Collections.Generic.List`1&lt;Xunit.TestCaseDescriptor&gt; Xunit.Xunit2Discoverer::GetTestCaseDescriptors(System.Collections.Generic.List`1&lt;Xunit.Abstractions.ITestCase&gt;,System.Boolean)</Name>
              <FileRef uid="164" />
              <SequencePoints>
                <SequencePoint vc="0" uspid="4662" ordinal="0" offset="0" sl="191" sc="13" el="191" ec="62" bec="0" bev="0" fileid="164" />
                <SequencePoint vc="0" uspid="4663" ordinal="1" offset="6" sl="192" sc="13" el="192" ec="72" bec="0" bev="0" fileid="164" />
                <SequencePoint vc="0" uspid="4664" ordinal="2" offset="19" sl="194" sc="13" el="194" ec="59" bec="2" bev="0" fileid="164" />
                <SequencePoint vc="0" uspid="4665" ordinal="3" offset="30" sl="196" sc="17" el="196" ec="44" bec="2" bev="0" fileid="164" />
                <SequencePoint vc="0" uspid="4666" ordinal="4" offset="43" sl="200" sc="25" el="200" ec="191" bec="2" bev="0" fileid="164" />
                <SequencePoint vc="0" uspid="4667" ordinal="5" offset="95" sl="201" sc="25" el="201" ec="63" bec="2" bev="0" fileid="164" />
                <SequencePoint vc="0" uspid="4668" ordinal="6" offset="103" sl="202" sc="29" el="202" ec="110" bec="2" bev="0" fileid="164" />
                <SequencePoint vc="0" uspid="4669" ordinal="7" offset="153" sl="203" sc="21" el="203" ec="22" bec="0" bev="0" fileid="164" />
                <SequencePoint vc="0" uspid="4670" ordinal="8" offset="155" sl="204" sc="21" el="204" ec="46" bec="0" bev="0" fileid="164" />
                <SequencePoint vc="0" uspid="4671" ordinal="9" offset="156" sl="204" sc="49" el="204" ec="50" bec="0" bev="0" fileid="164" />
                <SequencePoint vc="0" uspid="4672" ordinal="10" offset="158" sl="207" sc="17" el="207" ec="109" bec="0" bev="0" fileid="164" />
                <SequencePoint vc="0" uspid="4673" ordinal="11" offset="175" sl="210" sc="13" el="210" ec="110" bec="0" bev="0" fileid="164" />
                <SequencePoint vc="0" uspid="4674" ordinal="12" offset="189" sl="211" sc="9" el="211" ec="10" bec="0" bev="0" fileid="164" />
              </SequencePoints>
              <BranchPoints>
                <BranchPoint vc="0" uspid="4675" ordinal="0" offset="25" sl="194" path="0" offsetend="30" fileid="164" />
                <BranchPoint vc="0" uspid="4676" ordinal="1" offset="25" sl="194" path="1" offsetend="175" fileid="164" />
                <BranchPoint vc="0" uspid="4677" ordinal="2" offset="41" sl="196" path="0" offsetend="43" fileid="164" />
                <BranchPoint vc="0" uspid="4678" ordinal="3" offset="41" sl="196" path="1" offsetend="158" fileid="164" />
                <BranchPoint vc="0" uspid="4679" ordinal="4" offset="69" sl="200" path="0" offsetend="71" fileid="164" />
                <BranchPoint vc="0" uspid="4680" ordinal="5" offset="69" sl="200" path="1" offsetend="74" fileid="164" />
                <BranchPoint vc="0" uspid="4681" ordinal="6" offset="101" sl="201" path="0" offsetend="103" fileid="164" />
                <BranchPoint vc="0" uspid="4682" ordinal="7" offset="101" sl="201" path="1" offsetend="153" fileid="164" />
                <BranchPoint vc="0" uspid="4683" ordinal="8" offset="115" sl="202" path="0" offsetend="117" fileid="164" />
                <BranchPoint vc="0" uspid="4684" ordinal="9" offset="115" sl="202" path="1" offsetend="140" fileid="164" />
              </BranchPoints>
              <MethodPoint xsi:type="SequencePoint" vc="0" uspid="4662" ordinal="0" offset="0" sl="191" sc="13" el="191" ec="62" bec="0" bev="0" fileid="164" />
            </Method>
            <Method visited="false" cyclomaticComplexity="4" nPathComplexity="4" sequenceCoverage="0" branchCoverage="0" crapScore="20" isConstructor="false" isStatic="true" isGetter="false" isSetter="false">
              <Summary numSequencePoints="8" visitedSequencePoints="0" numBranchPoints="5" visitedBranchPoints="0" sequenceCoverage="0" branchCoverage="0" maxCyclomaticComplexity="4" minCyclomaticComplexity="4" maxCrapScore="20" minCrapScore="20" visitedClasses="0" numClasses="0" visitedMethods="0" numMethods="1" />
              <MetadataToken>100663895</MetadataToken>
              <Name>System.String Xunit.Xunit2Discoverer::GetExecutionAssemblyFileName(Xunit.AppDomainSupport,System.String)</Name>
              <FileRef uid="164" />
              <SequencePoints>
                <SequencePoint vc="0" uspid="4685" ordinal="0" offset="0" sl="215" sc="13" el="215" ec="92" bec="0" bev="0" fileid="164" />
                <SequencePoint vc="0" uspid="4686" ordinal="1" offset="7" sl="217" sc="36" el="217" ec="61" bec="0" bev="0" fileid="164" />
                <SequencePoint vc="0" uspid="4687" ordinal="2" offset="13" sl="217" sc="22" el="217" ec="32" bec="0" bev="0" fileid="164" />
                <SequencePoint vc="0" uspid="4688" ordinal="3" offset="17" sl="220" sc="17" el="220" ec="88" bec="0" bev="0" fileid="164" />
                <SequencePoint vc="0" uspid="4689" ordinal="4" offset="36" sl="221" sc="17" el="221" ec="43" bec="2" bev="0" fileid="164" />
                <SequencePoint vc="0" uspid="4690" ordinal="5" offset="45" sl="222" sc="21" el="222" ec="37" bec="0" bev="0" fileid="164" />
                <SequencePoint vc="0" uspid="4691" ordinal="6" offset="52" sl="217" sc="33" el="217" ec="35" bec="0" bev="0" fileid="164" />
                <SequencePoint vc="0" uspid="4692" ordinal="7" offset="58" sl="234" sc="13" el="234" ec="213" bec="2" bev="0" fileid="164" />
              </SequencePoints>
              <BranchPoints>
                <BranchPoint vc="0" uspid="4693" ordinal="0" offset="43" sl="221" path="0" offsetend="45" fileid="164" />
                <BranchPoint vc="0" uspid="4694" ordinal="1" offset="43" sl="221" path="1" offsetend="48" fileid="164" />
                <BranchPoint vc="0" uspid="4697" ordinal="4" offset="75" sl="234" path="0" offsetend="77" fileid="164" />
                <BranchPoint vc="0" uspid="4698" ordinal="5" offset="75" sl="234" path="1" offsetend="100" fileid="164" />
              </BranchPoints>
              <MethodPoint xsi:type="SequencePoint" vc="0" uspid="4685" ordinal="0" offset="0" sl="215" sc="13" el="215" ec="92" bec="0" bev="0" fileid="164" />
            </Method>
            <Method visited="false" cyclomaticComplexity="2" nPathComplexity="2" sequenceCoverage="0" branchCoverage="0" crapScore="6" isConstructor="false" isStatic="true" isGetter="false" isSetter="false">
              <Summary numSequencePoints="1" visitedSequencePoints="0" numBranchPoints="3" visitedBranchPoints="0" sequenceCoverage="0" branchCoverage="0" maxCyclomaticComplexity="2" minCyclomaticComplexity="2" maxCrapScore="6" minCrapScore="6" visitedClasses="0" numClasses="0" visitedMethods="0" numMethods="1" />
              <MetadataToken>100663896</MetadataToken>
              <Name>System.String[] Xunit.Xunit2Discoverer::GetSupportedPlatformSuffixes(Xunit.AppDomainSupport)</Name>
              <FileRef uid="164" />
              <SequencePoints>
                <SequencePoint vc="0" uspid="4699" ordinal="0" offset="0" sl="240" sc="13" el="240" ec="125" bec="2" bev="0" fileid="164" />
              </SequencePoints>
              <BranchPoints>
                <BranchPoint vc="0" uspid="4700" ordinal="0" offset="2" sl="240" path="0" offsetend="4" fileid="164" />
                <BranchPoint vc="0" uspid="4701" ordinal="1" offset="2" sl="240" path="1" offsetend="10" fileid="164" />
              </BranchPoints>
              <MethodPoint xsi:type="SequencePoint" vc="0" uspid="4699" ordinal="0" offset="0" sl="240" sc="13" el="240" ec="125" bec="2" bev="0" fileid="164" />
            </Method>
            <Method visited="false" cyclomaticComplexity="1" nPathComplexity="0" sequenceCoverage="0" branchCoverage="0" crapScore="2" isConstructor="false" isStatic="true" isGetter="false" isSetter="false">
              <Summary numSequencePoints="1" visitedSequencePoints="0" numBranchPoints="1" visitedBranchPoints="0" sequenceCoverage="0" branchCoverage="0" maxCyclomaticComplexity="1" minCyclomaticComplexity="1" maxCrapScore="2" minCrapScore="2" visitedClasses="0" numClasses="0" visitedMethods="0" numMethods="1" />
              <MetadataToken>100663897</MetadataToken>
              <Name>System.Reflection.AssemblyName Xunit.Xunit2Discoverer::GetTestFrameworkAssemblyName(System.String)</Name>
              <FileRef uid="164" />
              <SequencePoints>
                <SequencePoint vc="0" uspid="4702" ordinal="0" offset="0" sl="249" sc="13" el="249" ec="77" bec="0" bev="0" fileid="164" />
              </SequencePoints>
              <BranchPoints />
              <MethodPoint xsi:type="SequencePoint" vc="0" uspid="4702" ordinal="0" offset="0" sl="249" sc="13" el="249" ec="77" bec="0" bev="0" fileid="164" />
            </Method>
            <Method visited="false" cyclomaticComplexity="2" nPathComplexity="2" sequenceCoverage="0" branchCoverage="0" crapScore="6" isConstructor="false" isStatic="true" isGetter="false" isSetter="false">
              <Summary numSequencePoints="4" visitedSequencePoints="0" numBranchPoints="3" visitedBranchPoints="0" sequenceCoverage="0" branchCoverage="0" maxCyclomaticComplexity="2" minCyclomaticComplexity="2" maxCrapScore="6" minCrapScore="6" visitedClasses="0" numClasses="0" visitedMethods="0" numMethods="1" />
              <MetadataToken>100663898</MetadataToken>
              <Name>System.String Xunit.Xunit2Discoverer::GetXunitExecutionAssemblyPath(Xunit.AppDomainSupport,System.String,System.Boolean)</Name>
              <FileRef uid="164" />
              <SequencePoints>
                <SequencePoint vc="0" uspid="4703" ordinal="0" offset="0" sl="260" sc="13" el="260" ec="80" bec="0" bev="0" fileid="164" />
                <SequencePoint vc="0" uspid="4704" ordinal="1" offset="11" sl="261" sc="13" el="261" ec="42" bec="2" bev="0" fileid="164" />
                <SequencePoint vc="0" uspid="4705" ordinal="2" offset="14" sl="262" sc="17" el="262" ec="72" bec="0" bev="0" fileid="164" />
                <SequencePoint vc="0" uspid="4706" ordinal="3" offset="25" sl="264" sc="13" el="264" ec="108" bec="0" bev="0" fileid="164" />
              </SequencePoints>
              <BranchPoints>
                <BranchPoint vc="0" uspid="4707" ordinal="0" offset="12" sl="261" path="0" offsetend="14" fileid="164" />
                <BranchPoint vc="0" uspid="4708" ordinal="1" offset="12" sl="261" path="1" offsetend="25" fileid="164" />
              </BranchPoints>
              <MethodPoint xsi:type="SequencePoint" vc="0" uspid="4703" ordinal="0" offset="0" sl="260" sc="13" el="260" ec="80" bec="0" bev="0" fileid="164" />
            </Method>
            <Method visited="false" cyclomaticComplexity="1" nPathComplexity="0" sequenceCoverage="0" branchCoverage="0" crapScore="2" isConstructor="false" isStatic="true" isGetter="false" isSetter="false">
              <Summary numSequencePoints="3" visitedSequencePoints="0" numBranchPoints="1" visitedBranchPoints="0" sequenceCoverage="0" branchCoverage="0" maxCyclomaticComplexity="1" minCyclomaticComplexity="1" maxCrapScore="2" minCrapScore="2" visitedClasses="0" numClasses="0" visitedMethods="0" numMethods="1" />
              <MetadataToken>100663899</MetadataToken>
              <Name>System.String Xunit.Xunit2Discoverer::GetXunitExecutionAssemblyPath(Xunit.AppDomainSupport,Xunit.Abstractions.IAssemblyInfo)</Name>
              <FileRef uid="164" />
              <SequencePoints>
                <SequencePoint vc="0" uspid="4709" ordinal="0" offset="0" sl="269" sc="13" el="269" ec="65" bec="0" bev="0" fileid="164" />
                <SequencePoint vc="0" uspid="4710" ordinal="1" offset="11" sl="270" sc="13" el="270" ec="98" bec="0" bev="0" fileid="164" />
                <SequencePoint vc="0" uspid="4711" ordinal="2" offset="27" sl="272" sc="13" el="272" ec="117" bec="0" bev="0" fileid="164" />
              </SequencePoints>
              <BranchPoints />
              <MethodPoint xsi:type="SequencePoint" vc="0" uspid="4709" ordinal="0" offset="0" sl="269" sc="13" el="269" ec="65" bec="0" bev="0" fileid="164" />
            </Method>
            <Method visited="false" cyclomaticComplexity="1" nPathComplexity="0" sequenceCoverage="0" branchCoverage="0" crapScore="2" isConstructor="false" isStatic="true" isGetter="false" isSetter="false">
              <Summary numSequencePoints="1" visitedSequencePoints="0" numBranchPoints="1" visitedBranchPoints="0" sequenceCoverage="0" branchCoverage="0" maxCyclomaticComplexity="1" minCyclomaticComplexity="1" maxCrapScore="2" minCrapScore="2" visitedClasses="0" numClasses="0" visitedMethods="0" numMethods="1" />
              <MetadataToken>100663900</MetadataToken>
              <Name>System.Boolean Xunit.Xunit2Discoverer::IsDotNet(System.String)</Name>
              <FileRef uid="164" />
              <SequencePoints>
                <SequencePoint vc="0" uspid="4712" ordinal="0" offset="0" sl="276" sc="16" el="276" ec="91" bec="0" bev="0" fileid="164" />
              </SequencePoints>
              <BranchPoints />
              <MethodPoint xsi:type="SequencePoint" vc="0" uspid="4712" ordinal="0" offset="0" sl="276" sc="16" el="276" ec="91" bec="0" bev="0" fileid="164" />
            </Method>
            <Method visited="false" cyclomaticComplexity="1" nPathComplexity="0" sequenceCoverage="0" branchCoverage="0" crapScore="2" isConstructor="false" isStatic="false" isGetter="false" isSetter="false">
              <Summary numSequencePoints="1" visitedSequencePoints="0" numBranchPoints="1" visitedBranchPoints="0" sequenceCoverage="0" branchCoverage="0" maxCyclomaticComplexity="1" minCyclomaticComplexity="1" maxCrapScore="2" minCrapScore="2" visitedClasses="0" numClasses="0" visitedMethods="0" numMethods="1" />
              <MetadataToken>100663901</MetadataToken>
              <Name>System.String Xunit.Xunit2Discoverer::Serialize(Xunit.Abstractions.ITestCase)</Name>
              <FileRef uid="164" />
              <SequencePoints>
                <SequencePoint vc="0" uspid="4713" ordinal="0" offset="0" sl="280" sc="16" el="280" ec="52" bec="0" bev="0" fileid="164" />
              </SequencePoints>
              <BranchPoints />
              <MethodPoint xsi:type="SequencePoint" vc="0" uspid="4713" ordinal="0" offset="0" sl="280" sc="16" el="280" ec="52" bec="0" bev="0" fileid="164" />
            </Method>
            <Method visited="false" cyclomaticComplexity="1" nPathComplexity="0" sequenceCoverage="0" branchCoverage="0" crapScore="2" isConstructor="true" isStatic="true" isGetter="false" isSetter="false">
              <Summary numSequencePoints="2" visitedSequencePoints="0" numBranchPoints="1" visitedBranchPoints="0" sequenceCoverage="0" branchCoverage="0" maxCyclomaticComplexity="1" minCyclomaticComplexity="1" maxCrapScore="2" minCrapScore="2" visitedClasses="0" numClasses="0" visitedMethods="0" numMethods="1" />
              <MetadataToken>100663902</MetadataToken>
              <Name>System.Void Xunit.Xunit2Discoverer::.cctor()</Name>
              <FileRef uid="164" />
              <SequencePoints>
                <SequencePoint vc="0" uspid="4714" ordinal="0" offset="0" sl="19" sc="9" el="19" ec="79" bec="0" bev="0" fileid="164" />
                <SequencePoint vc="0" uspid="4715" ordinal="1" offset="27" sl="20" sc="9" el="20" ec="86" bec="0" bev="0" fileid="164" />
              </SequencePoints>
              <BranchPoints />
              <MethodPoint xsi:type="SequencePoint" vc="0" uspid="4714" ordinal="0" offset="0" sl="19" sc="9" el="19" ec="79" bec="0" bev="0" fileid="164" />
            </Method>
          </Methods>
        </Class>
        <Class>
          <Summary numSequencePoints="1" visitedSequencePoints="0" numBranchPoints="1" visitedBranchPoints="0" sequenceCoverage="0" branchCoverage="0" maxCyclomaticComplexity="1" minCyclomaticComplexity="1" maxCrapScore="2" minCrapScore="2" visitedClasses="0" numClasses="1" visitedMethods="0" numMethods="1" />
          <FullName>Xunit.Xunit2Discoverer/DescriptorCallback</FullName>
          <Methods>
            <Method visited="false" cyclomaticComplexity="1" nPathComplexity="0" sequenceCoverage="0" branchCoverage="0" crapScore="2" isConstructor="false" isStatic="false" isGetter="false" isSetter="false">
              <Summary numSequencePoints="1" visitedSequencePoints="0" numBranchPoints="1" visitedBranchPoints="0" sequenceCoverage="0" branchCoverage="0" maxCyclomaticComplexity="1" minCyclomaticComplexity="1" maxCrapScore="2" minCrapScore="2" visitedClasses="0" numClasses="0" visitedMethods="0" numMethods="1" />
              <MetadataToken>100664954</MetadataToken>
              <Name>System.Void Xunit.Xunit2Discoverer/DescriptorCallback::Callback(System.Collections.Generic.List`1&lt;System.String&gt;)</Name>
              <FileRef uid="164" />
              <SequencePoints>
                <SequencePoint vc="0" uspid="4716" ordinal="0" offset="0" sl="286" sc="59" el="286" ec="76" bec="0" bev="0" fileid="164" />
              </SequencePoints>
              <BranchPoints />
              <MethodPoint xsi:type="SequencePoint" vc="0" uspid="4716" ordinal="0" offset="0" sl="286" sc="59" el="286" ec="76" bec="0" bev="0" fileid="164" />
            </Method>
            <Method visited="false" cyclomaticComplexity="1" nPathComplexity="0" sequenceCoverage="0" branchCoverage="0" crapScore="2" isConstructor="true" isStatic="false" isGetter="false" isSetter="false">
              <Summary numSequencePoints="0" visitedSequencePoints="0" numBranchPoints="0" visitedBranchPoints="0" sequenceCoverage="0" branchCoverage="0" maxCyclomaticComplexity="1" minCyclomaticComplexity="1" maxCrapScore="2" minCrapScore="2" visitedClasses="0" numClasses="0" visitedMethods="0" numMethods="0" />
              <MetadataToken>100664955</MetadataToken>
              <Name>System.Void Xunit.Xunit2Discoverer/DescriptorCallback::.ctor()</Name>
              <SequencePoints />
              <BranchPoints />
              <MethodPoint vc="0" uspid="4717" ordinal="0" offset="0" />
            </Method>
          </Methods>
        </Class>
        <Class>
          <Summary numSequencePoints="2" visitedSequencePoints="0" numBranchPoints="2" visitedBranchPoints="0" sequenceCoverage="0" branchCoverage="0" maxCyclomaticComplexity="1" minCyclomaticComplexity="1" maxCrapScore="2" minCrapScore="2" visitedClasses="0" numClasses="1" visitedMethods="0" numMethods="2" />
          <FullName>Xunit.Xunit2Discoverer/&lt;&gt;c</FullName>
          <Methods>
            <Method visited="false" cyclomaticComplexity="1" nPathComplexity="0" sequenceCoverage="0" branchCoverage="0" crapScore="2" isConstructor="true" isStatic="true" isGetter="false" isSetter="false">
              <Summary numSequencePoints="0" visitedSequencePoints="0" numBranchPoints="0" visitedBranchPoints="0" sequenceCoverage="0" branchCoverage="0" maxCyclomaticComplexity="1" minCyclomaticComplexity="1" maxCrapScore="2" minCrapScore="2" visitedClasses="0" numClasses="0" visitedMethods="0" numMethods="0" />
              <MetadataToken>100664956</MetadataToken>
              <Name>System.Void Xunit.Xunit2Discoverer/&lt;&gt;c::.cctor()</Name>
              <SequencePoints />
              <BranchPoints />
              <MethodPoint vc="0" uspid="4718" ordinal="0" offset="0" />
            </Method>
            <Method visited="false" cyclomaticComplexity="1" nPathComplexity="0" sequenceCoverage="0" branchCoverage="0" crapScore="2" isConstructor="true" isStatic="false" isGetter="false" isSetter="false">
              <Summary numSequencePoints="0" visitedSequencePoints="0" numBranchPoints="0" visitedBranchPoints="0" sequenceCoverage="0" branchCoverage="0" maxCyclomaticComplexity="1" minCyclomaticComplexity="1" maxCrapScore="2" minCrapScore="2" visitedClasses="0" numClasses="0" visitedMethods="0" numMethods="0" />
              <MetadataToken>100664957</MetadataToken>
              <Name>System.Void Xunit.Xunit2Discoverer/&lt;&gt;c::.ctor()</Name>
              <SequencePoints />
              <BranchPoints />
              <MethodPoint vc="0" uspid="4719" ordinal="0" offset="0" />
            </Method>
            <Method visited="false" cyclomaticComplexity="1" nPathComplexity="0" sequenceCoverage="0" branchCoverage="0" crapScore="2" isConstructor="false" isStatic="false" isGetter="false" isSetter="false">
              <Summary numSequencePoints="1" visitedSequencePoints="0" numBranchPoints="1" visitedBranchPoints="0" sequenceCoverage="0" branchCoverage="0" maxCyclomaticComplexity="1" minCyclomaticComplexity="1" maxCrapScore="2" minCrapScore="2" visitedClasses="0" numClasses="0" visitedMethods="0" numMethods="1" />
              <MetadataToken>100664958</MetadataToken>
              <Name>Xunit.TestCaseDescriptor Xunit.Xunit2Discoverer/&lt;&gt;c::&lt;GetTestCaseDescriptors&gt;b__33_0(System.String)</Name>
              <FileRef uid="164" />
              <SequencePoints>
                <SequencePoint vc="0" uspid="4720" ordinal="0" offset="0" sl="202" sc="74" el="202" ec="99" bec="0" bev="0" fileid="164" />
              </SequencePoints>
              <BranchPoints />
              <MethodPoint xsi:type="SequencePoint" vc="0" uspid="4720" ordinal="0" offset="0" sl="202" sc="74" el="202" ec="99" bec="0" bev="0" fileid="164" />
            </Method>
            <Method visited="false" cyclomaticComplexity="1" nPathComplexity="0" sequenceCoverage="0" branchCoverage="0" crapScore="2" isConstructor="false" isStatic="false" isGetter="false" isSetter="false">
              <Summary numSequencePoints="1" visitedSequencePoints="0" numBranchPoints="1" visitedBranchPoints="0" sequenceCoverage="0" branchCoverage="0" maxCyclomaticComplexity="1" minCyclomaticComplexity="1" maxCrapScore="2" minCrapScore="2" visitedClasses="0" numClasses="0" visitedMethods="0" numMethods="1" />
              <MetadataToken>100664959</MetadataToken>
              <Name>System.String Xunit.Xunit2Discoverer/&lt;&gt;c::&lt;GetExecutionAssemblyFileName&gt;b__34_0(System.String)</Name>
              <FileRef uid="164" />
              <SequencePoints>
                <SequencePoint vc="0" uspid="4721" ordinal="0" offset="0" sl="234" sc="168" el="234" ec="199" bec="0" bev="0" fileid="164" />
              </SequencePoints>
              <BranchPoints />
              <MethodPoint xsi:type="SequencePoint" vc="0" uspid="4721" ordinal="0" offset="0" sl="234" sc="168" el="234" ec="199" bec="0" bev="0" fileid="164" />
            </Method>
          </Methods>
        </Class>
        <Class>
          <Summary numSequencePoints="11" visitedSequencePoints="0" numBranchPoints="8" visitedBranchPoints="0" sequenceCoverage="0" branchCoverage="0" maxCyclomaticComplexity="2" minCyclomaticComplexity="1" maxCrapScore="6" minCrapScore="2" visitedClasses="0" numClasses="1" visitedMethods="0" numMethods="4" />
          <FullName>Xunit.VisualStudioSourceInformationProvider</FullName>
          <Methods>
            <Method visited="false" cyclomaticComplexity="1" nPathComplexity="0" sequenceCoverage="0" branchCoverage="0" crapScore="2" isConstructor="true" isStatic="false" isGetter="false" isSetter="false">
              <Summary numSequencePoints="3" visitedSequencePoints="0" numBranchPoints="1" visitedBranchPoints="0" sequenceCoverage="0" branchCoverage="0" maxCyclomaticComplexity="1" minCyclomaticComplexity="1" maxCrapScore="2" minCrapScore="2" visitedClasses="0" numClasses="0" visitedMethods="0" numMethods="1" />
              <MetadataToken>100663903</MetadataToken>
              <Name>System.Void Xunit.VisualStudioSourceInformationProvider::.ctor(System.String)</Name>
              <FileRef uid="167" />
              <SequencePoints>
                <SequencePoint vc="0" uspid="4722" ordinal="0" offset="0" sl="21" sc="9" el="21" ec="78" bec="0" bev="0" fileid="167" />
                <SequencePoint vc="0" uspid="4723" ordinal="1" offset="6" sl="23" sc="13" el="23" ec="63" bec="0" bev="0" fileid="167" />
                <SequencePoint vc="0" uspid="4724" ordinal="2" offset="18" sl="24" sc="9" el="24" ec="10" bec="0" bev="0" fileid="167" />
              </SequencePoints>
              <BranchPoints />
              <MethodPoint xsi:type="SequencePoint" vc="0" uspid="4722" ordinal="0" offset="0" sl="21" sc="9" el="21" ec="78" bec="0" bev="0" fileid="167" />
            </Method>
            <Method visited="false" cyclomaticComplexity="2" nPathComplexity="2" sequenceCoverage="0" branchCoverage="0" crapScore="6" isConstructor="false" isStatic="false" isGetter="false" isSetter="false">
              <Summary numSequencePoints="4" visitedSequencePoints="0" numBranchPoints="3" visitedBranchPoints="0" sequenceCoverage="0" branchCoverage="0" maxCyclomaticComplexity="2" minCyclomaticComplexity="2" maxCrapScore="6" minCrapScore="6" visitedClasses="0" numClasses="0" visitedMethods="0" numMethods="1" />
              <MetadataToken>100663904</MetadataToken>
              <Name>Xunit.Abstractions.ISourceInformation Xunit.VisualStudioSourceInformationProvider::GetSourceInformation(Xunit.Abstractions.ITestCase)</Name>
              <FileRef uid="167" />
              <SequencePoints>
                <SequencePoint vc="0" uspid="4725" ordinal="0" offset="0" sl="29" sc="13" el="29" ec="128" bec="0" bev="0" fileid="167" />
                <SequencePoint vc="0" uspid="4726" ordinal="1" offset="49" sl="30" sc="13" el="30" ec="33" bec="2" bev="0" fileid="167" />
                <SequencePoint vc="0" uspid="4727" ordinal="2" offset="52" sl="31" sc="17" el="31" ec="47" bec="0" bev="0" fileid="167" />
                <SequencePoint vc="0" uspid="4728" ordinal="3" offset="58" sl="33" sc="13" el="37" ec="15" bec="0" bev="0" fileid="167" />
              </SequencePoints>
              <BranchPoints>
                <BranchPoint vc="0" uspid="4729" ordinal="0" offset="50" sl="30" path="0" offsetend="52" fileid="167" />
                <BranchPoint vc="0" uspid="4730" ordinal="1" offset="50" sl="30" path="1" offsetend="58" fileid="167" />
              </BranchPoints>
              <MethodPoint xsi:type="SequencePoint" vc="0" uspid="4725" ordinal="0" offset="0" sl="29" sc="13" el="29" ec="128" bec="0" bev="0" fileid="167" />
            </Method>
            <Method visited="false" cyclomaticComplexity="2" nPathComplexity="2" sequenceCoverage="0" branchCoverage="0" crapScore="6" isConstructor="false" isStatic="false" isGetter="false" isSetter="false">
              <Summary numSequencePoints="3" visitedSequencePoints="0" numBranchPoints="3" visitedBranchPoints="0" sequenceCoverage="0" branchCoverage="0" maxCyclomaticComplexity="2" minCyclomaticComplexity="2" maxCrapScore="6" minCrapScore="6" visitedClasses="0" numClasses="0" visitedMethods="0" numMethods="1" />
              <MetadataToken>100663905</MetadataToken>
              <Name>System.Void Xunit.VisualStudioSourceInformationProvider::Dispose()</Name>
              <FileRef uid="167" />
              <SequencePoints>
                <SequencePoint vc="0" uspid="4731" ordinal="0" offset="0" sl="43" sc="13" el="43" ec="33" bec="2" bev="0" fileid="167" />
                <SequencePoint vc="0" uspid="4732" ordinal="1" offset="8" sl="44" sc="17" el="44" ec="35" bec="0" bev="0" fileid="167" />
                <SequencePoint vc="0" uspid="4733" ordinal="2" offset="19" sl="45" sc="9" el="45" ec="10" bec="0" bev="0" fileid="167" />
              </SequencePoints>
              <BranchPoints>
                <BranchPoint vc="0" uspid="4734" ordinal="0" offset="6" sl="43" path="0" offsetend="8" fileid="167" />
                <BranchPoint vc="0" uspid="4735" ordinal="1" offset="6" sl="43" path="1" offsetend="19" fileid="167" />
              </BranchPoints>
              <MethodPoint xsi:type="SequencePoint" vc="0" uspid="4731" ordinal="0" offset="0" sl="43" sc="13" el="43" ec="33" bec="2" bev="0" fileid="167" />
            </Method>
            <Method visited="false" cyclomaticComplexity="1" nPathComplexity="0" sequenceCoverage="0" branchCoverage="0" crapScore="2" isConstructor="true" isStatic="true" isGetter="false" isSetter="false">
              <Summary numSequencePoints="1" visitedSequencePoints="0" numBranchPoints="1" visitedBranchPoints="0" sequenceCoverage="0" branchCoverage="0" maxCyclomaticComplexity="1" minCyclomaticComplexity="1" maxCrapScore="2" minCrapScore="2" visitedClasses="0" numClasses="0" visitedMethods="0" numMethods="1" />
              <MetadataToken>100663906</MetadataToken>
              <Name>System.Void Xunit.VisualStudioSourceInformationProvider::.cctor()</Name>
              <FileRef uid="167" />
              <SequencePoints>
                <SequencePoint vc="0" uspid="4736" ordinal="0" offset="0" sl="13" sc="9" el="13" ec="92" bec="0" bev="0" fileid="167" />
              </SequencePoints>
              <BranchPoints />
              <MethodPoint xsi:type="SequencePoint" vc="0" uspid="4736" ordinal="0" offset="0" sl="13" sc="9" el="13" ec="92" bec="0" bev="0" fileid="167" />
            </Method>
          </Methods>
        </Class>
        <Class>
          <Summary numSequencePoints="56" visitedSequencePoints="0" numBranchPoints="33" visitedBranchPoints="0" sequenceCoverage="0" branchCoverage="0" maxCyclomaticComplexity="4" minCyclomaticComplexity="1" maxCrapScore="20" minCrapScore="2" visitedClasses="0" numClasses="1" visitedMethods="0" numMethods="19" />
          <FullName>Xunit.XunitFrontController</FullName>
          <Methods>
            <Method visited="false" cyclomaticComplexity="1" nPathComplexity="0" sequenceCoverage="0" branchCoverage="0" crapScore="2" isConstructor="false" isStatic="false" isGetter="true" isSetter="false">
              <Summary numSequencePoints="2" visitedSequencePoints="0" numBranchPoints="1" visitedBranchPoints="0" sequenceCoverage="0" branchCoverage="0" maxCyclomaticComplexity="1" minCyclomaticComplexity="1" maxCrapScore="2" minCrapScore="2" visitedClasses="0" numClasses="0" visitedMethods="0" numMethods="1" />
              <MetadataToken>100663909</MetadataToken>
              <Name>Xunit.ITestCaseBulkDeserializer Xunit.XunitFrontController::get_BulkDeserializer()</Name>
              <FileRef uid="168" />
              <SequencePoints>
                <SequencePoint vc="0" uspid="4737" ordinal="0" offset="0" sl="77" sc="17" el="77" ec="37" bec="0" bev="0" fileid="168" />
                <SequencePoint vc="0" uspid="4738" ordinal="1" offset="6" sl="78" sc="17" el="78" ec="41" bec="0" bev="0" fileid="168" />
              </SequencePoints>
              <BranchPoints />
              <MethodPoint xsi:type="SequencePoint" vc="0" uspid="4737" ordinal="0" offset="0" sl="77" sc="17" el="77" ec="37" bec="0" bev="0" fileid="168" />
            </Method>
            <Method visited="false" cyclomaticComplexity="1" nPathComplexity="0" sequenceCoverage="0" branchCoverage="0" crapScore="2" isConstructor="false" isStatic="false" isGetter="true" isSetter="false">
              <Summary numSequencePoints="1" visitedSequencePoints="0" numBranchPoints="1" visitedBranchPoints="0" sequenceCoverage="0" branchCoverage="0" maxCyclomaticComplexity="1" minCyclomaticComplexity="1" maxCrapScore="2" minCrapScore="2" visitedClasses="0" numClasses="0" visitedMethods="0" numMethods="1" />
              <MetadataToken>100663910</MetadataToken>
              <Name>System.Boolean Xunit.XunitFrontController::get_CanUseAppDomains()</Name>
              <FileRef uid="168" />
              <SequencePoints>
                <SequencePoint vc="0" uspid="4739" ordinal="0" offset="0" sl="84" sc="16" el="84" ec="48" bec="0" bev="0" fileid="168" />
              </SequencePoints>
              <BranchPoints />
              <MethodPoint xsi:type="SequencePoint" vc="0" uspid="4739" ordinal="0" offset="0" sl="84" sc="16" el="84" ec="48" bec="0" bev="0" fileid="168" />
            </Method>
            <Method visited="false" cyclomaticComplexity="1" nPathComplexity="0" sequenceCoverage="0" branchCoverage="0" crapScore="2" isConstructor="false" isStatic="false" isGetter="true" isSetter="false">
              <Summary numSequencePoints="2" visitedSequencePoints="0" numBranchPoints="1" visitedBranchPoints="0" sequenceCoverage="0" branchCoverage="0" maxCyclomaticComplexity="1" minCyclomaticComplexity="1" maxCrapScore="2" minCrapScore="2" visitedClasses="0" numClasses="0" visitedMethods="0" numMethods="1" />
              <MetadataToken>100663911</MetadataToken>
              <Name>Xunit.ITestCaseDescriptorProvider Xunit.XunitFrontController::get_DescriptorProvider()</Name>
              <FileRef uid="168" />
              <SequencePoints>
                <SequencePoint vc="0" uspid="4740" ordinal="0" offset="0" sl="90" sc="17" el="90" ec="37" bec="0" bev="0" fileid="168" />
                <SequencePoint vc="0" uspid="4741" ordinal="1" offset="6" sl="91" sc="17" el="91" ec="43" bec="0" bev="0" fileid="168" />
              </SequencePoints>
              <BranchPoints />
              <MethodPoint xsi:type="SequencePoint" vc="0" uspid="4740" ordinal="0" offset="0" sl="90" sc="17" el="90" ec="37" bec="0" bev="0" fileid="168" />
            </Method>
            <Method visited="false" cyclomaticComplexity="1" nPathComplexity="0" sequenceCoverage="0" branchCoverage="0" crapScore="2" isConstructor="false" isStatic="false" isGetter="true" isSetter="false">
              <Summary numSequencePoints="2" visitedSequencePoints="0" numBranchPoints="1" visitedBranchPoints="0" sequenceCoverage="0" branchCoverage="0" maxCyclomaticComplexity="1" minCyclomaticComplexity="1" maxCrapScore="2" minCrapScore="2" visitedClasses="0" numClasses="0" visitedMethods="0" numMethods="1" />
              <MetadataToken>100663912</MetadataToken>
              <Name>Xunit.IFrontController Xunit.XunitFrontController::get_InnerController()</Name>
              <FileRef uid="168" />
              <SequencePoints>
                <SequencePoint vc="0" uspid="4742" ordinal="0" offset="0" sl="99" sc="17" el="99" ec="37" bec="0" bev="0" fileid="168" />
                <SequencePoint vc="0" uspid="4743" ordinal="1" offset="6" sl="100" sc="17" el="100" ec="40" bec="0" bev="0" fileid="168" />
              </SequencePoints>
              <BranchPoints />
              <MethodPoint xsi:type="SequencePoint" vc="0" uspid="4742" ordinal="0" offset="0" sl="99" sc="17" el="99" ec="37" bec="0" bev="0" fileid="168" />
            </Method>
            <Method visited="false" cyclomaticComplexity="1" nPathComplexity="0" sequenceCoverage="0" branchCoverage="0" crapScore="2" isConstructor="false" isStatic="false" isGetter="true" isSetter="false">
              <Summary numSequencePoints="1" visitedSequencePoints="0" numBranchPoints="1" visitedBranchPoints="0" sequenceCoverage="0" branchCoverage="0" maxCyclomaticComplexity="1" minCyclomaticComplexity="1" maxCrapScore="2" minCrapScore="2" visitedClasses="0" numClasses="0" visitedMethods="0" numMethods="1" />
              <MetadataToken>100663913</MetadataToken>
              <Name>System.String Xunit.XunitFrontController::get_TargetFramework()</Name>
              <FileRef uid="168" />
              <SequencePoints>
                <SequencePoint vc="0" uspid="4744" ordinal="0" offset="0" sl="107" sc="19" el="107" ec="58" bec="0" bev="0" fileid="168" />
              </SequencePoints>
              <BranchPoints />
              <MethodPoint xsi:type="SequencePoint" vc="0" uspid="4744" ordinal="0" offset="0" sl="107" sc="19" el="107" ec="58" bec="0" bev="0" fileid="168" />
            </Method>
            <Method visited="false" cyclomaticComplexity="1" nPathComplexity="0" sequenceCoverage="0" branchCoverage="0" crapScore="2" isConstructor="false" isStatic="false" isGetter="true" isSetter="false">
              <Summary numSequencePoints="1" visitedSequencePoints="0" numBranchPoints="1" visitedBranchPoints="0" sequenceCoverage="0" branchCoverage="0" maxCyclomaticComplexity="1" minCyclomaticComplexity="1" maxCrapScore="2" minCrapScore="2" visitedClasses="0" numClasses="0" visitedMethods="0" numMethods="1" />
              <MetadataToken>100663914</MetadataToken>
              <Name>System.String Xunit.XunitFrontController::get_TestFrameworkDisplayName()</Name>
              <FileRef uid="168" />
              <SequencePoints>
                <SequencePoint vc="0" uspid="4745" ordinal="0" offset="0" sl="113" sc="19" el="113" ec="67" bec="0" bev="0" fileid="168" />
              </SequencePoints>
              <BranchPoints />
              <MethodPoint xsi:type="SequencePoint" vc="0" uspid="4745" ordinal="0" offset="0" sl="113" sc="19" el="113" ec="67" bec="0" bev="0" fileid="168" />
            </Method>
            <Method visited="false" cyclomaticComplexity="1" nPathComplexity="0" sequenceCoverage="0" branchCoverage="0" crapScore="2" isConstructor="true" isStatic="false" isGetter="false" isSetter="false">
              <Summary numSequencePoints="3" visitedSequencePoints="0" numBranchPoints="1" visitedBranchPoints="0" sequenceCoverage="0" branchCoverage="0" maxCyclomaticComplexity="1" minCyclomaticComplexity="1" maxCrapScore="2" minCrapScore="2" visitedClasses="0" numClasses="0" visitedMethods="0" numMethods="1" />
              <MetadataToken>100663907</MetadataToken>
              <Name>System.Void Xunit.XunitFrontController::.ctor()</Name>
              <FileRef uid="168" />
              <SequencePoints>
                <SequencePoint vc="0" uspid="4746" ordinal="0" offset="0" sl="24" sc="9" el="24" ec="74" bec="0" bev="0" fileid="168" />
                <SequencePoint vc="0" uspid="4747" ordinal="1" offset="11" sl="29" sc="9" el="29" ec="41" bec="0" bev="0" fileid="168" />
                <SequencePoint vc="0" uspid="4748" ordinal="2" offset="17" sl="29" sc="44" el="29" ec="45" bec="0" bev="0" fileid="168" />
              </SequencePoints>
              <BranchPoints />
              <MethodPoint xsi:type="SequencePoint" vc="0" uspid="4746" ordinal="0" offset="0" sl="24" sc="9" el="24" ec="74" bec="0" bev="0" fileid="168" />
            </Method>
            <Method visited="false" cyclomaticComplexity="3" nPathComplexity="4" sequenceCoverage="0" branchCoverage="0" crapScore="12" isConstructor="true" isStatic="false" isGetter="false" isSetter="false">
              <Summary numSequencePoints="14" visitedSequencePoints="0" numBranchPoints="5" visitedBranchPoints="0" sequenceCoverage="0" branchCoverage="0" maxCyclomaticComplexity="3" minCyclomaticComplexity="3" maxCrapScore="12" minCrapScore="12" visitedClasses="0" numClasses="0" visitedMethods="0" numMethods="1" />
              <MetadataToken>100663908</MetadataToken>
              <Name>System.Void Xunit.XunitFrontController::.ctor(Xunit.AppDomainSupport,System.String,System.String,System.Boolean,System.String,Xunit.Abstractions.ISourceInformationProvider,Xunit.Abstractions.IMessageSink)</Name>
              <FileRef uid="168" />
              <SequencePoints>
                <SequencePoint vc="0" uspid="4749" ordinal="0" offset="0" sl="24" sc="9" el="24" ec="74" bec="0" bev="0" fileid="168" />
                <SequencePoint vc="0" uspid="4750" ordinal="1" offset="11" sl="43" sc="9" el="49" ec="79" bec="0" bev="0" fileid="168" />
                <SequencePoint vc="0" uspid="4751" ordinal="2" offset="17" sl="51" sc="13" el="51" ec="54" bec="0" bev="0" fileid="168" />
                <SequencePoint vc="0" uspid="4752" ordinal="3" offset="24" sl="52" sc="13" el="52" ec="54" bec="0" bev="0" fileid="168" />
                <SequencePoint vc="0" uspid="4753" ordinal="4" offset="31" sl="53" sc="13" el="53" ec="50" bec="0" bev="0" fileid="168" />
                <SequencePoint vc="0" uspid="4754" ordinal="5" offset="38" sl="54" sc="13" el="54" ec="42" bec="0" bev="0" fileid="168" />
                <SequencePoint vc="0" uspid="4755" ordinal="6" offset="46" sl="55" sc="13" el="55" ec="54" bec="0" bev="0" fileid="168" />
                <SequencePoint vc="0" uspid="4756" ordinal="7" offset="54" sl="56" sc="13" el="56" ec="72" bec="0" bev="0" fileid="168" />
                <SequencePoint vc="0" uspid="4757" ordinal="8" offset="62" sl="57" sc="13" el="57" ec="89" bec="2" bev="0" fileid="168" />
                <SequencePoint vc="0" uspid="4758" ordinal="9" offset="79" sl="59" sc="13" el="59" ec="68" bec="0" bev="0" fileid="168" />
                <SequencePoint vc="0" uspid="4759" ordinal="10" offset="90" sl="61" sc="13" el="61" ec="56" bec="2" bev="0" fileid="168" />
                <SequencePoint vc="0" uspid="4760" ordinal="11" offset="98" sl="66" sc="17" el="66" ec="110" bec="0" bev="0" fileid="168" />
                <SequencePoint vc="0" uspid="4761" ordinal="12" offset="110" sl="68" sc="17" el="68" ec="64" bec="0" bev="0" fileid="168" />
                <SequencePoint vc="0" uspid="4762" ordinal="13" offset="127" sl="71" sc="9" el="71" ec="10" bec="0" bev="0" fileid="168" />
              </SequencePoints>
              <BranchPoints>
                <BranchPoint vc="0" uspid="4763" ordinal="0" offset="66" sl="57" path="0" offsetend="68" fileid="168" />
                <BranchPoint vc="0" uspid="4764" ordinal="1" offset="66" sl="57" path="1" offsetend="74" fileid="168" />
                <BranchPoint vc="0" uspid="4765" ordinal="2" offset="96" sl="61" path="0" offsetend="98" fileid="168" />
                <BranchPoint vc="0" uspid="4766" ordinal="3" offset="96" sl="61" path="1" offsetend="127" fileid="168" />
              </BranchPoints>
              <MethodPoint xsi:type="SequencePoint" vc="0" uspid="4749" ordinal="0" offset="0" sl="24" sc="9" el="24" ec="74" bec="0" bev="0" fileid="168" />
            </Method>
            <Method visited="false" cyclomaticComplexity="1" nPathComplexity="0" sequenceCoverage="0" branchCoverage="0" crapScore="2" isConstructor="false" isStatic="false" isGetter="false" isSetter="false">
              <Summary numSequencePoints="1" visitedSequencePoints="0" numBranchPoints="1" visitedBranchPoints="0" sequenceCoverage="0" branchCoverage="0" maxCyclomaticComplexity="1" minCyclomaticComplexity="1" maxCrapScore="2" minCrapScore="2" visitedClasses="0" numClasses="0" visitedMethods="0" numMethods="1" />
              <MetadataToken>100663915</MetadataToken>
              <Name>System.Collections.Generic.List`1&lt;System.Collections.Generic.KeyValuePair`2&lt;System.String,Xunit.Abstractions.ITestCase&gt;&gt; Xunit.XunitFrontController::BulkDeserialize(System.Collections.Generic.List`1&lt;System.String&gt;)</Name>
              <FileRef uid="168" />
              <SequencePoints>
                <SequencePoint vc="0" uspid="4767" ordinal="0" offset="0" sl="118" sc="16" el="118" ec="64" bec="0" bev="0" fileid="168" />
              </SequencePoints>
              <BranchPoints />
              <MethodPoint xsi:type="SequencePoint" vc="0" uspid="4767" ordinal="0" offset="0" sl="118" sc="16" el="118" ec="64" bec="0" bev="0" fileid="168" />
            </Method>
            <Method visited="false" cyclomaticComplexity="3" nPathComplexity="4" sequenceCoverage="0" branchCoverage="0" crapScore="12" isConstructor="false" isStatic="false" isGetter="false" isSetter="false">
              <Summary numSequencePoints="7" visitedSequencePoints="0" numBranchPoints="5" visitedBranchPoints="0" sequenceCoverage="0" branchCoverage="0" maxCyclomaticComplexity="3" minCyclomaticComplexity="3" maxCrapScore="12" minCrapScore="12" visitedClasses="0" numClasses="0" visitedMethods="0" numMethods="1" />
              <MetadataToken>100663916</MetadataToken>
              <Name>Xunit.IFrontController Xunit.XunitFrontController::CreateInnerController()</Name>
              <FileRef uid="168" />
              <SequencePoints>
                <SequencePoint vc="0" uspid="4768" ordinal="0" offset="0" sl="126" sc="13" el="126" ec="74" bec="0" bev="0" fileid="168" />
                <SequencePoint vc="0" uspid="4769" ordinal="1" offset="12" sl="127" sc="13" el="127" ec="88" bec="2" bev="0" fileid="168" />
                <SequencePoint vc="0" uspid="4770" ordinal="2" offset="26" sl="128" sc="17" el="128" ec="167" bec="0" bev="0" fileid="168" />
                <SequencePoint vc="0" uspid="4771" ordinal="3" offset="75" sl="130" sc="13" el="130" ec="71" bec="0" bev="0" fileid="168" />
                <SequencePoint vc="0" uspid="4772" ordinal="4" offset="86" sl="131" sc="13" el="131" ec="40" bec="2" bev="0" fileid="168" />
                <SequencePoint vc="0" uspid="4773" ordinal="5" offset="93" sl="132" sc="17" el="132" ec="144" bec="0" bev="0" fileid="168" />
                <SequencePoint vc="0" uspid="4774" ordinal="6" offset="135" sl="134" sc="13" el="134" ec="157" bec="0" bev="0" fileid="168" />
              </SequencePoints>
              <BranchPoints>
                <BranchPoint vc="0" uspid="4775" ordinal="0" offset="24" sl="127" path="0" offsetend="26" fileid="168" />
                <BranchPoint vc="0" uspid="4776" ordinal="1" offset="24" sl="127" path="1" offsetend="75" fileid="168" />
                <BranchPoint vc="0" uspid="4777" ordinal="2" offset="91" sl="131" path="0" offsetend="93" fileid="168" />
                <BranchPoint vc="0" uspid="4778" ordinal="3" offset="91" sl="131" path="1" offsetend="135" fileid="168" />
              </BranchPoints>
              <MethodPoint xsi:type="SequencePoint" vc="0" uspid="4768" ordinal="0" offset="0" sl="126" sc="13" el="126" ec="74" bec="0" bev="0" fileid="168" />
            </Method>
            <Method visited="false" cyclomaticComplexity="1" nPathComplexity="0" sequenceCoverage="0" branchCoverage="0" crapScore="2" isConstructor="false" isStatic="false" isGetter="false" isSetter="false">
              <Summary numSequencePoints="1" visitedSequencePoints="0" numBranchPoints="1" visitedBranchPoints="0" sequenceCoverage="0" branchCoverage="0" maxCyclomaticComplexity="1" minCyclomaticComplexity="1" maxCrapScore="2" minCrapScore="2" visitedClasses="0" numClasses="0" visitedMethods="0" numMethods="1" />
              <MetadataToken>100663917</MetadataToken>
              <Name>Xunit.Abstractions.ITestCase Xunit.XunitFrontController::Deserialize(System.String)</Name>
              <FileRef uid="168" />
              <SequencePoints>
                <SequencePoint vc="0" uspid="4779" ordinal="0" offset="0" sl="142" sc="16" el="142" ec="50" bec="0" bev="0" fileid="168" />
              </SequencePoints>
              <BranchPoints />
              <MethodPoint xsi:type="SequencePoint" vc="0" uspid="4779" ordinal="0" offset="0" sl="142" sc="16" el="142" ec="50" bec="0" bev="0" fileid="168" />
            </Method>
            <Method visited="false" cyclomaticComplexity="2" nPathComplexity="0" sequenceCoverage="0" branchCoverage="0" crapScore="6" isConstructor="false" isStatic="false" isGetter="false" isSetter="false">
              <Summary numSequencePoints="5" visitedSequencePoints="0" numBranchPoints="1" visitedBranchPoints="0" sequenceCoverage="0" branchCoverage="0" maxCyclomaticComplexity="2" minCyclomaticComplexity="2" maxCrapScore="6" minCrapScore="6" visitedClasses="0" numClasses="0" visitedMethods="0" numMethods="1" />
              <MetadataToken>100663918</MetadataToken>
              <Name>System.Void Xunit.XunitFrontController::Dispose()</Name>
              <FileRef uid="168" />
              <SequencePoints>
                <SequencePoint vc="0" uspid="4780" ordinal="0" offset="0" sl="147" sc="40" el="147" ec="49" bec="0" bev="0" fileid="168" />
                <SequencePoint vc="0" uspid="4781" ordinal="1" offset="14" sl="147" sc="22" el="147" ec="36" bec="0" bev="0" fileid="168" />
                <SequencePoint vc="0" uspid="4782" ordinal="2" offset="21" sl="148" sc="17" el="148" ec="38" bec="0" bev="0" fileid="168" />
                <SequencePoint vc="0" uspid="4783" ordinal="3" offset="26" sl="147" sc="37" el="147" ec="39" bec="0" bev="0" fileid="168" />
                <SequencePoint vc="0" uspid="4784" ordinal="4" offset="51" sl="149" sc="9" el="149" ec="10" bec="0" bev="0" fileid="168" />
              </SequencePoints>
              <BranchPoints />
              <MethodPoint xsi:type="SequencePoint" vc="0" uspid="4780" ordinal="0" offset="0" sl="147" sc="40" el="147" ec="49" bec="0" bev="0" fileid="168" />
            </Method>
            <Method visited="false" cyclomaticComplexity="4" nPathComplexity="8" sequenceCoverage="0" branchCoverage="0" crapScore="20" isConstructor="false" isStatic="false" isGetter="false" isSetter="false">
              <Summary numSequencePoints="6" visitedSequencePoints="0" numBranchPoints="7" visitedBranchPoints="0" sequenceCoverage="0" branchCoverage="0" maxCyclomaticComplexity="4" minCyclomaticComplexity="4" maxCrapScore="20" minCrapScore="20" visitedClasses="0" numClasses="0" visitedMethods="0" numMethods="1" />
              <MetadataToken>100663919</MetadataToken>
              <Name>System.Void Xunit.XunitFrontController::EnsureInitialized()</Name>
              <FileRef uid="168" />
              <SequencePoints>
                <SequencePoint vc="0" uspid="4787" ordinal="0" offset="0" sl="153" sc="13" el="153" ec="41" bec="2" bev="0" fileid="168" />
                <SequencePoint vc="0" uspid="4788" ordinal="1" offset="8" sl="155" sc="17" el="155" ec="59" bec="0" bev="0" fileid="168" />
                <SequencePoint vc="0" uspid="4789" ordinal="2" offset="20" sl="156" sc="17" el="156" ec="145" bec="2" bev="0" fileid="168" />
                <SequencePoint vc="0" uspid="4790" ordinal="3" offset="52" sl="157" sc="17" el="157" ec="139" bec="2" bev="0" fileid="168" />
                <SequencePoint vc="0" uspid="4791" ordinal="4" offset="84" sl="158" sc="17" el="158" ec="49" bec="0" bev="0" fileid="168" />
                <SequencePoint vc="0" uspid="4792" ordinal="5" offset="101" sl="160" sc="9" el="160" ec="10" bec="0" bev="0" fileid="168" />
              </SequencePoints>
              <BranchPoints>
                <BranchPoint vc="0" uspid="4793" ordinal="0" offset="6" sl="153" path="0" offsetend="8" fileid="168" />
                <BranchPoint vc="0" uspid="4794" ordinal="1" offset="6" sl="153" path="1" offsetend="101" fileid="168" />
                <BranchPoint vc="0" uspid="4795" ordinal="2" offset="33" sl="156" path="0" offsetend="35" fileid="168" />
                <BranchPoint vc="0" uspid="4796" ordinal="3" offset="33" sl="156" path="1" offsetend="47" fileid="168" />
                <BranchPoint vc="0" uspid="4797" ordinal="4" offset="65" sl="157" path="0" offsetend="67" fileid="168" />
                <BranchPoint vc="0" uspid="4798" ordinal="5" offset="65" sl="157" path="1" offsetend="79" fileid="168" />
              </BranchPoints>
              <MethodPoint xsi:type="SequencePoint" vc="0" uspid="4787" ordinal="0" offset="0" sl="153" sc="13" el="153" ec="41" bec="2" bev="0" fileid="168" />
            </Method>
            <Method visited="false" cyclomaticComplexity="1" nPathComplexity="0" sequenceCoverage="0" branchCoverage="0" crapScore="2" isConstructor="false" isStatic="false" isGetter="false" isSetter="false">
              <Summary numSequencePoints="2" visitedSequencePoints="0" numBranchPoints="1" visitedBranchPoints="0" sequenceCoverage="0" branchCoverage="0" maxCyclomaticComplexity="1" minCyclomaticComplexity="1" maxCrapScore="2" minCrapScore="2" visitedClasses="0" numClasses="0" visitedMethods="0" numMethods="1" />
              <MetadataToken>100663920</MetadataToken>
              <Name>System.Void Xunit.XunitFrontController::Find(System.Boolean,Xunit.Abstractions.IMessageSink,Xunit.Abstractions.ITestFrameworkDiscoveryOptions)</Name>
              <FileRef uid="168" />
              <SequencePoints>
                <SequencePoint vc="0" uspid="4799" ordinal="0" offset="0" sl="165" sc="13" el="165" ec="91" bec="0" bev="0" fileid="168" />
                <SequencePoint vc="0" uspid="4800" ordinal="1" offset="14" sl="166" sc="9" el="166" ec="10" bec="0" bev="0" fileid="168" />
              </SequencePoints>
              <BranchPoints />
              <MethodPoint xsi:type="SequencePoint" vc="0" uspid="4799" ordinal="0" offset="0" sl="165" sc="13" el="165" ec="91" bec="0" bev="0" fileid="168" />
            </Method>
            <Method visited="false" cyclomaticComplexity="1" nPathComplexity="0" sequenceCoverage="0" branchCoverage="0" crapScore="2" isConstructor="false" isStatic="false" isGetter="false" isSetter="false">
              <Summary numSequencePoints="2" visitedSequencePoints="0" numBranchPoints="1" visitedBranchPoints="0" sequenceCoverage="0" branchCoverage="0" maxCyclomaticComplexity="1" minCyclomaticComplexity="1" maxCrapScore="2" minCrapScore="2" visitedClasses="0" numClasses="0" visitedMethods="0" numMethods="1" />
              <MetadataToken>100663921</MetadataToken>
              <Name>System.Void Xunit.XunitFrontController::Find(System.String,System.Boolean,Xunit.Abstractions.IMessageSink,Xunit.Abstractions.ITestFrameworkDiscoveryOptions)</Name>
              <FileRef uid="168" />
              <SequencePoints>
                <SequencePoint vc="0" uspid="4801" ordinal="0" offset="0" sl="171" sc="13" el="171" ec="101" bec="0" bev="0" fileid="168" />
                <SequencePoint vc="0" uspid="4802" ordinal="1" offset="16" sl="172" sc="9" el="172" ec="10" bec="0" bev="0" fileid="168" />
              </SequencePoints>
              <BranchPoints />
              <MethodPoint xsi:type="SequencePoint" vc="0" uspid="4801" ordinal="0" offset="0" sl="171" sc="13" el="171" ec="101" bec="0" bev="0" fileid="168" />
            </Method>
            <Method visited="false" cyclomaticComplexity="1" nPathComplexity="0" sequenceCoverage="0" branchCoverage="0" crapScore="2" isConstructor="false" isStatic="false" isGetter="false" isSetter="false">
              <Summary numSequencePoints="1" visitedSequencePoints="0" numBranchPoints="1" visitedBranchPoints="0" sequenceCoverage="0" branchCoverage="0" maxCyclomaticComplexity="1" minCyclomaticComplexity="1" maxCrapScore="2" minCrapScore="2" visitedClasses="0" numClasses="0" visitedMethods="0" numMethods="1" />
              <MetadataToken>100663922</MetadataToken>
              <Name>System.Collections.Generic.List`1&lt;Xunit.TestCaseDescriptor&gt; Xunit.XunitFrontController::GetTestCaseDescriptors(System.Collections.Generic.List`1&lt;Xunit.Abstractions.ITestCase&gt;,System.Boolean)</Name>
              <FileRef uid="168" />
              <SequencePoints>
                <SequencePoint vc="0" uspid="4803" ordinal="0" offset="0" sl="176" sc="16" el="176" ec="90" bec="0" bev="0" fileid="168" />
              </SequencePoints>
              <BranchPoints />
              <MethodPoint xsi:type="SequencePoint" vc="0" uspid="4803" ordinal="0" offset="0" sl="176" sc="16" el="176" ec="90" bec="0" bev="0" fileid="168" />
            </Method>
            <Method visited="false" cyclomaticComplexity="1" nPathComplexity="0" sequenceCoverage="0" branchCoverage="0" crapScore="2" isConstructor="false" isStatic="false" isGetter="false" isSetter="false">
              <Summary numSequencePoints="2" visitedSequencePoints="0" numBranchPoints="1" visitedBranchPoints="0" sequenceCoverage="0" branchCoverage="0" maxCyclomaticComplexity="1" minCyclomaticComplexity="1" maxCrapScore="2" minCrapScore="2" visitedClasses="0" numClasses="0" visitedMethods="0" numMethods="1" />
              <MetadataToken>100663923</MetadataToken>
              <Name>System.Void Xunit.XunitFrontController::RunAll(Xunit.Abstractions.IMessageSink,Xunit.Abstractions.ITestFrameworkDiscoveryOptions,Xunit.Abstractions.ITestFrameworkExecutionOptions)</Name>
              <FileRef uid="168" />
              <SequencePoints>
                <SequencePoint vc="0" uspid="4804" ordinal="0" offset="0" sl="181" sc="13" el="181" ec="85" bec="0" bev="0" fileid="168" />
                <SequencePoint vc="0" uspid="4805" ordinal="1" offset="14" sl="182" sc="9" el="182" ec="10" bec="0" bev="0" fileid="168" />
              </SequencePoints>
              <BranchPoints />
              <MethodPoint xsi:type="SequencePoint" vc="0" uspid="4804" ordinal="0" offset="0" sl="181" sc="13" el="181" ec="85" bec="0" bev="0" fileid="168" />
            </Method>
            <Method visited="false" cyclomaticComplexity="1" nPathComplexity="0" sequenceCoverage="0" branchCoverage="0" crapScore="2" isConstructor="false" isStatic="false" isGetter="false" isSetter="false">
              <Summary numSequencePoints="2" visitedSequencePoints="0" numBranchPoints="1" visitedBranchPoints="0" sequenceCoverage="0" branchCoverage="0" maxCyclomaticComplexity="1" minCyclomaticComplexity="1" maxCrapScore="2" minCrapScore="2" visitedClasses="0" numClasses="0" visitedMethods="0" numMethods="1" />
              <MetadataToken>100663924</MetadataToken>
              <Name>System.Void Xunit.XunitFrontController::RunTests(System.Collections.Generic.IEnumerable`1&lt;Xunit.Abstractions.ITestCase&gt;,Xunit.Abstractions.IMessageSink,Xunit.Abstractions.ITestFrameworkExecutionOptions)</Name>
              <FileRef uid="168" />
              <SequencePoints>
                <SequencePoint vc="0" uspid="4806" ordinal="0" offset="0" sl="187" sc="13" el="187" ec="82" bec="0" bev="0" fileid="168" />
                <SequencePoint vc="0" uspid="4807" ordinal="1" offset="14" sl="188" sc="9" el="188" ec="10" bec="0" bev="0" fileid="168" />
              </SequencePoints>
              <BranchPoints />
              <MethodPoint xsi:type="SequencePoint" vc="0" uspid="4806" ordinal="0" offset="0" sl="187" sc="13" el="187" ec="82" bec="0" bev="0" fileid="168" />
            </Method>
            <Method visited="false" cyclomaticComplexity="1" nPathComplexity="0" sequenceCoverage="0" branchCoverage="0" crapScore="2" isConstructor="false" isStatic="false" isGetter="false" isSetter="false">
              <Summary numSequencePoints="1" visitedSequencePoints="0" numBranchPoints="1" visitedBranchPoints="0" sequenceCoverage="0" branchCoverage="0" maxCyclomaticComplexity="1" minCyclomaticComplexity="1" maxCrapScore="2" minCrapScore="2" visitedClasses="0" numClasses="0" visitedMethods="0" numMethods="1" />
              <MetadataToken>100663925</MetadataToken>
              <Name>System.String Xunit.XunitFrontController::Serialize(Xunit.Abstractions.ITestCase)</Name>
              <FileRef uid="168" />
              <SequencePoints>
                <SequencePoint vc="0" uspid="4808" ordinal="0" offset="0" sl="192" sc="16" el="192" ec="51" bec="0" bev="0" fileid="168" />
              </SequencePoints>
              <BranchPoints />
              <MethodPoint xsi:type="SequencePoint" vc="0" uspid="4808" ordinal="0" offset="0" sl="192" sc="16" el="192" ec="51" bec="0" bev="0" fileid="168" />
            </Method>
          </Methods>
        </Class>
        <Class>
          <Summary numSequencePoints="7" visitedSequencePoints="0" numBranchPoints="3" visitedBranchPoints="0" sequenceCoverage="0" branchCoverage="0" maxCyclomaticComplexity="1" minCyclomaticComplexity="1" maxCrapScore="2" minCrapScore="2" visitedClasses="0" numClasses="1" visitedMethods="0" numMethods="3" />
          <FullName>Xunit.LongRunningTestsSummary</FullName>
          <Methods>
            <Method visited="false" cyclomaticComplexity="1" nPathComplexity="0" sequenceCoverage="0" branchCoverage="0" crapScore="2" isConstructor="false" isStatic="false" isGetter="true" isSetter="false">
              <Summary numSequencePoints="1" visitedSequencePoints="0" numBranchPoints="1" visitedBranchPoints="0" sequenceCoverage="0" branchCoverage="0" maxCyclomaticComplexity="1" minCyclomaticComplexity="1" maxCrapScore="2" minCrapScore="2" visitedClasses="0" numClasses="0" visitedMethods="0" numMethods="1" />
              <MetadataToken>100663929</MetadataToken>
              <Name>System.TimeSpan Xunit.LongRunningTestsSummary::get_ConfiguredLongRunningTime()</Name>
              <FileRef uid="169" />
              <SequencePoints>
                <SequencePoint vc="0" uspid="4809" ordinal="0" offset="0" sl="26" sc="53" el="26" ec="57" bec="0" bev="0" fileid="169" />
              </SequencePoints>
              <BranchPoints />
              <MethodPoint xsi:type="SequencePoint" vc="0" uspid="4809" ordinal="0" offset="0" sl="26" sc="53" el="26" ec="57" bec="0" bev="0" fileid="169" />
            </Method>
            <Method visited="false" cyclomaticComplexity="1" nPathComplexity="0" sequenceCoverage="0" branchCoverage="0" crapScore="2" isConstructor="false" isStatic="false" isGetter="true" isSetter="false">
              <Summary numSequencePoints="1" visitedSequencePoints="0" numBranchPoints="1" visitedBranchPoints="0" sequenceCoverage="0" branchCoverage="0" maxCyclomaticComplexity="1" minCyclomaticComplexity="1" maxCrapScore="2" minCrapScore="2" visitedClasses="0" numClasses="0" visitedMethods="0" numMethods="1" />
              <MetadataToken>100663930</MetadataToken>
              <Name>System.Collections.Generic.IDictionary`2&lt;Xunit.Abstractions.ITestCase,System.TimeSpan&gt; Xunit.LongRunningTestsSummary::get_TestCases()</Name>
              <FileRef uid="169" />
              <SequencePoints>
                <SequencePoint vc="0" uspid="4810" ordinal="0" offset="0" sl="29" sc="61" el="29" ec="65" bec="0" bev="0" fileid="169" />
              </SequencePoints>
              <BranchPoints />
              <MethodPoint xsi:type="SequencePoint" vc="0" uspid="4810" ordinal="0" offset="0" sl="29" sc="61" el="29" ec="65" bec="0" bev="0" fileid="169" />
            </Method>
            <Method visited="false" cyclomaticComplexity="1" nPathComplexity="0" sequenceCoverage="0" branchCoverage="0" crapScore="2" isConstructor="true" isStatic="false" isGetter="false" isSetter="false">
              <Summary numSequencePoints="5" visitedSequencePoints="0" numBranchPoints="1" visitedBranchPoints="0" sequenceCoverage="0" branchCoverage="0" maxCyclomaticComplexity="1" minCyclomaticComplexity="1" maxCrapScore="2" minCrapScore="2" visitedClasses="0" numClasses="0" visitedMethods="0" numMethods="1" />
              <MetadataToken>100663928</MetadataToken>
              <Name>System.Void Xunit.LongRunningTestsSummary::.ctor(System.TimeSpan,System.Collections.Generic.IDictionary`2&lt;Xunit.Abstractions.ITestCase,System.TimeSpan&gt;)</Name>
              <FileRef uid="169" />
              <SequencePoints>
                <SequencePoint vc="0" uspid="4811" ordinal="0" offset="0" sl="17" sc="9" el="17" ec="119" bec="0" bev="0" fileid="169" />
                <SequencePoint vc="0" uspid="4812" ordinal="1" offset="6" sl="19" sc="13" el="19" ec="65" bec="0" bev="0" fileid="169" />
                <SequencePoint vc="0" uspid="4813" ordinal="2" offset="17" sl="21" sc="13" el="21" ec="67" bec="0" bev="0" fileid="169" />
                <SequencePoint vc="0" uspid="4814" ordinal="3" offset="24" sl="22" sc="13" el="22" ec="35" bec="0" bev="0" fileid="169" />
                <SequencePoint vc="0" uspid="4815" ordinal="4" offset="31" sl="23" sc="9" el="23" ec="10" bec="0" bev="0" fileid="169" />
              </SequencePoints>
              <BranchPoints />
              <MethodPoint xsi:type="SequencePoint" vc="0" uspid="4811" ordinal="0" offset="0" sl="17" sc="9" el="17" ec="119" bec="0" bev="0" fileid="169" />
            </Method>
          </Methods>
        </Class>
        <Class>
          <Summary numSequencePoints="12" visitedSequencePoints="0" numBranchPoints="16" visitedBranchPoints="0" sequenceCoverage="0" branchCoverage="0" maxCyclomaticComplexity="4" minCyclomaticComplexity="1" maxCrapScore="20" minCrapScore="2" visitedClasses="0" numClasses="1" visitedMethods="0" numMethods="6" />
          <FullName>Xunit.MessageSinkAdapter</FullName>
          <Methods>
            <Method visited="false" cyclomaticComplexity="1" nPathComplexity="0" sequenceCoverage="0" branchCoverage="0" crapScore="2" isConstructor="true" isStatic="false" isGetter="false" isSetter="false">
              <Summary numSequencePoints="3" visitedSequencePoints="0" numBranchPoints="1" visitedBranchPoints="0" sequenceCoverage="0" branchCoverage="0" maxCyclomaticComplexity="1" minCyclomaticComplexity="1" maxCrapScore="2" minCrapScore="2" visitedClasses="0" numClasses="0" visitedMethods="0" numMethods="1" />
              <MetadataToken>100663931</MetadataToken>
              <Name>System.Void Xunit.MessageSinkAdapter::.ctor(Xunit.IMessageSinkWithTypes)</Name>
              <FileRef uid="170" />
              <SequencePoints>
                <SequencePoint vc="0" uspid="4816" ordinal="0" offset="0" sl="16" sc="9" el="16" ec="56" bec="0" bev="0" fileid="170" />
                <SequencePoint vc="0" uspid="4817" ordinal="1" offset="6" sl="18" sc="13" el="18" ec="32" bec="0" bev="0" fileid="170" />
                <SequencePoint vc="0" uspid="4818" ordinal="2" offset="13" sl="19" sc="9" el="19" ec="10" bec="0" bev="0" fileid="170" />
              </SequencePoints>
              <BranchPoints />
              <MethodPoint xsi:type="SequencePoint" vc="0" uspid="4816" ordinal="0" offset="0" sl="16" sc="9" el="16" ec="56" bec="0" bev="0" fileid="170" />
            </Method>
            <Method visited="false" cyclomaticComplexity="1" nPathComplexity="0" sequenceCoverage="0" branchCoverage="0" crapScore="2" isConstructor="false" isStatic="false" isGetter="false" isSetter="false">
              <Summary numSequencePoints="1" visitedSequencePoints="0" numBranchPoints="1" visitedBranchPoints="0" sequenceCoverage="0" branchCoverage="0" maxCyclomaticComplexity="1" minCyclomaticComplexity="1" maxCrapScore="2" minCrapScore="2" visitedClasses="0" numClasses="0" visitedMethods="0" numMethods="1" />
              <MetadataToken>100663932</MetadataToken>
              <Name>System.Void Xunit.MessageSinkAdapter::Dispose()</Name>
              <FileRef uid="170" />
              <SequencePoints>
                <SequencePoint vc="0" uspid="4819" ordinal="0" offset="0" sl="22" sc="33" el="22" ec="34" bec="0" bev="0" fileid="170" />
              </SequencePoints>
              <BranchPoints />
              <MethodPoint xsi:type="SequencePoint" vc="0" uspid="4819" ordinal="0" offset="0" sl="22" sc="33" el="22" ec="34" bec="0" bev="0" fileid="170" />
            </Method>
            <Method visited="false" cyclomaticComplexity="4" nPathComplexity="8" sequenceCoverage="0" branchCoverage="0" crapScore="20" isConstructor="false" isStatic="true" isGetter="false" isSetter="false">
              <Summary numSequencePoints="5" visitedSequencePoints="0" numBranchPoints="7" visitedBranchPoints="0" sequenceCoverage="0" branchCoverage="0" maxCyclomaticComplexity="4" minCyclomaticComplexity="4" maxCrapScore="20" minCrapScore="20" visitedClasses="0" numClasses="0" visitedMethods="0" numMethods="1" />
              <MetadataToken>100663933</MetadataToken>
              <Name>System.Collections.Generic.HashSet`1&lt;System.String&gt; Xunit.MessageSinkAdapter::GetImplementedInterfaces(Xunit.Abstractions.IMessageSinkMessage)</Name>
              <FileRef uid="170" />
              <SequencePoints>
                <SequencePoint vc="0" uspid="4820" ordinal="0" offset="0" sl="31" sc="13" el="31" ec="74" bec="2" bev="0" fileid="170" />
                <SequencePoint vc="0" uspid="4821" ordinal="1" offset="10" sl="32" sc="17" el="32" ec="56" bec="0" bev="0" fileid="170" />
                <SequencePoint vc="0" uspid="4822" ordinal="2" offset="17" sl="36" sc="13" el="36" ec="86" bec="2" bev="0" fileid="170" />
                <SequencePoint vc="0" uspid="4823" ordinal="3" offset="25" sl="37" sc="17" el="37" ec="29" bec="0" bev="0" fileid="170" />
                <SequencePoint vc="0" uspid="4824" ordinal="4" offset="27" sl="40" sc="13" el="40" ec="133" bec="2" bev="0" fileid="170" />
              </SequencePoints>
              <BranchPoints>
                <BranchPoint vc="0" uspid="4825" ordinal="0" offset="8" sl="31" path="0" offsetend="10" fileid="170" />
                <BranchPoint vc="0" uspid="4826" ordinal="1" offset="8" sl="31" path="1" offsetend="17" fileid="170" />
                <BranchPoint vc="0" uspid="4827" ordinal="2" offset="23" sl="36" path="0" offsetend="25" fileid="170" />
                <BranchPoint vc="0" uspid="4828" ordinal="3" offset="23" sl="36" path="1" offsetend="27" fileid="170" />
                <BranchPoint vc="0" uspid="4829" ordinal="4" offset="44" sl="40" path="0" offsetend="46" fileid="170" />
                <BranchPoint vc="0" uspid="4830" ordinal="5" offset="44" sl="40" path="1" offsetend="69" fileid="170" />
              </BranchPoints>
              <MethodPoint xsi:type="SequencePoint" vc="0" uspid="4820" ordinal="0" offset="0" sl="31" sc="13" el="31" ec="74" bec="2" bev="0" fileid="170" />
            </Method>
            <Method visited="false" cyclomaticComplexity="1" nPathComplexity="0" sequenceCoverage="0" branchCoverage="0" crapScore="2" isConstructor="false" isStatic="false" isGetter="false" isSetter="false">
              <Summary numSequencePoints="1" visitedSequencePoints="0" numBranchPoints="1" visitedBranchPoints="0" sequenceCoverage="0" branchCoverage="0" maxCyclomaticComplexity="1" minCyclomaticComplexity="1" maxCrapScore="2" minCrapScore="2" visitedClasses="0" numClasses="0" visitedMethods="0" numMethods="1" />
              <MetadataToken>100663934</MetadataToken>
              <Name>System.Boolean Xunit.MessageSinkAdapter::OnMessage(Xunit.Abstractions.IMessageSinkMessage)</Name>
              <FileRef uid="170" />
              <SequencePoints>
                <SequencePoint vc="0" uspid="4831" ordinal="0" offset="0" sl="45" sc="16" el="45" ec="78" bec="0" bev="0" fileid="170" />
              </SequencePoints>
              <BranchPoints />
              <MethodPoint xsi:type="SequencePoint" vc="0" uspid="4831" ordinal="0" offset="0" sl="45" sc="16" el="45" ec="78" bec="0" bev="0" fileid="170" />
            </Method>
            <Method visited="false" cyclomaticComplexity="1" nPathComplexity="0" sequenceCoverage="0" branchCoverage="0" crapScore="2" isConstructor="false" isStatic="false" isGetter="false" isSetter="false">
              <Summary numSequencePoints="1" visitedSequencePoints="0" numBranchPoints="1" visitedBranchPoints="0" sequenceCoverage="0" branchCoverage="0" maxCyclomaticComplexity="1" minCyclomaticComplexity="1" maxCrapScore="2" minCrapScore="2" visitedClasses="0" numClasses="0" visitedMethods="0" numMethods="1" />
              <MetadataToken>100663935</MetadataToken>
              <Name>System.Boolean Xunit.MessageSinkAdapter::OnMessageWithTypes(Xunit.Abstractions.IMessageSinkMessage,System.Collections.Generic.HashSet`1&lt;System.String&gt;)</Name>
              <FileRef uid="170" />
              <SequencePoints>
                <SequencePoint vc="0" uspid="4832" ordinal="0" offset="0" sl="49" sc="16" el="49" ec="63" bec="0" bev="0" fileid="170" />
              </SequencePoints>
              <BranchPoints />
              <MethodPoint xsi:type="SequencePoint" vc="0" uspid="4832" ordinal="0" offset="0" sl="49" sc="16" el="49" ec="63" bec="0" bev="0" fileid="170" />
            </Method>
            <Method visited="false" cyclomaticComplexity="3" nPathComplexity="4" sequenceCoverage="0" branchCoverage="0" crapScore="12" isConstructor="false" isStatic="true" isGetter="false" isSetter="false">
              <Summary numSequencePoints="1" visitedSequencePoints="0" numBranchPoints="5" visitedBranchPoints="0" sequenceCoverage="0" branchCoverage="0" maxCyclomaticComplexity="3" minCyclomaticComplexity="3" maxCrapScore="12" minCrapScore="12" visitedClasses="0" numClasses="0" visitedMethods="0" numMethods="1" />
              <MetadataToken>100663936</MetadataToken>
              <Name>Xunit.Abstractions.IMessageSink Xunit.MessageSinkAdapter::Wrap(Xunit.IMessageSinkWithTypes)</Name>
              <FileRef uid="170" />
              <SequencePoints>
                <SequencePoint vc="0" uspid="4833" ordinal="0" offset="0" sl="57" sc="16" el="57" ec="92" bec="4" bev="0" fileid="170" />
              </SequencePoints>
              <BranchPoints>
                <BranchPoint vc="0" uspid="4834" ordinal="0" offset="1" sl="57" path="0" offsetend="3" fileid="170" />
                <BranchPoint vc="0" uspid="4835" ordinal="1" offset="1" sl="57" path="1" offsetend="20" fileid="170" />
                <BranchPoint vc="0" uspid="4836" ordinal="2" offset="10" sl="57" path="0" offsetend="12" fileid="170" />
                <BranchPoint vc="0" uspid="4837" ordinal="3" offset="10" sl="57" path="1" offsetend="21" fileid="170" />
              </BranchPoints>
              <MethodPoint xsi:type="SequencePoint" vc="0" uspid="4833" ordinal="0" offset="0" sl="57" sc="16" el="57" ec="92" bec="4" bev="0" fileid="170" />
            </Method>
          </Methods>
        </Class>
        <Class>
          <Summary numSequencePoints="1" visitedSequencePoints="0" numBranchPoints="1" visitedBranchPoints="0" sequenceCoverage="0" branchCoverage="0" maxCyclomaticComplexity="1" minCyclomaticComplexity="1" maxCrapScore="2" minCrapScore="2" visitedClasses="0" numClasses="1" visitedMethods="0" numMethods="1" />
          <FullName>Xunit.MessageSinkAdapter/&lt;&gt;c</FullName>
          <Methods>
            <Method visited="false" cyclomaticComplexity="1" nPathComplexity="0" sequenceCoverage="0" branchCoverage="0" crapScore="2" isConstructor="true" isStatic="true" isGetter="false" isSetter="false">
              <Summary numSequencePoints="0" visitedSequencePoints="0" numBranchPoints="0" visitedBranchPoints="0" sequenceCoverage="0" branchCoverage="0" maxCyclomaticComplexity="1" minCyclomaticComplexity="1" maxCrapScore="2" minCrapScore="2" visitedClasses="0" numClasses="0" visitedMethods="0" numMethods="0" />
              <MetadataToken>100664960</MetadataToken>
              <Name>System.Void Xunit.MessageSinkAdapter/&lt;&gt;c::.cctor()</Name>
              <SequencePoints />
              <BranchPoints />
              <MethodPoint vc="0" uspid="4838" ordinal="0" offset="0" />
            </Method>
            <Method visited="false" cyclomaticComplexity="1" nPathComplexity="0" sequenceCoverage="0" branchCoverage="0" crapScore="2" isConstructor="true" isStatic="false" isGetter="false" isSetter="false">
              <Summary numSequencePoints="0" visitedSequencePoints="0" numBranchPoints="0" visitedBranchPoints="0" sequenceCoverage="0" branchCoverage="0" maxCyclomaticComplexity="1" minCyclomaticComplexity="1" maxCrapScore="2" minCrapScore="2" visitedClasses="0" numClasses="0" visitedMethods="0" numMethods="0" />
              <MetadataToken>100664961</MetadataToken>
              <Name>System.Void Xunit.MessageSinkAdapter/&lt;&gt;c::.ctor()</Name>
              <SequencePoints />
              <BranchPoints />
              <MethodPoint vc="0" uspid="4839" ordinal="0" offset="0" />
            </Method>
            <Method visited="false" cyclomaticComplexity="1" nPathComplexity="0" sequenceCoverage="0" branchCoverage="0" crapScore="2" isConstructor="false" isStatic="false" isGetter="false" isSetter="false">
              <Summary numSequencePoints="1" visitedSequencePoints="0" numBranchPoints="1" visitedBranchPoints="0" sequenceCoverage="0" branchCoverage="0" maxCyclomaticComplexity="1" minCyclomaticComplexity="1" maxCrapScore="2" minCrapScore="2" visitedClasses="0" numClasses="0" visitedMethods="0" numMethods="1" />
              <MetadataToken>100664962</MetadataToken>
              <Name>System.String Xunit.MessageSinkAdapter/&lt;&gt;c::&lt;GetImplementedInterfaces&gt;b__3_0(System.Type)</Name>
              <FileRef uid="170" />
              <SequencePoints>
                <SequencePoint vc="0" uspid="4840" ordinal="0" offset="0" sl="40" sc="86" el="40" ec="96" bec="0" bev="0" fileid="170" />
              </SequencePoints>
              <BranchPoints />
              <MethodPoint xsi:type="SequencePoint" vc="0" uspid="4840" ordinal="0" offset="0" sl="40" sc="86" el="40" ec="96" bec="0" bev="0" fileid="170" />
            </Method>
          </Methods>
        </Class>
        <Class>
          <Summary numSequencePoints="7" visitedSequencePoints="0" numBranchPoints="9" visitedBranchPoints="0" sequenceCoverage="0" branchCoverage="0" maxCyclomaticComplexity="3" minCyclomaticComplexity="1" maxCrapScore="12" minCrapScore="2" visitedClasses="0" numClasses="1" visitedMethods="0" numMethods="5" />
          <FullName>Xunit.MessageSinkWithTypesAdapter</FullName>
          <Methods>
            <Method visited="false" cyclomaticComplexity="1" nPathComplexity="0" sequenceCoverage="0" branchCoverage="0" crapScore="2" isConstructor="true" isStatic="false" isGetter="false" isSetter="false">
              <Summary numSequencePoints="3" visitedSequencePoints="0" numBranchPoints="1" visitedBranchPoints="0" sequenceCoverage="0" branchCoverage="0" maxCyclomaticComplexity="1" minCyclomaticComplexity="1" maxCrapScore="2" minCrapScore="2" visitedClasses="0" numClasses="0" visitedMethods="0" numMethods="1" />
              <MetadataToken>100663937</MetadataToken>
              <Name>System.Void Xunit.MessageSinkWithTypesAdapter::.ctor(Xunit.Abstractions.IMessageSink)</Name>
              <FileRef uid="172" />
              <SequencePoints>
                <SequencePoint vc="0" uspid="4841" ordinal="0" offset="0" sl="15" sc="9" el="15" ec="56" bec="0" bev="0" fileid="172" />
                <SequencePoint vc="0" uspid="4842" ordinal="1" offset="6" sl="17" sc="13" el="17" ec="32" bec="0" bev="0" fileid="172" />
                <SequencePoint vc="0" uspid="4843" ordinal="2" offset="13" sl="18" sc="9" el="18" ec="10" bec="0" bev="0" fileid="172" />
              </SequencePoints>
              <BranchPoints />
              <MethodPoint xsi:type="SequencePoint" vc="0" uspid="4841" ordinal="0" offset="0" sl="15" sc="9" el="15" ec="56" bec="0" bev="0" fileid="172" />
            </Method>
            <Method visited="false" cyclomaticComplexity="1" nPathComplexity="0" sequenceCoverage="0" branchCoverage="0" crapScore="2" isConstructor="false" isStatic="false" isGetter="false" isSetter="false">
              <Summary numSequencePoints="1" visitedSequencePoints="0" numBranchPoints="1" visitedBranchPoints="0" sequenceCoverage="0" branchCoverage="0" maxCyclomaticComplexity="1" minCyclomaticComplexity="1" maxCrapScore="2" minCrapScore="2" visitedClasses="0" numClasses="0" visitedMethods="0" numMethods="1" />
              <MetadataToken>100663938</MetadataToken>
              <Name>System.Void Xunit.MessageSinkWithTypesAdapter::Dispose()</Name>
              <FileRef uid="172" />
              <SequencePoints>
                <SequencePoint vc="0" uspid="4844" ordinal="0" offset="0" sl="21" sc="33" el="21" ec="34" bec="0" bev="0" fileid="172" />
              </SequencePoints>
              <BranchPoints />
              <MethodPoint xsi:type="SequencePoint" vc="0" uspid="4844" ordinal="0" offset="0" sl="21" sc="33" el="21" ec="34" bec="0" bev="0" fileid="172" />
            </Method>
            <Method visited="false" cyclomaticComplexity="1" nPathComplexity="0" sequenceCoverage="0" branchCoverage="0" crapScore="2" isConstructor="false" isStatic="false" isGetter="false" isSetter="false">
              <Summary numSequencePoints="1" visitedSequencePoints="0" numBranchPoints="1" visitedBranchPoints="0" sequenceCoverage="0" branchCoverage="0" maxCyclomaticComplexity="1" minCyclomaticComplexity="1" maxCrapScore="2" minCrapScore="2" visitedClasses="0" numClasses="0" visitedMethods="0" numMethods="1" />
              <MetadataToken>100663939</MetadataToken>
              <Name>System.Boolean Xunit.MessageSinkWithTypesAdapter::OnMessage(Xunit.Abstractions.IMessageSinkMessage)</Name>
              <FileRef uid="172" />
              <SequencePoints>
                <SequencePoint vc="0" uspid="4845" ordinal="0" offset="0" sl="25" sc="16" el="25" ec="40" bec="0" bev="0" fileid="172" />
              </SequencePoints>
              <BranchPoints />
              <MethodPoint xsi:type="SequencePoint" vc="0" uspid="4845" ordinal="0" offset="0" sl="25" sc="16" el="25" ec="40" bec="0" bev="0" fileid="172" />
            </Method>
            <Method visited="false" cyclomaticComplexity="1" nPathComplexity="0" sequenceCoverage="0" branchCoverage="0" crapScore="2" isConstructor="false" isStatic="false" isGetter="false" isSetter="false">
              <Summary numSequencePoints="1" visitedSequencePoints="0" numBranchPoints="1" visitedBranchPoints="0" sequenceCoverage="0" branchCoverage="0" maxCyclomaticComplexity="1" minCyclomaticComplexity="1" maxCrapScore="2" minCrapScore="2" visitedClasses="0" numClasses="0" visitedMethods="0" numMethods="1" />
              <MetadataToken>100663940</MetadataToken>
              <Name>System.Boolean Xunit.MessageSinkWithTypesAdapter::OnMessageWithTypes(Xunit.Abstractions.IMessageSinkMessage,System.Collections.Generic.HashSet`1&lt;System.String&gt;)</Name>
              <FileRef uid="172" />
              <SequencePoints>
                <SequencePoint vc="0" uspid="4846" ordinal="0" offset="0" sl="29" sc="16" el="29" ec="34" bec="0" bev="0" fileid="172" />
              </SequencePoints>
              <BranchPoints />
              <MethodPoint xsi:type="SequencePoint" vc="0" uspid="4846" ordinal="0" offset="0" sl="29" sc="16" el="29" ec="34" bec="0" bev="0" fileid="172" />
            </Method>
            <Method visited="false" cyclomaticComplexity="3" nPathComplexity="4" sequenceCoverage="0" branchCoverage="0" crapScore="12" isConstructor="false" isStatic="true" isGetter="false" isSetter="false">
              <Summary numSequencePoints="1" visitedSequencePoints="0" numBranchPoints="5" visitedBranchPoints="0" sequenceCoverage="0" branchCoverage="0" maxCyclomaticComplexity="3" minCyclomaticComplexity="3" maxCrapScore="12" minCrapScore="12" visitedClasses="0" numClasses="0" visitedMethods="0" numMethods="1" />
              <MetadataToken>100663941</MetadataToken>
              <Name>Xunit.IMessageSinkWithTypes Xunit.MessageSinkWithTypesAdapter::Wrap(Xunit.Abstractions.IMessageSink)</Name>
              <FileRef uid="172" />
              <SequencePoints>
                <SequencePoint vc="0" uspid="4847" ordinal="0" offset="0" sl="37" sc="16" el="37" ec="110" bec="4" bev="0" fileid="172" />
              </SequencePoints>
              <BranchPoints>
                <BranchPoint vc="0" uspid="4848" ordinal="0" offset="1" sl="37" path="0" offsetend="3" fileid="172" />
                <BranchPoint vc="0" uspid="4849" ordinal="1" offset="1" sl="37" path="1" offsetend="20" fileid="172" />
                <BranchPoint vc="0" uspid="4850" ordinal="2" offset="10" sl="37" path="0" offsetend="12" fileid="172" />
                <BranchPoint vc="0" uspid="4851" ordinal="3" offset="10" sl="37" path="1" offsetend="21" fileid="172" />
              </BranchPoints>
              <MethodPoint xsi:type="SequencePoint" vc="0" uspid="4847" ordinal="0" offset="0" sl="37" sc="16" el="37" ec="110" bec="4" bev="0" fileid="172" />
            </Method>
          </Methods>
        </Class>
        <Class>
          <Summary numSequencePoints="20" visitedSequencePoints="0" numBranchPoints="7" visitedBranchPoints="0" sequenceCoverage="0" branchCoverage="0" maxCyclomaticComplexity="3" minCyclomaticComplexity="1" maxCrapScore="12" minCrapScore="2" visitedClasses="0" numClasses="1" visitedMethods="0" numMethods="3" />
          <FullName>Xunit.OptimizedRemoteMessageSink</FullName>
          <Methods>
            <Method visited="false" cyclomaticComplexity="1" nPathComplexity="0" sequenceCoverage="0" branchCoverage="0" crapScore="2" isConstructor="true" isStatic="false" isGetter="false" isSetter="false">
              <Summary numSequencePoints="5" visitedSequencePoints="0" numBranchPoints="1" visitedBranchPoints="0" sequenceCoverage="0" branchCoverage="0" maxCyclomaticComplexity="1" minCyclomaticComplexity="1" maxCrapScore="2" minCrapScore="2" visitedClasses="0" numClasses="0" visitedMethods="0" numMethods="1" />
              <MetadataToken>100663942</MetadataToken>
              <Name>System.Void Xunit.OptimizedRemoteMessageSink::.ctor(Xunit.IMessageSinkWithTypes)</Name>
              <FileRef uid="173" />
              <SequencePoints>
                <SequencePoint vc="0" uspid="4852" ordinal="0" offset="0" sl="11" sc="9" el="11" ec="78" bec="0" bev="0" fileid="173" />
                <SequencePoint vc="0" uspid="4853" ordinal="1" offset="11" sl="12" sc="9" el="12" ec="109" bec="0" bev="0" fileid="173" />
                <SequencePoint vc="0" uspid="4854" ordinal="2" offset="22" sl="15" sc="9" el="15" ec="76" bec="0" bev="0" fileid="173" />
                <SequencePoint vc="0" uspid="4855" ordinal="3" offset="28" sl="17" sc="13" el="17" ec="42" bec="0" bev="0" fileid="173" />
                <SequencePoint vc="0" uspid="4856" ordinal="4" offset="35" sl="18" sc="9" el="18" ec="10" bec="0" bev="0" fileid="173" />
              </SequencePoints>
              <BranchPoints />
              <MethodPoint xsi:type="SequencePoint" vc="0" uspid="4852" ordinal="0" offset="0" sl="11" sc="9" el="11" ec="78" bec="0" bev="0" fileid="173" />
            </Method>
            <Method visited="false" cyclomaticComplexity="3" nPathComplexity="4" sequenceCoverage="0" branchCoverage="0" crapScore="12" isConstructor="false" isStatic="false" isGetter="false" isSetter="false">
              <Summary numSequencePoints="14" visitedSequencePoints="0" numBranchPoints="5" visitedBranchPoints="0" sequenceCoverage="0" branchCoverage="0" maxCyclomaticComplexity="3" minCyclomaticComplexity="3" maxCrapScore="12" minCrapScore="12" visitedClasses="0" numClasses="0" visitedMethods="0" numMethods="1" />
              <MetadataToken>100663943</MetadataToken>
              <Name>System.Collections.Generic.HashSet`1&lt;System.String&gt; Xunit.OptimizedRemoteMessageSink::GetMessageTypes(Xunit.Abstractions.IMessageSinkMessage)</Name>
              <FileRef uid="173" />
              <SequencePoints>
                <SequencePoint vc="0" uspid="4857" ordinal="0" offset="0" sl="22" sc="13" el="22" ec="49" bec="0" bev="0" fileid="173" />
                <SequencePoint vc="0" uspid="4858" ordinal="1" offset="7" sl="25" sc="13" el="25" ec="44" bec="0" bev="0" fileid="173" />
                <SequencePoint vc="0" uspid="4859" ordinal="2" offset="20" sl="29" sc="17" el="29" ec="69" bec="0" bev="0" fileid="173" />
                <SequencePoint vc="0" uspid="4860" ordinal="3" offset="35" sl="30" sc="13" el="30" ec="14" bec="0" bev="0" fileid="173" />
                <SequencePoint vc="0" uspid="4861" ordinal="4" offset="37" sl="33" sc="17" el="33" ec="42" bec="0" bev="0" fileid="173" />
                <SequencePoint vc="0" uspid="4862" ordinal="5" offset="48" sl="34" sc="13" el="34" ec="14" bec="0" bev="0" fileid="173" />
                <SequencePoint vc="0" uspid="4863" ordinal="6" offset="49" sl="36" sc="13" el="36" ec="32" bec="2" bev="0" fileid="173" />
                <SequencePoint vc="0" uspid="4864" ordinal="7" offset="52" sl="38" sc="17" el="38" ec="49" bec="0" bev="0" fileid="173" />
                <SequencePoint vc="0" uspid="4865" ordinal="8" offset="65" sl="42" sc="21" el="42" ec="103" bec="2" bev="0" fileid="173" />
                <SequencePoint vc="0" uspid="4866" ordinal="9" offset="113" sl="43" sc="21" el="43" ec="58" bec="0" bev="0" fileid="173" />
                <SequencePoint vc="0" uspid="4867" ordinal="10" offset="126" sl="44" sc="17" el="44" ec="18" bec="0" bev="0" fileid="173" />
                <SequencePoint vc="0" uspid="4868" ordinal="11" offset="128" sl="47" sc="21" el="47" ec="47" bec="0" bev="0" fileid="173" />
                <SequencePoint vc="0" uspid="4869" ordinal="12" offset="139" sl="48" sc="17" el="48" ec="18" bec="0" bev="0" fileid="173" />
                <SequencePoint vc="0" uspid="4870" ordinal="13" offset="140" sl="51" sc="13" el="51" ec="27" bec="0" bev="0" fileid="173" />
              </SequencePoints>
              <BranchPoints>
                <BranchPoint vc="0" uspid="4871" ordinal="0" offset="50" sl="36" path="0" offsetend="52" fileid="173" />
                <BranchPoint vc="0" uspid="4872" ordinal="1" offset="50" sl="36" path="1" offsetend="140" fileid="173" />
                <BranchPoint vc="0" uspid="4873" ordinal="2" offset="77" sl="42" path="0" offsetend="79" fileid="173" />
                <BranchPoint vc="0" uspid="4874" ordinal="3" offset="77" sl="42" path="1" offsetend="102" fileid="173" />
              </BranchPoints>
              <MethodPoint xsi:type="SequencePoint" vc="0" uspid="4857" ordinal="0" offset="0" sl="22" sc="13" el="22" ec="49" bec="0" bev="0" fileid="173" />
            </Method>
            <Method visited="false" cyclomaticComplexity="1" nPathComplexity="0" sequenceCoverage="0" branchCoverage="0" crapScore="2" isConstructor="false" isStatic="false" isGetter="false" isSetter="false">
              <Summary numSequencePoints="1" visitedSequencePoints="0" numBranchPoints="1" visitedBranchPoints="0" sequenceCoverage="0" branchCoverage="0" maxCyclomaticComplexity="1" minCyclomaticComplexity="1" maxCrapScore="2" minCrapScore="2" visitedClasses="0" numClasses="0" visitedMethods="0" numMethods="1" />
              <MetadataToken>100663944</MetadataToken>
              <Name>System.Boolean Xunit.OptimizedRemoteMessageSink::OnMessage(Xunit.Abstractions.IMessageSinkMessage)</Name>
              <FileRef uid="173" />
              <SequencePoints>
                <SequencePoint vc="0" uspid="4875" ordinal="0" offset="0" sl="55" sc="16" el="55" ec="80" bec="0" bev="0" fileid="173" />
              </SequencePoints>
              <BranchPoints />
              <MethodPoint xsi:type="SequencePoint" vc="0" uspid="4875" ordinal="0" offset="0" sl="55" sc="16" el="55" ec="80" bec="0" bev="0" fileid="173" />
            </Method>
          </Methods>
        </Class>
        <Class>
          <Summary numSequencePoints="1" visitedSequencePoints="0" numBranchPoints="1" visitedBranchPoints="0" sequenceCoverage="0" branchCoverage="0" maxCyclomaticComplexity="1" minCyclomaticComplexity="1" maxCrapScore="2" minCrapScore="2" visitedClasses="0" numClasses="1" visitedMethods="0" numMethods="1" />
          <FullName>Xunit.OptimizedRemoteMessageSink/&lt;&gt;c</FullName>
          <Methods>
            <Method visited="false" cyclomaticComplexity="1" nPathComplexity="0" sequenceCoverage="0" branchCoverage="0" crapScore="2" isConstructor="true" isStatic="true" isGetter="false" isSetter="false">
              <Summary numSequencePoints="0" visitedSequencePoints="0" numBranchPoints="0" visitedBranchPoints="0" sequenceCoverage="0" branchCoverage="0" maxCyclomaticComplexity="1" minCyclomaticComplexity="1" maxCrapScore="2" minCrapScore="2" visitedClasses="0" numClasses="0" visitedMethods="0" numMethods="0" />
              <MetadataToken>100664963</MetadataToken>
              <Name>System.Void Xunit.OptimizedRemoteMessageSink/&lt;&gt;c::.cctor()</Name>
              <SequencePoints />
              <BranchPoints />
              <MethodPoint vc="0" uspid="4876" ordinal="0" offset="0" />
            </Method>
            <Method visited="false" cyclomaticComplexity="1" nPathComplexity="0" sequenceCoverage="0" branchCoverage="0" crapScore="2" isConstructor="true" isStatic="false" isGetter="false" isSetter="false">
              <Summary numSequencePoints="0" visitedSequencePoints="0" numBranchPoints="0" visitedBranchPoints="0" sequenceCoverage="0" branchCoverage="0" maxCyclomaticComplexity="1" minCyclomaticComplexity="1" maxCrapScore="2" minCrapScore="2" visitedClasses="0" numClasses="0" visitedMethods="0" numMethods="0" />
              <MetadataToken>100664964</MetadataToken>
              <Name>System.Void Xunit.OptimizedRemoteMessageSink/&lt;&gt;c::.ctor()</Name>
              <SequencePoints />
              <BranchPoints />
              <MethodPoint vc="0" uspid="4877" ordinal="0" offset="0" />
            </Method>
            <Method visited="false" cyclomaticComplexity="1" nPathComplexity="0" sequenceCoverage="0" branchCoverage="0" crapScore="2" isConstructor="false" isStatic="false" isGetter="false" isSetter="false">
              <Summary numSequencePoints="1" visitedSequencePoints="0" numBranchPoints="1" visitedBranchPoints="0" sequenceCoverage="0" branchCoverage="0" maxCyclomaticComplexity="1" minCyclomaticComplexity="1" maxCrapScore="2" minCrapScore="2" visitedClasses="0" numClasses="0" visitedMethods="0" numMethods="1" />
              <MetadataToken>100664965</MetadataToken>
              <Name>System.String Xunit.OptimizedRemoteMessageSink/&lt;&gt;c::&lt;GetMessageTypes&gt;b__4_0(System.Type)</Name>
              <FileRef uid="173" />
              <SequencePoints>
                <SequencePoint vc="0" uspid="4878" ordinal="0" offset="0" sl="42" sc="90" el="42" ec="100" bec="0" bev="0" fileid="173" />
              </SequencePoints>
              <BranchPoints />
              <MethodPoint xsi:type="SequencePoint" vc="0" uspid="4878" ordinal="0" offset="0" sl="42" sc="90" el="42" ec="100" bec="0" bev="0" fileid="173" />
            </Method>
          </Methods>
        </Class>
        <Class>
          <Summary numSequencePoints="16" visitedSequencePoints="0" numBranchPoints="11" visitedBranchPoints="0" sequenceCoverage="0" branchCoverage="0" maxCyclomaticComplexity="1" minCyclomaticComplexity="1" maxCrapScore="2" minCrapScore="2" visitedClasses="0" numClasses="1" visitedMethods="0" numMethods="11" />
          <FullName>Xunit.TestAssemblyDiscoveryFinished</FullName>
          <Methods>
            <Method visited="false" cyclomaticComplexity="1" nPathComplexity="0" sequenceCoverage="0" branchCoverage="0" crapScore="2" isConstructor="false" isStatic="false" isGetter="true" isSetter="false">
              <Summary numSequencePoints="1" visitedSequencePoints="0" numBranchPoints="1" visitedBranchPoints="0" sequenceCoverage="0" branchCoverage="0" maxCyclomaticComplexity="1" minCyclomaticComplexity="1" maxCrapScore="2" minCrapScore="2" visitedClasses="0" numClasses="0" visitedMethods="0" numMethods="1" />
              <MetadataToken>100663946</MetadataToken>
              <Name>Xunit.XunitProjectAssembly Xunit.TestAssemblyDiscoveryFinished::get_Assembly()</Name>
              <FileRef uid="175" />
              <SequencePoints>
                <SequencePoint vc="0" uspid="4879" ordinal="0" offset="0" sl="33" sc="48" el="33" ec="52" bec="0" bev="0" fileid="175" />
              </SequencePoints>
              <BranchPoints />
              <MethodPoint xsi:type="SequencePoint" vc="0" uspid="4879" ordinal="0" offset="0" sl="33" sc="48" el="33" ec="52" bec="0" bev="0" fileid="175" />
            </Method>
            <Method visited="false" cyclomaticComplexity="1" nPathComplexity="0" sequenceCoverage="0" branchCoverage="0" crapScore="2" isConstructor="false" isStatic="false" isGetter="false" isSetter="true">
              <Summary numSequencePoints="1" visitedSequencePoints="0" numBranchPoints="1" visitedBranchPoints="0" sequenceCoverage="0" branchCoverage="0" maxCyclomaticComplexity="1" minCyclomaticComplexity="1" maxCrapScore="2" minCrapScore="2" visitedClasses="0" numClasses="0" visitedMethods="0" numMethods="1" />
              <MetadataToken>100663947</MetadataToken>
              <Name>System.Void Xunit.TestAssemblyDiscoveryFinished::set_Assembly(Xunit.XunitProjectAssembly)</Name>
              <FileRef uid="175" />
              <SequencePoints>
                <SequencePoint vc="0" uspid="4880" ordinal="0" offset="0" sl="33" sc="53" el="33" ec="65" bec="0" bev="0" fileid="175" />
              </SequencePoints>
              <BranchPoints />
              <MethodPoint xsi:type="SequencePoint" vc="0" uspid="4880" ordinal="0" offset="0" sl="33" sc="53" el="33" ec="65" bec="0" bev="0" fileid="175" />
            </Method>
            <Method visited="false" cyclomaticComplexity="1" nPathComplexity="0" sequenceCoverage="0" branchCoverage="0" crapScore="2" isConstructor="false" isStatic="false" isGetter="true" isSetter="false">
              <Summary numSequencePoints="1" visitedSequencePoints="0" numBranchPoints="1" visitedBranchPoints="0" sequenceCoverage="0" branchCoverage="0" maxCyclomaticComplexity="1" minCyclomaticComplexity="1" maxCrapScore="2" minCrapScore="2" visitedClasses="0" numClasses="0" visitedMethods="0" numMethods="1" />
              <MetadataToken>100663948</MetadataToken>
              <Name>Xunit.Abstractions.ITestFrameworkDiscoveryOptions Xunit.TestAssemblyDiscoveryFinished::get_DiscoveryOptions()</Name>
              <FileRef uid="175" />
              <SequencePoints>
                <SequencePoint vc="0" uspid="4881" ordinal="0" offset="0" sl="36" sc="66" el="36" ec="70" bec="0" bev="0" fileid="175" />
              </SequencePoints>
              <BranchPoints />
              <MethodPoint xsi:type="SequencePoint" vc="0" uspid="4881" ordinal="0" offset="0" sl="36" sc="66" el="36" ec="70" bec="0" bev="0" fileid="175" />
            </Method>
            <Method visited="false" cyclomaticComplexity="1" nPathComplexity="0" sequenceCoverage="0" branchCoverage="0" crapScore="2" isConstructor="false" isStatic="false" isGetter="false" isSetter="true">
              <Summary numSequencePoints="1" visitedSequencePoints="0" numBranchPoints="1" visitedBranchPoints="0" sequenceCoverage="0" branchCoverage="0" maxCyclomaticComplexity="1" minCyclomaticComplexity="1" maxCrapScore="2" minCrapScore="2" visitedClasses="0" numClasses="0" visitedMethods="0" numMethods="1" />
              <MetadataToken>100663949</MetadataToken>
              <Name>System.Void Xunit.TestAssemblyDiscoveryFinished::set_DiscoveryOptions(Xunit.Abstractions.ITestFrameworkDiscoveryOptions)</Name>
              <FileRef uid="175" />
              <SequencePoints>
                <SequencePoint vc="0" uspid="4882" ordinal="0" offset="0" sl="36" sc="71" el="36" ec="83" bec="0" bev="0" fileid="175" />
              </SequencePoints>
              <BranchPoints />
              <MethodPoint xsi:type="SequencePoint" vc="0" uspid="4882" ordinal="0" offset="0" sl="36" sc="71" el="36" ec="83" bec="0" bev="0" fileid="175" />
            </Method>
            <Method visited="false" cyclomaticComplexity="1" nPathComplexity="0" sequenceCoverage="0" branchCoverage="0" crapScore="2" isConstructor="false" isStatic="false" isGetter="true" isSetter="false">
              <Summary numSequencePoints="1" visitedSequencePoints="0" numBranchPoints="1" visitedBranchPoints="0" sequenceCoverage="0" branchCoverage="0" maxCyclomaticComplexity="1" minCyclomaticComplexity="1" maxCrapScore="2" minCrapScore="2" visitedClasses="0" numClasses="0" visitedMethods="0" numMethods="1" />
              <MetadataToken>100663950</MetadataToken>
              <Name>System.Collections.Generic.HashSet`1&lt;System.String&gt; Xunit.TestAssemblyDiscoveryFinished::get_InterfaceTypes()</Name>
              <FileRef uid="175" />
              <SequencePoints>
                <SequencePoint vc="0" uspid="4883" ordinal="0" offset="0" sl="39" sc="50" el="39" ec="64" bec="0" bev="0" fileid="175" />
              </SequencePoints>
              <BranchPoints />
              <MethodPoint xsi:type="SequencePoint" vc="0" uspid="4883" ordinal="0" offset="0" sl="39" sc="50" el="39" ec="64" bec="0" bev="0" fileid="175" />
            </Method>
            <Method visited="false" cyclomaticComplexity="1" nPathComplexity="0" sequenceCoverage="0" branchCoverage="0" crapScore="2" isConstructor="false" isStatic="false" isGetter="true" isSetter="false">
              <Summary numSequencePoints="1" visitedSequencePoints="0" numBranchPoints="1" visitedBranchPoints="0" sequenceCoverage="0" branchCoverage="0" maxCyclomaticComplexity="1" minCyclomaticComplexity="1" maxCrapScore="2" minCrapScore="2" visitedClasses="0" numClasses="0" visitedMethods="0" numMethods="1" />
              <MetadataToken>100663951</MetadataToken>
              <Name>System.Int32 Xunit.TestAssemblyDiscoveryFinished::get_TestCasesDiscovered()</Name>
              <FileRef uid="175" />
              <SequencePoints>
                <SequencePoint vc="0" uspid="4884" ordinal="0" offset="0" sl="42" sc="42" el="42" ec="46" bec="0" bev="0" fileid="175" />
              </SequencePoints>
              <BranchPoints />
              <MethodPoint xsi:type="SequencePoint" vc="0" uspid="4884" ordinal="0" offset="0" sl="42" sc="42" el="42" ec="46" bec="0" bev="0" fileid="175" />
            </Method>
            <Method visited="false" cyclomaticComplexity="1" nPathComplexity="0" sequenceCoverage="0" branchCoverage="0" crapScore="2" isConstructor="false" isStatic="false" isGetter="false" isSetter="true">
              <Summary numSequencePoints="1" visitedSequencePoints="0" numBranchPoints="1" visitedBranchPoints="0" sequenceCoverage="0" branchCoverage="0" maxCyclomaticComplexity="1" minCyclomaticComplexity="1" maxCrapScore="2" minCrapScore="2" visitedClasses="0" numClasses="0" visitedMethods="0" numMethods="1" />
              <MetadataToken>100663952</MetadataToken>
              <Name>System.Void Xunit.TestAssemblyDiscoveryFinished::set_TestCasesDiscovered(System.Int32)</Name>
              <FileRef uid="175" />
              <SequencePoints>
                <SequencePoint vc="0" uspid="4885" ordinal="0" offset="0" sl="42" sc="47" el="42" ec="59" bec="0" bev="0" fileid="175" />
              </SequencePoints>
              <BranchPoints />
              <MethodPoint xsi:type="SequencePoint" vc="0" uspid="4885" ordinal="0" offset="0" sl="42" sc="47" el="42" ec="59" bec="0" bev="0" fileid="175" />
            </Method>
            <Method visited="false" cyclomaticComplexity="1" nPathComplexity="0" sequenceCoverage="0" branchCoverage="0" crapScore="2" isConstructor="false" isStatic="false" isGetter="true" isSetter="false">
              <Summary numSequencePoints="1" visitedSequencePoints="0" numBranchPoints="1" visitedBranchPoints="0" sequenceCoverage="0" branchCoverage="0" maxCyclomaticComplexity="1" minCyclomaticComplexity="1" maxCrapScore="2" minCrapScore="2" visitedClasses="0" numClasses="0" visitedMethods="0" numMethods="1" />
              <MetadataToken>100663953</MetadataToken>
              <Name>System.Int32 Xunit.TestAssemblyDiscoveryFinished::get_TestCasesToRun()</Name>
              <FileRef uid="175" />
              <SequencePoints>
                <SequencePoint vc="0" uspid="4886" ordinal="0" offset="0" sl="45" sc="37" el="45" ec="41" bec="0" bev="0" fileid="175" />
              </SequencePoints>
              <BranchPoints />
              <MethodPoint xsi:type="SequencePoint" vc="0" uspid="4886" ordinal="0" offset="0" sl="45" sc="37" el="45" ec="41" bec="0" bev="0" fileid="175" />
            </Method>
            <Method visited="false" cyclomaticComplexity="1" nPathComplexity="0" sequenceCoverage="0" branchCoverage="0" crapScore="2" isConstructor="false" isStatic="false" isGetter="false" isSetter="true">
              <Summary numSequencePoints="1" visitedSequencePoints="0" numBranchPoints="1" visitedBranchPoints="0" sequenceCoverage="0" branchCoverage="0" maxCyclomaticComplexity="1" minCyclomaticComplexity="1" maxCrapScore="2" minCrapScore="2" visitedClasses="0" numClasses="0" visitedMethods="0" numMethods="1" />
              <MetadataToken>100663954</MetadataToken>
              <Name>System.Void Xunit.TestAssemblyDiscoveryFinished::set_TestCasesToRun(System.Int32)</Name>
              <FileRef uid="175" />
              <SequencePoints>
                <SequencePoint vc="0" uspid="4887" ordinal="0" offset="0" sl="45" sc="42" el="45" ec="54" bec="0" bev="0" fileid="175" />
              </SequencePoints>
              <BranchPoints />
              <MethodPoint xsi:type="SequencePoint" vc="0" uspid="4887" ordinal="0" offset="0" sl="45" sc="42" el="45" ec="54" bec="0" bev="0" fileid="175" />
            </Method>
            <Method visited="false" cyclomaticComplexity="1" nPathComplexity="0" sequenceCoverage="0" branchCoverage="0" crapScore="2" isConstructor="true" isStatic="false" isGetter="false" isSetter="false">
              <Summary numSequencePoints="6" visitedSequencePoints="0" numBranchPoints="1" visitedBranchPoints="0" sequenceCoverage="0" branchCoverage="0" maxCyclomaticComplexity="1" minCyclomaticComplexity="1" maxCrapScore="2" minCrapScore="2" visitedClasses="0" numClasses="0" visitedMethods="0" numMethods="1" />
              <MetadataToken>100663945</MetadataToken>
              <Name>System.Void Xunit.TestAssemblyDiscoveryFinished::.ctor(Xunit.XunitProjectAssembly,Xunit.Abstractions.ITestFrameworkDiscoveryOptions,System.Int32,System.Int32)</Name>
              <FileRef uid="175" />
              <SequencePoints>
                <SequencePoint vc="0" uspid="4888" ordinal="0" offset="0" sl="21" sc="9" el="24" ec="65" bec="0" bev="0" fileid="175" />
                <SequencePoint vc="0" uspid="4889" ordinal="1" offset="6" sl="26" sc="13" el="26" ec="33" bec="0" bev="0" fileid="175" />
                <SequencePoint vc="0" uspid="4890" ordinal="2" offset="13" sl="27" sc="13" el="27" ec="49" bec="0" bev="0" fileid="175" />
                <SequencePoint vc="0" uspid="4891" ordinal="3" offset="20" sl="28" sc="13" el="28" ec="55" bec="0" bev="0" fileid="175" />
                <SequencePoint vc="0" uspid="4892" ordinal="4" offset="27" sl="29" sc="13" el="29" ec="45" bec="0" bev="0" fileid="175" />
                <SequencePoint vc="0" uspid="4893" ordinal="5" offset="35" sl="30" sc="9" el="30" ec="10" bec="0" bev="0" fileid="175" />
              </SequencePoints>
              <BranchPoints />
              <MethodPoint xsi:type="SequencePoint" vc="0" uspid="4888" ordinal="0" offset="0" sl="21" sc="9" el="24" ec="65" bec="0" bev="0" fileid="175" />
            </Method>
            <Method visited="false" cyclomaticComplexity="1" nPathComplexity="0" sequenceCoverage="0" branchCoverage="0" crapScore="2" isConstructor="true" isStatic="true" isGetter="false" isSetter="false">
              <Summary numSequencePoints="1" visitedSequencePoints="0" numBranchPoints="1" visitedBranchPoints="0" sequenceCoverage="0" branchCoverage="0" maxCyclomaticComplexity="1" minCyclomaticComplexity="1" maxCrapScore="2" minCrapScore="2" visitedClasses="0" numClasses="0" visitedMethods="0" numMethods="1" />
              <MetadataToken>100663955</MetadataToken>
              <Name>System.Void Xunit.TestAssemblyDiscoveryFinished::.cctor()</Name>
              <FileRef uid="175" />
              <SequencePoints>
                <SequencePoint vc="0" uspid="4894" ordinal="0" offset="0" sl="12" sc="9" el="12" ec="157" bec="0" bev="0" fileid="175" />
              </SequencePoints>
              <BranchPoints />
              <MethodPoint xsi:type="SequencePoint" vc="0" uspid="4894" ordinal="0" offset="0" sl="12" sc="9" el="12" ec="157" bec="0" bev="0" fileid="175" />
            </Method>
          </Methods>
        </Class>
        <Class>
          <Summary numSequencePoints="1" visitedSequencePoints="0" numBranchPoints="1" visitedBranchPoints="0" sequenceCoverage="0" branchCoverage="0" maxCyclomaticComplexity="1" minCyclomaticComplexity="1" maxCrapScore="2" minCrapScore="2" visitedClasses="0" numClasses="1" visitedMethods="0" numMethods="1" />
          <FullName>Xunit.TestAssemblyDiscoveryFinished/&lt;&gt;c</FullName>
          <Methods>
            <Method visited="false" cyclomaticComplexity="1" nPathComplexity="0" sequenceCoverage="0" branchCoverage="0" crapScore="2" isConstructor="true" isStatic="true" isGetter="false" isSetter="false">
              <Summary numSequencePoints="0" visitedSequencePoints="0" numBranchPoints="0" visitedBranchPoints="0" sequenceCoverage="0" branchCoverage="0" maxCyclomaticComplexity="1" minCyclomaticComplexity="1" maxCrapScore="2" minCrapScore="2" visitedClasses="0" numClasses="0" visitedMethods="0" numMethods="0" />
              <MetadataToken>100664966</MetadataToken>
              <Name>System.Void Xunit.TestAssemblyDiscoveryFinished/&lt;&gt;c::.cctor()</Name>
              <SequencePoints />
              <BranchPoints />
              <MethodPoint vc="0" uspid="4895" ordinal="0" offset="0" />
            </Method>
            <Method visited="false" cyclomaticComplexity="1" nPathComplexity="0" sequenceCoverage="0" branchCoverage="0" crapScore="2" isConstructor="true" isStatic="false" isGetter="false" isSetter="false">
              <Summary numSequencePoints="0" visitedSequencePoints="0" numBranchPoints="0" visitedBranchPoints="0" sequenceCoverage="0" branchCoverage="0" maxCyclomaticComplexity="1" minCyclomaticComplexity="1" maxCrapScore="2" minCrapScore="2" visitedClasses="0" numClasses="0" visitedMethods="0" numMethods="0" />
              <MetadataToken>100664967</MetadataToken>
              <Name>System.Void Xunit.TestAssemblyDiscoveryFinished/&lt;&gt;c::.ctor()</Name>
              <SequencePoints />
              <BranchPoints />
              <MethodPoint vc="0" uspid="4896" ordinal="0" offset="0" />
            </Method>
            <Method visited="false" cyclomaticComplexity="1" nPathComplexity="0" sequenceCoverage="0" branchCoverage="0" crapScore="2" isConstructor="false" isStatic="false" isGetter="false" isSetter="false">
              <Summary numSequencePoints="1" visitedSequencePoints="0" numBranchPoints="1" visitedBranchPoints="0" sequenceCoverage="0" branchCoverage="0" maxCyclomaticComplexity="1" minCyclomaticComplexity="1" maxCrapScore="2" minCrapScore="2" visitedClasses="0" numClasses="0" visitedMethods="0" numMethods="1" />
              <MetadataToken>100664968</MetadataToken>
              <Name>System.String Xunit.TestAssemblyDiscoveryFinished/&lt;&gt;c::&lt;.cctor&gt;b__20_0(System.Type)</Name>
              <FileRef uid="175" />
              <SequencePoints>
                <SequencePoint vc="0" uspid="4897" ordinal="0" offset="0" sl="12" sc="144" el="12" ec="154" bec="0" bev="0" fileid="175" />
              </SequencePoints>
              <BranchPoints />
              <MethodPoint xsi:type="SequencePoint" vc="0" uspid="4897" ordinal="0" offset="0" sl="12" sc="144" el="12" ec="154" bec="0" bev="0" fileid="175" />
            </Method>
          </Methods>
        </Class>
        <Class>
          <Summary numSequencePoints="16" visitedSequencePoints="0" numBranchPoints="11" visitedBranchPoints="0" sequenceCoverage="0" branchCoverage="0" maxCyclomaticComplexity="1" minCyclomaticComplexity="1" maxCrapScore="2" minCrapScore="2" visitedClasses="0" numClasses="1" visitedMethods="0" numMethods="11" />
          <FullName>Xunit.TestAssemblyDiscoveryStarting</FullName>
          <Methods>
            <Method visited="false" cyclomaticComplexity="1" nPathComplexity="0" sequenceCoverage="0" branchCoverage="0" crapScore="2" isConstructor="false" isStatic="false" isGetter="true" isSetter="false">
              <Summary numSequencePoints="1" visitedSequencePoints="0" numBranchPoints="1" visitedBranchPoints="0" sequenceCoverage="0" branchCoverage="0" maxCyclomaticComplexity="1" minCyclomaticComplexity="1" maxCrapScore="2" minCrapScore="2" visitedClasses="0" numClasses="0" visitedMethods="0" numMethods="1" />
              <MetadataToken>100663957</MetadataToken>
              <Name>System.Boolean Xunit.TestAssemblyDiscoveryStarting::get_AppDomain()</Name>
              <FileRef uid="177" />
              <SequencePoints>
                <SequencePoint vc="0" uspid="4898" ordinal="0" offset="0" sl="33" sc="33" el="33" ec="37" bec="0" bev="0" fileid="177" />
              </SequencePoints>
              <BranchPoints />
              <MethodPoint xsi:type="SequencePoint" vc="0" uspid="4898" ordinal="0" offset="0" sl="33" sc="33" el="33" ec="37" bec="0" bev="0" fileid="177" />
            </Method>
            <Method visited="false" cyclomaticComplexity="1" nPathComplexity="0" sequenceCoverage="0" branchCoverage="0" crapScore="2" isConstructor="false" isStatic="false" isGetter="false" isSetter="true">
              <Summary numSequencePoints="1" visitedSequencePoints="0" numBranchPoints="1" visitedBranchPoints="0" sequenceCoverage="0" branchCoverage="0" maxCyclomaticComplexity="1" minCyclomaticComplexity="1" maxCrapScore="2" minCrapScore="2" visitedClasses="0" numClasses="0" visitedMethods="0" numMethods="1" />
              <MetadataToken>100663958</MetadataToken>
              <Name>System.Void Xunit.TestAssemblyDiscoveryStarting::set_AppDomain(System.Boolean)</Name>
              <FileRef uid="177" />
              <SequencePoints>
                <SequencePoint vc="0" uspid="4899" ordinal="0" offset="0" sl="33" sc="38" el="33" ec="50" bec="0" bev="0" fileid="177" />
              </SequencePoints>
              <BranchPoints />
              <MethodPoint xsi:type="SequencePoint" vc="0" uspid="4899" ordinal="0" offset="0" sl="33" sc="38" el="33" ec="50" bec="0" bev="0" fileid="177" />
            </Method>
            <Method visited="false" cyclomaticComplexity="1" nPathComplexity="0" sequenceCoverage="0" branchCoverage="0" crapScore="2" isConstructor="false" isStatic="false" isGetter="true" isSetter="false">
              <Summary numSequencePoints="1" visitedSequencePoints="0" numBranchPoints="1" visitedBranchPoints="0" sequenceCoverage="0" branchCoverage="0" maxCyclomaticComplexity="1" minCyclomaticComplexity="1" maxCrapScore="2" minCrapScore="2" visitedClasses="0" numClasses="0" visitedMethods="0" numMethods="1" />
              <MetadataToken>100663959</MetadataToken>
              <Name>Xunit.XunitProjectAssembly Xunit.TestAssemblyDiscoveryStarting::get_Assembly()</Name>
              <FileRef uid="177" />
              <SequencePoints>
                <SequencePoint vc="0" uspid="4900" ordinal="0" offset="0" sl="36" sc="48" el="36" ec="52" bec="0" bev="0" fileid="177" />
              </SequencePoints>
              <BranchPoints />
              <MethodPoint xsi:type="SequencePoint" vc="0" uspid="4900" ordinal="0" offset="0" sl="36" sc="48" el="36" ec="52" bec="0" bev="0" fileid="177" />
            </Method>
            <Method visited="false" cyclomaticComplexity="1" nPathComplexity="0" sequenceCoverage="0" branchCoverage="0" crapScore="2" isConstructor="false" isStatic="false" isGetter="false" isSetter="true">
              <Summary numSequencePoints="1" visitedSequencePoints="0" numBranchPoints="1" visitedBranchPoints="0" sequenceCoverage="0" branchCoverage="0" maxCyclomaticComplexity="1" minCyclomaticComplexity="1" maxCrapScore="2" minCrapScore="2" visitedClasses="0" numClasses="0" visitedMethods="0" numMethods="1" />
              <MetadataToken>100663960</MetadataToken>
              <Name>System.Void Xunit.TestAssemblyDiscoveryStarting::set_Assembly(Xunit.XunitProjectAssembly)</Name>
              <FileRef uid="177" />
              <SequencePoints>
                <SequencePoint vc="0" uspid="4901" ordinal="0" offset="0" sl="36" sc="53" el="36" ec="65" bec="0" bev="0" fileid="177" />
              </SequencePoints>
              <BranchPoints />
              <MethodPoint xsi:type="SequencePoint" vc="0" uspid="4901" ordinal="0" offset="0" sl="36" sc="53" el="36" ec="65" bec="0" bev="0" fileid="177" />
            </Method>
            <Method visited="false" cyclomaticComplexity="1" nPathComplexity="0" sequenceCoverage="0" branchCoverage="0" crapScore="2" isConstructor="false" isStatic="false" isGetter="true" isSetter="false">
              <Summary numSequencePoints="1" visitedSequencePoints="0" numBranchPoints="1" visitedBranchPoints="0" sequenceCoverage="0" branchCoverage="0" maxCyclomaticComplexity="1" minCyclomaticComplexity="1" maxCrapScore="2" minCrapScore="2" visitedClasses="0" numClasses="0" visitedMethods="0" numMethods="1" />
              <MetadataToken>100663961</MetadataToken>
              <Name>Xunit.Abstractions.ITestFrameworkDiscoveryOptions Xunit.TestAssemblyDiscoveryStarting::get_DiscoveryOptions()</Name>
              <FileRef uid="177" />
              <SequencePoints>
                <SequencePoint vc="0" uspid="4902" ordinal="0" offset="0" sl="39" sc="66" el="39" ec="70" bec="0" bev="0" fileid="177" />
              </SequencePoints>
              <BranchPoints />
              <MethodPoint xsi:type="SequencePoint" vc="0" uspid="4902" ordinal="0" offset="0" sl="39" sc="66" el="39" ec="70" bec="0" bev="0" fileid="177" />
            </Method>
            <Method visited="false" cyclomaticComplexity="1" nPathComplexity="0" sequenceCoverage="0" branchCoverage="0" crapScore="2" isConstructor="false" isStatic="false" isGetter="false" isSetter="true">
              <Summary numSequencePoints="1" visitedSequencePoints="0" numBranchPoints="1" visitedBranchPoints="0" sequenceCoverage="0" branchCoverage="0" maxCyclomaticComplexity="1" minCyclomaticComplexity="1" maxCrapScore="2" minCrapScore="2" visitedClasses="0" numClasses="0" visitedMethods="0" numMethods="1" />
              <MetadataToken>100663962</MetadataToken>
              <Name>System.Void Xunit.TestAssemblyDiscoveryStarting::set_DiscoveryOptions(Xunit.Abstractions.ITestFrameworkDiscoveryOptions)</Name>
              <FileRef uid="177" />
              <SequencePoints>
                <SequencePoint vc="0" uspid="4903" ordinal="0" offset="0" sl="39" sc="71" el="39" ec="83" bec="0" bev="0" fileid="177" />
              </SequencePoints>
              <BranchPoints />
              <MethodPoint xsi:type="SequencePoint" vc="0" uspid="4903" ordinal="0" offset="0" sl="39" sc="71" el="39" ec="83" bec="0" bev="0" fileid="177" />
            </Method>
            <Method visited="false" cyclomaticComplexity="1" nPathComplexity="0" sequenceCoverage="0" branchCoverage="0" crapScore="2" isConstructor="false" isStatic="false" isGetter="true" isSetter="false">
              <Summary numSequencePoints="1" visitedSequencePoints="0" numBranchPoints="1" visitedBranchPoints="0" sequenceCoverage="0" branchCoverage="0" maxCyclomaticComplexity="1" minCyclomaticComplexity="1" maxCrapScore="2" minCrapScore="2" visitedClasses="0" numClasses="0" visitedMethods="0" numMethods="1" />
              <MetadataToken>100663963</MetadataToken>
              <Name>System.Collections.Generic.HashSet`1&lt;System.String&gt; Xunit.TestAssemblyDiscoveryStarting::get_InterfaceTypes()</Name>
              <FileRef uid="177" />
              <SequencePoints>
                <SequencePoint vc="0" uspid="4904" ordinal="0" offset="0" sl="42" sc="50" el="42" ec="64" bec="0" bev="0" fileid="177" />
              </SequencePoints>
              <BranchPoints />
              <MethodPoint xsi:type="SequencePoint" vc="0" uspid="4904" ordinal="0" offset="0" sl="42" sc="50" el="42" ec="64" bec="0" bev="0" fileid="177" />
            </Method>
            <Method visited="false" cyclomaticComplexity="1" nPathComplexity="0" sequenceCoverage="0" branchCoverage="0" crapScore="2" isConstructor="false" isStatic="false" isGetter="true" isSetter="false">
              <Summary numSequencePoints="1" visitedSequencePoints="0" numBranchPoints="1" visitedBranchPoints="0" sequenceCoverage="0" branchCoverage="0" maxCyclomaticComplexity="1" minCyclomaticComplexity="1" maxCrapScore="2" minCrapScore="2" visitedClasses="0" numClasses="0" visitedMethods="0" numMethods="1" />
              <MetadataToken>100663964</MetadataToken>
              <Name>System.Boolean Xunit.TestAssemblyDiscoveryStarting::get_ShadowCopy()</Name>
              <FileRef uid="177" />
              <SequencePoints>
                <SequencePoint vc="0" uspid="4905" ordinal="0" offset="0" sl="45" sc="34" el="45" ec="38" bec="0" bev="0" fileid="177" />
              </SequencePoints>
              <BranchPoints />
              <MethodPoint xsi:type="SequencePoint" vc="0" uspid="4905" ordinal="0" offset="0" sl="45" sc="34" el="45" ec="38" bec="0" bev="0" fileid="177" />
            </Method>
            <Method visited="false" cyclomaticComplexity="1" nPathComplexity="0" sequenceCoverage="0" branchCoverage="0" crapScore="2" isConstructor="false" isStatic="false" isGetter="false" isSetter="true">
              <Summary numSequencePoints="1" visitedSequencePoints="0" numBranchPoints="1" visitedBranchPoints="0" sequenceCoverage="0" branchCoverage="0" maxCyclomaticComplexity="1" minCyclomaticComplexity="1" maxCrapScore="2" minCrapScore="2" visitedClasses="0" numClasses="0" visitedMethods="0" numMethods="1" />
              <MetadataToken>100663965</MetadataToken>
              <Name>System.Void Xunit.TestAssemblyDiscoveryStarting::set_ShadowCopy(System.Boolean)</Name>
              <FileRef uid="177" />
              <SequencePoints>
                <SequencePoint vc="0" uspid="4906" ordinal="0" offset="0" sl="45" sc="39" el="45" ec="51" bec="0" bev="0" fileid="177" />
              </SequencePoints>
              <BranchPoints />
              <MethodPoint xsi:type="SequencePoint" vc="0" uspid="4906" ordinal="0" offset="0" sl="45" sc="39" el="45" ec="51" bec="0" bev="0" fileid="177" />
            </Method>
            <Method visited="false" cyclomaticComplexity="1" nPathComplexity="0" sequenceCoverage="0" branchCoverage="0" crapScore="2" isConstructor="true" isStatic="false" isGetter="false" isSetter="false">
              <Summary numSequencePoints="6" visitedSequencePoints="0" numBranchPoints="1" visitedBranchPoints="0" sequenceCoverage="0" branchCoverage="0" maxCyclomaticComplexity="1" minCyclomaticComplexity="1" maxCrapScore="2" minCrapScore="2" visitedClasses="0" numClasses="0" visitedMethods="0" numMethods="1" />
              <MetadataToken>100663956</MetadataToken>
              <Name>System.Void Xunit.TestAssemblyDiscoveryStarting::.ctor(Xunit.XunitProjectAssembly,System.Boolean,System.Boolean,Xunit.Abstractions.ITestFrameworkDiscoveryOptions)</Name>
              <FileRef uid="177" />
              <SequencePoints>
                <SequencePoint vc="0" uspid="4907" ordinal="0" offset="0" sl="21" sc="9" el="24" ec="94" bec="0" bev="0" fileid="177" />
                <SequencePoint vc="0" uspid="4908" ordinal="1" offset="6" sl="26" sc="13" el="26" ec="33" bec="0" bev="0" fileid="177" />
                <SequencePoint vc="0" uspid="4909" ordinal="2" offset="13" sl="27" sc="13" el="27" ec="35" bec="0" bev="0" fileid="177" />
                <SequencePoint vc="0" uspid="4910" ordinal="3" offset="20" sl="28" sc="13" el="28" ec="49" bec="0" bev="0" fileid="177" />
                <SequencePoint vc="0" uspid="4911" ordinal="4" offset="28" sl="29" sc="13" el="29" ec="37" bec="0" bev="0" fileid="177" />
                <SequencePoint vc="0" uspid="4912" ordinal="5" offset="35" sl="30" sc="9" el="30" ec="10" bec="0" bev="0" fileid="177" />
              </SequencePoints>
              <BranchPoints />
              <MethodPoint xsi:type="SequencePoint" vc="0" uspid="4907" ordinal="0" offset="0" sl="21" sc="9" el="24" ec="94" bec="0" bev="0" fileid="177" />
            </Method>
            <Method visited="false" cyclomaticComplexity="1" nPathComplexity="0" sequenceCoverage="0" branchCoverage="0" crapScore="2" isConstructor="true" isStatic="true" isGetter="false" isSetter="false">
              <Summary numSequencePoints="1" visitedSequencePoints="0" numBranchPoints="1" visitedBranchPoints="0" sequenceCoverage="0" branchCoverage="0" maxCyclomaticComplexity="1" minCyclomaticComplexity="1" maxCrapScore="2" minCrapScore="2" visitedClasses="0" numClasses="0" visitedMethods="0" numMethods="1" />
              <MetadataToken>100663966</MetadataToken>
              <Name>System.Void Xunit.TestAssemblyDiscoveryStarting::.cctor()</Name>
              <FileRef uid="177" />
              <SequencePoints>
                <SequencePoint vc="0" uspid="4913" ordinal="0" offset="0" sl="12" sc="9" el="12" ec="157" bec="0" bev="0" fileid="177" />
              </SequencePoints>
              <BranchPoints />
              <MethodPoint xsi:type="SequencePoint" vc="0" uspid="4913" ordinal="0" offset="0" sl="12" sc="9" el="12" ec="157" bec="0" bev="0" fileid="177" />
            </Method>
          </Methods>
        </Class>
        <Class>
          <Summary numSequencePoints="1" visitedSequencePoints="0" numBranchPoints="1" visitedBranchPoints="0" sequenceCoverage="0" branchCoverage="0" maxCyclomaticComplexity="1" minCyclomaticComplexity="1" maxCrapScore="2" minCrapScore="2" visitedClasses="0" numClasses="1" visitedMethods="0" numMethods="1" />
          <FullName>Xunit.TestAssemblyDiscoveryStarting/&lt;&gt;c</FullName>
          <Methods>
            <Method visited="false" cyclomaticComplexity="1" nPathComplexity="0" sequenceCoverage="0" branchCoverage="0" crapScore="2" isConstructor="true" isStatic="true" isGetter="false" isSetter="false">
              <Summary numSequencePoints="0" visitedSequencePoints="0" numBranchPoints="0" visitedBranchPoints="0" sequenceCoverage="0" branchCoverage="0" maxCyclomaticComplexity="1" minCyclomaticComplexity="1" maxCrapScore="2" minCrapScore="2" visitedClasses="0" numClasses="0" visitedMethods="0" numMethods="0" />
              <MetadataToken>100664969</MetadataToken>
              <Name>System.Void Xunit.TestAssemblyDiscoveryStarting/&lt;&gt;c::.cctor()</Name>
              <SequencePoints />
              <BranchPoints />
              <MethodPoint vc="0" uspid="4914" ordinal="0" offset="0" />
            </Method>
            <Method visited="false" cyclomaticComplexity="1" nPathComplexity="0" sequenceCoverage="0" branchCoverage="0" crapScore="2" isConstructor="true" isStatic="false" isGetter="false" isSetter="false">
              <Summary numSequencePoints="0" visitedSequencePoints="0" numBranchPoints="0" visitedBranchPoints="0" sequenceCoverage="0" branchCoverage="0" maxCyclomaticComplexity="1" minCyclomaticComplexity="1" maxCrapScore="2" minCrapScore="2" visitedClasses="0" numClasses="0" visitedMethods="0" numMethods="0" />
              <MetadataToken>100664970</MetadataToken>
              <Name>System.Void Xunit.TestAssemblyDiscoveryStarting/&lt;&gt;c::.ctor()</Name>
              <SequencePoints />
              <BranchPoints />
              <MethodPoint vc="0" uspid="4915" ordinal="0" offset="0" />
            </Method>
            <Method visited="false" cyclomaticComplexity="1" nPathComplexity="0" sequenceCoverage="0" branchCoverage="0" crapScore="2" isConstructor="false" isStatic="false" isGetter="false" isSetter="false">
              <Summary numSequencePoints="1" visitedSequencePoints="0" numBranchPoints="1" visitedBranchPoints="0" sequenceCoverage="0" branchCoverage="0" maxCyclomaticComplexity="1" minCyclomaticComplexity="1" maxCrapScore="2" minCrapScore="2" visitedClasses="0" numClasses="0" visitedMethods="0" numMethods="1" />
              <MetadataToken>100664971</MetadataToken>
              <Name>System.String Xunit.TestAssemblyDiscoveryStarting/&lt;&gt;c::&lt;.cctor&gt;b__20_0(System.Type)</Name>
              <FileRef uid="177" />
              <SequencePoints>
                <SequencePoint vc="0" uspid="4916" ordinal="0" offset="0" sl="12" sc="144" el="12" ec="154" bec="0" bev="0" fileid="177" />
              </SequencePoints>
              <BranchPoints />
              <MethodPoint xsi:type="SequencePoint" vc="0" uspid="4916" ordinal="0" offset="0" sl="12" sc="144" el="12" ec="154" bec="0" bev="0" fileid="177" />
            </Method>
          </Methods>
        </Class>
        <Class>
          <Summary numSequencePoints="13" visitedSequencePoints="0" numBranchPoints="9" visitedBranchPoints="0" sequenceCoverage="0" branchCoverage="0" maxCyclomaticComplexity="1" minCyclomaticComplexity="1" maxCrapScore="2" minCrapScore="2" visitedClasses="0" numClasses="1" visitedMethods="0" numMethods="9" />
          <FullName>Xunit.TestAssemblyExecutionFinished</FullName>
          <Methods>
            <Method visited="false" cyclomaticComplexity="1" nPathComplexity="0" sequenceCoverage="0" branchCoverage="0" crapScore="2" isConstructor="false" isStatic="false" isGetter="true" isSetter="false">
              <Summary numSequencePoints="1" visitedSequencePoints="0" numBranchPoints="1" visitedBranchPoints="0" sequenceCoverage="0" branchCoverage="0" maxCyclomaticComplexity="1" minCyclomaticComplexity="1" maxCrapScore="2" minCrapScore="2" visitedClasses="0" numClasses="0" visitedMethods="0" numMethods="1" />
              <MetadataToken>100663968</MetadataToken>
              <Name>Xunit.XunitProjectAssembly Xunit.TestAssemblyExecutionFinished::get_Assembly()</Name>
              <FileRef uid="179" />
              <SequencePoints>
                <SequencePoint vc="0" uspid="4917" ordinal="0" offset="0" sl="30" sc="48" el="30" ec="52" bec="0" bev="0" fileid="179" />
              </SequencePoints>
              <BranchPoints />
              <MethodPoint xsi:type="SequencePoint" vc="0" uspid="4917" ordinal="0" offset="0" sl="30" sc="48" el="30" ec="52" bec="0" bev="0" fileid="179" />
            </Method>
            <Method visited="false" cyclomaticComplexity="1" nPathComplexity="0" sequenceCoverage="0" branchCoverage="0" crapScore="2" isConstructor="false" isStatic="false" isGetter="false" isSetter="true">
              <Summary numSequencePoints="1" visitedSequencePoints="0" numBranchPoints="1" visitedBranchPoints="0" sequenceCoverage="0" branchCoverage="0" maxCyclomaticComplexity="1" minCyclomaticComplexity="1" maxCrapScore="2" minCrapScore="2" visitedClasses="0" numClasses="0" visitedMethods="0" numMethods="1" />
              <MetadataToken>100663969</MetadataToken>
              <Name>System.Void Xunit.TestAssemblyExecutionFinished::set_Assembly(Xunit.XunitProjectAssembly)</Name>
              <FileRef uid="179" />
              <SequencePoints>
                <SequencePoint vc="0" uspid="4918" ordinal="0" offset="0" sl="30" sc="53" el="30" ec="65" bec="0" bev="0" fileid="179" />
              </SequencePoints>
              <BranchPoints />
              <MethodPoint xsi:type="SequencePoint" vc="0" uspid="4918" ordinal="0" offset="0" sl="30" sc="53" el="30" ec="65" bec="0" bev="0" fileid="179" />
            </Method>
            <Method visited="false" cyclomaticComplexity="1" nPathComplexity="0" sequenceCoverage="0" branchCoverage="0" crapScore="2" isConstructor="false" isStatic="false" isGetter="true" isSetter="false">
              <Summary numSequencePoints="1" visitedSequencePoints="0" numBranchPoints="1" visitedBranchPoints="0" sequenceCoverage="0" branchCoverage="0" maxCyclomaticComplexity="1" minCyclomaticComplexity="1" maxCrapScore="2" minCrapScore="2" visitedClasses="0" numClasses="0" visitedMethods="0" numMethods="1" />
              <MetadataToken>100663970</MetadataToken>
              <Name>Xunit.Abstractions.ITestFrameworkExecutionOptions Xunit.TestAssemblyExecutionFinished::get_ExecutionOptions()</Name>
              <FileRef uid="179" />
              <SequencePoints>
                <SequencePoint vc="0" uspid="4919" ordinal="0" offset="0" sl="33" sc="66" el="33" ec="70" bec="0" bev="0" fileid="179" />
              </SequencePoints>
              <BranchPoints />
              <MethodPoint xsi:type="SequencePoint" vc="0" uspid="4919" ordinal="0" offset="0" sl="33" sc="66" el="33" ec="70" bec="0" bev="0" fileid="179" />
            </Method>
            <Method visited="false" cyclomaticComplexity="1" nPathComplexity="0" sequenceCoverage="0" branchCoverage="0" crapScore="2" isConstructor="false" isStatic="false" isGetter="false" isSetter="true">
              <Summary numSequencePoints="1" visitedSequencePoints="0" numBranchPoints="1" visitedBranchPoints="0" sequenceCoverage="0" branchCoverage="0" maxCyclomaticComplexity="1" minCyclomaticComplexity="1" maxCrapScore="2" minCrapScore="2" visitedClasses="0" numClasses="0" visitedMethods="0" numMethods="1" />
              <MetadataToken>100663971</MetadataToken>
              <Name>System.Void Xunit.TestAssemblyExecutionFinished::set_ExecutionOptions(Xunit.Abstractions.ITestFrameworkExecutionOptions)</Name>
              <FileRef uid="179" />
              <SequencePoints>
                <SequencePoint vc="0" uspid="4920" ordinal="0" offset="0" sl="33" sc="71" el="33" ec="83" bec="0" bev="0" fileid="179" />
              </SequencePoints>
              <BranchPoints />
              <MethodPoint xsi:type="SequencePoint" vc="0" uspid="4920" ordinal="0" offset="0" sl="33" sc="71" el="33" ec="83" bec="0" bev="0" fileid="179" />
            </Method>
            <Method visited="false" cyclomaticComplexity="1" nPathComplexity="0" sequenceCoverage="0" branchCoverage="0" crapScore="2" isConstructor="false" isStatic="false" isGetter="true" isSetter="false">
              <Summary numSequencePoints="1" visitedSequencePoints="0" numBranchPoints="1" visitedBranchPoints="0" sequenceCoverage="0" branchCoverage="0" maxCyclomaticComplexity="1" minCyclomaticComplexity="1" maxCrapScore="2" minCrapScore="2" visitedClasses="0" numClasses="0" visitedMethods="0" numMethods="1" />
              <MetadataToken>100663972</MetadataToken>
              <Name>Xunit.ExecutionSummary Xunit.TestAssemblyExecutionFinished::get_ExecutionSummary()</Name>
              <FileRef uid="179" />
              <SequencePoints>
                <SequencePoint vc="0" uspid="4921" ordinal="0" offset="0" sl="36" sc="52" el="36" ec="56" bec="0" bev="0" fileid="179" />
              </SequencePoints>
              <BranchPoints />
              <MethodPoint xsi:type="SequencePoint" vc="0" uspid="4921" ordinal="0" offset="0" sl="36" sc="52" el="36" ec="56" bec="0" bev="0" fileid="179" />
            </Method>
            <Method visited="false" cyclomaticComplexity="1" nPathComplexity="0" sequenceCoverage="0" branchCoverage="0" crapScore="2" isConstructor="false" isStatic="false" isGetter="false" isSetter="true">
              <Summary numSequencePoints="1" visitedSequencePoints="0" numBranchPoints="1" visitedBranchPoints="0" sequenceCoverage="0" branchCoverage="0" maxCyclomaticComplexity="1" minCyclomaticComplexity="1" maxCrapScore="2" minCrapScore="2" visitedClasses="0" numClasses="0" visitedMethods="0" numMethods="1" />
              <MetadataToken>100663973</MetadataToken>
              <Name>System.Void Xunit.TestAssemblyExecutionFinished::set_ExecutionSummary(Xunit.ExecutionSummary)</Name>
              <FileRef uid="179" />
              <SequencePoints>
                <SequencePoint vc="0" uspid="4922" ordinal="0" offset="0" sl="36" sc="57" el="36" ec="69" bec="0" bev="0" fileid="179" />
              </SequencePoints>
              <BranchPoints />
              <MethodPoint xsi:type="SequencePoint" vc="0" uspid="4922" ordinal="0" offset="0" sl="36" sc="57" el="36" ec="69" bec="0" bev="0" fileid="179" />
            </Method>
            <Method visited="false" cyclomaticComplexity="1" nPathComplexity="0" sequenceCoverage="0" branchCoverage="0" crapScore="2" isConstructor="false" isStatic="false" isGetter="true" isSetter="false">
              <Summary numSequencePoints="1" visitedSequencePoints="0" numBranchPoints="1" visitedBranchPoints="0" sequenceCoverage="0" branchCoverage="0" maxCyclomaticComplexity="1" minCyclomaticComplexity="1" maxCrapScore="2" minCrapScore="2" visitedClasses="0" numClasses="0" visitedMethods="0" numMethods="1" />
              <MetadataToken>100663974</MetadataToken>
              <Name>System.Collections.Generic.HashSet`1&lt;System.String&gt; Xunit.TestAssemblyExecutionFinished::get_InterfaceTypes()</Name>
              <FileRef uid="179" />
              <SequencePoints>
                <SequencePoint vc="0" uspid="4923" ordinal="0" offset="0" sl="39" sc="50" el="39" ec="64" bec="0" bev="0" fileid="179" />
              </SequencePoints>
              <BranchPoints />
              <MethodPoint xsi:type="SequencePoint" vc="0" uspid="4923" ordinal="0" offset="0" sl="39" sc="50" el="39" ec="64" bec="0" bev="0" fileid="179" />
            </Method>
            <Method visited="false" cyclomaticComplexity="1" nPathComplexity="0" sequenceCoverage="0" branchCoverage="0" crapScore="2" isConstructor="true" isStatic="false" isGetter="false" isSetter="false">
              <Summary numSequencePoints="5" visitedSequencePoints="0" numBranchPoints="1" visitedBranchPoints="0" sequenceCoverage="0" branchCoverage="0" maxCyclomaticComplexity="1" minCyclomaticComplexity="1" maxCrapScore="2" minCrapScore="2" visitedClasses="0" numClasses="0" visitedMethods="0" numMethods="1" />
              <MetadataToken>100663967</MetadataToken>
              <Name>System.Void Xunit.TestAssemblyExecutionFinished::.ctor(Xunit.XunitProjectAssembly,Xunit.Abstractions.ITestFrameworkExecutionOptions,Xunit.ExecutionSummary)</Name>
              <FileRef uid="179" />
              <SequencePoints>
                <SequencePoint vc="0" uspid="4924" ordinal="0" offset="0" sl="20" sc="9" el="22" ec="80" bec="0" bev="0" fileid="179" />
                <SequencePoint vc="0" uspid="4925" ordinal="1" offset="6" sl="24" sc="13" el="24" ec="33" bec="0" bev="0" fileid="179" />
                <SequencePoint vc="0" uspid="4926" ordinal="2" offset="13" sl="25" sc="13" el="25" ec="49" bec="0" bev="0" fileid="179" />
                <SequencePoint vc="0" uspid="4927" ordinal="3" offset="20" sl="26" sc="13" el="26" ec="49" bec="0" bev="0" fileid="179" />
                <SequencePoint vc="0" uspid="4928" ordinal="4" offset="27" sl="27" sc="9" el="27" ec="10" bec="0" bev="0" fileid="179" />
              </SequencePoints>
              <BranchPoints />
              <MethodPoint xsi:type="SequencePoint" vc="0" uspid="4924" ordinal="0" offset="0" sl="20" sc="9" el="22" ec="80" bec="0" bev="0" fileid="179" />
            </Method>
            <Method visited="false" cyclomaticComplexity="1" nPathComplexity="0" sequenceCoverage="0" branchCoverage="0" crapScore="2" isConstructor="true" isStatic="true" isGetter="false" isSetter="false">
              <Summary numSequencePoints="1" visitedSequencePoints="0" numBranchPoints="1" visitedBranchPoints="0" sequenceCoverage="0" branchCoverage="0" maxCyclomaticComplexity="1" minCyclomaticComplexity="1" maxCrapScore="2" minCrapScore="2" visitedClasses="0" numClasses="0" visitedMethods="0" numMethods="1" />
              <MetadataToken>100663975</MetadataToken>
              <Name>System.Void Xunit.TestAssemblyExecutionFinished::.cctor()</Name>
              <FileRef uid="179" />
              <SequencePoints>
                <SequencePoint vc="0" uspid="4929" ordinal="0" offset="0" sl="12" sc="9" el="12" ec="157" bec="0" bev="0" fileid="179" />
              </SequencePoints>
              <BranchPoints />
              <MethodPoint xsi:type="SequencePoint" vc="0" uspid="4929" ordinal="0" offset="0" sl="12" sc="9" el="12" ec="157" bec="0" bev="0" fileid="179" />
            </Method>
          </Methods>
        </Class>
        <Class>
          <Summary numSequencePoints="1" visitedSequencePoints="0" numBranchPoints="1" visitedBranchPoints="0" sequenceCoverage="0" branchCoverage="0" maxCyclomaticComplexity="1" minCyclomaticComplexity="1" maxCrapScore="2" minCrapScore="2" visitedClasses="0" numClasses="1" visitedMethods="0" numMethods="1" />
          <FullName>Xunit.TestAssemblyExecutionFinished/&lt;&gt;c</FullName>
          <Methods>
            <Method visited="false" cyclomaticComplexity="1" nPathComplexity="0" sequenceCoverage="0" branchCoverage="0" crapScore="2" isConstructor="true" isStatic="true" isGetter="false" isSetter="false">
              <Summary numSequencePoints="0" visitedSequencePoints="0" numBranchPoints="0" visitedBranchPoints="0" sequenceCoverage="0" branchCoverage="0" maxCyclomaticComplexity="1" minCyclomaticComplexity="1" maxCrapScore="2" minCrapScore="2" visitedClasses="0" numClasses="0" visitedMethods="0" numMethods="0" />
              <MetadataToken>100664972</MetadataToken>
              <Name>System.Void Xunit.TestAssemblyExecutionFinished/&lt;&gt;c::.cctor()</Name>
              <SequencePoints />
              <BranchPoints />
              <MethodPoint vc="0" uspid="4930" ordinal="0" offset="0" />
            </Method>
            <Method visited="false" cyclomaticComplexity="1" nPathComplexity="0" sequenceCoverage="0" branchCoverage="0" crapScore="2" isConstructor="true" isStatic="false" isGetter="false" isSetter="false">
              <Summary numSequencePoints="0" visitedSequencePoints="0" numBranchPoints="0" visitedBranchPoints="0" sequenceCoverage="0" branchCoverage="0" maxCyclomaticComplexity="1" minCyclomaticComplexity="1" maxCrapScore="2" minCrapScore="2" visitedClasses="0" numClasses="0" visitedMethods="0" numMethods="0" />
              <MetadataToken>100664973</MetadataToken>
              <Name>System.Void Xunit.TestAssemblyExecutionFinished/&lt;&gt;c::.ctor()</Name>
              <SequencePoints />
              <BranchPoints />
              <MethodPoint vc="0" uspid="4931" ordinal="0" offset="0" />
            </Method>
            <Method visited="false" cyclomaticComplexity="1" nPathComplexity="0" sequenceCoverage="0" branchCoverage="0" crapScore="2" isConstructor="false" isStatic="false" isGetter="false" isSetter="false">
              <Summary numSequencePoints="1" visitedSequencePoints="0" numBranchPoints="1" visitedBranchPoints="0" sequenceCoverage="0" branchCoverage="0" maxCyclomaticComplexity="1" minCyclomaticComplexity="1" maxCrapScore="2" minCrapScore="2" visitedClasses="0" numClasses="0" visitedMethods="0" numMethods="1" />
              <MetadataToken>100664974</MetadataToken>
              <Name>System.String Xunit.TestAssemblyExecutionFinished/&lt;&gt;c::&lt;.cctor&gt;b__16_0(System.Type)</Name>
              <FileRef uid="179" />
              <SequencePoints>
                <SequencePoint vc="0" uspid="4932" ordinal="0" offset="0" sl="12" sc="144" el="12" ec="154" bec="0" bev="0" fileid="179" />
              </SequencePoints>
              <BranchPoints />
              <MethodPoint xsi:type="SequencePoint" vc="0" uspid="4932" ordinal="0" offset="0" sl="12" sc="144" el="12" ec="154" bec="0" bev="0" fileid="179" />
            </Method>
          </Methods>
        </Class>
        <Class>
          <Summary numSequencePoints="10" visitedSequencePoints="0" numBranchPoints="7" visitedBranchPoints="0" sequenceCoverage="0" branchCoverage="0" maxCyclomaticComplexity="1" minCyclomaticComplexity="1" maxCrapScore="2" minCrapScore="2" visitedClasses="0" numClasses="1" visitedMethods="0" numMethods="7" />
          <FullName>Xunit.TestAssemblyExecutionStarting</FullName>
          <Methods>
            <Method visited="false" cyclomaticComplexity="1" nPathComplexity="0" sequenceCoverage="0" branchCoverage="0" crapScore="2" isConstructor="false" isStatic="false" isGetter="true" isSetter="false">
              <Summary numSequencePoints="1" visitedSequencePoints="0" numBranchPoints="1" visitedBranchPoints="0" sequenceCoverage="0" branchCoverage="0" maxCyclomaticComplexity="1" minCyclomaticComplexity="1" maxCrapScore="2" minCrapScore="2" visitedClasses="0" numClasses="0" visitedMethods="0" numMethods="1" />
              <MetadataToken>100663977</MetadataToken>
              <Name>Xunit.XunitProjectAssembly Xunit.TestAssemblyExecutionStarting::get_Assembly()</Name>
              <FileRef uid="181" />
              <SequencePoints>
                <SequencePoint vc="0" uspid="4933" ordinal="0" offset="0" sl="27" sc="48" el="27" ec="52" bec="0" bev="0" fileid="181" />
              </SequencePoints>
              <BranchPoints />
              <MethodPoint xsi:type="SequencePoint" vc="0" uspid="4933" ordinal="0" offset="0" sl="27" sc="48" el="27" ec="52" bec="0" bev="0" fileid="181" />
            </Method>
            <Method visited="false" cyclomaticComplexity="1" nPathComplexity="0" sequenceCoverage="0" branchCoverage="0" crapScore="2" isConstructor="false" isStatic="false" isGetter="false" isSetter="true">
              <Summary numSequencePoints="1" visitedSequencePoints="0" numBranchPoints="1" visitedBranchPoints="0" sequenceCoverage="0" branchCoverage="0" maxCyclomaticComplexity="1" minCyclomaticComplexity="1" maxCrapScore="2" minCrapScore="2" visitedClasses="0" numClasses="0" visitedMethods="0" numMethods="1" />
              <MetadataToken>100663978</MetadataToken>
              <Name>System.Void Xunit.TestAssemblyExecutionStarting::set_Assembly(Xunit.XunitProjectAssembly)</Name>
              <FileRef uid="181" />
              <SequencePoints>
                <SequencePoint vc="0" uspid="4934" ordinal="0" offset="0" sl="27" sc="53" el="27" ec="65" bec="0" bev="0" fileid="181" />
              </SequencePoints>
              <BranchPoints />
              <MethodPoint xsi:type="SequencePoint" vc="0" uspid="4934" ordinal="0" offset="0" sl="27" sc="53" el="27" ec="65" bec="0" bev="0" fileid="181" />
            </Method>
            <Method visited="false" cyclomaticComplexity="1" nPathComplexity="0" sequenceCoverage="0" branchCoverage="0" crapScore="2" isConstructor="false" isStatic="false" isGetter="true" isSetter="false">
              <Summary numSequencePoints="1" visitedSequencePoints="0" numBranchPoints="1" visitedBranchPoints="0" sequenceCoverage="0" branchCoverage="0" maxCyclomaticComplexity="1" minCyclomaticComplexity="1" maxCrapScore="2" minCrapScore="2" visitedClasses="0" numClasses="0" visitedMethods="0" numMethods="1" />
              <MetadataToken>100663979</MetadataToken>
              <Name>Xunit.Abstractions.ITestFrameworkExecutionOptions Xunit.TestAssemblyExecutionStarting::get_ExecutionOptions()</Name>
              <FileRef uid="181" />
              <SequencePoints>
                <SequencePoint vc="0" uspid="4935" ordinal="0" offset="0" sl="30" sc="66" el="30" ec="70" bec="0" bev="0" fileid="181" />
              </SequencePoints>
              <BranchPoints />
              <MethodPoint xsi:type="SequencePoint" vc="0" uspid="4935" ordinal="0" offset="0" sl="30" sc="66" el="30" ec="70" bec="0" bev="0" fileid="181" />
            </Method>
            <Method visited="false" cyclomaticComplexity="1" nPathComplexity="0" sequenceCoverage="0" branchCoverage="0" crapScore="2" isConstructor="false" isStatic="false" isGetter="false" isSetter="true">
              <Summary numSequencePoints="1" visitedSequencePoints="0" numBranchPoints="1" visitedBranchPoints="0" sequenceCoverage="0" branchCoverage="0" maxCyclomaticComplexity="1" minCyclomaticComplexity="1" maxCrapScore="2" minCrapScore="2" visitedClasses="0" numClasses="0" visitedMethods="0" numMethods="1" />
              <MetadataToken>100663980</MetadataToken>
              <Name>System.Void Xunit.TestAssemblyExecutionStarting::set_ExecutionOptions(Xunit.Abstractions.ITestFrameworkExecutionOptions)</Name>
              <FileRef uid="181" />
              <SequencePoints>
                <SequencePoint vc="0" uspid="4936" ordinal="0" offset="0" sl="30" sc="71" el="30" ec="83" bec="0" bev="0" fileid="181" />
              </SequencePoints>
              <BranchPoints />
              <MethodPoint xsi:type="SequencePoint" vc="0" uspid="4936" ordinal="0" offset="0" sl="30" sc="71" el="30" ec="83" bec="0" bev="0" fileid="181" />
            </Method>
            <Method visited="false" cyclomaticComplexity="1" nPathComplexity="0" sequenceCoverage="0" branchCoverage="0" crapScore="2" isConstructor="false" isStatic="false" isGetter="true" isSetter="false">
              <Summary numSequencePoints="1" visitedSequencePoints="0" numBranchPoints="1" visitedBranchPoints="0" sequenceCoverage="0" branchCoverage="0" maxCyclomaticComplexity="1" minCyclomaticComplexity="1" maxCrapScore="2" minCrapScore="2" visitedClasses="0" numClasses="0" visitedMethods="0" numMethods="1" />
              <MetadataToken>100663981</MetadataToken>
              <Name>System.Collections.Generic.HashSet`1&lt;System.String&gt; Xunit.TestAssemblyExecutionStarting::get_InterfaceTypes()</Name>
              <FileRef uid="181" />
              <SequencePoints>
                <SequencePoint vc="0" uspid="4937" ordinal="0" offset="0" sl="33" sc="50" el="33" ec="64" bec="0" bev="0" fileid="181" />
              </SequencePoints>
              <BranchPoints />
              <MethodPoint xsi:type="SequencePoint" vc="0" uspid="4937" ordinal="0" offset="0" sl="33" sc="50" el="33" ec="64" bec="0" bev="0" fileid="181" />
            </Method>
            <Method visited="false" cyclomaticComplexity="1" nPathComplexity="0" sequenceCoverage="0" branchCoverage="0" crapScore="2" isConstructor="true" isStatic="false" isGetter="false" isSetter="false">
              <Summary numSequencePoints="4" visitedSequencePoints="0" numBranchPoints="1" visitedBranchPoints="0" sequenceCoverage="0" branchCoverage="0" maxCyclomaticComplexity="1" minCyclomaticComplexity="1" maxCrapScore="2" minCrapScore="2" visitedClasses="0" numClasses="0" visitedMethods="0" numMethods="1" />
              <MetadataToken>100663976</MetadataToken>
              <Name>System.Void Xunit.TestAssemblyExecutionStarting::.ctor(Xunit.XunitProjectAssembly,Xunit.Abstractions.ITestFrameworkExecutionOptions)</Name>
              <FileRef uid="181" />
              <SequencePoints>
                <SequencePoint vc="0" uspid="4938" ordinal="0" offset="0" sl="19" sc="9" el="20" ec="94" bec="0" bev="0" fileid="181" />
                <SequencePoint vc="0" uspid="4939" ordinal="1" offset="6" sl="22" sc="13" el="22" ec="33" bec="0" bev="0" fileid="181" />
                <SequencePoint vc="0" uspid="4940" ordinal="2" offset="13" sl="23" sc="13" el="23" ec="49" bec="0" bev="0" fileid="181" />
                <SequencePoint vc="0" uspid="4941" ordinal="3" offset="20" sl="24" sc="9" el="24" ec="10" bec="0" bev="0" fileid="181" />
              </SequencePoints>
              <BranchPoints />
              <MethodPoint xsi:type="SequencePoint" vc="0" uspid="4938" ordinal="0" offset="0" sl="19" sc="9" el="20" ec="94" bec="0" bev="0" fileid="181" />
            </Method>
            <Method visited="false" cyclomaticComplexity="1" nPathComplexity="0" sequenceCoverage="0" branchCoverage="0" crapScore="2" isConstructor="true" isStatic="true" isGetter="false" isSetter="false">
              <Summary numSequencePoints="1" visitedSequencePoints="0" numBranchPoints="1" visitedBranchPoints="0" sequenceCoverage="0" branchCoverage="0" maxCyclomaticComplexity="1" minCyclomaticComplexity="1" maxCrapScore="2" minCrapScore="2" visitedClasses="0" numClasses="0" visitedMethods="0" numMethods="1" />
              <MetadataToken>100663982</MetadataToken>
              <Name>System.Void Xunit.TestAssemblyExecutionStarting::.cctor()</Name>
              <FileRef uid="181" />
              <SequencePoints>
                <SequencePoint vc="0" uspid="4942" ordinal="0" offset="0" sl="12" sc="9" el="12" ec="157" bec="0" bev="0" fileid="181" />
              </SequencePoints>
              <BranchPoints />
              <MethodPoint xsi:type="SequencePoint" vc="0" uspid="4942" ordinal="0" offset="0" sl="12" sc="9" el="12" ec="157" bec="0" bev="0" fileid="181" />
            </Method>
          </Methods>
        </Class>
        <Class>
          <Summary numSequencePoints="1" visitedSequencePoints="0" numBranchPoints="1" visitedBranchPoints="0" sequenceCoverage="0" branchCoverage="0" maxCyclomaticComplexity="1" minCyclomaticComplexity="1" maxCrapScore="2" minCrapScore="2" visitedClasses="0" numClasses="1" visitedMethods="0" numMethods="1" />
          <FullName>Xunit.TestAssemblyExecutionStarting/&lt;&gt;c</FullName>
          <Methods>
            <Method visited="false" cyclomaticComplexity="1" nPathComplexity="0" sequenceCoverage="0" branchCoverage="0" crapScore="2" isConstructor="true" isStatic="true" isGetter="false" isSetter="false">
              <Summary numSequencePoints="0" visitedSequencePoints="0" numBranchPoints="0" visitedBranchPoints="0" sequenceCoverage="0" branchCoverage="0" maxCyclomaticComplexity="1" minCyclomaticComplexity="1" maxCrapScore="2" minCrapScore="2" visitedClasses="0" numClasses="0" visitedMethods="0" numMethods="0" />
              <MetadataToken>100664975</MetadataToken>
              <Name>System.Void Xunit.TestAssemblyExecutionStarting/&lt;&gt;c::.cctor()</Name>
              <SequencePoints />
              <BranchPoints />
              <MethodPoint vc="0" uspid="4943" ordinal="0" offset="0" />
            </Method>
            <Method visited="false" cyclomaticComplexity="1" nPathComplexity="0" sequenceCoverage="0" branchCoverage="0" crapScore="2" isConstructor="true" isStatic="false" isGetter="false" isSetter="false">
              <Summary numSequencePoints="0" visitedSequencePoints="0" numBranchPoints="0" visitedBranchPoints="0" sequenceCoverage="0" branchCoverage="0" maxCyclomaticComplexity="1" minCyclomaticComplexity="1" maxCrapScore="2" minCrapScore="2" visitedClasses="0" numClasses="0" visitedMethods="0" numMethods="0" />
              <MetadataToken>100664976</MetadataToken>
              <Name>System.Void Xunit.TestAssemblyExecutionStarting/&lt;&gt;c::.ctor()</Name>
              <SequencePoints />
              <BranchPoints />
              <MethodPoint vc="0" uspid="4944" ordinal="0" offset="0" />
            </Method>
            <Method visited="false" cyclomaticComplexity="1" nPathComplexity="0" sequenceCoverage="0" branchCoverage="0" crapScore="2" isConstructor="false" isStatic="false" isGetter="false" isSetter="false">
              <Summary numSequencePoints="1" visitedSequencePoints="0" numBranchPoints="1" visitedBranchPoints="0" sequenceCoverage="0" branchCoverage="0" maxCyclomaticComplexity="1" minCyclomaticComplexity="1" maxCrapScore="2" minCrapScore="2" visitedClasses="0" numClasses="0" visitedMethods="0" numMethods="1" />
              <MetadataToken>100664977</MetadataToken>
              <Name>System.String Xunit.TestAssemblyExecutionStarting/&lt;&gt;c::&lt;.cctor&gt;b__12_0(System.Type)</Name>
              <FileRef uid="181" />
              <SequencePoints>
                <SequencePoint vc="0" uspid="4945" ordinal="0" offset="0" sl="12" sc="144" el="12" ec="154" bec="0" bev="0" fileid="181" />
              </SequencePoints>
              <BranchPoints />
              <MethodPoint xsi:type="SequencePoint" vc="0" uspid="4945" ordinal="0" offset="0" sl="12" sc="144" el="12" ec="154" bec="0" bev="0" fileid="181" />
            </Method>
          </Methods>
        </Class>
        <Class>
          <Summary numSequencePoints="10" visitedSequencePoints="0" numBranchPoints="7" visitedBranchPoints="0" sequenceCoverage="0" branchCoverage="0" maxCyclomaticComplexity="1" minCyclomaticComplexity="1" maxCrapScore="2" minCrapScore="2" visitedClasses="0" numClasses="1" visitedMethods="0" numMethods="7" />
          <FullName>Xunit.TestExecutionSummary</FullName>
          <Methods>
            <Method visited="false" cyclomaticComplexity="1" nPathComplexity="0" sequenceCoverage="0" branchCoverage="0" crapScore="2" isConstructor="false" isStatic="false" isGetter="true" isSetter="false">
              <Summary numSequencePoints="1" visitedSequencePoints="0" numBranchPoints="1" visitedBranchPoints="0" sequenceCoverage="0" branchCoverage="0" maxCyclomaticComplexity="1" minCyclomaticComplexity="1" maxCrapScore="2" minCrapScore="2" visitedClasses="0" numClasses="0" visitedMethods="0" numMethods="1" />
              <MetadataToken>100663984</MetadataToken>
              <Name>System.TimeSpan Xunit.TestExecutionSummary::get_ElapsedClockTime()</Name>
              <FileRef uid="183" />
              <SequencePoints>
                <SequencePoint vc="0" uspid="4946" ordinal="0" offset="0" sl="24" sc="44" el="24" ec="48" bec="0" bev="0" fileid="183" />
              </SequencePoints>
              <BranchPoints />
              <MethodPoint xsi:type="SequencePoint" vc="0" uspid="4946" ordinal="0" offset="0" sl="24" sc="44" el="24" ec="48" bec="0" bev="0" fileid="183" />
            </Method>
            <Method visited="false" cyclomaticComplexity="1" nPathComplexity="0" sequenceCoverage="0" branchCoverage="0" crapScore="2" isConstructor="false" isStatic="false" isGetter="false" isSetter="true">
              <Summary numSequencePoints="1" visitedSequencePoints="0" numBranchPoints="1" visitedBranchPoints="0" sequenceCoverage="0" branchCoverage="0" maxCyclomaticComplexity="1" minCyclomaticComplexity="1" maxCrapScore="2" minCrapScore="2" visitedClasses="0" numClasses="0" visitedMethods="0" numMethods="1" />
              <MetadataToken>100663985</MetadataToken>
              <Name>System.Void Xunit.TestExecutionSummary::set_ElapsedClockTime(System.TimeSpan)</Name>
              <FileRef uid="183" />
              <SequencePoints>
                <SequencePoint vc="0" uspid="4947" ordinal="0" offset="0" sl="24" sc="49" el="24" ec="61" bec="0" bev="0" fileid="183" />
              </SequencePoints>
              <BranchPoints />
              <MethodPoint xsi:type="SequencePoint" vc="0" uspid="4947" ordinal="0" offset="0" sl="24" sc="49" el="24" ec="61" bec="0" bev="0" fileid="183" />
            </Method>
            <Method visited="false" cyclomaticComplexity="1" nPathComplexity="0" sequenceCoverage="0" branchCoverage="0" crapScore="2" isConstructor="false" isStatic="false" isGetter="true" isSetter="false">
              <Summary numSequencePoints="1" visitedSequencePoints="0" numBranchPoints="1" visitedBranchPoints="0" sequenceCoverage="0" branchCoverage="0" maxCyclomaticComplexity="1" minCyclomaticComplexity="1" maxCrapScore="2" minCrapScore="2" visitedClasses="0" numClasses="0" visitedMethods="0" numMethods="1" />
              <MetadataToken>100663986</MetadataToken>
              <Name>System.Collections.Generic.HashSet`1&lt;System.String&gt; Xunit.TestExecutionSummary::get_InterfaceTypes()</Name>
              <FileRef uid="183" />
              <SequencePoints>
                <SequencePoint vc="0" uspid="4948" ordinal="0" offset="0" sl="27" sc="50" el="27" ec="64" bec="0" bev="0" fileid="183" />
              </SequencePoints>
              <BranchPoints />
              <MethodPoint xsi:type="SequencePoint" vc="0" uspid="4948" ordinal="0" offset="0" sl="27" sc="50" el="27" ec="64" bec="0" bev="0" fileid="183" />
            </Method>
            <Method visited="false" cyclomaticComplexity="1" nPathComplexity="0" sequenceCoverage="0" branchCoverage="0" crapScore="2" isConstructor="false" isStatic="false" isGetter="true" isSetter="false">
              <Summary numSequencePoints="1" visitedSequencePoints="0" numBranchPoints="1" visitedBranchPoints="0" sequenceCoverage="0" branchCoverage="0" maxCyclomaticComplexity="1" minCyclomaticComplexity="1" maxCrapScore="2" minCrapScore="2" visitedClasses="0" numClasses="0" visitedMethods="0" numMethods="1" />
              <MetadataToken>100663987</MetadataToken>
              <Name>System.Collections.Generic.List`1&lt;System.Collections.Generic.KeyValuePair`2&lt;System.String,Xunit.ExecutionSummary&gt;&gt; Xunit.TestExecutionSummary::get_Summaries()</Name>
              <FileRef uid="183" />
              <SequencePoints>
                <SequencePoint vc="0" uspid="4949" ordinal="0" offset="0" sl="30" sc="73" el="30" ec="77" bec="0" bev="0" fileid="183" />
              </SequencePoints>
              <BranchPoints />
              <MethodPoint xsi:type="SequencePoint" vc="0" uspid="4949" ordinal="0" offset="0" sl="30" sc="73" el="30" ec="77" bec="0" bev="0" fileid="183" />
            </Method>
            <Method visited="false" cyclomaticComplexity="1" nPathComplexity="0" sequenceCoverage="0" branchCoverage="0" crapScore="2" isConstructor="false" isStatic="false" isGetter="false" isSetter="true">
              <Summary numSequencePoints="1" visitedSequencePoints="0" numBranchPoints="1" visitedBranchPoints="0" sequenceCoverage="0" branchCoverage="0" maxCyclomaticComplexity="1" minCyclomaticComplexity="1" maxCrapScore="2" minCrapScore="2" visitedClasses="0" numClasses="0" visitedMethods="0" numMethods="1" />
              <MetadataToken>100663988</MetadataToken>
              <Name>System.Void Xunit.TestExecutionSummary::set_Summaries(System.Collections.Generic.List`1&lt;System.Collections.Generic.KeyValuePair`2&lt;System.String,Xunit.ExecutionSummary&gt;&gt;)</Name>
              <FileRef uid="183" />
              <SequencePoints>
                <SequencePoint vc="0" uspid="4950" ordinal="0" offset="0" sl="30" sc="78" el="30" ec="90" bec="0" bev="0" fileid="183" />
              </SequencePoints>
              <BranchPoints />
              <MethodPoint xsi:type="SequencePoint" vc="0" uspid="4950" ordinal="0" offset="0" sl="30" sc="78" el="30" ec="90" bec="0" bev="0" fileid="183" />
            </Method>
            <Method visited="false" cyclomaticComplexity="1" nPathComplexity="0" sequenceCoverage="0" branchCoverage="0" crapScore="2" isConstructor="true" isStatic="false" isGetter="false" isSetter="false">
              <Summary numSequencePoints="4" visitedSequencePoints="0" numBranchPoints="1" visitedBranchPoints="0" sequenceCoverage="0" branchCoverage="0" maxCyclomaticComplexity="1" minCyclomaticComplexity="1" maxCrapScore="2" minCrapScore="2" visitedClasses="0" numClasses="0" visitedMethods="0" numMethods="1" />
              <MetadataToken>100663983</MetadataToken>
              <Name>System.Void Xunit.TestExecutionSummary::.ctor(System.TimeSpan,System.Collections.Generic.List`1&lt;System.Collections.Generic.KeyValuePair`2&lt;System.String,Xunit.ExecutionSummary&gt;&gt;)</Name>
              <FileRef uid="183" />
              <SequencePoints>
                <SequencePoint vc="0" uspid="4951" ordinal="0" offset="0" sl="17" sc="9" el="17" ec="119" bec="0" bev="0" fileid="183" />
                <SequencePoint vc="0" uspid="4952" ordinal="1" offset="6" sl="19" sc="13" el="19" ec="49" bec="0" bev="0" fileid="183" />
                <SequencePoint vc="0" uspid="4953" ordinal="2" offset="13" sl="20" sc="13" el="20" ec="35" bec="0" bev="0" fileid="183" />
                <SequencePoint vc="0" uspid="4954" ordinal="3" offset="20" sl="21" sc="9" el="21" ec="10" bec="0" bev="0" fileid="183" />
              </SequencePoints>
              <BranchPoints />
              <MethodPoint xsi:type="SequencePoint" vc="0" uspid="4951" ordinal="0" offset="0" sl="17" sc="9" el="17" ec="119" bec="0" bev="0" fileid="183" />
            </Method>
            <Method visited="false" cyclomaticComplexity="1" nPathComplexity="0" sequenceCoverage="0" branchCoverage="0" crapScore="2" isConstructor="true" isStatic="true" isGetter="false" isSetter="false">
              <Summary numSequencePoints="1" visitedSequencePoints="0" numBranchPoints="1" visitedBranchPoints="0" sequenceCoverage="0" branchCoverage="0" maxCyclomaticComplexity="1" minCyclomaticComplexity="1" maxCrapScore="2" minCrapScore="2" visitedClasses="0" numClasses="0" visitedMethods="0" numMethods="1" />
              <MetadataToken>100663989</MetadataToken>
              <Name>System.Void Xunit.TestExecutionSummary::.cctor()</Name>
              <FileRef uid="183" />
              <SequencePoints>
                <SequencePoint vc="0" uspid="4955" ordinal="0" offset="0" sl="12" sc="9" el="12" ec="148" bec="0" bev="0" fileid="183" />
              </SequencePoints>
              <BranchPoints />
              <MethodPoint xsi:type="SequencePoint" vc="0" uspid="4955" ordinal="0" offset="0" sl="12" sc="9" el="12" ec="148" bec="0" bev="0" fileid="183" />
            </Method>
          </Methods>
        </Class>
        <Class>
          <Summary numSequencePoints="1" visitedSequencePoints="0" numBranchPoints="1" visitedBranchPoints="0" sequenceCoverage="0" branchCoverage="0" maxCyclomaticComplexity="1" minCyclomaticComplexity="1" maxCrapScore="2" minCrapScore="2" visitedClasses="0" numClasses="1" visitedMethods="0" numMethods="1" />
          <FullName>Xunit.TestExecutionSummary/&lt;&gt;c</FullName>
          <Methods>
            <Method visited="false" cyclomaticComplexity="1" nPathComplexity="0" sequenceCoverage="0" branchCoverage="0" crapScore="2" isConstructor="true" isStatic="true" isGetter="false" isSetter="false">
              <Summary numSequencePoints="0" visitedSequencePoints="0" numBranchPoints="0" visitedBranchPoints="0" sequenceCoverage="0" branchCoverage="0" maxCyclomaticComplexity="1" minCyclomaticComplexity="1" maxCrapScore="2" minCrapScore="2" visitedClasses="0" numClasses="0" visitedMethods="0" numMethods="0" />
              <MetadataToken>100664978</MetadataToken>
              <Name>System.Void Xunit.TestExecutionSummary/&lt;&gt;c::.cctor()</Name>
              <SequencePoints />
              <BranchPoints />
              <MethodPoint vc="0" uspid="4956" ordinal="0" offset="0" />
            </Method>
            <Method visited="false" cyclomaticComplexity="1" nPathComplexity="0" sequenceCoverage="0" branchCoverage="0" crapScore="2" isConstructor="true" isStatic="false" isGetter="false" isSetter="false">
              <Summary numSequencePoints="0" visitedSequencePoints="0" numBranchPoints="0" visitedBranchPoints="0" sequenceCoverage="0" branchCoverage="0" maxCyclomaticComplexity="1" minCyclomaticComplexity="1" maxCrapScore="2" minCrapScore="2" visitedClasses="0" numClasses="0" visitedMethods="0" numMethods="0" />
              <MetadataToken>100664979</MetadataToken>
              <Name>System.Void Xunit.TestExecutionSummary/&lt;&gt;c::.ctor()</Name>
              <SequencePoints />
              <BranchPoints />
              <MethodPoint vc="0" uspid="4957" ordinal="0" offset="0" />
            </Method>
            <Method visited="false" cyclomaticComplexity="1" nPathComplexity="0" sequenceCoverage="0" branchCoverage="0" crapScore="2" isConstructor="false" isStatic="false" isGetter="false" isSetter="false">
              <Summary numSequencePoints="1" visitedSequencePoints="0" numBranchPoints="1" visitedBranchPoints="0" sequenceCoverage="0" branchCoverage="0" maxCyclomaticComplexity="1" minCyclomaticComplexity="1" maxCrapScore="2" minCrapScore="2" visitedClasses="0" numClasses="0" visitedMethods="0" numMethods="1" />
              <MetadataToken>100664980</MetadataToken>
              <Name>System.String Xunit.TestExecutionSummary/&lt;&gt;c::&lt;.cctor&gt;b__12_0(System.Type)</Name>
              <FileRef uid="183" />
              <SequencePoints>
                <SequencePoint vc="0" uspid="4958" ordinal="0" offset="0" sl="12" sc="135" el="12" ec="145" bec="0" bev="0" fileid="183" />
              </SequencePoints>
              <BranchPoints />
              <MethodPoint xsi:type="SequencePoint" vc="0" uspid="4958" ordinal="0" offset="0" sl="12" sc="135" el="12" ec="145" bec="0" bev="0" fileid="183" />
            </Method>
          </Methods>
        </Class>
        <Class>
          <Summary numSequencePoints="89" visitedSequencePoints="0" numBranchPoints="65" visitedBranchPoints="0" sequenceCoverage="0" branchCoverage="0" maxCyclomaticComplexity="11" minCyclomaticComplexity="1" maxCrapScore="132" minCrapScore="2" visitedClasses="0" numClasses="1" visitedMethods="0" numMethods="13" />
          <FullName>Xunit.XunitFilters</FullName>
          <Methods>
            <Method visited="false" cyclomaticComplexity="1" nPathComplexity="0" sequenceCoverage="0" branchCoverage="0" crapScore="2" isConstructor="false" isStatic="false" isGetter="true" isSetter="false">
              <Summary numSequencePoints="1" visitedSequencePoints="0" numBranchPoints="1" visitedBranchPoints="0" sequenceCoverage="0" branchCoverage="0" maxCyclomaticComplexity="1" minCyclomaticComplexity="1" maxCrapScore="2" minCrapScore="2" visitedClasses="0" numClasses="0" visitedMethods="0" numMethods="1" />
              <MetadataToken>100663991</MetadataToken>
              <Name>System.Collections.Generic.Dictionary`2&lt;System.String,System.Collections.Generic.List`1&lt;System.String&gt;&gt; Xunit.XunitFilters::get_ExcludedTraits()</Name>
              <FileRef uid="185" />
              <SequencePoints>
                <SequencePoint vc="0" uspid="4959" ordinal="0" offset="0" sl="35" sc="66" el="35" ec="70" bec="0" bev="0" fileid="185" />
              </SequencePoints>
              <BranchPoints />
              <MethodPoint xsi:type="SequencePoint" vc="0" uspid="4959" ordinal="0" offset="0" sl="35" sc="66" el="35" ec="70" bec="0" bev="0" fileid="185" />
            </Method>
            <Method visited="false" cyclomaticComplexity="1" nPathComplexity="0" sequenceCoverage="0" branchCoverage="0" crapScore="2" isConstructor="false" isStatic="false" isGetter="true" isSetter="false">
              <Summary numSequencePoints="1" visitedSequencePoints="0" numBranchPoints="1" visitedBranchPoints="0" sequenceCoverage="0" branchCoverage="0" maxCyclomaticComplexity="1" minCyclomaticComplexity="1" maxCrapScore="2" minCrapScore="2" visitedClasses="0" numClasses="0" visitedMethods="0" numMethods="1" />
              <MetadataToken>100663992</MetadataToken>
              <Name>System.Collections.Generic.Dictionary`2&lt;System.String,System.Collections.Generic.List`1&lt;System.String&gt;&gt; Xunit.XunitFilters::get_IncludedTraits()</Name>
              <FileRef uid="185" />
              <SequencePoints>
                <SequencePoint vc="0" uspid="4960" ordinal="0" offset="0" sl="40" sc="66" el="40" ec="70" bec="0" bev="0" fileid="185" />
              </SequencePoints>
              <BranchPoints />
              <MethodPoint xsi:type="SequencePoint" vc="0" uspid="4960" ordinal="0" offset="0" sl="40" sc="66" el="40" ec="70" bec="0" bev="0" fileid="185" />
            </Method>
            <Method visited="false" cyclomaticComplexity="1" nPathComplexity="0" sequenceCoverage="0" branchCoverage="0" crapScore="2" isConstructor="false" isStatic="false" isGetter="true" isSetter="false">
              <Summary numSequencePoints="1" visitedSequencePoints="0" numBranchPoints="1" visitedBranchPoints="0" sequenceCoverage="0" branchCoverage="0" maxCyclomaticComplexity="1" minCyclomaticComplexity="1" maxCrapScore="2" minCrapScore="2" visitedClasses="0" numClasses="0" visitedMethods="0" numMethods="1" />
              <MetadataToken>100663993</MetadataToken>
              <Name>System.Collections.Generic.HashSet`1&lt;System.String&gt; Xunit.XunitFilters::get_IncludedClasses()</Name>
              <FileRef uid="185" />
              <SequencePoints>
                <SequencePoint vc="0" uspid="4961" ordinal="0" offset="0" sl="45" sc="50" el="45" ec="54" bec="0" bev="0" fileid="185" />
              </SequencePoints>
              <BranchPoints />
              <MethodPoint xsi:type="SequencePoint" vc="0" uspid="4961" ordinal="0" offset="0" sl="45" sc="50" el="45" ec="54" bec="0" bev="0" fileid="185" />
            </Method>
            <Method visited="false" cyclomaticComplexity="1" nPathComplexity="0" sequenceCoverage="0" branchCoverage="0" crapScore="2" isConstructor="false" isStatic="false" isGetter="true" isSetter="false">
              <Summary numSequencePoints="1" visitedSequencePoints="0" numBranchPoints="1" visitedBranchPoints="0" sequenceCoverage="0" branchCoverage="0" maxCyclomaticComplexity="1" minCyclomaticComplexity="1" maxCrapScore="2" minCrapScore="2" visitedClasses="0" numClasses="0" visitedMethods="0" numMethods="1" />
              <MetadataToken>100663994</MetadataToken>
              <Name>System.Collections.Generic.ICollection`1&lt;System.String&gt; Xunit.XunitFilters::get_IncludedMethods()</Name>
              <FileRef uid="185" />
              <SequencePoints>
                <SequencePoint vc="0" uspid="4962" ordinal="0" offset="0" sl="50" sc="55" el="50" ec="70" bec="0" bev="0" fileid="185" />
              </SequencePoints>
              <BranchPoints />
              <MethodPoint xsi:type="SequencePoint" vc="0" uspid="4962" ordinal="0" offset="0" sl="50" sc="55" el="50" ec="70" bec="0" bev="0" fileid="185" />
            </Method>
            <Method visited="false" cyclomaticComplexity="1" nPathComplexity="0" sequenceCoverage="0" branchCoverage="0" crapScore="2" isConstructor="false" isStatic="false" isGetter="true" isSetter="false">
              <Summary numSequencePoints="1" visitedSequencePoints="0" numBranchPoints="1" visitedBranchPoints="0" sequenceCoverage="0" branchCoverage="0" maxCyclomaticComplexity="1" minCyclomaticComplexity="1" maxCrapScore="2" minCrapScore="2" visitedClasses="0" numClasses="0" visitedMethods="0" numMethods="1" />
              <MetadataToken>100663995</MetadataToken>
              <Name>System.Collections.Generic.HashSet`1&lt;System.String&gt; Xunit.XunitFilters::get_IncludedNameSpaces()</Name>
              <FileRef uid="185" />
              <SequencePoints>
                <SequencePoint vc="0" uspid="4963" ordinal="0" offset="0" sl="55" sc="53" el="55" ec="57" bec="0" bev="0" fileid="185" />
              </SequencePoints>
              <BranchPoints />
              <MethodPoint xsi:type="SequencePoint" vc="0" uspid="4963" ordinal="0" offset="0" sl="55" sc="53" el="55" ec="57" bec="0" bev="0" fileid="185" />
            </Method>
            <Method visited="false" cyclomaticComplexity="1" nPathComplexity="0" sequenceCoverage="0" branchCoverage="0" crapScore="2" isConstructor="true" isStatic="false" isGetter="false" isSetter="false">
              <Summary numSequencePoints="7" visitedSequencePoints="0" numBranchPoints="1" visitedBranchPoints="0" sequenceCoverage="0" branchCoverage="0" maxCyclomaticComplexity="1" minCyclomaticComplexity="1" maxCrapScore="2" minCrapScore="2" visitedClasses="0" numClasses="0" visitedMethods="0" numMethods="1" />
              <MetadataToken>100663990</MetadataToken>
              <Name>System.Void Xunit.XunitFilters::.ctor()</Name>
              <FileRef uid="185" />
              <SequencePoints>
                <SequencePoint vc="0" uspid="4964" ordinal="0" offset="0" sl="23" sc="9" el="23" ec="30" bec="0" bev="0" fileid="185" />
                <SequencePoint vc="0" uspid="4965" ordinal="1" offset="6" sl="25" sc="13" el="25" ec="101" bec="0" bev="0" fileid="185" />
                <SequencePoint vc="0" uspid="4966" ordinal="2" offset="22" sl="26" sc="13" el="26" ec="101" bec="0" bev="0" fileid="185" />
                <SequencePoint vc="0" uspid="4967" ordinal="3" offset="38" sl="27" sc="13" el="27" ec="85" bec="0" bev="0" fileid="185" />
                <SequencePoint vc="0" uspid="4968" ordinal="4" offset="54" sl="28" sc="13" el="28" ec="99" bec="0" bev="0" fileid="185" />
                <SequencePoint vc="0" uspid="4969" ordinal="5" offset="70" sl="29" sc="13" el="29" ec="88" bec="0" bev="0" fileid="185" />
                <SequencePoint vc="0" uspid="4970" ordinal="6" offset="86" sl="30" sc="9" el="30" ec="10" bec="0" bev="0" fileid="185" />
              </SequencePoints>
              <BranchPoints />
              <MethodPoint xsi:type="SequencePoint" vc="0" uspid="4964" ordinal="0" offset="0" sl="23" sc="9" el="23" ec="30" bec="0" bev="0" fileid="185" />
            </Method>
            <Method visited="false" cyclomaticComplexity="5" nPathComplexity="16" sequenceCoverage="0" branchCoverage="0" crapScore="30" isConstructor="false" isStatic="false" isGetter="false" isSetter="false">
              <Summary numSequencePoints="10" visitedSequencePoints="0" numBranchPoints="9" visitedBranchPoints="0" sequenceCoverage="0" branchCoverage="0" maxCyclomaticComplexity="5" minCyclomaticComplexity="5" maxCrapScore="30" minCrapScore="30" visitedClasses="0" numClasses="0" visitedMethods="0" numMethods="1" />
              <MetadataToken>100663996</MetadataToken>
              <Name>System.Boolean Xunit.XunitFilters::Filter(Xunit.Abstractions.ITestCase)</Name>
              <FileRef uid="185" />
              <SequencePoints>
                <SequencePoint vc="0" uspid="4971" ordinal="0" offset="0" sl="64" sc="13" el="64" ec="34" bec="0" bev="0" fileid="185" />
                <SequencePoint vc="0" uspid="4972" ordinal="1" offset="6" sl="66" sc="13" el="66" ec="60" bec="2" bev="0" fileid="185" />
                <SequencePoint vc="0" uspid="4973" ordinal="2" offset="15" sl="67" sc="17" el="67" ec="30" bec="0" bev="0" fileid="185" />
                <SequencePoint vc="0" uspid="4974" ordinal="3" offset="17" sl="68" sc="13" el="68" ec="49" bec="2" bev="0" fileid="185" />
                <SequencePoint vc="0" uspid="4975" ordinal="4" offset="26" sl="69" sc="17" el="69" ec="30" bec="0" bev="0" fileid="185" />
                <SequencePoint vc="0" uspid="4976" ordinal="5" offset="28" sl="70" sc="13" el="70" ec="49" bec="2" bev="0" fileid="185" />
                <SequencePoint vc="0" uspid="4977" ordinal="6" offset="37" sl="71" sc="17" el="71" ec="30" bec="0" bev="0" fileid="185" />
                <SequencePoint vc="0" uspid="4978" ordinal="7" offset="39" sl="72" sc="13" el="72" ec="53" bec="2" bev="0" fileid="185" />
                <SequencePoint vc="0" uspid="4979" ordinal="8" offset="48" sl="73" sc="17" el="73" ec="30" bec="0" bev="0" fileid="185" />
                <SequencePoint vc="0" uspid="4980" ordinal="9" offset="50" sl="75" sc="13" el="75" ec="25" bec="0" bev="0" fileid="185" />
              </SequencePoints>
              <BranchPoints>
                <BranchPoint vc="0" uspid="4981" ordinal="0" offset="13" sl="66" path="0" offsetend="15" fileid="185" />
                <BranchPoint vc="0" uspid="4982" ordinal="1" offset="13" sl="66" path="1" offsetend="17" fileid="185" />
                <BranchPoint vc="0" uspid="4983" ordinal="2" offset="24" sl="68" path="0" offsetend="26" fileid="185" />
                <BranchPoint vc="0" uspid="4984" ordinal="3" offset="24" sl="68" path="1" offsetend="28" fileid="185" />
                <BranchPoint vc="0" uspid="4985" ordinal="4" offset="35" sl="70" path="0" offsetend="37" fileid="185" />
                <BranchPoint vc="0" uspid="4986" ordinal="5" offset="35" sl="70" path="1" offsetend="39" fileid="185" />
                <BranchPoint vc="0" uspid="4987" ordinal="6" offset="46" sl="72" path="0" offsetend="48" fileid="185" />
                <BranchPoint vc="0" uspid="4988" ordinal="7" offset="46" sl="72" path="1" offsetend="50" fileid="185" />
              </BranchPoints>
              <MethodPoint xsi:type="SequencePoint" vc="0" uspid="4971" ordinal="0" offset="0" sl="64" sc="13" el="64" ec="34" bec="0" bev="0" fileid="185" />
            </Method>
            <Method visited="false" cyclomaticComplexity="4" nPathComplexity="8" sequenceCoverage="0" branchCoverage="0" crapScore="20" isConstructor="false" isStatic="false" isGetter="false" isSetter="false">
              <Summary numSequencePoints="5" visitedSequencePoints="0" numBranchPoints="7" visitedBranchPoints="0" sequenceCoverage="0" branchCoverage="0" maxCyclomaticComplexity="4" minCyclomaticComplexity="4" maxCrapScore="20" minCrapScore="20" visitedClasses="0" numClasses="0" visitedMethods="0" numMethods="1" />
              <MetadataToken>100663997</MetadataToken>
              <Name>System.Boolean Xunit.XunitFilters::FilterIncludedNameSpaces(Xunit.Abstractions.ITestCase)</Name>
              <FileRef uid="185" />
              <SequencePoints>
                <SequencePoint vc="0" uspid="4989" ordinal="0" offset="13" sl="81" sc="13" el="81" ec="47" bec="2" bev="0" fileid="185" />
                <SequencePoint vc="0" uspid="4990" ordinal="1" offset="26" sl="82" sc="17" el="82" ec="29" bec="0" bev="0" fileid="185" />
                <SequencePoint vc="0" uspid="4991" ordinal="2" offset="28" sl="84" sc="13" el="84" ec="166" bec="3" bev="0" fileid="185" />
                <SequencePoint vc="0" uspid="4992" ordinal="3" offset="66" sl="85" sc="17" el="85" ec="29" bec="0" bev="0" fileid="185" />
                <SequencePoint vc="0" uspid="4993" ordinal="4" offset="68" sl="87" sc="13" el="87" ec="26" bec="0" bev="0" fileid="185" />
              </SequencePoints>
              <BranchPoints>
                <BranchPoint vc="0" uspid="4994" ordinal="0" offset="24" sl="81" path="0" offsetend="26" fileid="185" />
                <BranchPoint vc="0" uspid="4995" ordinal="1" offset="24" sl="81" path="1" offsetend="28" fileid="185" />
                <BranchPoint vc="0" uspid="4996" ordinal="2" offset="39" sl="84" path="0" offsetend="41" fileid="185" />
                <BranchPoint vc="0" uspid="4997" ordinal="3" offset="39" sl="84" path="1" offsetend="68" fileid="185" />
                <BranchPoint vc="0" uspid="4998" ordinal="4" offset="64" sl="84" path="0" offsetend="66" fileid="185" />
                <BranchPoint vc="0" uspid="4999" ordinal="5" offset="64" sl="84" path="1" offsetend="68" fileid="185" />
              </BranchPoints>
              <MethodPoint vc="0" uspid="5000" ordinal="0" offset="0" />
            </Method>
            <Method visited="false" cyclomaticComplexity="11" nPathComplexity="512" sequenceCoverage="0" branchCoverage="0" crapScore="132" isConstructor="false" isStatic="false" isGetter="false" isSetter="false">
              <Summary numSequencePoints="15" visitedSequencePoints="0" numBranchPoints="19" visitedBranchPoints="0" sequenceCoverage="0" branchCoverage="0" maxCyclomaticComplexity="11" minCyclomaticComplexity="11" maxCrapScore="132" minCrapScore="132" visitedClasses="0" numClasses="0" visitedMethods="0" numMethods="1" />
              <MetadataToken>100663998</MetadataToken>
              <Name>System.Boolean Xunit.XunitFilters::FilterIncludedMethodsAndClasses(Xunit.Abstractions.ITestCase)</Name>
              <FileRef uid="185" />
              <SequencePoints>
                <SequencePoint vc="0" uspid="5001" ordinal="0" offset="0" sl="93" sc="13" el="93" ec="113" bec="4" bev="0" fileid="185" />
                <SequencePoint vc="0" uspid="5002" ordinal="1" offset="39" sl="94" sc="17" el="94" ec="29" bec="0" bev="0" fileid="185" />
                <SequencePoint vc="0" uspid="5003" ordinal="2" offset="41" sl="96" sc="13" el="96" ec="114" bec="3" bev="0" fileid="185" />
                <SequencePoint vc="0" uspid="5004" ordinal="3" offset="88" sl="97" sc="17" el="97" ec="29" bec="0" bev="0" fileid="185" />
                <SequencePoint vc="0" uspid="5005" ordinal="4" offset="90" sl="99" sc="13" el="99" ec="110" bec="0" bev="0" fileid="185" />
                <SequencePoint vc="0" uspid="5006" ordinal="5" offset="138" sl="101" sc="13" el="101" ec="96" bec="3" bev="0" fileid="185" />
                <SequencePoint vc="0" uspid="5007" ordinal="6" offset="165" sl="102" sc="17" el="102" ec="29" bec="0" bev="0" fileid="185" />
                <SequencePoint vc="0" uspid="5008" ordinal="7" offset="167" sl="104" sc="13" el="104" ec="47" bec="2" bev="0" fileid="185" />
                <SequencePoint vc="0" uspid="5009" ordinal="8" offset="180" sl="105" sc="39" el="105" ec="57" bec="0" bev="0" fileid="185" />
                <SequencePoint vc="0" uspid="5010" ordinal="9" offset="194" sl="105" sc="26" el="105" ec="35" bec="0" bev="0" fileid="185" />
                <SequencePoint vc="0" uspid="5011" ordinal="10" offset="201" sl="106" sc="21" el="106" ec="51" bec="2" bev="0" fileid="185" />
                <SequencePoint vc="0" uspid="5012" ordinal="11" offset="209" sl="107" sc="25" el="107" ec="37" bec="0" bev="0" fileid="185" />
                <SequencePoint vc="0" uspid="5013" ordinal="12" offset="213" sl="105" sc="36" el="105" ec="38" bec="0" bev="0" fileid="185" />
                <SequencePoint vc="0" uspid="5014" ordinal="13" offset="238" sl="109" sc="13" el="109" ec="26" bec="0" bev="0" fileid="185" />
                <SequencePoint vc="0" uspid="5015" ordinal="14" offset="240" sl="110" sc="9" el="110" ec="10" bec="0" bev="0" fileid="185" />
              </SequencePoints>
              <BranchPoints>
                <BranchPoint vc="0" uspid="5016" ordinal="0" offset="11" sl="93" path="0" offsetend="13" fileid="185" />
                <BranchPoint vc="0" uspid="5017" ordinal="1" offset="11" sl="93" path="1" offsetend="41" fileid="185" />
                <BranchPoint vc="0" uspid="5018" ordinal="2" offset="24" sl="93" path="0" offsetend="26" fileid="185" />
                <BranchPoint vc="0" uspid="5019" ordinal="3" offset="24" sl="93" path="1" offsetend="41" fileid="185" />
                <BranchPoint vc="0" uspid="5020" ordinal="4" offset="37" sl="93" path="0" offsetend="39" fileid="185" />
                <BranchPoint vc="0" uspid="5021" ordinal="5" offset="37" sl="93" path="1" offsetend="41" fileid="185" />
                <BranchPoint vc="0" uspid="5022" ordinal="6" offset="52" sl="96" path="0" offsetend="54" fileid="185" />
                <BranchPoint vc="0" uspid="5023" ordinal="7" offset="52" sl="96" path="1" offsetend="90" fileid="185" />
                <BranchPoint vc="0" uspid="5024" ordinal="8" offset="86" sl="96" path="0" offsetend="88" fileid="185" />
                <BranchPoint vc="0" uspid="5025" ordinal="9" offset="86" sl="96" path="1" offsetend="90" fileid="185" />
                <BranchPoint vc="0" uspid="5026" ordinal="10" offset="149" sl="101" path="0" offsetend="151" fileid="185" />
                <BranchPoint vc="0" uspid="5027" ordinal="11" offset="149" sl="101" path="1" offsetend="167" fileid="185" />
                <BranchPoint vc="0" uspid="5028" ordinal="12" offset="163" sl="101" path="0" offsetend="165" fileid="185" />
                <BranchPoint vc="0" uspid="5029" ordinal="13" offset="163" sl="101" path="1" offsetend="167" fileid="185" />
                <BranchPoint vc="0" uspid="5030" ordinal="14" offset="178" sl="104" path="0" offsetend="180" fileid="185" />
                <BranchPoint vc="0" uspid="5031" ordinal="15" offset="178" sl="104" path="1" offsetend="238" fileid="185" />
                <BranchPoint vc="0" uspid="5032" ordinal="16" offset="207" sl="106" path="0" offsetend="209" fileid="185" />
                <BranchPoint vc="0" uspid="5033" ordinal="17" offset="207" sl="106" path="1" offsetend="213" fileid="185" />
              </BranchPoints>
              <MethodPoint xsi:type="SequencePoint" vc="0" uspid="5001" ordinal="0" offset="0" sl="93" sc="13" el="93" ec="113" bec="4" bev="0" fileid="185" />
            </Method>
            <Method visited="false" cyclomaticComplexity="6" nPathComplexity="8" sequenceCoverage="0" branchCoverage="0" crapScore="42" isConstructor="false" isStatic="false" isGetter="false" isSetter="false">
              <Summary numSequencePoints="14" visitedSequencePoints="0" numBranchPoints="7" visitedBranchPoints="0" sequenceCoverage="0" branchCoverage="0" maxCyclomaticComplexity="6" minCyclomaticComplexity="6" maxCrapScore="42" minCrapScore="42" visitedClasses="0" numClasses="0" visitedMethods="0" numMethods="1" />
              <MetadataToken>100663999</MetadataToken>
              <Name>System.Boolean Xunit.XunitFilters::FilterExcludedTraits(Xunit.Abstractions.ITestCase)</Name>
              <FileRef uid="185" />
              <SequencePoints>
                <SequencePoint vc="0" uspid="5036" ordinal="0" offset="0" sl="115" sc="13" el="115" ec="43" bec="2" bev="0" fileid="185" />
                <SequencePoint vc="0" uspid="5037" ordinal="1" offset="13" sl="116" sc="17" el="116" ec="29" bec="0" bev="0" fileid="185" />
                <SequencePoint vc="0" uspid="5038" ordinal="2" offset="15" sl="119" sc="13" el="119" ec="44" bec="2" bev="0" fileid="185" />
                <SequencePoint vc="0" uspid="5039" ordinal="3" offset="28" sl="120" sc="17" el="120" ec="29" bec="0" bev="0" fileid="185" />
                <SequencePoint vc="0" uspid="5040" ordinal="4" offset="30" sl="122" sc="33" el="122" ec="52" bec="0" bev="0" fileid="185" />
                <SequencePoint vc="0" uspid="5041" ordinal="5" offset="49" sl="122" sc="22" el="122" ec="29" bec="0" bev="0" fileid="185" />
                <SequencePoint vc="0" uspid="5042" ordinal="6" offset="57" sl="123" sc="39" el="123" ec="58" bec="0" bev="0" fileid="185" />
                <SequencePoint vc="0" uspid="5043" ordinal="7" offset="77" sl="123" sc="26" el="123" ec="35" bec="0" bev="0" fileid="185" />
                <SequencePoint vc="0" uspid="5044" ordinal="8" offset="85" sl="124" sc="21" el="124" ec="96" bec="2" bev="0" fileid="185" />
                <SequencePoint vc="0" uspid="5045" ordinal="9" offset="105" sl="125" sc="25" el="125" ec="38" bec="0" bev="0" fileid="185" />
                <SequencePoint vc="0" uspid="5046" ordinal="10" offset="110" sl="123" sc="36" el="123" ec="38" bec="0" bev="0" fileid="185" />
                <SequencePoint vc="0" uspid="5047" ordinal="11" offset="135" sl="122" sc="30" el="122" ec="32" bec="0" bev="0" fileid="185" />
                <SequencePoint vc="0" uspid="5048" ordinal="12" offset="160" sl="127" sc="13" el="127" ec="25" bec="0" bev="0" fileid="185" />
                <SequencePoint vc="0" uspid="5049" ordinal="13" offset="162" sl="128" sc="9" el="128" ec="10" bec="0" bev="0" fileid="185" />
              </SequencePoints>
              <BranchPoints>
                <BranchPoint vc="0" uspid="5050" ordinal="0" offset="11" sl="115" path="0" offsetend="13" fileid="185" />
                <BranchPoint vc="0" uspid="5051" ordinal="1" offset="11" sl="115" path="1" offsetend="15" fileid="185" />
                <BranchPoint vc="0" uspid="5052" ordinal="2" offset="26" sl="119" path="0" offsetend="28" fileid="185" />
                <BranchPoint vc="0" uspid="5053" ordinal="3" offset="26" sl="119" path="1" offsetend="30" fileid="185" />
                <BranchPoint vc="0" uspid="5054" ordinal="4" offset="103" sl="124" path="0" offsetend="105" fileid="185" />
                <BranchPoint vc="0" uspid="5055" ordinal="5" offset="103" sl="124" path="1" offsetend="110" fileid="185" />
              </BranchPoints>
              <MethodPoint xsi:type="SequencePoint" vc="0" uspid="5036" ordinal="0" offset="0" sl="115" sc="13" el="115" ec="43" bec="2" bev="0" fileid="185" />
            </Method>
            <Method visited="false" cyclomaticComplexity="6" nPathComplexity="8" sequenceCoverage="0" branchCoverage="0" crapScore="42" isConstructor="false" isStatic="false" isGetter="false" isSetter="false">
              <Summary numSequencePoints="14" visitedSequencePoints="0" numBranchPoints="7" visitedBranchPoints="0" sequenceCoverage="0" branchCoverage="0" maxCyclomaticComplexity="6" minCyclomaticComplexity="6" maxCrapScore="42" minCrapScore="42" visitedClasses="0" numClasses="0" visitedMethods="0" numMethods="1" />
              <MetadataToken>100664000</MetadataToken>
              <Name>System.Boolean Xunit.XunitFilters::FilterIncludedTraits(Xunit.Abstractions.ITestCase)</Name>
              <FileRef uid="185" />
              <SequencePoints>
                <SequencePoint vc="0" uspid="5060" ordinal="0" offset="0" sl="133" sc="13" el="133" ec="43" bec="2" bev="0" fileid="185" />
                <SequencePoint vc="0" uspid="5061" ordinal="1" offset="13" sl="134" sc="17" el="134" ec="29" bec="0" bev="0" fileid="185" />
                <SequencePoint vc="0" uspid="5062" ordinal="2" offset="15" sl="137" sc="13" el="137" ec="44" bec="2" bev="0" fileid="185" />
                <SequencePoint vc="0" uspid="5063" ordinal="3" offset="28" sl="138" sc="17" el="138" ec="30" bec="0" bev="0" fileid="185" />
                <SequencePoint vc="0" uspid="5064" ordinal="4" offset="30" sl="140" sc="33" el="140" ec="52" bec="0" bev="0" fileid="185" />
                <SequencePoint vc="0" uspid="5065" ordinal="5" offset="49" sl="140" sc="22" el="140" ec="29" bec="0" bev="0" fileid="185" />
                <SequencePoint vc="0" uspid="5066" ordinal="6" offset="57" sl="141" sc="39" el="141" ec="58" bec="0" bev="0" fileid="185" />
                <SequencePoint vc="0" uspid="5067" ordinal="7" offset="77" sl="141" sc="26" el="141" ec="35" bec="0" bev="0" fileid="185" />
                <SequencePoint vc="0" uspid="5068" ordinal="8" offset="85" sl="142" sc="21" el="142" ec="96" bec="2" bev="0" fileid="185" />
                <SequencePoint vc="0" uspid="5069" ordinal="9" offset="105" sl="143" sc="25" el="143" ec="37" bec="0" bev="0" fileid="185" />
                <SequencePoint vc="0" uspid="5070" ordinal="10" offset="110" sl="141" sc="36" el="141" ec="38" bec="0" bev="0" fileid="185" />
                <SequencePoint vc="0" uspid="5071" ordinal="11" offset="135" sl="140" sc="30" el="140" ec="32" bec="0" bev="0" fileid="185" />
                <SequencePoint vc="0" uspid="5072" ordinal="12" offset="160" sl="145" sc="13" el="145" ec="26" bec="0" bev="0" fileid="185" />
                <SequencePoint vc="0" uspid="5073" ordinal="13" offset="162" sl="146" sc="9" el="146" ec="10" bec="0" bev="0" fileid="185" />
              </SequencePoints>
              <BranchPoints>
                <BranchPoint vc="0" uspid="5074" ordinal="0" offset="11" sl="133" path="0" offsetend="13" fileid="185" />
                <BranchPoint vc="0" uspid="5075" ordinal="1" offset="11" sl="133" path="1" offsetend="15" fileid="185" />
                <BranchPoint vc="0" uspid="5076" ordinal="2" offset="26" sl="137" path="0" offsetend="28" fileid="185" />
                <BranchPoint vc="0" uspid="5077" ordinal="3" offset="26" sl="137" path="1" offsetend="30" fileid="185" />
                <BranchPoint vc="0" uspid="5078" ordinal="4" offset="103" sl="142" path="0" offsetend="105" fileid="185" />
                <BranchPoint vc="0" uspid="5079" ordinal="5" offset="103" sl="142" path="1" offsetend="110" fileid="185" />
              </BranchPoints>
              <MethodPoint xsi:type="SequencePoint" vc="0" uspid="5060" ordinal="0" offset="0" sl="133" sc="13" el="133" ec="43" bec="2" bev="0" fileid="185" />
            </Method>
            <Method visited="false" cyclomaticComplexity="8" nPathComplexity="16" sequenceCoverage="0" branchCoverage="0" crapScore="72" isConstructor="false" isStatic="false" isGetter="false" isSetter="false">
              <Summary numSequencePoints="18" visitedSequencePoints="0" numBranchPoints="9" visitedBranchPoints="0" sequenceCoverage="0" branchCoverage="0" maxCyclomaticComplexity="8" minCyclomaticComplexity="8" maxCrapScore="72" minCrapScore="72" visitedClasses="0" numClasses="0" visitedMethods="0" numMethods="1" />
              <MetadataToken>100664001</MetadataToken>
              <Name>System.Void Xunit.XunitFilters::SplitMethodFilters()</Name>
              <FileRef uid="185" />
              <SequencePoints>
                <SequencePoint vc="0" uspid="5084" ordinal="0" offset="0" sl="150" sc="13" el="150" ec="63" bec="2" bev="0" fileid="185" />
                <SequencePoint vc="0" uspid="5085" ordinal="1" offset="24" sl="151" sc="17" el="151" ec="24" bec="0" bev="0" fileid="185" />
                <SequencePoint vc="0" uspid="5086" ordinal="2" offset="25" sl="153" sc="13" el="153" ec="35" bec="0" bev="0" fileid="185" />
                <SequencePoint vc="0" uspid="5087" ordinal="3" offset="42" sl="155" sc="17" el="155" ec="67" bec="2" bev="0" fileid="185" />
                <SequencePoint vc="0" uspid="5088" ordinal="4" offset="66" sl="156" sc="21" el="156" ec="28" bec="0" bev="0" fileid="185" />
                <SequencePoint vc="0" uspid="5089" ordinal="5" offset="71" sl="158" sc="17" el="158" ec="93" bec="0" bev="0" fileid="185" />
                <SequencePoint vc="0" uspid="5090" ordinal="6" offset="82" sl="159" sc="17" el="159" ec="54" bec="0" bev="0" fileid="185" />
                <SequencePoint vc="0" uspid="5091" ordinal="7" offset="88" sl="161" sc="40" el="161" ec="55" bec="0" bev="0" fileid="185" />
                <SequencePoint vc="0" uspid="5092" ordinal="8" offset="103" sl="161" sc="26" el="161" ec="36" bec="0" bev="0" fileid="185" />
                <SequencePoint vc="0" uspid="5093" ordinal="9" offset="112" sl="162" sc="21" el="162" ec="70" bec="3" bev="0" fileid="185" />
                <SequencePoint vc="0" uspid="5094" ordinal="10" offset="140" sl="163" sc="25" el="163" ec="78" bec="0" bev="0" fileid="185" />
                <SequencePoint vc="0" uspid="5095" ordinal="11" offset="161" sl="165" sc="25" el="165" ec="53" bec="0" bev="0" fileid="185" />
                <SequencePoint vc="0" uspid="5096" ordinal="12" offset="170" sl="161" sc="37" el="161" ec="39" bec="0" bev="0" fileid="185" />
                <SequencePoint vc="0" uspid="5097" ordinal="13" offset="193" sl="167" sc="17" el="167" ec="57" bec="0" bev="0" fileid="185" />
                <SequencePoint vc="0" uspid="5098" ordinal="14" offset="200" sl="168" sc="17" el="168" ec="51" bec="0" bev="0" fileid="185" />
                <SequencePoint vc="0" uspid="5099" ordinal="15" offset="207" sl="169" sc="17" el="169" ec="62" bec="0" bev="0" fileid="185" />
                <SequencePoint vc="0" uspid="5100" ordinal="16" offset="224" sl="170" sc="13" el="170" ec="14" bec="0" bev="0" fileid="185" />
                <SequencePoint vc="0" uspid="5101" ordinal="17" offset="236" sl="171" sc="9" el="171" ec="10" bec="0" bev="0" fileid="185" />
              </SequencePoints>
              <BranchPoints>
                <BranchPoint vc="0" uspid="5102" ordinal="0" offset="22" sl="150" path="0" offsetend="24" fileid="185" />
                <BranchPoint vc="0" uspid="5103" ordinal="1" offset="22" sl="150" path="1" offsetend="25" fileid="185" />
                <BranchPoint vc="0" uspid="5104" ordinal="2" offset="64" sl="155" path="0" offsetend="66" fileid="185" />
                <BranchPoint vc="0" uspid="5105" ordinal="3" offset="64" sl="155" path="1" offsetend="71" fileid="185" />
                <BranchPoint vc="0" uspid="5106" ordinal="4" offset="124" sl="162" path="0" offsetend="126" fileid="185" />
                <BranchPoint vc="0" uspid="5107" ordinal="5" offset="124" sl="162" path="1" offsetend="140" fileid="185" />
                <BranchPoint vc="0" uspid="5108" ordinal="6" offset="138" sl="162" path="0" offsetend="140" fileid="185" />
                <BranchPoint vc="0" uspid="5109" ordinal="7" offset="138" sl="162" path="1" offsetend="161" fileid="185" />
              </BranchPoints>
              <MethodPoint xsi:type="SequencePoint" vc="0" uspid="5084" ordinal="0" offset="0" sl="150" sc="13" el="150" ec="63" bec="2" bev="0" fileid="185" />
            </Method>
            <Method visited="false" cyclomaticComplexity="1" nPathComplexity="0" sequenceCoverage="0" branchCoverage="0" crapScore="2" isConstructor="false" isStatic="false" isGetter="false" isSetter="false">
              <Summary numSequencePoints="1" visitedSequencePoints="0" numBranchPoints="1" visitedBranchPoints="0" sequenceCoverage="0" branchCoverage="0" maxCyclomaticComplexity="1" minCyclomaticComplexity="1" maxCrapScore="2" minCrapScore="2" visitedClasses="0" numClasses="0" visitedMethods="0" numMethods="1" />
              <MetadataToken>100664002</MetadataToken>
              <Name>System.String Xunit.XunitFilters::WildcardToRegex(System.String)</Name>
              <FileRef uid="185" />
              <SequencePoints>
                <SequencePoint vc="0" uspid="5112" ordinal="0" offset="0" sl="174" sc="16" el="174" ec="85" bec="0" bev="0" fileid="185" />
              </SequencePoints>
              <BranchPoints />
              <MethodPoint xsi:type="SequencePoint" vc="0" uspid="5112" ordinal="0" offset="0" sl="174" sc="16" el="174" ec="85" bec="0" bev="0" fileid="185" />
            </Method>
          </Methods>
        </Class>
        <Class>
          <Summary numSequencePoints="26" visitedSequencePoints="0" numBranchPoints="12" visitedBranchPoints="0" sequenceCoverage="0" branchCoverage="0" maxCyclomaticComplexity="2" minCyclomaticComplexity="1" maxCrapScore="6" minCrapScore="2" visitedClasses="0" numClasses="1" visitedMethods="0" numMethods="12" />
          <FullName>Xunit.XunitFilters/ChangeTrackingHashSet`1</FullName>
          <Methods>
            <Method visited="false" cyclomaticComplexity="1" nPathComplexity="0" sequenceCoverage="0" branchCoverage="0" crapScore="2" isConstructor="false" isStatic="false" isGetter="true" isSetter="false">
              <Summary numSequencePoints="1" visitedSequencePoints="0" numBranchPoints="1" visitedBranchPoints="0" sequenceCoverage="0" branchCoverage="0" maxCyclomaticComplexity="1" minCyclomaticComplexity="1" maxCrapScore="2" minCrapScore="2" visitedClasses="0" numClasses="0" visitedMethods="0" numMethods="1" />
              <MetadataToken>100664982</MetadataToken>
              <Name>System.Int32 Xunit.XunitFilters/ChangeTrackingHashSet`1::get_Count()</Name>
              <FileRef uid="185" />
              <SequencePoints>
                <SequencePoint vc="0" uspid="5113" ordinal="0" offset="0" sl="188" sc="33" el="188" ec="54" bec="0" bev="0" fileid="185" />
              </SequencePoints>
              <BranchPoints />
              <MethodPoint xsi:type="SequencePoint" vc="0" uspid="5113" ordinal="0" offset="0" sl="188" sc="33" el="188" ec="54" bec="0" bev="0" fileid="185" />
            </Method>
            <Method visited="false" cyclomaticComplexity="1" nPathComplexity="0" sequenceCoverage="0" branchCoverage="0" crapScore="2" isConstructor="false" isStatic="false" isGetter="true" isSetter="false">
              <Summary numSequencePoints="1" visitedSequencePoints="0" numBranchPoints="1" visitedBranchPoints="0" sequenceCoverage="0" branchCoverage="0" maxCyclomaticComplexity="1" minCyclomaticComplexity="1" maxCrapScore="2" minCrapScore="2" visitedClasses="0" numClasses="0" visitedMethods="0" numMethods="1" />
              <MetadataToken>100664983</MetadataToken>
              <Name>System.Boolean Xunit.XunitFilters/ChangeTrackingHashSet`1::get_IsReadOnly()</Name>
              <FileRef uid="185" />
              <SequencePoints>
                <SequencePoint vc="0" uspid="5114" ordinal="0" offset="0" sl="189" sc="39" el="189" ec="44" bec="0" bev="0" fileid="185" />
              </SequencePoints>
              <BranchPoints />
              <MethodPoint xsi:type="SequencePoint" vc="0" uspid="5114" ordinal="0" offset="0" sl="189" sc="39" el="189" ec="44" bec="0" bev="0" fileid="185" />
            </Method>
            <Method visited="false" cyclomaticComplexity="1" nPathComplexity="0" sequenceCoverage="0" branchCoverage="0" crapScore="2" isConstructor="false" isStatic="false" isGetter="true" isSetter="false">
              <Summary numSequencePoints="1" visitedSequencePoints="0" numBranchPoints="1" visitedBranchPoints="0" sequenceCoverage="0" branchCoverage="0" maxCyclomaticComplexity="1" minCyclomaticComplexity="1" maxCrapScore="2" minCrapScore="2" visitedClasses="0" numClasses="0" visitedMethods="0" numMethods="1" />
              <MetadataToken>100664984</MetadataToken>
              <Name>System.DateTimeOffset Xunit.XunitFilters/ChangeTrackingHashSet`1::get_LastMutation()</Name>
              <FileRef uid="185" />
              <SequencePoints>
                <SequencePoint vc="0" uspid="5115" ordinal="0" offset="0" sl="191" sc="50" el="191" ec="54" bec="0" bev="0" fileid="185" />
              </SequencePoints>
              <BranchPoints />
              <MethodPoint xsi:type="SequencePoint" vc="0" uspid="5115" ordinal="0" offset="0" sl="191" sc="50" el="191" ec="54" bec="0" bev="0" fileid="185" />
            </Method>
            <Method visited="false" cyclomaticComplexity="1" nPathComplexity="0" sequenceCoverage="0" branchCoverage="0" crapScore="2" isConstructor="false" isStatic="false" isGetter="false" isSetter="true">
              <Summary numSequencePoints="1" visitedSequencePoints="0" numBranchPoints="1" visitedBranchPoints="0" sequenceCoverage="0" branchCoverage="0" maxCyclomaticComplexity="1" minCyclomaticComplexity="1" maxCrapScore="2" minCrapScore="2" visitedClasses="0" numClasses="0" visitedMethods="0" numMethods="1" />
              <MetadataToken>100664985</MetadataToken>
              <Name>System.Void Xunit.XunitFilters/ChangeTrackingHashSet`1::set_LastMutation(System.DateTimeOffset)</Name>
              <FileRef uid="185" />
              <SequencePoints>
                <SequencePoint vc="0" uspid="5116" ordinal="0" offset="0" sl="191" sc="55" el="191" ec="67" bec="0" bev="0" fileid="185" />
              </SequencePoints>
              <BranchPoints />
              <MethodPoint xsi:type="SequencePoint" vc="0" uspid="5116" ordinal="0" offset="0" sl="191" sc="55" el="191" ec="67" bec="0" bev="0" fileid="185" />
            </Method>
            <Method visited="false" cyclomaticComplexity="1" nPathComplexity="0" sequenceCoverage="0" branchCoverage="0" crapScore="2" isConstructor="true" isStatic="false" isGetter="false" isSetter="false">
              <Summary numSequencePoints="4" visitedSequencePoints="0" numBranchPoints="1" visitedBranchPoints="0" sequenceCoverage="0" branchCoverage="0" maxCyclomaticComplexity="1" minCyclomaticComplexity="1" maxCrapScore="2" minCrapScore="2" visitedClasses="0" numClasses="0" visitedMethods="0" numMethods="1" />
              <MetadataToken>100664981</MetadataToken>
              <Name>System.Void Xunit.XunitFilters/ChangeTrackingHashSet`1::.ctor(System.Collections.Generic.IEqualityComparer`1&lt;T&gt;)</Name>
              <FileRef uid="185" />
              <SequencePoints>
                <SequencePoint vc="0" uspid="5117" ordinal="0" offset="0" sl="191" sc="72" el="191" ec="93" bec="0" bev="0" fileid="185" />
                <SequencePoint vc="0" uspid="5118" ordinal="1" offset="11" sl="183" sc="13" el="183" ec="72" bec="0" bev="0" fileid="185" />
                <SequencePoint vc="0" uspid="5119" ordinal="2" offset="17" sl="185" sc="17" el="185" ec="60" bec="0" bev="0" fileid="185" />
                <SequencePoint vc="0" uspid="5120" ordinal="3" offset="29" sl="186" sc="13" el="186" ec="14" bec="0" bev="0" fileid="185" />
              </SequencePoints>
              <BranchPoints />
              <MethodPoint xsi:type="SequencePoint" vc="0" uspid="5117" ordinal="0" offset="0" sl="191" sc="72" el="191" ec="93" bec="0" bev="0" fileid="185" />
            </Method>
            <Method visited="false" cyclomaticComplexity="2" nPathComplexity="0" sequenceCoverage="0" branchCoverage="0" crapScore="6" isConstructor="false" isStatic="false" isGetter="false" isSetter="false">
              <Summary numSequencePoints="5" visitedSequencePoints="0" numBranchPoints="1" visitedBranchPoints="0" sequenceCoverage="0" branchCoverage="0" maxCyclomaticComplexity="2" minCyclomaticComplexity="2" maxCrapScore="6" minCrapScore="6" visitedClasses="0" numClasses="0" visitedMethods="0" numMethods="1" />
              <MetadataToken>100664986</MetadataToken>
              <Name>System.Void Xunit.XunitFilters/ChangeTrackingHashSet`1::Add(T)</Name>
              <FileRef uid="185" />
              <SequencePoints>
                <SequencePoint vc="0" uspid="5121" ordinal="0" offset="0" sl="195" sc="17" el="195" ec="28" bec="0" bev="0" fileid="185" />
                <SequencePoint vc="0" uspid="5122" ordinal="1" offset="12" sl="197" sc="21" el="197" ec="58" bec="0" bev="0" fileid="185" />
                <SequencePoint vc="0" uspid="5123" ordinal="2" offset="23" sl="198" sc="21" el="198" ec="47" bec="0" bev="0" fileid="185" />
                <SequencePoint vc="0" uspid="5124" ordinal="3" offset="36" sl="199" sc="17" el="199" ec="18" bec="0" bev="0" fileid="185" />
                <SequencePoint vc="0" uspid="5125" ordinal="4" offset="48" sl="200" sc="13" el="200" ec="14" bec="0" bev="0" fileid="185" />
              </SequencePoints>
              <BranchPoints />
              <MethodPoint xsi:type="SequencePoint" vc="0" uspid="5121" ordinal="0" offset="0" sl="195" sc="17" el="195" ec="28" bec="0" bev="0" fileid="185" />
            </Method>
            <Method visited="false" cyclomaticComplexity="2" nPathComplexity="0" sequenceCoverage="0" branchCoverage="0" crapScore="6" isConstructor="false" isStatic="false" isGetter="false" isSetter="false">
              <Summary numSequencePoints="5" visitedSequencePoints="0" numBranchPoints="1" visitedBranchPoints="0" sequenceCoverage="0" branchCoverage="0" maxCyclomaticComplexity="2" minCyclomaticComplexity="2" maxCrapScore="6" minCrapScore="6" visitedClasses="0" numClasses="0" visitedMethods="0" numMethods="1" />
              <MetadataToken>100664987</MetadataToken>
              <Name>System.Void Xunit.XunitFilters/ChangeTrackingHashSet`1::Clear()</Name>
              <FileRef uid="185" />
              <SequencePoints>
                <SequencePoint vc="0" uspid="5126" ordinal="0" offset="0" sl="204" sc="17" el="204" ec="28" bec="0" bev="0" fileid="185" />
                <SequencePoint vc="0" uspid="5127" ordinal="1" offset="12" sl="206" sc="21" el="206" ec="58" bec="0" bev="0" fileid="185" />
                <SequencePoint vc="0" uspid="5128" ordinal="2" offset="23" sl="207" sc="21" el="207" ec="45" bec="0" bev="0" fileid="185" />
                <SequencePoint vc="0" uspid="5129" ordinal="3" offset="34" sl="208" sc="17" el="208" ec="18" bec="0" bev="0" fileid="185" />
                <SequencePoint vc="0" uspid="5130" ordinal="4" offset="46" sl="209" sc="13" el="209" ec="14" bec="0" bev="0" fileid="185" />
              </SequencePoints>
              <BranchPoints />
              <MethodPoint xsi:type="SequencePoint" vc="0" uspid="5126" ordinal="0" offset="0" sl="204" sc="17" el="204" ec="28" bec="0" bev="0" fileid="185" />
            </Method>
            <Method visited="false" cyclomaticComplexity="1" nPathComplexity="0" sequenceCoverage="0" branchCoverage="0" crapScore="2" isConstructor="false" isStatic="false" isGetter="false" isSetter="false">
              <Summary numSequencePoints="1" visitedSequencePoints="0" numBranchPoints="1" visitedBranchPoints="0" sequenceCoverage="0" branchCoverage="0" maxCyclomaticComplexity="1" minCyclomaticComplexity="1" maxCrapScore="2" minCrapScore="2" visitedClasses="0" numClasses="0" visitedMethods="0" numMethods="1" />
              <MetadataToken>100664988</MetadataToken>
              <Name>System.Boolean Xunit.XunitFilters/ChangeTrackingHashSet`1::Contains(T)</Name>
              <FileRef uid="185" />
              <SequencePoints>
                <SequencePoint vc="0" uspid="5131" ordinal="0" offset="0" sl="211" sc="45" el="211" ec="75" bec="0" bev="0" fileid="185" />
              </SequencePoints>
              <BranchPoints />
              <MethodPoint xsi:type="SequencePoint" vc="0" uspid="5131" ordinal="0" offset="0" sl="211" sc="45" el="211" ec="75" bec="0" bev="0" fileid="185" />
            </Method>
            <Method visited="false" cyclomaticComplexity="1" nPathComplexity="0" sequenceCoverage="0" branchCoverage="0" crapScore="2" isConstructor="false" isStatic="false" isGetter="false" isSetter="false">
              <Summary numSequencePoints="1" visitedSequencePoints="0" numBranchPoints="1" visitedBranchPoints="0" sequenceCoverage="0" branchCoverage="0" maxCyclomaticComplexity="1" minCyclomaticComplexity="1" maxCrapScore="2" minCrapScore="2" visitedClasses="0" numClasses="0" visitedMethods="0" numMethods="1" />
              <MetadataToken>100664989</MetadataToken>
              <Name>System.Void Xunit.XunitFilters/ChangeTrackingHashSet`1::CopyTo(T[],System.Int32)</Name>
              <FileRef uid="185" />
              <SequencePoints>
                <SequencePoint vc="0" uspid="5132" ordinal="0" offset="0" sl="212" sc="62" el="212" ec="103" bec="0" bev="0" fileid="185" />
              </SequencePoints>
              <BranchPoints />
              <MethodPoint xsi:type="SequencePoint" vc="0" uspid="5132" ordinal="0" offset="0" sl="212" sc="62" el="212" ec="103" bec="0" bev="0" fileid="185" />
            </Method>
            <Method visited="false" cyclomaticComplexity="1" nPathComplexity="0" sequenceCoverage="0" branchCoverage="0" crapScore="2" isConstructor="false" isStatic="false" isGetter="false" isSetter="false">
              <Summary numSequencePoints="1" visitedSequencePoints="0" numBranchPoints="1" visitedBranchPoints="0" sequenceCoverage="0" branchCoverage="0" maxCyclomaticComplexity="1" minCyclomaticComplexity="1" maxCrapScore="2" minCrapScore="2" visitedClasses="0" numClasses="0" visitedMethods="0" numMethods="1" />
              <MetadataToken>100664990</MetadataToken>
              <Name>System.Collections.Generic.IEnumerator`1&lt;T&gt; Xunit.XunitFilters/ChangeTrackingHashSet`1::GetEnumerator()</Name>
              <FileRef uid="185" />
              <SequencePoints>
                <SequencePoint vc="0" uspid="5133" ordinal="0" offset="0" sl="213" sc="54" el="213" ec="85" bec="0" bev="0" fileid="185" />
              </SequencePoints>
              <BranchPoints />
              <MethodPoint xsi:type="SequencePoint" vc="0" uspid="5133" ordinal="0" offset="0" sl="213" sc="54" el="213" ec="85" bec="0" bev="0" fileid="185" />
            </Method>
            <Method visited="false" cyclomaticComplexity="1" nPathComplexity="0" sequenceCoverage="0" branchCoverage="0" crapScore="2" isConstructor="false" isStatic="false" isGetter="false" isSetter="false">
              <Summary numSequencePoints="1" visitedSequencePoints="0" numBranchPoints="1" visitedBranchPoints="0" sequenceCoverage="0" branchCoverage="0" maxCyclomaticComplexity="1" minCyclomaticComplexity="1" maxCrapScore="2" minCrapScore="2" visitedClasses="0" numClasses="0" visitedMethods="0" numMethods="1" />
              <MetadataToken>100664991</MetadataToken>
              <Name>System.Collections.IEnumerator Xunit.XunitFilters/ChangeTrackingHashSet`1::System.Collections.IEnumerable.GetEnumerator()</Name>
              <FileRef uid="185" />
              <SequencePoints>
                <SequencePoint vc="0" uspid="5134" ordinal="0" offset="0" sl="214" sc="56" el="214" ec="87" bec="0" bev="0" fileid="185" />
              </SequencePoints>
              <BranchPoints />
              <MethodPoint xsi:type="SequencePoint" vc="0" uspid="5134" ordinal="0" offset="0" sl="214" sc="56" el="214" ec="87" bec="0" bev="0" fileid="185" />
            </Method>
            <Method visited="false" cyclomaticComplexity="2" nPathComplexity="0" sequenceCoverage="0" branchCoverage="0" crapScore="6" isConstructor="false" isStatic="false" isGetter="false" isSetter="false">
              <Summary numSequencePoints="4" visitedSequencePoints="0" numBranchPoints="1" visitedBranchPoints="0" sequenceCoverage="0" branchCoverage="0" maxCyclomaticComplexity="2" minCyclomaticComplexity="2" maxCrapScore="6" minCrapScore="6" visitedClasses="0" numClasses="0" visitedMethods="0" numMethods="1" />
              <MetadataToken>100664992</MetadataToken>
              <Name>System.Boolean Xunit.XunitFilters/ChangeTrackingHashSet`1::Remove(T)</Name>
              <FileRef uid="185" />
              <SequencePoints>
                <SequencePoint vc="0" uspid="5135" ordinal="0" offset="0" sl="218" sc="17" el="218" ec="28" bec="0" bev="0" fileid="185" />
                <SequencePoint vc="0" uspid="5136" ordinal="1" offset="12" sl="220" sc="21" el="220" ec="58" bec="0" bev="0" fileid="185" />
                <SequencePoint vc="0" uspid="5137" ordinal="2" offset="23" sl="221" sc="21" el="221" ec="57" bec="0" bev="0" fileid="185" />
                <SequencePoint vc="0" uspid="5138" ordinal="3" offset="48" sl="223" sc="13" el="223" ec="14" bec="0" bev="0" fileid="185" />
              </SequencePoints>
              <BranchPoints />
              <MethodPoint xsi:type="SequencePoint" vc="0" uspid="5135" ordinal="0" offset="0" sl="218" sc="17" el="218" ec="28" bec="0" bev="0" fileid="185" />
            </Method>
          </Methods>
        </Class>
        <Class>
          <Summary numSequencePoints="1" visitedSequencePoints="0" numBranchPoints="1" visitedBranchPoints="0" sequenceCoverage="0" branchCoverage="0" maxCyclomaticComplexity="1" minCyclomaticComplexity="1" maxCrapScore="2" minCrapScore="2" visitedClasses="0" numClasses="1" visitedMethods="0" numMethods="1" />
          <FullName>Xunit.XunitFilters/&lt;&gt;c__DisplayClass20_0</FullName>
          <Methods>
            <Method visited="false" cyclomaticComplexity="1" nPathComplexity="0" sequenceCoverage="0" branchCoverage="0" crapScore="2" isConstructor="true" isStatic="false" isGetter="false" isSetter="false">
              <Summary numSequencePoints="0" visitedSequencePoints="0" numBranchPoints="0" visitedBranchPoints="0" sequenceCoverage="0" branchCoverage="0" maxCyclomaticComplexity="1" minCyclomaticComplexity="1" maxCrapScore="2" minCrapScore="2" visitedClasses="0" numClasses="0" visitedMethods="0" numMethods="0" />
              <MetadataToken>100664993</MetadataToken>
              <Name>System.Void Xunit.XunitFilters/&lt;&gt;c__DisplayClass20_0::.ctor()</Name>
              <SequencePoints />
              <BranchPoints />
              <MethodPoint vc="0" uspid="5139" ordinal="0" offset="0" />
            </Method>
            <Method visited="false" cyclomaticComplexity="1" nPathComplexity="0" sequenceCoverage="0" branchCoverage="0" crapScore="2" isConstructor="false" isStatic="false" isGetter="false" isSetter="false">
              <Summary numSequencePoints="1" visitedSequencePoints="0" numBranchPoints="1" visitedBranchPoints="0" sequenceCoverage="0" branchCoverage="0" maxCyclomaticComplexity="1" minCyclomaticComplexity="1" maxCrapScore="2" minCrapScore="2" visitedClasses="0" numClasses="0" visitedMethods="0" numMethods="1" />
              <MetadataToken>100664994</MetadataToken>
              <Name>System.Boolean Xunit.XunitFilters/&lt;&gt;c__DisplayClass20_0::&lt;FilterIncludedNameSpaces&gt;b__0(System.String)</Name>
              <FileRef uid="185" />
              <SequencePoints>
                <SequencePoint vc="0" uspid="5140" ordinal="0" offset="0" sl="84" sc="78" el="84" ec="164" bec="0" bev="0" fileid="185" />
              </SequencePoints>
              <BranchPoints />
              <MethodPoint xsi:type="SequencePoint" vc="0" uspid="5140" ordinal="0" offset="0" sl="84" sc="78" el="84" ec="164" bec="0" bev="0" fileid="185" />
            </Method>
          </Methods>
        </Class>
        <Class>
          <Summary numSequencePoints="15" visitedSequencePoints="0" numBranchPoints="9" visitedBranchPoints="0" sequenceCoverage="0" branchCoverage="0" maxCyclomaticComplexity="1" minCyclomaticComplexity="1" maxCrapScore="2" minCrapScore="2" visitedClasses="0" numClasses="1" visitedMethods="0" numMethods="9" />
          <FullName>Xunit.XunitProject</FullName>
          <Methods>
            <Method visited="false" cyclomaticComplexity="1" nPathComplexity="0" sequenceCoverage="0" branchCoverage="0" crapScore="2" isConstructor="false" isStatic="false" isGetter="true" isSetter="false">
              <Summary numSequencePoints="1" visitedSequencePoints="0" numBranchPoints="1" visitedBranchPoints="0" sequenceCoverage="0" branchCoverage="0" maxCyclomaticComplexity="1" minCyclomaticComplexity="1" maxCrapScore="2" minCrapScore="2" visitedClasses="0" numClasses="0" visitedMethods="0" numMethods="1" />
              <MetadataToken>100664004</MetadataToken>
              <Name>System.Collections.Generic.IEnumerable`1&lt;Xunit.XunitProjectAssembly&gt; Xunit.XunitProject::get_Assemblies()</Name>
              <FileRef uid="188" />
              <SequencePoints>
                <SequencePoint vc="0" uspid="5141" ordinal="0" offset="0" sl="24" sc="19" el="24" ec="37" bec="0" bev="0" fileid="188" />
              </SequencePoints>
              <BranchPoints />
              <MethodPoint xsi:type="SequencePoint" vc="0" uspid="5141" ordinal="0" offset="0" sl="24" sc="19" el="24" ec="37" bec="0" bev="0" fileid="188" />
            </Method>
            <Method visited="false" cyclomaticComplexity="1" nPathComplexity="0" sequenceCoverage="0" branchCoverage="0" crapScore="2" isConstructor="false" isStatic="false" isGetter="true" isSetter="false">
              <Summary numSequencePoints="1" visitedSequencePoints="0" numBranchPoints="1" visitedBranchPoints="0" sequenceCoverage="0" branchCoverage="0" maxCyclomaticComplexity="1" minCyclomaticComplexity="1" maxCrapScore="2" minCrapScore="2" visitedClasses="0" numClasses="0" visitedMethods="0" numMethods="1" />
              <MetadataToken>100664005</MetadataToken>
              <Name>Xunit.XunitFilters Xunit.XunitProject::get_Filters()</Name>
              <FileRef uid="188" />
              <SequencePoints>
                <SequencePoint vc="0" uspid="5142" ordinal="0" offset="0" sl="28" sc="39" el="28" ec="43" bec="0" bev="0" fileid="188" />
              </SequencePoints>
              <BranchPoints />
              <MethodPoint xsi:type="SequencePoint" vc="0" uspid="5142" ordinal="0" offset="0" sl="28" sc="39" el="28" ec="43" bec="0" bev="0" fileid="188" />
            </Method>
            <Method visited="false" cyclomaticComplexity="1" nPathComplexity="0" sequenceCoverage="0" branchCoverage="0" crapScore="2" isConstructor="false" isStatic="false" isGetter="false" isSetter="true">
              <Summary numSequencePoints="1" visitedSequencePoints="0" numBranchPoints="1" visitedBranchPoints="0" sequenceCoverage="0" branchCoverage="0" maxCyclomaticComplexity="1" minCyclomaticComplexity="1" maxCrapScore="2" minCrapScore="2" visitedClasses="0" numClasses="0" visitedMethods="0" numMethods="1" />
              <MetadataToken>100664006</MetadataToken>
              <Name>System.Void Xunit.XunitProject::set_Filters(Xunit.XunitFilters)</Name>
              <FileRef uid="188" />
              <SequencePoints>
                <SequencePoint vc="0" uspid="5143" ordinal="0" offset="0" sl="28" sc="44" el="28" ec="56" bec="0" bev="0" fileid="188" />
              </SequencePoints>
              <BranchPoints />
              <MethodPoint xsi:type="SequencePoint" vc="0" uspid="5143" ordinal="0" offset="0" sl="28" sc="44" el="28" ec="56" bec="0" bev="0" fileid="188" />
            </Method>
            <Method visited="false" cyclomaticComplexity="1" nPathComplexity="0" sequenceCoverage="0" branchCoverage="0" crapScore="2" isConstructor="false" isStatic="false" isGetter="true" isSetter="false">
              <Summary numSequencePoints="1" visitedSequencePoints="0" numBranchPoints="1" visitedBranchPoints="0" sequenceCoverage="0" branchCoverage="0" maxCyclomaticComplexity="1" minCyclomaticComplexity="1" maxCrapScore="2" minCrapScore="2" visitedClasses="0" numClasses="0" visitedMethods="0" numMethods="1" />
              <MetadataToken>100664007</MetadataToken>
              <Name>System.Collections.Generic.Dictionary`2&lt;System.String,System.String&gt; Xunit.XunitProject::get_Output()</Name>
              <FileRef uid="188" />
              <SequencePoints>
                <SequencePoint vc="0" uspid="5144" ordinal="0" offset="0" sl="31" sc="52" el="31" ec="56" bec="0" bev="0" fileid="188" />
              </SequencePoints>
              <BranchPoints />
              <MethodPoint xsi:type="SequencePoint" vc="0" uspid="5144" ordinal="0" offset="0" sl="31" sc="52" el="31" ec="56" bec="0" bev="0" fileid="188" />
            </Method>
            <Method visited="false" cyclomaticComplexity="1" nPathComplexity="0" sequenceCoverage="0" branchCoverage="0" crapScore="2" isConstructor="false" isStatic="false" isGetter="false" isSetter="true">
              <Summary numSequencePoints="1" visitedSequencePoints="0" numBranchPoints="1" visitedBranchPoints="0" sequenceCoverage="0" branchCoverage="0" maxCyclomaticComplexity="1" minCyclomaticComplexity="1" maxCrapScore="2" minCrapScore="2" visitedClasses="0" numClasses="0" visitedMethods="0" numMethods="1" />
              <MetadataToken>100664008</MetadataToken>
              <Name>System.Void Xunit.XunitProject::set_Output(System.Collections.Generic.Dictionary`2&lt;System.String,System.String&gt;)</Name>
              <FileRef uid="188" />
              <SequencePoints>
                <SequencePoint vc="0" uspid="5145" ordinal="0" offset="0" sl="31" sc="57" el="31" ec="61" bec="0" bev="0" fileid="188" />
              </SequencePoints>
              <BranchPoints />
              <MethodPoint xsi:type="SequencePoint" vc="0" uspid="5145" ordinal="0" offset="0" sl="31" sc="57" el="31" ec="61" bec="0" bev="0" fileid="188" />
            </Method>
            <Method visited="false" cyclomaticComplexity="1" nPathComplexity="0" sequenceCoverage="0" branchCoverage="0" crapScore="2" isConstructor="true" isStatic="false" isGetter="false" isSetter="false">
              <Summary numSequencePoints="5" visitedSequencePoints="0" numBranchPoints="1" visitedBranchPoints="0" sequenceCoverage="0" branchCoverage="0" maxCyclomaticComplexity="1" minCyclomaticComplexity="1" maxCrapScore="2" minCrapScore="2" visitedClasses="0" numClasses="0" visitedMethods="0" numMethods="1" />
              <MetadataToken>100664003</MetadataToken>
              <Name>System.Void Xunit.XunitProject::.ctor()</Name>
              <FileRef uid="188" />
              <SequencePoints>
                <SequencePoint vc="0" uspid="5146" ordinal="0" offset="0" sl="14" sc="9" el="14" ec="30" bec="0" bev="0" fileid="188" />
                <SequencePoint vc="0" uspid="5147" ordinal="1" offset="6" sl="16" sc="13" el="16" ec="59" bec="0" bev="0" fileid="188" />
                <SequencePoint vc="0" uspid="5148" ordinal="2" offset="17" sl="17" sc="13" el="17" ec="42" bec="0" bev="0" fileid="188" />
                <SequencePoint vc="0" uspid="5149" ordinal="3" offset="28" sl="18" sc="13" el="18" ec="55" bec="0" bev="0" fileid="188" />
                <SequencePoint vc="0" uspid="5150" ordinal="4" offset="39" sl="19" sc="9" el="19" ec="10" bec="0" bev="0" fileid="188" />
              </SequencePoints>
              <BranchPoints />
              <MethodPoint xsi:type="SequencePoint" vc="0" uspid="5146" ordinal="0" offset="0" sl="14" sc="9" el="14" ec="30" bec="0" bev="0" fileid="188" />
            </Method>
            <Method visited="false" cyclomaticComplexity="1" nPathComplexity="0" sequenceCoverage="0" branchCoverage="0" crapScore="2" isConstructor="false" isStatic="false" isGetter="false" isSetter="false">
              <Summary numSequencePoints="3" visitedSequencePoints="0" numBranchPoints="1" visitedBranchPoints="0" sequenceCoverage="0" branchCoverage="0" maxCyclomaticComplexity="1" minCyclomaticComplexity="1" maxCrapScore="2" minCrapScore="2" visitedClasses="0" numClasses="0" visitedMethods="0" numMethods="1" />
              <MetadataToken>100664009</MetadataToken>
              <Name>System.Void Xunit.XunitProject::Add(Xunit.XunitProjectAssembly)</Name>
              <FileRef uid="188" />
              <SequencePoints>
                <SequencePoint vc="0" uspid="5151" ordinal="0" offset="0" sl="36" sc="13" el="36" ec="57" bec="0" bev="0" fileid="188" />
                <SequencePoint vc="0" uspid="5152" ordinal="1" offset="11" sl="38" sc="13" el="38" ec="38" bec="0" bev="0" fileid="188" />
                <SequencePoint vc="0" uspid="5153" ordinal="2" offset="23" sl="39" sc="9" el="39" ec="10" bec="0" bev="0" fileid="188" />
              </SequencePoints>
              <BranchPoints />
              <MethodPoint xsi:type="SequencePoint" vc="0" uspid="5151" ordinal="0" offset="0" sl="36" sc="13" el="36" ec="57" bec="0" bev="0" fileid="188" />
            </Method>
            <Method visited="false" cyclomaticComplexity="1" nPathComplexity="0" sequenceCoverage="0" branchCoverage="0" crapScore="2" isConstructor="false" isStatic="false" isGetter="false" isSetter="false">
              <Summary numSequencePoints="1" visitedSequencePoints="0" numBranchPoints="1" visitedBranchPoints="0" sequenceCoverage="0" branchCoverage="0" maxCyclomaticComplexity="1" minCyclomaticComplexity="1" maxCrapScore="2" minCrapScore="2" visitedClasses="0" numClasses="0" visitedMethods="0" numMethods="1" />
              <MetadataToken>100664010</MetadataToken>
              <Name>System.Collections.Generic.IEnumerator`1&lt;Xunit.XunitProjectAssembly&gt; Xunit.XunitProject::GetEnumerator()</Name>
              <FileRef uid="188" />
              <SequencePoints>
                <SequencePoint vc="0" uspid="5154" ordinal="0" offset="0" sl="44" sc="13" el="44" ec="47" bec="0" bev="0" fileid="188" />
              </SequencePoints>
              <BranchPoints />
              <MethodPoint xsi:type="SequencePoint" vc="0" uspid="5154" ordinal="0" offset="0" sl="44" sc="13" el="44" ec="47" bec="0" bev="0" fileid="188" />
            </Method>
            <Method visited="false" cyclomaticComplexity="1" nPathComplexity="0" sequenceCoverage="0" branchCoverage="0" crapScore="2" isConstructor="false" isStatic="false" isGetter="false" isSetter="false">
              <Summary numSequencePoints="1" visitedSequencePoints="0" numBranchPoints="1" visitedBranchPoints="0" sequenceCoverage="0" branchCoverage="0" maxCyclomaticComplexity="1" minCyclomaticComplexity="1" maxCrapScore="2" minCrapScore="2" visitedClasses="0" numClasses="0" visitedMethods="0" numMethods="1" />
              <MetadataToken>100664011</MetadataToken>
              <Name>System.Collections.IEnumerator Xunit.XunitProject::System.Collections.IEnumerable.GetEnumerator()</Name>
              <FileRef uid="188" />
              <SequencePoints>
                <SequencePoint vc="0" uspid="5155" ordinal="0" offset="0" sl="49" sc="13" el="49" ec="36" bec="0" bev="0" fileid="188" />
              </SequencePoints>
              <BranchPoints />
              <MethodPoint xsi:type="SequencePoint" vc="0" uspid="5155" ordinal="0" offset="0" sl="49" sc="13" el="49" ec="36" bec="0" bev="0" fileid="188" />
            </Method>
          </Methods>
        </Class>
        <Class>
          <Summary numSequencePoints="10" visitedSequencePoints="0" numBranchPoints="9" visitedBranchPoints="0" sequenceCoverage="0" branchCoverage="0" maxCyclomaticComplexity="2" minCyclomaticComplexity="1" maxCrapScore="6" minCrapScore="2" visitedClasses="0" numClasses="1" visitedMethods="0" numMethods="7" />
          <FullName>Xunit.XunitProjectAssembly</FullName>
          <Methods>
            <Method visited="false" cyclomaticComplexity="1" nPathComplexity="0" sequenceCoverage="0" branchCoverage="0" crapScore="2" isConstructor="false" isStatic="false" isGetter="true" isSetter="false">
              <Summary numSequencePoints="1" visitedSequencePoints="0" numBranchPoints="1" visitedBranchPoints="0" sequenceCoverage="0" branchCoverage="0" maxCyclomaticComplexity="1" minCyclomaticComplexity="1" maxCrapScore="2" minCrapScore="2" visitedClasses="0" numClasses="0" visitedMethods="0" numMethods="1" />
              <MetadataToken>100664012</MetadataToken>
              <Name>System.String Xunit.XunitProjectAssembly::get_AssemblyFilename()</Name>
              <FileRef uid="189" />
              <SequencePoints>
                <SequencePoint vc="0" uspid="5156" ordinal="0" offset="0" sl="15" sc="42" el="15" ec="46" bec="0" bev="0" fileid="189" />
              </SequencePoints>
              <BranchPoints />
              <MethodPoint xsi:type="SequencePoint" vc="0" uspid="5156" ordinal="0" offset="0" sl="15" sc="42" el="15" ec="46" bec="0" bev="0" fileid="189" />
            </Method>
            <Method visited="false" cyclomaticComplexity="1" nPathComplexity="0" sequenceCoverage="0" branchCoverage="0" crapScore="2" isConstructor="false" isStatic="false" isGetter="false" isSetter="true">
              <Summary numSequencePoints="1" visitedSequencePoints="0" numBranchPoints="1" visitedBranchPoints="0" sequenceCoverage="0" branchCoverage="0" maxCyclomaticComplexity="1" minCyclomaticComplexity="1" maxCrapScore="2" minCrapScore="2" visitedClasses="0" numClasses="0" visitedMethods="0" numMethods="1" />
              <MetadataToken>100664013</MetadataToken>
              <Name>System.Void Xunit.XunitProjectAssembly::set_AssemblyFilename(System.String)</Name>
              <FileRef uid="189" />
              <SequencePoints>
                <SequencePoint vc="0" uspid="5157" ordinal="0" offset="0" sl="15" sc="47" el="15" ec="51" bec="0" bev="0" fileid="189" />
              </SequencePoints>
              <BranchPoints />
              <MethodPoint xsi:type="SequencePoint" vc="0" uspid="5157" ordinal="0" offset="0" sl="15" sc="47" el="15" ec="51" bec="0" bev="0" fileid="189" />
            </Method>
            <Method visited="false" cyclomaticComplexity="1" nPathComplexity="0" sequenceCoverage="0" branchCoverage="0" crapScore="2" isConstructor="false" isStatic="false" isGetter="true" isSetter="false">
              <Summary numSequencePoints="1" visitedSequencePoints="0" numBranchPoints="1" visitedBranchPoints="0" sequenceCoverage="0" branchCoverage="0" maxCyclomaticComplexity="1" minCyclomaticComplexity="1" maxCrapScore="2" minCrapScore="2" visitedClasses="0" numClasses="0" visitedMethods="0" numMethods="1" />
              <MetadataToken>100664014</MetadataToken>
              <Name>System.String Xunit.XunitProjectAssembly::get_ConfigFilename()</Name>
              <FileRef uid="189" />
              <SequencePoints>
                <SequencePoint vc="0" uspid="5158" ordinal="0" offset="0" sl="20" sc="40" el="20" ec="44" bec="0" bev="0" fileid="189" />
              </SequencePoints>
              <BranchPoints />
              <MethodPoint xsi:type="SequencePoint" vc="0" uspid="5158" ordinal="0" offset="0" sl="20" sc="40" el="20" ec="44" bec="0" bev="0" fileid="189" />
            </Method>
            <Method visited="false" cyclomaticComplexity="1" nPathComplexity="0" sequenceCoverage="0" branchCoverage="0" crapScore="2" isConstructor="false" isStatic="false" isGetter="false" isSetter="true">
              <Summary numSequencePoints="1" visitedSequencePoints="0" numBranchPoints="1" visitedBranchPoints="0" sequenceCoverage="0" branchCoverage="0" maxCyclomaticComplexity="1" minCyclomaticComplexity="1" maxCrapScore="2" minCrapScore="2" visitedClasses="0" numClasses="0" visitedMethods="0" numMethods="1" />
              <MetadataToken>100664015</MetadataToken>
              <Name>System.Void Xunit.XunitProjectAssembly::set_ConfigFilename(System.String)</Name>
              <FileRef uid="189" />
              <SequencePoints>
                <SequencePoint vc="0" uspid="5159" ordinal="0" offset="0" sl="20" sc="45" el="20" ec="49" bec="0" bev="0" fileid="189" />
              </SequencePoints>
              <BranchPoints />
              <MethodPoint xsi:type="SequencePoint" vc="0" uspid="5159" ordinal="0" offset="0" sl="20" sc="45" el="20" ec="49" bec="0" bev="0" fileid="189" />
            </Method>
            <Method visited="false" cyclomaticComplexity="2" nPathComplexity="2" sequenceCoverage="0" branchCoverage="0" crapScore="6" isConstructor="false" isStatic="false" isGetter="true" isSetter="false">
              <Summary numSequencePoints="3" visitedSequencePoints="0" numBranchPoints="3" visitedBranchPoints="0" sequenceCoverage="0" branchCoverage="0" maxCyclomaticComplexity="2" minCyclomaticComplexity="2" maxCrapScore="6" minCrapScore="6" visitedClasses="0" numClasses="0" visitedMethods="0" numMethods="1" />
              <MetadataToken>100664016</MetadataToken>
              <Name>Xunit.TestAssemblyConfiguration Xunit.XunitProjectAssembly::get_Configuration()</Name>
              <FileRef uid="189" />
              <SequencePoints>
                <SequencePoint vc="0" uspid="5160" ordinal="0" offset="0" sl="29" sc="17" el="29" ec="43" bec="2" bev="0" fileid="189" />
                <SequencePoint vc="0" uspid="5161" ordinal="1" offset="8" sl="30" sc="21" el="30" ec="89" bec="0" bev="0" fileid="189" />
                <SequencePoint vc="0" uspid="5162" ordinal="2" offset="31" sl="32" sc="17" el="32" ec="38" bec="0" bev="0" fileid="189" />
              </SequencePoints>
              <BranchPoints>
                <BranchPoint vc="0" uspid="5163" ordinal="0" offset="6" sl="29" path="0" offsetend="8" fileid="189" />
                <BranchPoint vc="0" uspid="5164" ordinal="1" offset="6" sl="29" path="1" offsetend="31" fileid="189" />
              </BranchPoints>
              <MethodPoint xsi:type="SequencePoint" vc="0" uspid="5160" ordinal="0" offset="0" sl="29" sc="17" el="29" ec="43" bec="2" bev="0" fileid="189" />
            </Method>
            <Method visited="false" cyclomaticComplexity="1" nPathComplexity="0" sequenceCoverage="0" branchCoverage="0" crapScore="2" isConstructor="false" isStatic="false" isGetter="true" isSetter="false">
              <Summary numSequencePoints="1" visitedSequencePoints="0" numBranchPoints="1" visitedBranchPoints="0" sequenceCoverage="0" branchCoverage="0" maxCyclomaticComplexity="1" minCyclomaticComplexity="1" maxCrapScore="2" minCrapScore="2" visitedClasses="0" numClasses="0" visitedMethods="0" numMethods="1" />
              <MetadataToken>100664017</MetadataToken>
              <Name>System.Boolean Xunit.XunitProjectAssembly::get_ShadowCopy()</Name>
              <FileRef uid="189" />
              <SequencePoints>
                <SequencePoint vc="0" uspid="5165" ordinal="0" offset="0" sl="43" sc="19" el="43" ec="60" bec="0" bev="0" fileid="189" />
              </SequencePoints>
              <BranchPoints />
              <MethodPoint xsi:type="SequencePoint" vc="0" uspid="5165" ordinal="0" offset="0" sl="43" sc="19" el="43" ec="60" bec="0" bev="0" fileid="189" />
            </Method>
            <Method visited="false" cyclomaticComplexity="1" nPathComplexity="0" sequenceCoverage="0" branchCoverage="0" crapScore="2" isConstructor="false" isStatic="false" isGetter="false" isSetter="true">
              <Summary numSequencePoints="2" visitedSequencePoints="0" numBranchPoints="1" visitedBranchPoints="0" sequenceCoverage="0" branchCoverage="0" maxCyclomaticComplexity="1" minCyclomaticComplexity="1" maxCrapScore="2" minCrapScore="2" visitedClasses="0" numClasses="0" visitedMethods="0" numMethods="1" />
              <MetadataToken>100664018</MetadataToken>
              <Name>System.Void Xunit.XunitProjectAssembly::set_ShadowCopy(System.Boolean)</Name>
              <FileRef uid="189" />
              <SequencePoints>
                <SequencePoint vc="0" uspid="5166" ordinal="0" offset="0" sl="44" sc="19" el="44" ec="52" bec="0" bev="0" fileid="189" />
                <SequencePoint vc="0" uspid="5167" ordinal="1" offset="17" sl="44" sc="53" el="44" ec="54" bec="0" bev="0" fileid="189" />
              </SequencePoints>
              <BranchPoints />
              <MethodPoint xsi:type="SequencePoint" vc="0" uspid="5166" ordinal="0" offset="0" sl="44" sc="19" el="44" ec="52" bec="0" bev="0" fileid="189" />
            </Method>
            <Method visited="false" cyclomaticComplexity="1" nPathComplexity="0" sequenceCoverage="0" branchCoverage="0" crapScore="2" isConstructor="true" isStatic="false" isGetter="false" isSetter="false">
              <Summary numSequencePoints="0" visitedSequencePoints="0" numBranchPoints="0" visitedBranchPoints="0" sequenceCoverage="0" branchCoverage="0" maxCyclomaticComplexity="1" minCyclomaticComplexity="1" maxCrapScore="2" minCrapScore="2" visitedClasses="0" numClasses="0" visitedMethods="0" numMethods="0" />
              <MetadataToken>100664019</MetadataToken>
              <Name>System.Void Xunit.XunitProjectAssembly::.ctor()</Name>
              <SequencePoints />
              <BranchPoints />
              <MethodPoint vc="0" uspid="5168" ordinal="0" offset="0" />
            </Method>
          </Methods>
        </Class>
        <Class>
          <Summary numSequencePoints="4" visitedSequencePoints="0" numBranchPoints="4" visitedBranchPoints="0" sequenceCoverage="0" branchCoverage="0" maxCyclomaticComplexity="1" minCyclomaticComplexity="1" maxCrapScore="2" minCrapScore="2" visitedClasses="0" numClasses="1" visitedMethods="0" numMethods="4" />
          <FullName>Xunit.DefaultRunnerReporter</FullName>
          <Methods>
            <Method visited="false" cyclomaticComplexity="1" nPathComplexity="0" sequenceCoverage="0" branchCoverage="0" crapScore="2" isConstructor="false" isStatic="false" isGetter="true" isSetter="false">
              <Summary numSequencePoints="1" visitedSequencePoints="0" numBranchPoints="1" visitedBranchPoints="0" sequenceCoverage="0" branchCoverage="0" maxCyclomaticComplexity="1" minCyclomaticComplexity="1" maxCrapScore="2" minCrapScore="2" visitedClasses="0" numClasses="0" visitedMethods="0" numMethods="1" />
              <MetadataToken>100664020</MetadataToken>
              <Name>System.String Xunit.DefaultRunnerReporter::get_Description()</Name>
              <FileRef uid="190" />
              <SequencePoints>
                <SequencePoint vc="0" uspid="5169" ordinal="0" offset="0" sl="16" sc="16" el="16" ec="20" bec="0" bev="0" fileid="190" />
              </SequencePoints>
              <BranchPoints />
              <MethodPoint xsi:type="SequencePoint" vc="0" uspid="5169" ordinal="0" offset="0" sl="16" sc="16" el="16" ec="20" bec="0" bev="0" fileid="190" />
            </Method>
            <Method visited="false" cyclomaticComplexity="1" nPathComplexity="0" sequenceCoverage="0" branchCoverage="0" crapScore="2" isConstructor="false" isStatic="false" isGetter="true" isSetter="false">
              <Summary numSequencePoints="1" visitedSequencePoints="0" numBranchPoints="1" visitedBranchPoints="0" sequenceCoverage="0" branchCoverage="0" maxCyclomaticComplexity="1" minCyclomaticComplexity="1" maxCrapScore="2" minCrapScore="2" visitedClasses="0" numClasses="0" visitedMethods="0" numMethods="1" />
              <MetadataToken>100664021</MetadataToken>
              <Name>System.Boolean Xunit.DefaultRunnerReporter::get_IsEnvironmentallyEnabled()</Name>
              <FileRef uid="190" />
              <SequencePoints>
                <SequencePoint vc="0" uspid="5170" ordinal="0" offset="0" sl="20" sc="16" el="20" ec="21" bec="0" bev="0" fileid="190" />
              </SequencePoints>
              <BranchPoints />
              <MethodPoint xsi:type="SequencePoint" vc="0" uspid="5170" ordinal="0" offset="0" sl="20" sc="16" el="20" ec="21" bec="0" bev="0" fileid="190" />
            </Method>
            <Method visited="false" cyclomaticComplexity="1" nPathComplexity="0" sequenceCoverage="0" branchCoverage="0" crapScore="2" isConstructor="false" isStatic="false" isGetter="true" isSetter="false">
              <Summary numSequencePoints="1" visitedSequencePoints="0" numBranchPoints="1" visitedBranchPoints="0" sequenceCoverage="0" branchCoverage="0" maxCyclomaticComplexity="1" minCyclomaticComplexity="1" maxCrapScore="2" minCrapScore="2" visitedClasses="0" numClasses="0" visitedMethods="0" numMethods="1" />
              <MetadataToken>100664022</MetadataToken>
              <Name>System.String Xunit.DefaultRunnerReporter::get_RunnerSwitch()</Name>
              <FileRef uid="190" />
              <SequencePoints>
                <SequencePoint vc="0" uspid="5171" ordinal="0" offset="0" sl="24" sc="16" el="24" ec="20" bec="0" bev="0" fileid="190" />
              </SequencePoints>
              <BranchPoints />
              <MethodPoint xsi:type="SequencePoint" vc="0" uspid="5171" ordinal="0" offset="0" sl="24" sc="16" el="24" ec="20" bec="0" bev="0" fileid="190" />
            </Method>
            <Method visited="false" cyclomaticComplexity="1" nPathComplexity="0" sequenceCoverage="0" branchCoverage="0" crapScore="2" isConstructor="false" isStatic="false" isGetter="false" isSetter="false">
              <Summary numSequencePoints="1" visitedSequencePoints="0" numBranchPoints="1" visitedBranchPoints="0" sequenceCoverage="0" branchCoverage="0" maxCyclomaticComplexity="1" minCyclomaticComplexity="1" maxCrapScore="2" minCrapScore="2" visitedClasses="0" numClasses="0" visitedMethods="0" numMethods="1" />
              <MetadataToken>100664023</MetadataToken>
              <Name>Xunit.Abstractions.IMessageSink Xunit.DefaultRunnerReporter::CreateMessageHandler(Xunit.IRunnerLogger)</Name>
              <FileRef uid="190" />
              <SequencePoints>
                <SequencePoint vc="0" uspid="5172" ordinal="0" offset="0" sl="28" sc="16" el="28" ec="63" bec="0" bev="0" fileid="190" />
              </SequencePoints>
              <BranchPoints />
              <MethodPoint xsi:type="SequencePoint" vc="0" uspid="5172" ordinal="0" offset="0" sl="28" sc="16" el="28" ec="63" bec="0" bev="0" fileid="190" />
            </Method>
            <Method visited="false" cyclomaticComplexity="1" nPathComplexity="0" sequenceCoverage="0" branchCoverage="0" crapScore="2" isConstructor="true" isStatic="false" isGetter="false" isSetter="false">
              <Summary numSequencePoints="0" visitedSequencePoints="0" numBranchPoints="0" visitedBranchPoints="0" sequenceCoverage="0" branchCoverage="0" maxCyclomaticComplexity="1" minCyclomaticComplexity="1" maxCrapScore="2" minCrapScore="2" visitedClasses="0" numClasses="0" visitedMethods="0" numMethods="0" />
              <MetadataToken>100664024</MetadataToken>
              <Name>System.Void Xunit.DefaultRunnerReporter::.ctor()</Name>
              <SequencePoints />
              <BranchPoints />
              <MethodPoint vc="0" uspid="5173" ordinal="0" offset="0" />
            </Method>
          </Methods>
        </Class>
        <Class>
          <Summary numSequencePoints="136" visitedSequencePoints="0" numBranchPoints="78" visitedBranchPoints="0" sequenceCoverage="0" branchCoverage="0" maxCyclomaticComplexity="10" minCyclomaticComplexity="1" maxCrapScore="110" minCrapScore="2" visitedClasses="0" numClasses="1" visitedMethods="0" numMethods="28" />
          <FullName>Xunit.DefaultRunnerReporterMessageHandler</FullName>
          <Methods>
            <Method visited="false" cyclomaticComplexity="1" nPathComplexity="0" sequenceCoverage="0" branchCoverage="0" crapScore="2" isConstructor="false" isStatic="false" isGetter="true" isSetter="false">
              <Summary numSequencePoints="1" visitedSequencePoints="0" numBranchPoints="1" visitedBranchPoints="0" sequenceCoverage="0" branchCoverage="0" maxCyclomaticComplexity="1" minCyclomaticComplexity="1" maxCrapScore="2" minCrapScore="2" visitedClasses="0" numClasses="0" visitedMethods="0" numMethods="1" />
              <MetadataToken>100664026</MetadataToken>
              <Name>Xunit.IRunnerLogger Xunit.DefaultRunnerReporterMessageHandler::get_Logger()</Name>
              <FileRef uid="191" />
              <SequencePoints>
                <SequencePoint vc="0" uspid="5174" ordinal="0" offset="0" sl="37" sc="42" el="37" ec="46" bec="0" bev="0" fileid="191" />
              </SequencePoints>
              <BranchPoints />
              <MethodPoint xsi:type="SequencePoint" vc="0" uspid="5174" ordinal="0" offset="0" sl="37" sc="42" el="37" ec="46" bec="0" bev="0" fileid="191" />
            </Method>
            <Method visited="false" cyclomaticComplexity="1" nPathComplexity="0" sequenceCoverage="0" branchCoverage="0" crapScore="2" isConstructor="false" isStatic="false" isGetter="false" isSetter="true">
              <Summary numSequencePoints="1" visitedSequencePoints="0" numBranchPoints="1" visitedBranchPoints="0" sequenceCoverage="0" branchCoverage="0" maxCyclomaticComplexity="1" minCyclomaticComplexity="1" maxCrapScore="2" minCrapScore="2" visitedClasses="0" numClasses="0" visitedMethods="0" numMethods="1" />
              <MetadataToken>100664027</MetadataToken>
              <Name>System.Void Xunit.DefaultRunnerReporterMessageHandler::set_Logger(Xunit.IRunnerLogger)</Name>
              <FileRef uid="191" />
              <SequencePoints>
                <SequencePoint vc="0" uspid="5175" ordinal="0" offset="0" sl="37" sc="47" el="37" ec="59" bec="0" bev="0" fileid="191" />
              </SequencePoints>
              <BranchPoints />
              <MethodPoint xsi:type="SequencePoint" vc="0" uspid="5175" ordinal="0" offset="0" sl="37" sc="47" el="37" ec="59" bec="0" bev="0" fileid="191" />
            </Method>
            <Method visited="false" cyclomaticComplexity="1" nPathComplexity="0" sequenceCoverage="0" branchCoverage="0" crapScore="2" isConstructor="true" isStatic="false" isGetter="false" isSetter="false">
              <Summary numSequencePoints="6" visitedSequencePoints="0" numBranchPoints="1" visitedBranchPoints="0" sequenceCoverage="0" branchCoverage="0" maxCyclomaticComplexity="1" minCyclomaticComplexity="1" maxCrapScore="2" minCrapScore="2" visitedClasses="0" numClasses="0" visitedMethods="0" numMethods="1" />
              <MetadataToken>100664025</MetadataToken>
              <Name>System.Void Xunit.DefaultRunnerReporterMessageHandler::.ctor(Xunit.IRunnerLogger)</Name>
              <FileRef uid="191" />
              <SequencePoints>
                <SequencePoint vc="0" uspid="5176" ordinal="0" offset="0" sl="18" sc="9" el="18" ec="111" bec="0" bev="0" fileid="191" />
                <SequencePoint vc="0" uspid="5177" ordinal="1" offset="12" sl="19" sc="9" el="19" ec="187" bec="0" bev="0" fileid="191" />
                <SequencePoint vc="0" uspid="5178" ordinal="2" offset="28" sl="25" sc="9" el="25" ec="73" bec="0" bev="0" fileid="191" />
                <SequencePoint vc="0" uspid="5179" ordinal="3" offset="34" sl="28" sc="13" el="28" ec="64" bec="0" bev="0" fileid="191" />
                <SequencePoint vc="0" uspid="5180" ordinal="4" offset="45" sl="31" sc="13" el="31" ec="29" bec="0" bev="0" fileid="191" />
                <SequencePoint vc="0" uspid="5181" ordinal="5" offset="52" sl="32" sc="9" el="32" ec="10" bec="0" bev="0" fileid="191" />
              </SequencePoints>
              <BranchPoints />
              <MethodPoint xsi:type="SequencePoint" vc="0" uspid="5176" ordinal="0" offset="0" sl="18" sc="9" el="18" ec="111" bec="0" bev="0" fileid="191" />
            </Method>
            <Method visited="false" cyclomaticComplexity="2" nPathComplexity="0" sequenceCoverage="0" branchCoverage="0" crapScore="6" isConstructor="false" isStatic="false" isGetter="false" isSetter="false">
              <Summary numSequencePoints="3" visitedSequencePoints="0" numBranchPoints="1" visitedBranchPoints="0" sequenceCoverage="0" branchCoverage="0" maxCyclomaticComplexity="2" minCyclomaticComplexity="2" maxCrapScore="6" minCrapScore="6" visitedClasses="0" numClasses="0" visitedMethods="0" numMethods="1" />
              <MetadataToken>100664028</MetadataToken>
              <Name>System.Void Xunit.DefaultRunnerReporterMessageHandler::AddExecutionOptions(System.String,Xunit.Abstractions.ITestFrameworkExecutionOptions)</Name>
              <FileRef uid="191" />
              <SequencePoints>
                <SequencePoint vc="0" uspid="5182" ordinal="0" offset="0" sl="41" sc="13" el="41" ec="56" bec="0" bev="0" fileid="191" />
                <SequencePoint vc="0" uspid="5183" ordinal="1" offset="6" sl="42" sc="17" el="42" ec="81" bec="0" bev="0" fileid="191" />
                <SequencePoint vc="0" uspid="5184" ordinal="2" offset="31" sl="43" sc="9" el="43" ec="10" bec="0" bev="0" fileid="191" />
              </SequencePoints>
              <BranchPoints />
              <MethodPoint xsi:type="SequencePoint" vc="0" uspid="5182" ordinal="0" offset="0" sl="41" sc="13" el="41" ec="56" bec="0" bev="0" fileid="191" />
            </Method>
            <Method visited="false" cyclomaticComplexity="2" nPathComplexity="2" sequenceCoverage="0" branchCoverage="0" crapScore="6" isConstructor="false" isStatic="false" isGetter="false" isSetter="false">
              <Summary numSequencePoints="3" visitedSequencePoints="0" numBranchPoints="3" visitedBranchPoints="0" sequenceCoverage="0" branchCoverage="0" maxCyclomaticComplexity="2" minCyclomaticComplexity="2" maxCrapScore="6" minCrapScore="6" visitedClasses="0" numClasses="0" visitedMethods="0" numMethods="1" />
              <MetadataToken>100664029</MetadataToken>
              <Name>System.String Xunit.DefaultRunnerReporterMessageHandler::Escape(System.String)</Name>
              <FileRef uid="191" />
              <SequencePoints>
                <SequencePoint vc="0" uspid="5185" ordinal="0" offset="0" sl="52" sc="13" el="52" ec="30" bec="2" bev="0" fileid="191" />
                <SequencePoint vc="0" uspid="5186" ordinal="1" offset="3" sl="53" sc="17" el="53" ec="37" bec="0" bev="0" fileid="191" />
                <SequencePoint vc="0" uspid="5187" ordinal="2" offset="9" sl="55" sc="13" el="55" ec="109" bec="0" bev="0" fileid="191" />
              </SequencePoints>
              <BranchPoints>
                <BranchPoint vc="0" uspid="5188" ordinal="0" offset="1" sl="52" path="0" offsetend="3" fileid="191" />
                <BranchPoint vc="0" uspid="5189" ordinal="1" offset="1" sl="52" path="1" offsetend="9" fileid="191" />
              </BranchPoints>
              <MethodPoint xsi:type="SequencePoint" vc="0" uspid="5185" ordinal="0" offset="0" sl="52" sc="13" el="52" ec="30" bec="2" bev="0" fileid="191" />
            </Method>
            <Method visited="false" cyclomaticComplexity="1" nPathComplexity="0" sequenceCoverage="0" branchCoverage="0" crapScore="2" isConstructor="false" isStatic="false" isGetter="false" isSetter="false">
              <Summary numSequencePoints="1" visitedSequencePoints="0" numBranchPoints="1" visitedBranchPoints="0" sequenceCoverage="0" branchCoverage="0" maxCyclomaticComplexity="1" minCyclomaticComplexity="1" maxCrapScore="2" minCrapScore="2" visitedClasses="0" numClasses="0" visitedMethods="0" numMethods="1" />
              <MetadataToken>100664030</MetadataToken>
              <Name>System.String Xunit.DefaultRunnerReporterMessageHandler::GetAssemblyDisplayName(Xunit.Abstractions.ITestAssemblyMessage)</Name>
              <FileRef uid="191" />
              <SequencePoints>
                <SequencePoint vc="0" uspid="5190" ordinal="0" offset="0" sl="65" sc="13" el="65" ec="105" bec="0" bev="0" fileid="191" />
              </SequencePoints>
              <BranchPoints />
              <MethodPoint xsi:type="SequencePoint" vc="0" uspid="5190" ordinal="0" offset="0" sl="65" sc="13" el="65" ec="105" bec="0" bev="0" fileid="191" />
            </Method>
            <Method visited="false" cyclomaticComplexity="1" nPathComplexity="0" sequenceCoverage="0" branchCoverage="0" crapScore="2" isConstructor="false" isStatic="false" isGetter="false" isSetter="false">
              <Summary numSequencePoints="1" visitedSequencePoints="0" numBranchPoints="1" visitedBranchPoints="0" sequenceCoverage="0" branchCoverage="0" maxCyclomaticComplexity="1" minCyclomaticComplexity="1" maxCrapScore="2" minCrapScore="2" visitedClasses="0" numClasses="0" visitedMethods="0" numMethods="1" />
              <MetadataToken>100664031</MetadataToken>
              <Name>System.String Xunit.DefaultRunnerReporterMessageHandler::GetAssemblyDisplayName(Xunit.XunitProjectAssembly)</Name>
              <FileRef uid="191" />
              <SequencePoints>
                <SequencePoint vc="0" uspid="5191" ordinal="0" offset="0" sl="75" sc="13" el="75" ec="80" bec="0" bev="0" fileid="191" />
              </SequencePoints>
              <BranchPoints />
              <MethodPoint xsi:type="SequencePoint" vc="0" uspid="5191" ordinal="0" offset="0" sl="75" sc="13" el="75" ec="80" bec="0" bev="0" fileid="191" />
            </Method>
            <Method visited="false" cyclomaticComplexity="3" nPathComplexity="2" sequenceCoverage="0" branchCoverage="0" crapScore="12" isConstructor="false" isStatic="false" isGetter="false" isSetter="false">
              <Summary numSequencePoints="4" visitedSequencePoints="0" numBranchPoints="3" visitedBranchPoints="0" sequenceCoverage="0" branchCoverage="0" maxCyclomaticComplexity="3" minCyclomaticComplexity="3" maxCrapScore="12" minCrapScore="12" visitedClasses="0" numClasses="0" visitedMethods="0" numMethods="1" />
              <MetadataToken>100664032</MetadataToken>
              <Name>Xunit.Abstractions.ITestFrameworkExecutionOptions Xunit.DefaultRunnerReporterMessageHandler::GetExecutionOptions(System.String)</Name>
              <FileRef uid="191" />
              <SequencePoints>
                <SequencePoint vc="0" uspid="5192" ordinal="0" offset="0" sl="88" sc="13" el="88" ec="55" bec="0" bev="0" fileid="191" />
                <SequencePoint vc="0" uspid="5193" ordinal="1" offset="6" sl="89" sc="17" el="89" ec="91" bec="2" bev="0" fileid="191" />
                <SequencePoint vc="0" uspid="5194" ordinal="2" offset="22" sl="90" sc="21" el="90" ec="54" bec="0" bev="0" fileid="191" />
                <SequencePoint vc="0" uspid="5195" ordinal="3" offset="41" sl="92" sc="13" el="92" ec="27" bec="0" bev="0" fileid="191" />
              </SequencePoints>
              <BranchPoints>
                <BranchPoint vc="0" uspid="5196" ordinal="0" offset="20" sl="89" path="0" offsetend="22" fileid="191" />
                <BranchPoint vc="0" uspid="5197" ordinal="1" offset="20" sl="89" path="1" offsetend="29" fileid="191" />
              </BranchPoints>
              <MethodPoint xsi:type="SequencePoint" vc="0" uspid="5192" ordinal="0" offset="0" sl="88" sc="13" el="88" ec="55" bec="0" bev="0" fileid="191" />
            </Method>
            <Method visited="false" cyclomaticComplexity="4" nPathComplexity="2" sequenceCoverage="0" branchCoverage="0" crapScore="20" isConstructor="false" isStatic="false" isGetter="false" isSetter="false">
              <Summary numSequencePoints="10" visitedSequencePoints="0" numBranchPoints="3" visitedBranchPoints="0" sequenceCoverage="0" branchCoverage="0" maxCyclomaticComplexity="4" minCyclomaticComplexity="4" maxCrapScore="20" minCrapScore="20" visitedClasses="0" numClasses="0" visitedMethods="0" numMethods="1" />
              <MetadataToken>100664033</MetadataToken>
              <Name>System.Void Xunit.DefaultRunnerReporterMessageHandler::LogError(System.String,Xunit.Abstractions.IFailureInformation)</Name>
              <FileRef uid="191" />
              <SequencePoints>
                <SequencePoint vc="0" uspid="5198" ordinal="0" offset="0" sl="102" sc="13" el="102" ec="69" bec="0" bev="0" fileid="191" />
                <SequencePoint vc="0" uspid="5199" ordinal="1" offset="7" sl="104" sc="13" el="104" ec="37" bec="0" bev="0" fileid="191" />
                <SequencePoint vc="0" uspid="5200" ordinal="2" offset="29" sl="106" sc="17" el="106" ec="152" bec="2" bev="0" fileid="191" />
                <SequencePoint vc="0" uspid="5201" ordinal="3" offset="78" sl="108" sc="45" el="108" ec="152" bec="0" bev="0" fileid="191" />
                <SequencePoint vc="0" uspid="5202" ordinal="4" offset="110" sl="108" sc="26" el="108" ec="41" bec="0" bev="0" fileid="191" />
                <SequencePoint vc="0" uspid="5203" ordinal="5" offset="116" sl="109" sc="21" el="109" ec="83" bec="0" bev="0" fileid="191" />
                <SequencePoint vc="0" uspid="5204" ordinal="6" offset="146" sl="108" sc="42" el="108" ec="44" bec="0" bev="0" fileid="191" />
                <SequencePoint vc="0" uspid="5205" ordinal="7" offset="153" sl="111" sc="17" el="111" ec="92" bec="0" bev="0" fileid="191" />
                <SequencePoint vc="0" uspid="5206" ordinal="8" offset="166" sl="112" sc="13" el="112" ec="14" bec="0" bev="0" fileid="191" />
                <SequencePoint vc="0" uspid="5207" ordinal="9" offset="178" sl="113" sc="9" el="113" ec="10" bec="0" bev="0" fileid="191" />
              </SequencePoints>
              <BranchPoints>
                <BranchPoint vc="0" uspid="5208" ordinal="0" offset="55" sl="106" path="0" offsetend="57" fileid="191" />
                <BranchPoint vc="0" uspid="5209" ordinal="1" offset="55" sl="106" path="1" offsetend="63" fileid="191" />
              </BranchPoints>
              <MethodPoint xsi:type="SequencePoint" vc="0" uspid="5198" ordinal="0" offset="0" sl="102" sc="13" el="102" ec="69" bec="0" bev="0" fileid="191" />
            </Method>
            <Method visited="false" cyclomaticComplexity="3" nPathComplexity="2" sequenceCoverage="0" branchCoverage="0" crapScore="12" isConstructor="false" isStatic="false" isGetter="false" isSetter="false">
              <Summary numSequencePoints="8" visitedSequencePoints="0" numBranchPoints="3" visitedBranchPoints="0" sequenceCoverage="0" branchCoverage="0" maxCyclomaticComplexity="3" minCyclomaticComplexity="3" maxCrapScore="12" minCrapScore="12" visitedClasses="0" numClasses="0" visitedMethods="0" numMethods="1" />
              <MetadataToken>100664034</MetadataToken>
              <Name>System.Void Xunit.DefaultRunnerReporterMessageHandler::LogStackTrace(Xunit.StackFrameInfo,System.String)</Name>
              <FileRef uid="191" />
              <SequencePoints>
                <SequencePoint vc="0" uspid="5212" ordinal="0" offset="0" sl="120" sc="13" el="120" ec="50" bec="2" bev="0" fileid="191" />
                <SequencePoint vc="0" uspid="5213" ordinal="1" offset="8" sl="121" sc="17" el="121" ec="24" bec="0" bev="0" fileid="191" />
                <SequencePoint vc="0" uspid="5214" ordinal="2" offset="9" sl="123" sc="13" el="123" ec="64" bec="0" bev="0" fileid="191" />
                <SequencePoint vc="0" uspid="5215" ordinal="3" offset="26" sl="125" sc="40" el="125" ec="112" bec="0" bev="0" fileid="191" />
                <SequencePoint vc="0" uspid="5216" ordinal="4" offset="52" sl="125" sc="22" el="125" ec="36" bec="0" bev="0" fileid="191" />
                <SequencePoint vc="0" uspid="5217" ordinal="5" offset="56" sl="126" sc="17" el="126" ec="136" bec="0" bev="0" fileid="191" />
                <SequencePoint vc="0" uspid="5218" ordinal="6" offset="94" sl="125" sc="37" el="125" ec="39" bec="0" bev="0" fileid="191" />
                <SequencePoint vc="0" uspid="5219" ordinal="7" offset="100" sl="127" sc="9" el="127" ec="10" bec="0" bev="0" fileid="191" />
              </SequencePoints>
              <BranchPoints>
                <BranchPoint vc="0" uspid="5220" ordinal="0" offset="6" sl="120" path="0" offsetend="8" fileid="191" />
                <BranchPoint vc="0" uspid="5221" ordinal="1" offset="6" sl="120" path="1" offsetend="9" fileid="191" />
              </BranchPoints>
              <MethodPoint xsi:type="SequencePoint" vc="0" uspid="5212" ordinal="0" offset="0" sl="120" sc="13" el="120" ec="50" bec="2" bev="0" fileid="191" />
            </Method>
            <Method visited="false" cyclomaticComplexity="4" nPathComplexity="4" sequenceCoverage="0" branchCoverage="0" crapScore="20" isConstructor="false" isStatic="false" isGetter="false" isSetter="false">
              <Summary numSequencePoints="10" visitedSequencePoints="0" numBranchPoints="5" visitedBranchPoints="0" sequenceCoverage="0" branchCoverage="0" maxCyclomaticComplexity="4" minCyclomaticComplexity="4" maxCrapScore="20" minCrapScore="20" visitedClasses="0" numClasses="0" visitedMethods="0" numMethods="1" />
              <MetadataToken>100664035</MetadataToken>
              <Name>System.Void Xunit.DefaultRunnerReporterMessageHandler::LogOutput(Xunit.StackFrameInfo,System.String)</Name>
              <FileRef uid="191" />
              <SequencePoints>
                <SequencePoint vc="0" uspid="5224" ordinal="0" offset="0" sl="134" sc="13" el="134" ec="46" bec="2" bev="0" fileid="191" />
                <SequencePoint vc="0" uspid="5225" ordinal="1" offset="8" sl="135" sc="17" el="135" ec="24" bec="0" bev="0" fileid="191" />
                <SequencePoint vc="0" uspid="5226" ordinal="2" offset="9" sl="139" sc="13" el="139" ec="80" bec="2" bev="0" fileid="191" />
                <SequencePoint vc="0" uspid="5227" ordinal="3" offset="23" sl="140" sc="17" el="140" ec="90" bec="0" bev="0" fileid="191" />
                <SequencePoint vc="0" uspid="5228" ordinal="4" offset="49" sl="142" sc="13" el="142" ec="59" bec="0" bev="0" fileid="191" />
                <SequencePoint vc="0" uspid="5229" ordinal="5" offset="66" sl="144" sc="34" el="144" ec="102" bec="0" bev="0" fileid="191" />
                <SequencePoint vc="0" uspid="5230" ordinal="6" offset="92" sl="144" sc="22" el="144" ec="30" bec="0" bev="0" fileid="191" />
                <SequencePoint vc="0" uspid="5231" ordinal="7" offset="96" sl="145" sc="17" el="145" ec="74" bec="0" bev="0" fileid="191" />
                <SequencePoint vc="0" uspid="5232" ordinal="8" offset="123" sl="144" sc="31" el="144" ec="33" bec="0" bev="0" fileid="191" />
                <SequencePoint vc="0" uspid="5233" ordinal="9" offset="129" sl="146" sc="9" el="146" ec="10" bec="0" bev="0" fileid="191" />
              </SequencePoints>
              <BranchPoints>
                <BranchPoint vc="0" uspid="5234" ordinal="0" offset="6" sl="134" path="0" offsetend="8" fileid="191" />
                <BranchPoint vc="0" uspid="5235" ordinal="1" offset="6" sl="134" path="1" offsetend="9" fileid="191" />
                <BranchPoint vc="0" uspid="5236" ordinal="2" offset="21" sl="139" path="0" offsetend="23" fileid="191" />
                <BranchPoint vc="0" uspid="5237" ordinal="3" offset="21" sl="139" path="1" offsetend="49" fileid="191" />
              </BranchPoints>
              <MethodPoint xsi:type="SequencePoint" vc="0" uspid="5224" ordinal="0" offset="0" sl="134" sc="13" el="134" ec="46" bec="2" bev="0" fileid="191" />
            </Method>
            <Method visited="false" cyclomaticComplexity="2" nPathComplexity="0" sequenceCoverage="0" branchCoverage="0" crapScore="6" isConstructor="false" isStatic="false" isGetter="false" isSetter="false">
              <Summary numSequencePoints="3" visitedSequencePoints="0" numBranchPoints="1" visitedBranchPoints="0" sequenceCoverage="0" branchCoverage="0" maxCyclomaticComplexity="2" minCyclomaticComplexity="2" maxCrapScore="6" minCrapScore="6" visitedClasses="0" numClasses="0" visitedMethods="0" numMethods="1" />
              <MetadataToken>100664036</MetadataToken>
              <Name>System.Void Xunit.DefaultRunnerReporterMessageHandler::RemoveExecutionOptions(System.String)</Name>
              <FileRef uid="191" />
              <SequencePoints>
                <SequencePoint vc="0" uspid="5240" ordinal="0" offset="0" sl="150" sc="13" el="150" ec="56" bec="0" bev="0" fileid="191" />
                <SequencePoint vc="0" uspid="5241" ordinal="1" offset="6" sl="151" sc="17" el="151" ec="69" bec="0" bev="0" fileid="191" />
                <SequencePoint vc="0" uspid="5242" ordinal="2" offset="31" sl="152" sc="9" el="152" ec="10" bec="0" bev="0" fileid="191" />
              </SequencePoints>
              <BranchPoints />
              <MethodPoint xsi:type="SequencePoint" vc="0" uspid="5240" ordinal="0" offset="0" sl="150" sc="13" el="150" ec="56" bec="0" bev="0" fileid="191" />
            </Method>
            <Method visited="false" cyclomaticComplexity="1" nPathComplexity="0" sequenceCoverage="0" branchCoverage="0" crapScore="2" isConstructor="false" isStatic="false" isGetter="false" isSetter="false">
              <Summary numSequencePoints="2" visitedSequencePoints="0" numBranchPoints="1" visitedBranchPoints="0" sequenceCoverage="0" branchCoverage="0" maxCyclomaticComplexity="1" minCyclomaticComplexity="1" maxCrapScore="2" minCrapScore="2" visitedClasses="0" numClasses="0" visitedMethods="0" numMethods="1" />
              <MetadataToken>100664037</MetadataToken>
              <Name>System.Boolean Xunit.DefaultRunnerReporterMessageHandler::Visit(Xunit.Abstractions.IErrorMessage)</Name>
              <FileRef uid="191" />
              <SequencePoints>
                <SequencePoint vc="0" uspid="5243" ordinal="0" offset="0" sl="157" sc="13" el="157" ec="44" bec="0" bev="0" fileid="191" />
                <SequencePoint vc="0" uspid="5244" ordinal="1" offset="12" sl="159" sc="13" el="159" ec="38" bec="0" bev="0" fileid="191" />
              </SequencePoints>
              <BranchPoints />
              <MethodPoint xsi:type="SequencePoint" vc="0" uspid="5243" ordinal="0" offset="0" sl="157" sc="13" el="157" ec="44" bec="0" bev="0" fileid="191" />
            </Method>
            <Method visited="false" cyclomaticComplexity="5" nPathComplexity="8" sequenceCoverage="0" branchCoverage="0" crapScore="30" isConstructor="false" isStatic="false" isGetter="false" isSetter="false">
              <Summary numSequencePoints="7" visitedSequencePoints="0" numBranchPoints="7" visitedBranchPoints="0" sequenceCoverage="0" branchCoverage="0" maxCyclomaticComplexity="5" minCyclomaticComplexity="5" maxCrapScore="30" minCrapScore="30" visitedClasses="0" numClasses="0" visitedMethods="0" numMethods="1" />
              <MetadataToken>100664038</MetadataToken>
              <Name>System.Boolean Xunit.DefaultRunnerReporterMessageHandler::Visit(Xunit.ITestAssemblyDiscoveryFinished)</Name>
              <FileRef uid="191" />
              <SequencePoints>
                <SequencePoint vc="0" uspid="5245" ordinal="0" offset="0" sl="165" sc="13" el="165" ec="90" bec="0" bev="0" fileid="191" />
                <SequencePoint vc="0" uspid="5246" ordinal="1" offset="13" sl="167" sc="13" el="167" ec="85" bec="2" bev="0" fileid="191" />
                <SequencePoint vc="0" uspid="5247" ordinal="2" offset="26" sl="169" sc="17" el="172" ec="108" bec="2" bev="0" fileid="191" />
                <SequencePoint vc="0" uspid="5248" ordinal="3" offset="89" sl="174" sc="17" el="174" ec="165" bec="2" bev="0" fileid="191" />
                <SequencePoint vc="0" uspid="5249" ordinal="4" offset="133" sl="175" sc="13" el="175" ec="14" bec="0" bev="0" fileid="191" />
                <SequencePoint vc="0" uspid="5250" ordinal="5" offset="135" sl="177" sc="17" el="177" ec="85" bec="0" bev="0" fileid="191" />
                <SequencePoint vc="0" uspid="5251" ordinal="6" offset="157" sl="179" sc="13" el="179" ec="50" bec="0" bev="0" fileid="191" />
              </SequencePoints>
              <BranchPoints>
                <BranchPoint vc="0" uspid="5252" ordinal="0" offset="24" sl="167" path="0" offsetend="26" fileid="191" />
                <BranchPoint vc="0" uspid="5253" ordinal="1" offset="24" sl="167" path="1" offsetend="135" fileid="191" />
                <BranchPoint vc="0" uspid="5254" ordinal="2" offset="38" sl="169" path="0" offsetend="40" fileid="191" />
                <BranchPoint vc="0" uspid="5255" ordinal="3" offset="38" sl="169" path="1" offsetend="74" fileid="191" />
                <BranchPoint vc="0" uspid="5256" ordinal="4" offset="109" sl="174" path="0" offsetend="111" fileid="191" />
                <BranchPoint vc="0" uspid="5257" ordinal="5" offset="109" sl="174" path="1" offsetend="118" fileid="191" />
              </BranchPoints>
              <MethodPoint xsi:type="SequencePoint" vc="0" uspid="5245" ordinal="0" offset="0" sl="165" sc="13" el="165" ec="90" bec="0" bev="0" fileid="191" />
            </Method>
            <Method visited="false" cyclomaticComplexity="6" nPathComplexity="8" sequenceCoverage="0" branchCoverage="0" crapScore="42" isConstructor="false" isStatic="false" isGetter="false" isSetter="false">
              <Summary numSequencePoints="6" visitedSequencePoints="0" numBranchPoints="7" visitedBranchPoints="0" sequenceCoverage="0" branchCoverage="0" maxCyclomaticComplexity="6" minCyclomaticComplexity="6" maxCrapScore="42" minCrapScore="42" visitedClasses="0" numClasses="0" visitedMethods="0" numMethods="1" />
              <MetadataToken>100664039</MetadataToken>
              <Name>System.Boolean Xunit.DefaultRunnerReporterMessageHandler::Visit(Xunit.ITestAssemblyDiscoveryStarting)</Name>
              <FileRef uid="191" />
              <SequencePoints>
                <SequencePoint vc="0" uspid="5258" ordinal="0" offset="0" sl="185" sc="13" el="185" ec="90" bec="0" bev="0" fileid="191" />
                <SequencePoint vc="0" uspid="5259" ordinal="1" offset="13" sl="187" sc="13" el="187" ec="85" bec="2" bev="0" fileid="191" />
                <SequencePoint vc="0" uspid="5260" ordinal="2" offset="26" sl="190" sc="17" el="190" ec="301" bec="4" bev="0" fileid="191" />
                <SequencePoint vc="0" uspid="5261" ordinal="3" offset="109" sl="194" sc="13" el="194" ec="14" bec="0" bev="0" fileid="191" />
                <SequencePoint vc="0" uspid="5262" ordinal="4" offset="111" sl="196" sc="17" el="196" ec="85" bec="0" bev="0" fileid="191" />
                <SequencePoint vc="0" uspid="5263" ordinal="5" offset="133" sl="198" sc="13" el="198" ec="50" bec="0" bev="0" fileid="191" />
              </SequencePoints>
              <BranchPoints>
                <BranchPoint vc="0" uspid="5264" ordinal="0" offset="24" sl="187" path="0" offsetend="26" fileid="191" />
                <BranchPoint vc="0" uspid="5265" ordinal="1" offset="24" sl="187" path="1" offsetend="111" fileid="191" />
                <BranchPoint vc="0" uspid="5266" ordinal="2" offset="44" sl="190" path="0" offsetend="46" fileid="191" />
                <BranchPoint vc="0" uspid="5267" ordinal="3" offset="44" sl="190" path="1" offsetend="53" fileid="191" />
                <BranchPoint vc="0" uspid="5268" ordinal="4" offset="64" sl="190" path="0" offsetend="66" fileid="191" />
                <BranchPoint vc="0" uspid="5269" ordinal="5" offset="64" sl="190" path="1" offsetend="73" fileid="191" />
              </BranchPoints>
              <MethodPoint xsi:type="SequencePoint" vc="0" uspid="5258" ordinal="0" offset="0" sl="185" sc="13" el="185" ec="90" bec="0" bev="0" fileid="191" />
            </Method>
            <Method visited="false" cyclomaticComplexity="1" nPathComplexity="0" sequenceCoverage="0" branchCoverage="0" crapScore="2" isConstructor="false" isStatic="false" isGetter="false" isSetter="false">
              <Summary numSequencePoints="3" visitedSequencePoints="0" numBranchPoints="1" visitedBranchPoints="0" sequenceCoverage="0" branchCoverage="0" maxCyclomaticComplexity="1" minCyclomaticComplexity="1" maxCrapScore="2" minCrapScore="2" visitedClasses="0" numClasses="0" visitedMethods="0" numMethods="1" />
              <MetadataToken>100664040</MetadataToken>
              <Name>System.Boolean Xunit.DefaultRunnerReporterMessageHandler::Visit(Xunit.ITestAssemblyExecutionFinished)</Name>
              <FileRef uid="191" />
              <SequencePoints>
                <SequencePoint vc="0" uspid="5270" ordinal="0" offset="0" sl="204" sc="13" el="204" ec="112" bec="0" bev="0" fileid="191" />
                <SequencePoint vc="0" uspid="5271" ordinal="1" offset="33" sl="206" sc="13" el="206" ec="81" bec="0" bev="0" fileid="191" />
                <SequencePoint vc="0" uspid="5272" ordinal="2" offset="50" sl="208" sc="13" el="208" ec="50" bec="0" bev="0" fileid="191" />
              </SequencePoints>
              <BranchPoints />
              <MethodPoint xsi:type="SequencePoint" vc="0" uspid="5270" ordinal="0" offset="0" sl="204" sc="13" el="204" ec="112" bec="0" bev="0" fileid="191" />
            </Method>
            <Method visited="false" cyclomaticComplexity="5" nPathComplexity="8" sequenceCoverage="0" branchCoverage="0" crapScore="30" isConstructor="false" isStatic="false" isGetter="false" isSetter="false">
              <Summary numSequencePoints="9" visitedSequencePoints="0" numBranchPoints="7" visitedBranchPoints="0" sequenceCoverage="0" branchCoverage="0" maxCyclomaticComplexity="5" minCyclomaticComplexity="5" maxCrapScore="30" minCrapScore="30" visitedClasses="0" numClasses="0" visitedMethods="0" numMethods="1" />
              <MetadataToken>100664041</MetadataToken>
              <Name>System.Boolean Xunit.DefaultRunnerReporterMessageHandler::Visit(Xunit.ITestAssemblyExecutionStarting)</Name>
              <FileRef uid="191" />
              <SequencePoints>
                <SequencePoint vc="0" uspid="5273" ordinal="0" offset="0" sl="214" sc="13" el="214" ec="114" bec="0" bev="0" fileid="191" />
                <SequencePoint vc="0" uspid="5274" ordinal="1" offset="23" sl="216" sc="13" el="216" ec="90" bec="0" bev="0" fileid="191" />
                <SequencePoint vc="0" uspid="5275" ordinal="2" offset="36" sl="218" sc="13" el="218" ec="85" bec="2" bev="0" fileid="191" />
                <SequencePoint vc="0" uspid="5276" ordinal="3" offset="49" sl="220" sc="17" el="220" ec="103" bec="0" bev="0" fileid="191" />
                <SequencePoint vc="0" uspid="5277" ordinal="4" offset="61" sl="221" sc="17" el="221" ec="94" bec="2" bev="0" fileid="191" />
                <SequencePoint vc="0" uspid="5278" ordinal="5" offset="80" sl="222" sc="17" el="222" ec="240" bec="2" bev="0" fileid="191" />
                <SequencePoint vc="0" uspid="5279" ordinal="6" offset="128" sl="223" sc="13" el="223" ec="14" bec="0" bev="0" fileid="191" />
                <SequencePoint vc="0" uspid="5280" ordinal="7" offset="130" sl="225" sc="17" el="225" ec="85" bec="0" bev="0" fileid="191" />
                <SequencePoint vc="0" uspid="5281" ordinal="8" offset="152" sl="227" sc="13" el="227" ec="50" bec="0" bev="0" fileid="191" />
              </SequencePoints>
              <BranchPoints>
                <BranchPoint vc="0" uspid="5282" ordinal="0" offset="47" sl="218" path="0" offsetend="49" fileid="191" />
                <BranchPoint vc="0" uspid="5283" ordinal="1" offset="47" sl="218" path="1" offsetend="130" fileid="191" />
                <BranchPoint vc="0" uspid="5284" ordinal="2" offset="63" sl="221" path="0" offsetend="65" fileid="191" />
                <BranchPoint vc="0" uspid="5285" ordinal="3" offset="63" sl="221" path="1" offsetend="74" fileid="191" />
                <BranchPoint vc="0" uspid="5286" ordinal="4" offset="103" sl="222" path="0" offsetend="105" fileid="191" />
                <BranchPoint vc="0" uspid="5287" ordinal="5" offset="103" sl="222" path="1" offsetend="112" fileid="191" />
              </BranchPoints>
              <MethodPoint xsi:type="SequencePoint" vc="0" uspid="5273" ordinal="0" offset="0" sl="214" sc="13" el="214" ec="114" bec="0" bev="0" fileid="191" />
            </Method>
            <Method visited="false" cyclomaticComplexity="1" nPathComplexity="0" sequenceCoverage="0" branchCoverage="0" crapScore="2" isConstructor="false" isStatic="false" isGetter="false" isSetter="false">
              <Summary numSequencePoints="2" visitedSequencePoints="0" numBranchPoints="1" visitedBranchPoints="0" sequenceCoverage="0" branchCoverage="0" maxCyclomaticComplexity="1" minCyclomaticComplexity="1" maxCrapScore="2" minCrapScore="2" visitedClasses="0" numClasses="0" visitedMethods="0" numMethods="1" />
              <MetadataToken>100664042</MetadataToken>
              <Name>System.Boolean Xunit.DefaultRunnerReporterMessageHandler::Visit(Xunit.Abstractions.ITestAssemblyCleanupFailure)</Name>
              <FileRef uid="191" />
              <SequencePoints>
                <SequencePoint vc="0" uspid="5288" ordinal="0" offset="0" sl="233" sc="13" el="233" ec="126" bec="0" bev="0" fileid="191" />
                <SequencePoint vc="0" uspid="5289" ordinal="1" offset="33" sl="235" sc="13" el="235" ec="47" bec="0" bev="0" fileid="191" />
              </SequencePoints>
              <BranchPoints />
              <MethodPoint xsi:type="SequencePoint" vc="0" uspid="5288" ordinal="0" offset="0" sl="233" sc="13" el="233" ec="126" bec="0" bev="0" fileid="191" />
            </Method>
            <Method visited="false" cyclomaticComplexity="1" nPathComplexity="0" sequenceCoverage="0" branchCoverage="0" crapScore="2" isConstructor="false" isStatic="false" isGetter="false" isSetter="false">
              <Summary numSequencePoints="2" visitedSequencePoints="0" numBranchPoints="1" visitedBranchPoints="0" sequenceCoverage="0" branchCoverage="0" maxCyclomaticComplexity="1" minCyclomaticComplexity="1" maxCrapScore="2" minCrapScore="2" visitedClasses="0" numClasses="0" visitedMethods="0" numMethods="1" />
              <MetadataToken>100664043</MetadataToken>
              <Name>System.Boolean Xunit.DefaultRunnerReporterMessageHandler::Visit(Xunit.Abstractions.ITestCaseCleanupFailure)</Name>
              <FileRef uid="191" />
              <SequencePoints>
                <SequencePoint vc="0" uspid="5290" ordinal="0" offset="0" sl="241" sc="13" el="241" ec="108" bec="0" bev="0" fileid="191" />
                <SequencePoint vc="0" uspid="5291" ordinal="1" offset="28" sl="243" sc="13" el="243" ec="47" bec="0" bev="0" fileid="191" />
              </SequencePoints>
              <BranchPoints />
              <MethodPoint xsi:type="SequencePoint" vc="0" uspid="5290" ordinal="0" offset="0" sl="241" sc="13" el="241" ec="108" bec="0" bev="0" fileid="191" />
            </Method>
            <Method visited="false" cyclomaticComplexity="1" nPathComplexity="0" sequenceCoverage="0" branchCoverage="0" crapScore="2" isConstructor="false" isStatic="false" isGetter="false" isSetter="false">
              <Summary numSequencePoints="2" visitedSequencePoints="0" numBranchPoints="1" visitedBranchPoints="0" sequenceCoverage="0" branchCoverage="0" maxCyclomaticComplexity="1" minCyclomaticComplexity="1" maxCrapScore="2" minCrapScore="2" visitedClasses="0" numClasses="0" visitedMethods="0" numMethods="1" />
              <MetadataToken>100664044</MetadataToken>
              <Name>System.Boolean Xunit.DefaultRunnerReporterMessageHandler::Visit(Xunit.Abstractions.ITestClassCleanupFailure)</Name>
              <FileRef uid="191" />
              <SequencePoints>
                <SequencePoint vc="0" uspid="5292" ordinal="0" offset="0" sl="249" sc="13" el="249" ec="109" bec="0" bev="0" fileid="191" />
                <SequencePoint vc="0" uspid="5293" ordinal="1" offset="33" sl="251" sc="13" el="251" ec="47" bec="0" bev="0" fileid="191" />
              </SequencePoints>
              <BranchPoints />
              <MethodPoint xsi:type="SequencePoint" vc="0" uspid="5292" ordinal="0" offset="0" sl="249" sc="13" el="249" ec="109" bec="0" bev="0" fileid="191" />
            </Method>
            <Method visited="false" cyclomaticComplexity="1" nPathComplexity="0" sequenceCoverage="0" branchCoverage="0" crapScore="2" isConstructor="false" isStatic="false" isGetter="false" isSetter="false">
              <Summary numSequencePoints="2" visitedSequencePoints="0" numBranchPoints="1" visitedBranchPoints="0" sequenceCoverage="0" branchCoverage="0" maxCyclomaticComplexity="1" minCyclomaticComplexity="1" maxCrapScore="2" minCrapScore="2" visitedClasses="0" numClasses="0" visitedMethods="0" numMethods="1" />
              <MetadataToken>100664045</MetadataToken>
              <Name>System.Boolean Xunit.DefaultRunnerReporterMessageHandler::Visit(Xunit.Abstractions.ITestCleanupFailure)</Name>
              <FileRef uid="191" />
              <SequencePoints>
                <SequencePoint vc="0" uspid="5294" ordinal="0" offset="0" sl="257" sc="13" el="257" ec="99" bec="0" bev="0" fileid="191" />
                <SequencePoint vc="0" uspid="5295" ordinal="1" offset="28" sl="259" sc="13" el="259" ec="47" bec="0" bev="0" fileid="191" />
              </SequencePoints>
              <BranchPoints />
              <MethodPoint xsi:type="SequencePoint" vc="0" uspid="5294" ordinal="0" offset="0" sl="257" sc="13" el="257" ec="99" bec="0" bev="0" fileid="191" />
            </Method>
            <Method visited="false" cyclomaticComplexity="1" nPathComplexity="0" sequenceCoverage="0" branchCoverage="0" crapScore="2" isConstructor="false" isStatic="false" isGetter="false" isSetter="false">
              <Summary numSequencePoints="2" visitedSequencePoints="0" numBranchPoints="1" visitedBranchPoints="0" sequenceCoverage="0" branchCoverage="0" maxCyclomaticComplexity="1" minCyclomaticComplexity="1" maxCrapScore="2" minCrapScore="2" visitedClasses="0" numClasses="0" visitedMethods="0" numMethods="1" />
              <MetadataToken>100664046</MetadataToken>
              <Name>System.Boolean Xunit.DefaultRunnerReporterMessageHandler::Visit(Xunit.Abstractions.ITestCollectionCleanupFailure)</Name>
              <FileRef uid="191" />
              <SequencePoints>
                <SequencePoint vc="0" uspid="5296" ordinal="0" offset="0" sl="265" sc="13" el="265" ec="120" bec="0" bev="0" fileid="191" />
                <SequencePoint vc="0" uspid="5297" ordinal="1" offset="28" sl="267" sc="13" el="267" ec="47" bec="0" bev="0" fileid="191" />
              </SequencePoints>
              <BranchPoints />
              <MethodPoint xsi:type="SequencePoint" vc="0" uspid="5296" ordinal="0" offset="0" sl="265" sc="13" el="265" ec="120" bec="0" bev="0" fileid="191" />
            </Method>
            <Method visited="false" cyclomaticComplexity="1" nPathComplexity="0" sequenceCoverage="0" branchCoverage="0" crapScore="2" isConstructor="false" isStatic="false" isGetter="false" isSetter="false">
              <Summary numSequencePoints="2" visitedSequencePoints="0" numBranchPoints="1" visitedBranchPoints="0" sequenceCoverage="0" branchCoverage="0" maxCyclomaticComplexity="1" minCyclomaticComplexity="1" maxCrapScore="2" minCrapScore="2" visitedClasses="0" numClasses="0" visitedMethods="0" numMethods="1" />
              <MetadataToken>100664047</MetadataToken>
              <Name>System.Boolean Xunit.DefaultRunnerReporterMessageHandler::Visit(Xunit.ITestExecutionSummary)</Name>
              <FileRef uid="191" />
              <SequencePoints>
                <SequencePoint vc="0" uspid="5298" ordinal="0" offset="0" sl="273" sc="13" el="273" ec="59" bec="0" bev="0" fileid="191" />
                <SequencePoint vc="0" uspid="5299" ordinal="1" offset="12" sl="275" sc="13" el="275" ec="49" bec="0" bev="0" fileid="191" />
              </SequencePoints>
              <BranchPoints />
              <MethodPoint xsi:type="SequencePoint" vc="0" uspid="5298" ordinal="0" offset="0" sl="273" sc="13" el="273" ec="59" bec="0" bev="0" fileid="191" />
            </Method>
            <Method visited="false" cyclomaticComplexity="3" nPathComplexity="0" sequenceCoverage="0" branchCoverage="0" crapScore="12" isConstructor="false" isStatic="false" isGetter="false" isSetter="false">
              <Summary numSequencePoints="11" visitedSequencePoints="0" numBranchPoints="1" visitedBranchPoints="0" sequenceCoverage="0" branchCoverage="0" maxCyclomaticComplexity="3" minCyclomaticComplexity="3" maxCrapScore="12" minCrapScore="12" visitedClasses="0" numClasses="0" visitedMethods="0" numMethods="1" />
              <MetadataToken>100664048</MetadataToken>
              <Name>System.Boolean Xunit.DefaultRunnerReporterMessageHandler::Visit(Xunit.Abstractions.ITestFailed)</Name>
              <FileRef uid="191" />
              <SequencePoints>
                <SequencePoint vc="0" uspid="5300" ordinal="0" offset="0" sl="281" sc="13" el="281" ec="68" bec="0" bev="0" fileid="191" />
                <SequencePoint vc="0" uspid="5301" ordinal="1" offset="7" sl="283" sc="13" el="283" ec="37" bec="0" bev="0" fileid="191" />
                <SequencePoint vc="0" uspid="5302" ordinal="2" offset="29" sl="285" sc="17" el="285" ec="97" bec="0" bev="0" fileid="191" />
                <SequencePoint vc="0" uspid="5303" ordinal="3" offset="68" sl="287" sc="45" el="287" ec="151" bec="0" bev="0" fileid="191" />
                <SequencePoint vc="0" uspid="5304" ordinal="4" offset="100" sl="287" sc="26" el="287" ec="41" bec="0" bev="0" fileid="191" />
                <SequencePoint vc="0" uspid="5305" ordinal="5" offset="106" sl="288" sc="21" el="288" ec="83" bec="0" bev="0" fileid="191" />
                <SequencePoint vc="0" uspid="5306" ordinal="6" offset="136" sl="287" sc="42" el="287" ec="44" bec="0" bev="0" fileid="191" />
                <SequencePoint vc="0" uspid="5307" ordinal="7" offset="143" sl="290" sc="17" el="290" ec="91" bec="0" bev="0" fileid="191" />
                <SequencePoint vc="0" uspid="5308" ordinal="8" offset="156" sl="291" sc="17" el="291" ec="57" bec="0" bev="0" fileid="191" />
                <SequencePoint vc="0" uspid="5309" ordinal="9" offset="169" sl="292" sc="13" el="292" ec="14" bec="0" bev="0" fileid="191" />
                <SequencePoint vc="0" uspid="5310" ordinal="10" offset="181" sl="294" sc="13" el="294" ec="43" bec="0" bev="0" fileid="191" />
              </SequencePoints>
              <BranchPoints />
              <MethodPoint xsi:type="SequencePoint" vc="0" uspid="5300" ordinal="0" offset="0" sl="281" sc="13" el="281" ec="68" bec="0" bev="0" fileid="191" />
            </Method>
            <Method visited="false" cyclomaticComplexity="1" nPathComplexity="0" sequenceCoverage="0" branchCoverage="0" crapScore="2" isConstructor="false" isStatic="false" isGetter="false" isSetter="false">
              <Summary numSequencePoints="2" visitedSequencePoints="0" numBranchPoints="1" visitedBranchPoints="0" sequenceCoverage="0" branchCoverage="0" maxCyclomaticComplexity="1" minCyclomaticComplexity="1" maxCrapScore="2" minCrapScore="2" visitedClasses="0" numClasses="0" visitedMethods="0" numMethods="1" />
              <MetadataToken>100664049</MetadataToken>
              <Name>System.Boolean Xunit.DefaultRunnerReporterMessageHandler::Visit(Xunit.Abstractions.ITestMethodCleanupFailure)</Name>
              <FileRef uid="191" />
              <SequencePoints>
                <SequencePoint vc="0" uspid="5313" ordinal="0" offset="0" sl="300" sc="13" el="300" ec="112" bec="0" bev="0" fileid="191" />
                <SequencePoint vc="0" uspid="5314" ordinal="1" offset="33" sl="302" sc="13" el="302" ec="47" bec="0" bev="0" fileid="191" />
              </SequencePoints>
              <BranchPoints />
              <MethodPoint xsi:type="SequencePoint" vc="0" uspid="5313" ordinal="0" offset="0" sl="300" sc="13" el="300" ec="112" bec="0" bev="0" fileid="191" />
            </Method>
            <Method visited="false" cyclomaticComplexity="4" nPathComplexity="4" sequenceCoverage="0" branchCoverage="0" crapScore="20" isConstructor="false" isStatic="false" isGetter="false" isSetter="false">
              <Summary numSequencePoints="6" visitedSequencePoints="0" numBranchPoints="5" visitedBranchPoints="0" sequenceCoverage="0" branchCoverage="0" maxCyclomaticComplexity="4" minCyclomaticComplexity="4" maxCrapScore="20" minCrapScore="20" visitedClasses="0" numClasses="0" visitedMethods="0" numMethods="1" />
              <MetadataToken>100664050</MetadataToken>
              <Name>System.Boolean Xunit.DefaultRunnerReporterMessageHandler::Visit(Xunit.Abstractions.ITestPassed)</Name>
              <FileRef uid="191" />
              <SequencePoints>
                <SequencePoint vc="0" uspid="5315" ordinal="0" offset="0" sl="308" sc="13" el="309" ec="117" bec="3" bev="0" fileid="191" />
                <SequencePoint vc="0" uspid="5316" ordinal="1" offset="42" sl="311" sc="17" el="311" ec="41" bec="0" bev="0" fileid="191" />
                <SequencePoint vc="0" uspid="5317" ordinal="2" offset="64" sl="313" sc="21" el="313" ec="101" bec="0" bev="0" fileid="191" />
                <SequencePoint vc="0" uspid="5318" ordinal="3" offset="102" sl="314" sc="21" el="314" ec="71" bec="0" bev="0" fileid="191" />
                <SequencePoint vc="0" uspid="5319" ordinal="4" offset="119" sl="315" sc="17" el="315" ec="18" bec="0" bev="0" fileid="191" />
                <SequencePoint vc="0" uspid="5320" ordinal="5" offset="131" sl="318" sc="13" el="318" ec="43" bec="0" bev="0" fileid="191" />
              </SequencePoints>
              <BranchPoints>
                <BranchPoint vc="0" uspid="5321" ordinal="0" offset="11" sl="308" path="0" offsetend="13" fileid="191" />
                <BranchPoint vc="0" uspid="5322" ordinal="1" offset="11" sl="308" path="1" offsetend="131" fileid="191" />
                <BranchPoint vc="0" uspid="5323" ordinal="2" offset="40" sl="308" path="0" offsetend="42" fileid="191" />
                <BranchPoint vc="0" uspid="5324" ordinal="3" offset="40" sl="308" path="1" offsetend="131" fileid="191" />
              </BranchPoints>
              <MethodPoint xsi:type="SequencePoint" vc="0" uspid="5315" ordinal="0" offset="0" sl="308" sc="13" el="309" ec="117" bec="3" bev="0" fileid="191" />
            </Method>
            <Method visited="false" cyclomaticComplexity="2" nPathComplexity="0" sequenceCoverage="0" branchCoverage="0" crapScore="6" isConstructor="false" isStatic="false" isGetter="false" isSetter="false">
              <Summary numSequencePoints="5" visitedSequencePoints="0" numBranchPoints="1" visitedBranchPoints="0" sequenceCoverage="0" branchCoverage="0" maxCyclomaticComplexity="2" minCyclomaticComplexity="2" maxCrapScore="6" minCrapScore="6" visitedClasses="0" numClasses="0" visitedMethods="0" numMethods="1" />
              <MetadataToken>100664051</MetadataToken>
              <Name>System.Boolean Xunit.DefaultRunnerReporterMessageHandler::Visit(Xunit.Abstractions.ITestSkipped)</Name>
              <FileRef uid="191" />
              <SequencePoints>
                <SequencePoint vc="0" uspid="5325" ordinal="0" offset="0" sl="324" sc="13" el="324" ec="37" bec="0" bev="0" fileid="191" />
                <SequencePoint vc="0" uspid="5326" ordinal="1" offset="22" sl="326" sc="17" el="326" ec="89" bec="0" bev="0" fileid="191" />
                <SequencePoint vc="0" uspid="5327" ordinal="2" offset="60" sl="327" sc="17" el="327" ec="83" bec="0" bev="0" fileid="191" />
                <SequencePoint vc="0" uspid="5328" ordinal="3" offset="93" sl="328" sc="13" el="328" ec="14" bec="0" bev="0" fileid="191" />
                <SequencePoint vc="0" uspid="5329" ordinal="4" offset="105" sl="330" sc="13" el="330" ec="44" bec="0" bev="0" fileid="191" />
              </SequencePoints>
              <BranchPoints />
              <MethodPoint xsi:type="SequencePoint" vc="0" uspid="5325" ordinal="0" offset="0" sl="324" sc="13" el="324" ec="37" bec="0" bev="0" fileid="191" />
            </Method>
            <Method visited="false" cyclomaticComplexity="10" nPathComplexity="256" sequenceCoverage="0" branchCoverage="0" crapScore="110" isConstructor="false" isStatic="true" isGetter="false" isSetter="false">
              <Summary numSequencePoints="22" visitedSequencePoints="0" numBranchPoints="17" visitedBranchPoints="0" sequenceCoverage="0" branchCoverage="0" maxCyclomaticComplexity="10" minCyclomaticComplexity="10" maxCrapScore="110" minCrapScore="110" visitedClasses="0" numClasses="0" visitedMethods="0" numMethods="1" />
              <MetadataToken>100664052</MetadataToken>
              <Name>System.Void Xunit.DefaultRunnerReporterMessageHandler::WriteDefaultSummary(Xunit.IRunnerLogger,Xunit.ITestExecutionSummary)</Name>
              <FileRef uid="191" />
              <SequencePoints>
                <SequencePoint vc="0" uspid="5330" ordinal="0" offset="0" sl="341" sc="13" el="341" ec="74" bec="0" bev="0" fileid="191" />
                <SequencePoint vc="0" uspid="5331" ordinal="1" offset="11" sl="343" sc="13" el="343" ec="96" bec="2" bev="0" fileid="191" />
                <SequencePoint vc="0" uspid="5332" ordinal="2" offset="54" sl="344" sc="13" el="344" ec="100" bec="2" bev="0" fileid="191" />
                <SequencePoint vc="0" uspid="5333" ordinal="3" offset="97" sl="345" sc="13" el="345" ec="102" bec="2" bev="0" fileid="191" />
                <SequencePoint vc="0" uspid="5334" ordinal="4" offset="140" sl="346" sc="13" el="346" ec="110" bec="2" bev="0" fileid="191" />
                <SequencePoint vc="0" uspid="5335" ordinal="5" offset="197" sl="347" sc="13" el="347" ec="95" bec="2" bev="0" fileid="191" />
                <SequencePoint vc="0" uspid="5336" ordinal="6" offset="241" sl="348" sc="13" el="348" ec="101" bec="2" bev="0" fileid="191" />
                <SequencePoint vc="0" uspid="5337" ordinal="7" offset="285" sl="349" sc="13" el="349" ec="64" bec="0" bev="0" fileid="191" />
                <SequencePoint vc="0" uspid="5338" ordinal="8" offset="299" sl="350" sc="13" el="350" ec="68" bec="0" bev="0" fileid="191" />
                <SequencePoint vc="0" uspid="5339" ordinal="9" offset="313" sl="351" sc="13" el="351" ec="70" bec="0" bev="0" fileid="191" />
                <SequencePoint vc="0" uspid="5340" ordinal="10" offset="327" sl="352" sc="13" el="352" ec="48" bec="0" bev="0" fileid="191" />
                <SequencePoint vc="0" uspid="5341" ordinal="11" offset="335" sl="353" sc="13" el="353" ec="63" bec="0" bev="0" fileid="191" />
                <SequencePoint vc="0" uspid="5342" ordinal="12" offset="349" sl="355" sc="37" el="355" ec="63" bec="0" bev="0" fileid="191" />
                <SequencePoint vc="0" uspid="5343" ordinal="13" offset="367" sl="355" sc="22" el="355" ec="33" bec="0" bev="0" fileid="191" />
                <SequencePoint vc="0" uspid="5344" ordinal="14" offset="376" sl="357" sc="17" el="357" ec="46" bec="2" bev="0" fileid="191" />
                <SequencePoint vc="0" uspid="5345" ordinal="15" offset="390" sl="358" sc="21" el="358" ec="135" bec="0" bev="0" fileid="191" />
                <SequencePoint vc="0" uspid="5346" ordinal="16" offset="437" sl="360" sc="21" el="360" ec="431" bec="0" bev="0" fileid="191" />
                <SequencePoint vc="0" uspid="5347" ordinal="17" offset="636" sl="355" sc="34" el="355" ec="36" bec="0" bev="0" fileid="191" />
                <SequencePoint vc="0" uspid="5348" ordinal="18" offset="664" sl="364" sc="13" el="364" ec="54" bec="2" bev="0" fileid="191" />
                <SequencePoint vc="0" uspid="5349" ordinal="19" offset="681" sl="366" sc="17" el="366" ec="303" bec="0" bev="0" fileid="191" />
                <SequencePoint vc="0" uspid="5350" ordinal="20" offset="803" sl="367" sc="17" el="367" ec="287" bec="0" bev="0" fileid="191" />
                <SequencePoint vc="0" uspid="5351" ordinal="21" offset="915" sl="369" sc="9" el="369" ec="10" bec="0" bev="0" fileid="191" />
              </SequencePoints>
              <BranchPoints>
                <BranchPoint vc="0" uspid="5352" ordinal="0" offset="23" sl="343" path="0" offsetend="25" fileid="191" />
                <BranchPoint vc="0" uspid="5353" ordinal="1" offset="23" sl="343" path="1" offsetend="48" fileid="191" />
                <BranchPoint vc="0" uspid="5354" ordinal="2" offset="66" sl="344" path="0" offsetend="68" fileid="191" />
                <BranchPoint vc="0" uspid="5355" ordinal="3" offset="66" sl="344" path="1" offsetend="91" fileid="191" />
                <BranchPoint vc="0" uspid="5356" ordinal="4" offset="109" sl="345" path="0" offsetend="111" fileid="191" />
                <BranchPoint vc="0" uspid="5357" ordinal="5" offset="109" sl="345" path="1" offsetend="134" fileid="191" />
                <BranchPoint vc="0" uspid="5358" ordinal="6" offset="152" sl="346" path="0" offsetend="154" fileid="191" />
                <BranchPoint vc="0" uspid="5359" ordinal="7" offset="152" sl="346" path="1" offsetend="177" fileid="191" />
                <BranchPoint vc="0" uspid="5360" ordinal="8" offset="209" sl="347" path="0" offsetend="211" fileid="191" />
                <BranchPoint vc="0" uspid="5361" ordinal="9" offset="209" sl="347" path="1" offsetend="234" fileid="191" />
                <BranchPoint vc="0" uspid="5362" ordinal="10" offset="253" sl="348" path="0" offsetend="255" fileid="191" />
                <BranchPoint vc="0" uspid="5363" ordinal="11" offset="253" sl="348" path="1" offsetend="278" fileid="191" />
                <BranchPoint vc="0" uspid="5364" ordinal="12" offset="388" sl="357" path="0" offsetend="390" fileid="191" />
                <BranchPoint vc="0" uspid="5365" ordinal="13" offset="388" sl="357" path="1" offsetend="437" fileid="191" />
                <BranchPoint vc="0" uspid="5368" ordinal="16" offset="676" sl="364" path="0" offsetend="681" fileid="191" />
                <BranchPoint vc="0" uspid="5369" ordinal="17" offset="676" sl="364" path="1" offsetend="915" fileid="191" />
              </BranchPoints>
              <MethodPoint xsi:type="SequencePoint" vc="0" uspid="5330" ordinal="0" offset="0" sl="341" sc="13" el="341" ec="74" bec="0" bev="0" fileid="191" />
            </Method>
          </Methods>
        </Class>
        <Class>
          <Summary numSequencePoints="12" visitedSequencePoints="0" numBranchPoints="5" visitedBranchPoints="0" sequenceCoverage="0" branchCoverage="0" maxCyclomaticComplexity="1" minCyclomaticComplexity="1" maxCrapScore="2" minCrapScore="2" visitedClasses="0" numClasses="1" visitedMethods="0" numMethods="5" />
          <FullName>Xunit.DefaultRunnerReporterMessageHandler/ReaderWriterLockWrapper</FullName>
          <Methods>
            <Method visited="false" cyclomaticComplexity="1" nPathComplexity="0" sequenceCoverage="0" branchCoverage="0" crapScore="2" isConstructor="true" isStatic="false" isGetter="false" isSetter="false">
              <Summary numSequencePoints="3" visitedSequencePoints="0" numBranchPoints="1" visitedBranchPoints="0" sequenceCoverage="0" branchCoverage="0" maxCyclomaticComplexity="1" minCyclomaticComplexity="1" maxCrapScore="2" minCrapScore="2" visitedClasses="0" numClasses="0" visitedMethods="0" numMethods="1" />
              <MetadataToken>100664995</MetadataToken>
              <Name>System.Void Xunit.DefaultRunnerReporterMessageHandler/ReaderWriterLockWrapper::.ctor(System.Action)</Name>
              <FileRef uid="191" />
              <SequencePoints>
                <SequencePoint vc="0" uspid="5370" ordinal="0" offset="0" sl="379" sc="13" el="379" ec="51" bec="0" bev="0" fileid="191" />
                <SequencePoint vc="0" uspid="5371" ordinal="1" offset="6" sl="381" sc="17" el="381" ec="38" bec="0" bev="0" fileid="191" />
                <SequencePoint vc="0" uspid="5372" ordinal="2" offset="13" sl="382" sc="13" el="382" ec="14" bec="0" bev="0" fileid="191" />
              </SequencePoints>
              <BranchPoints />
              <MethodPoint xsi:type="SequencePoint" vc="0" uspid="5370" ordinal="0" offset="0" sl="379" sc="13" el="379" ec="51" bec="0" bev="0" fileid="191" />
            </Method>
            <Method visited="false" cyclomaticComplexity="1" nPathComplexity="0" sequenceCoverage="0" branchCoverage="0" crapScore="2" isConstructor="false" isStatic="false" isGetter="false" isSetter="false">
              <Summary numSequencePoints="2" visitedSequencePoints="0" numBranchPoints="1" visitedBranchPoints="0" sequenceCoverage="0" branchCoverage="0" maxCyclomaticComplexity="1" minCyclomaticComplexity="1" maxCrapScore="2" minCrapScore="2" visitedClasses="0" numClasses="0" visitedMethods="0" numMethods="1" />
              <MetadataToken>100664996</MetadataToken>
              <Name>System.Void Xunit.DefaultRunnerReporterMessageHandler/ReaderWriterLockWrapper::Dispose()</Name>
              <FileRef uid="191" />
              <SequencePoints>
                <SequencePoint vc="0" uspid="5373" ordinal="0" offset="0" sl="386" sc="17" el="386" ec="26" bec="0" bev="0" fileid="191" />
                <SequencePoint vc="0" uspid="5374" ordinal="1" offset="11" sl="387" sc="13" el="387" ec="14" bec="0" bev="0" fileid="191" />
              </SequencePoints>
              <BranchPoints />
              <MethodPoint xsi:type="SequencePoint" vc="0" uspid="5373" ordinal="0" offset="0" sl="386" sc="17" el="386" ec="26" bec="0" bev="0" fileid="191" />
            </Method>
            <Method visited="false" cyclomaticComplexity="1" nPathComplexity="0" sequenceCoverage="0" branchCoverage="0" crapScore="2" isConstructor="false" isStatic="true" isGetter="false" isSetter="false">
              <Summary numSequencePoints="2" visitedSequencePoints="0" numBranchPoints="1" visitedBranchPoints="0" sequenceCoverage="0" branchCoverage="0" maxCyclomaticComplexity="1" minCyclomaticComplexity="1" maxCrapScore="2" minCrapScore="2" visitedClasses="0" numClasses="0" visitedMethods="0" numMethods="1" />
              <MetadataToken>100664997</MetadataToken>
              <Name>System.IDisposable Xunit.DefaultRunnerReporterMessageHandler/ReaderWriterLockWrapper::ReadLock()</Name>
              <FileRef uid="191" />
              <SequencePoints>
                <SequencePoint vc="0" uspid="5375" ordinal="0" offset="0" sl="391" sc="17" el="391" ec="39" bec="0" bev="0" fileid="191" />
                <SequencePoint vc="0" uspid="5376" ordinal="1" offset="10" sl="392" sc="17" el="392" ec="36" bec="0" bev="0" fileid="191" />
              </SequencePoints>
              <BranchPoints />
              <MethodPoint xsi:type="SequencePoint" vc="0" uspid="5375" ordinal="0" offset="0" sl="391" sc="17" el="391" ec="39" bec="0" bev="0" fileid="191" />
            </Method>
            <Method visited="false" cyclomaticComplexity="1" nPathComplexity="0" sequenceCoverage="0" branchCoverage="0" crapScore="2" isConstructor="false" isStatic="true" isGetter="false" isSetter="false">
              <Summary numSequencePoints="2" visitedSequencePoints="0" numBranchPoints="1" visitedBranchPoints="0" sequenceCoverage="0" branchCoverage="0" maxCyclomaticComplexity="1" minCyclomaticComplexity="1" maxCrapScore="2" minCrapScore="2" visitedClasses="0" numClasses="0" visitedMethods="0" numMethods="1" />
              <MetadataToken>100664998</MetadataToken>
              <Name>System.IDisposable Xunit.DefaultRunnerReporterMessageHandler/ReaderWriterLockWrapper::WriteLock()</Name>
              <FileRef uid="191" />
              <SequencePoints>
                <SequencePoint vc="0" uspid="5377" ordinal="0" offset="0" sl="397" sc="17" el="397" ec="40" bec="0" bev="0" fileid="191" />
                <SequencePoint vc="0" uspid="5378" ordinal="1" offset="10" sl="398" sc="17" el="398" ec="37" bec="0" bev="0" fileid="191" />
              </SequencePoints>
              <BranchPoints />
              <MethodPoint xsi:type="SequencePoint" vc="0" uspid="5377" ordinal="0" offset="0" sl="397" sc="17" el="397" ec="40" bec="0" bev="0" fileid="191" />
            </Method>
            <Method visited="false" cyclomaticComplexity="1" nPathComplexity="0" sequenceCoverage="0" branchCoverage="0" crapScore="2" isConstructor="true" isStatic="true" isGetter="false" isSetter="false">
              <Summary numSequencePoints="3" visitedSequencePoints="0" numBranchPoints="1" visitedBranchPoints="0" sequenceCoverage="0" branchCoverage="0" maxCyclomaticComplexity="1" minCyclomaticComplexity="1" maxCrapScore="2" minCrapScore="2" visitedClasses="0" numClasses="0" visitedMethods="0" numMethods="1" />
              <MetadataToken>100664999</MetadataToken>
              <Name>System.Void Xunit.DefaultRunnerReporterMessageHandler/ReaderWriterLockWrapper::.cctor()</Name>
              <FileRef uid="191" />
              <SequencePoints>
                <SequencePoint vc="0" uspid="5379" ordinal="0" offset="0" sl="373" sc="13" el="373" ec="85" bec="0" bev="0" fileid="191" />
                <SequencePoint vc="0" uspid="5380" ordinal="1" offset="10" sl="374" sc="13" el="374" ec="115" bec="0" bev="0" fileid="191" />
                <SequencePoint vc="0" uspid="5381" ordinal="2" offset="36" sl="375" sc="13" el="375" ec="117" bec="0" bev="0" fileid="191" />
              </SequencePoints>
              <BranchPoints />
              <MethodPoint xsi:type="SequencePoint" vc="0" uspid="5379" ordinal="0" offset="0" sl="373" sc="13" el="373" ec="85" bec="0" bev="0" fileid="191" />
            </Method>
          </Methods>
        </Class>
        <Class>
          <Summary numSequencePoints="6" visitedSequencePoints="0" numBranchPoints="6" visitedBranchPoints="0" sequenceCoverage="0" branchCoverage="0" maxCyclomaticComplexity="1" minCyclomaticComplexity="1" maxCrapScore="2" minCrapScore="2" visitedClasses="0" numClasses="1" visitedMethods="0" numMethods="6" />
          <FullName>Xunit.DefaultRunnerReporterMessageHandler/&lt;&gt;c</FullName>
          <Methods>
            <Method visited="false" cyclomaticComplexity="1" nPathComplexity="0" sequenceCoverage="0" branchCoverage="0" crapScore="2" isConstructor="true" isStatic="true" isGetter="false" isSetter="false">
              <Summary numSequencePoints="0" visitedSequencePoints="0" numBranchPoints="0" visitedBranchPoints="0" sequenceCoverage="0" branchCoverage="0" maxCyclomaticComplexity="1" minCyclomaticComplexity="1" maxCrapScore="2" minCrapScore="2" visitedClasses="0" numClasses="0" visitedMethods="0" numMethods="0" />
              <MetadataToken>100665000</MetadataToken>
              <Name>System.Void Xunit.DefaultRunnerReporterMessageHandler/&lt;&gt;c::.cctor()</Name>
              <SequencePoints />
              <BranchPoints />
              <MethodPoint vc="0" uspid="5382" ordinal="0" offset="0" />
            </Method>
            <Method visited="false" cyclomaticComplexity="1" nPathComplexity="0" sequenceCoverage="0" branchCoverage="0" crapScore="2" isConstructor="true" isStatic="false" isGetter="false" isSetter="false">
              <Summary numSequencePoints="0" visitedSequencePoints="0" numBranchPoints="0" visitedBranchPoints="0" sequenceCoverage="0" branchCoverage="0" maxCyclomaticComplexity="1" minCyclomaticComplexity="1" maxCrapScore="2" minCrapScore="2" visitedClasses="0" numClasses="0" visitedMethods="0" numMethods="0" />
              <MetadataToken>100665001</MetadataToken>
              <Name>System.Void Xunit.DefaultRunnerReporterMessageHandler/&lt;&gt;c::.ctor()</Name>
              <SequencePoints />
              <BranchPoints />
              <MethodPoint vc="0" uspid="5383" ordinal="0" offset="0" />
            </Method>
            <Method visited="false" cyclomaticComplexity="1" nPathComplexity="0" sequenceCoverage="0" branchCoverage="0" crapScore="2" isConstructor="false" isStatic="false" isGetter="false" isSetter="false">
              <Summary numSequencePoints="1" visitedSequencePoints="0" numBranchPoints="1" visitedBranchPoints="0" sequenceCoverage="0" branchCoverage="0" maxCyclomaticComplexity="1" minCyclomaticComplexity="1" maxCrapScore="2" minCrapScore="2" visitedClasses="0" numClasses="0" visitedMethods="0" numMethods="1" />
              <MetadataToken>100665002</MetadataToken>
              <Name>System.Int32 Xunit.DefaultRunnerReporterMessageHandler/&lt;&gt;c::&lt;WriteDefaultSummary&gt;b__32_0(System.Collections.Generic.KeyValuePair`2&lt;System.String,Xunit.ExecutionSummary&gt;)</Name>
              <FileRef uid="191" />
              <SequencePoints>
                <SequencePoint vc="0" uspid="5384" ordinal="0" offset="0" sl="343" sc="75" el="343" ec="94" bec="0" bev="0" fileid="191" />
              </SequencePoints>
              <BranchPoints />
              <MethodPoint xsi:type="SequencePoint" vc="0" uspid="5384" ordinal="0" offset="0" sl="343" sc="75" el="343" ec="94" bec="0" bev="0" fileid="191" />
            </Method>
            <Method visited="false" cyclomaticComplexity="1" nPathComplexity="0" sequenceCoverage="0" branchCoverage="0" crapScore="2" isConstructor="false" isStatic="false" isGetter="false" isSetter="false">
              <Summary numSequencePoints="1" visitedSequencePoints="0" numBranchPoints="1" visitedBranchPoints="0" sequenceCoverage="0" branchCoverage="0" maxCyclomaticComplexity="1" minCyclomaticComplexity="1" maxCrapScore="2" minCrapScore="2" visitedClasses="0" numClasses="0" visitedMethods="0" numMethods="1" />
              <MetadataToken>100665003</MetadataToken>
              <Name>System.Int32 Xunit.DefaultRunnerReporterMessageHandler/&lt;&gt;c::&lt;WriteDefaultSummary&gt;b__32_1(System.Collections.Generic.KeyValuePair`2&lt;System.String,Xunit.ExecutionSummary&gt;)</Name>
              <FileRef uid="191" />
              <SequencePoints>
                <SequencePoint vc="0" uspid="5385" ordinal="0" offset="0" sl="344" sc="78" el="344" ec="98" bec="0" bev="0" fileid="191" />
              </SequencePoints>
              <BranchPoints />
              <MethodPoint xsi:type="SequencePoint" vc="0" uspid="5385" ordinal="0" offset="0" sl="344" sc="78" el="344" ec="98" bec="0" bev="0" fileid="191" />
            </Method>
            <Method visited="false" cyclomaticComplexity="1" nPathComplexity="0" sequenceCoverage="0" branchCoverage="0" crapScore="2" isConstructor="false" isStatic="false" isGetter="false" isSetter="false">
              <Summary numSequencePoints="1" visitedSequencePoints="0" numBranchPoints="1" visitedBranchPoints="0" sequenceCoverage="0" branchCoverage="0" maxCyclomaticComplexity="1" minCyclomaticComplexity="1" maxCrapScore="2" minCrapScore="2" visitedClasses="0" numClasses="0" visitedMethods="0" numMethods="1" />
              <MetadataToken>100665004</MetadataToken>
              <Name>System.Int32 Xunit.DefaultRunnerReporterMessageHandler/&lt;&gt;c::&lt;WriteDefaultSummary&gt;b__32_2(System.Collections.Generic.KeyValuePair`2&lt;System.String,Xunit.ExecutionSummary&gt;)</Name>
              <FileRef uid="191" />
              <SequencePoints>
                <SequencePoint vc="0" uspid="5386" ordinal="0" offset="0" sl="345" sc="79" el="345" ec="100" bec="0" bev="0" fileid="191" />
              </SequencePoints>
              <BranchPoints />
              <MethodPoint xsi:type="SequencePoint" vc="0" uspid="5386" ordinal="0" offset="0" sl="345" sc="79" el="345" ec="100" bec="0" bev="0" fileid="191" />
            </Method>
            <Method visited="false" cyclomaticComplexity="1" nPathComplexity="0" sequenceCoverage="0" branchCoverage="0" crapScore="2" isConstructor="false" isStatic="false" isGetter="false" isSetter="false">
              <Summary numSequencePoints="1" visitedSequencePoints="0" numBranchPoints="1" visitedBranchPoints="0" sequenceCoverage="0" branchCoverage="0" maxCyclomaticComplexity="1" minCyclomaticComplexity="1" maxCrapScore="2" minCrapScore="2" visitedClasses="0" numClasses="0" visitedMethods="0" numMethods="1" />
              <MetadataToken>100665005</MetadataToken>
              <Name>System.Decimal Xunit.DefaultRunnerReporterMessageHandler/&lt;&gt;c::&lt;WriteDefaultSummary&gt;b__32_3(System.Collections.Generic.KeyValuePair`2&lt;System.String,Xunit.ExecutionSummary&gt;)</Name>
              <FileRef uid="191" />
              <SequencePoints>
                <SequencePoint vc="0" uspid="5387" ordinal="0" offset="0" sl="346" sc="71" el="346" ec="89" bec="0" bev="0" fileid="191" />
              </SequencePoints>
              <BranchPoints />
              <MethodPoint xsi:type="SequencePoint" vc="0" uspid="5387" ordinal="0" offset="0" sl="346" sc="71" el="346" ec="89" bec="0" bev="0" fileid="191" />
            </Method>
            <Method visited="false" cyclomaticComplexity="1" nPathComplexity="0" sequenceCoverage="0" branchCoverage="0" crapScore="2" isConstructor="false" isStatic="false" isGetter="false" isSetter="false">
              <Summary numSequencePoints="1" visitedSequencePoints="0" numBranchPoints="1" visitedBranchPoints="0" sequenceCoverage="0" branchCoverage="0" maxCyclomaticComplexity="1" minCyclomaticComplexity="1" maxCrapScore="2" minCrapScore="2" visitedClasses="0" numClasses="0" visitedMethods="0" numMethods="1" />
              <MetadataToken>100665006</MetadataToken>
              <Name>System.Int32 Xunit.DefaultRunnerReporterMessageHandler/&lt;&gt;c::&lt;WriteDefaultSummary&gt;b__32_4(System.Collections.Generic.KeyValuePair`2&lt;System.String,Xunit.ExecutionSummary&gt;)</Name>
              <FileRef uid="191" />
              <SequencePoints>
                <SequencePoint vc="0" uspid="5388" ordinal="0" offset="0" sl="347" sc="73" el="347" ec="93" bec="0" bev="0" fileid="191" />
              </SequencePoints>
              <BranchPoints />
              <MethodPoint xsi:type="SequencePoint" vc="0" uspid="5388" ordinal="0" offset="0" sl="347" sc="73" el="347" ec="93" bec="0" bev="0" fileid="191" />
            </Method>
            <Method visited="false" cyclomaticComplexity="1" nPathComplexity="0" sequenceCoverage="0" branchCoverage="0" crapScore="2" isConstructor="false" isStatic="false" isGetter="false" isSetter="false">
              <Summary numSequencePoints="1" visitedSequencePoints="0" numBranchPoints="1" visitedBranchPoints="0" sequenceCoverage="0" branchCoverage="0" maxCyclomaticComplexity="1" minCyclomaticComplexity="1" maxCrapScore="2" minCrapScore="2" visitedClasses="0" numClasses="0" visitedMethods="0" numMethods="1" />
              <MetadataToken>100665007</MetadataToken>
              <Name>System.Int32 Xunit.DefaultRunnerReporterMessageHandler/&lt;&gt;c::&lt;WriteDefaultSummary&gt;b__32_5(System.Collections.Generic.KeyValuePair`2&lt;System.String,Xunit.ExecutionSummary&gt;)</Name>
              <FileRef uid="191" />
              <SequencePoints>
                <SequencePoint vc="0" uspid="5389" ordinal="0" offset="0" sl="348" sc="81" el="348" ec="99" bec="0" bev="0" fileid="191" />
              </SequencePoints>
              <BranchPoints />
              <MethodPoint xsi:type="SequencePoint" vc="0" uspid="5389" ordinal="0" offset="0" sl="348" sc="81" el="348" ec="99" bec="0" bev="0" fileid="191" />
            </Method>
          </Methods>
        </Class>
        <Class>
          <Summary numSequencePoints="4" visitedSequencePoints="0" numBranchPoints="4" visitedBranchPoints="0" sequenceCoverage="0" branchCoverage="0" maxCyclomaticComplexity="1" minCyclomaticComplexity="1" maxCrapScore="2" minCrapScore="2" visitedClasses="0" numClasses="1" visitedMethods="0" numMethods="4" />
          <FullName>Xunit.DefaultRunnerReporterWithTypes</FullName>
          <Methods>
            <Method visited="false" cyclomaticComplexity="1" nPathComplexity="0" sequenceCoverage="0" branchCoverage="0" crapScore="2" isConstructor="false" isStatic="false" isGetter="true" isSetter="false">
              <Summary numSequencePoints="1" visitedSequencePoints="0" numBranchPoints="1" visitedBranchPoints="0" sequenceCoverage="0" branchCoverage="0" maxCyclomaticComplexity="1" minCyclomaticComplexity="1" maxCrapScore="2" minCrapScore="2" visitedClasses="0" numClasses="0" visitedMethods="0" numMethods="1" />
              <MetadataToken>100664053</MetadataToken>
              <Name>System.String Xunit.DefaultRunnerReporterWithTypes::get_Description()</Name>
              <FileRef uid="194" />
              <SequencePoints>
                <SequencePoint vc="0" uspid="5390" ordinal="0" offset="0" sl="14" sc="16" el="14" ec="20" bec="0" bev="0" fileid="194" />
              </SequencePoints>
              <BranchPoints />
              <MethodPoint xsi:type="SequencePoint" vc="0" uspid="5390" ordinal="0" offset="0" sl="14" sc="16" el="14" ec="20" bec="0" bev="0" fileid="194" />
            </Method>
            <Method visited="false" cyclomaticComplexity="1" nPathComplexity="0" sequenceCoverage="0" branchCoverage="0" crapScore="2" isConstructor="false" isStatic="false" isGetter="true" isSetter="false">
              <Summary numSequencePoints="1" visitedSequencePoints="0" numBranchPoints="1" visitedBranchPoints="0" sequenceCoverage="0" branchCoverage="0" maxCyclomaticComplexity="1" minCyclomaticComplexity="1" maxCrapScore="2" minCrapScore="2" visitedClasses="0" numClasses="0" visitedMethods="0" numMethods="1" />
              <MetadataToken>100664054</MetadataToken>
              <Name>System.Boolean Xunit.DefaultRunnerReporterWithTypes::get_IsEnvironmentallyEnabled()</Name>
              <FileRef uid="194" />
              <SequencePoints>
                <SequencePoint vc="0" uspid="5391" ordinal="0" offset="0" sl="18" sc="16" el="18" ec="21" bec="0" bev="0" fileid="194" />
              </SequencePoints>
              <BranchPoints />
              <MethodPoint xsi:type="SequencePoint" vc="0" uspid="5391" ordinal="0" offset="0" sl="18" sc="16" el="18" ec="21" bec="0" bev="0" fileid="194" />
            </Method>
            <Method visited="false" cyclomaticComplexity="1" nPathComplexity="0" sequenceCoverage="0" branchCoverage="0" crapScore="2" isConstructor="false" isStatic="false" isGetter="true" isSetter="false">
              <Summary numSequencePoints="1" visitedSequencePoints="0" numBranchPoints="1" visitedBranchPoints="0" sequenceCoverage="0" branchCoverage="0" maxCyclomaticComplexity="1" minCyclomaticComplexity="1" maxCrapScore="2" minCrapScore="2" visitedClasses="0" numClasses="0" visitedMethods="0" numMethods="1" />
              <MetadataToken>100664055</MetadataToken>
              <Name>System.String Xunit.DefaultRunnerReporterWithTypes::get_RunnerSwitch()</Name>
              <FileRef uid="194" />
              <SequencePoints>
                <SequencePoint vc="0" uspid="5392" ordinal="0" offset="0" sl="22" sc="16" el="22" ec="20" bec="0" bev="0" fileid="194" />
              </SequencePoints>
              <BranchPoints />
              <MethodPoint xsi:type="SequencePoint" vc="0" uspid="5392" ordinal="0" offset="0" sl="22" sc="16" el="22" ec="20" bec="0" bev="0" fileid="194" />
            </Method>
            <Method visited="false" cyclomaticComplexity="1" nPathComplexity="0" sequenceCoverage="0" branchCoverage="0" crapScore="2" isConstructor="false" isStatic="false" isGetter="false" isSetter="false">
              <Summary numSequencePoints="1" visitedSequencePoints="0" numBranchPoints="1" visitedBranchPoints="0" sequenceCoverage="0" branchCoverage="0" maxCyclomaticComplexity="1" minCyclomaticComplexity="1" maxCrapScore="2" minCrapScore="2" visitedClasses="0" numClasses="0" visitedMethods="0" numMethods="1" />
              <MetadataToken>100664056</MetadataToken>
              <Name>Xunit.Abstractions.IMessageSink Xunit.DefaultRunnerReporterWithTypes::CreateMessageHandler(Xunit.IRunnerLogger)</Name>
              <FileRef uid="194" />
              <SequencePoints>
                <SequencePoint vc="0" uspid="5393" ordinal="0" offset="0" sl="26" sc="16" el="26" ec="72" bec="0" bev="0" fileid="194" />
              </SequencePoints>
              <BranchPoints />
              <MethodPoint xsi:type="SequencePoint" vc="0" uspid="5393" ordinal="0" offset="0" sl="26" sc="16" el="26" ec="72" bec="0" bev="0" fileid="194" />
            </Method>
            <Method visited="false" cyclomaticComplexity="1" nPathComplexity="0" sequenceCoverage="0" branchCoverage="0" crapScore="2" isConstructor="true" isStatic="false" isGetter="false" isSetter="false">
              <Summary numSequencePoints="0" visitedSequencePoints="0" numBranchPoints="0" visitedBranchPoints="0" sequenceCoverage="0" branchCoverage="0" maxCyclomaticComplexity="1" minCyclomaticComplexity="1" maxCrapScore="2" minCrapScore="2" visitedClasses="0" numClasses="0" visitedMethods="0" numMethods="0" />
              <MetadataToken>100664057</MetadataToken>
              <Name>System.Void Xunit.DefaultRunnerReporterWithTypes::.ctor()</Name>
              <SequencePoints />
              <BranchPoints />
              <MethodPoint vc="0" uspid="5394" ordinal="0" offset="0" />
            </Method>
          </Methods>
        </Class>
        <Class>
          <Summary numSequencePoints="150" visitedSequencePoints="0" numBranchPoints="78" visitedBranchPoints="0" sequenceCoverage="0" branchCoverage="0" maxCyclomaticComplexity="10" minCyclomaticComplexity="1" maxCrapScore="110" minCrapScore="2" visitedClasses="0" numClasses="1" visitedMethods="0" numMethods="28" />
          <FullName>Xunit.DefaultRunnerReporterWithTypesMessageHandler</FullName>
          <Methods>
            <Method visited="false" cyclomaticComplexity="1" nPathComplexity="0" sequenceCoverage="0" branchCoverage="0" crapScore="2" isConstructor="false" isStatic="false" isGetter="true" isSetter="false">
              <Summary numSequencePoints="1" visitedSequencePoints="0" numBranchPoints="1" visitedBranchPoints="0" sequenceCoverage="0" branchCoverage="0" maxCyclomaticComplexity="1" minCyclomaticComplexity="1" maxCrapScore="2" minCrapScore="2" visitedClasses="0" numClasses="0" visitedMethods="0" numMethods="1" />
              <MetadataToken>100664059</MetadataToken>
              <Name>Xunit.IRunnerLogger Xunit.DefaultRunnerReporterWithTypesMessageHandler::get_Logger()</Name>
              <FileRef uid="195" />
              <SequencePoints>
                <SequencePoint vc="0" uspid="5395" ordinal="0" offset="0" sl="54" sc="42" el="54" ec="46" bec="0" bev="0" fileid="195" />
              </SequencePoints>
              <BranchPoints />
              <MethodPoint xsi:type="SequencePoint" vc="0" uspid="5395" ordinal="0" offset="0" sl="54" sc="42" el="54" ec="46" bec="0" bev="0" fileid="195" />
            </Method>
            <Method visited="false" cyclomaticComplexity="1" nPathComplexity="0" sequenceCoverage="0" branchCoverage="0" crapScore="2" isConstructor="false" isStatic="false" isGetter="false" isSetter="true">
              <Summary numSequencePoints="1" visitedSequencePoints="0" numBranchPoints="1" visitedBranchPoints="0" sequenceCoverage="0" branchCoverage="0" maxCyclomaticComplexity="1" minCyclomaticComplexity="1" maxCrapScore="2" minCrapScore="2" visitedClasses="0" numClasses="0" visitedMethods="0" numMethods="1" />
              <MetadataToken>100664060</MetadataToken>
              <Name>System.Void Xunit.DefaultRunnerReporterWithTypesMessageHandler::set_Logger(Xunit.IRunnerLogger)</Name>
              <FileRef uid="195" />
              <SequencePoints>
                <SequencePoint vc="0" uspid="5396" ordinal="0" offset="0" sl="54" sc="47" el="54" ec="59" bec="0" bev="0" fileid="195" />
              </SequencePoints>
              <BranchPoints />
              <MethodPoint xsi:type="SequencePoint" vc="0" uspid="5396" ordinal="0" offset="0" sl="54" sc="47" el="54" ec="59" bec="0" bev="0" fileid="195" />
            </Method>
            <Method visited="false" cyclomaticComplexity="1" nPathComplexity="0" sequenceCoverage="0" branchCoverage="0" crapScore="2" isConstructor="true" isStatic="false" isGetter="false" isSetter="false">
              <Summary numSequencePoints="21" visitedSequencePoints="0" numBranchPoints="1" visitedBranchPoints="0" sequenceCoverage="0" branchCoverage="0" maxCyclomaticComplexity="1" minCyclomaticComplexity="1" maxCrapScore="2" minCrapScore="2" visitedClasses="0" numClasses="0" visitedMethods="0" numMethods="1" />
              <MetadataToken>100664058</MetadataToken>
              <Name>System.Void Xunit.DefaultRunnerReporterWithTypesMessageHandler::.ctor(Xunit.IRunnerLogger)</Name>
              <FileRef uid="195" />
              <SequencePoints>
                <SequencePoint vc="0" uspid="5397" ordinal="0" offset="0" sl="17" sc="9" el="17" ec="111" bec="0" bev="0" fileid="195" />
                <SequencePoint vc="0" uspid="5398" ordinal="1" offset="12" sl="18" sc="9" el="18" ec="187" bec="0" bev="0" fileid="195" />
                <SequencePoint vc="0" uspid="5399" ordinal="2" offset="28" sl="24" sc="9" el="24" ec="82" bec="0" bev="0" fileid="195" />
                <SequencePoint vc="0" uspid="5400" ordinal="3" offset="34" sl="27" sc="13" el="27" ec="64" bec="0" bev="0" fileid="195" />
                <SequencePoint vc="0" uspid="5401" ordinal="4" offset="45" sl="30" sc="13" el="30" ec="29" bec="0" bev="0" fileid="195" />
                <SequencePoint vc="0" uspid="5402" ordinal="5" offset="52" sl="32" sc="13" el="32" ec="65" bec="0" bev="0" fileid="195" />
                <SequencePoint vc="0" uspid="5403" ordinal="6" offset="76" sl="34" sc="13" el="34" ec="91" bec="0" bev="0" fileid="195" />
                <SequencePoint vc="0" uspid="5404" ordinal="7" offset="100" sl="35" sc="13" el="35" ec="85" bec="0" bev="0" fileid="195" />
                <SequencePoint vc="0" uspid="5405" ordinal="8" offset="124" sl="36" sc="13" el="36" ec="83" bec="0" bev="0" fileid="195" />
                <SequencePoint vc="0" uspid="5406" ordinal="9" offset="148" sl="37" sc="13" el="37" ec="95" bec="0" bev="0" fileid="195" />
                <SequencePoint vc="0" uspid="5407" ordinal="10" offset="172" sl="38" sc="13" el="38" ec="75" bec="0" bev="0" fileid="195" />
                <SequencePoint vc="0" uspid="5408" ordinal="11" offset="196" sl="39" sc="13" el="39" ec="59" bec="0" bev="0" fileid="195" />
                <SequencePoint vc="0" uspid="5409" ordinal="12" offset="220" sl="40" sc="13" el="40" ec="87" bec="0" bev="0" fileid="195" />
                <SequencePoint vc="0" uspid="5410" ordinal="13" offset="244" sl="41" sc="13" el="41" ec="59" bec="0" bev="0" fileid="195" />
                <SequencePoint vc="0" uspid="5411" ordinal="14" offset="268" sl="42" sc="13" el="42" ec="61" bec="0" bev="0" fileid="195" />
                <SequencePoint vc="0" uspid="5412" ordinal="15" offset="292" sl="44" sc="13" el="44" ec="94" bec="0" bev="0" fileid="195" />
                <SequencePoint vc="0" uspid="5413" ordinal="16" offset="316" sl="45" sc="13" el="45" ec="94" bec="0" bev="0" fileid="195" />
                <SequencePoint vc="0" uspid="5414" ordinal="17" offset="340" sl="46" sc="13" el="46" ec="94" bec="0" bev="0" fileid="195" />
                <SequencePoint vc="0" uspid="5415" ordinal="18" offset="364" sl="47" sc="13" el="47" ec="94" bec="0" bev="0" fileid="195" />
                <SequencePoint vc="0" uspid="5416" ordinal="19" offset="388" sl="48" sc="13" el="48" ec="76" bec="0" bev="0" fileid="195" />
                <SequencePoint vc="0" uspid="5417" ordinal="20" offset="412" sl="49" sc="9" el="49" ec="10" bec="0" bev="0" fileid="195" />
              </SequencePoints>
              <BranchPoints />
              <MethodPoint xsi:type="SequencePoint" vc="0" uspid="5397" ordinal="0" offset="0" sl="17" sc="9" el="17" ec="111" bec="0" bev="0" fileid="195" />
            </Method>
            <Method visited="false" cyclomaticComplexity="2" nPathComplexity="0" sequenceCoverage="0" branchCoverage="0" crapScore="6" isConstructor="false" isStatic="false" isGetter="false" isSetter="false">
              <Summary numSequencePoints="3" visitedSequencePoints="0" numBranchPoints="1" visitedBranchPoints="0" sequenceCoverage="0" branchCoverage="0" maxCyclomaticComplexity="2" minCyclomaticComplexity="2" maxCrapScore="6" minCrapScore="6" visitedClasses="0" numClasses="0" visitedMethods="0" numMethods="1" />
              <MetadataToken>100664061</MetadataToken>
              <Name>System.Void Xunit.DefaultRunnerReporterWithTypesMessageHandler::AddExecutionOptions(System.String,Xunit.Abstractions.ITestFrameworkExecutionOptions)</Name>
              <FileRef uid="195" />
              <SequencePoints>
                <SequencePoint vc="0" uspid="5418" ordinal="0" offset="0" sl="58" sc="13" el="58" ec="56" bec="0" bev="0" fileid="195" />
                <SequencePoint vc="0" uspid="5419" ordinal="1" offset="6" sl="59" sc="17" el="59" ec="81" bec="0" bev="0" fileid="195" />
                <SequencePoint vc="0" uspid="5420" ordinal="2" offset="31" sl="60" sc="9" el="60" ec="10" bec="0" bev="0" fileid="195" />
              </SequencePoints>
              <BranchPoints />
              <MethodPoint xsi:type="SequencePoint" vc="0" uspid="5418" ordinal="0" offset="0" sl="58" sc="13" el="58" ec="56" bec="0" bev="0" fileid="195" />
            </Method>
            <Method visited="false" cyclomaticComplexity="2" nPathComplexity="2" sequenceCoverage="0" branchCoverage="0" crapScore="6" isConstructor="false" isStatic="false" isGetter="false" isSetter="false">
              <Summary numSequencePoints="3" visitedSequencePoints="0" numBranchPoints="3" visitedBranchPoints="0" sequenceCoverage="0" branchCoverage="0" maxCyclomaticComplexity="2" minCyclomaticComplexity="2" maxCrapScore="6" minCrapScore="6" visitedClasses="0" numClasses="0" visitedMethods="0" numMethods="1" />
              <MetadataToken>100664062</MetadataToken>
              <Name>System.String Xunit.DefaultRunnerReporterWithTypesMessageHandler::Escape(System.String)</Name>
              <FileRef uid="195" />
              <SequencePoints>
                <SequencePoint vc="0" uspid="5421" ordinal="0" offset="0" sl="69" sc="13" el="69" ec="30" bec="2" bev="0" fileid="195" />
                <SequencePoint vc="0" uspid="5422" ordinal="1" offset="3" sl="70" sc="17" el="70" ec="37" bec="0" bev="0" fileid="195" />
                <SequencePoint vc="0" uspid="5423" ordinal="2" offset="9" sl="72" sc="13" el="72" ec="109" bec="0" bev="0" fileid="195" />
              </SequencePoints>
              <BranchPoints>
                <BranchPoint vc="0" uspid="5424" ordinal="0" offset="1" sl="69" path="0" offsetend="3" fileid="195" />
                <BranchPoint vc="0" uspid="5425" ordinal="1" offset="1" sl="69" path="1" offsetend="9" fileid="195" />
              </BranchPoints>
              <MethodPoint xsi:type="SequencePoint" vc="0" uspid="5421" ordinal="0" offset="0" sl="69" sc="13" el="69" ec="30" bec="2" bev="0" fileid="195" />
            </Method>
            <Method visited="false" cyclomaticComplexity="1" nPathComplexity="0" sequenceCoverage="0" branchCoverage="0" crapScore="2" isConstructor="false" isStatic="false" isGetter="false" isSetter="false">
              <Summary numSequencePoints="1" visitedSequencePoints="0" numBranchPoints="1" visitedBranchPoints="0" sequenceCoverage="0" branchCoverage="0" maxCyclomaticComplexity="1" minCyclomaticComplexity="1" maxCrapScore="2" minCrapScore="2" visitedClasses="0" numClasses="0" visitedMethods="0" numMethods="1" />
              <MetadataToken>100664063</MetadataToken>
              <Name>System.String Xunit.DefaultRunnerReporterWithTypesMessageHandler::GetAssemblyDisplayName(Xunit.Abstractions.ITestAssemblyMessage)</Name>
              <FileRef uid="195" />
              <SequencePoints>
                <SequencePoint vc="0" uspid="5426" ordinal="0" offset="0" sl="81" sc="16" el="81" ec="100" bec="0" bev="0" fileid="195" />
              </SequencePoints>
              <BranchPoints />
              <MethodPoint xsi:type="SequencePoint" vc="0" uspid="5426" ordinal="0" offset="0" sl="81" sc="16" el="81" ec="100" bec="0" bev="0" fileid="195" />
            </Method>
            <Method visited="false" cyclomaticComplexity="1" nPathComplexity="0" sequenceCoverage="0" branchCoverage="0" crapScore="2" isConstructor="false" isStatic="false" isGetter="false" isSetter="false">
              <Summary numSequencePoints="1" visitedSequencePoints="0" numBranchPoints="1" visitedBranchPoints="0" sequenceCoverage="0" branchCoverage="0" maxCyclomaticComplexity="1" minCyclomaticComplexity="1" maxCrapScore="2" minCrapScore="2" visitedClasses="0" numClasses="0" visitedMethods="0" numMethods="1" />
              <MetadataToken>100664064</MetadataToken>
              <Name>System.String Xunit.DefaultRunnerReporterWithTypesMessageHandler::GetAssemblyDisplayName(Xunit.XunitProjectAssembly)</Name>
              <FileRef uid="195" />
              <SequencePoints>
                <SequencePoint vc="0" uspid="5427" ordinal="0" offset="0" sl="89" sc="16" el="89" ec="75" bec="0" bev="0" fileid="195" />
              </SequencePoints>
              <BranchPoints />
              <MethodPoint xsi:type="SequencePoint" vc="0" uspid="5427" ordinal="0" offset="0" sl="89" sc="16" el="89" ec="75" bec="0" bev="0" fileid="195" />
            </Method>
            <Method visited="false" cyclomaticComplexity="3" nPathComplexity="2" sequenceCoverage="0" branchCoverage="0" crapScore="12" isConstructor="false" isStatic="false" isGetter="false" isSetter="false">
              <Summary numSequencePoints="4" visitedSequencePoints="0" numBranchPoints="3" visitedBranchPoints="0" sequenceCoverage="0" branchCoverage="0" maxCyclomaticComplexity="3" minCyclomaticComplexity="3" maxCrapScore="12" minCrapScore="12" visitedClasses="0" numClasses="0" visitedMethods="0" numMethods="1" />
              <MetadataToken>100664065</MetadataToken>
              <Name>Xunit.Abstractions.ITestFrameworkExecutionOptions Xunit.DefaultRunnerReporterWithTypesMessageHandler::GetExecutionOptions(System.String)</Name>
              <FileRef uid="195" />
              <SequencePoints>
                <SequencePoint vc="0" uspid="5428" ordinal="0" offset="0" sl="101" sc="13" el="101" ec="55" bec="0" bev="0" fileid="195" />
                <SequencePoint vc="0" uspid="5429" ordinal="1" offset="6" sl="102" sc="17" el="102" ec="91" bec="2" bev="0" fileid="195" />
                <SequencePoint vc="0" uspid="5430" ordinal="2" offset="22" sl="103" sc="21" el="103" ec="54" bec="0" bev="0" fileid="195" />
                <SequencePoint vc="0" uspid="5431" ordinal="3" offset="41" sl="105" sc="13" el="105" ec="27" bec="0" bev="0" fileid="195" />
              </SequencePoints>
              <BranchPoints>
                <BranchPoint vc="0" uspid="5432" ordinal="0" offset="20" sl="102" path="0" offsetend="22" fileid="195" />
                <BranchPoint vc="0" uspid="5433" ordinal="1" offset="20" sl="102" path="1" offsetend="29" fileid="195" />
              </BranchPoints>
              <MethodPoint xsi:type="SequencePoint" vc="0" uspid="5428" ordinal="0" offset="0" sl="101" sc="13" el="101" ec="55" bec="0" bev="0" fileid="195" />
            </Method>
            <Method visited="false" cyclomaticComplexity="4" nPathComplexity="2" sequenceCoverage="0" branchCoverage="0" crapScore="20" isConstructor="false" isStatic="false" isGetter="false" isSetter="false">
              <Summary numSequencePoints="10" visitedSequencePoints="0" numBranchPoints="3" visitedBranchPoints="0" sequenceCoverage="0" branchCoverage="0" maxCyclomaticComplexity="4" minCyclomaticComplexity="4" maxCrapScore="20" minCrapScore="20" visitedClasses="0" numClasses="0" visitedMethods="0" numMethods="1" />
              <MetadataToken>100664066</MetadataToken>
              <Name>System.Void Xunit.DefaultRunnerReporterWithTypesMessageHandler::LogError(System.String,Xunit.Abstractions.IFailureInformation)</Name>
              <FileRef uid="195" />
              <SequencePoints>
                <SequencePoint vc="0" uspid="5434" ordinal="0" offset="0" sl="115" sc="13" el="115" ec="69" bec="0" bev="0" fileid="195" />
                <SequencePoint vc="0" uspid="5435" ordinal="1" offset="7" sl="117" sc="13" el="117" ec="37" bec="0" bev="0" fileid="195" />
                <SequencePoint vc="0" uspid="5436" ordinal="2" offset="29" sl="119" sc="17" el="119" ec="152" bec="2" bev="0" fileid="195" />
                <SequencePoint vc="0" uspid="5437" ordinal="3" offset="78" sl="121" sc="45" el="121" ec="152" bec="0" bev="0" fileid="195" />
                <SequencePoint vc="0" uspid="5438" ordinal="4" offset="110" sl="121" sc="26" el="121" ec="41" bec="0" bev="0" fileid="195" />
                <SequencePoint vc="0" uspid="5439" ordinal="5" offset="116" sl="122" sc="21" el="122" ec="83" bec="0" bev="0" fileid="195" />
                <SequencePoint vc="0" uspid="5440" ordinal="6" offset="146" sl="121" sc="42" el="121" ec="44" bec="0" bev="0" fileid="195" />
                <SequencePoint vc="0" uspid="5441" ordinal="7" offset="153" sl="124" sc="17" el="124" ec="92" bec="0" bev="0" fileid="195" />
                <SequencePoint vc="0" uspid="5442" ordinal="8" offset="166" sl="125" sc="13" el="125" ec="14" bec="0" bev="0" fileid="195" />
                <SequencePoint vc="0" uspid="5443" ordinal="9" offset="178" sl="126" sc="9" el="126" ec="10" bec="0" bev="0" fileid="195" />
              </SequencePoints>
              <BranchPoints>
                <BranchPoint vc="0" uspid="5444" ordinal="0" offset="55" sl="119" path="0" offsetend="57" fileid="195" />
                <BranchPoint vc="0" uspid="5445" ordinal="1" offset="55" sl="119" path="1" offsetend="63" fileid="195" />
              </BranchPoints>
              <MethodPoint xsi:type="SequencePoint" vc="0" uspid="5434" ordinal="0" offset="0" sl="115" sc="13" el="115" ec="69" bec="0" bev="0" fileid="195" />
            </Method>
            <Method visited="false" cyclomaticComplexity="3" nPathComplexity="2" sequenceCoverage="0" branchCoverage="0" crapScore="12" isConstructor="false" isStatic="false" isGetter="false" isSetter="false">
              <Summary numSequencePoints="8" visitedSequencePoints="0" numBranchPoints="3" visitedBranchPoints="0" sequenceCoverage="0" branchCoverage="0" maxCyclomaticComplexity="3" minCyclomaticComplexity="3" maxCrapScore="12" minCrapScore="12" visitedClasses="0" numClasses="0" visitedMethods="0" numMethods="1" />
              <MetadataToken>100664067</MetadataToken>
              <Name>System.Void Xunit.DefaultRunnerReporterWithTypesMessageHandler::LogStackTrace(Xunit.StackFrameInfo,System.String)</Name>
              <FileRef uid="195" />
              <SequencePoints>
                <SequencePoint vc="0" uspid="5448" ordinal="0" offset="0" sl="133" sc="13" el="133" ec="50" bec="2" bev="0" fileid="195" />
                <SequencePoint vc="0" uspid="5449" ordinal="1" offset="8" sl="134" sc="17" el="134" ec="24" bec="0" bev="0" fileid="195" />
                <SequencePoint vc="0" uspid="5450" ordinal="2" offset="9" sl="136" sc="13" el="136" ec="64" bec="0" bev="0" fileid="195" />
                <SequencePoint vc="0" uspid="5451" ordinal="3" offset="26" sl="138" sc="40" el="138" ec="112" bec="0" bev="0" fileid="195" />
                <SequencePoint vc="0" uspid="5452" ordinal="4" offset="52" sl="138" sc="22" el="138" ec="36" bec="0" bev="0" fileid="195" />
                <SequencePoint vc="0" uspid="5453" ordinal="5" offset="56" sl="139" sc="17" el="139" ec="136" bec="0" bev="0" fileid="195" />
                <SequencePoint vc="0" uspid="5454" ordinal="6" offset="94" sl="138" sc="37" el="138" ec="39" bec="0" bev="0" fileid="195" />
                <SequencePoint vc="0" uspid="5455" ordinal="7" offset="100" sl="140" sc="9" el="140" ec="10" bec="0" bev="0" fileid="195" />
              </SequencePoints>
              <BranchPoints>
                <BranchPoint vc="0" uspid="5456" ordinal="0" offset="6" sl="133" path="0" offsetend="8" fileid="195" />
                <BranchPoint vc="0" uspid="5457" ordinal="1" offset="6" sl="133" path="1" offsetend="9" fileid="195" />
              </BranchPoints>
              <MethodPoint xsi:type="SequencePoint" vc="0" uspid="5448" ordinal="0" offset="0" sl="133" sc="13" el="133" ec="50" bec="2" bev="0" fileid="195" />
            </Method>
            <Method visited="false" cyclomaticComplexity="4" nPathComplexity="4" sequenceCoverage="0" branchCoverage="0" crapScore="20" isConstructor="false" isStatic="false" isGetter="false" isSetter="false">
              <Summary numSequencePoints="10" visitedSequencePoints="0" numBranchPoints="5" visitedBranchPoints="0" sequenceCoverage="0" branchCoverage="0" maxCyclomaticComplexity="4" minCyclomaticComplexity="4" maxCrapScore="20" minCrapScore="20" visitedClasses="0" numClasses="0" visitedMethods="0" numMethods="1" />
              <MetadataToken>100664068</MetadataToken>
              <Name>System.Void Xunit.DefaultRunnerReporterWithTypesMessageHandler::LogOutput(Xunit.StackFrameInfo,System.String)</Name>
              <FileRef uid="195" />
              <SequencePoints>
                <SequencePoint vc="0" uspid="5460" ordinal="0" offset="0" sl="147" sc="13" el="147" ec="46" bec="2" bev="0" fileid="195" />
                <SequencePoint vc="0" uspid="5461" ordinal="1" offset="8" sl="148" sc="17" el="148" ec="24" bec="0" bev="0" fileid="195" />
                <SequencePoint vc="0" uspid="5462" ordinal="2" offset="9" sl="152" sc="13" el="152" ec="80" bec="2" bev="0" fileid="195" />
                <SequencePoint vc="0" uspid="5463" ordinal="3" offset="23" sl="153" sc="17" el="153" ec="90" bec="0" bev="0" fileid="195" />
                <SequencePoint vc="0" uspid="5464" ordinal="4" offset="49" sl="155" sc="13" el="155" ec="59" bec="0" bev="0" fileid="195" />
                <SequencePoint vc="0" uspid="5465" ordinal="5" offset="66" sl="157" sc="34" el="157" ec="102" bec="0" bev="0" fileid="195" />
                <SequencePoint vc="0" uspid="5466" ordinal="6" offset="92" sl="157" sc="22" el="157" ec="30" bec="0" bev="0" fileid="195" />
                <SequencePoint vc="0" uspid="5467" ordinal="7" offset="96" sl="158" sc="17" el="158" ec="74" bec="0" bev="0" fileid="195" />
                <SequencePoint vc="0" uspid="5468" ordinal="8" offset="123" sl="157" sc="31" el="157" ec="33" bec="0" bev="0" fileid="195" />
                <SequencePoint vc="0" uspid="5469" ordinal="9" offset="129" sl="159" sc="9" el="159" ec="10" bec="0" bev="0" fileid="195" />
              </SequencePoints>
              <BranchPoints>
                <BranchPoint vc="0" uspid="5470" ordinal="0" offset="6" sl="147" path="0" offsetend="8" fileid="195" />
                <BranchPoint vc="0" uspid="5471" ordinal="1" offset="6" sl="147" path="1" offsetend="9" fileid="195" />
                <BranchPoint vc="0" uspid="5472" ordinal="2" offset="21" sl="152" path="0" offsetend="23" fileid="195" />
                <BranchPoint vc="0" uspid="5473" ordinal="3" offset="21" sl="152" path="1" offsetend="49" fileid="195" />
              </BranchPoints>
              <MethodPoint xsi:type="SequencePoint" vc="0" uspid="5460" ordinal="0" offset="0" sl="147" sc="13" el="147" ec="46" bec="2" bev="0" fileid="195" />
            </Method>
            <Method visited="false" cyclomaticComplexity="2" nPathComplexity="0" sequenceCoverage="0" branchCoverage="0" crapScore="6" isConstructor="false" isStatic="false" isGetter="false" isSetter="false">
              <Summary numSequencePoints="3" visitedSequencePoints="0" numBranchPoints="1" visitedBranchPoints="0" sequenceCoverage="0" branchCoverage="0" maxCyclomaticComplexity="2" minCyclomaticComplexity="2" maxCrapScore="6" minCrapScore="6" visitedClasses="0" numClasses="0" visitedMethods="0" numMethods="1" />
              <MetadataToken>100664069</MetadataToken>
              <Name>System.Void Xunit.DefaultRunnerReporterWithTypesMessageHandler::RemoveExecutionOptions(System.String)</Name>
              <FileRef uid="195" />
              <SequencePoints>
                <SequencePoint vc="0" uspid="5476" ordinal="0" offset="0" sl="163" sc="13" el="163" ec="56" bec="0" bev="0" fileid="195" />
                <SequencePoint vc="0" uspid="5477" ordinal="1" offset="6" sl="164" sc="17" el="164" ec="69" bec="0" bev="0" fileid="195" />
                <SequencePoint vc="0" uspid="5478" ordinal="2" offset="31" sl="165" sc="9" el="165" ec="10" bec="0" bev="0" fileid="195" />
              </SequencePoints>
              <BranchPoints />
              <MethodPoint xsi:type="SequencePoint" vc="0" uspid="5476" ordinal="0" offset="0" sl="163" sc="13" el="163" ec="56" bec="0" bev="0" fileid="195" />
            </Method>
            <Method visited="false" cyclomaticComplexity="1" nPathComplexity="0" sequenceCoverage="0" branchCoverage="0" crapScore="2" isConstructor="false" isStatic="false" isGetter="false" isSetter="false">
              <Summary numSequencePoints="1" visitedSequencePoints="0" numBranchPoints="1" visitedBranchPoints="0" sequenceCoverage="0" branchCoverage="0" maxCyclomaticComplexity="1" minCyclomaticComplexity="1" maxCrapScore="2" minCrapScore="2" visitedClasses="0" numClasses="0" visitedMethods="0" numMethods="1" />
              <MetadataToken>100664070</MetadataToken>
              <Name>System.Void Xunit.DefaultRunnerReporterWithTypesMessageHandler::HandleErrorMessage(Xunit.MessageHandlerArgs`1&lt;Xunit.Abstractions.IErrorMessage&gt;)</Name>
              <FileRef uid="195" />
              <SequencePoints>
                <SequencePoint vc="0" uspid="5479" ordinal="0" offset="0" sl="172" sc="16" el="172" ec="53" bec="0" bev="0" fileid="195" />
              </SequencePoints>
              <BranchPoints />
              <MethodPoint xsi:type="SequencePoint" vc="0" uspid="5479" ordinal="0" offset="0" sl="172" sc="16" el="172" ec="53" bec="0" bev="0" fileid="195" />
            </Method>
            <Method visited="false" cyclomaticComplexity="5" nPathComplexity="8" sequenceCoverage="0" branchCoverage="0" crapScore="30" isConstructor="false" isStatic="false" isGetter="false" isSetter="false">
              <Summary numSequencePoints="8" visitedSequencePoints="0" numBranchPoints="7" visitedBranchPoints="0" sequenceCoverage="0" branchCoverage="0" maxCyclomaticComplexity="5" minCyclomaticComplexity="5" maxCrapScore="30" minCrapScore="30" visitedClasses="0" numClasses="0" visitedMethods="0" numMethods="1" />
              <MetadataToken>100664071</MetadataToken>
              <Name>System.Void Xunit.DefaultRunnerReporterWithTypesMessageHandler::HandleTestAssemblyDiscoveryFinished(Xunit.MessageHandlerArgs`1&lt;Xunit.ITestAssemblyDiscoveryFinished&gt;)</Name>
              <FileRef uid="195" />
              <SequencePoints>
                <SequencePoint vc="0" uspid="5480" ordinal="0" offset="0" sl="180" sc="13" el="180" ec="50" bec="0" bev="0" fileid="195" />
                <SequencePoint vc="0" uspid="5481" ordinal="1" offset="7" sl="181" sc="13" el="181" ec="90" bec="0" bev="0" fileid="195" />
                <SequencePoint vc="0" uspid="5482" ordinal="2" offset="20" sl="183" sc="13" el="183" ec="85" bec="2" bev="0" fileid="195" />
                <SequencePoint vc="0" uspid="5483" ordinal="3" offset="33" sl="185" sc="17" el="188" ec="108" bec="2" bev="0" fileid="195" />
                <SequencePoint vc="0" uspid="5484" ordinal="4" offset="96" sl="190" sc="17" el="190" ec="165" bec="2" bev="0" fileid="195" />
                <SequencePoint vc="0" uspid="5485" ordinal="5" offset="140" sl="191" sc="13" el="191" ec="14" bec="0" bev="0" fileid="195" />
                <SequencePoint vc="0" uspid="5486" ordinal="6" offset="141" sl="193" sc="17" el="193" ec="85" bec="0" bev="0" fileid="195" />
                <SequencePoint vc="0" uspid="5487" ordinal="7" offset="163" sl="194" sc="9" el="194" ec="10" bec="0" bev="0" fileid="195" />
              </SequencePoints>
              <BranchPoints>
                <BranchPoint vc="0" uspid="5488" ordinal="0" offset="31" sl="183" path="0" offsetend="33" fileid="195" />
                <BranchPoint vc="0" uspid="5489" ordinal="1" offset="31" sl="183" path="1" offsetend="141" fileid="195" />
                <BranchPoint vc="0" uspid="5490" ordinal="2" offset="45" sl="185" path="0" offsetend="47" fileid="195" />
                <BranchPoint vc="0" uspid="5491" ordinal="3" offset="45" sl="185" path="1" offsetend="81" fileid="195" />
                <BranchPoint vc="0" uspid="5492" ordinal="4" offset="116" sl="190" path="0" offsetend="118" fileid="195" />
                <BranchPoint vc="0" uspid="5493" ordinal="5" offset="116" sl="190" path="1" offsetend="125" fileid="195" />
              </BranchPoints>
              <MethodPoint xsi:type="SequencePoint" vc="0" uspid="5480" ordinal="0" offset="0" sl="180" sc="13" el="180" ec="50" bec="0" bev="0" fileid="195" />
            </Method>
            <Method visited="false" cyclomaticComplexity="6" nPathComplexity="8" sequenceCoverage="0" branchCoverage="0" crapScore="42" isConstructor="false" isStatic="false" isGetter="false" isSetter="false">
              <Summary numSequencePoints="7" visitedSequencePoints="0" numBranchPoints="7" visitedBranchPoints="0" sequenceCoverage="0" branchCoverage="0" maxCyclomaticComplexity="6" minCyclomaticComplexity="6" maxCrapScore="42" minCrapScore="42" visitedClasses="0" numClasses="0" visitedMethods="0" numMethods="1" />
              <MetadataToken>100664072</MetadataToken>
              <Name>System.Void Xunit.DefaultRunnerReporterWithTypesMessageHandler::HandleTestAssemblyDiscoveryStarting(Xunit.MessageHandlerArgs`1&lt;Xunit.ITestAssemblyDiscoveryStarting&gt;)</Name>
              <FileRef uid="195" />
              <SequencePoints>
                <SequencePoint vc="0" uspid="5494" ordinal="0" offset="0" sl="202" sc="13" el="202" ec="50" bec="0" bev="0" fileid="195" />
                <SequencePoint vc="0" uspid="5495" ordinal="1" offset="7" sl="203" sc="13" el="203" ec="90" bec="0" bev="0" fileid="195" />
                <SequencePoint vc="0" uspid="5496" ordinal="2" offset="20" sl="205" sc="13" el="205" ec="85" bec="2" bev="0" fileid="195" />
                <SequencePoint vc="0" uspid="5497" ordinal="3" offset="33" sl="208" sc="17" el="208" ec="301" bec="4" bev="0" fileid="195" />
                <SequencePoint vc="0" uspid="5498" ordinal="4" offset="116" sl="212" sc="13" el="212" ec="14" bec="0" bev="0" fileid="195" />
                <SequencePoint vc="0" uspid="5499" ordinal="5" offset="117" sl="214" sc="17" el="214" ec="85" bec="0" bev="0" fileid="195" />
                <SequencePoint vc="0" uspid="5500" ordinal="6" offset="139" sl="215" sc="9" el="215" ec="10" bec="0" bev="0" fileid="195" />
              </SequencePoints>
              <BranchPoints>
                <BranchPoint vc="0" uspid="5501" ordinal="0" offset="31" sl="205" path="0" offsetend="33" fileid="195" />
                <BranchPoint vc="0" uspid="5502" ordinal="1" offset="31" sl="205" path="1" offsetend="117" fileid="195" />
                <BranchPoint vc="0" uspid="5503" ordinal="2" offset="51" sl="208" path="0" offsetend="53" fileid="195" />
                <BranchPoint vc="0" uspid="5504" ordinal="3" offset="51" sl="208" path="1" offsetend="60" fileid="195" />
                <BranchPoint vc="0" uspid="5505" ordinal="4" offset="71" sl="208" path="0" offsetend="73" fileid="195" />
                <BranchPoint vc="0" uspid="5506" ordinal="5" offset="71" sl="208" path="1" offsetend="80" fileid="195" />
              </BranchPoints>
              <MethodPoint xsi:type="SequencePoint" vc="0" uspid="5494" ordinal="0" offset="0" sl="202" sc="13" el="202" ec="50" bec="0" bev="0" fileid="195" />
            </Method>
            <Method visited="false" cyclomaticComplexity="1" nPathComplexity="0" sequenceCoverage="0" branchCoverage="0" crapScore="2" isConstructor="false" isStatic="false" isGetter="false" isSetter="false">
              <Summary numSequencePoints="4" visitedSequencePoints="0" numBranchPoints="1" visitedBranchPoints="0" sequenceCoverage="0" branchCoverage="0" maxCyclomaticComplexity="1" minCyclomaticComplexity="1" maxCrapScore="2" minCrapScore="2" visitedClasses="0" numClasses="0" visitedMethods="0" numMethods="1" />
              <MetadataToken>100664073</MetadataToken>
              <Name>System.Void Xunit.DefaultRunnerReporterWithTypesMessageHandler::HandleTestAssemblyExecutionFinished(Xunit.MessageHandlerArgs`1&lt;Xunit.ITestAssemblyExecutionFinished&gt;)</Name>
              <FileRef uid="195" />
              <SequencePoints>
                <SequencePoint vc="0" uspid="5507" ordinal="0" offset="0" sl="223" sc="13" el="223" ec="50" bec="0" bev="0" fileid="195" />
                <SequencePoint vc="0" uspid="5508" ordinal="1" offset="7" sl="224" sc="13" el="224" ec="112" bec="0" bev="0" fileid="195" />
                <SequencePoint vc="0" uspid="5509" ordinal="2" offset="40" sl="226" sc="13" el="226" ec="81" bec="0" bev="0" fileid="195" />
                <SequencePoint vc="0" uspid="5510" ordinal="3" offset="57" sl="227" sc="9" el="227" ec="10" bec="0" bev="0" fileid="195" />
              </SequencePoints>
              <BranchPoints />
              <MethodPoint xsi:type="SequencePoint" vc="0" uspid="5507" ordinal="0" offset="0" sl="223" sc="13" el="223" ec="50" bec="0" bev="0" fileid="195" />
            </Method>
            <Method visited="false" cyclomaticComplexity="5" nPathComplexity="8" sequenceCoverage="0" branchCoverage="0" crapScore="30" isConstructor="false" isStatic="false" isGetter="false" isSetter="false">
              <Summary numSequencePoints="10" visitedSequencePoints="0" numBranchPoints="7" visitedBranchPoints="0" sequenceCoverage="0" branchCoverage="0" maxCyclomaticComplexity="5" minCyclomaticComplexity="5" maxCrapScore="30" minCrapScore="30" visitedClasses="0" numClasses="0" visitedMethods="0" numMethods="1" />
              <MetadataToken>100664074</MetadataToken>
              <Name>System.Void Xunit.DefaultRunnerReporterWithTypesMessageHandler::HandleTestAssemblyExecutionStarting(Xunit.MessageHandlerArgs`1&lt;Xunit.ITestAssemblyExecutionStarting&gt;)</Name>
              <FileRef uid="195" />
              <SequencePoints>
                <SequencePoint vc="0" uspid="5511" ordinal="0" offset="0" sl="235" sc="13" el="235" ec="50" bec="0" bev="0" fileid="195" />
                <SequencePoint vc="0" uspid="5512" ordinal="1" offset="7" sl="236" sc="13" el="236" ec="114" bec="0" bev="0" fileid="195" />
                <SequencePoint vc="0" uspid="5513" ordinal="2" offset="30" sl="238" sc="13" el="238" ec="90" bec="0" bev="0" fileid="195" />
                <SequencePoint vc="0" uspid="5514" ordinal="3" offset="43" sl="240" sc="13" el="240" ec="85" bec="2" bev="0" fileid="195" />
                <SequencePoint vc="0" uspid="5515" ordinal="4" offset="56" sl="242" sc="17" el="242" ec="103" bec="0" bev="0" fileid="195" />
                <SequencePoint vc="0" uspid="5516" ordinal="5" offset="68" sl="243" sc="17" el="243" ec="94" bec="2" bev="0" fileid="195" />
                <SequencePoint vc="0" uspid="5517" ordinal="6" offset="87" sl="244" sc="17" el="244" ec="240" bec="2" bev="0" fileid="195" />
                <SequencePoint vc="0" uspid="5518" ordinal="7" offset="135" sl="245" sc="13" el="245" ec="14" bec="0" bev="0" fileid="195" />
                <SequencePoint vc="0" uspid="5519" ordinal="8" offset="136" sl="247" sc="17" el="247" ec="85" bec="0" bev="0" fileid="195" />
                <SequencePoint vc="0" uspid="5520" ordinal="9" offset="158" sl="248" sc="9" el="248" ec="10" bec="0" bev="0" fileid="195" />
              </SequencePoints>
              <BranchPoints>
                <BranchPoint vc="0" uspid="5521" ordinal="0" offset="54" sl="240" path="0" offsetend="56" fileid="195" />
                <BranchPoint vc="0" uspid="5522" ordinal="1" offset="54" sl="240" path="1" offsetend="136" fileid="195" />
                <BranchPoint vc="0" uspid="5523" ordinal="2" offset="70" sl="243" path="0" offsetend="72" fileid="195" />
                <BranchPoint vc="0" uspid="5524" ordinal="3" offset="70" sl="243" path="1" offsetend="81" fileid="195" />
                <BranchPoint vc="0" uspid="5525" ordinal="4" offset="110" sl="244" path="0" offsetend="112" fileid="195" />
                <BranchPoint vc="0" uspid="5526" ordinal="5" offset="110" sl="244" path="1" offsetend="119" fileid="195" />
              </BranchPoints>
              <MethodPoint xsi:type="SequencePoint" vc="0" uspid="5511" ordinal="0" offset="0" sl="235" sc="13" el="235" ec="50" bec="0" bev="0" fileid="195" />
            </Method>
            <Method visited="false" cyclomaticComplexity="1" nPathComplexity="0" sequenceCoverage="0" branchCoverage="0" crapScore="2" isConstructor="false" isStatic="false" isGetter="false" isSetter="false">
              <Summary numSequencePoints="1" visitedSequencePoints="0" numBranchPoints="1" visitedBranchPoints="0" sequenceCoverage="0" branchCoverage="0" maxCyclomaticComplexity="1" minCyclomaticComplexity="1" maxCrapScore="2" minCrapScore="2" visitedClasses="0" numClasses="0" visitedMethods="0" numMethods="1" />
              <MetadataToken>100664075</MetadataToken>
              <Name>System.Void Xunit.DefaultRunnerReporterWithTypesMessageHandler::HandleTestAssemblyCleanupFailure(Xunit.MessageHandlerArgs`1&lt;Xunit.Abstractions.ITestAssemblyCleanupFailure&gt;)</Name>
              <FileRef uid="195" />
              <SequencePoints>
                <SequencePoint vc="0" uspid="5527" ordinal="0" offset="0" sl="255" sc="16" el="255" ec="124" bec="0" bev="0" fileid="195" />
              </SequencePoints>
              <BranchPoints />
              <MethodPoint xsi:type="SequencePoint" vc="0" uspid="5527" ordinal="0" offset="0" sl="255" sc="16" el="255" ec="124" bec="0" bev="0" fileid="195" />
            </Method>
            <Method visited="false" cyclomaticComplexity="1" nPathComplexity="0" sequenceCoverage="0" branchCoverage="0" crapScore="2" isConstructor="false" isStatic="false" isGetter="false" isSetter="false">
              <Summary numSequencePoints="1" visitedSequencePoints="0" numBranchPoints="1" visitedBranchPoints="0" sequenceCoverage="0" branchCoverage="0" maxCyclomaticComplexity="1" minCyclomaticComplexity="1" maxCrapScore="2" minCrapScore="2" visitedClasses="0" numClasses="0" visitedMethods="0" numMethods="1" />
              <MetadataToken>100664076</MetadataToken>
              <Name>System.Void Xunit.DefaultRunnerReporterWithTypesMessageHandler::HandleTestCaseCleanupFailure(Xunit.MessageHandlerArgs`1&lt;Xunit.Abstractions.ITestCaseCleanupFailure&gt;)</Name>
              <FileRef uid="195" />
              <SequencePoints>
                <SequencePoint vc="0" uspid="5528" ordinal="0" offset="0" sl="262" sc="16" el="262" ec="106" bec="0" bev="0" fileid="195" />
              </SequencePoints>
              <BranchPoints />
              <MethodPoint xsi:type="SequencePoint" vc="0" uspid="5528" ordinal="0" offset="0" sl="262" sc="16" el="262" ec="106" bec="0" bev="0" fileid="195" />
            </Method>
            <Method visited="false" cyclomaticComplexity="1" nPathComplexity="0" sequenceCoverage="0" branchCoverage="0" crapScore="2" isConstructor="false" isStatic="false" isGetter="false" isSetter="false">
              <Summary numSequencePoints="1" visitedSequencePoints="0" numBranchPoints="1" visitedBranchPoints="0" sequenceCoverage="0" branchCoverage="0" maxCyclomaticComplexity="1" minCyclomaticComplexity="1" maxCrapScore="2" minCrapScore="2" visitedClasses="0" numClasses="0" visitedMethods="0" numMethods="1" />
              <MetadataToken>100664077</MetadataToken>
              <Name>System.Void Xunit.DefaultRunnerReporterWithTypesMessageHandler::HandleTestClassCleanupFailure(Xunit.MessageHandlerArgs`1&lt;Xunit.Abstractions.ITestClassCleanupFailure&gt;)</Name>
              <FileRef uid="195" />
              <SequencePoints>
                <SequencePoint vc="0" uspid="5529" ordinal="0" offset="0" sl="269" sc="16" el="269" ec="107" bec="0" bev="0" fileid="195" />
              </SequencePoints>
              <BranchPoints />
              <MethodPoint xsi:type="SequencePoint" vc="0" uspid="5529" ordinal="0" offset="0" sl="269" sc="16" el="269" ec="107" bec="0" bev="0" fileid="195" />
            </Method>
            <Method visited="false" cyclomaticComplexity="1" nPathComplexity="0" sequenceCoverage="0" branchCoverage="0" crapScore="2" isConstructor="false" isStatic="false" isGetter="false" isSetter="false">
              <Summary numSequencePoints="1" visitedSequencePoints="0" numBranchPoints="1" visitedBranchPoints="0" sequenceCoverage="0" branchCoverage="0" maxCyclomaticComplexity="1" minCyclomaticComplexity="1" maxCrapScore="2" minCrapScore="2" visitedClasses="0" numClasses="0" visitedMethods="0" numMethods="1" />
              <MetadataToken>100664078</MetadataToken>
              <Name>System.Void Xunit.DefaultRunnerReporterWithTypesMessageHandler::HandleTestCleanupFailure(Xunit.MessageHandlerArgs`1&lt;Xunit.Abstractions.ITestCleanupFailure&gt;)</Name>
              <FileRef uid="195" />
              <SequencePoints>
                <SequencePoint vc="0" uspid="5530" ordinal="0" offset="0" sl="276" sc="16" el="276" ec="97" bec="0" bev="0" fileid="195" />
              </SequencePoints>
              <BranchPoints />
              <MethodPoint xsi:type="SequencePoint" vc="0" uspid="5530" ordinal="0" offset="0" sl="276" sc="16" el="276" ec="97" bec="0" bev="0" fileid="195" />
            </Method>
            <Method visited="false" cyclomaticComplexity="1" nPathComplexity="0" sequenceCoverage="0" branchCoverage="0" crapScore="2" isConstructor="false" isStatic="false" isGetter="false" isSetter="false">
              <Summary numSequencePoints="1" visitedSequencePoints="0" numBranchPoints="1" visitedBranchPoints="0" sequenceCoverage="0" branchCoverage="0" maxCyclomaticComplexity="1" minCyclomaticComplexity="1" maxCrapScore="2" minCrapScore="2" visitedClasses="0" numClasses="0" visitedMethods="0" numMethods="1" />
              <MetadataToken>100664079</MetadataToken>
              <Name>System.Void Xunit.DefaultRunnerReporterWithTypesMessageHandler::HandleTestCollectionCleanupFailure(Xunit.MessageHandlerArgs`1&lt;Xunit.Abstractions.ITestCollectionCleanupFailure&gt;)</Name>
              <FileRef uid="195" />
              <SequencePoints>
                <SequencePoint vc="0" uspid="5531" ordinal="0" offset="0" sl="283" sc="16" el="283" ec="118" bec="0" bev="0" fileid="195" />
              </SequencePoints>
              <BranchPoints />
              <MethodPoint xsi:type="SequencePoint" vc="0" uspid="5531" ordinal="0" offset="0" sl="283" sc="16" el="283" ec="118" bec="0" bev="0" fileid="195" />
            </Method>
            <Method visited="false" cyclomaticComplexity="1" nPathComplexity="0" sequenceCoverage="0" branchCoverage="0" crapScore="2" isConstructor="false" isStatic="false" isGetter="false" isSetter="false">
              <Summary numSequencePoints="1" visitedSequencePoints="0" numBranchPoints="1" visitedBranchPoints="0" sequenceCoverage="0" branchCoverage="0" maxCyclomaticComplexity="1" minCyclomaticComplexity="1" maxCrapScore="2" minCrapScore="2" visitedClasses="0" numClasses="0" visitedMethods="0" numMethods="1" />
              <MetadataToken>100664080</MetadataToken>
              <Name>System.Void Xunit.DefaultRunnerReporterWithTypesMessageHandler::HandleTestExecutionSummary(Xunit.MessageHandlerArgs`1&lt;Xunit.ITestExecutionSummary&gt;)</Name>
              <FileRef uid="195" />
              <SequencePoints>
                <SequencePoint vc="0" uspid="5532" ordinal="0" offset="0" sl="290" sc="16" el="290" ec="57" bec="0" bev="0" fileid="195" />
              </SequencePoints>
              <BranchPoints />
              <MethodPoint xsi:type="SequencePoint" vc="0" uspid="5532" ordinal="0" offset="0" sl="290" sc="16" el="290" ec="57" bec="0" bev="0" fileid="195" />
            </Method>
            <Method visited="false" cyclomaticComplexity="3" nPathComplexity="0" sequenceCoverage="0" branchCoverage="0" crapScore="12" isConstructor="false" isStatic="false" isGetter="false" isSetter="false">
              <Summary numSequencePoints="12" visitedSequencePoints="0" numBranchPoints="1" visitedBranchPoints="0" sequenceCoverage="0" branchCoverage="0" maxCyclomaticComplexity="3" minCyclomaticComplexity="3" maxCrapScore="12" minCrapScore="12" visitedClasses="0" numClasses="0" visitedMethods="0" numMethods="1" />
              <MetadataToken>100664081</MetadataToken>
              <Name>System.Void Xunit.DefaultRunnerReporterWithTypesMessageHandler::HandleTestFailed(Xunit.MessageHandlerArgs`1&lt;Xunit.Abstractions.ITestFailed&gt;)</Name>
              <FileRef uid="195" />
              <SequencePoints>
                <SequencePoint vc="0" uspid="5533" ordinal="0" offset="0" sl="298" sc="13" el="298" ec="43" bec="0" bev="0" fileid="195" />
                <SequencePoint vc="0" uspid="5534" ordinal="1" offset="7" sl="299" sc="13" el="299" ec="68" bec="0" bev="0" fileid="195" />
                <SequencePoint vc="0" uspid="5535" ordinal="2" offset="14" sl="301" sc="13" el="301" ec="37" bec="0" bev="0" fileid="195" />
                <SequencePoint vc="0" uspid="5536" ordinal="3" offset="36" sl="303" sc="17" el="303" ec="97" bec="0" bev="0" fileid="195" />
                <SequencePoint vc="0" uspid="5537" ordinal="4" offset="75" sl="305" sc="45" el="305" ec="151" bec="0" bev="0" fileid="195" />
                <SequencePoint vc="0" uspid="5538" ordinal="5" offset="108" sl="305" sc="26" el="305" ec="41" bec="0" bev="0" fileid="195" />
                <SequencePoint vc="0" uspid="5539" ordinal="6" offset="115" sl="306" sc="21" el="306" ec="83" bec="0" bev="0" fileid="195" />
                <SequencePoint vc="0" uspid="5540" ordinal="7" offset="145" sl="305" sc="42" el="305" ec="44" bec="0" bev="0" fileid="195" />
                <SequencePoint vc="0" uspid="5541" ordinal="8" offset="153" sl="308" sc="17" el="308" ec="91" bec="0" bev="0" fileid="195" />
                <SequencePoint vc="0" uspid="5542" ordinal="9" offset="166" sl="309" sc="17" el="309" ec="57" bec="0" bev="0" fileid="195" />
                <SequencePoint vc="0" uspid="5543" ordinal="10" offset="179" sl="310" sc="13" el="310" ec="14" bec="0" bev="0" fileid="195" />
                <SequencePoint vc="0" uspid="5544" ordinal="11" offset="191" sl="311" sc="9" el="311" ec="10" bec="0" bev="0" fileid="195" />
              </SequencePoints>
              <BranchPoints />
              <MethodPoint xsi:type="SequencePoint" vc="0" uspid="5533" ordinal="0" offset="0" sl="298" sc="13" el="298" ec="43" bec="0" bev="0" fileid="195" />
            </Method>
            <Method visited="false" cyclomaticComplexity="1" nPathComplexity="0" sequenceCoverage="0" branchCoverage="0" crapScore="2" isConstructor="false" isStatic="false" isGetter="false" isSetter="false">
              <Summary numSequencePoints="1" visitedSequencePoints="0" numBranchPoints="1" visitedBranchPoints="0" sequenceCoverage="0" branchCoverage="0" maxCyclomaticComplexity="1" minCyclomaticComplexity="1" maxCrapScore="2" minCrapScore="2" visitedClasses="0" numClasses="0" visitedMethods="0" numMethods="1" />
              <MetadataToken>100664082</MetadataToken>
              <Name>System.Void Xunit.DefaultRunnerReporterWithTypesMessageHandler::HandleTestMethodCleanupFailure(Xunit.MessageHandlerArgs`1&lt;Xunit.Abstractions.ITestMethodCleanupFailure&gt;)</Name>
              <FileRef uid="195" />
              <SequencePoints>
                <SequencePoint vc="0" uspid="5547" ordinal="0" offset="0" sl="318" sc="16" el="318" ec="110" bec="0" bev="0" fileid="195" />
              </SequencePoints>
              <BranchPoints />
              <MethodPoint xsi:type="SequencePoint" vc="0" uspid="5547" ordinal="0" offset="0" sl="318" sc="16" el="318" ec="110" bec="0" bev="0" fileid="195" />
            </Method>
            <Method visited="false" cyclomaticComplexity="4" nPathComplexity="4" sequenceCoverage="0" branchCoverage="0" crapScore="20" isConstructor="false" isStatic="false" isGetter="false" isSetter="false">
              <Summary numSequencePoints="7" visitedSequencePoints="0" numBranchPoints="5" visitedBranchPoints="0" sequenceCoverage="0" branchCoverage="0" maxCyclomaticComplexity="4" minCyclomaticComplexity="4" maxCrapScore="20" minCrapScore="20" visitedClasses="0" numClasses="0" visitedMethods="0" numMethods="1" />
              <MetadataToken>100664083</MetadataToken>
              <Name>System.Void Xunit.DefaultRunnerReporterWithTypesMessageHandler::HandleTestPassed(Xunit.MessageHandlerArgs`1&lt;Xunit.Abstractions.ITestPassed&gt;)</Name>
              <FileRef uid="195" />
              <SequencePoints>
                <SequencePoint vc="0" uspid="5548" ordinal="0" offset="0" sl="326" sc="13" el="326" ec="43" bec="0" bev="0" fileid="195" />
                <SequencePoint vc="0" uspid="5549" ordinal="1" offset="7" sl="327" sc="13" el="328" ec="117" bec="3" bev="0" fileid="195" />
                <SequencePoint vc="0" uspid="5550" ordinal="2" offset="49" sl="330" sc="17" el="330" ec="41" bec="0" bev="0" fileid="195" />
                <SequencePoint vc="0" uspid="5551" ordinal="3" offset="71" sl="332" sc="21" el="332" ec="101" bec="0" bev="0" fileid="195" />
                <SequencePoint vc="0" uspid="5552" ordinal="4" offset="109" sl="333" sc="21" el="333" ec="71" bec="0" bev="0" fileid="195" />
                <SequencePoint vc="0" uspid="5553" ordinal="5" offset="126" sl="334" sc="17" el="334" ec="18" bec="0" bev="0" fileid="195" />
                <SequencePoint vc="0" uspid="5554" ordinal="6" offset="138" sl="336" sc="9" el="336" ec="10" bec="0" bev="0" fileid="195" />
              </SequencePoints>
              <BranchPoints>
                <BranchPoint vc="0" uspid="5555" ordinal="0" offset="18" sl="327" path="0" offsetend="20" fileid="195" />
                <BranchPoint vc="0" uspid="5556" ordinal="1" offset="18" sl="327" path="1" offsetend="138" fileid="195" />
                <BranchPoint vc="0" uspid="5557" ordinal="2" offset="47" sl="327" path="0" offsetend="49" fileid="195" />
                <BranchPoint vc="0" uspid="5558" ordinal="3" offset="47" sl="327" path="1" offsetend="138" fileid="195" />
              </BranchPoints>
              <MethodPoint xsi:type="SequencePoint" vc="0" uspid="5548" ordinal="0" offset="0" sl="326" sc="13" el="326" ec="43" bec="0" bev="0" fileid="195" />
            </Method>
            <Method visited="false" cyclomaticComplexity="2" nPathComplexity="0" sequenceCoverage="0" branchCoverage="0" crapScore="6" isConstructor="false" isStatic="false" isGetter="false" isSetter="false">
              <Summary numSequencePoints="6" visitedSequencePoints="0" numBranchPoints="1" visitedBranchPoints="0" sequenceCoverage="0" branchCoverage="0" maxCyclomaticComplexity="2" minCyclomaticComplexity="2" maxCrapScore="6" minCrapScore="6" visitedClasses="0" numClasses="0" visitedMethods="0" numMethods="1" />
              <MetadataToken>100664084</MetadataToken>
              <Name>System.Void Xunit.DefaultRunnerReporterWithTypesMessageHandler::HandleTestSkipped(Xunit.MessageHandlerArgs`1&lt;Xunit.Abstractions.ITestSkipped&gt;)</Name>
              <FileRef uid="195" />
              <SequencePoints>
                <SequencePoint vc="0" uspid="5559" ordinal="0" offset="0" sl="344" sc="13" el="344" ec="37" bec="0" bev="0" fileid="195" />
                <SequencePoint vc="0" uspid="5560" ordinal="1" offset="22" sl="346" sc="17" el="346" ec="48" bec="0" bev="0" fileid="195" />
                <SequencePoint vc="0" uspid="5561" ordinal="2" offset="29" sl="347" sc="17" el="347" ec="89" bec="0" bev="0" fileid="195" />
                <SequencePoint vc="0" uspid="5562" ordinal="3" offset="67" sl="348" sc="17" el="348" ec="83" bec="0" bev="0" fileid="195" />
                <SequencePoint vc="0" uspid="5563" ordinal="4" offset="100" sl="349" sc="13" el="349" ec="14" bec="0" bev="0" fileid="195" />
                <SequencePoint vc="0" uspid="5564" ordinal="5" offset="112" sl="350" sc="9" el="350" ec="10" bec="0" bev="0" fileid="195" />
              </SequencePoints>
              <BranchPoints />
              <MethodPoint xsi:type="SequencePoint" vc="0" uspid="5559" ordinal="0" offset="0" sl="344" sc="13" el="344" ec="37" bec="0" bev="0" fileid="195" />
            </Method>
            <Method visited="false" cyclomaticComplexity="10" nPathComplexity="256" sequenceCoverage="0" branchCoverage="0" crapScore="110" isConstructor="false" isStatic="true" isGetter="false" isSetter="false">
              <Summary numSequencePoints="22" visitedSequencePoints="0" numBranchPoints="17" visitedBranchPoints="0" sequenceCoverage="0" branchCoverage="0" maxCyclomaticComplexity="10" minCyclomaticComplexity="10" maxCrapScore="110" minCrapScore="110" visitedClasses="0" numClasses="0" visitedMethods="0" numMethods="1" />
              <MetadataToken>100664085</MetadataToken>
              <Name>System.Void Xunit.DefaultRunnerReporterWithTypesMessageHandler::WriteDefaultSummary(Xunit.IRunnerLogger,Xunit.ITestExecutionSummary)</Name>
              <FileRef uid="195" />
              <SequencePoints>
                <SequencePoint vc="0" uspid="5565" ordinal="0" offset="0" sl="360" sc="13" el="360" ec="74" bec="0" bev="0" fileid="195" />
                <SequencePoint vc="0" uspid="5566" ordinal="1" offset="11" sl="362" sc="13" el="362" ec="96" bec="2" bev="0" fileid="195" />
                <SequencePoint vc="0" uspid="5567" ordinal="2" offset="54" sl="363" sc="13" el="363" ec="100" bec="2" bev="0" fileid="195" />
                <SequencePoint vc="0" uspid="5568" ordinal="3" offset="97" sl="364" sc="13" el="364" ec="102" bec="2" bev="0" fileid="195" />
                <SequencePoint vc="0" uspid="5569" ordinal="4" offset="140" sl="365" sc="13" el="365" ec="110" bec="2" bev="0" fileid="195" />
                <SequencePoint vc="0" uspid="5570" ordinal="5" offset="197" sl="366" sc="13" el="366" ec="95" bec="2" bev="0" fileid="195" />
                <SequencePoint vc="0" uspid="5571" ordinal="6" offset="241" sl="367" sc="13" el="367" ec="101" bec="2" bev="0" fileid="195" />
                <SequencePoint vc="0" uspid="5572" ordinal="7" offset="285" sl="368" sc="13" el="368" ec="64" bec="0" bev="0" fileid="195" />
                <SequencePoint vc="0" uspid="5573" ordinal="8" offset="299" sl="369" sc="13" el="369" ec="68" bec="0" bev="0" fileid="195" />
                <SequencePoint vc="0" uspid="5574" ordinal="9" offset="313" sl="370" sc="13" el="370" ec="70" bec="0" bev="0" fileid="195" />
                <SequencePoint vc="0" uspid="5575" ordinal="10" offset="327" sl="371" sc="13" el="371" ec="48" bec="0" bev="0" fileid="195" />
                <SequencePoint vc="0" uspid="5576" ordinal="11" offset="335" sl="372" sc="13" el="372" ec="63" bec="0" bev="0" fileid="195" />
                <SequencePoint vc="0" uspid="5577" ordinal="12" offset="349" sl="374" sc="37" el="374" ec="63" bec="0" bev="0" fileid="195" />
                <SequencePoint vc="0" uspid="5578" ordinal="13" offset="367" sl="374" sc="22" el="374" ec="33" bec="0" bev="0" fileid="195" />
                <SequencePoint vc="0" uspid="5579" ordinal="14" offset="376" sl="376" sc="17" el="376" ec="46" bec="2" bev="0" fileid="195" />
                <SequencePoint vc="0" uspid="5580" ordinal="15" offset="390" sl="377" sc="21" el="377" ec="135" bec="0" bev="0" fileid="195" />
                <SequencePoint vc="0" uspid="5581" ordinal="16" offset="437" sl="379" sc="21" el="379" ec="431" bec="0" bev="0" fileid="195" />
                <SequencePoint vc="0" uspid="5582" ordinal="17" offset="636" sl="374" sc="34" el="374" ec="36" bec="0" bev="0" fileid="195" />
                <SequencePoint vc="0" uspid="5583" ordinal="18" offset="664" sl="383" sc="13" el="383" ec="54" bec="2" bev="0" fileid="195" />
                <SequencePoint vc="0" uspid="5584" ordinal="19" offset="681" sl="385" sc="17" el="385" ec="303" bec="0" bev="0" fileid="195" />
                <SequencePoint vc="0" uspid="5585" ordinal="20" offset="803" sl="386" sc="17" el="386" ec="287" bec="0" bev="0" fileid="195" />
                <SequencePoint vc="0" uspid="5586" ordinal="21" offset="915" sl="388" sc="9" el="388" ec="10" bec="0" bev="0" fileid="195" />
              </SequencePoints>
              <BranchPoints>
                <BranchPoint vc="0" uspid="5587" ordinal="0" offset="23" sl="362" path="0" offsetend="25" fileid="195" />
                <BranchPoint vc="0" uspid="5588" ordinal="1" offset="23" sl="362" path="1" offsetend="48" fileid="195" />
                <BranchPoint vc="0" uspid="5589" ordinal="2" offset="66" sl="363" path="0" offsetend="68" fileid="195" />
                <BranchPoint vc="0" uspid="5590" ordinal="3" offset="66" sl="363" path="1" offsetend="91" fileid="195" />
                <BranchPoint vc="0" uspid="5591" ordinal="4" offset="109" sl="364" path="0" offsetend="111" fileid="195" />
                <BranchPoint vc="0" uspid="5592" ordinal="5" offset="109" sl="364" path="1" offsetend="134" fileid="195" />
                <BranchPoint vc="0" uspid="5593" ordinal="6" offset="152" sl="365" path="0" offsetend="154" fileid="195" />
                <BranchPoint vc="0" uspid="5594" ordinal="7" offset="152" sl="365" path="1" offsetend="177" fileid="195" />
                <BranchPoint vc="0" uspid="5595" ordinal="8" offset="209" sl="366" path="0" offsetend="211" fileid="195" />
                <BranchPoint vc="0" uspid="5596" ordinal="9" offset="209" sl="366" path="1" offsetend="234" fileid="195" />
                <BranchPoint vc="0" uspid="5597" ordinal="10" offset="253" sl="367" path="0" offsetend="255" fileid="195" />
                <BranchPoint vc="0" uspid="5598" ordinal="11" offset="253" sl="367" path="1" offsetend="278" fileid="195" />
                <BranchPoint vc="0" uspid="5599" ordinal="12" offset="388" sl="376" path="0" offsetend="390" fileid="195" />
                <BranchPoint vc="0" uspid="5600" ordinal="13" offset="388" sl="376" path="1" offsetend="437" fileid="195" />
                <BranchPoint vc="0" uspid="5603" ordinal="16" offset="676" sl="383" path="0" offsetend="681" fileid="195" />
                <BranchPoint vc="0" uspid="5604" ordinal="17" offset="676" sl="383" path="1" offsetend="915" fileid="195" />
              </BranchPoints>
              <MethodPoint xsi:type="SequencePoint" vc="0" uspid="5565" ordinal="0" offset="0" sl="360" sc="13" el="360" ec="74" bec="0" bev="0" fileid="195" />
            </Method>
          </Methods>
        </Class>
        <Class>
          <Summary numSequencePoints="12" visitedSequencePoints="0" numBranchPoints="5" visitedBranchPoints="0" sequenceCoverage="0" branchCoverage="0" maxCyclomaticComplexity="1" minCyclomaticComplexity="1" maxCrapScore="2" minCrapScore="2" visitedClasses="0" numClasses="1" visitedMethods="0" numMethods="5" />
          <FullName>Xunit.DefaultRunnerReporterWithTypesMessageHandler/ReaderWriterLockWrapper</FullName>
          <Methods>
            <Method visited="false" cyclomaticComplexity="1" nPathComplexity="0" sequenceCoverage="0" branchCoverage="0" crapScore="2" isConstructor="true" isStatic="false" isGetter="false" isSetter="false">
              <Summary numSequencePoints="3" visitedSequencePoints="0" numBranchPoints="1" visitedBranchPoints="0" sequenceCoverage="0" branchCoverage="0" maxCyclomaticComplexity="1" minCyclomaticComplexity="1" maxCrapScore="2" minCrapScore="2" visitedClasses="0" numClasses="0" visitedMethods="0" numMethods="1" />
              <MetadataToken>100665008</MetadataToken>
              <Name>System.Void Xunit.DefaultRunnerReporterWithTypesMessageHandler/ReaderWriterLockWrapper::.ctor(System.Action)</Name>
              <FileRef uid="195" />
              <SequencePoints>
                <SequencePoint vc="0" uspid="5605" ordinal="0" offset="0" sl="398" sc="13" el="398" ec="51" bec="0" bev="0" fileid="195" />
                <SequencePoint vc="0" uspid="5606" ordinal="1" offset="6" sl="400" sc="17" el="400" ec="38" bec="0" bev="0" fileid="195" />
                <SequencePoint vc="0" uspid="5607" ordinal="2" offset="13" sl="401" sc="13" el="401" ec="14" bec="0" bev="0" fileid="195" />
              </SequencePoints>
              <BranchPoints />
              <MethodPoint xsi:type="SequencePoint" vc="0" uspid="5605" ordinal="0" offset="0" sl="398" sc="13" el="398" ec="51" bec="0" bev="0" fileid="195" />
            </Method>
            <Method visited="false" cyclomaticComplexity="1" nPathComplexity="0" sequenceCoverage="0" branchCoverage="0" crapScore="2" isConstructor="false" isStatic="false" isGetter="false" isSetter="false">
              <Summary numSequencePoints="2" visitedSequencePoints="0" numBranchPoints="1" visitedBranchPoints="0" sequenceCoverage="0" branchCoverage="0" maxCyclomaticComplexity="1" minCyclomaticComplexity="1" maxCrapScore="2" minCrapScore="2" visitedClasses="0" numClasses="0" visitedMethods="0" numMethods="1" />
              <MetadataToken>100665009</MetadataToken>
              <Name>System.Void Xunit.DefaultRunnerReporterWithTypesMessageHandler/ReaderWriterLockWrapper::Dispose()</Name>
              <FileRef uid="195" />
              <SequencePoints>
                <SequencePoint vc="0" uspid="5608" ordinal="0" offset="0" sl="405" sc="17" el="405" ec="26" bec="0" bev="0" fileid="195" />
                <SequencePoint vc="0" uspid="5609" ordinal="1" offset="11" sl="406" sc="13" el="406" ec="14" bec="0" bev="0" fileid="195" />
              </SequencePoints>
              <BranchPoints />
              <MethodPoint xsi:type="SequencePoint" vc="0" uspid="5608" ordinal="0" offset="0" sl="405" sc="17" el="405" ec="26" bec="0" bev="0" fileid="195" />
            </Method>
            <Method visited="false" cyclomaticComplexity="1" nPathComplexity="0" sequenceCoverage="0" branchCoverage="0" crapScore="2" isConstructor="false" isStatic="true" isGetter="false" isSetter="false">
              <Summary numSequencePoints="2" visitedSequencePoints="0" numBranchPoints="1" visitedBranchPoints="0" sequenceCoverage="0" branchCoverage="0" maxCyclomaticComplexity="1" minCyclomaticComplexity="1" maxCrapScore="2" minCrapScore="2" visitedClasses="0" numClasses="0" visitedMethods="0" numMethods="1" />
              <MetadataToken>100665010</MetadataToken>
              <Name>System.IDisposable Xunit.DefaultRunnerReporterWithTypesMessageHandler/ReaderWriterLockWrapper::ReadLock()</Name>
              <FileRef uid="195" />
              <SequencePoints>
                <SequencePoint vc="0" uspid="5610" ordinal="0" offset="0" sl="410" sc="17" el="410" ec="39" bec="0" bev="0" fileid="195" />
                <SequencePoint vc="0" uspid="5611" ordinal="1" offset="10" sl="411" sc="17" el="411" ec="36" bec="0" bev="0" fileid="195" />
              </SequencePoints>
              <BranchPoints />
              <MethodPoint xsi:type="SequencePoint" vc="0" uspid="5610" ordinal="0" offset="0" sl="410" sc="17" el="410" ec="39" bec="0" bev="0" fileid="195" />
            </Method>
            <Method visited="false" cyclomaticComplexity="1" nPathComplexity="0" sequenceCoverage="0" branchCoverage="0" crapScore="2" isConstructor="false" isStatic="true" isGetter="false" isSetter="false">
              <Summary numSequencePoints="2" visitedSequencePoints="0" numBranchPoints="1" visitedBranchPoints="0" sequenceCoverage="0" branchCoverage="0" maxCyclomaticComplexity="1" minCyclomaticComplexity="1" maxCrapScore="2" minCrapScore="2" visitedClasses="0" numClasses="0" visitedMethods="0" numMethods="1" />
              <MetadataToken>100665011</MetadataToken>
              <Name>System.IDisposable Xunit.DefaultRunnerReporterWithTypesMessageHandler/ReaderWriterLockWrapper::WriteLock()</Name>
              <FileRef uid="195" />
              <SequencePoints>
                <SequencePoint vc="0" uspid="5612" ordinal="0" offset="0" sl="416" sc="17" el="416" ec="40" bec="0" bev="0" fileid="195" />
                <SequencePoint vc="0" uspid="5613" ordinal="1" offset="10" sl="417" sc="17" el="417" ec="37" bec="0" bev="0" fileid="195" />
              </SequencePoints>
              <BranchPoints />
              <MethodPoint xsi:type="SequencePoint" vc="0" uspid="5612" ordinal="0" offset="0" sl="416" sc="17" el="416" ec="40" bec="0" bev="0" fileid="195" />
            </Method>
            <Method visited="false" cyclomaticComplexity="1" nPathComplexity="0" sequenceCoverage="0" branchCoverage="0" crapScore="2" isConstructor="true" isStatic="true" isGetter="false" isSetter="false">
              <Summary numSequencePoints="3" visitedSequencePoints="0" numBranchPoints="1" visitedBranchPoints="0" sequenceCoverage="0" branchCoverage="0" maxCyclomaticComplexity="1" minCyclomaticComplexity="1" maxCrapScore="2" minCrapScore="2" visitedClasses="0" numClasses="0" visitedMethods="0" numMethods="1" />
              <MetadataToken>100665012</MetadataToken>
              <Name>System.Void Xunit.DefaultRunnerReporterWithTypesMessageHandler/ReaderWriterLockWrapper::.cctor()</Name>
              <FileRef uid="195" />
              <SequencePoints>
                <SequencePoint vc="0" uspid="5614" ordinal="0" offset="0" sl="392" sc="13" el="392" ec="85" bec="0" bev="0" fileid="195" />
                <SequencePoint vc="0" uspid="5615" ordinal="1" offset="10" sl="393" sc="13" el="393" ec="115" bec="0" bev="0" fileid="195" />
                <SequencePoint vc="0" uspid="5616" ordinal="2" offset="36" sl="394" sc="13" el="394" ec="117" bec="0" bev="0" fileid="195" />
              </SequencePoints>
              <BranchPoints />
              <MethodPoint xsi:type="SequencePoint" vc="0" uspid="5614" ordinal="0" offset="0" sl="392" sc="13" el="392" ec="85" bec="0" bev="0" fileid="195" />
            </Method>
          </Methods>
        </Class>
        <Class>
          <Summary numSequencePoints="6" visitedSequencePoints="0" numBranchPoints="6" visitedBranchPoints="0" sequenceCoverage="0" branchCoverage="0" maxCyclomaticComplexity="1" minCyclomaticComplexity="1" maxCrapScore="2" minCrapScore="2" visitedClasses="0" numClasses="1" visitedMethods="0" numMethods="6" />
          <FullName>Xunit.DefaultRunnerReporterWithTypesMessageHandler/&lt;&gt;c</FullName>
          <Methods>
            <Method visited="false" cyclomaticComplexity="1" nPathComplexity="0" sequenceCoverage="0" branchCoverage="0" crapScore="2" isConstructor="true" isStatic="true" isGetter="false" isSetter="false">
              <Summary numSequencePoints="0" visitedSequencePoints="0" numBranchPoints="0" visitedBranchPoints="0" sequenceCoverage="0" branchCoverage="0" maxCyclomaticComplexity="1" minCyclomaticComplexity="1" maxCrapScore="2" minCrapScore="2" visitedClasses="0" numClasses="0" visitedMethods="0" numMethods="0" />
              <MetadataToken>100665013</MetadataToken>
              <Name>System.Void Xunit.DefaultRunnerReporterWithTypesMessageHandler/&lt;&gt;c::.cctor()</Name>
              <SequencePoints />
              <BranchPoints />
              <MethodPoint vc="0" uspid="5617" ordinal="0" offset="0" />
            </Method>
            <Method visited="false" cyclomaticComplexity="1" nPathComplexity="0" sequenceCoverage="0" branchCoverage="0" crapScore="2" isConstructor="true" isStatic="false" isGetter="false" isSetter="false">
              <Summary numSequencePoints="0" visitedSequencePoints="0" numBranchPoints="0" visitedBranchPoints="0" sequenceCoverage="0" branchCoverage="0" maxCyclomaticComplexity="1" minCyclomaticComplexity="1" maxCrapScore="2" minCrapScore="2" visitedClasses="0" numClasses="0" visitedMethods="0" numMethods="0" />
              <MetadataToken>100665014</MetadataToken>
              <Name>System.Void Xunit.DefaultRunnerReporterWithTypesMessageHandler/&lt;&gt;c::.ctor()</Name>
              <SequencePoints />
              <BranchPoints />
              <MethodPoint vc="0" uspid="5618" ordinal="0" offset="0" />
            </Method>
            <Method visited="false" cyclomaticComplexity="1" nPathComplexity="0" sequenceCoverage="0" branchCoverage="0" crapScore="2" isConstructor="false" isStatic="false" isGetter="false" isSetter="false">
              <Summary numSequencePoints="1" visitedSequencePoints="0" numBranchPoints="1" visitedBranchPoints="0" sequenceCoverage="0" branchCoverage="0" maxCyclomaticComplexity="1" minCyclomaticComplexity="1" maxCrapScore="2" minCrapScore="2" visitedClasses="0" numClasses="0" visitedMethods="0" numMethods="1" />
              <MetadataToken>100665015</MetadataToken>
              <Name>System.Int32 Xunit.DefaultRunnerReporterWithTypesMessageHandler/&lt;&gt;c::&lt;WriteDefaultSummary&gt;b__32_0(System.Collections.Generic.KeyValuePair`2&lt;System.String,Xunit.ExecutionSummary&gt;)</Name>
              <FileRef uid="195" />
              <SequencePoints>
                <SequencePoint vc="0" uspid="5619" ordinal="0" offset="0" sl="362" sc="75" el="362" ec="94" bec="0" bev="0" fileid="195" />
              </SequencePoints>
              <BranchPoints />
              <MethodPoint xsi:type="SequencePoint" vc="0" uspid="5619" ordinal="0" offset="0" sl="362" sc="75" el="362" ec="94" bec="0" bev="0" fileid="195" />
            </Method>
            <Method visited="false" cyclomaticComplexity="1" nPathComplexity="0" sequenceCoverage="0" branchCoverage="0" crapScore="2" isConstructor="false" isStatic="false" isGetter="false" isSetter="false">
              <Summary numSequencePoints="1" visitedSequencePoints="0" numBranchPoints="1" visitedBranchPoints="0" sequenceCoverage="0" branchCoverage="0" maxCyclomaticComplexity="1" minCyclomaticComplexity="1" maxCrapScore="2" minCrapScore="2" visitedClasses="0" numClasses="0" visitedMethods="0" numMethods="1" />
              <MetadataToken>100665016</MetadataToken>
              <Name>System.Int32 Xunit.DefaultRunnerReporterWithTypesMessageHandler/&lt;&gt;c::&lt;WriteDefaultSummary&gt;b__32_1(System.Collections.Generic.KeyValuePair`2&lt;System.String,Xunit.ExecutionSummary&gt;)</Name>
              <FileRef uid="195" />
              <SequencePoints>
                <SequencePoint vc="0" uspid="5620" ordinal="0" offset="0" sl="363" sc="78" el="363" ec="98" bec="0" bev="0" fileid="195" />
              </SequencePoints>
              <BranchPoints />
              <MethodPoint xsi:type="SequencePoint" vc="0" uspid="5620" ordinal="0" offset="0" sl="363" sc="78" el="363" ec="98" bec="0" bev="0" fileid="195" />
            </Method>
            <Method visited="false" cyclomaticComplexity="1" nPathComplexity="0" sequenceCoverage="0" branchCoverage="0" crapScore="2" isConstructor="false" isStatic="false" isGetter="false" isSetter="false">
              <Summary numSequencePoints="1" visitedSequencePoints="0" numBranchPoints="1" visitedBranchPoints="0" sequenceCoverage="0" branchCoverage="0" maxCyclomaticComplexity="1" minCyclomaticComplexity="1" maxCrapScore="2" minCrapScore="2" visitedClasses="0" numClasses="0" visitedMethods="0" numMethods="1" />
              <MetadataToken>100665017</MetadataToken>
              <Name>System.Int32 Xunit.DefaultRunnerReporterWithTypesMessageHandler/&lt;&gt;c::&lt;WriteDefaultSummary&gt;b__32_2(System.Collections.Generic.KeyValuePair`2&lt;System.String,Xunit.ExecutionSummary&gt;)</Name>
              <FileRef uid="195" />
              <SequencePoints>
                <SequencePoint vc="0" uspid="5621" ordinal="0" offset="0" sl="364" sc="79" el="364" ec="100" bec="0" bev="0" fileid="195" />
              </SequencePoints>
              <BranchPoints />
              <MethodPoint xsi:type="SequencePoint" vc="0" uspid="5621" ordinal="0" offset="0" sl="364" sc="79" el="364" ec="100" bec="0" bev="0" fileid="195" />
            </Method>
            <Method visited="false" cyclomaticComplexity="1" nPathComplexity="0" sequenceCoverage="0" branchCoverage="0" crapScore="2" isConstructor="false" isStatic="false" isGetter="false" isSetter="false">
              <Summary numSequencePoints="1" visitedSequencePoints="0" numBranchPoints="1" visitedBranchPoints="0" sequenceCoverage="0" branchCoverage="0" maxCyclomaticComplexity="1" minCyclomaticComplexity="1" maxCrapScore="2" minCrapScore="2" visitedClasses="0" numClasses="0" visitedMethods="0" numMethods="1" />
              <MetadataToken>100665018</MetadataToken>
              <Name>System.Decimal Xunit.DefaultRunnerReporterWithTypesMessageHandler/&lt;&gt;c::&lt;WriteDefaultSummary&gt;b__32_3(System.Collections.Generic.KeyValuePair`2&lt;System.String,Xunit.ExecutionSummary&gt;)</Name>
              <FileRef uid="195" />
              <SequencePoints>
                <SequencePoint vc="0" uspid="5622" ordinal="0" offset="0" sl="365" sc="71" el="365" ec="89" bec="0" bev="0" fileid="195" />
              </SequencePoints>
              <BranchPoints />
              <MethodPoint xsi:type="SequencePoint" vc="0" uspid="5622" ordinal="0" offset="0" sl="365" sc="71" el="365" ec="89" bec="0" bev="0" fileid="195" />
            </Method>
            <Method visited="false" cyclomaticComplexity="1" nPathComplexity="0" sequenceCoverage="0" branchCoverage="0" crapScore="2" isConstructor="false" isStatic="false" isGetter="false" isSetter="false">
              <Summary numSequencePoints="1" visitedSequencePoints="0" numBranchPoints="1" visitedBranchPoints="0" sequenceCoverage="0" branchCoverage="0" maxCyclomaticComplexity="1" minCyclomaticComplexity="1" maxCrapScore="2" minCrapScore="2" visitedClasses="0" numClasses="0" visitedMethods="0" numMethods="1" />
              <MetadataToken>100665019</MetadataToken>
              <Name>System.Int32 Xunit.DefaultRunnerReporterWithTypesMessageHandler/&lt;&gt;c::&lt;WriteDefaultSummary&gt;b__32_4(System.Collections.Generic.KeyValuePair`2&lt;System.String,Xunit.ExecutionSummary&gt;)</Name>
              <FileRef uid="195" />
              <SequencePoints>
                <SequencePoint vc="0" uspid="5623" ordinal="0" offset="0" sl="366" sc="73" el="366" ec="93" bec="0" bev="0" fileid="195" />
              </SequencePoints>
              <BranchPoints />
              <MethodPoint xsi:type="SequencePoint" vc="0" uspid="5623" ordinal="0" offset="0" sl="366" sc="73" el="366" ec="93" bec="0" bev="0" fileid="195" />
            </Method>
            <Method visited="false" cyclomaticComplexity="1" nPathComplexity="0" sequenceCoverage="0" branchCoverage="0" crapScore="2" isConstructor="false" isStatic="false" isGetter="false" isSetter="false">
              <Summary numSequencePoints="1" visitedSequencePoints="0" numBranchPoints="1" visitedBranchPoints="0" sequenceCoverage="0" branchCoverage="0" maxCyclomaticComplexity="1" minCyclomaticComplexity="1" maxCrapScore="2" minCrapScore="2" visitedClasses="0" numClasses="0" visitedMethods="0" numMethods="1" />
              <MetadataToken>100665020</MetadataToken>
              <Name>System.Int32 Xunit.DefaultRunnerReporterWithTypesMessageHandler/&lt;&gt;c::&lt;WriteDefaultSummary&gt;b__32_5(System.Collections.Generic.KeyValuePair`2&lt;System.String,Xunit.ExecutionSummary&gt;)</Name>
              <FileRef uid="195" />
              <SequencePoints>
                <SequencePoint vc="0" uspid="5624" ordinal="0" offset="0" sl="367" sc="81" el="367" ec="99" bec="0" bev="0" fileid="195" />
              </SequencePoints>
              <BranchPoints />
              <MethodPoint xsi:type="SequencePoint" vc="0" uspid="5624" ordinal="0" offset="0" sl="367" sc="81" el="367" ec="99" bec="0" bev="0" fileid="195" />
            </Method>
          </Methods>
        </Class>
        <Class>
          <Summary numSequencePoints="24" visitedSequencePoints="0" numBranchPoints="9" visitedBranchPoints="0" sequenceCoverage="0" branchCoverage="0" maxCyclomaticComplexity="4" minCyclomaticComplexity="1" maxCrapScore="20" minCrapScore="2" visitedClasses="0" numClasses="1" visitedMethods="0" numMethods="5" />
          <FullName>Xunit.AggregateMessageSink</FullName>
          <Methods>
            <Method visited="false" cyclomaticComplexity="1" nPathComplexity="0" sequenceCoverage="0" branchCoverage="0" crapScore="2" isConstructor="false" isStatic="false" isGetter="true" isSetter="false">
              <Summary numSequencePoints="1" visitedSequencePoints="0" numBranchPoints="1" visitedBranchPoints="0" sequenceCoverage="0" branchCoverage="0" maxCyclomaticComplexity="1" minCyclomaticComplexity="1" maxCrapScore="2" minCrapScore="2" visitedClasses="0" numClasses="0" visitedMethods="0" numMethods="1" />
              <MetadataToken>100664086</MetadataToken>
              <Name>System.Collections.Generic.List`1&lt;Xunit.IMessageSinkWithTypes&gt; Xunit.AggregateMessageSink::get_AggregatedSinks()</Name>
              <FileRef uid="198" />
              <SequencePoints>
                <SequencePoint vc="0" uspid="5625" ordinal="0" offset="0" sl="15" sc="65" el="15" ec="69" bec="0" bev="0" fileid="198" />
              </SequencePoints>
              <BranchPoints />
              <MethodPoint xsi:type="SequencePoint" vc="0" uspid="5625" ordinal="0" offset="0" sl="15" sc="65" el="15" ec="69" bec="0" bev="0" fileid="198" />
            </Method>
            <Method visited="false" cyclomaticComplexity="3" nPathComplexity="0" sequenceCoverage="0" branchCoverage="0" crapScore="12" isConstructor="false" isStatic="false" isGetter="false" isSetter="false">
              <Summary numSequencePoints="8" visitedSequencePoints="0" numBranchPoints="1" visitedBranchPoints="0" sequenceCoverage="0" branchCoverage="0" maxCyclomaticComplexity="3" minCyclomaticComplexity="3" maxCrapScore="12" minCrapScore="12" visitedClasses="0" numClasses="0" visitedMethods="0" numMethods="1" />
              <MetadataToken>100664087</MetadataToken>
              <Name>System.Void Xunit.AggregateMessageSink::Dispose()</Name>
              <FileRef uid="198" />
              <SequencePoints>
                <SequencePoint vc="0" uspid="5626" ordinal="0" offset="0" sl="20" sc="13" el="20" ec="35" bec="0" bev="0" fileid="198" />
                <SequencePoint vc="0" uspid="5627" ordinal="1" offset="17" sl="22" sc="38" el="22" ec="53" bec="0" bev="0" fileid="198" />
                <SequencePoint vc="0" uspid="5628" ordinal="2" offset="31" sl="22" sc="26" el="22" ec="34" bec="0" bev="0" fileid="198" />
                <SequencePoint vc="0" uspid="5629" ordinal="3" offset="38" sl="23" sc="21" el="23" ec="40" bec="0" bev="0" fileid="198" />
                <SequencePoint vc="0" uspid="5630" ordinal="4" offset="43" sl="22" sc="35" el="22" ec="37" bec="0" bev="0" fileid="198" />
                <SequencePoint vc="0" uspid="5631" ordinal="5" offset="68" sl="25" sc="17" el="25" ec="41" bec="0" bev="0" fileid="198" />
                <SequencePoint vc="0" uspid="5632" ordinal="6" offset="79" sl="26" sc="13" el="26" ec="14" bec="0" bev="0" fileid="198" />
                <SequencePoint vc="0" uspid="5633" ordinal="7" offset="91" sl="27" sc="9" el="27" ec="10" bec="0" bev="0" fileid="198" />
              </SequencePoints>
              <BranchPoints />
              <MethodPoint xsi:type="SequencePoint" vc="0" uspid="5626" ordinal="0" offset="0" sl="20" sc="13" el="20" ec="35" bec="0" bev="0" fileid="198" />
            </Method>
            <Method visited="false" cyclomaticComplexity="4" nPathComplexity="4" sequenceCoverage="0" branchCoverage="0" crapScore="20" isConstructor="false" isStatic="false" isGetter="false" isSetter="false">
              <Summary numSequencePoints="7" visitedSequencePoints="0" numBranchPoints="5" visitedBranchPoints="0" sequenceCoverage="0" branchCoverage="0" maxCyclomaticComplexity="4" minCyclomaticComplexity="4" maxCrapScore="20" minCrapScore="20" visitedClasses="0" numClasses="0" visitedMethods="0" numMethods="1" />
              <MetadataToken>100664088</MetadataToken>
              <Name>TDispatcher Xunit.AggregateMessageSink::GetOrCreateAggregatedSink(TDispatcher&amp;)</Name>
              <FileRef uid="198" />
              <SequencePoints>
                <SequencePoint vc="0" uspid="5636" ordinal="0" offset="0" sl="38" sc="13" el="38" ec="31" bec="2" bev="0" fileid="198" />
                <SequencePoint vc="0" uspid="5637" ordinal="1" offset="13" sl="40" sc="17" el="40" ec="39" bec="0" bev="0" fileid="198" />
                <SequencePoint vc="0" uspid="5638" ordinal="2" offset="30" sl="42" sc="21" el="42" ec="39" bec="2" bev="0" fileid="198" />
                <SequencePoint vc="0" uspid="5639" ordinal="3" offset="43" sl="44" sc="25" el="44" ec="51" bec="0" bev="0" fileid="198" />
                <SequencePoint vc="0" uspid="5640" ordinal="4" offset="54" sl="45" sc="25" el="45" ec="52" bec="0" bev="0" fileid="198" />
                <SequencePoint vc="0" uspid="5641" ordinal="5" offset="76" sl="47" sc="17" el="47" ec="18" bec="0" bev="0" fileid="198" />
                <SequencePoint vc="0" uspid="5642" ordinal="6" offset="88" sl="50" sc="13" el="50" ec="26" bec="0" bev="0" fileid="198" />
              </SequencePoints>
              <BranchPoints>
                <BranchPoint vc="0" uspid="5643" ordinal="0" offset="11" sl="38" path="0" offsetend="13" fileid="198" />
                <BranchPoint vc="0" uspid="5644" ordinal="1" offset="11" sl="38" path="1" offsetend="88" fileid="198" />
                <BranchPoint vc="0" uspid="5645" ordinal="2" offset="41" sl="42" path="0" offsetend="43" fileid="198" />
                <BranchPoint vc="0" uspid="5646" ordinal="3" offset="41" sl="42" path="1" offsetend="76" fileid="198" />
              </BranchPoints>
              <MethodPoint xsi:type="SequencePoint" vc="0" uspid="5636" ordinal="0" offset="0" sl="38" sc="13" el="38" ec="31" bec="2" bev="0" fileid="198" />
            </Method>
            <Method visited="false" cyclomaticComplexity="3" nPathComplexity="0" sequenceCoverage="0" branchCoverage="0" crapScore="12" isConstructor="false" isStatic="false" isGetter="false" isSetter="false">
              <Summary numSequencePoints="7" visitedSequencePoints="0" numBranchPoints="1" visitedBranchPoints="0" sequenceCoverage="0" branchCoverage="0" maxCyclomaticComplexity="3" minCyclomaticComplexity="3" maxCrapScore="12" minCrapScore="12" visitedClasses="0" numClasses="0" visitedMethods="0" numMethods="1" />
              <MetadataToken>100664089</MetadataToken>
              <Name>System.Boolean Xunit.AggregateMessageSink::OnMessageWithTypes(Xunit.Abstractions.IMessageSinkMessage,System.Collections.Generic.HashSet`1&lt;System.String&gt;)</Name>
              <FileRef uid="198" />
              <SequencePoints>
                <SequencePoint vc="0" uspid="5647" ordinal="0" offset="0" sl="62" sc="13" el="62" ec="31" bec="0" bev="0" fileid="198" />
                <SequencePoint vc="0" uspid="5648" ordinal="1" offset="2" sl="64" sc="13" el="64" ec="35" bec="0" bev="0" fileid="198" />
                <SequencePoint vc="0" uspid="5649" ordinal="2" offset="19" sl="65" sc="44" el="65" ec="59" bec="0" bev="0" fileid="198" />
                <SequencePoint vc="0" uspid="5650" ordinal="3" offset="33" sl="65" sc="26" el="65" ec="40" bec="0" bev="0" fileid="198" />
                <SequencePoint vc="0" uspid="5651" ordinal="4" offset="40" sl="66" sc="21" el="66" ec="93" bec="0" bev="0" fileid="198" />
                <SequencePoint vc="0" uspid="5652" ordinal="5" offset="50" sl="65" sc="41" el="65" ec="43" bec="0" bev="0" fileid="198" />
                <SequencePoint vc="0" uspid="5653" ordinal="6" offset="85" sl="68" sc="13" el="68" ec="27" bec="0" bev="0" fileid="198" />
              </SequencePoints>
              <BranchPoints />
              <MethodPoint xsi:type="SequencePoint" vc="0" uspid="5647" ordinal="0" offset="0" sl="62" sc="13" el="62" ec="31" bec="0" bev="0" fileid="198" />
            </Method>
            <Method visited="false" cyclomaticComplexity="1" nPathComplexity="0" sequenceCoverage="0" branchCoverage="0" crapScore="2" isConstructor="true" isStatic="false" isGetter="false" isSetter="false">
              <Summary numSequencePoints="1" visitedSequencePoints="0" numBranchPoints="1" visitedBranchPoints="0" sequenceCoverage="0" branchCoverage="0" maxCyclomaticComplexity="1" minCyclomaticComplexity="1" maxCrapScore="2" minCrapScore="2" visitedClasses="0" numClasses="0" visitedMethods="0" numMethods="1" />
              <MetadataToken>100664090</MetadataToken>
              <Name>System.Void Xunit.AggregateMessageSink::.ctor()</Name>
              <FileRef uid="198" />
              <SequencePoints>
                <SequencePoint vc="0" uspid="5656" ordinal="0" offset="0" sl="15" sc="74" el="15" ec="107" bec="0" bev="0" fileid="198" />
              </SequencePoints>
              <BranchPoints />
              <MethodPoint xsi:type="SequencePoint" vc="0" uspid="5656" ordinal="0" offset="0" sl="15" sc="74" el="15" ec="107" bec="0" bev="0" fileid="198" />
            </Method>
          </Methods>
        </Class>
        <Class>
          <Summary numSequencePoints="28" visitedSequencePoints="0" numBranchPoints="35" visitedBranchPoints="0" sequenceCoverage="0" branchCoverage="0" maxCyclomaticComplexity="9" minCyclomaticComplexity="1" maxCrapScore="90" minCrapScore="2" visitedClasses="0" numClasses="1" visitedMethods="0" numMethods="13" />
          <FullName>Xunit.DelegatingExecutionSummarySink</FullName>
          <Methods>
            <Method visited="false" cyclomaticComplexity="1" nPathComplexity="0" sequenceCoverage="0" branchCoverage="0" crapScore="2" isConstructor="false" isStatic="false" isGetter="true" isSetter="false">
              <Summary numSequencePoints="1" visitedSequencePoints="0" numBranchPoints="1" visitedBranchPoints="0" sequenceCoverage="0" branchCoverage="0" maxCyclomaticComplexity="1" minCyclomaticComplexity="1" maxCrapScore="2" minCrapScore="2" visitedClasses="0" numClasses="0" visitedMethods="0" numMethods="1" />
              <MetadataToken>100664092</MetadataToken>
              <Name>Xunit.ExecutionSummary Xunit.DelegatingExecutionSummarySink::get_ExecutionSummary()</Name>
              <FileRef uid="199" />
              <SequencePoints>
                <SequencePoint vc="0" uspid="5657" ordinal="0" offset="0" sl="38" sc="52" el="38" ec="56" bec="0" bev="0" fileid="199" />
              </SequencePoints>
              <BranchPoints />
              <MethodPoint xsi:type="SequencePoint" vc="0" uspid="5657" ordinal="0" offset="0" sl="38" sc="52" el="38" ec="56" bec="0" bev="0" fileid="199" />
            </Method>
            <Method visited="false" cyclomaticComplexity="1" nPathComplexity="0" sequenceCoverage="0" branchCoverage="0" crapScore="2" isConstructor="false" isStatic="false" isGetter="true" isSetter="false">
              <Summary numSequencePoints="1" visitedSequencePoints="0" numBranchPoints="1" visitedBranchPoints="0" sequenceCoverage="0" branchCoverage="0" maxCyclomaticComplexity="1" minCyclomaticComplexity="1" maxCrapScore="2" minCrapScore="2" visitedClasses="0" numClasses="0" visitedMethods="0" numMethods="1" />
              <MetadataToken>100664093</MetadataToken>
              <Name>System.Threading.ManualResetEvent Xunit.DelegatingExecutionSummarySink::get_Finished()</Name>
              <FileRef uid="199" />
              <SequencePoints>
                <SequencePoint vc="0" uspid="5658" ordinal="0" offset="0" sl="41" sc="44" el="41" ec="48" bec="0" bev="0" fileid="199" />
              </SequencePoints>
              <BranchPoints />
              <MethodPoint xsi:type="SequencePoint" vc="0" uspid="5658" ordinal="0" offset="0" sl="41" sc="44" el="41" ec="48" bec="0" bev="0" fileid="199" />
            </Method>
            <Method visited="false" cyclomaticComplexity="3" nPathComplexity="4" sequenceCoverage="0" branchCoverage="0" crapScore="12" isConstructor="true" isStatic="false" isGetter="false" isSetter="false">
              <Summary numSequencePoints="8" visitedSequencePoints="0" numBranchPoints="5" visitedBranchPoints="0" sequenceCoverage="0" branchCoverage="0" maxCyclomaticComplexity="3" minCyclomaticComplexity="3" maxCrapScore="12" minCrapScore="12" visitedClasses="0" numClasses="0" visitedMethods="0" numMethods="1" />
              <MetadataToken>100664091</MetadataToken>
              <Name>System.Void Xunit.DelegatingExecutionSummarySink::.ctor(Xunit.IMessageSinkWithTypes,System.Func`1&lt;System.Boolean&gt;,System.Action`2&lt;System.String,Xunit.ExecutionSummary&gt;)</Name>
              <FileRef uid="199" />
              <SequencePoints>
                <SequencePoint vc="0" uspid="5659" ordinal="0" offset="0" sl="38" sc="61" el="38" ec="83" bec="0" bev="0" fileid="199" />
                <SequencePoint vc="0" uspid="5660" ordinal="1" offset="11" sl="41" sc="53" el="41" ec="94" bec="0" bev="0" fileid="199" />
                <SequencePoint vc="0" uspid="5661" ordinal="2" offset="23" sl="26" sc="9" el="28" ec="106" bec="0" bev="0" fileid="199" />
                <SequencePoint vc="0" uspid="5662" ordinal="3" offset="29" sl="30" sc="13" el="30" ec="65" bec="0" bev="0" fileid="199" />
                <SequencePoint vc="0" uspid="5663" ordinal="4" offset="40" sl="32" sc="13" el="32" ec="40" bec="0" bev="0" fileid="199" />
                <SequencePoint vc="0" uspid="5664" ordinal="5" offset="47" sl="33" sc="13" el="33" ec="61" bec="3" bev="0" fileid="199" />
                <SequencePoint vc="0" uspid="5665" ordinal="6" offset="89" sl="34" sc="13" el="34" ec="58" bec="0" bev="0" fileid="199" />
                <SequencePoint vc="0" uspid="5666" ordinal="7" offset="96" sl="35" sc="9" el="35" ec="10" bec="0" bev="0" fileid="199" />
              </SequencePoints>
              <BranchPoints>
                <BranchPoint vc="0" uspid="5667" ordinal="0" offset="50" sl="33" path="0" offsetend="52" fileid="199" />
                <BranchPoint vc="0" uspid="5668" ordinal="1" offset="50" sl="33" path="1" offsetend="84" fileid="199" />
                <BranchPoint vc="0" uspid="5669" ordinal="2" offset="59" sl="33" path="0" offsetend="61" fileid="199" />
                <BranchPoint vc="0" uspid="5670" ordinal="3" offset="59" sl="33" path="1" offsetend="84" fileid="199" />
              </BranchPoints>
              <MethodPoint xsi:type="SequencePoint" vc="0" uspid="5659" ordinal="0" offset="0" sl="38" sc="61" el="38" ec="83" bec="0" bev="0" fileid="199" />
            </Method>
            <Method visited="false" cyclomaticComplexity="1" nPathComplexity="0" sequenceCoverage="0" branchCoverage="0" crapScore="2" isConstructor="false" isStatic="false" isGetter="false" isSetter="false">
              <Summary numSequencePoints="1" visitedSequencePoints="0" numBranchPoints="1" visitedBranchPoints="0" sequenceCoverage="0" branchCoverage="0" maxCyclomaticComplexity="1" minCyclomaticComplexity="1" maxCrapScore="2" minCrapScore="2" visitedClasses="0" numClasses="0" visitedMethods="0" numMethods="1" />
              <MetadataToken>100664094</MetadataToken>
              <Name>System.Void Xunit.DelegatingExecutionSummarySink::Dispose()</Name>
              <FileRef uid="199" />
              <SequencePoints>
                <SequencePoint vc="0" uspid="5671" ordinal="0" offset="0" sl="45" sc="16" el="45" ec="49" bec="0" bev="0" fileid="199" />
              </SequencePoints>
              <BranchPoints />
              <MethodPoint xsi:type="SequencePoint" vc="0" uspid="5671" ordinal="0" offset="0" sl="45" sc="16" el="45" ec="49" bec="0" bev="0" fileid="199" />
            </Method>
            <Method visited="false" cyclomaticComplexity="2" nPathComplexity="2" sequenceCoverage="0" branchCoverage="0" crapScore="6" isConstructor="false" isStatic="false" isGetter="false" isSetter="false">
              <Summary numSequencePoints="8" visitedSequencePoints="0" numBranchPoints="3" visitedBranchPoints="0" sequenceCoverage="0" branchCoverage="0" maxCyclomaticComplexity="2" minCyclomaticComplexity="2" maxCrapScore="6" minCrapScore="6" visitedClasses="0" numClasses="0" visitedMethods="0" numMethods="1" />
              <MetadataToken>100664095</MetadataToken>
              <Name>System.Void Xunit.DelegatingExecutionSummarySink::HandleTestAssemblyFinished(Xunit.MessageHandlerArgs`1&lt;Xunit.Abstractions.ITestAssemblyFinished&gt;)</Name>
              <FileRef uid="199" />
              <SequencePoints>
                <SequencePoint vc="0" uspid="5672" ordinal="0" offset="0" sl="49" sc="13" el="49" ec="60" bec="0" bev="0" fileid="199" />
                <SequencePoint vc="0" uspid="5673" ordinal="1" offset="22" sl="50" sc="13" el="50" ec="64" bec="0" bev="0" fileid="199" />
                <SequencePoint vc="0" uspid="5674" ordinal="2" offset="44" sl="51" sc="13" el="51" ec="66" bec="0" bev="0" fileid="199" />
                <SequencePoint vc="0" uspid="5675" ordinal="3" offset="66" sl="52" sc="13" el="52" ec="64" bec="0" bev="0" fileid="199" />
                <SequencePoint vc="0" uspid="5676" ordinal="4" offset="88" sl="53" sc="13" el="53" ec="46" bec="0" bev="0" fileid="199" />
                <SequencePoint vc="0" uspid="5677" ordinal="5" offset="107" sl="55" sc="13" el="55" ec="141" bec="2" bev="0" fileid="199" />
                <SequencePoint vc="0" uspid="5678" ordinal="6" offset="156" sl="57" sc="13" el="57" ec="28" bec="0" bev="0" fileid="199" />
                <SequencePoint vc="0" uspid="5679" ordinal="7" offset="168" sl="58" sc="9" el="58" ec="10" bec="0" bev="0" fileid="199" />
              </SequencePoints>
              <BranchPoints>
                <BranchPoint vc="0" uspid="5680" ordinal="0" offset="114" sl="55" path="0" offsetend="116" fileid="199" />
                <BranchPoint vc="0" uspid="5681" ordinal="1" offset="114" sl="55" path="1" offsetend="119" fileid="199" />
              </BranchPoints>
              <MethodPoint xsi:type="SequencePoint" vc="0" uspid="5672" ordinal="0" offset="0" sl="49" sc="13" el="49" ec="60" bec="0" bev="0" fileid="199" />
            </Method>
            <Method visited="false" cyclomaticComplexity="9" nPathComplexity="256" sequenceCoverage="0" branchCoverage="0" crapScore="90" isConstructor="false" isStatic="false" isGetter="false" isSetter="false">
              <Summary numSequencePoints="2" visitedSequencePoints="0" numBranchPoints="17" visitedBranchPoints="0" sequenceCoverage="0" branchCoverage="0" maxCyclomaticComplexity="9" minCyclomaticComplexity="9" maxCrapScore="90" minCrapScore="90" visitedClasses="0" numClasses="0" visitedMethods="0" numMethods="1" />
              <MetadataToken>100664096</MetadataToken>
              <Name>System.Boolean Xunit.DelegatingExecutionSummarySink::OnMessageWithTypes(Xunit.Abstractions.IMessageSinkMessage,System.Collections.Generic.HashSet`1&lt;System.String&gt;)</Name>
              <FileRef uid="199" />
              <SequencePoints>
                <SequencePoint vc="0" uspid="5682" ordinal="0" offset="0" sl="63" sc="13" el="63" ec="78" bec="0" bev="0" fileid="199" />
                <SequencePoint vc="0" uspid="5683" ordinal="1" offset="14" sl="65" sc="13" el="74" ec="35" bec="10" bev="0" fileid="199" />
              </SequencePoints>
              <BranchPoints>
                <BranchPoint vc="0" uspid="5684" ordinal="0" offset="33" sl="65" path="0" offsetend="38" fileid="199" />
                <BranchPoint vc="0" uspid="5685" ordinal="1" offset="33" sl="65" path="1" offsetend="185" fileid="199" />
                <BranchPoint vc="0" uspid="5686" ordinal="2" offset="57" sl="65" path="0" offsetend="59" fileid="199" />
                <BranchPoint vc="0" uspid="5687" ordinal="3" offset="57" sl="65" path="1" offsetend="185" fileid="199" />
                <BranchPoint vc="0" uspid="5688" ordinal="4" offset="78" sl="65" path="0" offsetend="80" fileid="199" />
                <BranchPoint vc="0" uspid="5689" ordinal="5" offset="78" sl="65" path="1" offsetend="185" fileid="199" />
                <BranchPoint vc="0" uspid="5690" ordinal="6" offset="99" sl="65" path="0" offsetend="101" fileid="199" />
                <BranchPoint vc="0" uspid="5691" ordinal="7" offset="99" sl="65" path="1" offsetend="185" fileid="199" />
                <BranchPoint vc="0" uspid="5692" ordinal="8" offset="120" sl="65" path="0" offsetend="122" fileid="199" />
                <BranchPoint vc="0" uspid="5693" ordinal="9" offset="120" sl="65" path="1" offsetend="185" fileid="199" />
                <BranchPoint vc="0" uspid="5694" ordinal="10" offset="141" sl="65" path="0" offsetend="143" fileid="199" />
                <BranchPoint vc="0" uspid="5695" ordinal="11" offset="141" sl="65" path="1" offsetend="185" fileid="199" />
                <BranchPoint vc="0" uspid="5696" ordinal="12" offset="162" sl="65" path="0" offsetend="164" fileid="199" />
                <BranchPoint vc="0" uspid="5697" ordinal="13" offset="162" sl="65" path="1" offsetend="185" fileid="199" />
                <BranchPoint vc="0" uspid="5698" ordinal="14" offset="188" sl="65" path="0" offsetend="190" fileid="199" />
                <BranchPoint vc="0" uspid="5699" ordinal="15" offset="188" sl="65" path="1" offsetend="205" fileid="199" />
              </BranchPoints>
              <MethodPoint xsi:type="SequencePoint" vc="0" uspid="5682" ordinal="0" offset="0" sl="63" sc="13" el="63" ec="78" bec="0" bev="0" fileid="199" />
            </Method>
            <Method visited="false" cyclomaticComplexity="1" nPathComplexity="0" sequenceCoverage="0" branchCoverage="0" crapScore="2" isConstructor="false" isStatic="false" isGetter="false" isSetter="false">
              <Summary numSequencePoints="1" visitedSequencePoints="0" numBranchPoints="1" visitedBranchPoints="0" sequenceCoverage="0" branchCoverage="0" maxCyclomaticComplexity="1" minCyclomaticComplexity="1" maxCrapScore="2" minCrapScore="2" visitedClasses="0" numClasses="0" visitedMethods="0" numMethods="1" />
              <MetadataToken>100664097</MetadataToken>
              <Name>System.Void Xunit.DelegatingExecutionSummarySink::&lt;OnMessageWithTypes&gt;b__13_0(Xunit.MessageHandlerArgs`1&lt;Xunit.Abstractions.IErrorMessage&gt;)</Name>
              <FileRef uid="199" />
              <SequencePoints>
                <SequencePoint vc="0" uspid="5700" ordinal="0" offset="0" sl="65" sc="74" el="65" ec="107" bec="0" bev="0" fileid="199" />
              </SequencePoints>
              <BranchPoints />
              <MethodPoint xsi:type="SequencePoint" vc="0" uspid="5700" ordinal="0" offset="0" sl="65" sc="74" el="65" ec="107" bec="0" bev="0" fileid="199" />
            </Method>
            <Method visited="false" cyclomaticComplexity="1" nPathComplexity="0" sequenceCoverage="0" branchCoverage="0" crapScore="2" isConstructor="false" isStatic="false" isGetter="false" isSetter="false">
              <Summary numSequencePoints="1" visitedSequencePoints="0" numBranchPoints="1" visitedBranchPoints="0" sequenceCoverage="0" branchCoverage="0" maxCyclomaticComplexity="1" minCyclomaticComplexity="1" maxCrapScore="2" minCrapScore="2" visitedClasses="0" numClasses="0" visitedMethods="0" numMethods="1" />
              <MetadataToken>100664098</MetadataToken>
              <Name>System.Void Xunit.DelegatingExecutionSummarySink::&lt;OnMessageWithTypes&gt;b__13_1(Xunit.MessageHandlerArgs`1&lt;Xunit.Abstractions.ITestAssemblyCleanupFailure&gt;)</Name>
              <FileRef uid="199" />
              <SequencePoints>
                <SequencePoint vc="0" uspid="5701" ordinal="0" offset="0" sl="66" sc="88" el="66" ec="121" bec="0" bev="0" fileid="199" />
              </SequencePoints>
              <BranchPoints />
              <MethodPoint xsi:type="SequencePoint" vc="0" uspid="5701" ordinal="0" offset="0" sl="66" sc="88" el="66" ec="121" bec="0" bev="0" fileid="199" />
            </Method>
            <Method visited="false" cyclomaticComplexity="1" nPathComplexity="0" sequenceCoverage="0" branchCoverage="0" crapScore="2" isConstructor="false" isStatic="false" isGetter="false" isSetter="false">
              <Summary numSequencePoints="1" visitedSequencePoints="0" numBranchPoints="1" visitedBranchPoints="0" sequenceCoverage="0" branchCoverage="0" maxCyclomaticComplexity="1" minCyclomaticComplexity="1" maxCrapScore="2" minCrapScore="2" visitedClasses="0" numClasses="0" visitedMethods="0" numMethods="1" />
              <MetadataToken>100664099</MetadataToken>
              <Name>System.Void Xunit.DelegatingExecutionSummarySink::&lt;OnMessageWithTypes&gt;b__13_2(Xunit.MessageHandlerArgs`1&lt;Xunit.Abstractions.ITestCaseCleanupFailure&gt;)</Name>
              <FileRef uid="199" />
              <SequencePoints>
                <SequencePoint vc="0" uspid="5702" ordinal="0" offset="0" sl="68" sc="84" el="68" ec="117" bec="0" bev="0" fileid="199" />
              </SequencePoints>
              <BranchPoints />
              <MethodPoint xsi:type="SequencePoint" vc="0" uspid="5702" ordinal="0" offset="0" sl="68" sc="84" el="68" ec="117" bec="0" bev="0" fileid="199" />
            </Method>
            <Method visited="false" cyclomaticComplexity="1" nPathComplexity="0" sequenceCoverage="0" branchCoverage="0" crapScore="2" isConstructor="false" isStatic="false" isGetter="false" isSetter="false">
              <Summary numSequencePoints="1" visitedSequencePoints="0" numBranchPoints="1" visitedBranchPoints="0" sequenceCoverage="0" branchCoverage="0" maxCyclomaticComplexity="1" minCyclomaticComplexity="1" maxCrapScore="2" minCrapScore="2" visitedClasses="0" numClasses="0" visitedMethods="0" numMethods="1" />
              <MetadataToken>100664100</MetadataToken>
              <Name>System.Void Xunit.DelegatingExecutionSummarySink::&lt;OnMessageWithTypes&gt;b__13_3(Xunit.MessageHandlerArgs`1&lt;Xunit.Abstractions.ITestClassCleanupFailure&gt;)</Name>
              <FileRef uid="199" />
              <SequencePoints>
                <SequencePoint vc="0" uspid="5703" ordinal="0" offset="0" sl="69" sc="85" el="69" ec="118" bec="0" bev="0" fileid="199" />
              </SequencePoints>
              <BranchPoints />
              <MethodPoint xsi:type="SequencePoint" vc="0" uspid="5703" ordinal="0" offset="0" sl="69" sc="85" el="69" ec="118" bec="0" bev="0" fileid="199" />
            </Method>
            <Method visited="false" cyclomaticComplexity="1" nPathComplexity="0" sequenceCoverage="0" branchCoverage="0" crapScore="2" isConstructor="false" isStatic="false" isGetter="false" isSetter="false">
              <Summary numSequencePoints="1" visitedSequencePoints="0" numBranchPoints="1" visitedBranchPoints="0" sequenceCoverage="0" branchCoverage="0" maxCyclomaticComplexity="1" minCyclomaticComplexity="1" maxCrapScore="2" minCrapScore="2" visitedClasses="0" numClasses="0" visitedMethods="0" numMethods="1" />
              <MetadataToken>100664101</MetadataToken>
              <Name>System.Void Xunit.DelegatingExecutionSummarySink::&lt;OnMessageWithTypes&gt;b__13_4(Xunit.MessageHandlerArgs`1&lt;Xunit.Abstractions.ITestCleanupFailure&gt;)</Name>
              <FileRef uid="199" />
              <SequencePoints>
                <SequencePoint vc="0" uspid="5704" ordinal="0" offset="0" sl="70" sc="80" el="70" ec="113" bec="0" bev="0" fileid="199" />
              </SequencePoints>
              <BranchPoints />
              <MethodPoint xsi:type="SequencePoint" vc="0" uspid="5704" ordinal="0" offset="0" sl="70" sc="80" el="70" ec="113" bec="0" bev="0" fileid="199" />
            </Method>
            <Method visited="false" cyclomaticComplexity="1" nPathComplexity="0" sequenceCoverage="0" branchCoverage="0" crapScore="2" isConstructor="false" isStatic="false" isGetter="false" isSetter="false">
              <Summary numSequencePoints="1" visitedSequencePoints="0" numBranchPoints="1" visitedBranchPoints="0" sequenceCoverage="0" branchCoverage="0" maxCyclomaticComplexity="1" minCyclomaticComplexity="1" maxCrapScore="2" minCrapScore="2" visitedClasses="0" numClasses="0" visitedMethods="0" numMethods="1" />
              <MetadataToken>100664102</MetadataToken>
              <Name>System.Void Xunit.DelegatingExecutionSummarySink::&lt;OnMessageWithTypes&gt;b__13_5(Xunit.MessageHandlerArgs`1&lt;Xunit.Abstractions.ITestCollectionCleanupFailure&gt;)</Name>
              <FileRef uid="199" />
              <SequencePoints>
                <SequencePoint vc="0" uspid="5705" ordinal="0" offset="0" sl="71" sc="90" el="71" ec="123" bec="0" bev="0" fileid="199" />
              </SequencePoints>
              <BranchPoints />
              <MethodPoint xsi:type="SequencePoint" vc="0" uspid="5705" ordinal="0" offset="0" sl="71" sc="90" el="71" ec="123" bec="0" bev="0" fileid="199" />
            </Method>
            <Method visited="false" cyclomaticComplexity="1" nPathComplexity="0" sequenceCoverage="0" branchCoverage="0" crapScore="2" isConstructor="false" isStatic="false" isGetter="false" isSetter="false">
              <Summary numSequencePoints="1" visitedSequencePoints="0" numBranchPoints="1" visitedBranchPoints="0" sequenceCoverage="0" branchCoverage="0" maxCyclomaticComplexity="1" minCyclomaticComplexity="1" maxCrapScore="2" minCrapScore="2" visitedClasses="0" numClasses="0" visitedMethods="0" numMethods="1" />
              <MetadataToken>100664103</MetadataToken>
              <Name>System.Void Xunit.DelegatingExecutionSummarySink::&lt;OnMessageWithTypes&gt;b__13_6(Xunit.MessageHandlerArgs`1&lt;Xunit.Abstractions.ITestMethodCleanupFailure&gt;)</Name>
              <FileRef uid="199" />
              <SequencePoints>
                <SequencePoint vc="0" uspid="5706" ordinal="0" offset="0" sl="72" sc="86" el="72" ec="119" bec="0" bev="0" fileid="199" />
              </SequencePoints>
              <BranchPoints />
              <MethodPoint xsi:type="SequencePoint" vc="0" uspid="5706" ordinal="0" offset="0" sl="72" sc="86" el="72" ec="119" bec="0" bev="0" fileid="199" />
            </Method>
          </Methods>
        </Class>
        <Class>
          <Summary numSequencePoints="1" visitedSequencePoints="0" numBranchPoints="1" visitedBranchPoints="0" sequenceCoverage="0" branchCoverage="0" maxCyclomaticComplexity="1" minCyclomaticComplexity="1" maxCrapScore="2" minCrapScore="2" visitedClasses="0" numClasses="1" visitedMethods="0" numMethods="1" />
          <FullName>Xunit.DelegatingExecutionSummarySink/&lt;&gt;c</FullName>
          <Methods>
            <Method visited="false" cyclomaticComplexity="1" nPathComplexity="0" sequenceCoverage="0" branchCoverage="0" crapScore="2" isConstructor="true" isStatic="true" isGetter="false" isSetter="false">
              <Summary numSequencePoints="0" visitedSequencePoints="0" numBranchPoints="0" visitedBranchPoints="0" sequenceCoverage="0" branchCoverage="0" maxCyclomaticComplexity="1" minCyclomaticComplexity="1" maxCrapScore="2" minCrapScore="2" visitedClasses="0" numClasses="0" visitedMethods="0" numMethods="0" />
              <MetadataToken>100665021</MetadataToken>
              <Name>System.Void Xunit.DelegatingExecutionSummarySink/&lt;&gt;c::.cctor()</Name>
              <SequencePoints />
              <BranchPoints />
              <MethodPoint vc="0" uspid="5707" ordinal="0" offset="0" />
            </Method>
            <Method visited="false" cyclomaticComplexity="1" nPathComplexity="0" sequenceCoverage="0" branchCoverage="0" crapScore="2" isConstructor="true" isStatic="false" isGetter="false" isSetter="false">
              <Summary numSequencePoints="0" visitedSequencePoints="0" numBranchPoints="0" visitedBranchPoints="0" sequenceCoverage="0" branchCoverage="0" maxCyclomaticComplexity="1" minCyclomaticComplexity="1" maxCrapScore="2" minCrapScore="2" visitedClasses="0" numClasses="0" visitedMethods="0" numMethods="0" />
              <MetadataToken>100665022</MetadataToken>
              <Name>System.Void Xunit.DelegatingExecutionSummarySink/&lt;&gt;c::.ctor()</Name>
              <SequencePoints />
              <BranchPoints />
              <MethodPoint vc="0" uspid="5708" ordinal="0" offset="0" />
            </Method>
            <Method visited="false" cyclomaticComplexity="1" nPathComplexity="0" sequenceCoverage="0" branchCoverage="0" crapScore="2" isConstructor="false" isStatic="false" isGetter="false" isSetter="false">
              <Summary numSequencePoints="1" visitedSequencePoints="0" numBranchPoints="1" visitedBranchPoints="0" sequenceCoverage="0" branchCoverage="0" maxCyclomaticComplexity="1" minCyclomaticComplexity="1" maxCrapScore="2" minCrapScore="2" visitedClasses="0" numClasses="0" visitedMethods="0" numMethods="1" />
              <MetadataToken>100665023</MetadataToken>
              <Name>System.Boolean Xunit.DelegatingExecutionSummarySink/&lt;&gt;c::&lt;.ctor&gt;b__4_0()</Name>
              <FileRef uid="199" />
              <SequencePoints>
                <SequencePoint vc="0" uspid="5709" ordinal="0" offset="0" sl="33" sc="54" el="33" ec="59" bec="0" bev="0" fileid="199" />
              </SequencePoints>
              <BranchPoints />
              <MethodPoint xsi:type="SequencePoint" vc="0" uspid="5709" ordinal="0" offset="0" sl="33" sc="54" el="33" ec="59" bec="0" bev="0" fileid="199" />
            </Method>
          </Methods>
        </Class>
        <Class>
          <Summary numSequencePoints="21" visitedSequencePoints="0" numBranchPoints="11" visitedBranchPoints="0" sequenceCoverage="0" branchCoverage="0" maxCyclomaticComplexity="4" minCyclomaticComplexity="1" maxCrapScore="20" minCrapScore="2" visitedClasses="0" numClasses="1" visitedMethods="0" numMethods="5" />
          <FullName>Xunit.DelegatingFailSkipSink</FullName>
          <Methods>
            <Method visited="false" cyclomaticComplexity="1" nPathComplexity="0" sequenceCoverage="0" branchCoverage="0" crapScore="2" isConstructor="false" isStatic="false" isGetter="true" isSetter="false">
              <Summary numSequencePoints="1" visitedSequencePoints="0" numBranchPoints="1" visitedBranchPoints="0" sequenceCoverage="0" branchCoverage="0" maxCyclomaticComplexity="1" minCyclomaticComplexity="1" maxCrapScore="2" minCrapScore="2" visitedClasses="0" numClasses="0" visitedMethods="0" numMethods="1" />
              <MetadataToken>100664105</MetadataToken>
              <Name>Xunit.ExecutionSummary Xunit.DelegatingFailSkipSink::get_ExecutionSummary()</Name>
              <FileRef uid="201" />
              <SequencePoints>
                <SequencePoint vc="0" uspid="5710" ordinal="0" offset="0" sl="28" sc="53" el="28" ec="79" bec="0" bev="0" fileid="201" />
              </SequencePoints>
              <BranchPoints />
              <MethodPoint xsi:type="SequencePoint" vc="0" uspid="5710" ordinal="0" offset="0" sl="28" sc="53" el="28" ec="79" bec="0" bev="0" fileid="201" />
            </Method>
            <Method visited="false" cyclomaticComplexity="1" nPathComplexity="0" sequenceCoverage="0" branchCoverage="0" crapScore="2" isConstructor="false" isStatic="false" isGetter="true" isSetter="false">
              <Summary numSequencePoints="1" visitedSequencePoints="0" numBranchPoints="1" visitedBranchPoints="0" sequenceCoverage="0" branchCoverage="0" maxCyclomaticComplexity="1" minCyclomaticComplexity="1" maxCrapScore="2" minCrapScore="2" visitedClasses="0" numClasses="0" visitedMethods="0" numMethods="1" />
              <MetadataToken>100664106</MetadataToken>
              <Name>System.Threading.ManualResetEvent Xunit.DelegatingFailSkipSink::get_Finished()</Name>
              <FileRef uid="201" />
              <SequencePoints>
                <SequencePoint vc="0" uspid="5711" ordinal="0" offset="0" sl="31" sc="45" el="31" ec="63" bec="0" bev="0" fileid="201" />
              </SequencePoints>
              <BranchPoints />
              <MethodPoint xsi:type="SequencePoint" vc="0" uspid="5711" ordinal="0" offset="0" sl="31" sc="45" el="31" ec="63" bec="0" bev="0" fileid="201" />
            </Method>
            <Method visited="false" cyclomaticComplexity="1" nPathComplexity="0" sequenceCoverage="0" branchCoverage="0" crapScore="2" isConstructor="true" isStatic="false" isGetter="false" isSetter="false">
              <Summary numSequencePoints="4" visitedSequencePoints="0" numBranchPoints="1" visitedBranchPoints="0" sequenceCoverage="0" branchCoverage="0" maxCyclomaticComplexity="1" minCyclomaticComplexity="1" maxCrapScore="2" minCrapScore="2" visitedClasses="0" numClasses="0" visitedMethods="0" numMethods="1" />
              <MetadataToken>100664104</MetadataToken>
              <Name>System.Void Xunit.DelegatingFailSkipSink::.ctor(Xunit.IExecutionSink)</Name>
              <FileRef uid="201" />
              <SequencePoints>
                <SequencePoint vc="0" uspid="5712" ordinal="0" offset="0" sl="20" sc="9" el="20" ec="64" bec="0" bev="0" fileid="201" />
                <SequencePoint vc="0" uspid="5713" ordinal="1" offset="6" sl="22" sc="13" el="22" ec="65" bec="0" bev="0" fileid="201" />
                <SequencePoint vc="0" uspid="5714" ordinal="2" offset="17" sl="24" sc="13" el="24" ec="40" bec="0" bev="0" fileid="201" />
                <SequencePoint vc="0" uspid="5715" ordinal="3" offset="24" sl="25" sc="9" el="25" ec="10" bec="0" bev="0" fileid="201" />
              </SequencePoints>
              <BranchPoints />
              <MethodPoint xsi:type="SequencePoint" vc="0" uspid="5712" ordinal="0" offset="0" sl="20" sc="9" el="20" ec="64" bec="0" bev="0" fileid="201" />
            </Method>
            <Method visited="false" cyclomaticComplexity="1" nPathComplexity="0" sequenceCoverage="0" branchCoverage="0" crapScore="2" isConstructor="false" isStatic="false" isGetter="false" isSetter="false">
              <Summary numSequencePoints="1" visitedSequencePoints="0" numBranchPoints="1" visitedBranchPoints="0" sequenceCoverage="0" branchCoverage="0" maxCyclomaticComplexity="1" minCyclomaticComplexity="1" maxCrapScore="2" minCrapScore="2" visitedClasses="0" numClasses="0" visitedMethods="0" numMethods="1" />
              <MetadataToken>100664107</MetadataToken>
              <Name>System.Void Xunit.DelegatingFailSkipSink::Dispose()</Name>
              <FileRef uid="201" />
              <SequencePoints>
                <SequencePoint vc="0" uspid="5716" ordinal="0" offset="0" sl="35" sc="16" el="35" ec="35" bec="0" bev="0" fileid="201" />
              </SequencePoints>
              <BranchPoints />
              <MethodPoint xsi:type="SequencePoint" vc="0" uspid="5716" ordinal="0" offset="0" sl="35" sc="16" el="35" ec="35" bec="0" bev="0" fileid="201" />
            </Method>
            <Method visited="false" cyclomaticComplexity="4" nPathComplexity="8" sequenceCoverage="0" branchCoverage="0" crapScore="20" isConstructor="false" isStatic="false" isGetter="false" isSetter="false">
              <Summary numSequencePoints="14" visitedSequencePoints="0" numBranchPoints="7" visitedBranchPoints="0" sequenceCoverage="0" branchCoverage="0" maxCyclomaticComplexity="4" minCyclomaticComplexity="4" maxCrapScore="20" minCrapScore="20" visitedClasses="0" numClasses="0" visitedMethods="0" numMethods="1" />
              <MetadataToken>100664108</MetadataToken>
              <Name>System.Boolean Xunit.DelegatingFailSkipSink::OnMessageWithTypes(Xunit.Abstractions.IMessageSinkMessage,System.Collections.Generic.HashSet`1&lt;System.String&gt;)</Name>
              <FileRef uid="201" />
              <SequencePoints>
                <SequencePoint vc="0" uspid="5717" ordinal="0" offset="0" sl="40" sc="13" el="40" ec="72" bec="0" bev="0" fileid="201" />
                <SequencePoint vc="0" uspid="5718" ordinal="1" offset="8" sl="41" sc="13" el="41" ec="37" bec="2" bev="0" fileid="201" />
                <SequencePoint vc="0" uspid="5719" ordinal="2" offset="11" sl="43" sc="17" el="43" ec="29" bec="0" bev="0" fileid="201" />
                <SequencePoint vc="0" uspid="5720" ordinal="3" offset="25" sl="44" sc="17" el="48" ec="63" bec="0" bev="0" fileid="201" />
                <SequencePoint vc="0" uspid="5721" ordinal="4" offset="100" sl="49" sc="17" el="49" ec="56" bec="0" bev="0" fileid="201" />
                <SequencePoint vc="0" uspid="5722" ordinal="5" offset="113" sl="52" sc="13" el="52" ec="94" bec="0" bev="0" fileid="201" />
                <SequencePoint vc="0" uspid="5723" ordinal="6" offset="121" sl="53" sc="13" el="53" ec="48" bec="2" bev="0" fileid="201" />
                <SequencePoint vc="0" uspid="5724" ordinal="7" offset="124" sl="55" sc="17" el="60" ec="72" bec="0" bev="0" fileid="201" />
                <SequencePoint vc="0" uspid="5725" ordinal="8" offset="168" sl="61" sc="17" el="61" ec="68" bec="0" bev="0" fileid="201" />
                <SequencePoint vc="0" uspid="5726" ordinal="9" offset="181" sl="64" sc="13" el="64" ec="86" bec="0" bev="0" fileid="201" />
                <SequencePoint vc="0" uspid="5727" ordinal="10" offset="189" sl="65" sc="13" el="65" ec="42" bec="2" bev="0" fileid="201" />
                <SequencePoint vc="0" uspid="5728" ordinal="11" offset="192" sl="67" sc="17" el="72" ec="64" bec="0" bev="0" fileid="201" />
                <SequencePoint vc="0" uspid="5729" ordinal="12" offset="236" sl="73" sc="17" el="73" ec="62" bec="0" bev="0" fileid="201" />
                <SequencePoint vc="0" uspid="5730" ordinal="13" offset="249" sl="76" sc="13" el="76" ec="72" bec="0" bev="0" fileid="201" />
              </SequencePoints>
              <BranchPoints>
                <BranchPoint vc="0" uspid="5731" ordinal="0" offset="9" sl="41" path="0" offsetend="11" fileid="201" />
                <BranchPoint vc="0" uspid="5732" ordinal="1" offset="9" sl="41" path="1" offsetend="113" fileid="201" />
                <BranchPoint vc="0" uspid="5733" ordinal="2" offset="122" sl="53" path="0" offsetend="124" fileid="201" />
                <BranchPoint vc="0" uspid="5734" ordinal="3" offset="122" sl="53" path="1" offsetend="181" fileid="201" />
                <BranchPoint vc="0" uspid="5735" ordinal="4" offset="190" sl="65" path="0" offsetend="192" fileid="201" />
                <BranchPoint vc="0" uspid="5736" ordinal="5" offset="190" sl="65" path="1" offsetend="249" fileid="201" />
              </BranchPoints>
              <MethodPoint xsi:type="SequencePoint" vc="0" uspid="5717" ordinal="0" offset="0" sl="40" sc="13" el="40" ec="72" bec="0" bev="0" fileid="201" />
            </Method>
          </Methods>
        </Class>
        <Class>
          <Summary numSequencePoints="61" visitedSequencePoints="0" numBranchPoints="26" visitedBranchPoints="0" sequenceCoverage="0" branchCoverage="0" maxCyclomaticComplexity="4" minCyclomaticComplexity="1" maxCrapScore="20" minCrapScore="2" visitedClasses="0" numClasses="1" visitedMethods="0" numMethods="16" />
          <FullName>Xunit.DelegatingLongRunningTestDetectionSink</FullName>
          <Methods>
            <Method visited="false" cyclomaticComplexity="1" nPathComplexity="0" sequenceCoverage="0" branchCoverage="0" crapScore="2" isConstructor="false" isStatic="false" isGetter="true" isSetter="false">
              <Summary numSequencePoints="1" visitedSequencePoints="0" numBranchPoints="1" visitedBranchPoints="0" sequenceCoverage="0" branchCoverage="0" maxCyclomaticComplexity="1" minCyclomaticComplexity="1" maxCrapScore="2" minCrapScore="2" visitedClasses="0" numClasses="0" visitedMethods="0" numMethods="1" />
              <MetadataToken>100664111</MetadataToken>
              <Name>Xunit.ExecutionSummary Xunit.DelegatingLongRunningTestDetectionSink::get_ExecutionSummary()</Name>
              <FileRef uid="202" />
              <SequencePoints>
                <SequencePoint vc="0" uspid="5737" ordinal="0" offset="0" sl="69" sc="53" el="69" ec="79" bec="0" bev="0" fileid="202" />
              </SequencePoints>
              <BranchPoints />
              <MethodPoint xsi:type="SequencePoint" vc="0" uspid="5737" ordinal="0" offset="0" sl="69" sc="53" el="69" ec="79" bec="0" bev="0" fileid="202" />
            </Method>
            <Method visited="false" cyclomaticComplexity="1" nPathComplexity="0" sequenceCoverage="0" branchCoverage="0" crapScore="2" isConstructor="false" isStatic="false" isGetter="true" isSetter="false">
              <Summary numSequencePoints="1" visitedSequencePoints="0" numBranchPoints="1" visitedBranchPoints="0" sequenceCoverage="0" branchCoverage="0" maxCyclomaticComplexity="1" minCyclomaticComplexity="1" maxCrapScore="2" minCrapScore="2" visitedClasses="0" numClasses="0" visitedMethods="0" numMethods="1" />
              <MetadataToken>100664112</MetadataToken>
              <Name>System.Threading.ManualResetEvent Xunit.DelegatingLongRunningTestDetectionSink::get_Finished()</Name>
              <FileRef uid="202" />
              <SequencePoints>
                <SequencePoint vc="0" uspid="5738" ordinal="0" offset="0" sl="72" sc="45" el="72" ec="63" bec="0" bev="0" fileid="202" />
              </SequencePoints>
              <BranchPoints />
              <MethodPoint xsi:type="SequencePoint" vc="0" uspid="5738" ordinal="0" offset="0" sl="72" sc="45" el="72" ec="63" bec="0" bev="0" fileid="202" />
            </Method>
            <Method visited="false" cyclomaticComplexity="1" nPathComplexity="0" sequenceCoverage="0" branchCoverage="0" crapScore="2" isConstructor="false" isStatic="false" isGetter="true" isSetter="false">
              <Summary numSequencePoints="1" visitedSequencePoints="0" numBranchPoints="1" visitedBranchPoints="0" sequenceCoverage="0" branchCoverage="0" maxCyclomaticComplexity="1" minCyclomaticComplexity="1" maxCrapScore="2" minCrapScore="2" visitedClasses="0" numClasses="0" visitedMethods="0" numMethods="1" />
              <MetadataToken>100664113</MetadataToken>
              <Name>System.DateTime Xunit.DelegatingLongRunningTestDetectionSink::get_UtcNow()</Name>
              <FileRef uid="202" />
              <SequencePoints>
                <SequencePoint vc="0" uspid="5739" ordinal="0" offset="0" sl="77" sc="46" el="77" ec="61" bec="0" bev="0" fileid="202" />
              </SequencePoints>
              <BranchPoints />
              <MethodPoint xsi:type="SequencePoint" vc="0" uspid="5739" ordinal="0" offset="0" sl="77" sc="46" el="77" ec="61" bec="0" bev="0" fileid="202" />
            </Method>
            <Method visited="false" cyclomaticComplexity="1" nPathComplexity="0" sequenceCoverage="0" branchCoverage="0" crapScore="2" isConstructor="true" isStatic="false" isGetter="false" isSetter="false">
              <Summary numSequencePoints="3" visitedSequencePoints="0" numBranchPoints="1" visitedBranchPoints="0" sequenceCoverage="0" branchCoverage="0" maxCyclomaticComplexity="1" minCyclomaticComplexity="1" maxCrapScore="2" minCrapScore="2" visitedClasses="0" numClasses="0" visitedMethods="0" numMethods="1" />
              <MetadataToken>100664109</MetadataToken>
              <Name>System.Void Xunit.DelegatingLongRunningTestDetectionSink::.ctor(Xunit.IExecutionSink,System.TimeSpan,Xunit.IMessageSinkWithTypes)</Name>
              <FileRef uid="202" />
              <SequencePoints>
                <SequencePoint vc="0" uspid="5740" ordinal="0" offset="13" sl="37" sc="15" el="37" ec="146" bec="0" bev="0" fileid="202" />
                <SequencePoint vc="0" uspid="5741" ordinal="1" offset="33" sl="39" sc="13" el="39" ec="89" bec="0" bev="0" fileid="202" />
                <SequencePoint vc="0" uspid="5742" ordinal="2" offset="49" sl="40" sc="9" el="40" ec="10" bec="0" bev="0" fileid="202" />
              </SequencePoints>
              <BranchPoints />
              <MethodPoint vc="0" uspid="5743" ordinal="0" offset="0" />
            </Method>
            <Method visited="false" cyclomaticComplexity="1" nPathComplexity="0" sequenceCoverage="0" branchCoverage="0" crapScore="2" isConstructor="true" isStatic="false" isGetter="false" isSetter="false">
              <Summary numSequencePoints="14" visitedSequencePoints="0" numBranchPoints="1" visitedBranchPoints="0" sequenceCoverage="0" branchCoverage="0" maxCyclomaticComplexity="1" minCyclomaticComplexity="1" maxCrapScore="2" minCrapScore="2" visitedClasses="0" numClasses="0" visitedMethods="0" numMethods="1" />
              <MetadataToken>100664110</MetadataToken>
              <Name>System.Void Xunit.DelegatingLongRunningTestDetectionSink::.ctor(Xunit.IExecutionSink,System.TimeSpan,System.Action`1&lt;Xunit.LongRunningTestsSummary&gt;)</Name>
              <FileRef uid="202" />
              <SequencePoints>
                <SequencePoint vc="0" uspid="5744" ordinal="0" offset="0" sl="19" sc="9" el="19" ec="109" bec="0" bev="0" fileid="202" />
                <SequencePoint vc="0" uspid="5745" ordinal="1" offset="11" sl="20" sc="9" el="20" ec="78" bec="0" bev="0" fileid="202" />
                <SequencePoint vc="0" uspid="5746" ordinal="2" offset="22" sl="50" sc="9" el="52" ec="96" bec="0" bev="0" fileid="202" />
                <SequencePoint vc="0" uspid="5747" ordinal="3" offset="28" sl="54" sc="13" el="54" ec="65" bec="0" bev="0" fileid="202" />
                <SequencePoint vc="0" uspid="5748" ordinal="4" offset="39" sl="55" sc="13" el="55" ec="162" bec="0" bev="0" fileid="202" />
                <SequencePoint vc="0" uspid="5749" ordinal="5" offset="74" sl="56" sc="13" el="56" ec="63" bec="0" bev="0" fileid="202" />
                <SequencePoint vc="0" uspid="5750" ordinal="6" offset="85" sl="58" sc="13" el="58" ec="40" bec="0" bev="0" fileid="202" />
                <SequencePoint vc="0" uspid="5751" ordinal="7" offset="92" sl="59" sc="13" el="59" ec="60" bec="0" bev="0" fileid="202" />
                <SequencePoint vc="0" uspid="5752" ordinal="8" offset="99" sl="60" sc="13" el="60" ec="38" bec="0" bev="0" fileid="202" />
                <SequencePoint vc="0" uspid="5753" ordinal="9" offset="106" sl="62" sc="13" el="62" ec="83" bec="0" bev="0" fileid="202" />
                <SequencePoint vc="0" uspid="5754" ordinal="10" offset="129" sl="63" sc="13" el="63" ec="83" bec="0" bev="0" fileid="202" />
                <SequencePoint vc="0" uspid="5755" ordinal="11" offset="152" sl="64" sc="13" el="64" ec="75" bec="0" bev="0" fileid="202" />
                <SequencePoint vc="0" uspid="5756" ordinal="12" offset="175" sl="65" sc="13" el="65" ec="75" bec="0" bev="0" fileid="202" />
                <SequencePoint vc="0" uspid="5757" ordinal="13" offset="198" sl="66" sc="9" el="66" ec="10" bec="0" bev="0" fileid="202" />
              </SequencePoints>
              <BranchPoints />
              <MethodPoint xsi:type="SequencePoint" vc="0" uspid="5744" ordinal="0" offset="0" sl="19" sc="9" el="19" ec="109" bec="0" bev="0" fileid="202" />
            </Method>
            <Method visited="false" cyclomaticComplexity="2" nPathComplexity="2" sequenceCoverage="0" branchCoverage="0" crapScore="6" isConstructor="false" isStatic="true" isGetter="false" isSetter="false">
              <Summary numSequencePoints="4" visitedSequencePoints="0" numBranchPoints="3" visitedBranchPoints="0" sequenceCoverage="0" branchCoverage="0" maxCyclomaticComplexity="2" minCyclomaticComplexity="2" maxCrapScore="6" minCrapScore="6" visitedClasses="0" numClasses="0" visitedMethods="0" numMethods="1" />
              <MetadataToken>100664114</MetadataToken>
              <Name>System.Void Xunit.DelegatingLongRunningTestDetectionSink::DispatchLongRunningTestsSummaryAsDiagnosticMessage(Xunit.LongRunningTestsSummary,Xunit.IMessageSinkWithTypes)</Name>
              <FileRef uid="202" />
              <SequencePoints>
                <SequencePoint vc="0" uspid="5758" ordinal="0" offset="0" sl="81" sc="13" el="81" ec="146" bec="2" bev="0" fileid="202" />
                <SequencePoint vc="0" uspid="5759" ordinal="1" offset="43" sl="82" sc="13" el="82" ec="80" bec="0" bev="0" fileid="202" />
                <SequencePoint vc="0" uspid="5760" ordinal="2" offset="60" sl="84" sc="13" el="84" ec="77" bec="0" bev="0" fileid="202" />
                <SequencePoint vc="0" uspid="5761" ordinal="3" offset="73" sl="85" sc="9" el="85" ec="10" bec="0" bev="0" fileid="202" />
              </SequencePoints>
              <BranchPoints>
                <BranchPoint vc="0" uspid="5762" ordinal="0" offset="12" sl="81" path="0" offsetend="14" fileid="202" />
                <BranchPoint vc="0" uspid="5763" ordinal="1" offset="12" sl="81" path="1" offsetend="37" fileid="202" />
              </BranchPoints>
              <MethodPoint xsi:type="SequencePoint" vc="0" uspid="5758" ordinal="0" offset="0" sl="81" sc="13" el="81" ec="146" bec="2" bev="0" fileid="202" />
            </Method>
            <Method visited="false" cyclomaticComplexity="1" nPathComplexity="0" sequenceCoverage="0" branchCoverage="0" crapScore="2" isConstructor="false" isStatic="false" isGetter="false" isSetter="false">
              <Summary numSequencePoints="3" visitedSequencePoints="0" numBranchPoints="1" visitedBranchPoints="0" sequenceCoverage="0" branchCoverage="0" maxCyclomaticComplexity="1" minCyclomaticComplexity="1" maxCrapScore="2" minCrapScore="2" visitedClasses="0" numClasses="0" visitedMethods="0" numMethods="1" />
              <MetadataToken>100664115</MetadataToken>
              <Name>System.Void Xunit.DelegatingLongRunningTestDetectionSink::Dispose()</Name>
              <FileRef uid="202" />
              <SequencePoints>
                <SequencePoint vc="0" uspid="5764" ordinal="0" offset="0" sl="90" sc="13" el="90" ec="52" bec="0" bev="0" fileid="202" />
                <SequencePoint vc="0" uspid="5765" ordinal="1" offset="11" sl="91" sc="13" el="91" ec="33" bec="0" bev="0" fileid="202" />
                <SequencePoint vc="0" uspid="5766" ordinal="2" offset="22" sl="92" sc="9" el="92" ec="10" bec="0" bev="0" fileid="202" />
              </SequencePoints>
              <BranchPoints />
              <MethodPoint xsi:type="SequencePoint" vc="0" uspid="5764" ordinal="0" offset="0" sl="90" sc="13" el="90" ec="52" bec="0" bev="0" fileid="202" />
            </Method>
            <Method visited="false" cyclomaticComplexity="1" nPathComplexity="0" sequenceCoverage="0" branchCoverage="0" crapScore="2" isConstructor="false" isStatic="false" isGetter="false" isSetter="false">
              <Summary numSequencePoints="2" visitedSequencePoints="0" numBranchPoints="1" visitedBranchPoints="0" sequenceCoverage="0" branchCoverage="0" maxCyclomaticComplexity="1" minCyclomaticComplexity="1" maxCrapScore="2" minCrapScore="2" visitedClasses="0" numClasses="0" visitedMethods="0" numMethods="1" />
              <MetadataToken>100664116</MetadataToken>
              <Name>System.Void Xunit.DelegatingLongRunningTestDetectionSink::HandleTestAssemblyFinished(Xunit.MessageHandlerArgs`1&lt;Xunit.Abstractions.ITestAssemblyFinished&gt;)</Name>
              <FileRef uid="202" />
              <SequencePoints>
                <SequencePoint vc="0" uspid="5767" ordinal="0" offset="0" sl="96" sc="13" el="96" ec="29" bec="0" bev="0" fileid="202" />
                <SequencePoint vc="0" uspid="5768" ordinal="1" offset="12" sl="97" sc="9" el="97" ec="10" bec="0" bev="0" fileid="202" />
              </SequencePoints>
              <BranchPoints />
              <MethodPoint xsi:type="SequencePoint" vc="0" uspid="5767" ordinal="0" offset="0" sl="96" sc="13" el="96" ec="29" bec="0" bev="0" fileid="202" />
            </Method>
            <Method visited="false" cyclomaticComplexity="1" nPathComplexity="0" sequenceCoverage="0" branchCoverage="0" crapScore="2" isConstructor="false" isStatic="false" isGetter="false" isSetter="false">
              <Summary numSequencePoints="4" visitedSequencePoints="0" numBranchPoints="1" visitedBranchPoints="0" sequenceCoverage="0" branchCoverage="0" maxCyclomaticComplexity="1" minCyclomaticComplexity="1" maxCrapScore="2" minCrapScore="2" visitedClasses="0" numClasses="0" visitedMethods="0" numMethods="1" />
              <MetadataToken>100664117</MetadataToken>
              <Name>System.Void Xunit.DelegatingLongRunningTestDetectionSink::HandleTestAssemblyStarting(Xunit.MessageHandlerArgs`1&lt;Xunit.Abstractions.ITestAssemblyStarting&gt;)</Name>
              <FileRef uid="202" />
              <SequencePoints>
                <SequencePoint vc="0" uspid="5769" ordinal="0" offset="0" sl="101" sc="13" el="101" ec="67" bec="0" bev="0" fileid="202" />
                <SequencePoint vc="0" uspid="5770" ordinal="1" offset="12" sl="102" sc="13" el="102" ec="39" bec="0" bev="0" fileid="202" />
                <SequencePoint vc="0" uspid="5771" ordinal="2" offset="24" sl="103" sc="13" el="103" ec="63" bec="0" bev="0" fileid="202" />
                <SequencePoint vc="0" uspid="5772" ordinal="3" offset="42" sl="104" sc="9" el="104" ec="10" bec="0" bev="0" fileid="202" />
              </SequencePoints>
              <BranchPoints />
              <MethodPoint xsi:type="SequencePoint" vc="0" uspid="5769" ordinal="0" offset="0" sl="101" sc="13" el="101" ec="67" bec="0" bev="0" fileid="202" />
            </Method>
            <Method visited="false" cyclomaticComplexity="2" nPathComplexity="0" sequenceCoverage="0" branchCoverage="0" crapScore="6" isConstructor="false" isStatic="false" isGetter="false" isSetter="false">
              <Summary numSequencePoints="5" visitedSequencePoints="0" numBranchPoints="1" visitedBranchPoints="0" sequenceCoverage="0" branchCoverage="0" maxCyclomaticComplexity="2" minCyclomaticComplexity="2" maxCrapScore="6" minCrapScore="6" visitedClasses="0" numClasses="0" visitedMethods="0" numMethods="1" />
              <MetadataToken>100664118</MetadataToken>
              <Name>System.Void Xunit.DelegatingLongRunningTestDetectionSink::HandleTestCaseFinished(Xunit.MessageHandlerArgs`1&lt;Xunit.Abstractions.ITestCaseFinished&gt;)</Name>
              <FileRef uid="202" />
              <SequencePoints>
                <SequencePoint vc="0" uspid="5773" ordinal="0" offset="0" sl="108" sc="13" el="108" ec="38" bec="0" bev="0" fileid="202" />
                <SequencePoint vc="0" uspid="5774" ordinal="1" offset="17" sl="110" sc="17" el="110" ec="66" bec="0" bev="0" fileid="202" />
                <SequencePoint vc="0" uspid="5775" ordinal="2" offset="40" sl="111" sc="17" el="111" ec="43" bec="0" bev="0" fileid="202" />
                <SequencePoint vc="0" uspid="5776" ordinal="3" offset="52" sl="112" sc="13" el="112" ec="14" bec="0" bev="0" fileid="202" />
                <SequencePoint vc="0" uspid="5777" ordinal="4" offset="64" sl="113" sc="9" el="113" ec="10" bec="0" bev="0" fileid="202" />
              </SequencePoints>
              <BranchPoints />
              <MethodPoint xsi:type="SequencePoint" vc="0" uspid="5773" ordinal="0" offset="0" sl="108" sc="13" el="108" ec="38" bec="0" bev="0" fileid="202" />
            </Method>
            <Method visited="false" cyclomaticComplexity="2" nPathComplexity="0" sequenceCoverage="0" branchCoverage="0" crapScore="6" isConstructor="false" isStatic="false" isGetter="false" isSetter="false">
              <Summary numSequencePoints="3" visitedSequencePoints="0" numBranchPoints="1" visitedBranchPoints="0" sequenceCoverage="0" branchCoverage="0" maxCyclomaticComplexity="2" minCyclomaticComplexity="2" maxCrapScore="6" minCrapScore="6" visitedClasses="0" numClasses="0" visitedMethods="0" numMethods="1" />
              <MetadataToken>100664119</MetadataToken>
              <Name>System.Void Xunit.DelegatingLongRunningTestDetectionSink::HandleTestCaseStarting(Xunit.MessageHandlerArgs`1&lt;Xunit.Abstractions.ITestCaseStarting&gt;)</Name>
              <FileRef uid="202" />
              <SequencePoints>
                <SequencePoint vc="0" uspid="5778" ordinal="0" offset="0" sl="117" sc="13" el="117" ec="38" bec="0" bev="0" fileid="202" />
                <SequencePoint vc="0" uspid="5779" ordinal="1" offset="17" sl="118" sc="17" el="118" ec="71" bec="0" bev="0" fileid="202" />
                <SequencePoint vc="0" uspid="5780" ordinal="2" offset="57" sl="119" sc="9" el="119" ec="10" bec="0" bev="0" fileid="202" />
              </SequencePoints>
              <BranchPoints />
              <MethodPoint xsi:type="SequencePoint" vc="0" uspid="5778" ordinal="0" offset="0" sl="117" sc="13" el="117" ec="38" bec="0" bev="0" fileid="202" />
            </Method>
            <Method visited="false" cyclomaticComplexity="1" nPathComplexity="0" sequenceCoverage="0" branchCoverage="0" crapScore="2" isConstructor="false" isStatic="false" isGetter="false" isSetter="false">
              <Summary numSequencePoints="3" visitedSequencePoints="0" numBranchPoints="1" visitedBranchPoints="0" sequenceCoverage="0" branchCoverage="0" maxCyclomaticComplexity="1" minCyclomaticComplexity="1" maxCrapScore="2" minCrapScore="2" visitedClasses="0" numClasses="0" visitedMethods="0" numMethods="1" />
              <MetadataToken>100664120</MetadataToken>
              <Name>System.Boolean Xunit.DelegatingLongRunningTestDetectionSink::OnMessageWithTypes(Xunit.Abstractions.IMessageSinkMessage,System.Collections.Generic.HashSet`1&lt;System.String&gt;)</Name>
              <FileRef uid="202" />
              <SequencePoints>
                <SequencePoint vc="0" uspid="5781" ordinal="0" offset="0" sl="124" sc="13" el="124" ec="82" bec="0" bev="0" fileid="202" />
                <SequencePoint vc="0" uspid="5782" ordinal="1" offset="14" sl="125" sc="13" el="125" ec="84" bec="0" bev="0" fileid="202" />
                <SequencePoint vc="0" uspid="5783" ordinal="2" offset="30" sl="126" sc="13" el="126" ec="27" bec="0" bev="0" fileid="202" />
              </SequencePoints>
              <BranchPoints />
              <MethodPoint xsi:type="SequencePoint" vc="0" uspid="5781" ordinal="0" offset="0" sl="124" sc="13" el="124" ec="82" bec="0" bev="0" fileid="202" />
            </Method>
            <Method visited="false" cyclomaticComplexity="4" nPathComplexity="4" sequenceCoverage="0" branchCoverage="0" crapScore="20" isConstructor="false" isStatic="false" isGetter="false" isSetter="false">
              <Summary numSequencePoints="7" visitedSequencePoints="0" numBranchPoints="5" visitedBranchPoints="0" sequenceCoverage="0" branchCoverage="0" maxCyclomaticComplexity="4" minCyclomaticComplexity="4" maxCrapScore="20" minCrapScore="20" visitedClasses="0" numClasses="0" visitedMethods="0" numMethods="1" />
              <MetadataToken>100664121</MetadataToken>
              <Name>System.Void Xunit.DelegatingLongRunningTestDetectionSink::SendLongRunningMessage()</Name>
              <FileRef uid="202" />
              <SequencePoints>
                <SequencePoint vc="0" uspid="5784" ordinal="0" offset="0" sl="132" sc="13" el="132" ec="38" bec="0" bev="0" fileid="202" />
                <SequencePoint vc="0" uspid="5785" ordinal="1" offset="30" sl="134" sc="17" el="134" ec="34" bec="0" bev="0" fileid="202" />
                <SequencePoint vc="0" uspid="5786" ordinal="2" offset="42" sl="135" sc="17" el="136" ec="104" bec="2" bev="0" fileid="202" />
                <SequencePoint vc="0" uspid="5787" ordinal="3" offset="114" sl="137" sc="13" el="137" ec="14" bec="0" bev="0" fileid="202" />
                <SequencePoint vc="0" uspid="5788" ordinal="4" offset="126" sl="139" sc="13" el="139" ec="48" bec="2" bev="0" fileid="202" />
                <SequencePoint vc="0" uspid="5789" ordinal="5" offset="135" sl="140" sc="17" el="140" ec="98" bec="0" bev="0" fileid="202" />
                <SequencePoint vc="0" uspid="5790" ordinal="6" offset="158" sl="141" sc="9" el="141" ec="10" bec="0" bev="0" fileid="202" />
              </SequencePoints>
              <BranchPoints>
                <BranchPoint vc="0" uspid="5791" ordinal="0" offset="71" sl="135" path="0" offsetend="73" fileid="202" />
                <BranchPoint vc="0" uspid="5792" ordinal="1" offset="71" sl="135" path="1" offsetend="96" fileid="202" />
                <BranchPoint vc="0" uspid="5793" ordinal="2" offset="133" sl="139" path="0" offsetend="135" fileid="202" />
                <BranchPoint vc="0" uspid="5794" ordinal="3" offset="133" sl="139" path="1" offsetend="158" fileid="202" />
              </BranchPoints>
              <MethodPoint xsi:type="SequencePoint" vc="0" uspid="5784" ordinal="0" offset="0" sl="132" sc="13" el="132" ec="38" bec="0" bev="0" fileid="202" />
            </Method>
            <Method visited="false" cyclomaticComplexity="3" nPathComplexity="4" sequenceCoverage="0" branchCoverage="0" crapScore="12" isConstructor="false" isStatic="false" isGetter="false" isSetter="false">
              <Summary numSequencePoints="8" visitedSequencePoints="0" numBranchPoints="5" visitedBranchPoints="0" sequenceCoverage="0" branchCoverage="0" maxCyclomaticComplexity="3" minCyclomaticComplexity="3" maxCrapScore="12" minCrapScore="12" visitedClasses="0" numClasses="0" visitedMethods="0" numMethods="1" />
              <MetadataToken>100664122</MetadataToken>
              <Name>System.Void Xunit.DelegatingLongRunningTestDetectionSink::ThreadWorker()</Name>
              <FileRef uid="202" />
              <SequencePoints>
                <SequencePoint vc="0" uspid="5795" ordinal="0" offset="0" sl="149" sc="13" el="149" ec="93" bec="0" bev="0" fileid="202" />
                <SequencePoint vc="0" uspid="5796" ordinal="1" offset="40" sl="153" sc="17" el="153" ec="49" bec="2" bev="0" fileid="202" />
                <SequencePoint vc="0" uspid="5797" ordinal="2" offset="49" sl="154" sc="21" el="154" ec="28" bec="0" bev="0" fileid="202" />
                <SequencePoint vc="0" uspid="5798" ordinal="3" offset="50" sl="156" sc="17" el="156" ec="34" bec="0" bev="0" fileid="202" />
                <SequencePoint vc="0" uspid="5799" ordinal="4" offset="57" sl="157" sc="17" el="157" ec="67" bec="2" bev="0" fileid="202" />
                <SequencePoint vc="0" uspid="5800" ordinal="5" offset="82" sl="159" sc="21" el="159" ec="46" bec="0" bev="0" fileid="202" />
                <SequencePoint vc="0" uspid="5801" ordinal="6" offset="88" sl="160" sc="21" el="160" ec="44" bec="0" bev="0" fileid="202" />
                <SequencePoint vc="0" uspid="5802" ordinal="7" offset="95" sl="151" sc="13" el="151" ec="25" bec="0" bev="0" fileid="202" />
              </SequencePoints>
              <BranchPoints>
                <BranchPoint vc="0" uspid="5803" ordinal="0" offset="47" sl="153" path="0" offsetend="49" fileid="202" />
                <BranchPoint vc="0" uspid="5804" ordinal="1" offset="47" sl="153" path="1" offsetend="50" fileid="202" />
                <BranchPoint vc="0" uspid="5805" ordinal="2" offset="80" sl="157" path="0" offsetend="82" fileid="202" />
                <BranchPoint vc="0" uspid="5806" ordinal="3" offset="80" sl="157" path="1" offsetend="40" fileid="202" />
              </BranchPoints>
              <MethodPoint xsi:type="SequencePoint" vc="0" uspid="5795" ordinal="0" offset="0" sl="149" sc="13" el="149" ec="93" bec="0" bev="0" fileid="202" />
            </Method>
            <Method visited="false" cyclomaticComplexity="1" nPathComplexity="0" sequenceCoverage="0" branchCoverage="0" crapScore="2" isConstructor="false" isStatic="false" isGetter="false" isSetter="false">
              <Summary numSequencePoints="1" visitedSequencePoints="0" numBranchPoints="1" visitedBranchPoints="0" sequenceCoverage="0" branchCoverage="0" maxCyclomaticComplexity="1" minCyclomaticComplexity="1" maxCrapScore="2" minCrapScore="2" visitedClasses="0" numClasses="0" visitedMethods="0" numMethods="1" />
              <MetadataToken>100664123</MetadataToken>
              <Name>System.Boolean Xunit.DelegatingLongRunningTestDetectionSink::WaitForStopEvent(System.Int32)</Name>
              <FileRef uid="202" />
              <SequencePoints>
                <SequencePoint vc="0" uspid="5807" ordinal="0" offset="0" sl="169" sc="16" el="169" ec="54" bec="0" bev="0" fileid="202" />
              </SequencePoints>
              <BranchPoints />
              <MethodPoint xsi:type="SequencePoint" vc="0" uspid="5807" ordinal="0" offset="0" sl="169" sc="16" el="169" ec="54" bec="0" bev="0" fileid="202" />
            </Method>
            <Method visited="false" cyclomaticComplexity="1" nPathComplexity="0" sequenceCoverage="0" branchCoverage="0" crapScore="2" isConstructor="true" isStatic="true" isGetter="false" isSetter="false">
              <Summary numSequencePoints="1" visitedSequencePoints="0" numBranchPoints="1" visitedBranchPoints="0" sequenceCoverage="0" branchCoverage="0" maxCyclomaticComplexity="1" minCyclomaticComplexity="1" maxCrapScore="2" minCrapScore="2" visitedClasses="0" numClasses="0" visitedMethods="0" numMethods="1" />
              <MetadataToken>100664124</MetadataToken>
              <Name>System.Void Xunit.DelegatingLongRunningTestDetectionSink::.cctor()</Name>
              <FileRef uid="202" />
              <SequencePoints>
                <SequencePoint vc="0" uspid="5808" ordinal="0" offset="0" sl="16" sc="9" el="16" ec="99" bec="0" bev="0" fileid="202" />
              </SequencePoints>
              <BranchPoints />
              <MethodPoint xsi:type="SequencePoint" vc="0" uspid="5808" ordinal="0" offset="0" sl="16" sc="9" el="16" ec="99" bec="0" bev="0" fileid="202" />
            </Method>
          </Methods>
        </Class>
        <Class>
          <Summary numSequencePoints="1" visitedSequencePoints="0" numBranchPoints="1" visitedBranchPoints="0" sequenceCoverage="0" branchCoverage="0" maxCyclomaticComplexity="1" minCyclomaticComplexity="1" maxCrapScore="2" minCrapScore="2" visitedClasses="0" numClasses="1" visitedMethods="0" numMethods="1" />
          <FullName>Xunit.DelegatingLongRunningTestDetectionSink/&lt;&gt;c__DisplayClass8_0</FullName>
          <Methods>
            <Method visited="false" cyclomaticComplexity="1" nPathComplexity="0" sequenceCoverage="0" branchCoverage="0" crapScore="2" isConstructor="true" isStatic="false" isGetter="false" isSetter="false">
              <Summary numSequencePoints="0" visitedSequencePoints="0" numBranchPoints="0" visitedBranchPoints="0" sequenceCoverage="0" branchCoverage="0" maxCyclomaticComplexity="1" minCyclomaticComplexity="1" maxCrapScore="2" minCrapScore="2" visitedClasses="0" numClasses="0" visitedMethods="0" numMethods="0" />
              <MetadataToken>100665024</MetadataToken>
              <Name>System.Void Xunit.DelegatingLongRunningTestDetectionSink/&lt;&gt;c__DisplayClass8_0::.ctor()</Name>
              <SequencePoints />
              <BranchPoints />
              <MethodPoint vc="0" uspid="5809" ordinal="0" offset="0" />
            </Method>
            <Method visited="false" cyclomaticComplexity="1" nPathComplexity="0" sequenceCoverage="0" branchCoverage="0" crapScore="2" isConstructor="false" isStatic="false" isGetter="false" isSetter="false">
              <Summary numSequencePoints="1" visitedSequencePoints="0" numBranchPoints="1" visitedBranchPoints="0" sequenceCoverage="0" branchCoverage="0" maxCyclomaticComplexity="1" minCyclomaticComplexity="1" maxCrapScore="2" minCrapScore="2" visitedClasses="0" numClasses="0" visitedMethods="0" numMethods="1" />
              <MetadataToken>100665025</MetadataToken>
              <Name>System.Void Xunit.DelegatingLongRunningTestDetectionSink/&lt;&gt;c__DisplayClass8_0::&lt;.ctor&gt;b__0(Xunit.LongRunningTestsSummary)</Name>
              <FileRef uid="202" />
              <SequencePoints>
                <SequencePoint vc="0" uspid="5810" ordinal="0" offset="0" sl="37" sc="63" el="37" ec="145" bec="0" bev="0" fileid="202" />
              </SequencePoints>
              <BranchPoints />
              <MethodPoint xsi:type="SequencePoint" vc="0" uspid="5810" ordinal="0" offset="0" sl="37" sc="63" el="37" ec="145" bec="0" bev="0" fileid="202" />
            </Method>
          </Methods>
        </Class>
        <Class>
          <Summary numSequencePoints="2" visitedSequencePoints="0" numBranchPoints="2" visitedBranchPoints="0" sequenceCoverage="0" branchCoverage="0" maxCyclomaticComplexity="1" minCyclomaticComplexity="1" maxCrapScore="2" minCrapScore="2" visitedClasses="0" numClasses="1" visitedMethods="0" numMethods="2" />
          <FullName>Xunit.DelegatingLongRunningTestDetectionSink/&lt;&gt;c</FullName>
          <Methods>
            <Method visited="false" cyclomaticComplexity="1" nPathComplexity="0" sequenceCoverage="0" branchCoverage="0" crapScore="2" isConstructor="true" isStatic="true" isGetter="false" isSetter="false">
              <Summary numSequencePoints="0" visitedSequencePoints="0" numBranchPoints="0" visitedBranchPoints="0" sequenceCoverage="0" branchCoverage="0" maxCyclomaticComplexity="1" minCyclomaticComplexity="1" maxCrapScore="2" minCrapScore="2" visitedClasses="0" numClasses="0" visitedMethods="0" numMethods="0" />
              <MetadataToken>100665026</MetadataToken>
              <Name>System.Void Xunit.DelegatingLongRunningTestDetectionSink/&lt;&gt;c::.cctor()</Name>
              <SequencePoints />
              <BranchPoints />
              <MethodPoint vc="0" uspid="5811" ordinal="0" offset="0" />
            </Method>
            <Method visited="false" cyclomaticComplexity="1" nPathComplexity="0" sequenceCoverage="0" branchCoverage="0" crapScore="2" isConstructor="true" isStatic="false" isGetter="false" isSetter="false">
              <Summary numSequencePoints="0" visitedSequencePoints="0" numBranchPoints="0" visitedBranchPoints="0" sequenceCoverage="0" branchCoverage="0" maxCyclomaticComplexity="1" minCyclomaticComplexity="1" maxCrapScore="2" minCrapScore="2" visitedClasses="0" numClasses="0" visitedMethods="0" numMethods="0" />
              <MetadataToken>100665027</MetadataToken>
              <Name>System.Void Xunit.DelegatingLongRunningTestDetectionSink/&lt;&gt;c::.ctor()</Name>
              <SequencePoints />
              <BranchPoints />
              <MethodPoint vc="0" uspid="5812" ordinal="0" offset="0" />
            </Method>
            <Method visited="false" cyclomaticComplexity="1" nPathComplexity="0" sequenceCoverage="0" branchCoverage="0" crapScore="2" isConstructor="false" isStatic="false" isGetter="false" isSetter="false">
              <Summary numSequencePoints="1" visitedSequencePoints="0" numBranchPoints="1" visitedBranchPoints="0" sequenceCoverage="0" branchCoverage="0" maxCyclomaticComplexity="1" minCyclomaticComplexity="1" maxCrapScore="2" minCrapScore="2" visitedClasses="0" numClasses="0" visitedMethods="0" numMethods="1" />
              <MetadataToken>100665028</MetadataToken>
              <Name>System.String Xunit.DelegatingLongRunningTestDetectionSink/&lt;&gt;c::&lt;DispatchLongRunningTestsSummaryAsDiagnosticMessage&gt;b__16_0(System.Collections.Generic.KeyValuePair`2&lt;Xunit.Abstractions.ITestCase,System.TimeSpan&gt;)</Name>
              <FileRef uid="202" />
              <SequencePoints>
                <SequencePoint vc="0" uspid="5813" ordinal="0" offset="0" sl="81" sc="61" el="81" ec="144" bec="0" bev="0" fileid="202" />
              </SequencePoints>
              <BranchPoints />
              <MethodPoint xsi:type="SequencePoint" vc="0" uspid="5813" ordinal="0" offset="0" sl="81" sc="61" el="81" ec="144" bec="0" bev="0" fileid="202" />
            </Method>
            <Method visited="false" cyclomaticComplexity="1" nPathComplexity="0" sequenceCoverage="0" branchCoverage="0" crapScore="2" isConstructor="false" isStatic="false" isGetter="false" isSetter="false">
              <Summary numSequencePoints="1" visitedSequencePoints="0" numBranchPoints="1" visitedBranchPoints="0" sequenceCoverage="0" branchCoverage="0" maxCyclomaticComplexity="1" minCyclomaticComplexity="1" maxCrapScore="2" minCrapScore="2" visitedClasses="0" numClasses="0" visitedMethods="0" numMethods="1" />
              <MetadataToken>100665029</MetadataToken>
              <Name>Xunit.Abstractions.ITestCase Xunit.DelegatingLongRunningTestDetectionSink/&lt;&gt;c::&lt;SendLongRunningMessage&gt;b__23_1(System.Collections.Generic.KeyValuePair`2&lt;Xunit.Abstractions.ITestCase,System.DateTime&gt;)</Name>
              <FileRef uid="202" />
              <SequencePoints>
                <SequencePoint vc="0" uspid="5814" ordinal="0" offset="0" sl="136" sc="77" el="136" ec="82" bec="0" bev="0" fileid="202" />
              </SequencePoints>
              <BranchPoints />
              <MethodPoint xsi:type="SequencePoint" vc="0" uspid="5814" ordinal="0" offset="0" sl="136" sc="77" el="136" ec="82" bec="0" bev="0" fileid="202" />
            </Method>
          </Methods>
        </Class>
        <Class>
          <Summary numSequencePoints="2" visitedSequencePoints="0" numBranchPoints="2" visitedBranchPoints="0" sequenceCoverage="0" branchCoverage="0" maxCyclomaticComplexity="1" minCyclomaticComplexity="1" maxCrapScore="2" minCrapScore="2" visitedClasses="0" numClasses="1" visitedMethods="0" numMethods="2" />
          <FullName>Xunit.DelegatingLongRunningTestDetectionSink/&lt;&gt;c__DisplayClass23_0</FullName>
          <Methods>
            <Method visited="false" cyclomaticComplexity="1" nPathComplexity="0" sequenceCoverage="0" branchCoverage="0" crapScore="2" isConstructor="true" isStatic="false" isGetter="false" isSetter="false">
              <Summary numSequencePoints="0" visitedSequencePoints="0" numBranchPoints="0" visitedBranchPoints="0" sequenceCoverage="0" branchCoverage="0" maxCyclomaticComplexity="1" minCyclomaticComplexity="1" maxCrapScore="2" minCrapScore="2" visitedClasses="0" numClasses="0" visitedMethods="0" numMethods="0" />
              <MetadataToken>100665030</MetadataToken>
              <Name>System.Void Xunit.DelegatingLongRunningTestDetectionSink/&lt;&gt;c__DisplayClass23_0::.ctor()</Name>
              <SequencePoints />
              <BranchPoints />
              <MethodPoint vc="0" uspid="5815" ordinal="0" offset="0" />
            </Method>
            <Method visited="false" cyclomaticComplexity="1" nPathComplexity="0" sequenceCoverage="0" branchCoverage="0" crapScore="2" isConstructor="false" isStatic="false" isGetter="false" isSetter="false">
              <Summary numSequencePoints="1" visitedSequencePoints="0" numBranchPoints="1" visitedBranchPoints="0" sequenceCoverage="0" branchCoverage="0" maxCyclomaticComplexity="1" minCyclomaticComplexity="1" maxCrapScore="2" minCrapScore="2" visitedClasses="0" numClasses="0" visitedMethods="0" numMethods="1" />
              <MetadataToken>100665031</MetadataToken>
              <Name>System.Boolean Xunit.DelegatingLongRunningTestDetectionSink/&lt;&gt;c__DisplayClass23_0::&lt;SendLongRunningMessage&gt;b__0(System.Collections.Generic.KeyValuePair`2&lt;Xunit.Abstractions.ITestCase,System.DateTime&gt;)</Name>
              <FileRef uid="202" />
              <SequencePoints>
                <SequencePoint vc="0" uspid="5816" ordinal="0" offset="0" sl="135" sc="72" el="135" ec="112" bec="0" bev="0" fileid="202" />
              </SequencePoints>
              <BranchPoints />
              <MethodPoint xsi:type="SequencePoint" vc="0" uspid="5816" ordinal="0" offset="0" sl="135" sc="72" el="135" ec="112" bec="0" bev="0" fileid="202" />
            </Method>
            <Method visited="false" cyclomaticComplexity="1" nPathComplexity="0" sequenceCoverage="0" branchCoverage="0" crapScore="2" isConstructor="false" isStatic="false" isGetter="false" isSetter="false">
              <Summary numSequencePoints="1" visitedSequencePoints="0" numBranchPoints="1" visitedBranchPoints="0" sequenceCoverage="0" branchCoverage="0" maxCyclomaticComplexity="1" minCyclomaticComplexity="1" maxCrapScore="2" minCrapScore="2" visitedClasses="0" numClasses="0" visitedMethods="0" numMethods="1" />
              <MetadataToken>100665032</MetadataToken>
              <Name>System.TimeSpan Xunit.DelegatingLongRunningTestDetectionSink/&lt;&gt;c__DisplayClass23_0::&lt;SendLongRunningMessage&gt;b__2(System.Collections.Generic.KeyValuePair`2&lt;Xunit.Abstractions.ITestCase,System.DateTime&gt;)</Name>
              <FileRef uid="202" />
              <SequencePoints>
                <SequencePoint vc="0" uspid="5817" ordinal="0" offset="0" sl="136" sc="89" el="136" ec="102" bec="0" bev="0" fileid="202" />
              </SequencePoints>
              <BranchPoints />
              <MethodPoint xsi:type="SequencePoint" vc="0" uspid="5817" ordinal="0" offset="0" sl="136" sc="89" el="136" ec="102" bec="0" bev="0" fileid="202" />
            </Method>
          </Methods>
        </Class>
        <Class>
          <Summary numSequencePoints="102" visitedSequencePoints="0" numBranchPoints="81" visitedBranchPoints="0" sequenceCoverage="0" branchCoverage="0" maxCyclomaticComplexity="13" minCyclomaticComplexity="1" maxCrapScore="182" minCrapScore="2" visitedClasses="0" numClasses="1" visitedMethods="0" numMethods="23" />
          <FullName>Xunit.DelegatingXmlCreationSink</FullName>
          <Methods>
            <Method visited="false" cyclomaticComplexity="1" nPathComplexity="0" sequenceCoverage="0" branchCoverage="0" crapScore="2" isConstructor="false" isStatic="false" isGetter="true" isSetter="false">
              <Summary numSequencePoints="1" visitedSequencePoints="0" numBranchPoints="1" visitedBranchPoints="0" sequenceCoverage="0" branchCoverage="0" maxCyclomaticComplexity="1" minCyclomaticComplexity="1" maxCrapScore="2" minCrapScore="2" visitedClasses="0" numClasses="0" visitedMethods="0" numMethods="1" />
              <MetadataToken>100664126</MetadataToken>
              <Name>Xunit.ExecutionSummary Xunit.DelegatingXmlCreationSink::get_ExecutionSummary()</Name>
              <FileRef uid="206" />
              <SequencePoints>
                <SequencePoint vc="0" uspid="5818" ordinal="0" offset="0" sl="44" sc="53" el="44" ec="79" bec="0" bev="0" fileid="206" />
              </SequencePoints>
              <BranchPoints />
              <MethodPoint xsi:type="SequencePoint" vc="0" uspid="5818" ordinal="0" offset="0" sl="44" sc="53" el="44" ec="79" bec="0" bev="0" fileid="206" />
            </Method>
            <Method visited="false" cyclomaticComplexity="1" nPathComplexity="0" sequenceCoverage="0" branchCoverage="0" crapScore="2" isConstructor="false" isStatic="false" isGetter="true" isSetter="false">
              <Summary numSequencePoints="1" visitedSequencePoints="0" numBranchPoints="1" visitedBranchPoints="0" sequenceCoverage="0" branchCoverage="0" maxCyclomaticComplexity="1" minCyclomaticComplexity="1" maxCrapScore="2" minCrapScore="2" visitedClasses="0" numClasses="0" visitedMethods="0" numMethods="1" />
              <MetadataToken>100664127</MetadataToken>
              <Name>System.Threading.ManualResetEvent Xunit.DelegatingXmlCreationSink::get_Finished()</Name>
              <FileRef uid="206" />
              <SequencePoints>
                <SequencePoint vc="0" uspid="5819" ordinal="0" offset="0" sl="47" sc="45" el="47" ec="63" bec="0" bev="0" fileid="206" />
              </SequencePoints>
              <BranchPoints />
              <MethodPoint xsi:type="SequencePoint" vc="0" uspid="5819" ordinal="0" offset="0" sl="47" sc="45" el="47" ec="63" bec="0" bev="0" fileid="206" />
            </Method>
            <Method visited="false" cyclomaticComplexity="1" nPathComplexity="0" sequenceCoverage="0" branchCoverage="0" crapScore="2" isConstructor="true" isStatic="false" isGetter="false" isSetter="false">
              <Summary numSequencePoints="9" visitedSequencePoints="0" numBranchPoints="1" visitedBranchPoints="0" sequenceCoverage="0" branchCoverage="0" maxCyclomaticComplexity="1" minCyclomaticComplexity="1" maxCrapScore="2" minCrapScore="2" visitedClasses="0" numClasses="0" visitedMethods="0" numMethods="1" />
              <MetadataToken>100664125</MetadataToken>
              <Name>System.Void Xunit.DelegatingXmlCreationSink::.ctor(Xunit.IExecutionSink,System.Xml.Linq.XElement)</Name>
              <FileRef uid="206" />
              <SequencePoints>
                <SequencePoint vc="0" uspid="5820" ordinal="0" offset="0" sl="23" sc="9" el="23" ec="103" bec="0" bev="0" fileid="206" />
                <SequencePoint vc="0" uspid="5821" ordinal="1" offset="11" sl="30" sc="9" el="31" ec="67" bec="0" bev="0" fileid="206" />
                <SequencePoint vc="0" uspid="5822" ordinal="2" offset="17" sl="33" sc="13" el="33" ec="65" bec="0" bev="0" fileid="206" />
                <SequencePoint vc="0" uspid="5823" ordinal="3" offset="28" sl="34" sc="13" el="34" ec="77" bec="0" bev="0" fileid="206" />
                <SequencePoint vc="0" uspid="5824" ordinal="4" offset="39" sl="36" sc="13" el="36" ec="40" bec="0" bev="0" fileid="206" />
                <SequencePoint vc="0" uspid="5825" ordinal="5" offset="46" sl="37" sc="13" el="37" ec="52" bec="0" bev="0" fileid="206" />
                <SequencePoint vc="0" uspid="5826" ordinal="6" offset="53" sl="39" sc="13" el="39" ec="52" bec="0" bev="0" fileid="206" />
                <SequencePoint vc="0" uspid="5827" ordinal="7" offset="74" sl="40" sc="13" el="40" ec="48" bec="0" bev="0" fileid="206" />
                <SequencePoint vc="0" uspid="5828" ordinal="8" offset="86" sl="41" sc="9" el="41" ec="10" bec="0" bev="0" fileid="206" />
              </SequencePoints>
              <BranchPoints />
              <MethodPoint xsi:type="SequencePoint" vc="0" uspid="5820" ordinal="0" offset="0" sl="23" sc="9" el="23" ec="103" bec="0" bev="0" fileid="206" />
            </Method>
            <Method visited="false" cyclomaticComplexity="13" nPathComplexity="4096" sequenceCoverage="0" branchCoverage="0" crapScore="182" isConstructor="false" isStatic="false" isGetter="false" isSetter="false">
              <Summary numSequencePoints="2" visitedSequencePoints="0" numBranchPoints="25" visitedBranchPoints="0" sequenceCoverage="0" branchCoverage="0" maxCyclomaticComplexity="13" minCyclomaticComplexity="13" maxCrapScore="182" minCrapScore="182" visitedClasses="0" numClasses="0" visitedMethods="0" numMethods="1" />
              <MetadataToken>100664128</MetadataToken>
              <Name>System.Boolean Xunit.DelegatingXmlCreationSink::OnMessageWithTypes(Xunit.Abstractions.IMessageSinkMessage,System.Collections.Generic.HashSet`1&lt;System.String&gt;)</Name>
              <FileRef uid="206" />
              <SequencePoints>
                <SequencePoint vc="0" uspid="5829" ordinal="0" offset="0" sl="54" sc="13" el="54" ec="78" bec="0" bev="0" fileid="206" />
                <SequencePoint vc="0" uspid="5830" ordinal="1" offset="14" sl="56" sc="13" el="69" ec="27" bec="13" bev="0" fileid="206" />
              </SequencePoints>
              <BranchPoints>
                <BranchPoint vc="0" uspid="5831" ordinal="0" offset="33" sl="56" path="0" offsetend="38" fileid="206" />
                <BranchPoint vc="0" uspid="5832" ordinal="1" offset="33" sl="56" path="1" offsetend="305" fileid="206" />
                <BranchPoint vc="0" uspid="5833" ordinal="2" offset="57" sl="56" path="0" offsetend="62" fileid="206" />
                <BranchPoint vc="0" uspid="5834" ordinal="3" offset="57" sl="56" path="1" offsetend="305" fileid="206" />
                <BranchPoint vc="0" uspid="5835" ordinal="4" offset="81" sl="56" path="0" offsetend="86" fileid="206" />
                <BranchPoint vc="0" uspid="5836" ordinal="5" offset="81" sl="56" path="1" offsetend="305" fileid="206" />
                <BranchPoint vc="0" uspid="5837" ordinal="6" offset="105" sl="56" path="0" offsetend="110" fileid="206" />
                <BranchPoint vc="0" uspid="5838" ordinal="7" offset="105" sl="56" path="1" offsetend="305" fileid="206" />
                <BranchPoint vc="0" uspid="5839" ordinal="8" offset="129" sl="56" path="0" offsetend="134" fileid="206" />
                <BranchPoint vc="0" uspid="5840" ordinal="9" offset="129" sl="56" path="1" offsetend="305" fileid="206" />
                <BranchPoint vc="0" uspid="5841" ordinal="10" offset="153" sl="56" path="0" offsetend="158" fileid="206" />
                <BranchPoint vc="0" uspid="5842" ordinal="11" offset="153" sl="56" path="1" offsetend="305" fileid="206" />
                <BranchPoint vc="0" uspid="5843" ordinal="12" offset="177" sl="56" path="0" offsetend="179" fileid="206" />
                <BranchPoint vc="0" uspid="5844" ordinal="13" offset="177" sl="56" path="1" offsetend="305" fileid="206" />
                <BranchPoint vc="0" uspid="5845" ordinal="14" offset="198" sl="56" path="0" offsetend="200" fileid="206" />
                <BranchPoint vc="0" uspid="5846" ordinal="15" offset="198" sl="56" path="1" offsetend="305" fileid="206" />
                <BranchPoint vc="0" uspid="5847" ordinal="16" offset="219" sl="56" path="0" offsetend="221" fileid="206" />
                <BranchPoint vc="0" uspid="5848" ordinal="17" offset="219" sl="56" path="1" offsetend="305" fileid="206" />
                <BranchPoint vc="0" uspid="5849" ordinal="18" offset="240" sl="56" path="0" offsetend="242" fileid="206" />
                <BranchPoint vc="0" uspid="5850" ordinal="19" offset="240" sl="56" path="1" offsetend="305" fileid="206" />
                <BranchPoint vc="0" uspid="5851" ordinal="20" offset="261" sl="56" path="0" offsetend="263" fileid="206" />
                <BranchPoint vc="0" uspid="5852" ordinal="21" offset="261" sl="56" path="1" offsetend="305" fileid="206" />
                <BranchPoint vc="0" uspid="5853" ordinal="22" offset="282" sl="56" path="0" offsetend="284" fileid="206" />
                <BranchPoint vc="0" uspid="5854" ordinal="23" offset="282" sl="56" path="1" offsetend="305" fileid="206" />
              </BranchPoints>
              <MethodPoint xsi:type="SequencePoint" vc="0" uspid="5829" ordinal="0" offset="0" sl="54" sc="13" el="54" ec="78" bec="0" bev="0" fileid="206" />
            </Method>
            <Method visited="false" cyclomaticComplexity="2" nPathComplexity="2" sequenceCoverage="0" branchCoverage="0" crapScore="6" isConstructor="false" isStatic="false" isGetter="false" isSetter="false">
              <Summary numSequencePoints="5" visitedSequencePoints="0" numBranchPoints="3" visitedBranchPoints="0" sequenceCoverage="0" branchCoverage="0" maxCyclomaticComplexity="2" minCyclomaticComplexity="2" maxCrapScore="6" minCrapScore="6" visitedClasses="0" numClasses="0" visitedMethods="0" numMethods="1" />
              <MetadataToken>100664129</MetadataToken>
              <Name>System.Void Xunit.DelegatingXmlCreationSink::AddError(System.String,System.String,Xunit.Abstractions.IFailureInformation)</Name>
              <FileRef uid="206" />
              <SequencePoints>
                <SequencePoint vc="0" uspid="5855" ordinal="0" offset="0" sl="74" sc="13" el="74" ec="119" bec="0" bev="0" fileid="206" />
                <SequencePoint vc="0" uspid="5856" ordinal="1" offset="50" sl="75" sc="13" el="75" ec="30" bec="2" bev="0" fileid="206" />
                <SequencePoint vc="0" uspid="5857" ordinal="2" offset="53" sl="76" sc="17" el="76" ec="64" bec="0" bev="0" fileid="206" />
                <SequencePoint vc="0" uspid="5858" ordinal="3" offset="75" sl="78" sc="13" el="78" ec="45" bec="0" bev="0" fileid="206" />
                <SequencePoint vc="0" uspid="5859" ordinal="4" offset="87" sl="79" sc="9" el="79" ec="10" bec="0" bev="0" fileid="206" />
              </SequencePoints>
              <BranchPoints>
                <BranchPoint vc="0" uspid="5860" ordinal="0" offset="51" sl="75" path="0" offsetend="53" fileid="206" />
                <BranchPoint vc="0" uspid="5861" ordinal="1" offset="51" sl="75" path="1" offsetend="75" fileid="206" />
              </BranchPoints>
              <MethodPoint xsi:type="SequencePoint" vc="0" uspid="5855" ordinal="0" offset="0" sl="74" sc="13" el="74" ec="119" bec="0" bev="0" fileid="206" />
            </Method>
            <Method visited="false" cyclomaticComplexity="2" nPathComplexity="2" sequenceCoverage="0" branchCoverage="0" crapScore="6" isConstructor="false" isStatic="true" isGetter="false" isSetter="false">
              <Summary numSequencePoints="1" visitedSequencePoints="0" numBranchPoints="3" visitedBranchPoints="0" sequenceCoverage="0" branchCoverage="0" maxCyclomaticComplexity="2" minCyclomaticComplexity="2" maxCrapScore="6" minCrapScore="6" visitedClasses="0" numClasses="0" visitedMethods="0" numMethods="1" />
              <MetadataToken>100664130</MetadataToken>
              <Name>System.Xml.Linq.XElement Xunit.DelegatingXmlCreationSink::CreateFailureElement(Xunit.Abstractions.IFailureInformation)</Name>
              <FileRef uid="206" />
              <SequencePoints>
                <SequencePoint vc="0" uspid="5862" ordinal="0" offset="0" sl="82" sc="16" el="86" ec="17" bec="2" bev="0" fileid="206" />
              </SequencePoints>
              <BranchPoints>
                <BranchPoint vc="0" uspid="5863" ordinal="0" offset="95" sl="82" path="0" offsetend="97" fileid="206" />
                <BranchPoint vc="0" uspid="5864" ordinal="1" offset="95" sl="82" path="1" offsetend="103" fileid="206" />
              </BranchPoints>
              <MethodPoint xsi:type="SequencePoint" vc="0" uspid="5862" ordinal="0" offset="0" sl="82" sc="16" el="86" ec="17" bec="2" bev="0" fileid="206" />
            </Method>
            <Method visited="false" cyclomaticComplexity="9" nPathComplexity="64" sequenceCoverage="0" branchCoverage="0" crapScore="90" isConstructor="false" isStatic="false" isGetter="false" isSetter="false">
              <Summary numSequencePoints="30" visitedSequencePoints="0" numBranchPoints="13" visitedBranchPoints="0" sequenceCoverage="0" branchCoverage="0" maxCyclomaticComplexity="9" minCyclomaticComplexity="9" maxCrapScore="90" minCrapScore="90" visitedClasses="0" numClasses="0" visitedMethods="0" numMethods="1" />
              <MetadataToken>100664131</MetadataToken>
              <Name>System.Xml.Linq.XElement Xunit.DelegatingXmlCreationSink::CreateTestResultElement(Xunit.Abstractions.ITestResultMessage,System.String)</Name>
              <FileRef uid="206" />
              <SequencePoints>
                <SequencePoint vc="0" uspid="5865" ordinal="0" offset="0" sl="90" sc="13" el="90" ec="42" bec="0" bev="0" fileid="206" />
                <SequencePoint vc="0" uspid="5866" ordinal="1" offset="7" sl="91" sc="13" el="91" ec="54" bec="0" bev="0" fileid="206" />
                <SequencePoint vc="0" uspid="5867" ordinal="2" offset="14" sl="92" sc="13" el="92" ec="58" bec="0" bev="0" fileid="206" />
                <SequencePoint vc="0" uspid="5868" ordinal="3" offset="21" sl="93" sc="13" el="93" ec="57" bec="0" bev="0" fileid="206" />
                <SequencePoint vc="0" uspid="5869" ordinal="4" offset="28" sl="95" sc="13" el="95" ec="88" bec="0" bev="0" fileid="206" />
                <SequencePoint vc="0" uspid="5870" ordinal="5" offset="42" sl="96" sc="13" el="103" ec="19" bec="0" bev="0" fileid="206" />
                <SequencePoint vc="0" uspid="5871" ordinal="6" offset="209" sl="105" sc="13" el="105" ec="48" bec="0" bev="0" fileid="206" />
                <SequencePoint vc="0" uspid="5872" ordinal="7" offset="217" sl="106" sc="13" el="106" ec="56" bec="2" bev="0" fileid="206" />
                <SequencePoint vc="0" uspid="5873" ordinal="8" offset="226" sl="107" sc="17" el="107" ec="87" bec="0" bev="0" fileid="206" />
                <SequencePoint vc="0" uspid="5874" ordinal="9" offset="255" sl="109" sc="13" el="109" ec="79" bec="0" bev="0" fileid="206" />
                <SequencePoint vc="0" uspid="5875" ordinal="10" offset="263" sl="110" sc="13" el="110" ec="43" bec="2" bev="0" fileid="206" />
                <SequencePoint vc="0" uspid="5876" ordinal="11" offset="267" sl="112" sc="17" el="112" ec="59" bec="0" bev="0" fileid="206" />
                <SequencePoint vc="0" uspid="5877" ordinal="12" offset="276" sl="113" sc="17" el="113" ec="38" bec="2" bev="0" fileid="206" />
                <SequencePoint vc="0" uspid="5878" ordinal="13" offset="280" sl="114" sc="21" el="114" ec="84" bec="0" bev="0" fileid="206" />
                <SequencePoint vc="0" uspid="5879" ordinal="14" offset="304" sl="116" sc="17" el="116" ec="63" bec="0" bev="0" fileid="206" />
                <SequencePoint vc="0" uspid="5880" ordinal="15" offset="313" sl="117" sc="17" el="117" ec="40" bec="2" bev="0" fileid="206" />
                <SequencePoint vc="0" uspid="5881" ordinal="16" offset="322" sl="118" sc="21" el="118" ec="106" bec="0" bev="0" fileid="206" />
                <SequencePoint vc="0" uspid="5882" ordinal="17" offset="356" sl="121" sc="13" el="121" ec="42" bec="0" bev="0" fileid="206" />
                <SequencePoint vc="0" uspid="5883" ordinal="18" offset="364" sl="122" sc="13" el="122" ec="52" bec="3" bev="0" fileid="206" />
                <SequencePoint vc="0" uspid="5884" ordinal="19" offset="384" sl="124" sc="17" el="124" ec="60" bec="0" bev="0" fileid="206" />
                <SequencePoint vc="0" uspid="5885" ordinal="20" offset="401" sl="126" sc="46" el="126" ec="52" bec="0" bev="0" fileid="206" />
                <SequencePoint vc="0" uspid="5886" ordinal="21" offset="415" sl="126" sc="26" el="126" ec="42" bec="0" bev="0" fileid="206" />
                <SequencePoint vc="0" uspid="5887" ordinal="22" offset="424" sl="127" sc="41" el="127" ec="59" bec="0" bev="0" fileid="206" />
                <SequencePoint vc="0" uspid="5888" ordinal="23" offset="440" sl="127" sc="30" el="127" ec="37" bec="0" bev="0" fileid="206" />
                <SequencePoint vc="0" uspid="5889" ordinal="24" offset="449" sl="128" sc="25" el="133" ec="27" bec="0" bev="0" fileid="206" />
                <SequencePoint vc="0" uspid="5890" ordinal="25" offset="532" sl="127" sc="38" el="127" ec="40" bec="0" bev="0" fileid="206" />
                <SequencePoint vc="0" uspid="5891" ordinal="26" offset="557" sl="126" sc="43" el="126" ec="45" bec="0" bev="0" fileid="206" />
                <SequencePoint vc="0" uspid="5892" ordinal="27" offset="585" sl="135" sc="17" el="135" ec="54" bec="0" bev="0" fileid="206" />
                <SequencePoint vc="0" uspid="5893" ordinal="28" offset="594" sl="138" sc="13" el="138" ec="54" bec="0" bev="0" fileid="206" />
                <SequencePoint vc="0" uspid="5894" ordinal="29" offset="603" sl="140" sc="13" el="140" ec="38" bec="0" bev="0" fileid="206" />
              </SequencePoints>
              <BranchPoints>
                <BranchPoint vc="0" uspid="5895" ordinal="0" offset="224" sl="106" path="0" offsetend="226" fileid="206" />
                <BranchPoint vc="0" uspid="5896" ordinal="1" offset="224" sl="106" path="1" offsetend="255" fileid="206" />
                <BranchPoint vc="0" uspid="5897" ordinal="2" offset="265" sl="110" path="0" offsetend="267" fileid="206" />
                <BranchPoint vc="0" uspid="5898" ordinal="3" offset="265" sl="110" path="1" offsetend="356" fileid="206" />
                <BranchPoint vc="0" uspid="5899" ordinal="4" offset="278" sl="113" path="0" offsetend="280" fileid="206" />
                <BranchPoint vc="0" uspid="5900" ordinal="5" offset="278" sl="113" path="1" offsetend="304" fileid="206" />
                <BranchPoint vc="0" uspid="5901" ordinal="6" offset="320" sl="117" path="0" offsetend="322" fileid="206" />
                <BranchPoint vc="0" uspid="5902" ordinal="7" offset="320" sl="117" path="1" offsetend="356" fileid="206" />
                <BranchPoint vc="0" uspid="5903" ordinal="8" offset="366" sl="122" path="0" offsetend="371" fileid="206" />
                <BranchPoint vc="0" uspid="5904" ordinal="9" offset="366" sl="122" path="1" offsetend="594" fileid="206" />
                <BranchPoint vc="0" uspid="5905" ordinal="10" offset="379" sl="122" path="0" offsetend="384" fileid="206" />
                <BranchPoint vc="0" uspid="5906" ordinal="11" offset="379" sl="122" path="1" offsetend="594" fileid="206" />
              </BranchPoints>
              <MethodPoint xsi:type="SequencePoint" vc="0" uspid="5865" ordinal="0" offset="0" sl="90" sc="13" el="90" ec="42" bec="0" bev="0" fileid="206" />
            </Method>
            <Method visited="false" cyclomaticComplexity="1" nPathComplexity="0" sequenceCoverage="0" branchCoverage="0" crapScore="2" isConstructor="false" isStatic="false" isGetter="false" isSetter="false">
              <Summary numSequencePoints="1" visitedSequencePoints="0" numBranchPoints="1" visitedBranchPoints="0" sequenceCoverage="0" branchCoverage="0" maxCyclomaticComplexity="1" minCyclomaticComplexity="1" maxCrapScore="2" minCrapScore="2" visitedClasses="0" numClasses="0" visitedMethods="0" numMethods="1" />
              <MetadataToken>100664132</MetadataToken>
              <Name>System.Void Xunit.DelegatingXmlCreationSink::Dispose()</Name>
              <FileRef uid="206" />
              <SequencePoints>
                <SequencePoint vc="0" uspid="5911" ordinal="0" offset="0" sl="145" sc="16" el="145" ec="35" bec="0" bev="0" fileid="206" />
              </SequencePoints>
              <BranchPoints />
              <MethodPoint xsi:type="SequencePoint" vc="0" uspid="5911" ordinal="0" offset="0" sl="145" sc="16" el="145" ec="35" bec="0" bev="0" fileid="206" />
            </Method>
            <Method visited="false" cyclomaticComplexity="3" nPathComplexity="2" sequenceCoverage="0" branchCoverage="0" crapScore="12" isConstructor="false" isStatic="false" isGetter="false" isSetter="false">
              <Summary numSequencePoints="3" visitedSequencePoints="0" numBranchPoints="3" visitedBranchPoints="0" sequenceCoverage="0" branchCoverage="0" maxCyclomaticComplexity="3" minCyclomaticComplexity="3" maxCrapScore="12" minCrapScore="12" visitedClasses="0" numClasses="0" visitedMethods="0" numMethods="1" />
              <MetadataToken>100664133</MetadataToken>
              <Name>System.Xml.Linq.XElement Xunit.DelegatingXmlCreationSink::GetTestCollectionElement(Xunit.Abstractions.ITestCollection)</Name>
              <FileRef uid="206" />
              <SequencePoints>
                <SequencePoint vc="0" uspid="5912" ordinal="0" offset="0" sl="149" sc="13" el="149" ec="42" bec="0" bev="0" fileid="206" />
                <SequencePoint vc="0" uspid="5913" ordinal="1" offset="17" sl="150" sc="17" el="150" ec="115" bec="2" bev="0" fileid="206" />
                <SequencePoint vc="0" uspid="5914" ordinal="2" offset="78" sl="151" sc="9" el="151" ec="10" bec="0" bev="0" fileid="206" />
              </SequencePoints>
              <BranchPoints>
                <BranchPoint vc="0" uspid="5915" ordinal="0" offset="35" sl="150" path="0" offsetend="37" fileid="206" />
                <BranchPoint vc="0" uspid="5916" ordinal="1" offset="35" sl="150" path="1" offsetend="60" fileid="206" />
              </BranchPoints>
              <MethodPoint xsi:type="SequencePoint" vc="0" uspid="5912" ordinal="0" offset="0" sl="149" sc="13" el="149" ec="42" bec="0" bev="0" fileid="206" />
            </Method>
            <Method visited="false" cyclomaticComplexity="1" nPathComplexity="0" sequenceCoverage="0" branchCoverage="0" crapScore="2" isConstructor="false" isStatic="false" isGetter="false" isSetter="false">
              <Summary numSequencePoints="1" visitedSequencePoints="0" numBranchPoints="1" visitedBranchPoints="0" sequenceCoverage="0" branchCoverage="0" maxCyclomaticComplexity="1" minCyclomaticComplexity="1" maxCrapScore="2" minCrapScore="2" visitedClasses="0" numClasses="0" visitedMethods="0" numMethods="1" />
              <MetadataToken>100664134</MetadataToken>
              <Name>System.Void Xunit.DelegatingXmlCreationSink::HandleErrorMessage(Xunit.MessageHandlerArgs`1&lt;Xunit.Abstractions.IErrorMessage&gt;)</Name>
              <FileRef uid="206" />
              <SequencePoints>
                <SequencePoint vc="0" uspid="5917" ordinal="0" offset="0" sl="154" sc="16" el="154" ec="53" bec="0" bev="0" fileid="206" />
              </SequencePoints>
              <BranchPoints />
              <MethodPoint xsi:type="SequencePoint" vc="0" uspid="5917" ordinal="0" offset="0" sl="154" sc="16" el="154" ec="53" bec="0" bev="0" fileid="206" />
            </Method>
            <Method visited="false" cyclomaticComplexity="1" nPathComplexity="0" sequenceCoverage="0" branchCoverage="0" crapScore="2" isConstructor="false" isStatic="false" isGetter="false" isSetter="false">
              <Summary numSequencePoints="1" visitedSequencePoints="0" numBranchPoints="1" visitedBranchPoints="0" sequenceCoverage="0" branchCoverage="0" maxCyclomaticComplexity="1" minCyclomaticComplexity="1" maxCrapScore="2" minCrapScore="2" visitedClasses="0" numClasses="0" visitedMethods="0" numMethods="1" />
              <MetadataToken>100664135</MetadataToken>
              <Name>System.Void Xunit.DelegatingXmlCreationSink::HandleTestAssemblyCleanupFailure(Xunit.MessageHandlerArgs`1&lt;Xunit.Abstractions.ITestAssemblyCleanupFailure&gt;)</Name>
              <FileRef uid="206" />
              <SequencePoints>
                <SequencePoint vc="0" uspid="5918" ordinal="0" offset="0" sl="157" sc="16" el="157" ec="107" bec="0" bev="0" fileid="206" />
              </SequencePoints>
              <BranchPoints />
              <MethodPoint xsi:type="SequencePoint" vc="0" uspid="5918" ordinal="0" offset="0" sl="157" sc="16" el="157" ec="107" bec="0" bev="0" fileid="206" />
            </Method>
            <Method visited="false" cyclomaticComplexity="2" nPathComplexity="0" sequenceCoverage="0" branchCoverage="0" crapScore="6" isConstructor="false" isStatic="false" isGetter="false" isSetter="false">
              <Summary numSequencePoints="6" visitedSequencePoints="0" numBranchPoints="1" visitedBranchPoints="0" sequenceCoverage="0" branchCoverage="0" maxCyclomaticComplexity="2" minCyclomaticComplexity="2" maxCrapScore="6" minCrapScore="6" visitedClasses="0" numClasses="0" visitedMethods="0" numMethods="1" />
              <MetadataToken>100664136</MetadataToken>
              <Name>System.Void Xunit.DelegatingXmlCreationSink::HandleTestAssemblyFinished(Xunit.MessageHandlerArgs`1&lt;Xunit.Abstractions.ITestAssemblyFinished&gt;)</Name>
              <FileRef uid="206" />
              <SequencePoints>
                <SequencePoint vc="0" uspid="5919" ordinal="0" offset="0" sl="161" sc="13" el="168" ec="15" bec="0" bev="0" fileid="206" />
                <SequencePoint vc="0" uspid="5920" ordinal="1" offset="258" sl="170" sc="37" el="170" ec="66" bec="0" bev="0" fileid="206" />
                <SequencePoint vc="0" uspid="5921" ordinal="2" offset="277" sl="170" sc="22" el="170" ec="33" bec="0" bev="0" fileid="206" />
                <SequencePoint vc="0" uspid="5922" ordinal="3" offset="285" sl="171" sc="17" el="171" ec="46" bec="0" bev="0" fileid="206" />
                <SequencePoint vc="0" uspid="5923" ordinal="4" offset="297" sl="170" sc="34" el="170" ec="36" bec="0" bev="0" fileid="206" />
                <SequencePoint vc="0" uspid="5924" ordinal="5" offset="322" sl="172" sc="9" el="172" ec="10" bec="0" bev="0" fileid="206" />
              </SequencePoints>
              <BranchPoints />
              <MethodPoint xsi:type="SequencePoint" vc="0" uspid="5919" ordinal="0" offset="0" sl="161" sc="13" el="168" ec="15" bec="0" bev="0" fileid="206" />
            </Method>
            <Method visited="false" cyclomaticComplexity="2" nPathComplexity="2" sequenceCoverage="0" branchCoverage="0" crapScore="6" isConstructor="false" isStatic="false" isGetter="false" isSetter="false">
              <Summary numSequencePoints="5" visitedSequencePoints="0" numBranchPoints="3" visitedBranchPoints="0" sequenceCoverage="0" branchCoverage="0" maxCyclomaticComplexity="2" minCyclomaticComplexity="2" maxCrapScore="6" minCrapScore="6" visitedClasses="0" numClasses="0" visitedMethods="0" numMethods="1" />
              <MetadataToken>100664137</MetadataToken>
              <Name>System.Void Xunit.DelegatingXmlCreationSink::HandleTestAssemblyStarting(Xunit.MessageHandlerArgs`1&lt;Xunit.Abstractions.ITestAssemblyStarting&gt;)</Name>
              <FileRef uid="206" />
              <SequencePoints>
                <SequencePoint vc="0" uspid="5927" ordinal="0" offset="0" sl="176" sc="13" el="176" ec="49" bec="0" bev="0" fileid="206" />
                <SequencePoint vc="0" uspid="5928" ordinal="1" offset="7" sl="177" sc="13" el="183" ec="15" bec="0" bev="0" fileid="206" />
                <SequencePoint vc="0" uspid="5929" ordinal="2" offset="190" sl="185" sc="13" el="185" ec="70" bec="2" bev="0" fileid="206" />
                <SequencePoint vc="0" uspid="5930" ordinal="3" offset="203" sl="186" sc="17" el="186" ec="114" bec="0" bev="0" fileid="206" />
                <SequencePoint vc="0" uspid="5931" ordinal="4" offset="240" sl="187" sc="9" el="187" ec="10" bec="0" bev="0" fileid="206" />
              </SequencePoints>
              <BranchPoints>
                <BranchPoint vc="0" uspid="5932" ordinal="0" offset="201" sl="185" path="0" offsetend="203" fileid="206" />
                <BranchPoint vc="0" uspid="5933" ordinal="1" offset="201" sl="185" path="1" offsetend="240" fileid="206" />
              </BranchPoints>
              <MethodPoint xsi:type="SequencePoint" vc="0" uspid="5927" ordinal="0" offset="0" sl="176" sc="13" el="176" ec="49" bec="0" bev="0" fileid="206" />
            </Method>
            <Method visited="false" cyclomaticComplexity="1" nPathComplexity="0" sequenceCoverage="0" branchCoverage="0" crapScore="2" isConstructor="false" isStatic="false" isGetter="false" isSetter="false">
              <Summary numSequencePoints="1" visitedSequencePoints="0" numBranchPoints="1" visitedBranchPoints="0" sequenceCoverage="0" branchCoverage="0" maxCyclomaticComplexity="1" minCyclomaticComplexity="1" maxCrapScore="2" minCrapScore="2" visitedClasses="0" numClasses="0" visitedMethods="0" numMethods="1" />
              <MetadataToken>100664138</MetadataToken>
              <Name>System.Void Xunit.DelegatingXmlCreationSink::HandleTestCaseCleanupFailure(Xunit.MessageHandlerArgs`1&lt;Xunit.Abstractions.ITestCaseCleanupFailure&gt;)</Name>
              <FileRef uid="206" />
              <SequencePoints>
                <SequencePoint vc="0" uspid="5934" ordinal="0" offset="0" sl="190" sc="16" el="190" ec="94" bec="0" bev="0" fileid="206" />
              </SequencePoints>
              <BranchPoints />
              <MethodPoint xsi:type="SequencePoint" vc="0" uspid="5934" ordinal="0" offset="0" sl="190" sc="16" el="190" ec="94" bec="0" bev="0" fileid="206" />
            </Method>
            <Method visited="false" cyclomaticComplexity="1" nPathComplexity="0" sequenceCoverage="0" branchCoverage="0" crapScore="2" isConstructor="false" isStatic="false" isGetter="false" isSetter="false">
              <Summary numSequencePoints="1" visitedSequencePoints="0" numBranchPoints="1" visitedBranchPoints="0" sequenceCoverage="0" branchCoverage="0" maxCyclomaticComplexity="1" minCyclomaticComplexity="1" maxCrapScore="2" minCrapScore="2" visitedClasses="0" numClasses="0" visitedMethods="0" numMethods="1" />
              <MetadataToken>100664139</MetadataToken>
              <Name>System.Void Xunit.DelegatingXmlCreationSink::HandleTestClassCleanupFailure(Xunit.MessageHandlerArgs`1&lt;Xunit.Abstractions.ITestClassCleanupFailure&gt;)</Name>
              <FileRef uid="206" />
              <SequencePoints>
                <SequencePoint vc="0" uspid="5935" ordinal="0" offset="0" sl="193" sc="16" el="193" ec="95" bec="0" bev="0" fileid="206" />
              </SequencePoints>
              <BranchPoints />
              <MethodPoint xsi:type="SequencePoint" vc="0" uspid="5935" ordinal="0" offset="0" sl="193" sc="16" el="193" ec="95" bec="0" bev="0" fileid="206" />
            </Method>
            <Method visited="false" cyclomaticComplexity="1" nPathComplexity="0" sequenceCoverage="0" branchCoverage="0" crapScore="2" isConstructor="false" isStatic="false" isGetter="false" isSetter="false">
              <Summary numSequencePoints="1" visitedSequencePoints="0" numBranchPoints="1" visitedBranchPoints="0" sequenceCoverage="0" branchCoverage="0" maxCyclomaticComplexity="1" minCyclomaticComplexity="1" maxCrapScore="2" minCrapScore="2" visitedClasses="0" numClasses="0" visitedMethods="0" numMethods="1" />
              <MetadataToken>100664140</MetadataToken>
              <Name>System.Void Xunit.DelegatingXmlCreationSink::HandleTestCleanupFailure(Xunit.MessageHandlerArgs`1&lt;Xunit.Abstractions.ITestCleanupFailure&gt;)</Name>
              <FileRef uid="206" />
              <SequencePoints>
                <SequencePoint vc="0" uspid="5936" ordinal="0" offset="0" sl="196" sc="16" el="196" ec="85" bec="0" bev="0" fileid="206" />
              </SequencePoints>
              <BranchPoints />
              <MethodPoint xsi:type="SequencePoint" vc="0" uspid="5936" ordinal="0" offset="0" sl="196" sc="16" el="196" ec="85" bec="0" bev="0" fileid="206" />
            </Method>
            <Method visited="false" cyclomaticComplexity="1" nPathComplexity="0" sequenceCoverage="0" branchCoverage="0" crapScore="2" isConstructor="false" isStatic="false" isGetter="false" isSetter="false">
              <Summary numSequencePoints="1" visitedSequencePoints="0" numBranchPoints="1" visitedBranchPoints="0" sequenceCoverage="0" branchCoverage="0" maxCyclomaticComplexity="1" minCyclomaticComplexity="1" maxCrapScore="2" minCrapScore="2" visitedClasses="0" numClasses="0" visitedMethods="0" numMethods="1" />
              <MetadataToken>100664141</MetadataToken>
              <Name>System.Void Xunit.DelegatingXmlCreationSink::HandleTestCollectionCleanupFailure(Xunit.MessageHandlerArgs`1&lt;Xunit.Abstractions.ITestCollectionCleanupFailure&gt;)</Name>
              <FileRef uid="206" />
              <SequencePoints>
                <SequencePoint vc="0" uspid="5937" ordinal="0" offset="0" sl="199" sc="16" el="199" ec="106" bec="0" bev="0" fileid="206" />
              </SequencePoints>
              <BranchPoints />
              <MethodPoint xsi:type="SequencePoint" vc="0" uspid="5937" ordinal="0" offset="0" sl="199" sc="16" el="199" ec="106" bec="0" bev="0" fileid="206" />
            </Method>
            <Method visited="false" cyclomaticComplexity="1" nPathComplexity="0" sequenceCoverage="0" branchCoverage="0" crapScore="2" isConstructor="false" isStatic="false" isGetter="false" isSetter="false">
              <Summary numSequencePoints="4" visitedSequencePoints="0" numBranchPoints="1" visitedBranchPoints="0" sequenceCoverage="0" branchCoverage="0" maxCyclomaticComplexity="1" minCyclomaticComplexity="1" maxCrapScore="2" minCrapScore="2" visitedClasses="0" numClasses="0" visitedMethods="0" numMethods="1" />
              <MetadataToken>100664142</MetadataToken>
              <Name>System.Void Xunit.DelegatingXmlCreationSink::HandleTestCollectionFinished(Xunit.MessageHandlerArgs`1&lt;Xunit.Abstractions.ITestCollectionFinished&gt;)</Name>
              <FileRef uid="206" />
              <SequencePoints>
                <SequencePoint vc="0" uspid="5938" ordinal="0" offset="0" sl="203" sc="13" el="203" ec="55" bec="0" bev="0" fileid="206" />
                <SequencePoint vc="0" uspid="5939" ordinal="1" offset="7" sl="204" sc="13" el="204" ec="101" bec="0" bev="0" fileid="206" />
                <SequencePoint vc="0" uspid="5940" ordinal="2" offset="19" sl="205" sc="13" el="212" ec="15" bec="0" bev="0" fileid="206" />
                <SequencePoint vc="0" uspid="5941" ordinal="3" offset="236" sl="213" sc="9" el="213" ec="10" bec="0" bev="0" fileid="206" />
              </SequencePoints>
              <BranchPoints />
              <MethodPoint xsi:type="SequencePoint" vc="0" uspid="5938" ordinal="0" offset="0" sl="203" sc="13" el="203" ec="55" bec="0" bev="0" fileid="206" />
            </Method>
            <Method visited="false" cyclomaticComplexity="1" nPathComplexity="0" sequenceCoverage="0" branchCoverage="0" crapScore="2" isConstructor="false" isStatic="false" isGetter="false" isSetter="false">
              <Summary numSequencePoints="4" visitedSequencePoints="0" numBranchPoints="1" visitedBranchPoints="0" sequenceCoverage="0" branchCoverage="0" maxCyclomaticComplexity="1" minCyclomaticComplexity="1" maxCrapScore="2" minCrapScore="2" visitedClasses="0" numClasses="0" visitedMethods="0" numMethods="1" />
              <MetadataToken>100664143</MetadataToken>
              <Name>System.Void Xunit.DelegatingXmlCreationSink::HandleTestFailed(Xunit.MessageHandlerArgs`1&lt;Xunit.Abstractions.ITestFailed&gt;)</Name>
              <FileRef uid="206" />
              <SequencePoints>
                <SequencePoint vc="0" uspid="5942" ordinal="0" offset="0" sl="217" sc="13" el="217" ec="43" bec="0" bev="0" fileid="206" />
                <SequencePoint vc="0" uspid="5943" ordinal="1" offset="7" sl="218" sc="13" el="218" ec="75" bec="0" bev="0" fileid="206" />
                <SequencePoint vc="0" uspid="5944" ordinal="2" offset="19" sl="219" sc="13" el="219" ec="63" bec="0" bev="0" fileid="206" />
                <SequencePoint vc="0" uspid="5945" ordinal="3" offset="30" sl="220" sc="9" el="220" ec="10" bec="0" bev="0" fileid="206" />
              </SequencePoints>
              <BranchPoints />
              <MethodPoint xsi:type="SequencePoint" vc="0" uspid="5942" ordinal="0" offset="0" sl="217" sc="13" el="217" ec="43" bec="0" bev="0" fileid="206" />
            </Method>
            <Method visited="false" cyclomaticComplexity="1" nPathComplexity="0" sequenceCoverage="0" branchCoverage="0" crapScore="2" isConstructor="false" isStatic="false" isGetter="false" isSetter="false">
              <Summary numSequencePoints="1" visitedSequencePoints="0" numBranchPoints="1" visitedBranchPoints="0" sequenceCoverage="0" branchCoverage="0" maxCyclomaticComplexity="1" minCyclomaticComplexity="1" maxCrapScore="2" minCrapScore="2" visitedClasses="0" numClasses="0" visitedMethods="0" numMethods="1" />
              <MetadataToken>100664144</MetadataToken>
              <Name>System.Void Xunit.DelegatingXmlCreationSink::HandleTestMethodCleanupFailure(Xunit.MessageHandlerArgs`1&lt;Xunit.Abstractions.ITestMethodCleanupFailure&gt;)</Name>
              <FileRef uid="206" />
              <SequencePoints>
                <SequencePoint vc="0" uspid="5946" ordinal="0" offset="0" sl="223" sc="16" el="223" ec="98" bec="0" bev="0" fileid="206" />
              </SequencePoints>
              <BranchPoints />
              <MethodPoint xsi:type="SequencePoint" vc="0" uspid="5946" ordinal="0" offset="0" sl="223" sc="16" el="223" ec="98" bec="0" bev="0" fileid="206" />
            </Method>
            <Method visited="false" cyclomaticComplexity="1" nPathComplexity="0" sequenceCoverage="0" branchCoverage="0" crapScore="2" isConstructor="false" isStatic="false" isGetter="false" isSetter="false">
              <Summary numSequencePoints="1" visitedSequencePoints="0" numBranchPoints="1" visitedBranchPoints="0" sequenceCoverage="0" branchCoverage="0" maxCyclomaticComplexity="1" minCyclomaticComplexity="1" maxCrapScore="2" minCrapScore="2" visitedClasses="0" numClasses="0" visitedMethods="0" numMethods="1" />
              <MetadataToken>100664145</MetadataToken>
              <Name>System.Void Xunit.DelegatingXmlCreationSink::HandleTestPassed(Xunit.MessageHandlerArgs`1&lt;Xunit.Abstractions.ITestPassed&gt;)</Name>
              <FileRef uid="206" />
              <SequencePoints>
                <SequencePoint vc="0" uspid="5947" ordinal="0" offset="0" sl="226" sc="16" el="226" ec="61" bec="0" bev="0" fileid="206" />
              </SequencePoints>
              <BranchPoints />
              <MethodPoint xsi:type="SequencePoint" vc="0" uspid="5947" ordinal="0" offset="0" sl="226" sc="16" el="226" ec="61" bec="0" bev="0" fileid="206" />
            </Method>
            <Method visited="false" cyclomaticComplexity="1" nPathComplexity="0" sequenceCoverage="0" branchCoverage="0" crapScore="2" isConstructor="false" isStatic="false" isGetter="false" isSetter="false">
              <Summary numSequencePoints="4" visitedSequencePoints="0" numBranchPoints="1" visitedBranchPoints="0" sequenceCoverage="0" branchCoverage="0" maxCyclomaticComplexity="1" minCyclomaticComplexity="1" maxCrapScore="2" minCrapScore="2" visitedClasses="0" numClasses="0" visitedMethods="0" numMethods="1" />
              <MetadataToken>100664146</MetadataToken>
              <Name>System.Void Xunit.DelegatingXmlCreationSink::HandleTestSkipped(Xunit.MessageHandlerArgs`1&lt;Xunit.Abstractions.ITestSkipped&gt;)</Name>
              <FileRef uid="206" />
              <SequencePoints>
                <SequencePoint vc="0" uspid="5948" ordinal="0" offset="0" sl="230" sc="13" el="230" ec="44" bec="0" bev="0" fileid="206" />
                <SequencePoint vc="0" uspid="5949" ordinal="1" offset="7" sl="231" sc="13" el="231" ec="76" bec="0" bev="0" fileid="206" />
                <SequencePoint vc="0" uspid="5950" ordinal="2" offset="19" sl="232" sc="13" el="232" ec="96" bec="0" bev="0" fileid="206" />
                <SequencePoint vc="0" uspid="5951" ordinal="3" offset="55" sl="233" sc="9" el="233" ec="10" bec="0" bev="0" fileid="206" />
              </SequencePoints>
              <BranchPoints />
              <MethodPoint xsi:type="SequencePoint" vc="0" uspid="5948" ordinal="0" offset="0" sl="230" sc="13" el="230" ec="44" bec="0" bev="0" fileid="206" />
            </Method>
            <Method visited="false" cyclomaticComplexity="8" nPathComplexity="128" sequenceCoverage="0" branchCoverage="0" crapScore="72" isConstructor="false" isStatic="true" isGetter="false" isSetter="false">
              <Summary numSequencePoints="18" visitedSequencePoints="0" numBranchPoints="15" visitedBranchPoints="0" sequenceCoverage="0" branchCoverage="0" maxCyclomaticComplexity="8" minCyclomaticComplexity="8" maxCrapScore="72" minCrapScore="72" visitedClasses="0" numClasses="0" visitedMethods="0" numMethods="1" />
              <MetadataToken>100664147</MetadataToken>
              <Name>System.String Xunit.DelegatingXmlCreationSink::XmlEscape(System.String)</Name>
              <FileRef uid="206" />
              <SequencePoints>
                <SequencePoint vc="0" uspid="5952" ordinal="0" offset="0" sl="243" sc="13" el="243" ec="31" bec="2" bev="0" fileid="206" />
                <SequencePoint vc="0" uspid="5953" ordinal="1" offset="3" sl="244" sc="17" el="244" ec="37" bec="0" bev="0" fileid="206" />
                <SequencePoint vc="0" uspid="5954" ordinal="2" offset="9" sl="246" sc="13" el="255" ec="48" bec="0" bev="0" fileid="206" />
                <SequencePoint vc="0" uspid="5955" ordinal="3" offset="162" sl="257" sc="13" el="257" ec="64" bec="0" bev="0" fileid="206" />
                <SequencePoint vc="0" uspid="5956" ordinal="4" offset="174" sl="258" sc="18" el="258" ec="29" bec="0" bev="0" fileid="206" />
                <SequencePoint vc="0" uspid="5957" ordinal="5" offset="181" sl="260" sc="17" el="260" ec="38" bec="0" bev="0" fileid="206" />
                <SequencePoint vc="0" uspid="5958" ordinal="6" offset="189" sl="261" sc="17" el="261" ec="29" bec="2" bev="0" fileid="206" />
                <SequencePoint vc="0" uspid="5959" ordinal="7" offset="194" sl="262" sc="21" el="262" ec="71" bec="0" bev="0" fileid="206" />
                <SequencePoint vc="0" uspid="5960" ordinal="8" offset="227" sl="263" sc="22" el="263" ec="59" bec="2" bev="0" fileid="206" />
                <SequencePoint vc="0" uspid="5961" ordinal="9" offset="236" sl="265" sc="21" el="265" ec="45" bec="0" bev="0" fileid="206" />
                <SequencePoint vc="0" uspid="5962" ordinal="10" offset="244" sl="266" sc="21" el="266" ec="55" bec="0" bev="0" fileid="206" />
                <SequencePoint vc="0" uspid="5963" ordinal="11" offset="262" sl="267" sc="17" el="267" ec="18" bec="0" bev="0" fileid="206" />
                <SequencePoint vc="0" uspid="5964" ordinal="12" offset="264" sl="269" sc="22" el="269" ec="83" bec="4" bev="0" fileid="206" />
                <SequencePoint vc="0" uspid="5965" ordinal="13" offset="288" sl="270" sc="21" el="270" ec="71" bec="0" bev="0" fileid="206" />
                <SequencePoint vc="0" uspid="5966" ordinal="14" offset="321" sl="272" sc="21" el="272" ec="45" bec="0" bev="0" fileid="206" />
                <SequencePoint vc="0" uspid="5967" ordinal="15" offset="329" sl="258" sc="51" el="258" ec="56" bec="0" bev="0" fileid="206" />
                <SequencePoint vc="0" uspid="5968" ordinal="16" offset="333" sl="258" sc="31" el="258" ec="49" bec="2" bev="0" fileid="206" />
                <SequencePoint vc="0" uspid="5969" ordinal="17" offset="345" sl="275" sc="13" el="275" ec="44" bec="0" bev="0" fileid="206" />
              </SequencePoints>
              <BranchPoints>
                <BranchPoint vc="0" uspid="5970" ordinal="0" offset="1" sl="243" path="0" offsetend="3" fileid="206" />
                <BranchPoint vc="0" uspid="5971" ordinal="1" offset="1" sl="243" path="1" offsetend="9" fileid="206" />
                <BranchPoint vc="0" uspid="5972" ordinal="2" offset="192" sl="261" path="0" offsetend="194" fileid="206" />
                <BranchPoint vc="0" uspid="5973" ordinal="3" offset="192" sl="261" path="1" offsetend="227" fileid="206" />
                <BranchPoint vc="0" uspid="5974" ordinal="4" offset="234" sl="263" path="0" offsetend="236" fileid="206" />
                <BranchPoint vc="0" uspid="5975" ordinal="5" offset="234" sl="263" path="1" offsetend="264" fileid="206" />
                <BranchPoint vc="0" uspid="5976" ordinal="6" offset="270" sl="269" path="0" offsetend="272" fileid="206" />
                <BranchPoint vc="0" uspid="5977" ordinal="7" offset="270" sl="269" path="1" offsetend="288" fileid="206" />
                <BranchPoint vc="0" uspid="5978" ordinal="8" offset="278" sl="269" path="0" offsetend="280" fileid="206" />
                <BranchPoint vc="0" uspid="5979" ordinal="9" offset="278" sl="269" path="1" offsetend="288" fileid="206" />
                <BranchPoint vc="0" uspid="5980" ordinal="10" offset="286" sl="269" path="0" offsetend="288" fileid="206" />
                <BranchPoint vc="0" uspid="5981" ordinal="11" offset="286" sl="269" path="1" offsetend="321" fileid="206" />
                <BranchPoint vc="0" uspid="5982" ordinal="12" offset="340" sl="258" path="0" offsetend="345" fileid="206" />
                <BranchPoint vc="0" uspid="5983" ordinal="13" offset="340" sl="258" path="1" offsetend="181" fileid="206" />
              </BranchPoints>
              <MethodPoint xsi:type="SequencePoint" vc="0" uspid="5952" ordinal="0" offset="0" sl="243" sc="13" el="243" ec="31" bec="2" bev="0" fileid="206" />
            </Method>
          </Methods>
        </Class>
        <Class>
          <Summary numSequencePoints="1" visitedSequencePoints="0" numBranchPoints="1" visitedBranchPoints="0" sequenceCoverage="0" branchCoverage="0" maxCyclomaticComplexity="1" minCyclomaticComplexity="1" maxCrapScore="2" minCrapScore="2" visitedClasses="0" numClasses="1" visitedMethods="0" numMethods="1" />
          <FullName>Xunit.DelegatingXmlCreationSink/&lt;&gt;c</FullName>
          <Methods>
            <Method visited="false" cyclomaticComplexity="1" nPathComplexity="0" sequenceCoverage="0" branchCoverage="0" crapScore="2" isConstructor="true" isStatic="true" isGetter="false" isSetter="false">
              <Summary numSequencePoints="0" visitedSequencePoints="0" numBranchPoints="0" visitedBranchPoints="0" sequenceCoverage="0" branchCoverage="0" maxCyclomaticComplexity="1" minCyclomaticComplexity="1" maxCrapScore="2" minCrapScore="2" visitedClasses="0" numClasses="0" visitedMethods="0" numMethods="0" />
              <MetadataToken>100665033</MetadataToken>
              <Name>System.Void Xunit.DelegatingXmlCreationSink/&lt;&gt;c::.cctor()</Name>
              <SequencePoints />
              <BranchPoints />
              <MethodPoint vc="0" uspid="5984" ordinal="0" offset="0" />
            </Method>
            <Method visited="false" cyclomaticComplexity="1" nPathComplexity="0" sequenceCoverage="0" branchCoverage="0" crapScore="2" isConstructor="true" isStatic="false" isGetter="false" isSetter="false">
              <Summary numSequencePoints="0" visitedSequencePoints="0" numBranchPoints="0" visitedBranchPoints="0" sequenceCoverage="0" branchCoverage="0" maxCyclomaticComplexity="1" minCyclomaticComplexity="1" maxCrapScore="2" minCrapScore="2" visitedClasses="0" numClasses="0" visitedMethods="0" numMethods="0" />
              <MetadataToken>100665034</MetadataToken>
              <Name>System.Void Xunit.DelegatingXmlCreationSink/&lt;&gt;c::.ctor()</Name>
              <SequencePoints />
              <BranchPoints />
              <MethodPoint vc="0" uspid="5985" ordinal="0" offset="0" />
            </Method>
            <Method visited="false" cyclomaticComplexity="1" nPathComplexity="0" sequenceCoverage="0" branchCoverage="0" crapScore="2" isConstructor="false" isStatic="false" isGetter="false" isSetter="false">
              <Summary numSequencePoints="1" visitedSequencePoints="0" numBranchPoints="1" visitedBranchPoints="0" sequenceCoverage="0" branchCoverage="0" maxCyclomaticComplexity="1" minCyclomaticComplexity="1" maxCrapScore="2" minCrapScore="2" visitedClasses="0" numClasses="0" visitedMethods="0" numMethods="1" />
              <MetadataToken>100665035</MetadataToken>
              <Name>System.Xml.Linq.XElement Xunit.DelegatingXmlCreationSink/&lt;&gt;c::&lt;GetTestCollectionElement&gt;b__14_0()</Name>
              <FileRef uid="206" />
              <SequencePoints>
                <SequencePoint vc="0" uspid="5986" ordinal="0" offset="0" sl="150" sc="87" el="150" ec="113" bec="0" bev="0" fileid="206" />
              </SequencePoints>
              <BranchPoints />
              <MethodPoint xsi:type="SequencePoint" vc="0" uspid="5986" ordinal="0" offset="0" sl="150" sc="87" el="150" ec="113" bec="0" bev="0" fileid="206" />
            </Method>
          </Methods>
        </Class>
        <Class>
          <Summary numSequencePoints="2" visitedSequencePoints="0" numBranchPoints="4" visitedBranchPoints="0" sequenceCoverage="0" branchCoverage="0" maxCyclomaticComplexity="2" minCyclomaticComplexity="1" maxCrapScore="6" minCrapScore="2" visitedClasses="0" numClasses="1" visitedMethods="0" numMethods="2" />
          <FullName>Xunit.DiagnosticEventSink</FullName>
          <Methods>
            <Method visited="false" cyclomaticComplexity="2" nPathComplexity="0" sequenceCoverage="0" branchCoverage="0" crapScore="6" isConstructor="false" isStatic="false" isGetter="false" isSetter="false">
              <Summary numSequencePoints="0" visitedSequencePoints="0" numBranchPoints="0" visitedBranchPoints="0" sequenceCoverage="0" branchCoverage="0" maxCyclomaticComplexity="2" minCyclomaticComplexity="2" maxCrapScore="6" minCrapScore="6" visitedClasses="0" numClasses="0" visitedMethods="0" numMethods="0" />
              <MetadataToken>100664148</MetadataToken>
              <Name>System.Void Xunit.DiagnosticEventSink::add_DiagnosticMessageEvent(Xunit.MessageHandler`1&lt;Xunit.Abstractions.IDiagnosticMessage&gt;)</Name>
              <SequencePoints />
              <BranchPoints />
              <MethodPoint vc="0" uspid="5987" ordinal="0" offset="0" />
            </Method>
            <Method visited="false" cyclomaticComplexity="2" nPathComplexity="0" sequenceCoverage="0" branchCoverage="0" crapScore="6" isConstructor="false" isStatic="false" isGetter="false" isSetter="false">
              <Summary numSequencePoints="0" visitedSequencePoints="0" numBranchPoints="0" visitedBranchPoints="0" sequenceCoverage="0" branchCoverage="0" maxCyclomaticComplexity="2" minCyclomaticComplexity="2" maxCrapScore="6" minCrapScore="6" visitedClasses="0" numClasses="0" visitedMethods="0" numMethods="0" />
              <MetadataToken>100664149</MetadataToken>
              <Name>System.Void Xunit.DiagnosticEventSink::remove_DiagnosticMessageEvent(Xunit.MessageHandler`1&lt;Xunit.Abstractions.IDiagnosticMessage&gt;)</Name>
              <SequencePoints />
              <BranchPoints />
              <MethodPoint vc="0" uspid="5988" ordinal="0" offset="0" />
            </Method>
            <Method visited="false" cyclomaticComplexity="2" nPathComplexity="0" sequenceCoverage="0" branchCoverage="0" crapScore="6" isConstructor="false" isStatic="false" isGetter="false" isSetter="false">
              <Summary numSequencePoints="0" visitedSequencePoints="0" numBranchPoints="0" visitedBranchPoints="0" sequenceCoverage="0" branchCoverage="0" maxCyclomaticComplexity="2" minCyclomaticComplexity="2" maxCrapScore="6" minCrapScore="6" visitedClasses="0" numClasses="0" visitedMethods="0" numMethods="0" />
              <MetadataToken>100664150</MetadataToken>
              <Name>System.Void Xunit.DiagnosticEventSink::add_ErrorMessageEvent(Xunit.MessageHandler`1&lt;Xunit.Abstractions.IErrorMessage&gt;)</Name>
              <SequencePoints />
              <BranchPoints />
              <MethodPoint vc="0" uspid="5989" ordinal="0" offset="0" />
            </Method>
            <Method visited="false" cyclomaticComplexity="2" nPathComplexity="0" sequenceCoverage="0" branchCoverage="0" crapScore="6" isConstructor="false" isStatic="false" isGetter="false" isSetter="false">
              <Summary numSequencePoints="0" visitedSequencePoints="0" numBranchPoints="0" visitedBranchPoints="0" sequenceCoverage="0" branchCoverage="0" maxCyclomaticComplexity="2" minCyclomaticComplexity="2" maxCrapScore="6" minCrapScore="6" visitedClasses="0" numClasses="0" visitedMethods="0" numMethods="0" />
              <MetadataToken>100664151</MetadataToken>
              <Name>System.Void Xunit.DiagnosticEventSink::remove_ErrorMessageEvent(Xunit.MessageHandler`1&lt;Xunit.Abstractions.IErrorMessage&gt;)</Name>
              <SequencePoints />
              <BranchPoints />
              <MethodPoint vc="0" uspid="5990" ordinal="0" offset="0" />
            </Method>
            <Method visited="false" cyclomaticComplexity="1" nPathComplexity="0" sequenceCoverage="0" branchCoverage="0" crapScore="2" isConstructor="false" isStatic="false" isGetter="false" isSetter="false">
              <Summary numSequencePoints="1" visitedSequencePoints="0" numBranchPoints="1" visitedBranchPoints="0" sequenceCoverage="0" branchCoverage="0" maxCyclomaticComplexity="1" minCyclomaticComplexity="1" maxCrapScore="2" minCrapScore="2" visitedClasses="0" numClasses="0" visitedMethods="0" numMethods="1" />
              <MetadataToken>100664152</MetadataToken>
              <Name>System.Void Xunit.DiagnosticEventSink::Dispose()</Name>
              <FileRef uid="208" />
              <SequencePoints>
                <SequencePoint vc="0" uspid="5991" ordinal="0" offset="0" sl="22" sc="33" el="22" ec="34" bec="0" bev="0" fileid="208" />
              </SequencePoints>
              <BranchPoints />
              <MethodPoint xsi:type="SequencePoint" vc="0" uspid="5991" ordinal="0" offset="0" sl="22" sc="33" el="22" ec="34" bec="0" bev="0" fileid="208" />
            </Method>
            <Method visited="false" cyclomaticComplexity="2" nPathComplexity="2" sequenceCoverage="0" branchCoverage="0" crapScore="6" isConstructor="false" isStatic="false" isGetter="false" isSetter="false">
              <Summary numSequencePoints="1" visitedSequencePoints="0" numBranchPoints="3" visitedBranchPoints="0" sequenceCoverage="0" branchCoverage="0" maxCyclomaticComplexity="2" minCyclomaticComplexity="2" maxCrapScore="6" minCrapScore="6" visitedClasses="0" numClasses="0" visitedMethods="0" numMethods="1" />
              <MetadataToken>100664153</MetadataToken>
              <Name>System.Boolean Xunit.DiagnosticEventSink::OnMessageWithTypes(Xunit.Abstractions.IMessageSinkMessage,System.Collections.Generic.HashSet`1&lt;System.String&gt;)</Name>
              <FileRef uid="208" />
              <SequencePoints>
                <SequencePoint vc="0" uspid="5992" ordinal="0" offset="0" sl="26" sc="16" el="27" ec="62" bec="2" bev="0" fileid="208" />
              </SequencePoints>
              <BranchPoints>
                <BranchPoint vc="0" uspid="5993" ordinal="0" offset="13" sl="26" path="0" offsetend="15" fileid="208" />
                <BranchPoint vc="0" uspid="5994" ordinal="1" offset="13" sl="26" path="1" offsetend="29" fileid="208" />
              </BranchPoints>
              <MethodPoint xsi:type="SequencePoint" vc="0" uspid="5992" ordinal="0" offset="0" sl="26" sc="16" el="27" ec="62" bec="2" bev="0" fileid="208" />
            </Method>
            <Method visited="false" cyclomaticComplexity="1" nPathComplexity="0" sequenceCoverage="0" branchCoverage="0" crapScore="2" isConstructor="true" isStatic="false" isGetter="false" isSetter="false">
              <Summary numSequencePoints="0" visitedSequencePoints="0" numBranchPoints="0" visitedBranchPoints="0" sequenceCoverage="0" branchCoverage="0" maxCyclomaticComplexity="1" minCyclomaticComplexity="1" maxCrapScore="2" minCrapScore="2" visitedClasses="0" numClasses="0" visitedMethods="0" numMethods="0" />
              <MetadataToken>100664154</MetadataToken>
              <Name>System.Void Xunit.DiagnosticEventSink::.ctor()</Name>
              <SequencePoints />
              <BranchPoints />
              <MethodPoint vc="0" uspid="5995" ordinal="0" offset="0" />
            </Method>
          </Methods>
        </Class>
        <Class>
          <Summary numSequencePoints="2" visitedSequencePoints="0" numBranchPoints="4" visitedBranchPoints="0" sequenceCoverage="0" branchCoverage="0" maxCyclomaticComplexity="2" minCyclomaticComplexity="1" maxCrapScore="6" minCrapScore="2" visitedClasses="0" numClasses="1" visitedMethods="0" numMethods="2" />
          <FullName>Xunit.DiscoveryEventSink</FullName>
          <Methods>
            <Method visited="false" cyclomaticComplexity="2" nPathComplexity="0" sequenceCoverage="0" branchCoverage="0" crapScore="6" isConstructor="false" isStatic="false" isGetter="false" isSetter="false">
              <Summary numSequencePoints="0" visitedSequencePoints="0" numBranchPoints="0" visitedBranchPoints="0" sequenceCoverage="0" branchCoverage="0" maxCyclomaticComplexity="2" minCyclomaticComplexity="2" maxCrapScore="6" minCrapScore="6" visitedClasses="0" numClasses="0" visitedMethods="0" numMethods="0" />
              <MetadataToken>100664155</MetadataToken>
              <Name>System.Void Xunit.DiscoveryEventSink::add_DiscoveryCompleteMessageEvent(Xunit.MessageHandler`1&lt;Xunit.Abstractions.IDiscoveryCompleteMessage&gt;)</Name>
              <SequencePoints />
              <BranchPoints />
              <MethodPoint vc="0" uspid="5996" ordinal="0" offset="0" />
            </Method>
            <Method visited="false" cyclomaticComplexity="2" nPathComplexity="0" sequenceCoverage="0" branchCoverage="0" crapScore="6" isConstructor="false" isStatic="false" isGetter="false" isSetter="false">
              <Summary numSequencePoints="0" visitedSequencePoints="0" numBranchPoints="0" visitedBranchPoints="0" sequenceCoverage="0" branchCoverage="0" maxCyclomaticComplexity="2" minCyclomaticComplexity="2" maxCrapScore="6" minCrapScore="6" visitedClasses="0" numClasses="0" visitedMethods="0" numMethods="0" />
              <MetadataToken>100664156</MetadataToken>
              <Name>System.Void Xunit.DiscoveryEventSink::remove_DiscoveryCompleteMessageEvent(Xunit.MessageHandler`1&lt;Xunit.Abstractions.IDiscoveryCompleteMessage&gt;)</Name>
              <SequencePoints />
              <BranchPoints />
              <MethodPoint vc="0" uspid="5997" ordinal="0" offset="0" />
            </Method>
            <Method visited="false" cyclomaticComplexity="2" nPathComplexity="0" sequenceCoverage="0" branchCoverage="0" crapScore="6" isConstructor="false" isStatic="false" isGetter="false" isSetter="false">
              <Summary numSequencePoints="0" visitedSequencePoints="0" numBranchPoints="0" visitedBranchPoints="0" sequenceCoverage="0" branchCoverage="0" maxCyclomaticComplexity="2" minCyclomaticComplexity="2" maxCrapScore="6" minCrapScore="6" visitedClasses="0" numClasses="0" visitedMethods="0" numMethods="0" />
              <MetadataToken>100664157</MetadataToken>
              <Name>System.Void Xunit.DiscoveryEventSink::add_TestCaseDiscoveryMessageEvent(Xunit.MessageHandler`1&lt;Xunit.Abstractions.ITestCaseDiscoveryMessage&gt;)</Name>
              <SequencePoints />
              <BranchPoints />
              <MethodPoint vc="0" uspid="5998" ordinal="0" offset="0" />
            </Method>
            <Method visited="false" cyclomaticComplexity="2" nPathComplexity="0" sequenceCoverage="0" branchCoverage="0" crapScore="6" isConstructor="false" isStatic="false" isGetter="false" isSetter="false">
              <Summary numSequencePoints="0" visitedSequencePoints="0" numBranchPoints="0" visitedBranchPoints="0" sequenceCoverage="0" branchCoverage="0" maxCyclomaticComplexity="2" minCyclomaticComplexity="2" maxCrapScore="6" minCrapScore="6" visitedClasses="0" numClasses="0" visitedMethods="0" numMethods="0" />
              <MetadataToken>100664158</MetadataToken>
              <Name>System.Void Xunit.DiscoveryEventSink::remove_TestCaseDiscoveryMessageEvent(Xunit.MessageHandler`1&lt;Xunit.Abstractions.ITestCaseDiscoveryMessage&gt;)</Name>
              <SequencePoints />
              <BranchPoints />
              <MethodPoint vc="0" uspid="5999" ordinal="0" offset="0" />
            </Method>
            <Method visited="false" cyclomaticComplexity="1" nPathComplexity="0" sequenceCoverage="0" branchCoverage="0" crapScore="2" isConstructor="false" isStatic="false" isGetter="false" isSetter="false">
              <Summary numSequencePoints="1" visitedSequencePoints="0" numBranchPoints="1" visitedBranchPoints="0" sequenceCoverage="0" branchCoverage="0" maxCyclomaticComplexity="1" minCyclomaticComplexity="1" maxCrapScore="2" minCrapScore="2" visitedClasses="0" numClasses="0" visitedMethods="0" numMethods="1" />
              <MetadataToken>100664159</MetadataToken>
              <Name>System.Void Xunit.DiscoveryEventSink::Dispose()</Name>
              <FileRef uid="209" />
              <SequencePoints>
                <SequencePoint vc="0" uspid="6000" ordinal="0" offset="0" sl="22" sc="33" el="22" ec="34" bec="0" bev="0" fileid="209" />
              </SequencePoints>
              <BranchPoints />
              <MethodPoint xsi:type="SequencePoint" vc="0" uspid="6000" ordinal="0" offset="0" sl="22" sc="33" el="22" ec="34" bec="0" bev="0" fileid="209" />
            </Method>
            <Method visited="false" cyclomaticComplexity="2" nPathComplexity="2" sequenceCoverage="0" branchCoverage="0" crapScore="6" isConstructor="false" isStatic="false" isGetter="false" isSetter="false">
              <Summary numSequencePoints="1" visitedSequencePoints="0" numBranchPoints="3" visitedBranchPoints="0" sequenceCoverage="0" branchCoverage="0" maxCyclomaticComplexity="2" minCyclomaticComplexity="2" maxCrapScore="6" minCrapScore="6" visitedClasses="0" numClasses="0" visitedMethods="0" numMethods="1" />
              <MetadataToken>100664160</MetadataToken>
              <Name>System.Boolean Xunit.DiscoveryEventSink::OnMessageWithTypes(Xunit.Abstractions.IMessageSinkMessage,System.Collections.Generic.HashSet`1&lt;System.String&gt;)</Name>
              <FileRef uid="209" />
              <SequencePoints>
                <SequencePoint vc="0" uspid="6001" ordinal="0" offset="0" sl="26" sc="16" el="27" ec="74" bec="2" bev="0" fileid="209" />
              </SequencePoints>
              <BranchPoints>
                <BranchPoint vc="0" uspid="6002" ordinal="0" offset="13" sl="26" path="0" offsetend="15" fileid="209" />
                <BranchPoint vc="0" uspid="6003" ordinal="1" offset="13" sl="26" path="1" offsetend="29" fileid="209" />
              </BranchPoints>
              <MethodPoint xsi:type="SequencePoint" vc="0" uspid="6001" ordinal="0" offset="0" sl="26" sc="16" el="27" ec="74" bec="2" bev="0" fileid="209" />
            </Method>
            <Method visited="false" cyclomaticComplexity="1" nPathComplexity="0" sequenceCoverage="0" branchCoverage="0" crapScore="2" isConstructor="true" isStatic="false" isGetter="false" isSetter="false">
              <Summary numSequencePoints="0" visitedSequencePoints="0" numBranchPoints="0" visitedBranchPoints="0" sequenceCoverage="0" branchCoverage="0" maxCyclomaticComplexity="1" minCyclomaticComplexity="1" maxCrapScore="2" minCrapScore="2" visitedClasses="0" numClasses="0" visitedMethods="0" numMethods="0" />
              <MetadataToken>100664161</MetadataToken>
              <Name>System.Void Xunit.DiscoveryEventSink::.ctor()</Name>
              <SequencePoints />
              <BranchPoints />
              <MethodPoint vc="0" uspid="6004" ordinal="0" offset="0" />
            </Method>
          </Methods>
        </Class>
        <Class>
          <Summary numSequencePoints="2" visitedSequencePoints="0" numBranchPoints="60" visitedBranchPoints="0" sequenceCoverage="0" branchCoverage="0" maxCyclomaticComplexity="30" minCyclomaticComplexity="1" maxCrapScore="930" minCrapScore="2" visitedClasses="0" numClasses="1" visitedMethods="0" numMethods="2" />
          <FullName>Xunit.ExecutionEventSink</FullName>
          <Methods>
            <Method visited="false" cyclomaticComplexity="2" nPathComplexity="0" sequenceCoverage="0" branchCoverage="0" crapScore="6" isConstructor="false" isStatic="false" isGetter="false" isSetter="false">
              <Summary numSequencePoints="0" visitedSequencePoints="0" numBranchPoints="0" visitedBranchPoints="0" sequenceCoverage="0" branchCoverage="0" maxCyclomaticComplexity="2" minCyclomaticComplexity="2" maxCrapScore="6" minCrapScore="6" visitedClasses="0" numClasses="0" visitedMethods="0" numMethods="0" />
              <MetadataToken>100664162</MetadataToken>
              <Name>System.Void Xunit.ExecutionEventSink::add_AfterTestFinishedEvent(Xunit.MessageHandler`1&lt;Xunit.Abstractions.IAfterTestFinished&gt;)</Name>
              <SequencePoints />
              <BranchPoints />
              <MethodPoint vc="0" uspid="6005" ordinal="0" offset="0" />
            </Method>
            <Method visited="false" cyclomaticComplexity="2" nPathComplexity="0" sequenceCoverage="0" branchCoverage="0" crapScore="6" isConstructor="false" isStatic="false" isGetter="false" isSetter="false">
              <Summary numSequencePoints="0" visitedSequencePoints="0" numBranchPoints="0" visitedBranchPoints="0" sequenceCoverage="0" branchCoverage="0" maxCyclomaticComplexity="2" minCyclomaticComplexity="2" maxCrapScore="6" minCrapScore="6" visitedClasses="0" numClasses="0" visitedMethods="0" numMethods="0" />
              <MetadataToken>100664163</MetadataToken>
              <Name>System.Void Xunit.ExecutionEventSink::remove_AfterTestFinishedEvent(Xunit.MessageHandler`1&lt;Xunit.Abstractions.IAfterTestFinished&gt;)</Name>
              <SequencePoints />
              <BranchPoints />
              <MethodPoint vc="0" uspid="6006" ordinal="0" offset="0" />
            </Method>
            <Method visited="false" cyclomaticComplexity="2" nPathComplexity="0" sequenceCoverage="0" branchCoverage="0" crapScore="6" isConstructor="false" isStatic="false" isGetter="false" isSetter="false">
              <Summary numSequencePoints="0" visitedSequencePoints="0" numBranchPoints="0" visitedBranchPoints="0" sequenceCoverage="0" branchCoverage="0" maxCyclomaticComplexity="2" minCyclomaticComplexity="2" maxCrapScore="6" minCrapScore="6" visitedClasses="0" numClasses="0" visitedMethods="0" numMethods="0" />
              <MetadataToken>100664164</MetadataToken>
              <Name>System.Void Xunit.ExecutionEventSink::add_AfterTestStartingEvent(Xunit.MessageHandler`1&lt;Xunit.Abstractions.IAfterTestStarting&gt;)</Name>
              <SequencePoints />
              <BranchPoints />
              <MethodPoint vc="0" uspid="6007" ordinal="0" offset="0" />
            </Method>
            <Method visited="false" cyclomaticComplexity="2" nPathComplexity="0" sequenceCoverage="0" branchCoverage="0" crapScore="6" isConstructor="false" isStatic="false" isGetter="false" isSetter="false">
              <Summary numSequencePoints="0" visitedSequencePoints="0" numBranchPoints="0" visitedBranchPoints="0" sequenceCoverage="0" branchCoverage="0" maxCyclomaticComplexity="2" minCyclomaticComplexity="2" maxCrapScore="6" minCrapScore="6" visitedClasses="0" numClasses="0" visitedMethods="0" numMethods="0" />
              <MetadataToken>100664165</MetadataToken>
              <Name>System.Void Xunit.ExecutionEventSink::remove_AfterTestStartingEvent(Xunit.MessageHandler`1&lt;Xunit.Abstractions.IAfterTestStarting&gt;)</Name>
              <SequencePoints />
              <BranchPoints />
              <MethodPoint vc="0" uspid="6008" ordinal="0" offset="0" />
            </Method>
            <Method visited="false" cyclomaticComplexity="2" nPathComplexity="0" sequenceCoverage="0" branchCoverage="0" crapScore="6" isConstructor="false" isStatic="false" isGetter="false" isSetter="false">
              <Summary numSequencePoints="0" visitedSequencePoints="0" numBranchPoints="0" visitedBranchPoints="0" sequenceCoverage="0" branchCoverage="0" maxCyclomaticComplexity="2" minCyclomaticComplexity="2" maxCrapScore="6" minCrapScore="6" visitedClasses="0" numClasses="0" visitedMethods="0" numMethods="0" />
              <MetadataToken>100664166</MetadataToken>
              <Name>System.Void Xunit.ExecutionEventSink::add_BeforeTestFinishedEvent(Xunit.MessageHandler`1&lt;Xunit.Abstractions.IBeforeTestFinished&gt;)</Name>
              <SequencePoints />
              <BranchPoints />
              <MethodPoint vc="0" uspid="6009" ordinal="0" offset="0" />
            </Method>
            <Method visited="false" cyclomaticComplexity="2" nPathComplexity="0" sequenceCoverage="0" branchCoverage="0" crapScore="6" isConstructor="false" isStatic="false" isGetter="false" isSetter="false">
              <Summary numSequencePoints="0" visitedSequencePoints="0" numBranchPoints="0" visitedBranchPoints="0" sequenceCoverage="0" branchCoverage="0" maxCyclomaticComplexity="2" minCyclomaticComplexity="2" maxCrapScore="6" minCrapScore="6" visitedClasses="0" numClasses="0" visitedMethods="0" numMethods="0" />
              <MetadataToken>100664167</MetadataToken>
              <Name>System.Void Xunit.ExecutionEventSink::remove_BeforeTestFinishedEvent(Xunit.MessageHandler`1&lt;Xunit.Abstractions.IBeforeTestFinished&gt;)</Name>
              <SequencePoints />
              <BranchPoints />
              <MethodPoint vc="0" uspid="6010" ordinal="0" offset="0" />
            </Method>
            <Method visited="false" cyclomaticComplexity="2" nPathComplexity="0" sequenceCoverage="0" branchCoverage="0" crapScore="6" isConstructor="false" isStatic="false" isGetter="false" isSetter="false">
              <Summary numSequencePoints="0" visitedSequencePoints="0" numBranchPoints="0" visitedBranchPoints="0" sequenceCoverage="0" branchCoverage="0" maxCyclomaticComplexity="2" minCyclomaticComplexity="2" maxCrapScore="6" minCrapScore="6" visitedClasses="0" numClasses="0" visitedMethods="0" numMethods="0" />
              <MetadataToken>100664168</MetadataToken>
              <Name>System.Void Xunit.ExecutionEventSink::add_BeforeTestStartingEvent(Xunit.MessageHandler`1&lt;Xunit.Abstractions.IBeforeTestStarting&gt;)</Name>
              <SequencePoints />
              <BranchPoints />
              <MethodPoint vc="0" uspid="6011" ordinal="0" offset="0" />
            </Method>
            <Method visited="false" cyclomaticComplexity="2" nPathComplexity="0" sequenceCoverage="0" branchCoverage="0" crapScore="6" isConstructor="false" isStatic="false" isGetter="false" isSetter="false">
              <Summary numSequencePoints="0" visitedSequencePoints="0" numBranchPoints="0" visitedBranchPoints="0" sequenceCoverage="0" branchCoverage="0" maxCyclomaticComplexity="2" minCyclomaticComplexity="2" maxCrapScore="6" minCrapScore="6" visitedClasses="0" numClasses="0" visitedMethods="0" numMethods="0" />
              <MetadataToken>100664169</MetadataToken>
              <Name>System.Void Xunit.ExecutionEventSink::remove_BeforeTestStartingEvent(Xunit.MessageHandler`1&lt;Xunit.Abstractions.IBeforeTestStarting&gt;)</Name>
              <SequencePoints />
              <BranchPoints />
              <MethodPoint vc="0" uspid="6012" ordinal="0" offset="0" />
            </Method>
            <Method visited="false" cyclomaticComplexity="2" nPathComplexity="0" sequenceCoverage="0" branchCoverage="0" crapScore="6" isConstructor="false" isStatic="false" isGetter="false" isSetter="false">
              <Summary numSequencePoints="0" visitedSequencePoints="0" numBranchPoints="0" visitedBranchPoints="0" sequenceCoverage="0" branchCoverage="0" maxCyclomaticComplexity="2" minCyclomaticComplexity="2" maxCrapScore="6" minCrapScore="6" visitedClasses="0" numClasses="0" visitedMethods="0" numMethods="0" />
              <MetadataToken>100664170</MetadataToken>
              <Name>System.Void Xunit.ExecutionEventSink::add_TestAssemblyCleanupFailureEvent(Xunit.MessageHandler`1&lt;Xunit.Abstractions.ITestAssemblyCleanupFailure&gt;)</Name>
              <SequencePoints />
              <BranchPoints />
              <MethodPoint vc="0" uspid="6013" ordinal="0" offset="0" />
            </Method>
            <Method visited="false" cyclomaticComplexity="2" nPathComplexity="0" sequenceCoverage="0" branchCoverage="0" crapScore="6" isConstructor="false" isStatic="false" isGetter="false" isSetter="false">
              <Summary numSequencePoints="0" visitedSequencePoints="0" numBranchPoints="0" visitedBranchPoints="0" sequenceCoverage="0" branchCoverage="0" maxCyclomaticComplexity="2" minCyclomaticComplexity="2" maxCrapScore="6" minCrapScore="6" visitedClasses="0" numClasses="0" visitedMethods="0" numMethods="0" />
              <MetadataToken>100664171</MetadataToken>
              <Name>System.Void Xunit.ExecutionEventSink::remove_TestAssemblyCleanupFailureEvent(Xunit.MessageHandler`1&lt;Xunit.Abstractions.ITestAssemblyCleanupFailure&gt;)</Name>
              <SequencePoints />
              <BranchPoints />
              <MethodPoint vc="0" uspid="6014" ordinal="0" offset="0" />
            </Method>
            <Method visited="false" cyclomaticComplexity="2" nPathComplexity="0" sequenceCoverage="0" branchCoverage="0" crapScore="6" isConstructor="false" isStatic="false" isGetter="false" isSetter="false">
              <Summary numSequencePoints="0" visitedSequencePoints="0" numBranchPoints="0" visitedBranchPoints="0" sequenceCoverage="0" branchCoverage="0" maxCyclomaticComplexity="2" minCyclomaticComplexity="2" maxCrapScore="6" minCrapScore="6" visitedClasses="0" numClasses="0" visitedMethods="0" numMethods="0" />
              <MetadataToken>100664172</MetadataToken>
              <Name>System.Void Xunit.ExecutionEventSink::add_TestAssemblyFinishedEvent(Xunit.MessageHandler`1&lt;Xunit.Abstractions.ITestAssemblyFinished&gt;)</Name>
              <SequencePoints />
              <BranchPoints />
              <MethodPoint vc="0" uspid="6015" ordinal="0" offset="0" />
            </Method>
            <Method visited="false" cyclomaticComplexity="2" nPathComplexity="0" sequenceCoverage="0" branchCoverage="0" crapScore="6" isConstructor="false" isStatic="false" isGetter="false" isSetter="false">
              <Summary numSequencePoints="0" visitedSequencePoints="0" numBranchPoints="0" visitedBranchPoints="0" sequenceCoverage="0" branchCoverage="0" maxCyclomaticComplexity="2" minCyclomaticComplexity="2" maxCrapScore="6" minCrapScore="6" visitedClasses="0" numClasses="0" visitedMethods="0" numMethods="0" />
              <MetadataToken>100664173</MetadataToken>
              <Name>System.Void Xunit.ExecutionEventSink::remove_TestAssemblyFinishedEvent(Xunit.MessageHandler`1&lt;Xunit.Abstractions.ITestAssemblyFinished&gt;)</Name>
              <SequencePoints />
              <BranchPoints />
              <MethodPoint vc="0" uspid="6016" ordinal="0" offset="0" />
            </Method>
            <Method visited="false" cyclomaticComplexity="2" nPathComplexity="0" sequenceCoverage="0" branchCoverage="0" crapScore="6" isConstructor="false" isStatic="false" isGetter="false" isSetter="false">
              <Summary numSequencePoints="0" visitedSequencePoints="0" numBranchPoints="0" visitedBranchPoints="0" sequenceCoverage="0" branchCoverage="0" maxCyclomaticComplexity="2" minCyclomaticComplexity="2" maxCrapScore="6" minCrapScore="6" visitedClasses="0" numClasses="0" visitedMethods="0" numMethods="0" />
              <MetadataToken>100664174</MetadataToken>
              <Name>System.Void Xunit.ExecutionEventSink::add_TestAssemblyStartingEvent(Xunit.MessageHandler`1&lt;Xunit.Abstractions.ITestAssemblyStarting&gt;)</Name>
              <SequencePoints />
              <BranchPoints />
              <MethodPoint vc="0" uspid="6017" ordinal="0" offset="0" />
            </Method>
            <Method visited="false" cyclomaticComplexity="2" nPathComplexity="0" sequenceCoverage="0" branchCoverage="0" crapScore="6" isConstructor="false" isStatic="false" isGetter="false" isSetter="false">
              <Summary numSequencePoints="0" visitedSequencePoints="0" numBranchPoints="0" visitedBranchPoints="0" sequenceCoverage="0" branchCoverage="0" maxCyclomaticComplexity="2" minCyclomaticComplexity="2" maxCrapScore="6" minCrapScore="6" visitedClasses="0" numClasses="0" visitedMethods="0" numMethods="0" />
              <MetadataToken>100664175</MetadataToken>
              <Name>System.Void Xunit.ExecutionEventSink::remove_TestAssemblyStartingEvent(Xunit.MessageHandler`1&lt;Xunit.Abstractions.ITestAssemblyStarting&gt;)</Name>
              <SequencePoints />
              <BranchPoints />
              <MethodPoint vc="0" uspid="6018" ordinal="0" offset="0" />
            </Method>
            <Method visited="false" cyclomaticComplexity="2" nPathComplexity="0" sequenceCoverage="0" branchCoverage="0" crapScore="6" isConstructor="false" isStatic="false" isGetter="false" isSetter="false">
              <Summary numSequencePoints="0" visitedSequencePoints="0" numBranchPoints="0" visitedBranchPoints="0" sequenceCoverage="0" branchCoverage="0" maxCyclomaticComplexity="2" minCyclomaticComplexity="2" maxCrapScore="6" minCrapScore="6" visitedClasses="0" numClasses="0" visitedMethods="0" numMethods="0" />
              <MetadataToken>100664176</MetadataToken>
              <Name>System.Void Xunit.ExecutionEventSink::add_TestCaseCleanupFailureEvent(Xunit.MessageHandler`1&lt;Xunit.Abstractions.ITestCaseCleanupFailure&gt;)</Name>
              <SequencePoints />
              <BranchPoints />
              <MethodPoint vc="0" uspid="6019" ordinal="0" offset="0" />
            </Method>
            <Method visited="false" cyclomaticComplexity="2" nPathComplexity="0" sequenceCoverage="0" branchCoverage="0" crapScore="6" isConstructor="false" isStatic="false" isGetter="false" isSetter="false">
              <Summary numSequencePoints="0" visitedSequencePoints="0" numBranchPoints="0" visitedBranchPoints="0" sequenceCoverage="0" branchCoverage="0" maxCyclomaticComplexity="2" minCyclomaticComplexity="2" maxCrapScore="6" minCrapScore="6" visitedClasses="0" numClasses="0" visitedMethods="0" numMethods="0" />
              <MetadataToken>100664177</MetadataToken>
              <Name>System.Void Xunit.ExecutionEventSink::remove_TestCaseCleanupFailureEvent(Xunit.MessageHandler`1&lt;Xunit.Abstractions.ITestCaseCleanupFailure&gt;)</Name>
              <SequencePoints />
              <BranchPoints />
              <MethodPoint vc="0" uspid="6020" ordinal="0" offset="0" />
            </Method>
            <Method visited="false" cyclomaticComplexity="2" nPathComplexity="0" sequenceCoverage="0" branchCoverage="0" crapScore="6" isConstructor="false" isStatic="false" isGetter="false" isSetter="false">
              <Summary numSequencePoints="0" visitedSequencePoints="0" numBranchPoints="0" visitedBranchPoints="0" sequenceCoverage="0" branchCoverage="0" maxCyclomaticComplexity="2" minCyclomaticComplexity="2" maxCrapScore="6" minCrapScore="6" visitedClasses="0" numClasses="0" visitedMethods="0" numMethods="0" />
              <MetadataToken>100664178</MetadataToken>
              <Name>System.Void Xunit.ExecutionEventSink::add_TestCaseFinishedEvent(Xunit.MessageHandler`1&lt;Xunit.Abstractions.ITestCaseFinished&gt;)</Name>
              <SequencePoints />
              <BranchPoints />
              <MethodPoint vc="0" uspid="6021" ordinal="0" offset="0" />
            </Method>
            <Method visited="false" cyclomaticComplexity="2" nPathComplexity="0" sequenceCoverage="0" branchCoverage="0" crapScore="6" isConstructor="false" isStatic="false" isGetter="false" isSetter="false">
              <Summary numSequencePoints="0" visitedSequencePoints="0" numBranchPoints="0" visitedBranchPoints="0" sequenceCoverage="0" branchCoverage="0" maxCyclomaticComplexity="2" minCyclomaticComplexity="2" maxCrapScore="6" minCrapScore="6" visitedClasses="0" numClasses="0" visitedMethods="0" numMethods="0" />
              <MetadataToken>100664179</MetadataToken>
              <Name>System.Void Xunit.ExecutionEventSink::remove_TestCaseFinishedEvent(Xunit.MessageHandler`1&lt;Xunit.Abstractions.ITestCaseFinished&gt;)</Name>
              <SequencePoints />
              <BranchPoints />
              <MethodPoint vc="0" uspid="6022" ordinal="0" offset="0" />
            </Method>
            <Method visited="false" cyclomaticComplexity="2" nPathComplexity="0" sequenceCoverage="0" branchCoverage="0" crapScore="6" isConstructor="false" isStatic="false" isGetter="false" isSetter="false">
              <Summary numSequencePoints="0" visitedSequencePoints="0" numBranchPoints="0" visitedBranchPoints="0" sequenceCoverage="0" branchCoverage="0" maxCyclomaticComplexity="2" minCyclomaticComplexity="2" maxCrapScore="6" minCrapScore="6" visitedClasses="0" numClasses="0" visitedMethods="0" numMethods="0" />
              <MetadataToken>100664180</MetadataToken>
              <Name>System.Void Xunit.ExecutionEventSink::add_TestCaseStartingEvent(Xunit.MessageHandler`1&lt;Xunit.Abstractions.ITestCaseStarting&gt;)</Name>
              <SequencePoints />
              <BranchPoints />
              <MethodPoint vc="0" uspid="6023" ordinal="0" offset="0" />
            </Method>
            <Method visited="false" cyclomaticComplexity="2" nPathComplexity="0" sequenceCoverage="0" branchCoverage="0" crapScore="6" isConstructor="false" isStatic="false" isGetter="false" isSetter="false">
              <Summary numSequencePoints="0" visitedSequencePoints="0" numBranchPoints="0" visitedBranchPoints="0" sequenceCoverage="0" branchCoverage="0" maxCyclomaticComplexity="2" minCyclomaticComplexity="2" maxCrapScore="6" minCrapScore="6" visitedClasses="0" numClasses="0" visitedMethods="0" numMethods="0" />
              <MetadataToken>100664181</MetadataToken>
              <Name>System.Void Xunit.ExecutionEventSink::remove_TestCaseStartingEvent(Xunit.MessageHandler`1&lt;Xunit.Abstractions.ITestCaseStarting&gt;)</Name>
              <SequencePoints />
              <BranchPoints />
              <MethodPoint vc="0" uspid="6024" ordinal="0" offset="0" />
            </Method>
            <Method visited="false" cyclomaticComplexity="2" nPathComplexity="0" sequenceCoverage="0" branchCoverage="0" crapScore="6" isConstructor="false" isStatic="false" isGetter="false" isSetter="false">
              <Summary numSequencePoints="0" visitedSequencePoints="0" numBranchPoints="0" visitedBranchPoints="0" sequenceCoverage="0" branchCoverage="0" maxCyclomaticComplexity="2" minCyclomaticComplexity="2" maxCrapScore="6" minCrapScore="6" visitedClasses="0" numClasses="0" visitedMethods="0" numMethods="0" />
              <MetadataToken>100664182</MetadataToken>
              <Name>System.Void Xunit.ExecutionEventSink::add_TestClassCleanupFailureEvent(Xunit.MessageHandler`1&lt;Xunit.Abstractions.ITestClassCleanupFailure&gt;)</Name>
              <SequencePoints />
              <BranchPoints />
              <MethodPoint vc="0" uspid="6025" ordinal="0" offset="0" />
            </Method>
            <Method visited="false" cyclomaticComplexity="2" nPathComplexity="0" sequenceCoverage="0" branchCoverage="0" crapScore="6" isConstructor="false" isStatic="false" isGetter="false" isSetter="false">
              <Summary numSequencePoints="0" visitedSequencePoints="0" numBranchPoints="0" visitedBranchPoints="0" sequenceCoverage="0" branchCoverage="0" maxCyclomaticComplexity="2" minCyclomaticComplexity="2" maxCrapScore="6" minCrapScore="6" visitedClasses="0" numClasses="0" visitedMethods="0" numMethods="0" />
              <MetadataToken>100664183</MetadataToken>
              <Name>System.Void Xunit.ExecutionEventSink::remove_TestClassCleanupFailureEvent(Xunit.MessageHandler`1&lt;Xunit.Abstractions.ITestClassCleanupFailure&gt;)</Name>
              <SequencePoints />
              <BranchPoints />
              <MethodPoint vc="0" uspid="6026" ordinal="0" offset="0" />
            </Method>
            <Method visited="false" cyclomaticComplexity="2" nPathComplexity="0" sequenceCoverage="0" branchCoverage="0" crapScore="6" isConstructor="false" isStatic="false" isGetter="false" isSetter="false">
              <Summary numSequencePoints="0" visitedSequencePoints="0" numBranchPoints="0" visitedBranchPoints="0" sequenceCoverage="0" branchCoverage="0" maxCyclomaticComplexity="2" minCyclomaticComplexity="2" maxCrapScore="6" minCrapScore="6" visitedClasses="0" numClasses="0" visitedMethods="0" numMethods="0" />
              <MetadataToken>100664184</MetadataToken>
              <Name>System.Void Xunit.ExecutionEventSink::add_TestClassConstructionFinishedEvent(Xunit.MessageHandler`1&lt;Xunit.Abstractions.ITestClassConstructionFinished&gt;)</Name>
              <SequencePoints />
              <BranchPoints />
              <MethodPoint vc="0" uspid="6027" ordinal="0" offset="0" />
            </Method>
            <Method visited="false" cyclomaticComplexity="2" nPathComplexity="0" sequenceCoverage="0" branchCoverage="0" crapScore="6" isConstructor="false" isStatic="false" isGetter="false" isSetter="false">
              <Summary numSequencePoints="0" visitedSequencePoints="0" numBranchPoints="0" visitedBranchPoints="0" sequenceCoverage="0" branchCoverage="0" maxCyclomaticComplexity="2" minCyclomaticComplexity="2" maxCrapScore="6" minCrapScore="6" visitedClasses="0" numClasses="0" visitedMethods="0" numMethods="0" />
              <MetadataToken>100664185</MetadataToken>
              <Name>System.Void Xunit.ExecutionEventSink::remove_TestClassConstructionFinishedEvent(Xunit.MessageHandler`1&lt;Xunit.Abstractions.ITestClassConstructionFinished&gt;)</Name>
              <SequencePoints />
              <BranchPoints />
              <MethodPoint vc="0" uspid="6028" ordinal="0" offset="0" />
            </Method>
            <Method visited="false" cyclomaticComplexity="2" nPathComplexity="0" sequenceCoverage="0" branchCoverage="0" crapScore="6" isConstructor="false" isStatic="false" isGetter="false" isSetter="false">
              <Summary numSequencePoints="0" visitedSequencePoints="0" numBranchPoints="0" visitedBranchPoints="0" sequenceCoverage="0" branchCoverage="0" maxCyclomaticComplexity="2" minCyclomaticComplexity="2" maxCrapScore="6" minCrapScore="6" visitedClasses="0" numClasses="0" visitedMethods="0" numMethods="0" />
              <MetadataToken>100664186</MetadataToken>
              <Name>System.Void Xunit.ExecutionEventSink::add_TestClassConstructionStartingEvent(Xunit.MessageHandler`1&lt;Xunit.Abstractions.ITestClassConstructionStarting&gt;)</Name>
              <SequencePoints />
              <BranchPoints />
              <MethodPoint vc="0" uspid="6029" ordinal="0" offset="0" />
            </Method>
            <Method visited="false" cyclomaticComplexity="2" nPathComplexity="0" sequenceCoverage="0" branchCoverage="0" crapScore="6" isConstructor="false" isStatic="false" isGetter="false" isSetter="false">
              <Summary numSequencePoints="0" visitedSequencePoints="0" numBranchPoints="0" visitedBranchPoints="0" sequenceCoverage="0" branchCoverage="0" maxCyclomaticComplexity="2" minCyclomaticComplexity="2" maxCrapScore="6" minCrapScore="6" visitedClasses="0" numClasses="0" visitedMethods="0" numMethods="0" />
              <MetadataToken>100664187</MetadataToken>
              <Name>System.Void Xunit.ExecutionEventSink::remove_TestClassConstructionStartingEvent(Xunit.MessageHandler`1&lt;Xunit.Abstractions.ITestClassConstructionStarting&gt;)</Name>
              <SequencePoints />
              <BranchPoints />
              <MethodPoint vc="0" uspid="6030" ordinal="0" offset="0" />
            </Method>
            <Method visited="false" cyclomaticComplexity="2" nPathComplexity="0" sequenceCoverage="0" branchCoverage="0" crapScore="6" isConstructor="false" isStatic="false" isGetter="false" isSetter="false">
              <Summary numSequencePoints="0" visitedSequencePoints="0" numBranchPoints="0" visitedBranchPoints="0" sequenceCoverage="0" branchCoverage="0" maxCyclomaticComplexity="2" minCyclomaticComplexity="2" maxCrapScore="6" minCrapScore="6" visitedClasses="0" numClasses="0" visitedMethods="0" numMethods="0" />
              <MetadataToken>100664188</MetadataToken>
              <Name>System.Void Xunit.ExecutionEventSink::add_TestClassDisposeFinishedEvent(Xunit.MessageHandler`1&lt;Xunit.Abstractions.ITestClassDisposeFinished&gt;)</Name>
              <SequencePoints />
              <BranchPoints />
              <MethodPoint vc="0" uspid="6031" ordinal="0" offset="0" />
            </Method>
            <Method visited="false" cyclomaticComplexity="2" nPathComplexity="0" sequenceCoverage="0" branchCoverage="0" crapScore="6" isConstructor="false" isStatic="false" isGetter="false" isSetter="false">
              <Summary numSequencePoints="0" visitedSequencePoints="0" numBranchPoints="0" visitedBranchPoints="0" sequenceCoverage="0" branchCoverage="0" maxCyclomaticComplexity="2" minCyclomaticComplexity="2" maxCrapScore="6" minCrapScore="6" visitedClasses="0" numClasses="0" visitedMethods="0" numMethods="0" />
              <MetadataToken>100664189</MetadataToken>
              <Name>System.Void Xunit.ExecutionEventSink::remove_TestClassDisposeFinishedEvent(Xunit.MessageHandler`1&lt;Xunit.Abstractions.ITestClassDisposeFinished&gt;)</Name>
              <SequencePoints />
              <BranchPoints />
              <MethodPoint vc="0" uspid="6032" ordinal="0" offset="0" />
            </Method>
            <Method visited="false" cyclomaticComplexity="2" nPathComplexity="0" sequenceCoverage="0" branchCoverage="0" crapScore="6" isConstructor="false" isStatic="false" isGetter="false" isSetter="false">
              <Summary numSequencePoints="0" visitedSequencePoints="0" numBranchPoints="0" visitedBranchPoints="0" sequenceCoverage="0" branchCoverage="0" maxCyclomaticComplexity="2" minCyclomaticComplexity="2" maxCrapScore="6" minCrapScore="6" visitedClasses="0" numClasses="0" visitedMethods="0" numMethods="0" />
              <MetadataToken>100664190</MetadataToken>
              <Name>System.Void Xunit.ExecutionEventSink::add_TestClassDisposeStartingEvent(Xunit.MessageHandler`1&lt;Xunit.Abstractions.ITestClassDisposeStarting&gt;)</Name>
              <SequencePoints />
              <BranchPoints />
              <MethodPoint vc="0" uspid="6033" ordinal="0" offset="0" />
            </Method>
            <Method visited="false" cyclomaticComplexity="2" nPathComplexity="0" sequenceCoverage="0" branchCoverage="0" crapScore="6" isConstructor="false" isStatic="false" isGetter="false" isSetter="false">
              <Summary numSequencePoints="0" visitedSequencePoints="0" numBranchPoints="0" visitedBranchPoints="0" sequenceCoverage="0" branchCoverage="0" maxCyclomaticComplexity="2" minCyclomaticComplexity="2" maxCrapScore="6" minCrapScore="6" visitedClasses="0" numClasses="0" visitedMethods="0" numMethods="0" />
              <MetadataToken>100664191</MetadataToken>
              <Name>System.Void Xunit.ExecutionEventSink::remove_TestClassDisposeStartingEvent(Xunit.MessageHandler`1&lt;Xunit.Abstractions.ITestClassDisposeStarting&gt;)</Name>
              <SequencePoints />
              <BranchPoints />
              <MethodPoint vc="0" uspid="6034" ordinal="0" offset="0" />
            </Method>
            <Method visited="false" cyclomaticComplexity="2" nPathComplexity="0" sequenceCoverage="0" branchCoverage="0" crapScore="6" isConstructor="false" isStatic="false" isGetter="false" isSetter="false">
              <Summary numSequencePoints="0" visitedSequencePoints="0" numBranchPoints="0" visitedBranchPoints="0" sequenceCoverage="0" branchCoverage="0" maxCyclomaticComplexity="2" minCyclomaticComplexity="2" maxCrapScore="6" minCrapScore="6" visitedClasses="0" numClasses="0" visitedMethods="0" numMethods="0" />
              <MetadataToken>100664192</MetadataToken>
              <Name>System.Void Xunit.ExecutionEventSink::add_TestClassFinishedEvent(Xunit.MessageHandler`1&lt;Xunit.Abstractions.ITestClassFinished&gt;)</Name>
              <SequencePoints />
              <BranchPoints />
              <MethodPoint vc="0" uspid="6035" ordinal="0" offset="0" />
            </Method>
            <Method visited="false" cyclomaticComplexity="2" nPathComplexity="0" sequenceCoverage="0" branchCoverage="0" crapScore="6" isConstructor="false" isStatic="false" isGetter="false" isSetter="false">
              <Summary numSequencePoints="0" visitedSequencePoints="0" numBranchPoints="0" visitedBranchPoints="0" sequenceCoverage="0" branchCoverage="0" maxCyclomaticComplexity="2" minCyclomaticComplexity="2" maxCrapScore="6" minCrapScore="6" visitedClasses="0" numClasses="0" visitedMethods="0" numMethods="0" />
              <MetadataToken>100664193</MetadataToken>
              <Name>System.Void Xunit.ExecutionEventSink::remove_TestClassFinishedEvent(Xunit.MessageHandler`1&lt;Xunit.Abstractions.ITestClassFinished&gt;)</Name>
              <SequencePoints />
              <BranchPoints />
              <MethodPoint vc="0" uspid="6036" ordinal="0" offset="0" />
            </Method>
            <Method visited="false" cyclomaticComplexity="2" nPathComplexity="0" sequenceCoverage="0" branchCoverage="0" crapScore="6" isConstructor="false" isStatic="false" isGetter="false" isSetter="false">
              <Summary numSequencePoints="0" visitedSequencePoints="0" numBranchPoints="0" visitedBranchPoints="0" sequenceCoverage="0" branchCoverage="0" maxCyclomaticComplexity="2" minCyclomaticComplexity="2" maxCrapScore="6" minCrapScore="6" visitedClasses="0" numClasses="0" visitedMethods="0" numMethods="0" />
              <MetadataToken>100664194</MetadataToken>
              <Name>System.Void Xunit.ExecutionEventSink::add_TestClassStartingEvent(Xunit.MessageHandler`1&lt;Xunit.Abstractions.ITestClassStarting&gt;)</Name>
              <SequencePoints />
              <BranchPoints />
              <MethodPoint vc="0" uspid="6037" ordinal="0" offset="0" />
            </Method>
            <Method visited="false" cyclomaticComplexity="2" nPathComplexity="0" sequenceCoverage="0" branchCoverage="0" crapScore="6" isConstructor="false" isStatic="false" isGetter="false" isSetter="false">
              <Summary numSequencePoints="0" visitedSequencePoints="0" numBranchPoints="0" visitedBranchPoints="0" sequenceCoverage="0" branchCoverage="0" maxCyclomaticComplexity="2" minCyclomaticComplexity="2" maxCrapScore="6" minCrapScore="6" visitedClasses="0" numClasses="0" visitedMethods="0" numMethods="0" />
              <MetadataToken>100664195</MetadataToken>
              <Name>System.Void Xunit.ExecutionEventSink::remove_TestClassStartingEvent(Xunit.MessageHandler`1&lt;Xunit.Abstractions.ITestClassStarting&gt;)</Name>
              <SequencePoints />
              <BranchPoints />
              <MethodPoint vc="0" uspid="6038" ordinal="0" offset="0" />
            </Method>
            <Method visited="false" cyclomaticComplexity="2" nPathComplexity="0" sequenceCoverage="0" branchCoverage="0" crapScore="6" isConstructor="false" isStatic="false" isGetter="false" isSetter="false">
              <Summary numSequencePoints="0" visitedSequencePoints="0" numBranchPoints="0" visitedBranchPoints="0" sequenceCoverage="0" branchCoverage="0" maxCyclomaticComplexity="2" minCyclomaticComplexity="2" maxCrapScore="6" minCrapScore="6" visitedClasses="0" numClasses="0" visitedMethods="0" numMethods="0" />
              <MetadataToken>100664196</MetadataToken>
              <Name>System.Void Xunit.ExecutionEventSink::add_TestCleanupFailureEvent(Xunit.MessageHandler`1&lt;Xunit.Abstractions.ITestCleanupFailure&gt;)</Name>
              <SequencePoints />
              <BranchPoints />
              <MethodPoint vc="0" uspid="6039" ordinal="0" offset="0" />
            </Method>
            <Method visited="false" cyclomaticComplexity="2" nPathComplexity="0" sequenceCoverage="0" branchCoverage="0" crapScore="6" isConstructor="false" isStatic="false" isGetter="false" isSetter="false">
              <Summary numSequencePoints="0" visitedSequencePoints="0" numBranchPoints="0" visitedBranchPoints="0" sequenceCoverage="0" branchCoverage="0" maxCyclomaticComplexity="2" minCyclomaticComplexity="2" maxCrapScore="6" minCrapScore="6" visitedClasses="0" numClasses="0" visitedMethods="0" numMethods="0" />
              <MetadataToken>100664197</MetadataToken>
              <Name>System.Void Xunit.ExecutionEventSink::remove_TestCleanupFailureEvent(Xunit.MessageHandler`1&lt;Xunit.Abstractions.ITestCleanupFailure&gt;)</Name>
              <SequencePoints />
              <BranchPoints />
              <MethodPoint vc="0" uspid="6040" ordinal="0" offset="0" />
            </Method>
            <Method visited="false" cyclomaticComplexity="2" nPathComplexity="0" sequenceCoverage="0" branchCoverage="0" crapScore="6" isConstructor="false" isStatic="false" isGetter="false" isSetter="false">
              <Summary numSequencePoints="0" visitedSequencePoints="0" numBranchPoints="0" visitedBranchPoints="0" sequenceCoverage="0" branchCoverage="0" maxCyclomaticComplexity="2" minCyclomaticComplexity="2" maxCrapScore="6" minCrapScore="6" visitedClasses="0" numClasses="0" visitedMethods="0" numMethods="0" />
              <MetadataToken>100664198</MetadataToken>
              <Name>System.Void Xunit.ExecutionEventSink::add_TestCollectionCleanupFailureEvent(Xunit.MessageHandler`1&lt;Xunit.Abstractions.ITestCollectionCleanupFailure&gt;)</Name>
              <SequencePoints />
              <BranchPoints />
              <MethodPoint vc="0" uspid="6041" ordinal="0" offset="0" />
            </Method>
            <Method visited="false" cyclomaticComplexity="2" nPathComplexity="0" sequenceCoverage="0" branchCoverage="0" crapScore="6" isConstructor="false" isStatic="false" isGetter="false" isSetter="false">
              <Summary numSequencePoints="0" visitedSequencePoints="0" numBranchPoints="0" visitedBranchPoints="0" sequenceCoverage="0" branchCoverage="0" maxCyclomaticComplexity="2" minCyclomaticComplexity="2" maxCrapScore="6" minCrapScore="6" visitedClasses="0" numClasses="0" visitedMethods="0" numMethods="0" />
              <MetadataToken>100664199</MetadataToken>
              <Name>System.Void Xunit.ExecutionEventSink::remove_TestCollectionCleanupFailureEvent(Xunit.MessageHandler`1&lt;Xunit.Abstractions.ITestCollectionCleanupFailure&gt;)</Name>
              <SequencePoints />
              <BranchPoints />
              <MethodPoint vc="0" uspid="6042" ordinal="0" offset="0" />
            </Method>
            <Method visited="false" cyclomaticComplexity="2" nPathComplexity="0" sequenceCoverage="0" branchCoverage="0" crapScore="6" isConstructor="false" isStatic="false" isGetter="false" isSetter="false">
              <Summary numSequencePoints="0" visitedSequencePoints="0" numBranchPoints="0" visitedBranchPoints="0" sequenceCoverage="0" branchCoverage="0" maxCyclomaticComplexity="2" minCyclomaticComplexity="2" maxCrapScore="6" minCrapScore="6" visitedClasses="0" numClasses="0" visitedMethods="0" numMethods="0" />
              <MetadataToken>100664200</MetadataToken>
              <Name>System.Void Xunit.ExecutionEventSink::add_TestCollectionFinishedEvent(Xunit.MessageHandler`1&lt;Xunit.Abstractions.ITestCollectionFinished&gt;)</Name>
              <SequencePoints />
              <BranchPoints />
              <MethodPoint vc="0" uspid="6043" ordinal="0" offset="0" />
            </Method>
            <Method visited="false" cyclomaticComplexity="2" nPathComplexity="0" sequenceCoverage="0" branchCoverage="0" crapScore="6" isConstructor="false" isStatic="false" isGetter="false" isSetter="false">
              <Summary numSequencePoints="0" visitedSequencePoints="0" numBranchPoints="0" visitedBranchPoints="0" sequenceCoverage="0" branchCoverage="0" maxCyclomaticComplexity="2" minCyclomaticComplexity="2" maxCrapScore="6" minCrapScore="6" visitedClasses="0" numClasses="0" visitedMethods="0" numMethods="0" />
              <MetadataToken>100664201</MetadataToken>
              <Name>System.Void Xunit.ExecutionEventSink::remove_TestCollectionFinishedEvent(Xunit.MessageHandler`1&lt;Xunit.Abstractions.ITestCollectionFinished&gt;)</Name>
              <SequencePoints />
              <BranchPoints />
              <MethodPoint vc="0" uspid="6044" ordinal="0" offset="0" />
            </Method>
            <Method visited="false" cyclomaticComplexity="2" nPathComplexity="0" sequenceCoverage="0" branchCoverage="0" crapScore="6" isConstructor="false" isStatic="false" isGetter="false" isSetter="false">
              <Summary numSequencePoints="0" visitedSequencePoints="0" numBranchPoints="0" visitedBranchPoints="0" sequenceCoverage="0" branchCoverage="0" maxCyclomaticComplexity="2" minCyclomaticComplexity="2" maxCrapScore="6" minCrapScore="6" visitedClasses="0" numClasses="0" visitedMethods="0" numMethods="0" />
              <MetadataToken>100664202</MetadataToken>
              <Name>System.Void Xunit.ExecutionEventSink::add_TestCollectionStartingEvent(Xunit.MessageHandler`1&lt;Xunit.Abstractions.ITestCollectionStarting&gt;)</Name>
              <SequencePoints />
              <BranchPoints />
              <MethodPoint vc="0" uspid="6045" ordinal="0" offset="0" />
            </Method>
            <Method visited="false" cyclomaticComplexity="2" nPathComplexity="0" sequenceCoverage="0" branchCoverage="0" crapScore="6" isConstructor="false" isStatic="false" isGetter="false" isSetter="false">
              <Summary numSequencePoints="0" visitedSequencePoints="0" numBranchPoints="0" visitedBranchPoints="0" sequenceCoverage="0" branchCoverage="0" maxCyclomaticComplexity="2" minCyclomaticComplexity="2" maxCrapScore="6" minCrapScore="6" visitedClasses="0" numClasses="0" visitedMethods="0" numMethods="0" />
              <MetadataToken>100664203</MetadataToken>
              <Name>System.Void Xunit.ExecutionEventSink::remove_TestCollectionStartingEvent(Xunit.MessageHandler`1&lt;Xunit.Abstractions.ITestCollectionStarting&gt;)</Name>
              <SequencePoints />
              <BranchPoints />
              <MethodPoint vc="0" uspid="6046" ordinal="0" offset="0" />
            </Method>
            <Method visited="false" cyclomaticComplexity="2" nPathComplexity="0" sequenceCoverage="0" branchCoverage="0" crapScore="6" isConstructor="false" isStatic="false" isGetter="false" isSetter="false">
              <Summary numSequencePoints="0" visitedSequencePoints="0" numBranchPoints="0" visitedBranchPoints="0" sequenceCoverage="0" branchCoverage="0" maxCyclomaticComplexity="2" minCyclomaticComplexity="2" maxCrapScore="6" minCrapScore="6" visitedClasses="0" numClasses="0" visitedMethods="0" numMethods="0" />
              <MetadataToken>100664204</MetadataToken>
              <Name>System.Void Xunit.ExecutionEventSink::add_TestFailedEvent(Xunit.MessageHandler`1&lt;Xunit.Abstractions.ITestFailed&gt;)</Name>
              <SequencePoints />
              <BranchPoints />
              <MethodPoint vc="0" uspid="6047" ordinal="0" offset="0" />
            </Method>
            <Method visited="false" cyclomaticComplexity="2" nPathComplexity="0" sequenceCoverage="0" branchCoverage="0" crapScore="6" isConstructor="false" isStatic="false" isGetter="false" isSetter="false">
              <Summary numSequencePoints="0" visitedSequencePoints="0" numBranchPoints="0" visitedBranchPoints="0" sequenceCoverage="0" branchCoverage="0" maxCyclomaticComplexity="2" minCyclomaticComplexity="2" maxCrapScore="6" minCrapScore="6" visitedClasses="0" numClasses="0" visitedMethods="0" numMethods="0" />
              <MetadataToken>100664205</MetadataToken>
              <Name>System.Void Xunit.ExecutionEventSink::remove_TestFailedEvent(Xunit.MessageHandler`1&lt;Xunit.Abstractions.ITestFailed&gt;)</Name>
              <SequencePoints />
              <BranchPoints />
              <MethodPoint vc="0" uspid="6048" ordinal="0" offset="0" />
            </Method>
            <Method visited="false" cyclomaticComplexity="2" nPathComplexity="0" sequenceCoverage="0" branchCoverage="0" crapScore="6" isConstructor="false" isStatic="false" isGetter="false" isSetter="false">
              <Summary numSequencePoints="0" visitedSequencePoints="0" numBranchPoints="0" visitedBranchPoints="0" sequenceCoverage="0" branchCoverage="0" maxCyclomaticComplexity="2" minCyclomaticComplexity="2" maxCrapScore="6" minCrapScore="6" visitedClasses="0" numClasses="0" visitedMethods="0" numMethods="0" />
              <MetadataToken>100664206</MetadataToken>
              <Name>System.Void Xunit.ExecutionEventSink::add_TestFinishedEvent(Xunit.MessageHandler`1&lt;Xunit.Abstractions.ITestFinished&gt;)</Name>
              <SequencePoints />
              <BranchPoints />
              <MethodPoint vc="0" uspid="6049" ordinal="0" offset="0" />
            </Method>
            <Method visited="false" cyclomaticComplexity="2" nPathComplexity="0" sequenceCoverage="0" branchCoverage="0" crapScore="6" isConstructor="false" isStatic="false" isGetter="false" isSetter="false">
              <Summary numSequencePoints="0" visitedSequencePoints="0" numBranchPoints="0" visitedBranchPoints="0" sequenceCoverage="0" branchCoverage="0" maxCyclomaticComplexity="2" minCyclomaticComplexity="2" maxCrapScore="6" minCrapScore="6" visitedClasses="0" numClasses="0" visitedMethods="0" numMethods="0" />
              <MetadataToken>100664207</MetadataToken>
              <Name>System.Void Xunit.ExecutionEventSink::remove_TestFinishedEvent(Xunit.MessageHandler`1&lt;Xunit.Abstractions.ITestFinished&gt;)</Name>
              <SequencePoints />
              <BranchPoints />
              <MethodPoint vc="0" uspid="6050" ordinal="0" offset="0" />
            </Method>
            <Method visited="false" cyclomaticComplexity="2" nPathComplexity="0" sequenceCoverage="0" branchCoverage="0" crapScore="6" isConstructor="false" isStatic="false" isGetter="false" isSetter="false">
              <Summary numSequencePoints="0" visitedSequencePoints="0" numBranchPoints="0" visitedBranchPoints="0" sequenceCoverage="0" branchCoverage="0" maxCyclomaticComplexity="2" minCyclomaticComplexity="2" maxCrapScore="6" minCrapScore="6" visitedClasses="0" numClasses="0" visitedMethods="0" numMethods="0" />
              <MetadataToken>100664208</MetadataToken>
              <Name>System.Void Xunit.ExecutionEventSink::add_TestMethodCleanupFailureEvent(Xunit.MessageHandler`1&lt;Xunit.Abstractions.ITestMethodCleanupFailure&gt;)</Name>
              <SequencePoints />
              <BranchPoints />
              <MethodPoint vc="0" uspid="6051" ordinal="0" offset="0" />
            </Method>
            <Method visited="false" cyclomaticComplexity="2" nPathComplexity="0" sequenceCoverage="0" branchCoverage="0" crapScore="6" isConstructor="false" isStatic="false" isGetter="false" isSetter="false">
              <Summary numSequencePoints="0" visitedSequencePoints="0" numBranchPoints="0" visitedBranchPoints="0" sequenceCoverage="0" branchCoverage="0" maxCyclomaticComplexity="2" minCyclomaticComplexity="2" maxCrapScore="6" minCrapScore="6" visitedClasses="0" numClasses="0" visitedMethods="0" numMethods="0" />
              <MetadataToken>100664209</MetadataToken>
              <Name>System.Void Xunit.ExecutionEventSink::remove_TestMethodCleanupFailureEvent(Xunit.MessageHandler`1&lt;Xunit.Abstractions.ITestMethodCleanupFailure&gt;)</Name>
              <SequencePoints />
              <BranchPoints />
              <MethodPoint vc="0" uspid="6052" ordinal="0" offset="0" />
            </Method>
            <Method visited="false" cyclomaticComplexity="2" nPathComplexity="0" sequenceCoverage="0" branchCoverage="0" crapScore="6" isConstructor="false" isStatic="false" isGetter="false" isSetter="false">
              <Summary numSequencePoints="0" visitedSequencePoints="0" numBranchPoints="0" visitedBranchPoints="0" sequenceCoverage="0" branchCoverage="0" maxCyclomaticComplexity="2" minCyclomaticComplexity="2" maxCrapScore="6" minCrapScore="6" visitedClasses="0" numClasses="0" visitedMethods="0" numMethods="0" />
              <MetadataToken>100664210</MetadataToken>
              <Name>System.Void Xunit.ExecutionEventSink::add_TestMethodFinishedEvent(Xunit.MessageHandler`1&lt;Xunit.Abstractions.ITestMethodFinished&gt;)</Name>
              <SequencePoints />
              <BranchPoints />
              <MethodPoint vc="0" uspid="6053" ordinal="0" offset="0" />
            </Method>
            <Method visited="false" cyclomaticComplexity="2" nPathComplexity="0" sequenceCoverage="0" branchCoverage="0" crapScore="6" isConstructor="false" isStatic="false" isGetter="false" isSetter="false">
              <Summary numSequencePoints="0" visitedSequencePoints="0" numBranchPoints="0" visitedBranchPoints="0" sequenceCoverage="0" branchCoverage="0" maxCyclomaticComplexity="2" minCyclomaticComplexity="2" maxCrapScore="6" minCrapScore="6" visitedClasses="0" numClasses="0" visitedMethods="0" numMethods="0" />
              <MetadataToken>100664211</MetadataToken>
              <Name>System.Void Xunit.ExecutionEventSink::remove_TestMethodFinishedEvent(Xunit.MessageHandler`1&lt;Xunit.Abstractions.ITestMethodFinished&gt;)</Name>
              <SequencePoints />
              <BranchPoints />
              <MethodPoint vc="0" uspid="6054" ordinal="0" offset="0" />
            </Method>
            <Method visited="false" cyclomaticComplexity="2" nPathComplexity="0" sequenceCoverage="0" branchCoverage="0" crapScore="6" isConstructor="false" isStatic="false" isGetter="false" isSetter="false">
              <Summary numSequencePoints="0" visitedSequencePoints="0" numBranchPoints="0" visitedBranchPoints="0" sequenceCoverage="0" branchCoverage="0" maxCyclomaticComplexity="2" minCyclomaticComplexity="2" maxCrapScore="6" minCrapScore="6" visitedClasses="0" numClasses="0" visitedMethods="0" numMethods="0" />
              <MetadataToken>100664212</MetadataToken>
              <Name>System.Void Xunit.ExecutionEventSink::add_TestMethodStartingEvent(Xunit.MessageHandler`1&lt;Xunit.Abstractions.ITestMethodStarting&gt;)</Name>
              <SequencePoints />
              <BranchPoints />
              <MethodPoint vc="0" uspid="6055" ordinal="0" offset="0" />
            </Method>
            <Method visited="false" cyclomaticComplexity="2" nPathComplexity="0" sequenceCoverage="0" branchCoverage="0" crapScore="6" isConstructor="false" isStatic="false" isGetter="false" isSetter="false">
              <Summary numSequencePoints="0" visitedSequencePoints="0" numBranchPoints="0" visitedBranchPoints="0" sequenceCoverage="0" branchCoverage="0" maxCyclomaticComplexity="2" minCyclomaticComplexity="2" maxCrapScore="6" minCrapScore="6" visitedClasses="0" numClasses="0" visitedMethods="0" numMethods="0" />
              <MetadataToken>100664213</MetadataToken>
              <Name>System.Void Xunit.ExecutionEventSink::remove_TestMethodStartingEvent(Xunit.MessageHandler`1&lt;Xunit.Abstractions.ITestMethodStarting&gt;)</Name>
              <SequencePoints />
              <BranchPoints />
              <MethodPoint vc="0" uspid="6056" ordinal="0" offset="0" />
            </Method>
            <Method visited="false" cyclomaticComplexity="2" nPathComplexity="0" sequenceCoverage="0" branchCoverage="0" crapScore="6" isConstructor="false" isStatic="false" isGetter="false" isSetter="false">
              <Summary numSequencePoints="0" visitedSequencePoints="0" numBranchPoints="0" visitedBranchPoints="0" sequenceCoverage="0" branchCoverage="0" maxCyclomaticComplexity="2" minCyclomaticComplexity="2" maxCrapScore="6" minCrapScore="6" visitedClasses="0" numClasses="0" visitedMethods="0" numMethods="0" />
              <MetadataToken>100664214</MetadataToken>
              <Name>System.Void Xunit.ExecutionEventSink::add_TestOutputEvent(Xunit.MessageHandler`1&lt;Xunit.Abstractions.ITestOutput&gt;)</Name>
              <SequencePoints />
              <BranchPoints />
              <MethodPoint vc="0" uspid="6057" ordinal="0" offset="0" />
            </Method>
            <Method visited="false" cyclomaticComplexity="2" nPathComplexity="0" sequenceCoverage="0" branchCoverage="0" crapScore="6" isConstructor="false" isStatic="false" isGetter="false" isSetter="false">
              <Summary numSequencePoints="0" visitedSequencePoints="0" numBranchPoints="0" visitedBranchPoints="0" sequenceCoverage="0" branchCoverage="0" maxCyclomaticComplexity="2" minCyclomaticComplexity="2" maxCrapScore="6" minCrapScore="6" visitedClasses="0" numClasses="0" visitedMethods="0" numMethods="0" />
              <MetadataToken>100664215</MetadataToken>
              <Name>System.Void Xunit.ExecutionEventSink::remove_TestOutputEvent(Xunit.MessageHandler`1&lt;Xunit.Abstractions.ITestOutput&gt;)</Name>
              <SequencePoints />
              <BranchPoints />
              <MethodPoint vc="0" uspid="6058" ordinal="0" offset="0" />
            </Method>
            <Method visited="false" cyclomaticComplexity="2" nPathComplexity="0" sequenceCoverage="0" branchCoverage="0" crapScore="6" isConstructor="false" isStatic="false" isGetter="false" isSetter="false">
              <Summary numSequencePoints="0" visitedSequencePoints="0" numBranchPoints="0" visitedBranchPoints="0" sequenceCoverage="0" branchCoverage="0" maxCyclomaticComplexity="2" minCyclomaticComplexity="2" maxCrapScore="6" minCrapScore="6" visitedClasses="0" numClasses="0" visitedMethods="0" numMethods="0" />
              <MetadataToken>100664216</MetadataToken>
              <Name>System.Void Xunit.ExecutionEventSink::add_TestPassedEvent(Xunit.MessageHandler`1&lt;Xunit.Abstractions.ITestPassed&gt;)</Name>
              <SequencePoints />
              <BranchPoints />
              <MethodPoint vc="0" uspid="6059" ordinal="0" offset="0" />
            </Method>
            <Method visited="false" cyclomaticComplexity="2" nPathComplexity="0" sequenceCoverage="0" branchCoverage="0" crapScore="6" isConstructor="false" isStatic="false" isGetter="false" isSetter="false">
              <Summary numSequencePoints="0" visitedSequencePoints="0" numBranchPoints="0" visitedBranchPoints="0" sequenceCoverage="0" branchCoverage="0" maxCyclomaticComplexity="2" minCyclomaticComplexity="2" maxCrapScore="6" minCrapScore="6" visitedClasses="0" numClasses="0" visitedMethods="0" numMethods="0" />
              <MetadataToken>100664217</MetadataToken>
              <Name>System.Void Xunit.ExecutionEventSink::remove_TestPassedEvent(Xunit.MessageHandler`1&lt;Xunit.Abstractions.ITestPassed&gt;)</Name>
              <SequencePoints />
              <BranchPoints />
              <MethodPoint vc="0" uspid="6060" ordinal="0" offset="0" />
            </Method>
            <Method visited="false" cyclomaticComplexity="2" nPathComplexity="0" sequenceCoverage="0" branchCoverage="0" crapScore="6" isConstructor="false" isStatic="false" isGetter="false" isSetter="false">
              <Summary numSequencePoints="0" visitedSequencePoints="0" numBranchPoints="0" visitedBranchPoints="0" sequenceCoverage="0" branchCoverage="0" maxCyclomaticComplexity="2" minCyclomaticComplexity="2" maxCrapScore="6" minCrapScore="6" visitedClasses="0" numClasses="0" visitedMethods="0" numMethods="0" />
              <MetadataToken>100664218</MetadataToken>
              <Name>System.Void Xunit.ExecutionEventSink::add_TestSkippedEvent(Xunit.MessageHandler`1&lt;Xunit.Abstractions.ITestSkipped&gt;)</Name>
              <SequencePoints />
              <BranchPoints />
              <MethodPoint vc="0" uspid="6061" ordinal="0" offset="0" />
            </Method>
            <Method visited="false" cyclomaticComplexity="2" nPathComplexity="0" sequenceCoverage="0" branchCoverage="0" crapScore="6" isConstructor="false" isStatic="false" isGetter="false" isSetter="false">
              <Summary numSequencePoints="0" visitedSequencePoints="0" numBranchPoints="0" visitedBranchPoints="0" sequenceCoverage="0" branchCoverage="0" maxCyclomaticComplexity="2" minCyclomaticComplexity="2" maxCrapScore="6" minCrapScore="6" visitedClasses="0" numClasses="0" visitedMethods="0" numMethods="0" />
              <MetadataToken>100664219</MetadataToken>
              <Name>System.Void Xunit.ExecutionEventSink::remove_TestSkippedEvent(Xunit.MessageHandler`1&lt;Xunit.Abstractions.ITestSkipped&gt;)</Name>
              <SequencePoints />
              <BranchPoints />
              <MethodPoint vc="0" uspid="6062" ordinal="0" offset="0" />
            </Method>
            <Method visited="false" cyclomaticComplexity="2" nPathComplexity="0" sequenceCoverage="0" branchCoverage="0" crapScore="6" isConstructor="false" isStatic="false" isGetter="false" isSetter="false">
              <Summary numSequencePoints="0" visitedSequencePoints="0" numBranchPoints="0" visitedBranchPoints="0" sequenceCoverage="0" branchCoverage="0" maxCyclomaticComplexity="2" minCyclomaticComplexity="2" maxCrapScore="6" minCrapScore="6" visitedClasses="0" numClasses="0" visitedMethods="0" numMethods="0" />
              <MetadataToken>100664220</MetadataToken>
              <Name>System.Void Xunit.ExecutionEventSink::add_TestStartingEvent(Xunit.MessageHandler`1&lt;Xunit.Abstractions.ITestStarting&gt;)</Name>
              <SequencePoints />
              <BranchPoints />
              <MethodPoint vc="0" uspid="6063" ordinal="0" offset="0" />
            </Method>
            <Method visited="false" cyclomaticComplexity="2" nPathComplexity="0" sequenceCoverage="0" branchCoverage="0" crapScore="6" isConstructor="false" isStatic="false" isGetter="false" isSetter="false">
              <Summary numSequencePoints="0" visitedSequencePoints="0" numBranchPoints="0" visitedBranchPoints="0" sequenceCoverage="0" branchCoverage="0" maxCyclomaticComplexity="2" minCyclomaticComplexity="2" maxCrapScore="6" minCrapScore="6" visitedClasses="0" numClasses="0" visitedMethods="0" numMethods="0" />
              <MetadataToken>100664221</MetadataToken>
              <Name>System.Void Xunit.ExecutionEventSink::remove_TestStartingEvent(Xunit.MessageHandler`1&lt;Xunit.Abstractions.ITestStarting&gt;)</Name>
              <SequencePoints />
              <BranchPoints />
              <MethodPoint vc="0" uspid="6064" ordinal="0" offset="0" />
            </Method>
            <Method visited="false" cyclomaticComplexity="1" nPathComplexity="0" sequenceCoverage="0" branchCoverage="0" crapScore="2" isConstructor="false" isStatic="false" isGetter="false" isSetter="false">
              <Summary numSequencePoints="1" visitedSequencePoints="0" numBranchPoints="1" visitedBranchPoints="0" sequenceCoverage="0" branchCoverage="0" maxCyclomaticComplexity="1" minCyclomaticComplexity="1" maxCrapScore="2" minCrapScore="2" visitedClasses="0" numClasses="0" visitedMethods="0" numMethods="1" />
              <MetadataToken>100664222</MetadataToken>
              <Name>System.Void Xunit.ExecutionEventSink::Dispose()</Name>
              <FileRef uid="210" />
              <SequencePoints>
                <SequencePoint vc="0" uspid="6065" ordinal="0" offset="0" sl="162" sc="33" el="162" ec="34" bec="0" bev="0" fileid="210" />
              </SequencePoints>
              <BranchPoints />
              <MethodPoint xsi:type="SequencePoint" vc="0" uspid="6065" ordinal="0" offset="0" sl="162" sc="33" el="162" ec="34" bec="0" bev="0" fileid="210" />
            </Method>
            <Method visited="false" cyclomaticComplexity="30" nPathComplexity="536870912" sequenceCoverage="0" branchCoverage="0" crapScore="930" isConstructor="false" isStatic="false" isGetter="false" isSetter="false">
              <Summary numSequencePoints="1" visitedSequencePoints="0" numBranchPoints="59" visitedBranchPoints="0" sequenceCoverage="0" branchCoverage="0" maxCyclomaticComplexity="30" minCyclomaticComplexity="30" maxCrapScore="930" minCrapScore="930" visitedClasses="0" numClasses="0" visitedMethods="0" numMethods="1" />
              <MetadataToken>100664223</MetadataToken>
              <Name>System.Boolean Xunit.ExecutionEventSink::OnMessageWithTypes(Xunit.Abstractions.IMessageSinkMessage,System.Collections.Generic.HashSet`1&lt;System.String&gt;)</Name>
              <FileRef uid="210" />
              <SequencePoints>
                <SequencePoint vc="0" uspid="6066" ordinal="0" offset="0" sl="166" sc="16" el="195" ec="65" bec="30" bev="0" fileid="210" />
              </SequencePoints>
              <BranchPoints>
                <BranchPoint vc="0" uspid="6067" ordinal="0" offset="13" sl="166" path="0" offsetend="18" fileid="210" />
                <BranchPoint vc="0" uspid="6068" ordinal="1" offset="13" sl="166" path="1" offsetend="512" fileid="210" />
                <BranchPoint vc="0" uspid="6069" ordinal="2" offset="31" sl="166" path="0" offsetend="36" fileid="210" />
                <BranchPoint vc="0" uspid="6070" ordinal="3" offset="31" sl="166" path="1" offsetend="512" fileid="210" />
                <BranchPoint vc="0" uspid="6071" ordinal="4" offset="49" sl="166" path="0" offsetend="54" fileid="210" />
                <BranchPoint vc="0" uspid="6072" ordinal="5" offset="49" sl="166" path="1" offsetend="512" fileid="210" />
                <BranchPoint vc="0" uspid="6073" ordinal="6" offset="67" sl="166" path="0" offsetend="72" fileid="210" />
                <BranchPoint vc="0" uspid="6074" ordinal="7" offset="67" sl="166" path="1" offsetend="512" fileid="210" />
                <BranchPoint vc="0" uspid="6075" ordinal="8" offset="85" sl="166" path="0" offsetend="90" fileid="210" />
                <BranchPoint vc="0" uspid="6076" ordinal="9" offset="85" sl="166" path="1" offsetend="512" fileid="210" />
                <BranchPoint vc="0" uspid="6077" ordinal="10" offset="103" sl="166" path="0" offsetend="108" fileid="210" />
                <BranchPoint vc="0" uspid="6078" ordinal="11" offset="103" sl="166" path="1" offsetend="512" fileid="210" />
                <BranchPoint vc="0" uspid="6079" ordinal="12" offset="121" sl="166" path="0" offsetend="126" fileid="210" />
                <BranchPoint vc="0" uspid="6080" ordinal="13" offset="121" sl="166" path="1" offsetend="512" fileid="210" />
                <BranchPoint vc="0" uspid="6081" ordinal="14" offset="139" sl="166" path="0" offsetend="144" fileid="210" />
                <BranchPoint vc="0" uspid="6082" ordinal="15" offset="139" sl="166" path="1" offsetend="512" fileid="210" />
                <BranchPoint vc="0" uspid="6083" ordinal="16" offset="157" sl="166" path="0" offsetend="162" fileid="210" />
                <BranchPoint vc="0" uspid="6084" ordinal="17" offset="157" sl="166" path="1" offsetend="512" fileid="210" />
                <BranchPoint vc="0" uspid="6085" ordinal="18" offset="175" sl="166" path="0" offsetend="180" fileid="210" />
                <BranchPoint vc="0" uspid="6086" ordinal="19" offset="175" sl="166" path="1" offsetend="512" fileid="210" />
                <BranchPoint vc="0" uspid="6087" ordinal="20" offset="193" sl="166" path="0" offsetend="198" fileid="210" />
                <BranchPoint vc="0" uspid="6088" ordinal="21" offset="193" sl="166" path="1" offsetend="512" fileid="210" />
                <BranchPoint vc="0" uspid="6089" ordinal="22" offset="211" sl="166" path="0" offsetend="216" fileid="210" />
                <BranchPoint vc="0" uspid="6090" ordinal="23" offset="211" sl="166" path="1" offsetend="512" fileid="210" />
                <BranchPoint vc="0" uspid="6091" ordinal="24" offset="229" sl="166" path="0" offsetend="234" fileid="210" />
                <BranchPoint vc="0" uspid="6092" ordinal="25" offset="229" sl="166" path="1" offsetend="512" fileid="210" />
                <BranchPoint vc="0" uspid="6093" ordinal="26" offset="247" sl="166" path="0" offsetend="252" fileid="210" />
                <BranchPoint vc="0" uspid="6094" ordinal="27" offset="247" sl="166" path="1" offsetend="512" fileid="210" />
                <BranchPoint vc="0" uspid="6095" ordinal="28" offset="265" sl="166" path="0" offsetend="270" fileid="210" />
                <BranchPoint vc="0" uspid="6096" ordinal="29" offset="265" sl="166" path="1" offsetend="512" fileid="210" />
                <BranchPoint vc="0" uspid="6097" ordinal="30" offset="283" sl="166" path="0" offsetend="288" fileid="210" />
                <BranchPoint vc="0" uspid="6098" ordinal="31" offset="283" sl="166" path="1" offsetend="512" fileid="210" />
                <BranchPoint vc="0" uspid="6099" ordinal="32" offset="301" sl="166" path="0" offsetend="306" fileid="210" />
                <BranchPoint vc="0" uspid="6100" ordinal="33" offset="301" sl="166" path="1" offsetend="512" fileid="210" />
                <BranchPoint vc="0" uspid="6101" ordinal="34" offset="319" sl="166" path="0" offsetend="324" fileid="210" />
                <BranchPoint vc="0" uspid="6102" ordinal="35" offset="319" sl="166" path="1" offsetend="512" fileid="210" />
                <BranchPoint vc="0" uspid="6103" ordinal="36" offset="337" sl="166" path="0" offsetend="342" fileid="210" />
                <BranchPoint vc="0" uspid="6104" ordinal="37" offset="337" sl="166" path="1" offsetend="512" fileid="210" />
                <BranchPoint vc="0" uspid="6105" ordinal="38" offset="355" sl="166" path="0" offsetend="360" fileid="210" />
                <BranchPoint vc="0" uspid="6106" ordinal="39" offset="355" sl="166" path="1" offsetend="512" fileid="210" />
                <BranchPoint vc="0" uspid="6107" ordinal="40" offset="373" sl="166" path="0" offsetend="378" fileid="210" />
                <BranchPoint vc="0" uspid="6108" ordinal="41" offset="373" sl="166" path="1" offsetend="512" fileid="210" />
                <BranchPoint vc="0" uspid="6109" ordinal="42" offset="391" sl="166" path="0" offsetend="393" fileid="210" />
                <BranchPoint vc="0" uspid="6110" ordinal="43" offset="391" sl="166" path="1" offsetend="512" fileid="210" />
                <BranchPoint vc="0" uspid="6111" ordinal="44" offset="406" sl="166" path="0" offsetend="408" fileid="210" />
                <BranchPoint vc="0" uspid="6112" ordinal="45" offset="406" sl="166" path="1" offsetend="512" fileid="210" />
                <BranchPoint vc="0" uspid="6113" ordinal="46" offset="421" sl="166" path="0" offsetend="423" fileid="210" />
                <BranchPoint vc="0" uspid="6114" ordinal="47" offset="421" sl="166" path="1" offsetend="512" fileid="210" />
                <BranchPoint vc="0" uspid="6115" ordinal="48" offset="436" sl="166" path="0" offsetend="438" fileid="210" />
                <BranchPoint vc="0" uspid="6116" ordinal="49" offset="436" sl="166" path="1" offsetend="512" fileid="210" />
                <BranchPoint vc="0" uspid="6117" ordinal="50" offset="451" sl="166" path="0" offsetend="453" fileid="210" />
                <BranchPoint vc="0" uspid="6118" ordinal="51" offset="451" sl="166" path="1" offsetend="512" fileid="210" />
                <BranchPoint vc="0" uspid="6119" ordinal="52" offset="466" sl="166" path="0" offsetend="468" fileid="210" />
                <BranchPoint vc="0" uspid="6120" ordinal="53" offset="466" sl="166" path="1" offsetend="512" fileid="210" />
                <BranchPoint vc="0" uspid="6121" ordinal="54" offset="481" sl="166" path="0" offsetend="483" fileid="210" />
                <BranchPoint vc="0" uspid="6122" ordinal="55" offset="481" sl="166" path="1" offsetend="512" fileid="210" />
                <BranchPoint vc="0" uspid="6123" ordinal="56" offset="496" sl="166" path="0" offsetend="498" fileid="210" />
                <BranchPoint vc="0" uspid="6124" ordinal="57" offset="496" sl="166" path="1" offsetend="512" fileid="210" />
              </BranchPoints>
              <MethodPoint xsi:type="SequencePoint" vc="0" uspid="6066" ordinal="0" offset="0" sl="166" sc="16" el="195" ec="65" bec="30" bev="0" fileid="210" />
            </Method>
            <Method visited="false" cyclomaticComplexity="1" nPathComplexity="0" sequenceCoverage="0" branchCoverage="0" crapScore="2" isConstructor="true" isStatic="false" isGetter="false" isSetter="false">
              <Summary numSequencePoints="0" visitedSequencePoints="0" numBranchPoints="0" visitedBranchPoints="0" sequenceCoverage="0" branchCoverage="0" maxCyclomaticComplexity="1" minCyclomaticComplexity="1" maxCrapScore="2" minCrapScore="2" visitedClasses="0" numClasses="0" visitedMethods="0" numMethods="0" />
              <MetadataToken>100664224</MetadataToken>
              <Name>System.Void Xunit.ExecutionEventSink::.ctor()</Name>
              <SequencePoints />
              <BranchPoints />
              <MethodPoint vc="0" uspid="6125" ordinal="0" offset="0" />
            </Method>
          </Methods>
        </Class>
        <Class skippedDueTo="Delegate">
          <FullName>Xunit.MessageHandler`1</FullName>
          <Methods />
        </Class>
        <Class>
          <Summary numSequencePoints="4" visitedSequencePoints="0" numBranchPoints="3" visitedBranchPoints="0" sequenceCoverage="0" branchCoverage="0" maxCyclomaticComplexity="1" minCyclomaticComplexity="1" maxCrapScore="2" minCrapScore="2" visitedClasses="0" numClasses="1" visitedMethods="0" numMethods="3" />
          <FullName>Xunit.MessageHandlerArgs</FullName>
          <Methods>
            <Method visited="false" cyclomaticComplexity="1" nPathComplexity="0" sequenceCoverage="0" branchCoverage="0" crapScore="2" isConstructor="false" isStatic="false" isGetter="true" isSetter="false">
              <Summary numSequencePoints="1" visitedSequencePoints="0" numBranchPoints="1" visitedBranchPoints="0" sequenceCoverage="0" branchCoverage="0" maxCyclomaticComplexity="1" minCyclomaticComplexity="1" maxCrapScore="2" minCrapScore="2" visitedClasses="0" numClasses="0" visitedMethods="0" numMethods="1" />
              <MetadataToken>100664229</MetadataToken>
              <Name>System.Boolean Xunit.MessageHandlerArgs::get_IsStopped()</Name>
              <FileRef uid="211" />
              <SequencePoints>
                <SequencePoint vc="0" uspid="6126" ordinal="0" offset="0" sl="13" sc="33" el="13" ec="37" bec="0" bev="0" fileid="211" />
              </SequencePoints>
              <BranchPoints />
              <MethodPoint xsi:type="SequencePoint" vc="0" uspid="6126" ordinal="0" offset="0" sl="13" sc="33" el="13" ec="37" bec="0" bev="0" fileid="211" />
            </Method>
            <Method visited="false" cyclomaticComplexity="1" nPathComplexity="0" sequenceCoverage="0" branchCoverage="0" crapScore="2" isConstructor="false" isStatic="false" isGetter="false" isSetter="true">
              <Summary numSequencePoints="1" visitedSequencePoints="0" numBranchPoints="1" visitedBranchPoints="0" sequenceCoverage="0" branchCoverage="0" maxCyclomaticComplexity="1" minCyclomaticComplexity="1" maxCrapScore="2" minCrapScore="2" visitedClasses="0" numClasses="0" visitedMethods="0" numMethods="1" />
              <MetadataToken>100664230</MetadataToken>
              <Name>System.Void Xunit.MessageHandlerArgs::set_IsStopped(System.Boolean)</Name>
              <FileRef uid="211" />
              <SequencePoints>
                <SequencePoint vc="0" uspid="6127" ordinal="0" offset="0" sl="13" sc="38" el="13" ec="50" bec="0" bev="0" fileid="211" />
              </SequencePoints>
              <BranchPoints />
              <MethodPoint xsi:type="SequencePoint" vc="0" uspid="6127" ordinal="0" offset="0" sl="13" sc="38" el="13" ec="50" bec="0" bev="0" fileid="211" />
            </Method>
            <Method visited="false" cyclomaticComplexity="1" nPathComplexity="0" sequenceCoverage="0" branchCoverage="0" crapScore="2" isConstructor="false" isStatic="false" isGetter="false" isSetter="false">
              <Summary numSequencePoints="2" visitedSequencePoints="0" numBranchPoints="1" visitedBranchPoints="0" sequenceCoverage="0" branchCoverage="0" maxCyclomaticComplexity="1" minCyclomaticComplexity="1" maxCrapScore="2" minCrapScore="2" visitedClasses="0" numClasses="0" visitedMethods="0" numMethods="1" />
              <MetadataToken>100664231</MetadataToken>
              <Name>System.Void Xunit.MessageHandlerArgs::Stop()</Name>
              <FileRef uid="211" />
              <SequencePoints>
                <SequencePoint vc="0" uspid="6128" ordinal="0" offset="0" sl="20" sc="13" el="20" ec="30" bec="0" bev="0" fileid="211" />
                <SequencePoint vc="0" uspid="6129" ordinal="1" offset="7" sl="21" sc="9" el="21" ec="10" bec="0" bev="0" fileid="211" />
              </SequencePoints>
              <BranchPoints />
              <MethodPoint xsi:type="SequencePoint" vc="0" uspid="6128" ordinal="0" offset="0" sl="20" sc="13" el="20" ec="30" bec="0" bev="0" fileid="211" />
            </Method>
            <Method visited="false" cyclomaticComplexity="1" nPathComplexity="0" sequenceCoverage="0" branchCoverage="0" crapScore="2" isConstructor="true" isStatic="false" isGetter="false" isSetter="false">
              <Summary numSequencePoints="0" visitedSequencePoints="0" numBranchPoints="0" visitedBranchPoints="0" sequenceCoverage="0" branchCoverage="0" maxCyclomaticComplexity="1" minCyclomaticComplexity="1" maxCrapScore="2" minCrapScore="2" visitedClasses="0" numClasses="0" visitedMethods="0" numMethods="0" />
              <MetadataToken>100664232</MetadataToken>
              <Name>System.Void Xunit.MessageHandlerArgs::.ctor()</Name>
              <SequencePoints />
              <BranchPoints />
              <MethodPoint vc="0" uspid="6130" ordinal="0" offset="0" />
            </Method>
          </Methods>
        </Class>
        <Class>
          <Summary numSequencePoints="4" visitedSequencePoints="0" numBranchPoints="2" visitedBranchPoints="0" sequenceCoverage="0" branchCoverage="0" maxCyclomaticComplexity="1" minCyclomaticComplexity="1" maxCrapScore="2" minCrapScore="2" visitedClasses="0" numClasses="1" visitedMethods="0" numMethods="2" />
          <FullName>Xunit.MessageHandlerArgs`1</FullName>
          <Methods>
            <Method visited="false" cyclomaticComplexity="1" nPathComplexity="0" sequenceCoverage="0" branchCoverage="0" crapScore="2" isConstructor="false" isStatic="false" isGetter="true" isSetter="false">
              <Summary numSequencePoints="1" visitedSequencePoints="0" numBranchPoints="1" visitedBranchPoints="0" sequenceCoverage="0" branchCoverage="0" maxCyclomaticComplexity="1" minCyclomaticComplexity="1" maxCrapScore="2" minCrapScore="2" visitedClasses="0" numClasses="0" visitedMethods="0" numMethods="1" />
              <MetadataToken>100664234</MetadataToken>
              <Name>TMessage Xunit.MessageHandlerArgs`1::get_Message()</Name>
              <FileRef uid="211" />
              <SequencePoints>
                <SequencePoint vc="0" uspid="6131" ordinal="0" offset="0" sl="43" sc="35" el="43" ec="39" bec="0" bev="0" fileid="211" />
              </SequencePoints>
              <BranchPoints />
              <MethodPoint xsi:type="SequencePoint" vc="0" uspid="6131" ordinal="0" offset="0" sl="43" sc="35" el="43" ec="39" bec="0" bev="0" fileid="211" />
            </Method>
            <Method visited="false" cyclomaticComplexity="1" nPathComplexity="0" sequenceCoverage="0" branchCoverage="0" crapScore="2" isConstructor="true" isStatic="false" isGetter="false" isSetter="false">
              <Summary numSequencePoints="3" visitedSequencePoints="0" numBranchPoints="1" visitedBranchPoints="0" sequenceCoverage="0" branchCoverage="0" maxCyclomaticComplexity="1" minCyclomaticComplexity="1" maxCrapScore="2" minCrapScore="2" visitedClasses="0" numClasses="0" visitedMethods="0" numMethods="1" />
              <MetadataToken>100664233</MetadataToken>
              <Name>System.Void Xunit.MessageHandlerArgs`1::.ctor(TMessage)</Name>
              <FileRef uid="211" />
              <SequencePoints>
                <SequencePoint vc="0" uspid="6132" ordinal="0" offset="0" sl="35" sc="9" el="35" ec="52" bec="0" bev="0" fileid="211" />
                <SequencePoint vc="0" uspid="6133" ordinal="1" offset="6" sl="37" sc="13" el="37" ec="31" bec="0" bev="0" fileid="211" />
                <SequencePoint vc="0" uspid="6134" ordinal="2" offset="13" sl="38" sc="9" el="38" ec="10" bec="0" bev="0" fileid="211" />
              </SequencePoints>
              <BranchPoints />
              <MethodPoint xsi:type="SequencePoint" vc="0" uspid="6132" ordinal="0" offset="0" sl="35" sc="9" el="35" ec="52" bec="0" bev="0" fileid="211" />
            </Method>
          </Methods>
        </Class>
        <Class>
          <Summary numSequencePoints="2" visitedSequencePoints="0" numBranchPoints="10" visitedBranchPoints="0" sequenceCoverage="0" branchCoverage="0" maxCyclomaticComplexity="5" minCyclomaticComplexity="1" maxCrapScore="30" minCrapScore="2" visitedClasses="0" numClasses="1" visitedMethods="0" numMethods="2" />
          <FullName>Xunit.RunnerEventSink</FullName>
          <Methods>
            <Method visited="false" cyclomaticComplexity="2" nPathComplexity="0" sequenceCoverage="0" branchCoverage="0" crapScore="6" isConstructor="false" isStatic="false" isGetter="false" isSetter="false">
              <Summary numSequencePoints="0" visitedSequencePoints="0" numBranchPoints="0" visitedBranchPoints="0" sequenceCoverage="0" branchCoverage="0" maxCyclomaticComplexity="2" minCyclomaticComplexity="2" maxCrapScore="6" minCrapScore="6" visitedClasses="0" numClasses="0" visitedMethods="0" numMethods="0" />
              <MetadataToken>100664235</MetadataToken>
              <Name>System.Void Xunit.RunnerEventSink::add_TestAssemblyDiscoveryFinishedEvent(Xunit.MessageHandler`1&lt;Xunit.ITestAssemblyDiscoveryFinished&gt;)</Name>
              <SequencePoints />
              <BranchPoints />
              <MethodPoint vc="0" uspid="6135" ordinal="0" offset="0" />
            </Method>
            <Method visited="false" cyclomaticComplexity="2" nPathComplexity="0" sequenceCoverage="0" branchCoverage="0" crapScore="6" isConstructor="false" isStatic="false" isGetter="false" isSetter="false">
              <Summary numSequencePoints="0" visitedSequencePoints="0" numBranchPoints="0" visitedBranchPoints="0" sequenceCoverage="0" branchCoverage="0" maxCyclomaticComplexity="2" minCyclomaticComplexity="2" maxCrapScore="6" minCrapScore="6" visitedClasses="0" numClasses="0" visitedMethods="0" numMethods="0" />
              <MetadataToken>100664236</MetadataToken>
              <Name>System.Void Xunit.RunnerEventSink::remove_TestAssemblyDiscoveryFinishedEvent(Xunit.MessageHandler`1&lt;Xunit.ITestAssemblyDiscoveryFinished&gt;)</Name>
              <SequencePoints />
              <BranchPoints />
              <MethodPoint vc="0" uspid="6136" ordinal="0" offset="0" />
            </Method>
            <Method visited="false" cyclomaticComplexity="2" nPathComplexity="0" sequenceCoverage="0" branchCoverage="0" crapScore="6" isConstructor="false" isStatic="false" isGetter="false" isSetter="false">
              <Summary numSequencePoints="0" visitedSequencePoints="0" numBranchPoints="0" visitedBranchPoints="0" sequenceCoverage="0" branchCoverage="0" maxCyclomaticComplexity="2" minCyclomaticComplexity="2" maxCrapScore="6" minCrapScore="6" visitedClasses="0" numClasses="0" visitedMethods="0" numMethods="0" />
              <MetadataToken>100664237</MetadataToken>
              <Name>System.Void Xunit.RunnerEventSink::add_TestAssemblyDiscoveryStartingEvent(Xunit.MessageHandler`1&lt;Xunit.ITestAssemblyDiscoveryStarting&gt;)</Name>
              <SequencePoints />
              <BranchPoints />
              <MethodPoint vc="0" uspid="6137" ordinal="0" offset="0" />
            </Method>
            <Method visited="false" cyclomaticComplexity="2" nPathComplexity="0" sequenceCoverage="0" branchCoverage="0" crapScore="6" isConstructor="false" isStatic="false" isGetter="false" isSetter="false">
              <Summary numSequencePoints="0" visitedSequencePoints="0" numBranchPoints="0" visitedBranchPoints="0" sequenceCoverage="0" branchCoverage="0" maxCyclomaticComplexity="2" minCyclomaticComplexity="2" maxCrapScore="6" minCrapScore="6" visitedClasses="0" numClasses="0" visitedMethods="0" numMethods="0" />
              <MetadataToken>100664238</MetadataToken>
              <Name>System.Void Xunit.RunnerEventSink::remove_TestAssemblyDiscoveryStartingEvent(Xunit.MessageHandler`1&lt;Xunit.ITestAssemblyDiscoveryStarting&gt;)</Name>
              <SequencePoints />
              <BranchPoints />
              <MethodPoint vc="0" uspid="6138" ordinal="0" offset="0" />
            </Method>
            <Method visited="false" cyclomaticComplexity="2" nPathComplexity="0" sequenceCoverage="0" branchCoverage="0" crapScore="6" isConstructor="false" isStatic="false" isGetter="false" isSetter="false">
              <Summary numSequencePoints="0" visitedSequencePoints="0" numBranchPoints="0" visitedBranchPoints="0" sequenceCoverage="0" branchCoverage="0" maxCyclomaticComplexity="2" minCyclomaticComplexity="2" maxCrapScore="6" minCrapScore="6" visitedClasses="0" numClasses="0" visitedMethods="0" numMethods="0" />
              <MetadataToken>100664239</MetadataToken>
              <Name>System.Void Xunit.RunnerEventSink::add_TestAssemblyExecutionFinishedEvent(Xunit.MessageHandler`1&lt;Xunit.ITestAssemblyExecutionFinished&gt;)</Name>
              <SequencePoints />
              <BranchPoints />
              <MethodPoint vc="0" uspid="6139" ordinal="0" offset="0" />
            </Method>
            <Method visited="false" cyclomaticComplexity="2" nPathComplexity="0" sequenceCoverage="0" branchCoverage="0" crapScore="6" isConstructor="false" isStatic="false" isGetter="false" isSetter="false">
              <Summary numSequencePoints="0" visitedSequencePoints="0" numBranchPoints="0" visitedBranchPoints="0" sequenceCoverage="0" branchCoverage="0" maxCyclomaticComplexity="2" minCyclomaticComplexity="2" maxCrapScore="6" minCrapScore="6" visitedClasses="0" numClasses="0" visitedMethods="0" numMethods="0" />
              <MetadataToken>100664240</MetadataToken>
              <Name>System.Void Xunit.RunnerEventSink::remove_TestAssemblyExecutionFinishedEvent(Xunit.MessageHandler`1&lt;Xunit.ITestAssemblyExecutionFinished&gt;)</Name>
              <SequencePoints />
              <BranchPoints />
              <MethodPoint vc="0" uspid="6140" ordinal="0" offset="0" />
            </Method>
            <Method visited="false" cyclomaticComplexity="2" nPathComplexity="0" sequenceCoverage="0" branchCoverage="0" crapScore="6" isConstructor="false" isStatic="false" isGetter="false" isSetter="false">
              <Summary numSequencePoints="0" visitedSequencePoints="0" numBranchPoints="0" visitedBranchPoints="0" sequenceCoverage="0" branchCoverage="0" maxCyclomaticComplexity="2" minCyclomaticComplexity="2" maxCrapScore="6" minCrapScore="6" visitedClasses="0" numClasses="0" visitedMethods="0" numMethods="0" />
              <MetadataToken>100664241</MetadataToken>
              <Name>System.Void Xunit.RunnerEventSink::add_TestAssemblyExecutionStartingEvent(Xunit.MessageHandler`1&lt;Xunit.ITestAssemblyExecutionStarting&gt;)</Name>
              <SequencePoints />
              <BranchPoints />
              <MethodPoint vc="0" uspid="6141" ordinal="0" offset="0" />
            </Method>
            <Method visited="false" cyclomaticComplexity="2" nPathComplexity="0" sequenceCoverage="0" branchCoverage="0" crapScore="6" isConstructor="false" isStatic="false" isGetter="false" isSetter="false">
              <Summary numSequencePoints="0" visitedSequencePoints="0" numBranchPoints="0" visitedBranchPoints="0" sequenceCoverage="0" branchCoverage="0" maxCyclomaticComplexity="2" minCyclomaticComplexity="2" maxCrapScore="6" minCrapScore="6" visitedClasses="0" numClasses="0" visitedMethods="0" numMethods="0" />
              <MetadataToken>100664242</MetadataToken>
              <Name>System.Void Xunit.RunnerEventSink::remove_TestAssemblyExecutionStartingEvent(Xunit.MessageHandler`1&lt;Xunit.ITestAssemblyExecutionStarting&gt;)</Name>
              <SequencePoints />
              <BranchPoints />
              <MethodPoint vc="0" uspid="6142" ordinal="0" offset="0" />
            </Method>
            <Method visited="false" cyclomaticComplexity="2" nPathComplexity="0" sequenceCoverage="0" branchCoverage="0" crapScore="6" isConstructor="false" isStatic="false" isGetter="false" isSetter="false">
              <Summary numSequencePoints="0" visitedSequencePoints="0" numBranchPoints="0" visitedBranchPoints="0" sequenceCoverage="0" branchCoverage="0" maxCyclomaticComplexity="2" minCyclomaticComplexity="2" maxCrapScore="6" minCrapScore="6" visitedClasses="0" numClasses="0" visitedMethods="0" numMethods="0" />
              <MetadataToken>100664243</MetadataToken>
              <Name>System.Void Xunit.RunnerEventSink::add_TestExecutionSummaryEvent(Xunit.MessageHandler`1&lt;Xunit.ITestExecutionSummary&gt;)</Name>
              <SequencePoints />
              <BranchPoints />
              <MethodPoint vc="0" uspid="6143" ordinal="0" offset="0" />
            </Method>
            <Method visited="false" cyclomaticComplexity="2" nPathComplexity="0" sequenceCoverage="0" branchCoverage="0" crapScore="6" isConstructor="false" isStatic="false" isGetter="false" isSetter="false">
              <Summary numSequencePoints="0" visitedSequencePoints="0" numBranchPoints="0" visitedBranchPoints="0" sequenceCoverage="0" branchCoverage="0" maxCyclomaticComplexity="2" minCyclomaticComplexity="2" maxCrapScore="6" minCrapScore="6" visitedClasses="0" numClasses="0" visitedMethods="0" numMethods="0" />
              <MetadataToken>100664244</MetadataToken>
              <Name>System.Void Xunit.RunnerEventSink::remove_TestExecutionSummaryEvent(Xunit.MessageHandler`1&lt;Xunit.ITestExecutionSummary&gt;)</Name>
              <SequencePoints />
              <BranchPoints />
              <MethodPoint vc="0" uspid="6144" ordinal="0" offset="0" />
            </Method>
            <Method visited="false" cyclomaticComplexity="1" nPathComplexity="0" sequenceCoverage="0" branchCoverage="0" crapScore="2" isConstructor="false" isStatic="false" isGetter="false" isSetter="false">
              <Summary numSequencePoints="1" visitedSequencePoints="0" numBranchPoints="1" visitedBranchPoints="0" sequenceCoverage="0" branchCoverage="0" maxCyclomaticComplexity="1" minCyclomaticComplexity="1" maxCrapScore="2" minCrapScore="2" visitedClasses="0" numClasses="0" visitedMethods="0" numMethods="1" />
              <MetadataToken>100664245</MetadataToken>
              <Name>System.Void Xunit.RunnerEventSink::Dispose()</Name>
              <FileRef uid="213" />
              <SequencePoints>
                <SequencePoint vc="0" uspid="6145" ordinal="0" offset="0" sl="37" sc="33" el="37" ec="34" bec="0" bev="0" fileid="213" />
              </SequencePoints>
              <BranchPoints />
              <MethodPoint xsi:type="SequencePoint" vc="0" uspid="6145" ordinal="0" offset="0" sl="37" sc="33" el="37" ec="34" bec="0" bev="0" fileid="213" />
            </Method>
            <Method visited="false" cyclomaticComplexity="5" nPathComplexity="16" sequenceCoverage="0" branchCoverage="0" crapScore="30" isConstructor="false" isStatic="false" isGetter="false" isSetter="false">
              <Summary numSequencePoints="1" visitedSequencePoints="0" numBranchPoints="9" visitedBranchPoints="0" sequenceCoverage="0" branchCoverage="0" maxCyclomaticComplexity="5" minCyclomaticComplexity="5" maxCrapScore="30" minCrapScore="30" visitedClasses="0" numClasses="0" visitedMethods="0" numMethods="1" />
              <MetadataToken>100664246</MetadataToken>
              <Name>System.Boolean Xunit.RunnerEventSink::OnMessageWithTypes(Xunit.Abstractions.IMessageSinkMessage,System.Collections.Generic.HashSet`1&lt;System.String&gt;)</Name>
              <FileRef uid="213" />
              <SequencePoints>
                <SequencePoint vc="0" uspid="6146" ordinal="0" offset="0" sl="41" sc="16" el="45" ec="73" bec="5" bev="0" fileid="213" />
              </SequencePoints>
              <BranchPoints>
                <BranchPoint vc="0" uspid="6147" ordinal="0" offset="13" sl="41" path="0" offsetend="15" fileid="213" />
                <BranchPoint vc="0" uspid="6148" ordinal="1" offset="13" sl="41" path="1" offsetend="74" fileid="213" />
                <BranchPoint vc="0" uspid="6149" ordinal="2" offset="28" sl="41" path="0" offsetend="30" fileid="213" />
                <BranchPoint vc="0" uspid="6150" ordinal="3" offset="28" sl="41" path="1" offsetend="74" fileid="213" />
                <BranchPoint vc="0" uspid="6151" ordinal="4" offset="43" sl="41" path="0" offsetend="45" fileid="213" />
                <BranchPoint vc="0" uspid="6152" ordinal="5" offset="43" sl="41" path="1" offsetend="74" fileid="213" />
                <BranchPoint vc="0" uspid="6153" ordinal="6" offset="58" sl="41" path="0" offsetend="60" fileid="213" />
                <BranchPoint vc="0" uspid="6154" ordinal="7" offset="58" sl="41" path="1" offsetend="74" fileid="213" />
              </BranchPoints>
              <MethodPoint xsi:type="SequencePoint" vc="0" uspid="6146" ordinal="0" offset="0" sl="41" sc="16" el="45" ec="73" bec="5" bev="0" fileid="213" />
            </Method>
            <Method visited="false" cyclomaticComplexity="1" nPathComplexity="0" sequenceCoverage="0" branchCoverage="0" crapScore="2" isConstructor="true" isStatic="false" isGetter="false" isSetter="false">
              <Summary numSequencePoints="0" visitedSequencePoints="0" numBranchPoints="0" visitedBranchPoints="0" sequenceCoverage="0" branchCoverage="0" maxCyclomaticComplexity="1" minCyclomaticComplexity="1" maxCrapScore="2" minCrapScore="2" visitedClasses="0" numClasses="0" visitedMethods="0" numMethods="0" />
              <MetadataToken>100664247</MetadataToken>
              <Name>System.Void Xunit.RunnerEventSink::.ctor()</Name>
              <SequencePoints />
              <BranchPoints />
              <MethodPoint vc="0" uspid="6155" ordinal="0" offset="0" />
            </Method>
          </Methods>
        </Class>
        <Class>
          <Summary numSequencePoints="15" visitedSequencePoints="0" numBranchPoints="14" visitedBranchPoints="0" sequenceCoverage="0" branchCoverage="0" maxCyclomaticComplexity="3" minCyclomaticComplexity="1" maxCrapScore="12" minCrapScore="2" visitedClasses="0" numClasses="1" visitedMethods="0" numMethods="8" />
          <FullName>Xunit.TestDiscoverySink</FullName>
          <Methods>
            <Method visited="false" cyclomaticComplexity="1" nPathComplexity="0" sequenceCoverage="0" branchCoverage="0" crapScore="2" isConstructor="false" isStatic="false" isGetter="true" isSetter="false">
              <Summary numSequencePoints="1" visitedSequencePoints="0" numBranchPoints="1" visitedBranchPoints="0" sequenceCoverage="0" branchCoverage="0" maxCyclomaticComplexity="1" minCyclomaticComplexity="1" maxCrapScore="2" minCrapScore="2" visitedClasses="0" numClasses="0" visitedMethods="0" numMethods="1" />
              <MetadataToken>100664251</MetadataToken>
              <Name>System.Collections.Generic.List`1&lt;Xunit.Abstractions.ITestCase&gt; Xunit.TestDiscoverySink::get_TestCases()</Name>
              <FileRef uid="214" />
              <SequencePoints>
                <SequencePoint vc="0" uspid="6156" ordinal="0" offset="0" sl="32" sc="44" el="32" ec="48" bec="0" bev="0" fileid="214" />
              </SequencePoints>
              <BranchPoints />
              <MethodPoint xsi:type="SequencePoint" vc="0" uspid="6156" ordinal="0" offset="0" sl="32" sc="44" el="32" ec="48" bec="0" bev="0" fileid="214" />
            </Method>
            <Method visited="false" cyclomaticComplexity="1" nPathComplexity="0" sequenceCoverage="0" branchCoverage="0" crapScore="2" isConstructor="false" isStatic="false" isGetter="true" isSetter="false">
              <Summary numSequencePoints="1" visitedSequencePoints="0" numBranchPoints="1" visitedBranchPoints="0" sequenceCoverage="0" branchCoverage="0" maxCyclomaticComplexity="1" minCyclomaticComplexity="1" maxCrapScore="2" minCrapScore="2" visitedClasses="0" numClasses="0" visitedMethods="0" numMethods="1" />
              <MetadataToken>100664252</MetadataToken>
              <Name>System.Threading.ManualResetEvent Xunit.TestDiscoverySink::get_Finished()</Name>
              <FileRef uid="214" />
              <SequencePoints>
                <SequencePoint vc="0" uspid="6157" ordinal="0" offset="0" sl="37" sc="44" el="37" ec="48" bec="0" bev="0" fileid="214" />
              </SequencePoints>
              <BranchPoints />
              <MethodPoint xsi:type="SequencePoint" vc="0" uspid="6157" ordinal="0" offset="0" sl="37" sc="44" el="37" ec="48" bec="0" bev="0" fileid="214" />
            </Method>
            <Method visited="false" cyclomaticComplexity="3" nPathComplexity="4" sequenceCoverage="0" branchCoverage="0" crapScore="12" isConstructor="true" isStatic="false" isGetter="false" isSetter="false">
              <Summary numSequencePoints="8" visitedSequencePoints="0" numBranchPoints="5" visitedBranchPoints="0" sequenceCoverage="0" branchCoverage="0" maxCyclomaticComplexity="3" minCyclomaticComplexity="3" maxCrapScore="12" minCrapScore="12" visitedClasses="0" numClasses="0" visitedMethods="0" numMethods="1" />
              <MetadataToken>100664250</MetadataToken>
              <Name>System.Void Xunit.TestDiscoverySink::.ctor(System.Func`1&lt;System.Boolean&gt;)</Name>
              <FileRef uid="214" />
              <SequencePoints>
                <SequencePoint vc="0" uspid="6158" ordinal="0" offset="0" sl="15" sc="9" el="15" ec="78" bec="0" bev="0" fileid="214" />
                <SequencePoint vc="0" uspid="6159" ordinal="1" offset="11" sl="32" sc="53" el="32" ec="74" bec="0" bev="0" fileid="214" />
                <SequencePoint vc="0" uspid="6160" ordinal="2" offset="22" sl="37" sc="53" el="37" ec="94" bec="0" bev="0" fileid="214" />
                <SequencePoint vc="0" uspid="6161" ordinal="3" offset="34" sl="21" sc="9" el="21" ec="64" bec="0" bev="0" fileid="214" />
                <SequencePoint vc="0" uspid="6162" ordinal="4" offset="40" sl="23" sc="13" el="23" ec="61" bec="3" bev="0" fileid="214" />
                <SequencePoint vc="0" uspid="6163" ordinal="5" offset="82" sl="25" sc="13" el="25" ec="105" bec="0" bev="0" fileid="214" />
                <SequencePoint vc="0" uspid="6164" ordinal="6" offset="105" sl="26" sc="13" el="26" ec="83" bec="0" bev="0" fileid="214" />
                <SequencePoint vc="0" uspid="6165" ordinal="7" offset="128" sl="27" sc="9" el="27" ec="10" bec="0" bev="0" fileid="214" />
              </SequencePoints>
              <BranchPoints>
                <BranchPoint vc="0" uspid="6166" ordinal="0" offset="43" sl="23" path="0" offsetend="45" fileid="214" />
                <BranchPoint vc="0" uspid="6167" ordinal="1" offset="43" sl="23" path="1" offsetend="77" fileid="214" />
                <BranchPoint vc="0" uspid="6168" ordinal="2" offset="52" sl="23" path="0" offsetend="54" fileid="214" />
                <BranchPoint vc="0" uspid="6169" ordinal="3" offset="52" sl="23" path="1" offsetend="77" fileid="214" />
              </BranchPoints>
              <MethodPoint xsi:type="SequencePoint" vc="0" uspid="6158" ordinal="0" offset="0" sl="15" sc="9" el="15" ec="78" bec="0" bev="0" fileid="214" />
            </Method>
            <Method visited="false" cyclomaticComplexity="1" nPathComplexity="0" sequenceCoverage="0" branchCoverage="0" crapScore="2" isConstructor="false" isStatic="false" isGetter="false" isSetter="false">
              <Summary numSequencePoints="1" visitedSequencePoints="0" numBranchPoints="1" visitedBranchPoints="0" sequenceCoverage="0" branchCoverage="0" maxCyclomaticComplexity="1" minCyclomaticComplexity="1" maxCrapScore="2" minCrapScore="2" visitedClasses="0" numClasses="0" visitedMethods="0" numMethods="1" />
              <MetadataToken>100664253</MetadataToken>
              <Name>System.Void Xunit.TestDiscoverySink::Dispose()</Name>
              <FileRef uid="214" />
              <SequencePoints>
                <SequencePoint vc="0" uspid="6170" ordinal="0" offset="0" sl="41" sc="16" el="41" ec="49" bec="0" bev="0" fileid="214" />
              </SequencePoints>
              <BranchPoints />
              <MethodPoint xsi:type="SequencePoint" vc="0" uspid="6170" ordinal="0" offset="0" sl="41" sc="16" el="41" ec="49" bec="0" bev="0" fileid="214" />
            </Method>
            <Method visited="false" cyclomaticComplexity="1" nPathComplexity="0" sequenceCoverage="0" branchCoverage="0" crapScore="2" isConstructor="false" isStatic="false" isGetter="false" isSetter="false">
              <Summary numSequencePoints="1" visitedSequencePoints="0" numBranchPoints="1" visitedBranchPoints="0" sequenceCoverage="0" branchCoverage="0" maxCyclomaticComplexity="1" minCyclomaticComplexity="1" maxCrapScore="2" minCrapScore="2" visitedClasses="0" numClasses="0" visitedMethods="0" numMethods="1" />
              <MetadataToken>100664254</MetadataToken>
              <Name>System.Boolean Xunit.TestDiscoverySink::Xunit.Abstractions.IMessageSink.OnMessage(Xunit.Abstractions.IMessageSinkMessage)</Name>
              <FileRef uid="214" />
              <SequencePoints>
                <SequencePoint vc="0" uspid="6171" ordinal="0" offset="0" sl="44" sc="16" el="44" ec="97" bec="0" bev="0" fileid="214" />
              </SequencePoints>
              <BranchPoints />
              <MethodPoint xsi:type="SequencePoint" vc="0" uspid="6171" ordinal="0" offset="0" sl="44" sc="16" el="44" ec="97" bec="0" bev="0" fileid="214" />
            </Method>
            <Method visited="false" cyclomaticComplexity="2" nPathComplexity="2" sequenceCoverage="0" branchCoverage="0" crapScore="6" isConstructor="false" isStatic="false" isGetter="false" isSetter="false">
              <Summary numSequencePoints="1" visitedSequencePoints="0" numBranchPoints="3" visitedBranchPoints="0" sequenceCoverage="0" branchCoverage="0" maxCyclomaticComplexity="2" minCyclomaticComplexity="2" maxCrapScore="6" minCrapScore="6" visitedClasses="0" numClasses="0" visitedMethods="0" numMethods="1" />
              <MetadataToken>100664255</MetadataToken>
              <Name>System.Boolean Xunit.TestDiscoverySink::OnMessageWithTypes(Xunit.Abstractions.IMessageSinkMessage,System.Collections.Generic.HashSet`1&lt;System.String&gt;)</Name>
              <FileRef uid="214" />
              <SequencePoints>
                <SequencePoint vc="0" uspid="6172" ordinal="0" offset="0" sl="48" sc="16" el="49" ec="30" bec="2" bev="0" fileid="214" />
              </SequencePoints>
              <BranchPoints>
                <BranchPoint vc="0" uspid="6173" ordinal="0" offset="13" sl="48" path="0" offsetend="15" fileid="214" />
                <BranchPoint vc="0" uspid="6174" ordinal="1" offset="13" sl="48" path="1" offsetend="30" fileid="214" />
              </BranchPoints>
              <MethodPoint xsi:type="SequencePoint" vc="0" uspid="6172" ordinal="0" offset="0" sl="48" sc="16" el="49" ec="30" bec="2" bev="0" fileid="214" />
            </Method>
            <Method visited="false" cyclomaticComplexity="1" nPathComplexity="0" sequenceCoverage="0" branchCoverage="0" crapScore="2" isConstructor="false" isStatic="false" isGetter="false" isSetter="false">
              <Summary numSequencePoints="1" visitedSequencePoints="0" numBranchPoints="1" visitedBranchPoints="0" sequenceCoverage="0" branchCoverage="0" maxCyclomaticComplexity="1" minCyclomaticComplexity="1" maxCrapScore="2" minCrapScore="2" visitedClasses="0" numClasses="0" visitedMethods="0" numMethods="1" />
              <MetadataToken>100664256</MetadataToken>
              <Name>System.Void Xunit.TestDiscoverySink::&lt;.ctor&gt;b__2_1(Xunit.MessageHandlerArgs`1&lt;Xunit.Abstractions.ITestCaseDiscoveryMessage&gt;)</Name>
              <FileRef uid="214" />
              <SequencePoints>
                <SequencePoint vc="0" uspid="6175" ordinal="0" offset="0" sl="25" sc="68" el="25" ec="104" bec="0" bev="0" fileid="214" />
              </SequencePoints>
              <BranchPoints />
              <MethodPoint xsi:type="SequencePoint" vc="0" uspid="6175" ordinal="0" offset="0" sl="25" sc="68" el="25" ec="104" bec="0" bev="0" fileid="214" />
            </Method>
            <Method visited="false" cyclomaticComplexity="1" nPathComplexity="0" sequenceCoverage="0" branchCoverage="0" crapScore="2" isConstructor="false" isStatic="false" isGetter="false" isSetter="false">
              <Summary numSequencePoints="1" visitedSequencePoints="0" numBranchPoints="1" visitedBranchPoints="0" sequenceCoverage="0" branchCoverage="0" maxCyclomaticComplexity="1" minCyclomaticComplexity="1" maxCrapScore="2" minCrapScore="2" visitedClasses="0" numClasses="0" visitedMethods="0" numMethods="1" />
              <MetadataToken>100664257</MetadataToken>
              <Name>System.Void Xunit.TestDiscoverySink::&lt;.ctor&gt;b__2_2(Xunit.MessageHandlerArgs`1&lt;Xunit.Abstractions.IDiscoveryCompleteMessage&gt;)</Name>
              <FileRef uid="214" />
              <SequencePoints>
                <SequencePoint vc="0" uspid="6176" ordinal="0" offset="0" sl="26" sc="68" el="26" ec="82" bec="0" bev="0" fileid="214" />
              </SequencePoints>
              <BranchPoints />
              <MethodPoint xsi:type="SequencePoint" vc="0" uspid="6176" ordinal="0" offset="0" sl="26" sc="68" el="26" ec="82" bec="0" bev="0" fileid="214" />
            </Method>
          </Methods>
        </Class>
        <Class>
          <Summary numSequencePoints="1" visitedSequencePoints="0" numBranchPoints="1" visitedBranchPoints="0" sequenceCoverage="0" branchCoverage="0" maxCyclomaticComplexity="1" minCyclomaticComplexity="1" maxCrapScore="2" minCrapScore="2" visitedClasses="0" numClasses="1" visitedMethods="0" numMethods="1" />
          <FullName>Xunit.TestDiscoverySink/&lt;&gt;c</FullName>
          <Methods>
            <Method visited="false" cyclomaticComplexity="1" nPathComplexity="0" sequenceCoverage="0" branchCoverage="0" crapScore="2" isConstructor="true" isStatic="true" isGetter="false" isSetter="false">
              <Summary numSequencePoints="0" visitedSequencePoints="0" numBranchPoints="0" visitedBranchPoints="0" sequenceCoverage="0" branchCoverage="0" maxCyclomaticComplexity="1" minCyclomaticComplexity="1" maxCrapScore="2" minCrapScore="2" visitedClasses="0" numClasses="0" visitedMethods="0" numMethods="0" />
              <MetadataToken>100665036</MetadataToken>
              <Name>System.Void Xunit.TestDiscoverySink/&lt;&gt;c::.cctor()</Name>
              <SequencePoints />
              <BranchPoints />
              <MethodPoint vc="0" uspid="6177" ordinal="0" offset="0" />
            </Method>
            <Method visited="false" cyclomaticComplexity="1" nPathComplexity="0" sequenceCoverage="0" branchCoverage="0" crapScore="2" isConstructor="true" isStatic="false" isGetter="false" isSetter="false">
              <Summary numSequencePoints="0" visitedSequencePoints="0" numBranchPoints="0" visitedBranchPoints="0" sequenceCoverage="0" branchCoverage="0" maxCyclomaticComplexity="1" minCyclomaticComplexity="1" maxCrapScore="2" minCrapScore="2" visitedClasses="0" numClasses="0" visitedMethods="0" numMethods="0" />
              <MetadataToken>100665037</MetadataToken>
              <Name>System.Void Xunit.TestDiscoverySink/&lt;&gt;c::.ctor()</Name>
              <SequencePoints />
              <BranchPoints />
              <MethodPoint vc="0" uspid="6178" ordinal="0" offset="0" />
            </Method>
            <Method visited="false" cyclomaticComplexity="1" nPathComplexity="0" sequenceCoverage="0" branchCoverage="0" crapScore="2" isConstructor="false" isStatic="false" isGetter="false" isSetter="false">
              <Summary numSequencePoints="1" visitedSequencePoints="0" numBranchPoints="1" visitedBranchPoints="0" sequenceCoverage="0" branchCoverage="0" maxCyclomaticComplexity="1" minCyclomaticComplexity="1" maxCrapScore="2" minCrapScore="2" visitedClasses="0" numClasses="0" visitedMethods="0" numMethods="1" />
              <MetadataToken>100665038</MetadataToken>
              <Name>System.Boolean Xunit.TestDiscoverySink/&lt;&gt;c::&lt;.ctor&gt;b__2_0()</Name>
              <FileRef uid="214" />
              <SequencePoints>
                <SequencePoint vc="0" uspid="6179" ordinal="0" offset="0" sl="23" sc="54" el="23" ec="59" bec="0" bev="0" fileid="214" />
              </SequencePoints>
              <BranchPoints />
              <MethodPoint xsi:type="SequencePoint" vc="0" uspid="6179" ordinal="0" offset="0" sl="23" sc="54" el="23" ec="59" bec="0" bev="0" fileid="214" />
            </Method>
          </Methods>
        </Class>
        <Class>
          <Summary numSequencePoints="5" visitedSequencePoints="0" numBranchPoints="5" visitedBranchPoints="0" sequenceCoverage="0" branchCoverage="0" maxCyclomaticComplexity="1" minCyclomaticComplexity="1" maxCrapScore="2" minCrapScore="2" visitedClasses="0" numClasses="1" visitedMethods="0" numMethods="5" />
          <FullName>Xunit.TestMessageSink</FullName>
          <Methods>
            <Method visited="false" cyclomaticComplexity="1" nPathComplexity="0" sequenceCoverage="0" branchCoverage="0" crapScore="2" isConstructor="false" isStatic="false" isGetter="true" isSetter="false">
              <Summary numSequencePoints="1" visitedSequencePoints="0" numBranchPoints="1" visitedBranchPoints="0" sequenceCoverage="0" branchCoverage="0" maxCyclomaticComplexity="1" minCyclomaticComplexity="1" maxCrapScore="2" minCrapScore="2" visitedClasses="0" numClasses="0" visitedMethods="0" numMethods="1" />
              <MetadataToken>100664258</MetadataToken>
              <Name>Xunit.DiagnosticEventSink Xunit.TestMessageSink::get_Diagnostics()</Name>
              <FileRef uid="216" />
              <SequencePoints>
                <SequencePoint vc="0" uspid="6180" ordinal="0" offset="0" sl="19" sc="51" el="19" ec="93" bec="0" bev="0" fileid="216" />
              </SequencePoints>
              <BranchPoints />
              <MethodPoint xsi:type="SequencePoint" vc="0" uspid="6180" ordinal="0" offset="0" sl="19" sc="51" el="19" ec="93" bec="0" bev="0" fileid="216" />
            </Method>
            <Method visited="false" cyclomaticComplexity="1" nPathComplexity="0" sequenceCoverage="0" branchCoverage="0" crapScore="2" isConstructor="false" isStatic="false" isGetter="true" isSetter="false">
              <Summary numSequencePoints="1" visitedSequencePoints="0" numBranchPoints="1" visitedBranchPoints="0" sequenceCoverage="0" branchCoverage="0" maxCyclomaticComplexity="1" minCyclomaticComplexity="1" maxCrapScore="2" minCrapScore="2" visitedClasses="0" numClasses="0" visitedMethods="0" numMethods="1" />
              <MetadataToken>100664259</MetadataToken>
              <Name>Xunit.DiscoveryEventSink Xunit.TestMessageSink::get_Discovery()</Name>
              <FileRef uid="216" />
              <SequencePoints>
                <SequencePoint vc="0" uspid="6181" ordinal="0" offset="0" sl="24" sc="48" el="24" ec="88" bec="0" bev="0" fileid="216" />
              </SequencePoints>
              <BranchPoints />
              <MethodPoint xsi:type="SequencePoint" vc="0" uspid="6181" ordinal="0" offset="0" sl="24" sc="48" el="24" ec="88" bec="0" bev="0" fileid="216" />
            </Method>
            <Method visited="false" cyclomaticComplexity="1" nPathComplexity="0" sequenceCoverage="0" branchCoverage="0" crapScore="2" isConstructor="false" isStatic="false" isGetter="true" isSetter="false">
              <Summary numSequencePoints="1" visitedSequencePoints="0" numBranchPoints="1" visitedBranchPoints="0" sequenceCoverage="0" branchCoverage="0" maxCyclomaticComplexity="1" minCyclomaticComplexity="1" maxCrapScore="2" minCrapScore="2" visitedClasses="0" numClasses="0" visitedMethods="0" numMethods="1" />
              <MetadataToken>100664260</MetadataToken>
              <Name>Xunit.ExecutionEventSink Xunit.TestMessageSink::get_Execution()</Name>
              <FileRef uid="216" />
              <SequencePoints>
                <SequencePoint vc="0" uspid="6182" ordinal="0" offset="0" sl="29" sc="48" el="29" ec="88" bec="0" bev="0" fileid="216" />
              </SequencePoints>
              <BranchPoints />
              <MethodPoint xsi:type="SequencePoint" vc="0" uspid="6182" ordinal="0" offset="0" sl="29" sc="48" el="29" ec="88" bec="0" bev="0" fileid="216" />
            </Method>
            <Method visited="false" cyclomaticComplexity="1" nPathComplexity="0" sequenceCoverage="0" branchCoverage="0" crapScore="2" isConstructor="false" isStatic="false" isGetter="true" isSetter="false">
              <Summary numSequencePoints="1" visitedSequencePoints="0" numBranchPoints="1" visitedBranchPoints="0" sequenceCoverage="0" branchCoverage="0" maxCyclomaticComplexity="1" minCyclomaticComplexity="1" maxCrapScore="2" minCrapScore="2" visitedClasses="0" numClasses="0" visitedMethods="0" numMethods="1" />
              <MetadataToken>100664261</MetadataToken>
              <Name>Xunit.RunnerEventSink Xunit.TestMessageSink::get_Runner()</Name>
              <FileRef uid="216" />
              <SequencePoints>
                <SequencePoint vc="0" uspid="6183" ordinal="0" offset="0" sl="34" sc="42" el="34" ec="79" bec="0" bev="0" fileid="216" />
              </SequencePoints>
              <BranchPoints />
              <MethodPoint xsi:type="SequencePoint" vc="0" uspid="6183" ordinal="0" offset="0" sl="34" sc="42" el="34" ec="79" bec="0" bev="0" fileid="216" />
            </Method>
            <Method visited="false" cyclomaticComplexity="1" nPathComplexity="0" sequenceCoverage="0" branchCoverage="0" crapScore="2" isConstructor="false" isStatic="false" isGetter="false" isSetter="false">
              <Summary numSequencePoints="1" visitedSequencePoints="0" numBranchPoints="1" visitedBranchPoints="0" sequenceCoverage="0" branchCoverage="0" maxCyclomaticComplexity="1" minCyclomaticComplexity="1" maxCrapScore="2" minCrapScore="2" visitedClasses="0" numClasses="0" visitedMethods="0" numMethods="1" />
              <MetadataToken>100664262</MetadataToken>
              <Name>System.Boolean Xunit.TestMessageSink::OnMessage(Xunit.Abstractions.IMessageSinkMessage)</Name>
              <FileRef uid="216" />
              <SequencePoints>
                <SequencePoint vc="0" uspid="6184" ordinal="0" offset="0" sl="38" sc="16" el="38" ec="97" bec="0" bev="0" fileid="216" />
              </SequencePoints>
              <BranchPoints />
              <MethodPoint xsi:type="SequencePoint" vc="0" uspid="6184" ordinal="0" offset="0" sl="38" sc="16" el="38" ec="97" bec="0" bev="0" fileid="216" />
            </Method>
            <Method visited="false" cyclomaticComplexity="1" nPathComplexity="0" sequenceCoverage="0" branchCoverage="0" crapScore="2" isConstructor="true" isStatic="false" isGetter="false" isSetter="false">
              <Summary numSequencePoints="0" visitedSequencePoints="0" numBranchPoints="0" visitedBranchPoints="0" sequenceCoverage="0" branchCoverage="0" maxCyclomaticComplexity="1" minCyclomaticComplexity="1" maxCrapScore="2" minCrapScore="2" visitedClasses="0" numClasses="0" visitedMethods="0" numMethods="0" />
              <MetadataToken>100664263</MetadataToken>
              <Name>System.Void Xunit.TestMessageSink::.ctor()</Name>
              <SequencePoints />
              <BranchPoints />
              <MethodPoint vc="0" uspid="6185" ordinal="0" offset="0" />
            </Method>
          </Methods>
        </Class>
        <Class>
          <Summary numSequencePoints="17" visitedSequencePoints="6" numBranchPoints="13" visitedBranchPoints="4" sequenceCoverage="35.29" branchCoverage="30.77" maxCyclomaticComplexity="2" minCyclomaticComplexity="1" maxCrapScore="6" minCrapScore="1" visitedClasses="1" numClasses="1" visitedMethods="3" numMethods="7" />
          <FullName>Xunit.AssemblyHelper</FullName>
          <Methods>
            <Method visited="true" cyclomaticComplexity="1" nPathComplexity="0" sequenceCoverage="100" branchCoverage="100" crapScore="1" isConstructor="true" isStatic="false" isGetter="false" isSetter="false">
              <Summary numSequencePoints="4" visitedSequencePoints="4" numBranchPoints="1" visitedBranchPoints="1" sequenceCoverage="100" branchCoverage="100" maxCyclomaticComplexity="1" minCyclomaticComplexity="1" maxCrapScore="1" minCrapScore="1" visitedClasses="0" numClasses="0" visitedMethods="1" numMethods="1" />
              <MetadataToken>100664264</MetadataToken>
              <Name>System.Void Xunit.AssemblyHelper::.ctor(System.String)</Name>
              <FileRef uid="217" />
              <SequencePoints>
                <SequencePoint vc="1" uspid="6186" ordinal="0" offset="0" sl="22" sc="9" el="22" ec="48" bec="0" bev="0" fileid="217" />
                <SequencePoint vc="1" uspid="6187" ordinal="1" offset="6" sl="24" sc="13" el="24" ec="40" bec="0" bev="0" fileid="217" />
                <SequencePoint vc="1" uspid="6188" ordinal="2" offset="13" sl="26" sc="13" el="26" ec="64" bec="0" bev="0" fileid="217" />
                <SequencePoint vc="1" uspid="6189" ordinal="3" offset="35" sl="27" sc="9" el="27" ec="10" bec="0" bev="0" fileid="217" />
              </SequencePoints>
              <BranchPoints />
              <MethodPoint xsi:type="SequencePoint" vc="1" uspid="6186" ordinal="0" offset="0" sl="22" sc="9" el="22" ec="48" bec="0" bev="0" fileid="217" />
            </Method>
            <Method visited="true" cyclomaticComplexity="1" nPathComplexity="0" sequenceCoverage="100" branchCoverage="100" crapScore="1" isConstructor="false" isStatic="false" isGetter="false" isSetter="false">
              <Summary numSequencePoints="1" visitedSequencePoints="1" numBranchPoints="1" visitedBranchPoints="1" sequenceCoverage="100" branchCoverage="100" maxCyclomaticComplexity="1" minCyclomaticComplexity="1" maxCrapScore="1" minCrapScore="1" visitedClasses="0" numClasses="0" visitedMethods="1" numMethods="1" />
              <MetadataToken>100664265</MetadataToken>
              <Name>System.Void Xunit.AssemblyHelper::Dispose()</Name>
              <FileRef uid="217" />
              <SequencePoints>
                <SequencePoint vc="1" uspid="6190" ordinal="0" offset="0" sl="31" sc="16" el="31" ec="66" bec="0" bev="0" fileid="217" />
              </SequencePoints>
              <BranchPoints />
              <MethodPoint xsi:type="SequencePoint" vc="1" uspid="6190" ordinal="0" offset="0" sl="31" sc="16" el="31" ec="66" bec="0" bev="0" fileid="217" />
            </Method>
            <Method visited="false" cyclomaticComplexity="2" nPathComplexity="2" sequenceCoverage="0" branchCoverage="0" crapScore="6" isConstructor="false" isStatic="false" isGetter="false" isSetter="false">
              <Summary numSequencePoints="2" visitedSequencePoints="0" numBranchPoints="3" visitedBranchPoints="0" sequenceCoverage="0" branchCoverage="0" maxCyclomaticComplexity="2" minCyclomaticComplexity="2" maxCrapScore="6" minCrapScore="6" visitedClasses="0" numClasses="0" visitedMethods="0" numMethods="1" />
              <MetadataToken>100664266</MetadataToken>
              <Name>System.Reflection.Assembly Xunit.AssemblyHelper::LoadAssembly(System.Reflection.AssemblyName)</Name>
              <FileRef uid="217" />
              <SequencePoints>
                <SequencePoint vc="0" uspid="6191" ordinal="0" offset="0" sl="35" sc="13" el="35" ec="67" bec="0" bev="0" fileid="217" />
                <SequencePoint vc="0" uspid="6192" ordinal="1" offset="18" sl="36" sc="13" el="36" ec="79" bec="2" bev="0" fileid="217" />
              </SequencePoints>
              <BranchPoints>
                <BranchPoint vc="0" uspid="6193" ordinal="0" offset="35" sl="36" path="0" offsetend="37" fileid="217" />
                <BranchPoint vc="0" uspid="6194" ordinal="1" offset="35" sl="36" path="1" offsetend="54" fileid="217" />
              </BranchPoints>
              <MethodPoint xsi:type="SequencePoint" vc="0" uspid="6191" ordinal="0" offset="0" sl="35" sc="13" el="35" ec="67" bec="0" bev="0" fileid="217" />
            </Method>
            <Method visited="false" cyclomaticComplexity="2" nPathComplexity="2" sequenceCoverage="0" branchCoverage="0" crapScore="6" isConstructor="false" isStatic="true" isGetter="false" isSetter="false">
              <Summary numSequencePoints="7" visitedSequencePoints="0" numBranchPoints="3" visitedBranchPoints="0" sequenceCoverage="0" branchCoverage="0" maxCyclomaticComplexity="2" minCyclomaticComplexity="2" maxCrapScore="6" minCrapScore="6" visitedClasses="0" numClasses="0" visitedMethods="0" numMethods="1" />
              <MetadataToken>100664267</MetadataToken>
              <Name>System.Reflection.Assembly Xunit.AssemblyHelper::LoadAssembly(System.String)</Name>
              <FileRef uid="217" />
              <SequencePoints>
                <SequencePoint vc="0" uspid="6195" ordinal="0" offset="0" sl="43" sc="17" el="43" ec="47" bec="2" bev="0" fileid="217" />
                <SequencePoint vc="0" uspid="6196" ordinal="1" offset="8" sl="44" sc="21" el="44" ec="60" bec="0" bev="0" fileid="217" />
                <SequencePoint vc="0" uspid="6197" ordinal="2" offset="17" sl="45" sc="13" el="45" ec="14" bec="0" bev="0" fileid="217" />
                <SequencePoint vc="0" uspid="6198" ordinal="3" offset="19" sl="46" sc="13" el="46" ec="18" bec="0" bev="0" fileid="217" />
                <SequencePoint vc="0" uspid="6199" ordinal="4" offset="20" sl="46" sc="21" el="46" ec="22" bec="0" bev="0" fileid="217" />
                <SequencePoint vc="0" uspid="6200" ordinal="5" offset="22" sl="48" sc="13" el="48" ec="25" bec="0" bev="0" fileid="217" />
                <SequencePoint vc="0" uspid="6201" ordinal="6" offset="24" sl="49" sc="9" el="49" ec="10" bec="0" bev="0" fileid="217" />
              </SequencePoints>
              <BranchPoints>
                <BranchPoint vc="0" uspid="6202" ordinal="0" offset="6" sl="43" path="0" offsetend="8" fileid="217" />
                <BranchPoint vc="0" uspid="6203" ordinal="1" offset="6" sl="43" path="1" offsetend="17" fileid="217" />
              </BranchPoints>
              <MethodPoint xsi:type="SequencePoint" vc="0" uspid="6195" ordinal="0" offset="0" sl="43" sc="17" el="43" ec="47" bec="2" bev="0" fileid="217" />
            </Method>
            <Method visited="false" cyclomaticComplexity="1" nPathComplexity="0" sequenceCoverage="0" branchCoverage="0" crapScore="2" isConstructor="false" isStatic="false" isGetter="false" isSetter="false">
              <Summary numSequencePoints="1" visitedSequencePoints="0" numBranchPoints="1" visitedBranchPoints="0" sequenceCoverage="0" branchCoverage="0" maxCyclomaticComplexity="1" minCyclomaticComplexity="1" maxCrapScore="2" minCrapScore="2" visitedClasses="0" numClasses="0" visitedMethods="0" numMethods="1" />
              <MetadataToken>100664268</MetadataToken>
              <Name>System.Reflection.Assembly Xunit.AssemblyHelper::Resolve(System.Object,System.ResolveEventArgs)</Name>
              <FileRef uid="217" />
              <SequencePoints>
                <SequencePoint vc="0" uspid="6204" ordinal="0" offset="0" sl="52" sc="16" el="52" ec="57" bec="0" bev="0" fileid="217" />
              </SequencePoints>
              <BranchPoints />
              <MethodPoint xsi:type="SequencePoint" vc="0" uspid="6204" ordinal="0" offset="0" sl="52" sc="16" el="52" ec="57" bec="0" bev="0" fileid="217" />
            </Method>
            <Method visited="true" cyclomaticComplexity="2" nPathComplexity="2" sequenceCoverage="100" branchCoverage="66.67" crapScore="2" isConstructor="false" isStatic="true" isGetter="false" isSetter="false">
              <Summary numSequencePoints="1" visitedSequencePoints="1" numBranchPoints="3" visitedBranchPoints="2" sequenceCoverage="100" branchCoverage="66.67" maxCyclomaticComplexity="2" minCyclomaticComplexity="2" maxCrapScore="2" minCrapScore="2" visitedClasses="0" numClasses="0" visitedMethods="1" numMethods="1" />
              <MetadataToken>100664269</MetadataToken>
              <Name>System.IDisposable Xunit.AssemblyHelper::SubscribeResolve(System.String)</Name>
              <FileRef uid="217" />
              <SequencePoints>
                <SequencePoint vc="1" uspid="6205" ordinal="0" offset="0" sl="60" sc="16" el="60" ec="117" bec="2" bev="1" fileid="217" />
              </SequencePoints>
              <BranchPoints>
                <BranchPoint vc="1" uspid="6206" ordinal="0" offset="2" sl="60" path="0" offsetend="4" fileid="217" />
                <BranchPoint vc="0" uspid="6207" ordinal="1" offset="2" sl="60" path="1" offsetend="30" fileid="217" />
              </BranchPoints>
              <MethodPoint xsi:type="SequencePoint" vc="1" uspid="6205" ordinal="0" offset="0" sl="60" sc="16" el="60" ec="117" bec="2" bev="1" fileid="217" />
            </Method>
            <Method visited="false" cyclomaticComplexity="1" nPathComplexity="0" sequenceCoverage="0" branchCoverage="0" crapScore="2" isConstructor="false" isStatic="true" isGetter="false" isSetter="false">
              <Summary numSequencePoints="1" visitedSequencePoints="0" numBranchPoints="1" visitedBranchPoints="0" sequenceCoverage="0" branchCoverage="0" maxCyclomaticComplexity="1" minCyclomaticComplexity="1" maxCrapScore="2" minCrapScore="2" visitedClasses="0" numClasses="0" visitedMethods="0" numMethods="1" />
              <MetadataToken>100664270</MetadataToken>
              <Name>System.IDisposable Xunit.AssemblyHelper::SubscribeResolveForAssembly(System.String,Xunit.Abstractions.IMessageSink)</Name>
              <FileRef uid="217" />
              <SequencePoints>
                <SequencePoint vc="0" uspid="6208" ordinal="0" offset="0" sl="70" sc="16" el="70" ec="125" bec="0" bev="0" fileid="217" />
              </SequencePoints>
              <BranchPoints />
              <MethodPoint xsi:type="SequencePoint" vc="0" uspid="6208" ordinal="0" offset="0" sl="70" sc="16" el="70" ec="125" bec="0" bev="0" fileid="217" />
            </Method>
          </Methods>
        </Class>
        <Class>
          <Summary numSequencePoints="22" visitedSequencePoints="0" numBranchPoints="9" visitedBranchPoints="0" sequenceCoverage="0" branchCoverage="0" maxCyclomaticComplexity="3" minCyclomaticComplexity="1" maxCrapScore="12" minCrapScore="2" visitedClasses="0" numClasses="1" visitedMethods="0" numMethods="7" />
          <FullName>Xunit.ConsoleRunnerLogger</FullName>
          <Methods>
            <Method visited="false" cyclomaticComplexity="1" nPathComplexity="0" sequenceCoverage="0" branchCoverage="0" crapScore="2" isConstructor="false" isStatic="false" isGetter="true" isSetter="false">
              <Summary numSequencePoints="1" visitedSequencePoints="0" numBranchPoints="1" visitedBranchPoints="0" sequenceCoverage="0" branchCoverage="0" maxCyclomaticComplexity="1" minCyclomaticComplexity="1" maxCrapScore="2" minCrapScore="2" visitedClasses="0" numClasses="0" visitedMethods="0" numMethods="1" />
              <MetadataToken>100664272</MetadataToken>
              <Name>System.Object Xunit.ConsoleRunnerLogger::get_LockObject()</Name>
              <FileRef uid="218" />
              <SequencePoints>
                <SequencePoint vc="0" uspid="6209" ordinal="0" offset="0" sl="29" sc="19" el="29" ec="37" bec="0" bev="0" fileid="218" />
              </SequencePoints>
              <BranchPoints />
              <MethodPoint xsi:type="SequencePoint" vc="0" uspid="6209" ordinal="0" offset="0" sl="29" sc="19" el="29" ec="37" bec="0" bev="0" fileid="218" />
            </Method>
            <Method visited="false" cyclomaticComplexity="1" nPathComplexity="0" sequenceCoverage="0" branchCoverage="0" crapScore="2" isConstructor="true" isStatic="false" isGetter="false" isSetter="false">
              <Summary numSequencePoints="4" visitedSequencePoints="0" numBranchPoints="1" visitedBranchPoints="0" sequenceCoverage="0" branchCoverage="0" maxCyclomaticComplexity="1" minCyclomaticComplexity="1" maxCrapScore="2" minCrapScore="2" visitedClasses="0" numClasses="0" visitedMethods="0" numMethods="1" />
              <MetadataToken>100664271</MetadataToken>
              <Name>System.Void Xunit.ConsoleRunnerLogger::.ctor(System.Boolean)</Name>
              <FileRef uid="218" />
              <SequencePoints>
                <SequencePoint vc="0" uspid="6210" ordinal="0" offset="0" sl="13" sc="9" el="13" ec="51" bec="0" bev="0" fileid="218" />
                <SequencePoint vc="0" uspid="6211" ordinal="1" offset="11" sl="21" sc="9" el="21" ec="51" bec="0" bev="0" fileid="218" />
                <SequencePoint vc="0" uspid="6212" ordinal="2" offset="17" sl="23" sc="13" el="23" ec="40" bec="0" bev="0" fileid="218" />
                <SequencePoint vc="0" uspid="6213" ordinal="3" offset="24" sl="24" sc="9" el="24" ec="10" bec="0" bev="0" fileid="218" />
              </SequencePoints>
              <BranchPoints />
              <MethodPoint xsi:type="SequencePoint" vc="0" uspid="6210" ordinal="0" offset="0" sl="13" sc="9" el="13" ec="51" bec="0" bev="0" fileid="218" />
            </Method>
            <Method visited="false" cyclomaticComplexity="3" nPathComplexity="0" sequenceCoverage="0" branchCoverage="0" crapScore="12" isConstructor="false" isStatic="false" isGetter="false" isSetter="false">
              <Summary numSequencePoints="4" visitedSequencePoints="0" numBranchPoints="1" visitedBranchPoints="0" sequenceCoverage="0" branchCoverage="0" maxCyclomaticComplexity="3" minCyclomaticComplexity="3" maxCrapScore="12" minCrapScore="12" visitedClasses="0" numClasses="0" visitedMethods="0" numMethods="1" />
              <MetadataToken>100664273</MetadataToken>
              <Name>System.Void Xunit.ConsoleRunnerLogger::LogError(Xunit.StackFrameInfo,System.String)</Name>
              <FileRef uid="218" />
              <SequencePoints>
                <SequencePoint vc="0" uspid="6214" ordinal="0" offset="0" sl="35" sc="13" el="35" ec="47" bec="0" bev="0" fileid="218" />
                <SequencePoint vc="0" uspid="6215" ordinal="1" offset="9" sl="36" sc="17" el="36" ec="34" bec="0" bev="0" fileid="218" />
                <SequencePoint vc="0" uspid="6216" ordinal="2" offset="26" sl="37" sc="21" el="37" ec="54" bec="0" bev="0" fileid="218" />
                <SequencePoint vc="0" uspid="6217" ordinal="3" offset="59" sl="38" sc="9" el="38" ec="10" bec="0" bev="0" fileid="218" />
              </SequencePoints>
              <BranchPoints />
              <MethodPoint xsi:type="SequencePoint" vc="0" uspid="6214" ordinal="0" offset="0" sl="35" sc="13" el="35" ec="47" bec="0" bev="0" fileid="218" />
            </Method>
            <Method visited="false" cyclomaticComplexity="3" nPathComplexity="0" sequenceCoverage="0" branchCoverage="0" crapScore="12" isConstructor="false" isStatic="false" isGetter="false" isSetter="false">
              <Summary numSequencePoints="4" visitedSequencePoints="0" numBranchPoints="1" visitedBranchPoints="0" sequenceCoverage="0" branchCoverage="0" maxCyclomaticComplexity="3" minCyclomaticComplexity="3" maxCrapScore="12" minCrapScore="12" visitedClasses="0" numClasses="0" visitedMethods="0" numMethods="1" />
              <MetadataToken>100664274</MetadataToken>
              <Name>System.Void Xunit.ConsoleRunnerLogger::LogImportantMessage(Xunit.StackFrameInfo,System.String)</Name>
              <FileRef uid="218" />
              <SequencePoints>
                <SequencePoint vc="0" uspid="6218" ordinal="0" offset="0" sl="43" sc="13" el="43" ec="48" bec="0" bev="0" fileid="218" />
                <SequencePoint vc="0" uspid="6219" ordinal="1" offset="8" sl="44" sc="17" el="44" ec="34" bec="0" bev="0" fileid="218" />
                <SequencePoint vc="0" uspid="6220" ordinal="2" offset="25" sl="45" sc="21" el="45" ec="48" bec="0" bev="0" fileid="218" />
                <SequencePoint vc="0" uspid="6221" ordinal="3" offset="53" sl="46" sc="9" el="46" ec="10" bec="0" bev="0" fileid="218" />
              </SequencePoints>
              <BranchPoints />
              <MethodPoint xsi:type="SequencePoint" vc="0" uspid="6218" ordinal="0" offset="0" sl="43" sc="13" el="43" ec="48" bec="0" bev="0" fileid="218" />
            </Method>
            <Method visited="false" cyclomaticComplexity="3" nPathComplexity="0" sequenceCoverage="0" branchCoverage="0" crapScore="12" isConstructor="false" isStatic="false" isGetter="false" isSetter="false">
              <Summary numSequencePoints="4" visitedSequencePoints="0" numBranchPoints="1" visitedBranchPoints="0" sequenceCoverage="0" branchCoverage="0" maxCyclomaticComplexity="3" minCyclomaticComplexity="3" maxCrapScore="12" minCrapScore="12" visitedClasses="0" numClasses="0" visitedMethods="0" numMethods="1" />
              <MetadataToken>100664275</MetadataToken>
              <Name>System.Void Xunit.ConsoleRunnerLogger::LogMessage(Xunit.StackFrameInfo,System.String)</Name>
              <FileRef uid="218" />
              <SequencePoints>
                <SequencePoint vc="0" uspid="6222" ordinal="0" offset="0" sl="51" sc="13" el="51" ec="52" bec="0" bev="0" fileid="218" />
                <SequencePoint vc="0" uspid="6223" ordinal="1" offset="8" sl="52" sc="17" el="52" ec="34" bec="0" bev="0" fileid="218" />
                <SequencePoint vc="0" uspid="6224" ordinal="2" offset="25" sl="53" sc="21" el="53" ec="48" bec="0" bev="0" fileid="218" />
                <SequencePoint vc="0" uspid="6225" ordinal="3" offset="53" sl="54" sc="9" el="54" ec="10" bec="0" bev="0" fileid="218" />
              </SequencePoints>
              <BranchPoints />
              <MethodPoint xsi:type="SequencePoint" vc="0" uspid="6222" ordinal="0" offset="0" sl="51" sc="13" el="51" ec="52" bec="0" bev="0" fileid="218" />
            </Method>
            <Method visited="false" cyclomaticComplexity="3" nPathComplexity="0" sequenceCoverage="0" branchCoverage="0" crapScore="12" isConstructor="false" isStatic="false" isGetter="false" isSetter="false">
              <Summary numSequencePoints="4" visitedSequencePoints="0" numBranchPoints="1" visitedBranchPoints="0" sequenceCoverage="0" branchCoverage="0" maxCyclomaticComplexity="3" minCyclomaticComplexity="3" maxCrapScore="12" minCrapScore="12" visitedClasses="0" numClasses="0" visitedMethods="0" numMethods="1" />
              <MetadataToken>100664276</MetadataToken>
              <Name>System.Void Xunit.ConsoleRunnerLogger::LogWarning(Xunit.StackFrameInfo,System.String)</Name>
              <FileRef uid="218" />
              <SequencePoints>
                <SequencePoint vc="0" uspid="6226" ordinal="0" offset="0" sl="59" sc="13" el="59" ec="50" bec="0" bev="0" fileid="218" />
                <SequencePoint vc="0" uspid="6227" ordinal="1" offset="9" sl="60" sc="17" el="60" ec="34" bec="0" bev="0" fileid="218" />
                <SequencePoint vc="0" uspid="6228" ordinal="2" offset="26" sl="61" sc="21" el="61" ec="48" bec="0" bev="0" fileid="218" />
                <SequencePoint vc="0" uspid="6229" ordinal="3" offset="54" sl="62" sc="9" el="62" ec="10" bec="0" bev="0" fileid="218" />
              </SequencePoints>
              <BranchPoints />
              <MethodPoint xsi:type="SequencePoint" vc="0" uspid="6226" ordinal="0" offset="0" sl="59" sc="13" el="59" ec="50" bec="0" bev="0" fileid="218" />
            </Method>
            <Method visited="false" cyclomaticComplexity="2" nPathComplexity="2" sequenceCoverage="0" branchCoverage="0" crapScore="6" isConstructor="false" isStatic="false" isGetter="false" isSetter="false">
              <Summary numSequencePoints="1" visitedSequencePoints="0" numBranchPoints="3" visitedBranchPoints="0" sequenceCoverage="0" branchCoverage="0" maxCyclomaticComplexity="2" minCyclomaticComplexity="2" maxCrapScore="6" minCrapScore="6" visitedClasses="0" numClasses="0" visitedMethods="0" numMethods="1" />
              <MetadataToken>100664277</MetadataToken>
              <Name>System.IDisposable Xunit.ConsoleRunnerLogger::SetColor(System.ConsoleColor)</Name>
              <FileRef uid="218" />
              <SequencePoints>
                <SequencePoint vc="0" uspid="6230" ordinal="0" offset="0" sl="66" sc="13" el="66" ec="64" bec="2" bev="0" fileid="218" />
              </SequencePoints>
              <BranchPoints>
                <BranchPoint vc="0" uspid="6231" ordinal="0" offset="6" sl="66" path="0" offsetend="8" fileid="218" />
                <BranchPoint vc="0" uspid="6232" ordinal="1" offset="6" sl="66" path="1" offsetend="10" fileid="218" />
              </BranchPoints>
              <MethodPoint xsi:type="SequencePoint" vc="0" uspid="6230" ordinal="0" offset="0" sl="66" sc="13" el="66" ec="64" bec="2" bev="0" fileid="218" />
            </Method>
          </Methods>
        </Class>
        <Class>
          <Summary numSequencePoints="5" visitedSequencePoints="0" numBranchPoints="2" visitedBranchPoints="0" sequenceCoverage="0" branchCoverage="0" maxCyclomaticComplexity="1" minCyclomaticComplexity="1" maxCrapScore="2" minCrapScore="2" visitedClasses="0" numClasses="1" visitedMethods="0" numMethods="2" />
          <FullName>Xunit.ConsoleRunnerLogger/ColorRestorer</FullName>
          <Methods>
            <Method visited="false" cyclomaticComplexity="1" nPathComplexity="0" sequenceCoverage="0" branchCoverage="0" crapScore="2" isConstructor="true" isStatic="false" isGetter="false" isSetter="false">
              <Summary numSequencePoints="3" visitedSequencePoints="0" numBranchPoints="1" visitedBranchPoints="0" sequenceCoverage="0" branchCoverage="0" maxCyclomaticComplexity="1" minCyclomaticComplexity="1" maxCrapScore="2" minCrapScore="2" visitedClasses="0" numClasses="0" visitedMethods="0" numMethods="1" />
              <MetadataToken>100665039</MetadataToken>
              <Name>System.Void Xunit.ConsoleRunnerLogger/ColorRestorer::.ctor(System.ConsoleColor)</Name>
              <FileRef uid="218" />
              <SequencePoints>
                <SequencePoint vc="0" uspid="6233" ordinal="0" offset="0" sl="71" sc="13" el="71" ec="53" bec="0" bev="0" fileid="218" />
                <SequencePoint vc="0" uspid="6234" ordinal="1" offset="6" sl="73" sc="17" el="73" ec="57" bec="0" bev="0" fileid="218" />
                <SequencePoint vc="0" uspid="6235" ordinal="2" offset="17" sl="74" sc="13" el="74" ec="14" bec="0" bev="0" fileid="218" />
              </SequencePoints>
              <BranchPoints />
              <MethodPoint xsi:type="SequencePoint" vc="0" uspid="6233" ordinal="0" offset="0" sl="71" sc="13" el="71" ec="53" bec="0" bev="0" fileid="218" />
            </Method>
            <Method visited="false" cyclomaticComplexity="1" nPathComplexity="0" sequenceCoverage="0" branchCoverage="0" crapScore="2" isConstructor="false" isStatic="false" isGetter="false" isSetter="false">
              <Summary numSequencePoints="2" visitedSequencePoints="0" numBranchPoints="1" visitedBranchPoints="0" sequenceCoverage="0" branchCoverage="0" maxCyclomaticComplexity="1" minCyclomaticComplexity="1" maxCrapScore="2" minCrapScore="2" visitedClasses="0" numClasses="0" visitedMethods="0" numMethods="1" />
              <MetadataToken>100665040</MetadataToken>
              <Name>System.Void Xunit.ConsoleRunnerLogger/ColorRestorer::Dispose()</Name>
              <FileRef uid="218" />
              <SequencePoints>
                <SequencePoint vc="0" uspid="6236" ordinal="0" offset="0" sl="78" sc="17" el="78" ec="44" bec="0" bev="0" fileid="218" />
                <SequencePoint vc="0" uspid="6237" ordinal="1" offset="10" sl="79" sc="13" el="79" ec="14" bec="0" bev="0" fileid="218" />
              </SequencePoints>
              <BranchPoints />
              <MethodPoint xsi:type="SequencePoint" vc="0" uspid="6236" ordinal="0" offset="0" sl="78" sc="17" el="78" ec="44" bec="0" bev="0" fileid="218" />
            </Method>
          </Methods>
        </Class>
        <Class>
          <Summary numSequencePoints="69" visitedSequencePoints="0" numBranchPoints="64" visitedBranchPoints="0" sequenceCoverage="0" branchCoverage="0" maxCyclomaticComplexity="15" minCyclomaticComplexity="1" maxCrapScore="240" minCrapScore="2" visitedClasses="0" numClasses="1" visitedMethods="0" numMethods="4" />
          <FullName>Xunit.DependencyContextAssemblyCache</FullName>
          <Methods>
            <Method visited="false" cyclomaticComplexity="14" nPathComplexity="8192" sequenceCoverage="0" branchCoverage="0" crapScore="210" isConstructor="true" isStatic="false" isGetter="false" isSetter="false">
              <Summary numSequencePoints="22" visitedSequencePoints="0" numBranchPoints="27" visitedBranchPoints="0" sequenceCoverage="0" branchCoverage="0" maxCyclomaticComplexity="14" minCyclomaticComplexity="14" maxCrapScore="210" minCrapScore="210" visitedClasses="0" numClasses="0" visitedMethods="0" numMethods="1" />
              <MetadataToken>100664278</MetadataToken>
              <Name>System.Void Xunit.DependencyContextAssemblyCache::.ctor(System.String,Internal.Microsoft.Extensions.DependencyModel.DependencyContext,Xunit.Abstractions.IMessageSink)</Name>
              <FileRef uid="220" />
              <SequencePoints>
                <SequencePoint vc="0" uspid="6238" ordinal="0" offset="0" sl="26" sc="9" el="28" ec="91" bec="0" bev="0" fileid="220" />
                <SequencePoint vc="0" uspid="6239" ordinal="1" offset="12" sl="30" sc="13" el="30" ec="50" bec="0" bev="0" fileid="220" />
                <SequencePoint vc="0" uspid="6240" ordinal="2" offset="19" sl="31" sc="13" el="31" ec="56" bec="0" bev="0" fileid="220" />
                <SequencePoint vc="0" uspid="6241" ordinal="3" offset="26" sl="32" sc="13" el="32" ec="82" bec="0" bev="0" fileid="220" />
                <SequencePoint vc="0" uspid="6242" ordinal="4" offset="33" sl="34" sc="13" el="34" ec="108" bec="0" bev="0" fileid="220" />
                <SequencePoint vc="0" uspid="6243" ordinal="5" offset="45" sl="36" sc="13" el="36" ec="56" bec="2" bev="0" fileid="220" />
                <SequencePoint vc="0" uspid="6244" ordinal="6" offset="48" sl="37" sc="17" el="37" ec="222" bec="2" bev="0" fileid="220" />
                <SequencePoint vc="0" uspid="6245" ordinal="7" offset="122" sl="39" sc="13" el="39" ec="63" bec="0" bev="0" fileid="220" />
                <SequencePoint vc="0" uspid="6246" ordinal="8" offset="129" sl="40" sc="13" el="40" ec="76" bec="0" bev="0" fileid="220" />
                <SequencePoint vc="0" uspid="6247" ordinal="9" offset="140" sl="41" sc="13" el="41" ec="158" bec="0" bev="0" fileid="220" />
                <SequencePoint vc="0" uspid="6248" ordinal="10" offset="164" sl="42" sc="13" el="42" ec="35" bec="2" bev="0" fileid="220" />
                <SequencePoint vc="0" uspid="6249" ordinal="11" offset="167" sl="43" sc="17" el="43" ec="113" bec="0" bev="0" fileid="220" />
                <SequencePoint vc="0" uspid="6250" ordinal="12" offset="191" sl="45" sc="17" el="45" ec="92" bec="0" bev="0" fileid="220" />
                <SequencePoint vc="0" uspid="6251" ordinal="13" offset="207" sl="47" sc="13" el="47" ec="52" bec="0" bev="0" fileid="220" />
                <SequencePoint vc="0" uspid="6252" ordinal="14" offset="225" sl="48" sc="13" el="48" ec="50" bec="0" bev="0" fileid="220" />
                <SequencePoint vc="0" uspid="6253" ordinal="15" offset="242" sl="50" sc="13" el="50" ec="56" bec="2" bev="0" fileid="220" />
                <SequencePoint vc="0" uspid="6254" ordinal="16" offset="245" sl="51" sc="17" el="51" ec="208" bec="2" bev="0" fileid="220" />
                <SequencePoint vc="0" uspid="6255" ordinal="17" offset="319" sl="53" sc="13" el="53" ec="103" bec="0" bev="0" fileid="220" />
                <SequencePoint vc="0" uspid="6256" ordinal="18" offset="335" sl="54" sc="13" el="60" ec="147" bec="10" bev="0" fileid="220" />
                <SequencePoint vc="0" uspid="6257" ordinal="19" offset="544" sl="62" sc="13" el="62" ec="56" bec="2" bev="0" fileid="220" />
                <SequencePoint vc="0" uspid="6258" ordinal="20" offset="547" sl="63" sc="17" el="63" ec="271" bec="4" bev="0" fileid="220" />
                <SequencePoint vc="0" uspid="6259" ordinal="21" offset="667" sl="78" sc="9" el="78" ec="10" bec="0" bev="0" fileid="220" />
              </SequencePoints>
              <BranchPoints>
                <BranchPoint vc="0" uspid="6260" ordinal="0" offset="46" sl="36" path="0" offsetend="48" fileid="220" />
                <BranchPoint vc="0" uspid="6261" ordinal="1" offset="46" sl="36" path="1" offsetend="122" fileid="220" />
                <BranchPoint vc="0" uspid="6262" ordinal="2" offset="71" sl="37" path="0" offsetend="73" fileid="220" />
                <BranchPoint vc="0" uspid="6263" ordinal="3" offset="71" sl="37" path="1" offsetend="96" fileid="220" />
                <BranchPoint vc="0" uspid="6264" ordinal="4" offset="165" sl="42" path="0" offsetend="167" fileid="220" />
                <BranchPoint vc="0" uspid="6265" ordinal="5" offset="165" sl="42" path="1" offsetend="191" fileid="220" />
                <BranchPoint vc="0" uspid="6266" ordinal="6" offset="243" sl="50" path="0" offsetend="245" fileid="220" />
                <BranchPoint vc="0" uspid="6267" ordinal="7" offset="243" sl="50" path="1" offsetend="319" fileid="220" />
                <BranchPoint vc="0" uspid="6268" ordinal="8" offset="268" sl="51" path="0" offsetend="270" fileid="220" />
                <BranchPoint vc="0" uspid="6269" ordinal="9" offset="268" sl="51" path="1" offsetend="293" fileid="220" />
                <BranchPoint vc="0" uspid="6270" ordinal="10" offset="348" sl="54" path="0" offsetend="350" fileid="220" />
                <BranchPoint vc="0" uspid="6271" ordinal="11" offset="348" sl="54" path="1" offsetend="373" fileid="220" />
                <BranchPoint vc="0" uspid="6272" ordinal="12" offset="401" sl="54" path="0" offsetend="403" fileid="220" />
                <BranchPoint vc="0" uspid="6273" ordinal="13" offset="401" sl="54" path="1" offsetend="426" fileid="220" />
                <BranchPoint vc="0" uspid="6274" ordinal="14" offset="437" sl="54" path="0" offsetend="439" fileid="220" />
                <BranchPoint vc="0" uspid="6275" ordinal="15" offset="437" sl="54" path="1" offsetend="462" fileid="220" />
                <BranchPoint vc="0" uspid="6276" ordinal="16" offset="473" sl="54" path="0" offsetend="475" fileid="220" />
                <BranchPoint vc="0" uspid="6277" ordinal="17" offset="473" sl="54" path="1" offsetend="498" fileid="220" />
                <BranchPoint vc="0" uspid="6278" ordinal="18" offset="504" sl="54" path="0" offsetend="506" fileid="220" />
                <BranchPoint vc="0" uspid="6279" ordinal="19" offset="504" sl="54" path="1" offsetend="529" fileid="220" />
                <BranchPoint vc="0" uspid="6280" ordinal="20" offset="545" sl="62" path="0" offsetend="547" fileid="220" />
                <BranchPoint vc="0" uspid="6281" ordinal="21" offset="545" sl="62" path="1" offsetend="667" fileid="220" />
                <BranchPoint vc="0" uspid="6282" ordinal="22" offset="575" sl="63" path="0" offsetend="577" fileid="220" />
                <BranchPoint vc="0" uspid="6283" ordinal="23" offset="575" sl="63" path="1" offsetend="600" fileid="220" />
                <BranchPoint vc="0" uspid="6284" ordinal="24" offset="611" sl="63" path="0" offsetend="613" fileid="220" />
                <BranchPoint vc="0" uspid="6285" ordinal="25" offset="611" sl="63" path="1" offsetend="636" fileid="220" />
              </BranchPoints>
              <MethodPoint xsi:type="SequencePoint" vc="0" uspid="6238" ordinal="0" offset="0" sl="26" sc="9" el="28" ec="91" bec="0" bev="0" fileid="220" />
            </Method>
            <Method visited="false" cyclomaticComplexity="5" nPathComplexity="16" sequenceCoverage="0" branchCoverage="0" crapScore="30" isConstructor="false" isStatic="false" isGetter="false" isSetter="false">
              <Summary numSequencePoints="12" visitedSequencePoints="0" numBranchPoints="9" visitedBranchPoints="0" sequenceCoverage="0" branchCoverage="0" maxCyclomaticComplexity="5" minCyclomaticComplexity="5" maxCrapScore="30" minCrapScore="30" visitedClasses="0" numClasses="0" visitedMethods="0" numMethods="1" />
              <MetadataToken>100664279</MetadataToken>
              <Name>System.Reflection.Assembly Xunit.DependencyContextAssemblyCache::LoadManagedDll(System.String,System.Func`2&lt;System.String,System.Reflection.Assembly&gt;)</Name>
              <FileRef uid="220" />
              <SequencePoints>
                <SequencePoint vc="0" uspid="6286" ordinal="0" offset="0" sl="82" sc="13" el="82" ec="81" bec="2" bev="0" fileid="220" />
                <SequencePoint vc="0" uspid="6287" ordinal="1" offset="19" sl="84" sc="17" el="84" ec="60" bec="2" bev="0" fileid="220" />
                <SequencePoint vc="0" uspid="6288" ordinal="2" offset="27" sl="85" sc="21" el="85" ec="164" bec="0" bev="0" fileid="220" />
                <SequencePoint vc="0" uspid="6289" ordinal="3" offset="55" sl="87" sc="17" el="87" ec="95" bec="0" bev="0" fileid="220" />
                <SequencePoint vc="0" uspid="6290" ordinal="4" offset="63" sl="88" sc="17" el="88" ec="62" bec="0" bev="0" fileid="220" />
                <SequencePoint vc="0" uspid="6291" ordinal="5" offset="70" sl="89" sc="17" el="89" ec="44" bec="0" bev="0" fileid="220" />
                <SequencePoint vc="0" uspid="6292" ordinal="6" offset="76" sl="90" sc="17" el="90" ec="61" bec="0" bev="0" fileid="220" />
                <SequencePoint vc="0" uspid="6293" ordinal="7" offset="89" sl="92" sc="17" el="92" ec="60" bec="2" bev="0" fileid="220" />
                <SequencePoint vc="0" uspid="6294" ordinal="8" offset="97" sl="94" sc="21" el="94" ec="40" bec="2" bev="0" fileid="220" />
                <SequencePoint vc="0" uspid="6295" ordinal="9" offset="106" sl="95" sc="25" el="95" ec="189" bec="0" bev="0" fileid="220" />
                <SequencePoint vc="0" uspid="6296" ordinal="10" offset="130" sl="97" sc="25" el="97" ec="178" bec="0" bev="0" fileid="220" />
                <SequencePoint vc="0" uspid="6297" ordinal="11" offset="158" sl="101" sc="13" el="101" ec="27" bec="0" bev="0" fileid="220" />
              </SequencePoints>
              <BranchPoints>
                <BranchPoint vc="0" uspid="6298" ordinal="0" offset="14" sl="82" path="0" offsetend="19" fileid="220" />
                <BranchPoint vc="0" uspid="6299" ordinal="1" offset="14" sl="82" path="1" offsetend="158" fileid="220" />
                <BranchPoint vc="0" uspid="6300" ordinal="2" offset="25" sl="84" path="0" offsetend="27" fileid="220" />
                <BranchPoint vc="0" uspid="6301" ordinal="3" offset="25" sl="84" path="1" offsetend="55" fileid="220" />
                <BranchPoint vc="0" uspid="6302" ordinal="4" offset="95" sl="92" path="0" offsetend="97" fileid="220" />
                <BranchPoint vc="0" uspid="6303" ordinal="5" offset="95" sl="92" path="1" offsetend="158" fileid="220" />
                <BranchPoint vc="0" uspid="6304" ordinal="6" offset="104" sl="94" path="0" offsetend="106" fileid="220" />
                <BranchPoint vc="0" uspid="6305" ordinal="7" offset="104" sl="94" path="1" offsetend="130" fileid="220" />
              </BranchPoints>
              <MethodPoint xsi:type="SequencePoint" vc="0" uspid="6286" ordinal="0" offset="0" sl="82" sc="13" el="82" ec="81" bec="2" bev="0" fileid="220" />
            </Method>
            <Method visited="false" cyclomaticComplexity="15" nPathComplexity="8192" sequenceCoverage="0" branchCoverage="0" crapScore="240" isConstructor="false" isStatic="false" isGetter="false" isSetter="false">
              <Summary numSequencePoints="34" visitedSequencePoints="0" numBranchPoints="27" visitedBranchPoints="0" sequenceCoverage="0" branchCoverage="0" maxCyclomaticComplexity="15" minCyclomaticComplexity="15" maxCrapScore="240" minCrapScore="240" visitedClasses="0" numClasses="0" visitedMethods="0" numMethods="1" />
              <MetadataToken>100664280</MetadataToken>
              <Name>System.Tuple`2&lt;System.String,System.Reflection.Assembly&gt; Xunit.DependencyContextAssemblyCache::ResolveManagedAssembly(System.String,System.Func`2&lt;System.String,System.Reflection.Assembly&gt;)</Name>
              <FileRef uid="220" />
              <SequencePoints>
                <SequencePoint vc="0" uspid="6306" ordinal="0" offset="13" sl="107" sc="13" el="107" ec="75" bec="0" bev="0" fileid="220" />
                <SequencePoint vc="0" uspid="6307" ordinal="1" offset="31" sl="109" sc="39" el="109" ec="63" bec="0" bev="0" fileid="220" />
                <SequencePoint vc="0" uspid="6308" ordinal="2" offset="59" sl="109" sc="22" el="109" ec="35" bec="0" bev="0" fileid="220" />
                <SequencePoint vc="0" uspid="6309" ordinal="3" offset="65" sl="112" sc="21" el="112" ec="73" bec="0" bev="0" fileid="220" />
                <SequencePoint vc="0" uspid="6310" ordinal="4" offset="75" sl="113" sc="21" el="113" ec="59" bec="2" bev="0" fileid="220" />
                <SequencePoint vc="0" uspid="6311" ordinal="5" offset="84" sl="115" sc="25" el="115" ec="84" bec="0" bev="0" fileid="220" />
                <SequencePoint vc="0" uspid="6312" ordinal="6" offset="94" sl="116" sc="25" el="116" ec="46" bec="2" bev="0" fileid="220" />
                <SequencePoint vc="0" uspid="6313" ordinal="7" offset="104" sl="117" sc="29" el="117" ec="81" bec="0" bev="0" fileid="220" />
                <SequencePoint vc="0" uspid="6314" ordinal="8" offset="120" sl="119" sc="17" el="119" ec="18" bec="0" bev="0" fileid="220" />
                <SequencePoint vc="0" uspid="6315" ordinal="9" offset="122" sl="120" sc="17" el="120" ec="22" bec="0" bev="0" fileid="220" />
                <SequencePoint vc="0" uspid="6316" ordinal="10" offset="123" sl="120" sc="25" el="120" ec="26" bec="0" bev="0" fileid="220" />
                <SequencePoint vc="0" uspid="6317" ordinal="11" offset="131" sl="109" sc="36" el="109" ec="38" bec="0" bev="0" fileid="220" />
                <SequencePoint vc="0" uspid="6318" ordinal="12" offset="138" sl="123" sc="13" el="123" ec="84" bec="2" bev="0" fileid="220" />
                <SequencePoint vc="0" uspid="6319" ordinal="13" offset="162" sl="125" sc="17" el="125" ec="50" bec="0" bev="0" fileid="220" />
                <SequencePoint vc="0" uspid="6320" ordinal="14" offset="170" sl="126" sc="17" el="126" ec="53" bec="0" bev="0" fileid="220" />
                <SequencePoint vc="0" uspid="6321" ordinal="15" offset="178" sl="127" sc="17" el="128" ec="120" bec="0" bev="0" fileid="220" />
                <SequencePoint vc="0" uspid="6322" ordinal="16" offset="234" sl="130" sc="17" el="130" ec="53" bec="0" bev="0" fileid="220" />
                <SequencePoint vc="0" uspid="6323" ordinal="17" offset="241" sl="131" sc="17" el="131" ec="83" bec="2" bev="0" fileid="220" />
                <SequencePoint vc="0" uspid="6324" ordinal="18" offset="261" sl="133" sc="21" el="133" ec="181" bec="0" bev="0" fileid="220" />
                <SequencePoint vc="0" uspid="6325" ordinal="19" offset="282" sl="134" sc="21" el="134" ec="54" bec="2" bev="0" fileid="220" />
                <SequencePoint vc="0" uspid="6326" ordinal="20" offset="286" sl="136" sc="25" el="136" ec="87" bec="0" bev="0" fileid="220" />
                <SequencePoint vc="0" uspid="6327" ordinal="21" offset="295" sl="138" sc="25" el="138" ec="84" bec="0" bev="0" fileid="220" />
                <SequencePoint vc="0" uspid="6328" ordinal="22" offset="305" sl="139" sc="25" el="139" ec="46" bec="2" bev="0" fileid="220" />
                <SequencePoint vc="0" uspid="6329" ordinal="23" offset="315" sl="140" sc="29" el="140" ec="81" bec="0" bev="0" fileid="220" />
                <SequencePoint vc="0" uspid="6330" ordinal="24" offset="325" sl="142" sc="25" el="142" ec="68" bec="2" bev="0" fileid="220" />
                <SequencePoint vc="0" uspid="6331" ordinal="25" offset="336" sl="143" sc="29" el="143" ec="230" bec="0" bev="0" fileid="220" />
                <SequencePoint vc="0" uspid="6332" ordinal="26" offset="365" sl="144" sc="21" el="144" ec="22" bec="0" bev="0" fileid="220" />
                <SequencePoint vc="0" uspid="6333" ordinal="27" offset="370" sl="147" sc="25" el="147" ec="68" bec="2" bev="0" fileid="220" />
                <SequencePoint vc="0" uspid="6334" ordinal="28" offset="381" sl="148" sc="29" el="148" ec="313" bec="4" bev="0" fileid="220" />
                <SequencePoint vc="0" uspid="6335" ordinal="29" offset="497" sl="150" sc="17" el="150" ec="18" bec="0" bev="0" fileid="220" />
                <SequencePoint vc="0" uspid="6336" ordinal="30" offset="502" sl="153" sc="21" el="153" ec="64" bec="2" bev="0" fileid="220" />
                <SequencePoint vc="0" uspid="6337" ordinal="31" offset="510" sl="154" sc="25" el="154" ec="322" bec="4" bev="0" fileid="220" />
                <SequencePoint vc="0" uspid="6338" ordinal="32" offset="631" sl="158" sc="13" el="158" ec="44" bec="0" bev="0" fileid="220" />
                <SequencePoint vc="0" uspid="6339" ordinal="33" offset="637" sl="159" sc="9" el="159" ec="10" bec="0" bev="0" fileid="220" />
              </SequencePoints>
              <BranchPoints>
                <BranchPoint vc="0" uspid="6340" ordinal="0" offset="82" sl="113" path="0" offsetend="84" fileid="220" />
                <BranchPoint vc="0" uspid="6341" ordinal="1" offset="82" sl="113" path="1" offsetend="120" fileid="220" />
                <BranchPoint vc="0" uspid="6342" ordinal="2" offset="102" sl="116" path="0" offsetend="104" fileid="220" />
                <BranchPoint vc="0" uspid="6343" ordinal="3" offset="102" sl="116" path="1" offsetend="120" fileid="220" />
                <BranchPoint vc="0" uspid="6346" ordinal="6" offset="157" sl="123" path="0" offsetend="162" fileid="220" />
                <BranchPoint vc="0" uspid="6347" ordinal="7" offset="157" sl="123" path="1" offsetend="631" fileid="220" />
                <BranchPoint vc="0" uspid="6348" ordinal="8" offset="256" sl="131" path="0" offsetend="261" fileid="220" />
                <BranchPoint vc="0" uspid="6349" ordinal="9" offset="256" sl="131" path="1" offsetend="502" fileid="220" />
                <BranchPoint vc="0" uspid="6350" ordinal="10" offset="284" sl="134" path="0" offsetend="286" fileid="220" />
                <BranchPoint vc="0" uspid="6351" ordinal="11" offset="284" sl="134" path="1" offsetend="370" fileid="220" />
                <BranchPoint vc="0" uspid="6352" ordinal="12" offset="313" sl="139" path="0" offsetend="315" fileid="220" />
                <BranchPoint vc="0" uspid="6353" ordinal="13" offset="313" sl="139" path="1" offsetend="325" fileid="220" />
                <BranchPoint vc="0" uspid="6354" ordinal="14" offset="331" sl="142" path="0" offsetend="336" fileid="220" />
                <BranchPoint vc="0" uspid="6355" ordinal="15" offset="331" sl="142" path="1" offsetend="631" fileid="220" />
                <BranchPoint vc="0" uspid="6356" ordinal="16" offset="376" sl="147" path="0" offsetend="381" fileid="220" />
                <BranchPoint vc="0" uspid="6357" ordinal="17" offset="376" sl="147" path="1" offsetend="631" fileid="220" />
                <BranchPoint vc="0" uspid="6358" ordinal="18" offset="405" sl="148" path="0" offsetend="407" fileid="220" />
                <BranchPoint vc="0" uspid="6359" ordinal="19" offset="405" sl="148" path="1" offsetend="430" fileid="220" />
                <BranchPoint vc="0" uspid="6360" ordinal="20" offset="446" sl="148" path="0" offsetend="448" fileid="220" />
                <BranchPoint vc="0" uspid="6361" ordinal="21" offset="446" sl="148" path="1" offsetend="471" fileid="220" />
                <BranchPoint vc="0" uspid="6362" ordinal="22" offset="508" sl="153" path="0" offsetend="510" fileid="220" />
                <BranchPoint vc="0" uspid="6363" ordinal="23" offset="508" sl="153" path="1" offsetend="631" fileid="220" />
                <BranchPoint vc="0" uspid="6364" ordinal="24" offset="539" sl="154" path="0" offsetend="541" fileid="220" />
                <BranchPoint vc="0" uspid="6365" ordinal="25" offset="539" sl="154" path="1" offsetend="564" fileid="220" />
                <BranchPoint vc="0" uspid="6366" ordinal="26" offset="580" sl="154" path="0" offsetend="582" fileid="220" />
                <BranchPoint vc="0" uspid="6367" ordinal="27" offset="580" sl="154" path="1" offsetend="605" fileid="220" />
              </BranchPoints>
              <MethodPoint vc="0" uspid="6368" ordinal="0" offset="0" />
            </Method>
            <Method visited="false" cyclomaticComplexity="1" nPathComplexity="0" sequenceCoverage="0" branchCoverage="0" crapScore="2" isConstructor="true" isStatic="true" isGetter="false" isSetter="false">
              <Summary numSequencePoints="1" visitedSequencePoints="0" numBranchPoints="1" visitedBranchPoints="0" sequenceCoverage="0" branchCoverage="0" maxCyclomaticComplexity="1" minCyclomaticComplexity="1" maxCrapScore="2" minCrapScore="2" visitedClasses="0" numClasses="0" visitedMethods="0" numMethods="1" />
              <MetadataToken>100664281</MetadataToken>
              <Name>System.Void Xunit.DependencyContextAssemblyCache::.cctor()</Name>
              <FileRef uid="220" />
              <SequencePoints>
                <SequencePoint vc="0" uspid="6369" ordinal="0" offset="0" sl="17" sc="9" el="17" ec="115" bec="0" bev="0" fileid="220" />
              </SequencePoints>
              <BranchPoints />
              <MethodPoint xsi:type="SequencePoint" vc="0" uspid="6369" ordinal="0" offset="0" sl="17" sc="9" el="17" ec="115" bec="0" bev="0" fileid="220" />
            </Method>
          </Methods>
        </Class>
        <Class>
          <Summary numSequencePoints="3" visitedSequencePoints="0" numBranchPoints="5" visitedBranchPoints="0" sequenceCoverage="0" branchCoverage="0" maxCyclomaticComplexity="2" minCyclomaticComplexity="1" maxCrapScore="6" minCrapScore="2" visitedClasses="0" numClasses="1" visitedMethods="0" numMethods="3" />
          <FullName>Xunit.DependencyContextAssemblyCache/&lt;&gt;c__DisplayClass7_0</FullName>
          <Methods>
            <Method visited="false" cyclomaticComplexity="1" nPathComplexity="0" sequenceCoverage="0" branchCoverage="0" crapScore="2" isConstructor="true" isStatic="false" isGetter="false" isSetter="false">
              <Summary numSequencePoints="0" visitedSequencePoints="0" numBranchPoints="0" visitedBranchPoints="0" sequenceCoverage="0" branchCoverage="0" maxCyclomaticComplexity="1" minCyclomaticComplexity="1" maxCrapScore="2" minCrapScore="2" visitedClasses="0" numClasses="0" visitedMethods="0" numMethods="0" />
              <MetadataToken>100665041</MetadataToken>
              <Name>System.Void Xunit.DependencyContextAssemblyCache/&lt;&gt;c__DisplayClass7_0::.ctor()</Name>
              <SequencePoints />
              <BranchPoints />
              <MethodPoint vc="0" uspid="6370" ordinal="0" offset="0" />
            </Method>
            <Method visited="false" cyclomaticComplexity="1" nPathComplexity="0" sequenceCoverage="0" branchCoverage="0" crapScore="2" isConstructor="false" isStatic="false" isGetter="false" isSetter="false">
              <Summary numSequencePoints="1" visitedSequencePoints="0" numBranchPoints="1" visitedBranchPoints="0" sequenceCoverage="0" branchCoverage="0" maxCyclomaticComplexity="1" minCyclomaticComplexity="1" maxCrapScore="2" minCrapScore="2" visitedClasses="0" numClasses="0" visitedMethods="0" numMethods="1" />
              <MetadataToken>100665042</MetadataToken>
              <Name>System.Boolean Xunit.DependencyContextAssemblyCache/&lt;&gt;c__DisplayClass7_0::&lt;.ctor&gt;b__1(Internal.Microsoft.Extensions.DependencyModel.RuntimeFallbacks)</Name>
              <FileRef uid="220" />
              <SequencePoints>
                <SequencePoint vc="0" uspid="6371" ordinal="0" offset="0" sl="41" sc="80" el="41" ec="156" bec="0" bev="0" fileid="220" />
              </SequencePoints>
              <BranchPoints />
              <MethodPoint xsi:type="SequencePoint" vc="0" uspid="6371" ordinal="0" offset="0" sl="41" sc="80" el="41" ec="156" bec="0" bev="0" fileid="220" />
            </Method>
            <Method visited="false" cyclomaticComplexity="2" nPathComplexity="2" sequenceCoverage="0" branchCoverage="0" crapScore="6" isConstructor="false" isStatic="false" isGetter="false" isSetter="false">
              <Summary numSequencePoints="1" visitedSequencePoints="0" numBranchPoints="3" visitedBranchPoints="0" sequenceCoverage="0" branchCoverage="0" maxCyclomaticComplexity="2" minCyclomaticComplexity="2" maxCrapScore="6" minCrapScore="6" visitedClasses="0" numClasses="0" visitedMethods="0" numMethods="1" />
              <MetadataToken>100665043</MetadataToken>
              <Name>System.Tuple`2&lt;Internal.Microsoft.Extensions.DependencyModel.RuntimeLibrary,Internal.Microsoft.Extensions.DependencyModel.RuntimeAssetGroup&gt; Xunit.DependencyContextAssemblyCache/&lt;&gt;c__DisplayClass7_0::&lt;.ctor&gt;b__4(Internal.Microsoft.Extensions.DependencyModel.RuntimeLibrary)</Name>
              <FileRef uid="220" />
              <SequencePoints>
                <SequencePoint vc="0" uspid="6372" ordinal="0" offset="0" sl="57" sc="49" el="57" ec="167" bec="2" bev="0" fileid="220" />
              </SequencePoints>
              <BranchPoints>
                <BranchPoint vc="0" uspid="6373" ordinal="0" offset="14" sl="57" path="0" offsetend="16" fileid="220" />
                <BranchPoint vc="0" uspid="6374" ordinal="1" offset="14" sl="57" path="1" offsetend="38" fileid="220" />
              </BranchPoints>
              <MethodPoint xsi:type="SequencePoint" vc="0" uspid="6372" ordinal="0" offset="0" sl="57" sc="49" el="57" ec="167" bec="2" bev="0" fileid="220" />
            </Method>
            <Method visited="false" cyclomaticComplexity="1" nPathComplexity="0" sequenceCoverage="0" branchCoverage="0" crapScore="2" isConstructor="false" isStatic="false" isGetter="false" isSetter="false">
              <Summary numSequencePoints="1" visitedSequencePoints="0" numBranchPoints="1" visitedBranchPoints="0" sequenceCoverage="0" branchCoverage="0" maxCyclomaticComplexity="1" minCyclomaticComplexity="1" maxCrapScore="2" minCrapScore="2" visitedClasses="0" numClasses="0" visitedMethods="0" numMethods="1" />
              <MetadataToken>100665044</MetadataToken>
              <Name>System.Boolean Xunit.DependencyContextAssemblyCache/&lt;&gt;c__DisplayClass7_0::&lt;.ctor&gt;b__5(Internal.Microsoft.Extensions.DependencyModel.RuntimeAssetGroup)</Name>
              <FileRef uid="220" />
              <SequencePoints>
                <SequencePoint vc="0" uspid="6375" ordinal="0" offset="0" sl="57" sc="120" el="57" ec="165" bec="0" bev="0" fileid="220" />
              </SequencePoints>
              <BranchPoints />
              <MethodPoint xsi:type="SequencePoint" vc="0" uspid="6375" ordinal="0" offset="0" sl="57" sc="120" el="57" ec="165" bec="0" bev="0" fileid="220" />
            </Method>
          </Methods>
        </Class>
        <Class>
          <Summary numSequencePoints="1" visitedSequencePoints="0" numBranchPoints="1" visitedBranchPoints="0" sequenceCoverage="0" branchCoverage="0" maxCyclomaticComplexity="1" minCyclomaticComplexity="1" maxCrapScore="2" minCrapScore="2" visitedClasses="0" numClasses="1" visitedMethods="0" numMethods="1" />
          <FullName>Xunit.DependencyContextAssemblyCache/&lt;&gt;c__DisplayClass7_1</FullName>
          <Methods>
            <Method visited="false" cyclomaticComplexity="1" nPathComplexity="0" sequenceCoverage="0" branchCoverage="0" crapScore="2" isConstructor="true" isStatic="false" isGetter="false" isSetter="false">
              <Summary numSequencePoints="0" visitedSequencePoints="0" numBranchPoints="0" visitedBranchPoints="0" sequenceCoverage="0" branchCoverage="0" maxCyclomaticComplexity="1" minCyclomaticComplexity="1" maxCrapScore="2" minCrapScore="2" visitedClasses="0" numClasses="0" visitedMethods="0" numMethods="0" />
              <MetadataToken>100665045</MetadataToken>
              <Name>System.Void Xunit.DependencyContextAssemblyCache/&lt;&gt;c__DisplayClass7_1::.ctor()</Name>
              <SequencePoints />
              <BranchPoints />
              <MethodPoint vc="0" uspid="6376" ordinal="0" offset="0" />
            </Method>
            <Method visited="false" cyclomaticComplexity="1" nPathComplexity="0" sequenceCoverage="0" branchCoverage="0" crapScore="2" isConstructor="false" isStatic="false" isGetter="false" isSetter="false">
              <Summary numSequencePoints="1" visitedSequencePoints="0" numBranchPoints="1" visitedBranchPoints="0" sequenceCoverage="0" branchCoverage="0" maxCyclomaticComplexity="1" minCyclomaticComplexity="1" maxCrapScore="2" minCrapScore="2" visitedClasses="0" numClasses="0" visitedMethods="0" numMethods="1" />
              <MetadataToken>100665046</MetadataToken>
              <Name>System.Tuple`2&lt;System.String,System.Tuple`2&lt;Internal.Microsoft.Extensions.DependencyModel.RuntimeLibrary,Internal.Microsoft.Extensions.DependencyModel.RuntimeAssetGroup&gt;&gt; Xunit.DependencyContextAssemblyCache/&lt;&gt;c__DisplayClass7_1::&lt;.ctor&gt;b__9(System.String)</Name>
              <FileRef uid="220" />
              <SequencePoints>
                <SequencePoint vc="0" uspid="6377" ordinal="0" offset="0" sl="59" sc="115" el="59" ec="207" bec="0" bev="0" fileid="220" />
              </SequencePoints>
              <BranchPoints />
              <MethodPoint xsi:type="SequencePoint" vc="0" uspid="6377" ordinal="0" offset="0" sl="59" sc="115" el="59" ec="207" bec="0" bev="0" fileid="220" />
            </Method>
          </Methods>
        </Class>
        <Class>
          <Summary numSequencePoints="14" visitedSequencePoints="0" numBranchPoints="20" visitedBranchPoints="0" sequenceCoverage="0" branchCoverage="0" maxCyclomaticComplexity="3" minCyclomaticComplexity="1" maxCrapScore="12" minCrapScore="2" visitedClasses="0" numClasses="1" visitedMethods="0" numMethods="14" />
          <FullName>Xunit.DependencyContextAssemblyCache/&lt;&gt;c</FullName>
          <Methods>
            <Method visited="false" cyclomaticComplexity="1" nPathComplexity="0" sequenceCoverage="0" branchCoverage="0" crapScore="2" isConstructor="true" isStatic="true" isGetter="false" isSetter="false">
              <Summary numSequencePoints="0" visitedSequencePoints="0" numBranchPoints="0" visitedBranchPoints="0" sequenceCoverage="0" branchCoverage="0" maxCyclomaticComplexity="1" minCyclomaticComplexity="1" maxCrapScore="2" minCrapScore="2" visitedClasses="0" numClasses="0" visitedMethods="0" numMethods="0" />
              <MetadataToken>100665047</MetadataToken>
              <Name>System.Void Xunit.DependencyContextAssemblyCache/&lt;&gt;c::.cctor()</Name>
              <SequencePoints />
              <BranchPoints />
              <MethodPoint vc="0" uspid="6378" ordinal="0" offset="0" />
            </Method>
            <Method visited="false" cyclomaticComplexity="1" nPathComplexity="0" sequenceCoverage="0" branchCoverage="0" crapScore="2" isConstructor="true" isStatic="false" isGetter="false" isSetter="false">
              <Summary numSequencePoints="0" visitedSequencePoints="0" numBranchPoints="0" visitedBranchPoints="0" sequenceCoverage="0" branchCoverage="0" maxCyclomaticComplexity="1" minCyclomaticComplexity="1" maxCrapScore="2" minCrapScore="2" visitedClasses="0" numClasses="0" visitedMethods="0" numMethods="0" />
              <MetadataToken>100665048</MetadataToken>
              <Name>System.Void Xunit.DependencyContextAssemblyCache/&lt;&gt;c::.ctor()</Name>
              <SequencePoints />
              <BranchPoints />
              <MethodPoint vc="0" uspid="6379" ordinal="0" offset="0" />
            </Method>
            <Method visited="false" cyclomaticComplexity="1" nPathComplexity="0" sequenceCoverage="0" branchCoverage="0" crapScore="2" isConstructor="false" isStatic="false" isGetter="false" isSetter="false">
              <Summary numSequencePoints="1" visitedSequencePoints="0" numBranchPoints="1" visitedBranchPoints="0" sequenceCoverage="0" branchCoverage="0" maxCyclomaticComplexity="1" minCyclomaticComplexity="1" maxCrapScore="2" minCrapScore="2" visitedClasses="0" numClasses="0" visitedMethods="0" numMethods="1" />
              <MetadataToken>100665049</MetadataToken>
              <Name>System.String Xunit.DependencyContextAssemblyCache/&lt;&gt;c::&lt;.ctor&gt;b__7_0(Internal.Microsoft.Extensions.DependencyModel.RuntimeFallbacks)</Name>
              <FileRef uid="220" />
              <SequencePoints>
                <SequencePoint vc="0" uspid="6380" ordinal="0" offset="0" sl="37" sc="198" el="37" ec="214" bec="0" bev="0" fileid="220" />
              </SequencePoints>
              <BranchPoints />
              <MethodPoint xsi:type="SequencePoint" vc="0" uspid="6380" ordinal="0" offset="0" sl="37" sc="198" el="37" ec="214" bec="0" bev="0" fileid="220" />
            </Method>
            <Method visited="false" cyclomaticComplexity="1" nPathComplexity="0" sequenceCoverage="0" branchCoverage="0" crapScore="2" isConstructor="false" isStatic="false" isGetter="false" isSetter="false">
              <Summary numSequencePoints="1" visitedSequencePoints="0" numBranchPoints="1" visitedBranchPoints="0" sequenceCoverage="0" branchCoverage="0" maxCyclomaticComplexity="1" minCyclomaticComplexity="1" maxCrapScore="2" minCrapScore="2" visitedClasses="0" numClasses="0" visitedMethods="0" numMethods="1" />
              <MetadataToken>100665050</MetadataToken>
              <Name>System.String Xunit.DependencyContextAssemblyCache/&lt;&gt;c::&lt;.ctor&gt;b__7_2(System.String)</Name>
              <FileRef uid="220" />
              <SequencePoints>
                <SequencePoint vc="0" uspid="6381" ordinal="0" offset="0" sl="51" sc="192" el="51" ec="200" bec="0" bev="0" fileid="220" />
              </SequencePoints>
              <BranchPoints />
              <MethodPoint xsi:type="SequencePoint" vc="0" uspid="6381" ordinal="0" offset="0" sl="51" sc="192" el="51" ec="200" bec="0" bev="0" fileid="220" />
            </Method>
            <Method visited="false" cyclomaticComplexity="2" nPathComplexity="2" sequenceCoverage="0" branchCoverage="0" crapScore="6" isConstructor="false" isStatic="false" isGetter="false" isSetter="false">
              <Summary numSequencePoints="1" visitedSequencePoints="0" numBranchPoints="3" visitedBranchPoints="0" sequenceCoverage="0" branchCoverage="0" maxCyclomaticComplexity="2" minCyclomaticComplexity="2" maxCrapScore="6" minCrapScore="6" visitedClasses="0" numClasses="0" visitedMethods="0" numMethods="1" />
              <MetadataToken>100665051</MetadataToken>
              <Name>System.Boolean Xunit.DependencyContextAssemblyCache/&lt;&gt;c::&lt;.ctor&gt;b__7_3(Internal.Microsoft.Extensions.DependencyModel.RuntimeLibrary)</Name>
              <FileRef uid="220" />
              <SequencePoints>
                <SequencePoint vc="0" uspid="6382" ordinal="0" offset="0" sl="56" sc="48" el="56" ec="84" bec="2" bev="0" fileid="220" />
              </SequencePoints>
              <BranchPoints>
                <BranchPoint vc="0" uspid="6383" ordinal="0" offset="7" sl="56" path="0" offsetend="9" fileid="220" />
                <BranchPoint vc="0" uspid="6384" ordinal="1" offset="7" sl="56" path="1" offsetend="12" fileid="220" />
              </BranchPoints>
              <MethodPoint xsi:type="SequencePoint" vc="0" uspid="6382" ordinal="0" offset="0" sl="56" sc="48" el="56" ec="84" bec="2" bev="0" fileid="220" />
            </Method>
            <Method visited="false" cyclomaticComplexity="3" nPathComplexity="2" sequenceCoverage="0" branchCoverage="0" crapScore="12" isConstructor="false" isStatic="false" isGetter="false" isSetter="false">
              <Summary numSequencePoints="1" visitedSequencePoints="0" numBranchPoints="3" visitedBranchPoints="0" sequenceCoverage="0" branchCoverage="0" maxCyclomaticComplexity="3" minCyclomaticComplexity="3" maxCrapScore="12" minCrapScore="12" visitedClasses="0" numClasses="0" visitedMethods="0" numMethods="1" />
              <MetadataToken>100665052</MetadataToken>
              <Name>System.Boolean Xunit.DependencyContextAssemblyCache/&lt;&gt;c::&lt;.ctor&gt;b__7_6(System.Tuple`2&lt;Internal.Microsoft.Extensions.DependencyModel.RuntimeLibrary,Internal.Microsoft.Extensions.DependencyModel.RuntimeAssetGroup&gt;)</Name>
              <FileRef uid="220" />
              <SequencePoints>
                <SequencePoint vc="0" uspid="6385" ordinal="0" offset="0" sl="58" sc="50" el="58" ec="81" bec="2" bev="0" fileid="220" />
              </SequencePoints>
              <BranchPoints>
                <BranchPoint vc="0" uspid="6386" ordinal="0" offset="7" sl="58" path="0" offsetend="9" fileid="220" />
                <BranchPoint vc="0" uspid="6387" ordinal="1" offset="7" sl="58" path="1" offsetend="13" fileid="220" />
              </BranchPoints>
              <MethodPoint xsi:type="SequencePoint" vc="0" uspid="6385" ordinal="0" offset="0" sl="58" sc="50" el="58" ec="81" bec="2" bev="0" fileid="220" />
            </Method>
            <Method visited="false" cyclomaticComplexity="2" nPathComplexity="2" sequenceCoverage="0" branchCoverage="0" crapScore="6" isConstructor="false" isStatic="false" isGetter="false" isSetter="false">
              <Summary numSequencePoints="1" visitedSequencePoints="0" numBranchPoints="3" visitedBranchPoints="0" sequenceCoverage="0" branchCoverage="0" maxCyclomaticComplexity="2" minCyclomaticComplexity="2" maxCrapScore="6" minCrapScore="6" visitedClasses="0" numClasses="0" visitedMethods="0" numMethods="1" />
              <MetadataToken>100665053</MetadataToken>
              <Name>System.Collections.Generic.IEnumerable`1&lt;System.Tuple`2&lt;System.String,System.Tuple`2&lt;Internal.Microsoft.Extensions.DependencyModel.RuntimeLibrary,Internal.Microsoft.Extensions.DependencyModel.RuntimeAssetGroup&gt;&gt;&gt; Xunit.DependencyContextAssemblyCache/&lt;&gt;c::&lt;.ctor&gt;b__7_7(System.Tuple`2&lt;Internal.Microsoft.Extensions.DependencyModel.RuntimeLibrary,Internal.Microsoft.Extensions.DependencyModel.RuntimeAssetGroup&gt;)</Name>
              <FileRef uid="220" />
              <SequencePoints>
                <SequencePoint vc="0" uspid="6388" ordinal="0" offset="13" sl="59" sc="55" el="59" ec="208" bec="2" bev="0" fileid="220" />
              </SequencePoints>
              <BranchPoints>
                <BranchPoint vc="0" uspid="6389" ordinal="0" offset="35" sl="59" path="0" offsetend="37" fileid="220" />
                <BranchPoint vc="0" uspid="6390" ordinal="1" offset="35" sl="59" path="1" offsetend="60" fileid="220" />
              </BranchPoints>
              <MethodPoint vc="0" uspid="6391" ordinal="0" offset="0" />
            </Method>
            <Method visited="false" cyclomaticComplexity="1" nPathComplexity="0" sequenceCoverage="0" branchCoverage="0" crapScore="2" isConstructor="false" isStatic="false" isGetter="false" isSetter="false">
              <Summary numSequencePoints="1" visitedSequencePoints="0" numBranchPoints="1" visitedBranchPoints="0" sequenceCoverage="0" branchCoverage="0" maxCyclomaticComplexity="1" minCyclomaticComplexity="1" maxCrapScore="2" minCrapScore="2" visitedClasses="0" numClasses="0" visitedMethods="0" numMethods="1" />
              <MetadataToken>100665054</MetadataToken>
              <Name>System.Boolean Xunit.DependencyContextAssemblyCache/&lt;&gt;c::&lt;.ctor&gt;b__7_8(System.String)</Name>
              <FileRef uid="220" />
              <SequencePoints>
                <SequencePoint vc="0" uspid="6392" ordinal="0" offset="0" sl="59" sc="89" el="59" ec="98" bec="0" bev="0" fileid="220" />
              </SequencePoints>
              <BranchPoints />
              <MethodPoint xsi:type="SequencePoint" vc="0" uspid="6392" ordinal="0" offset="0" sl="59" sc="89" el="59" ec="98" bec="0" bev="0" fileid="220" />
            </Method>
            <Method visited="false" cyclomaticComplexity="1" nPathComplexity="0" sequenceCoverage="0" branchCoverage="0" crapScore="2" isConstructor="false" isStatic="false" isGetter="false" isSetter="false">
              <Summary numSequencePoints="1" visitedSequencePoints="0" numBranchPoints="1" visitedBranchPoints="0" sequenceCoverage="0" branchCoverage="0" maxCyclomaticComplexity="1" minCyclomaticComplexity="1" maxCrapScore="2" minCrapScore="2" visitedClasses="0" numClasses="0" visitedMethods="0" numMethods="1" />
              <MetadataToken>100665055</MetadataToken>
              <Name>System.String Xunit.DependencyContextAssemblyCache/&lt;&gt;c::&lt;.ctor&gt;b__7_10(System.Tuple`2&lt;System.String,System.Tuple`2&lt;Internal.Microsoft.Extensions.DependencyModel.RuntimeLibrary,Internal.Microsoft.Extensions.DependencyModel.RuntimeAssetGroup&gt;&gt;)</Name>
              <FileRef uid="220" />
              <SequencePoints>
                <SequencePoint vc="0" uspid="6393" ordinal="0" offset="0" sl="60" sc="78" el="60" ec="89" bec="0" bev="0" fileid="220" />
              </SequencePoints>
              <BranchPoints />
              <MethodPoint xsi:type="SequencePoint" vc="0" uspid="6393" ordinal="0" offset="0" sl="60" sc="78" el="60" ec="89" bec="0" bev="0" fileid="220" />
            </Method>
            <Method visited="false" cyclomaticComplexity="1" nPathComplexity="0" sequenceCoverage="0" branchCoverage="0" crapScore="2" isConstructor="false" isStatic="false" isGetter="false" isSetter="false">
              <Summary numSequencePoints="1" visitedSequencePoints="0" numBranchPoints="1" visitedBranchPoints="0" sequenceCoverage="0" branchCoverage="0" maxCyclomaticComplexity="1" minCyclomaticComplexity="1" maxCrapScore="2" minCrapScore="2" visitedClasses="0" numClasses="0" visitedMethods="0" numMethods="1" />
              <MetadataToken>100665056</MetadataToken>
              <Name>System.Tuple`2&lt;Internal.Microsoft.Extensions.DependencyModel.RuntimeLibrary,Internal.Microsoft.Extensions.DependencyModel.RuntimeAssetGroup&gt; Xunit.DependencyContextAssemblyCache/&lt;&gt;c::&lt;.ctor&gt;b__7_11(System.Tuple`2&lt;System.String,System.Tuple`2&lt;Internal.Microsoft.Extensions.DependencyModel.RuntimeLibrary,Internal.Microsoft.Extensions.DependencyModel.RuntimeAssetGroup&gt;&gt;)</Name>
              <FileRef uid="220" />
              <SequencePoints>
                <SequencePoint vc="0" uspid="6394" ordinal="0" offset="0" sl="60" sc="100" el="60" ec="111" bec="0" bev="0" fileid="220" />
              </SequencePoints>
              <BranchPoints />
              <MethodPoint xsi:type="SequencePoint" vc="0" uspid="6394" ordinal="0" offset="0" sl="60" sc="100" el="60" ec="111" bec="0" bev="0" fileid="220" />
            </Method>
            <Method visited="false" cyclomaticComplexity="1" nPathComplexity="0" sequenceCoverage="0" branchCoverage="0" crapScore="2" isConstructor="false" isStatic="false" isGetter="false" isSetter="false">
              <Summary numSequencePoints="1" visitedSequencePoints="0" numBranchPoints="1" visitedBranchPoints="0" sequenceCoverage="0" branchCoverage="0" maxCyclomaticComplexity="1" minCyclomaticComplexity="1" maxCrapScore="2" minCrapScore="2" visitedClasses="0" numClasses="0" visitedMethods="0" numMethods="1" />
              <MetadataToken>100665057</MetadataToken>
              <Name>System.String Xunit.DependencyContextAssemblyCache/&lt;&gt;c::&lt;.ctor&gt;b__7_12(System.String)</Name>
              <FileRef uid="220" />
              <SequencePoints>
                <SequencePoint vc="0" uspid="6395" ordinal="0" offset="0" sl="63" sc="206" el="63" ec="214" bec="0" bev="0" fileid="220" />
              </SequencePoints>
              <BranchPoints />
              <MethodPoint xsi:type="SequencePoint" vc="0" uspid="6395" ordinal="0" offset="0" sl="63" sc="206" el="63" ec="214" bec="0" bev="0" fileid="220" />
            </Method>
            <Method visited="false" cyclomaticComplexity="1" nPathComplexity="0" sequenceCoverage="0" branchCoverage="0" crapScore="2" isConstructor="false" isStatic="false" isGetter="false" isSetter="false">
              <Summary numSequencePoints="1" visitedSequencePoints="0" numBranchPoints="1" visitedBranchPoints="0" sequenceCoverage="0" branchCoverage="0" maxCyclomaticComplexity="1" minCyclomaticComplexity="1" maxCrapScore="2" minCrapScore="2" visitedClasses="0" numClasses="0" visitedMethods="0" numMethods="1" />
              <MetadataToken>100665058</MetadataToken>
              <Name>System.String Xunit.DependencyContextAssemblyCache/&lt;&gt;c::&lt;.ctor&gt;b__7_13(System.String)</Name>
              <FileRef uid="220" />
              <SequencePoints>
                <SequencePoint vc="0" uspid="6396" ordinal="0" offset="0" sl="63" sc="229" el="63" ec="230" bec="0" bev="0" fileid="220" />
              </SequencePoints>
              <BranchPoints />
              <MethodPoint xsi:type="SequencePoint" vc="0" uspid="6396" ordinal="0" offset="0" sl="63" sc="229" el="63" ec="230" bec="0" bev="0" fileid="220" />
            </Method>
            <Method visited="false" cyclomaticComplexity="1" nPathComplexity="0" sequenceCoverage="0" branchCoverage="0" crapScore="2" isConstructor="false" isStatic="false" isGetter="false" isSetter="false">
              <Summary numSequencePoints="1" visitedSequencePoints="0" numBranchPoints="1" visitedBranchPoints="0" sequenceCoverage="0" branchCoverage="0" maxCyclomaticComplexity="1" minCyclomaticComplexity="1" maxCrapScore="2" minCrapScore="2" visitedClasses="0" numClasses="0" visitedMethods="0" numMethods="1" />
              <MetadataToken>100665059</MetadataToken>
              <Name>System.String Xunit.DependencyContextAssemblyCache/&lt;&gt;c::&lt;ResolveManagedAssembly&gt;b__9_1(System.String)</Name>
              <FileRef uid="220" />
              <SequencePoints>
                <SequencePoint vc="0" uspid="6397" ordinal="0" offset="0" sl="148" sc="248" el="148" ec="249" bec="0" bev="0" fileid="220" />
              </SequencePoints>
              <BranchPoints />
              <MethodPoint xsi:type="SequencePoint" vc="0" uspid="6397" ordinal="0" offset="0" sl="148" sc="248" el="148" ec="249" bec="0" bev="0" fileid="220" />
            </Method>
            <Method visited="false" cyclomaticComplexity="1" nPathComplexity="0" sequenceCoverage="0" branchCoverage="0" crapScore="2" isConstructor="false" isStatic="false" isGetter="false" isSetter="false">
              <Summary numSequencePoints="1" visitedSequencePoints="0" numBranchPoints="1" visitedBranchPoints="0" sequenceCoverage="0" branchCoverage="0" maxCyclomaticComplexity="1" minCyclomaticComplexity="1" maxCrapScore="2" minCrapScore="2" visitedClasses="0" numClasses="0" visitedMethods="0" numMethods="1" />
              <MetadataToken>100665060</MetadataToken>
              <Name>System.String Xunit.DependencyContextAssemblyCache/&lt;&gt;c::&lt;ResolveManagedAssembly&gt;b__9_2(System.String)</Name>
              <FileRef uid="220" />
              <SequencePoints>
                <SequencePoint vc="0" uspid="6398" ordinal="0" offset="0" sl="148" sc="297" el="148" ec="305" bec="0" bev="0" fileid="220" />
              </SequencePoints>
              <BranchPoints />
              <MethodPoint xsi:type="SequencePoint" vc="0" uspid="6398" ordinal="0" offset="0" sl="148" sc="297" el="148" ec="305" bec="0" bev="0" fileid="220" />
            </Method>
            <Method visited="false" cyclomaticComplexity="1" nPathComplexity="0" sequenceCoverage="0" branchCoverage="0" crapScore="2" isConstructor="false" isStatic="false" isGetter="false" isSetter="false">
              <Summary numSequencePoints="1" visitedSequencePoints="0" numBranchPoints="1" visitedBranchPoints="0" sequenceCoverage="0" branchCoverage="0" maxCyclomaticComplexity="1" minCyclomaticComplexity="1" maxCrapScore="2" minCrapScore="2" visitedClasses="0" numClasses="0" visitedMethods="0" numMethods="1" />
              <MetadataToken>100665061</MetadataToken>
              <Name>System.String Xunit.DependencyContextAssemblyCache/&lt;&gt;c::&lt;ResolveManagedAssembly&gt;b__9_3(System.String)</Name>
              <FileRef uid="220" />
              <SequencePoints>
                <SequencePoint vc="0" uspid="6399" ordinal="0" offset="0" sl="154" sc="257" el="154" ec="258" bec="0" bev="0" fileid="220" />
              </SequencePoints>
              <BranchPoints />
              <MethodPoint xsi:type="SequencePoint" vc="0" uspid="6399" ordinal="0" offset="0" sl="154" sc="257" el="154" ec="258" bec="0" bev="0" fileid="220" />
            </Method>
            <Method visited="false" cyclomaticComplexity="1" nPathComplexity="0" sequenceCoverage="0" branchCoverage="0" crapScore="2" isConstructor="false" isStatic="false" isGetter="false" isSetter="false">
              <Summary numSequencePoints="1" visitedSequencePoints="0" numBranchPoints="1" visitedBranchPoints="0" sequenceCoverage="0" branchCoverage="0" maxCyclomaticComplexity="1" minCyclomaticComplexity="1" maxCrapScore="2" minCrapScore="2" visitedClasses="0" numClasses="0" visitedMethods="0" numMethods="1" />
              <MetadataToken>100665062</MetadataToken>
              <Name>System.String Xunit.DependencyContextAssemblyCache/&lt;&gt;c::&lt;ResolveManagedAssembly&gt;b__9_4(System.String)</Name>
              <FileRef uid="220" />
              <SequencePoints>
                <SequencePoint vc="0" uspid="6400" ordinal="0" offset="0" sl="154" sc="306" el="154" ec="314" bec="0" bev="0" fileid="220" />
              </SequencePoints>
              <BranchPoints />
              <MethodPoint xsi:type="SequencePoint" vc="0" uspid="6400" ordinal="0" offset="0" sl="154" sc="306" el="154" ec="314" bec="0" bev="0" fileid="220" />
            </Method>
          </Methods>
        </Class>
        <Class>
          <Summary numSequencePoints="1" visitedSequencePoints="0" numBranchPoints="1" visitedBranchPoints="0" sequenceCoverage="0" branchCoverage="0" maxCyclomaticComplexity="1" minCyclomaticComplexity="1" maxCrapScore="2" minCrapScore="2" visitedClasses="0" numClasses="1" visitedMethods="0" numMethods="1" />
          <FullName>Xunit.DependencyContextAssemblyCache/&lt;&gt;c__DisplayClass9_0</FullName>
          <Methods>
            <Method visited="false" cyclomaticComplexity="1" nPathComplexity="0" sequenceCoverage="0" branchCoverage="0" crapScore="2" isConstructor="true" isStatic="false" isGetter="false" isSetter="false">
              <Summary numSequencePoints="0" visitedSequencePoints="0" numBranchPoints="0" visitedBranchPoints="0" sequenceCoverage="0" branchCoverage="0" maxCyclomaticComplexity="1" minCyclomaticComplexity="1" maxCrapScore="2" minCrapScore="2" visitedClasses="0" numClasses="0" visitedMethods="0" numMethods="0" />
              <MetadataToken>100665063</MetadataToken>
              <Name>System.Void Xunit.DependencyContextAssemblyCache/&lt;&gt;c__DisplayClass9_0::.ctor()</Name>
              <SequencePoints />
              <BranchPoints />
              <MethodPoint vc="0" uspid="6401" ordinal="0" offset="0" />
            </Method>
            <Method visited="false" cyclomaticComplexity="1" nPathComplexity="0" sequenceCoverage="0" branchCoverage="0" crapScore="2" isConstructor="false" isStatic="false" isGetter="false" isSetter="false">
              <Summary numSequencePoints="1" visitedSequencePoints="0" numBranchPoints="1" visitedBranchPoints="0" sequenceCoverage="0" branchCoverage="0" maxCyclomaticComplexity="1" minCyclomaticComplexity="1" maxCrapScore="2" minCrapScore="2" visitedClasses="0" numClasses="0" visitedMethods="0" numMethods="1" />
              <MetadataToken>100665064</MetadataToken>
              <Name>System.Boolean Xunit.DependencyContextAssemblyCache/&lt;&gt;c__DisplayClass9_0::&lt;ResolveManagedAssembly&gt;b__0(System.String)</Name>
              <FileRef uid="220" />
              <SequencePoints>
                <SequencePoint vc="0" uspid="6402" ordinal="0" offset="0" sl="133" sc="79" el="133" ec="179" bec="0" bev="0" fileid="220" />
              </SequencePoints>
              <BranchPoints />
              <MethodPoint xsi:type="SequencePoint" vc="0" uspid="6402" ordinal="0" offset="0" sl="133" sc="79" el="133" ec="179" bec="0" bev="0" fileid="220" />
            </Method>
          </Methods>
        </Class>
        <Class>
          <Summary numSequencePoints="22" visitedSequencePoints="0" numBranchPoints="15" visitedBranchPoints="0" sequenceCoverage="0" branchCoverage="0" maxCyclomaticComplexity="6" minCyclomaticComplexity="1" maxCrapScore="42" minCrapScore="2" visitedClasses="0" numClasses="1" visitedMethods="0" numMethods="5" />
          <FullName>Xunit.DependencyContextAssemblyHelper</FullName>
          <Methods>
            <Method visited="false" cyclomaticComplexity="1" nPathComplexity="0" sequenceCoverage="0" branchCoverage="0" crapScore="2" isConstructor="true" isStatic="false" isGetter="false" isSetter="false">
              <Summary numSequencePoints="5" visitedSequencePoints="0" numBranchPoints="1" visitedBranchPoints="0" sequenceCoverage="0" branchCoverage="0" maxCyclomaticComplexity="1" minCyclomaticComplexity="1" maxCrapScore="2" minCrapScore="2" visitedClasses="0" numClasses="0" visitedMethods="0" numMethods="1" />
              <MetadataToken>100664282</MetadataToken>
              <Name>System.Void Xunit.DependencyContextAssemblyHelper::.ctor(System.String,Internal.Microsoft.Extensions.DependencyModel.DependencyContext,Xunit.Abstractions.IMessageSink)</Name>
              <FileRef uid="225" />
              <SequencePoints>
                <SequencePoint vc="0" uspid="6403" ordinal="0" offset="0" sl="18" sc="9" el="18" ec="152" bec="0" bev="0" fileid="225" />
                <SequencePoint vc="0" uspid="6404" ordinal="1" offset="6" sl="20" sc="13" el="20" ec="82" bec="0" bev="0" fileid="225" />
                <SequencePoint vc="0" uspid="6405" ordinal="2" offset="13" sl="22" sc="13" el="22" ec="131" bec="0" bev="0" fileid="225" />
                <SequencePoint vc="0" uspid="6406" ordinal="3" offset="27" sl="24" sc="13" el="24" ec="68" bec="0" bev="0" fileid="225" />
                <SequencePoint vc="0" uspid="6407" ordinal="4" offset="49" sl="25" sc="9" el="25" ec="10" bec="0" bev="0" fileid="225" />
              </SequencePoints>
              <BranchPoints />
              <MethodPoint xsi:type="SequencePoint" vc="0" uspid="6403" ordinal="0" offset="0" sl="18" sc="9" el="18" ec="152" bec="0" bev="0" fileid="225" />
            </Method>
            <Method visited="false" cyclomaticComplexity="1" nPathComplexity="0" sequenceCoverage="0" branchCoverage="0" crapScore="2" isConstructor="false" isStatic="false" isGetter="false" isSetter="false">
              <Summary numSequencePoints="1" visitedSequencePoints="0" numBranchPoints="1" visitedBranchPoints="0" sequenceCoverage="0" branchCoverage="0" maxCyclomaticComplexity="1" minCyclomaticComplexity="1" maxCrapScore="2" minCrapScore="2" visitedClasses="0" numClasses="0" visitedMethods="0" numMethods="1" />
              <MetadataToken>100664283</MetadataToken>
              <Name>System.Void Xunit.DependencyContextAssemblyHelper::Dispose()</Name>
              <FileRef uid="225" />
              <SequencePoints>
                <SequencePoint vc="0" uspid="6408" ordinal="0" offset="0" sl="28" sc="16" el="28" ec="70" bec="0" bev="0" fileid="225" />
              </SequencePoints>
              <BranchPoints />
              <MethodPoint xsi:type="SequencePoint" vc="0" uspid="6408" ordinal="0" offset="0" sl="28" sc="16" el="28" ec="70" bec="0" bev="0" fileid="225" />
            </Method>
            <Method visited="false" cyclomaticComplexity="2" nPathComplexity="2" sequenceCoverage="0" branchCoverage="0" crapScore="6" isConstructor="false" isStatic="false" isGetter="false" isSetter="false">
              <Summary numSequencePoints="1" visitedSequencePoints="0" numBranchPoints="3" visitedBranchPoints="0" sequenceCoverage="0" branchCoverage="0" maxCyclomaticComplexity="2" minCyclomaticComplexity="2" maxCrapScore="6" minCrapScore="6" visitedClasses="0" numClasses="0" visitedMethods="0" numMethods="1" />
              <MetadataToken>100664284</MetadataToken>
              <Name>System.Reflection.Assembly Xunit.DependencyContextAssemblyHelper::OnResolving(System.Object,System.ResolveEventArgs)</Name>
              <FileRef uid="225" />
              <SequencePoints>
                <SequencePoint vc="0" uspid="6409" ordinal="0" offset="0" sl="31" sc="16" el="31" ec="111" bec="2" bev="0" fileid="225" />
              </SequencePoints>
              <BranchPoints>
                <BranchPoint vc="0" uspid="6410" ordinal="0" offset="28" sl="31" path="0" offsetend="30" fileid="225" />
                <BranchPoint vc="0" uspid="6411" ordinal="1" offset="28" sl="31" path="1" offsetend="53" fileid="225" />
              </BranchPoints>
              <MethodPoint xsi:type="SequencePoint" vc="0" uspid="6409" ordinal="0" offset="0" sl="31" sc="16" el="31" ec="111" bec="2" bev="0" fileid="225" />
            </Method>
            <Method visited="false" cyclomaticComplexity="6" nPathComplexity="16" sequenceCoverage="0" branchCoverage="0" crapScore="42" isConstructor="false" isStatic="true" isGetter="false" isSetter="false">
              <Summary numSequencePoints="14" visitedSequencePoints="0" numBranchPoints="9" visitedBranchPoints="0" sequenceCoverage="0" branchCoverage="0" maxCyclomaticComplexity="6" minCyclomaticComplexity="6" maxCrapScore="42" minCrapScore="42" visitedClasses="0" numClasses="0" visitedMethods="0" numMethods="1" />
              <MetadataToken>100664285</MetadataToken>
              <Name>System.IDisposable Xunit.DependencyContextAssemblyHelper::SubscribeResolveForAssembly(System.String,Xunit.Abstractions.IMessageSink)</Name>
              <FileRef uid="225" />
              <SequencePoints>
                <SequencePoint vc="0" uspid="6412" ordinal="0" offset="0" sl="35" sc="13" el="35" ec="74" bec="0" bev="0" fileid="225" />
                <SequencePoint vc="0" uspid="6413" ordinal="1" offset="7" sl="36" sc="13" el="36" ec="128" bec="0" bev="0" fileid="225" />
                <SequencePoint vc="0" uspid="6414" ordinal="2" offset="30" sl="37" sc="13" el="37" ec="44" bec="2" bev="0" fileid="225" />
                <SequencePoint vc="0" uspid="6415" ordinal="3" offset="38" sl="39" sc="17" el="39" ec="60" bec="2" bev="0" fileid="225" />
                <SequencePoint vc="0" uspid="6416" ordinal="4" offset="41" sl="40" sc="21" el="40" ec="208" bec="0" bev="0" fileid="225" />
                <SequencePoint vc="0" uspid="6417" ordinal="5" offset="64" sl="41" sc="17" el="41" ec="29" bec="0" bev="0" fileid="225" />
                <SequencePoint vc="0" uspid="6418" ordinal="6" offset="66" sl="44" sc="20" el="44" ec="60" bec="0" bev="0" fileid="225" />
                <SequencePoint vc="0" uspid="6419" ordinal="7" offset="73" sl="46" sc="17" el="46" ec="55" bec="0" bev="0" fileid="225" />
                <SequencePoint vc="0" uspid="6420" ordinal="8" offset="85" sl="47" sc="17" el="47" ec="37" bec="2" bev="0" fileid="225" />
                <SequencePoint vc="0" uspid="6421" ordinal="9" offset="88" sl="49" sc="21" el="49" ec="64" bec="2" bev="0" fileid="225" />
                <SequencePoint vc="0" uspid="6422" ordinal="10" offset="91" sl="50" sc="25" el="50" ec="226" bec="0" bev="0" fileid="225" />
                <SequencePoint vc="0" uspid="6423" ordinal="11" offset="114" sl="51" sc="21" el="51" ec="33" bec="0" bev="0" fileid="225" />
                <SequencePoint vc="0" uspid="6424" ordinal="12" offset="119" sl="54" sc="17" el="54" ec="117" bec="0" bev="0" fileid="225" />
                <SequencePoint vc="0" uspid="6425" ordinal="13" offset="141" sl="56" sc="9" el="56" ec="10" bec="0" bev="0" fileid="225" />
              </SequencePoints>
              <BranchPoints>
                <BranchPoint vc="0" uspid="6426" ordinal="0" offset="36" sl="37" path="0" offsetend="38" fileid="225" />
                <BranchPoint vc="0" uspid="6427" ordinal="1" offset="36" sl="37" path="1" offsetend="66" fileid="225" />
                <BranchPoint vc="0" uspid="6428" ordinal="2" offset="39" sl="39" path="0" offsetend="41" fileid="225" />
                <BranchPoint vc="0" uspid="6429" ordinal="3" offset="39" sl="39" path="1" offsetend="64" fileid="225" />
                <BranchPoint vc="0" uspid="6430" ordinal="4" offset="86" sl="47" path="0" offsetend="88" fileid="225" />
                <BranchPoint vc="0" uspid="6431" ordinal="5" offset="86" sl="47" path="1" offsetend="119" fileid="225" />
                <BranchPoint vc="0" uspid="6432" ordinal="6" offset="89" sl="49" path="0" offsetend="91" fileid="225" />
                <BranchPoint vc="0" uspid="6433" ordinal="7" offset="89" sl="49" path="1" offsetend="114" fileid="225" />
              </BranchPoints>
              <MethodPoint xsi:type="SequencePoint" vc="0" uspid="6412" ordinal="0" offset="0" sl="35" sc="13" el="35" ec="74" bec="0" bev="0" fileid="225" />
            </Method>
            <Method visited="false" cyclomaticComplexity="1" nPathComplexity="0" sequenceCoverage="0" branchCoverage="0" crapScore="2" isConstructor="true" isStatic="true" isGetter="false" isSetter="false">
              <Summary numSequencePoints="1" visitedSequencePoints="0" numBranchPoints="1" visitedBranchPoints="0" sequenceCoverage="0" branchCoverage="0" maxCyclomaticComplexity="1" minCyclomaticComplexity="1" maxCrapScore="2" minCrapScore="2" visitedClasses="0" numClasses="0" visitedMethods="0" numMethods="1" />
              <MetadataToken>100664286</MetadataToken>
              <Name>System.Void Xunit.DependencyContextAssemblyHelper::.cctor()</Name>
              <FileRef uid="225" />
              <SequencePoints>
                <SequencePoint vc="0" uspid="6434" ordinal="0" offset="0" sl="13" sc="9" el="13" ec="100" bec="0" bev="0" fileid="225" />
              </SequencePoints>
              <BranchPoints />
              <MethodPoint xsi:type="SequencePoint" vc="0" uspid="6434" ordinal="0" offset="0" sl="13" sc="9" el="13" ec="100" bec="0" bev="0" fileid="225" />
            </Method>
          </Methods>
        </Class>
        <Class>
          <Summary numSequencePoints="1" visitedSequencePoints="0" numBranchPoints="1" visitedBranchPoints="0" sequenceCoverage="0" branchCoverage="0" maxCyclomaticComplexity="1" minCyclomaticComplexity="1" maxCrapScore="2" minCrapScore="2" visitedClasses="0" numClasses="1" visitedMethods="0" numMethods="1" />
          <FullName>Xunit.DependencyContextAssemblyHelper/&lt;&gt;c</FullName>
          <Methods>
            <Method visited="false" cyclomaticComplexity="1" nPathComplexity="0" sequenceCoverage="0" branchCoverage="0" crapScore="2" isConstructor="true" isStatic="true" isGetter="false" isSetter="false">
              <Summary numSequencePoints="0" visitedSequencePoints="0" numBranchPoints="0" visitedBranchPoints="0" sequenceCoverage="0" branchCoverage="0" maxCyclomaticComplexity="1" minCyclomaticComplexity="1" maxCrapScore="2" minCrapScore="2" visitedClasses="0" numClasses="0" visitedMethods="0" numMethods="0" />
              <MetadataToken>100665065</MetadataToken>
              <Name>System.Void Xunit.DependencyContextAssemblyHelper/&lt;&gt;c::.cctor()</Name>
              <SequencePoints />
              <BranchPoints />
              <MethodPoint vc="0" uspid="6435" ordinal="0" offset="0" />
            </Method>
            <Method visited="false" cyclomaticComplexity="1" nPathComplexity="0" sequenceCoverage="0" branchCoverage="0" crapScore="2" isConstructor="true" isStatic="false" isGetter="false" isSetter="false">
              <Summary numSequencePoints="0" visitedSequencePoints="0" numBranchPoints="0" visitedBranchPoints="0" sequenceCoverage="0" branchCoverage="0" maxCyclomaticComplexity="1" minCyclomaticComplexity="1" maxCrapScore="2" minCrapScore="2" visitedClasses="0" numClasses="0" visitedMethods="0" numMethods="0" />
              <MetadataToken>100665066</MetadataToken>
              <Name>System.Void Xunit.DependencyContextAssemblyHelper/&lt;&gt;c::.ctor()</Name>
              <SequencePoints />
              <BranchPoints />
              <MethodPoint vc="0" uspid="6436" ordinal="0" offset="0" />
            </Method>
            <Method visited="false" cyclomaticComplexity="1" nPathComplexity="0" sequenceCoverage="0" branchCoverage="0" crapScore="2" isConstructor="false" isStatic="false" isGetter="false" isSetter="false">
              <Summary numSequencePoints="1" visitedSequencePoints="0" numBranchPoints="1" visitedBranchPoints="0" sequenceCoverage="0" branchCoverage="0" maxCyclomaticComplexity="1" minCyclomaticComplexity="1" maxCrapScore="2" minCrapScore="2" visitedClasses="0" numClasses="0" visitedMethods="0" numMethods="1" />
              <MetadataToken>100665067</MetadataToken>
              <Name>System.Reflection.Assembly Xunit.DependencyContextAssemblyHelper/&lt;&gt;c::&lt;OnResolving&gt;b__5_0(System.String)</Name>
              <FileRef uid="225" />
              <SequencePoints>
                <SequencePoint vc="0" uspid="6437" ordinal="0" offset="0" sl="31" sc="87" el="31" ec="110" bec="0" bev="0" fileid="225" />
              </SequencePoints>
              <BranchPoints />
              <MethodPoint xsi:type="SequencePoint" vc="0" uspid="6437" ordinal="0" offset="0" sl="31" sc="87" el="31" ec="110" bec="0" bev="0" fileid="225" />
            </Method>
          </Methods>
        </Class>
        <Class>
          <Summary numSequencePoints="39" visitedSequencePoints="0" numBranchPoints="26" visitedBranchPoints="0" sequenceCoverage="0" branchCoverage="0" maxCyclomaticComplexity="6" minCyclomaticComplexity="1" maxCrapScore="42" minCrapScore="2" visitedClasses="0" numClasses="1" visitedMethods="0" numMethods="6" />
          <FullName>Xunit.XunitPackageCompilationAssemblyResolver</FullName>
          <Methods>
            <Method visited="false" cyclomaticComplexity="1" nPathComplexity="0" sequenceCoverage="0" branchCoverage="0" crapScore="2" isConstructor="true" isStatic="false" isGetter="false" isSetter="false">
              <Summary numSequencePoints="3" visitedSequencePoints="0" numBranchPoints="1" visitedBranchPoints="0" sequenceCoverage="0" branchCoverage="0" maxCyclomaticComplexity="1" minCyclomaticComplexity="1" maxCrapScore="2" minCrapScore="2" visitedClasses="0" numClasses="0" visitedMethods="0" numMethods="1" />
              <MetadataToken>100664287</MetadataToken>
              <Name>System.Void Xunit.XunitPackageCompilationAssemblyResolver::.ctor(Xunit.Abstractions.IMessageSink)</Name>
              <FileRef uid="227" />
              <SequencePoints>
                <SequencePoint vc="0" uspid="6438" ordinal="0" offset="0" sl="21" sc="9" el="21" ec="100" bec="0" bev="0" fileid="227" />
                <SequencePoint vc="0" uspid="6439" ordinal="1" offset="6" sl="23" sc="13" el="23" ec="98" bec="0" bev="0" fileid="227" />
                <SequencePoint vc="0" uspid="6440" ordinal="2" offset="18" sl="24" sc="9" el="24" ec="10" bec="0" bev="0" fileid="227" />
              </SequencePoints>
              <BranchPoints />
              <MethodPoint xsi:type="SequencePoint" vc="0" uspid="6438" ordinal="0" offset="0" sl="21" sc="9" el="21" ec="100" bec="0" bev="0" fileid="227" />
            </Method>
            <Method visited="false" cyclomaticComplexity="1" nPathComplexity="0" sequenceCoverage="0" branchCoverage="0" crapScore="2" isConstructor="false" isStatic="true" isGetter="false" isSetter="false">
              <Summary numSequencePoints="1" visitedSequencePoints="0" numBranchPoints="1" visitedBranchPoints="0" sequenceCoverage="0" branchCoverage="0" maxCyclomaticComplexity="1" minCyclomaticComplexity="1" maxCrapScore="2" minCrapScore="2" visitedClasses="0" numClasses="0" visitedMethods="0" numMethods="1" />
              <MetadataToken>100664288</MetadataToken>
              <Name>System.Collections.Generic.List`1&lt;System.String&gt; Xunit.XunitPackageCompilationAssemblyResolver::GetDefaultProbeDirectories(Xunit.Abstractions.IMessageSink)</Name>
              <FileRef uid="227" />
              <SequencePoints>
                <SequencePoint vc="0" uspid="6441" ordinal="0" offset="0" sl="27" sc="13" el="27" ec="115" bec="0" bev="0" fileid="227" />
              </SequencePoints>
              <BranchPoints />
              <MethodPoint xsi:type="SequencePoint" vc="0" uspid="6441" ordinal="0" offset="0" sl="27" sc="13" el="27" ec="115" bec="0" bev="0" fileid="227" />
            </Method>
            <Method visited="false" cyclomaticComplexity="6" nPathComplexity="32" sequenceCoverage="0" branchCoverage="0" crapScore="42" isConstructor="false" isStatic="true" isGetter="false" isSetter="false">
              <Summary numSequencePoints="12" visitedSequencePoints="0" numBranchPoints="11" visitedBranchPoints="0" sequenceCoverage="0" branchCoverage="0" maxCyclomaticComplexity="6" minCyclomaticComplexity="6" maxCrapScore="42" minCrapScore="42" visitedClasses="0" numClasses="0" visitedMethods="0" numMethods="1" />
              <MetadataToken>100664289</MetadataToken>
              <Name>System.Collections.Generic.List`1&lt;System.String&gt; Xunit.XunitPackageCompilationAssemblyResolver::GetDefaultProbeDirectories(Internal.Microsoft.DotNet.PlatformAbstractions.Platform,Xunit.Abstractions.IMessageSink)</Name>
              <FileRef uid="227" />
              <SequencePoints>
                <SequencePoint vc="0" uspid="6442" ordinal="0" offset="0" sl="31" sc="13" el="31" ec="49" bec="0" bev="0" fileid="227" />
                <SequencePoint vc="0" uspid="6443" ordinal="1" offset="6" sl="45" sc="13" el="45" ec="89" bec="0" bev="0" fileid="227" />
                <SequencePoint vc="0" uspid="6444" ordinal="2" offset="17" sl="46" sc="13" el="46" ec="57" bec="2" bev="0" fileid="227" />
                <SequencePoint vc="0" uspid="6445" ordinal="3" offset="25" sl="47" sc="17" el="47" ec="47" bec="0" bev="0" fileid="227" />
                <SequencePoint vc="0" uspid="6446" ordinal="4" offset="35" sl="51" sc="17" el="51" ec="52" bec="2" bev="0" fileid="227" />
                <SequencePoint vc="0" uspid="6447" ordinal="5" offset="39" sl="52" sc="21" el="52" ec="82" bec="0" bev="0" fileid="227" />
                <SequencePoint vc="0" uspid="6448" ordinal="6" offset="52" sl="54" sc="21" el="54" ec="75" bec="0" bev="0" fileid="227" />
                <SequencePoint vc="0" uspid="6449" ordinal="7" offset="63" sl="56" sc="17" el="56" ec="53" bec="2" bev="0" fileid="227" />
                <SequencePoint vc="0" uspid="6450" ordinal="8" offset="71" sl="57" sc="21" el="57" ec="79" bec="0" bev="0" fileid="227" />
                <SequencePoint vc="0" uspid="6451" ordinal="9" offset="94" sl="60" sc="13" el="60" ec="56" bec="2" bev="0" fileid="227" />
                <SequencePoint vc="0" uspid="6452" ordinal="10" offset="97" sl="61" sc="17" el="61" ec="215" bec="2" bev="0" fileid="227" />
                <SequencePoint vc="0" uspid="6453" ordinal="11" offset="166" sl="63" sc="13" el="63" ec="37" bec="0" bev="0" fileid="227" />
              </SequencePoints>
              <BranchPoints>
                <BranchPoint vc="0" uspid="6454" ordinal="0" offset="23" sl="46" path="0" offsetend="25" fileid="227" />
                <BranchPoint vc="0" uspid="6455" ordinal="1" offset="23" sl="46" path="1" offsetend="35" fileid="227" />
                <BranchPoint vc="0" uspid="6456" ordinal="2" offset="37" sl="51" path="0" offsetend="39" fileid="227" />
                <BranchPoint vc="0" uspid="6457" ordinal="3" offset="37" sl="51" path="1" offsetend="52" fileid="227" />
                <BranchPoint vc="0" uspid="6458" ordinal="4" offset="69" sl="56" path="0" offsetend="71" fileid="227" />
                <BranchPoint vc="0" uspid="6459" ordinal="5" offset="69" sl="56" path="1" offsetend="94" fileid="227" />
                <BranchPoint vc="0" uspid="6460" ordinal="6" offset="95" sl="60" path="0" offsetend="97" fileid="227" />
                <BranchPoint vc="0" uspid="6461" ordinal="7" offset="95" sl="60" path="1" offsetend="166" fileid="227" />
                <BranchPoint vc="0" uspid="6462" ordinal="8" offset="115" sl="61" path="0" offsetend="117" fileid="227" />
                <BranchPoint vc="0" uspid="6463" ordinal="9" offset="115" sl="61" path="1" offsetend="140" fileid="227" />
              </BranchPoints>
              <MethodPoint xsi:type="SequencePoint" vc="0" uspid="6442" ordinal="0" offset="0" sl="31" sc="13" el="31" ec="49" bec="0" bev="0" fileid="227" />
            </Method>
            <Method visited="false" cyclomaticComplexity="6" nPathComplexity="16" sequenceCoverage="0" branchCoverage="0" crapScore="42" isConstructor="false" isStatic="false" isGetter="false" isSetter="false">
              <Summary numSequencePoints="11" visitedSequencePoints="0" numBranchPoints="9" visitedBranchPoints="0" sequenceCoverage="0" branchCoverage="0" maxCyclomaticComplexity="6" minCyclomaticComplexity="6" maxCrapScore="42" minCrapScore="42" visitedClasses="0" numClasses="0" visitedMethods="0" numMethods="1" />
              <MetadataToken>100664290</MetadataToken>
              <Name>System.Boolean Xunit.XunitPackageCompilationAssemblyResolver::TryResolveAssemblyPaths(Internal.Microsoft.Extensions.DependencyModel.CompilationLibrary,System.Collections.Generic.List`1&lt;System.String&gt;)</Name>
              <FileRef uid="227" />
              <SequencePoints>
                <SequencePoint vc="0" uspid="6464" ordinal="0" offset="0" sl="68" sc="13" el="68" ec="131" bec="3" bev="0" fileid="227" />
                <SequencePoint vc="0" uspid="6465" ordinal="1" offset="32" sl="69" sc="17" el="69" ec="30" bec="0" bev="0" fileid="227" />
                <SequencePoint vc="0" uspid="6466" ordinal="2" offset="34" sl="71" sc="39" el="71" ec="62" bec="0" bev="0" fileid="227" />
                <SequencePoint vc="0" uspid="6467" ordinal="3" offset="48" sl="71" sc="22" el="71" ec="35" bec="0" bev="0" fileid="227" />
                <SequencePoint vc="0" uspid="6468" ordinal="4" offset="56" sl="72" sc="17" el="72" ec="110" bec="2" bev="0" fileid="227" />
                <SequencePoint vc="0" uspid="6469" ordinal="5" offset="72" sl="73" sc="21" el="73" ec="103" bec="2" bev="0" fileid="227" />
                <SequencePoint vc="0" uspid="6470" ordinal="6" offset="84" sl="75" sc="25" el="75" ec="67" bec="0" bev="0" fileid="227" />
                <SequencePoint vc="0" uspid="6471" ordinal="7" offset="91" sl="76" sc="25" el="76" ec="37" bec="0" bev="0" fileid="227" />
                <SequencePoint vc="0" uspid="6472" ordinal="8" offset="96" sl="71" sc="36" el="71" ec="38" bec="0" bev="0" fileid="227" />
                <SequencePoint vc="0" uspid="6473" ordinal="9" offset="121" sl="79" sc="13" el="79" ec="26" bec="0" bev="0" fileid="227" />
                <SequencePoint vc="0" uspid="6474" ordinal="10" offset="123" sl="80" sc="9" el="80" ec="10" bec="0" bev="0" fileid="227" />
              </SequencePoints>
              <BranchPoints>
                <BranchPoint vc="0" uspid="6475" ordinal="0" offset="11" sl="68" path="0" offsetend="13" fileid="227" />
                <BranchPoint vc="0" uspid="6476" ordinal="1" offset="11" sl="68" path="1" offsetend="32" fileid="227" />
                <BranchPoint vc="0" uspid="6477" ordinal="2" offset="30" sl="68" path="0" offsetend="32" fileid="227" />
                <BranchPoint vc="0" uspid="6478" ordinal="3" offset="30" sl="68" path="1" offsetend="34" fileid="227" />
                <BranchPoint vc="0" uspid="6479" ordinal="4" offset="70" sl="72" path="0" offsetend="72" fileid="227" />
                <BranchPoint vc="0" uspid="6480" ordinal="5" offset="70" sl="72" path="1" offsetend="96" fileid="227" />
                <BranchPoint vc="0" uspid="6481" ordinal="6" offset="82" sl="73" path="0" offsetend="84" fileid="227" />
                <BranchPoint vc="0" uspid="6482" ordinal="7" offset="82" sl="73" path="1" offsetend="96" fileid="227" />
              </BranchPoints>
              <MethodPoint xsi:type="SequencePoint" vc="0" uspid="6464" ordinal="0" offset="0" sl="68" sc="13" el="68" ec="131" bec="3" bev="0" fileid="227" />
            </Method>
            <Method visited="false" cyclomaticComplexity="4" nPathComplexity="2" sequenceCoverage="0" branchCoverage="0" crapScore="20" isConstructor="false" isStatic="false" isGetter="false" isSetter="false">
              <Summary numSequencePoints="11" visitedSequencePoints="0" numBranchPoints="3" visitedBranchPoints="0" sequenceCoverage="0" branchCoverage="0" maxCyclomaticComplexity="4" minCyclomaticComplexity="4" maxCrapScore="20" minCrapScore="20" visitedClasses="0" numClasses="0" visitedMethods="0" numMethods="1" />
              <MetadataToken>100664291</MetadataToken>
              <Name>System.Boolean Xunit.XunitPackageCompilationAssemblyResolver::TryResolveFromPackagePath(Internal.Microsoft.Extensions.DependencyModel.CompilationLibrary,System.String,System.Collections.Generic.IEnumerable`1&lt;System.String&gt;&amp;)</Name>
              <FileRef uid="227" />
              <SequencePoints>
                <SequencePoint vc="0" uspid="6485" ordinal="0" offset="0" sl="84" sc="13" el="84" ec="44" bec="0" bev="0" fileid="227" />
                <SequencePoint vc="0" uspid="6486" ordinal="1" offset="6" sl="86" sc="38" el="86" ec="56" bec="0" bev="0" fileid="227" />
                <SequencePoint vc="0" uspid="6487" ordinal="2" offset="20" sl="86" sc="22" el="86" ec="34" bec="0" bev="0" fileid="227" />
                <SequencePoint vc="0" uspid="6488" ordinal="3" offset="27" sl="88" sc="17" el="88" ec="109" bec="2" bev="0" fileid="227" />
                <SequencePoint vc="0" uspid="6489" ordinal="4" offset="43" sl="93" sc="21" el="93" ec="36" bec="0" bev="0" fileid="227" />
                <SequencePoint vc="0" uspid="6490" ordinal="5" offset="46" sl="94" sc="21" el="94" ec="34" bec="0" bev="0" fileid="227" />
                <SequencePoint vc="0" uspid="6491" ordinal="6" offset="51" sl="97" sc="17" el="97" ec="37" bec="0" bev="0" fileid="227" />
                <SequencePoint vc="0" uspid="6492" ordinal="7" offset="58" sl="86" sc="35" el="86" ec="37" bec="0" bev="0" fileid="227" />
                <SequencePoint vc="0" uspid="6493" ordinal="8" offset="78" sl="100" sc="13" el="100" ec="29" bec="0" bev="0" fileid="227" />
                <SequencePoint vc="0" uspid="6494" ordinal="9" offset="81" sl="101" sc="13" el="101" ec="25" bec="0" bev="0" fileid="227" />
                <SequencePoint vc="0" uspid="6495" ordinal="10" offset="83" sl="102" sc="9" el="102" ec="10" bec="0" bev="0" fileid="227" />
              </SequencePoints>
              <BranchPoints>
                <BranchPoint vc="0" uspid="6496" ordinal="0" offset="41" sl="88" path="0" offsetend="43" fileid="227" />
                <BranchPoint vc="0" uspid="6497" ordinal="1" offset="41" sl="88" path="1" offsetend="51" fileid="227" />
              </BranchPoints>
              <MethodPoint xsi:type="SequencePoint" vc="0" uspid="6485" ordinal="0" offset="0" sl="84" sc="13" el="84" ec="44" bec="0" bev="0" fileid="227" />
            </Method>
            <Method visited="false" cyclomaticComplexity="1" nPathComplexity="0" sequenceCoverage="0" branchCoverage="0" crapScore="2" isConstructor="true" isStatic="true" isGetter="false" isSetter="false">
              <Summary numSequencePoints="1" visitedSequencePoints="0" numBranchPoints="1" visitedBranchPoints="0" sequenceCoverage="0" branchCoverage="0" maxCyclomaticComplexity="1" minCyclomaticComplexity="1" maxCrapScore="2" minCrapScore="2" visitedClasses="0" numClasses="0" visitedMethods="0" numMethods="1" />
              <MetadataToken>100664292</MetadataToken>
              <Name>System.Void Xunit.XunitPackageCompilationAssemblyResolver::.cctor()</Name>
              <FileRef uid="227" />
              <SequencePoints>
                <SequencePoint vc="0" uspid="6500" ordinal="0" offset="0" sl="18" sc="9" el="18" ec="74" bec="0" bev="0" fileid="227" />
              </SequencePoints>
              <BranchPoints />
              <MethodPoint xsi:type="SequencePoint" vc="0" uspid="6500" ordinal="0" offset="0" sl="18" sc="9" el="18" ec="74" bec="0" bev="0" fileid="227" />
            </Method>
          </Methods>
        </Class>
        <Class>
          <Summary numSequencePoints="1" visitedSequencePoints="0" numBranchPoints="1" visitedBranchPoints="0" sequenceCoverage="0" branchCoverage="0" maxCyclomaticComplexity="1" minCyclomaticComplexity="1" maxCrapScore="2" minCrapScore="2" visitedClasses="0" numClasses="1" visitedMethods="0" numMethods="1" />
          <FullName>Xunit.XunitPackageCompilationAssemblyResolver/&lt;&gt;c</FullName>
          <Methods>
            <Method visited="false" cyclomaticComplexity="1" nPathComplexity="0" sequenceCoverage="0" branchCoverage="0" crapScore="2" isConstructor="true" isStatic="true" isGetter="false" isSetter="false">
              <Summary numSequencePoints="0" visitedSequencePoints="0" numBranchPoints="0" visitedBranchPoints="0" sequenceCoverage="0" branchCoverage="0" maxCyclomaticComplexity="1" minCyclomaticComplexity="1" maxCrapScore="2" minCrapScore="2" visitedClasses="0" numClasses="0" visitedMethods="0" numMethods="0" />
              <MetadataToken>100665068</MetadataToken>
              <Name>System.Void Xunit.XunitPackageCompilationAssemblyResolver/&lt;&gt;c::.cctor()</Name>
              <SequencePoints />
              <BranchPoints />
              <MethodPoint vc="0" uspid="6501" ordinal="0" offset="0" />
            </Method>
            <Method visited="false" cyclomaticComplexity="1" nPathComplexity="0" sequenceCoverage="0" branchCoverage="0" crapScore="2" isConstructor="true" isStatic="false" isGetter="false" isSetter="false">
              <Summary numSequencePoints="0" visitedSequencePoints="0" numBranchPoints="0" visitedBranchPoints="0" sequenceCoverage="0" branchCoverage="0" maxCyclomaticComplexity="1" minCyclomaticComplexity="1" maxCrapScore="2" minCrapScore="2" visitedClasses="0" numClasses="0" visitedMethods="0" numMethods="0" />
              <MetadataToken>100665069</MetadataToken>
              <Name>System.Void Xunit.XunitPackageCompilationAssemblyResolver/&lt;&gt;c::.ctor()</Name>
              <SequencePoints />
              <BranchPoints />
              <MethodPoint vc="0" uspid="6502" ordinal="0" offset="0" />
            </Method>
            <Method visited="false" cyclomaticComplexity="1" nPathComplexity="0" sequenceCoverage="0" branchCoverage="0" crapScore="2" isConstructor="false" isStatic="false" isGetter="false" isSetter="false">
              <Summary numSequencePoints="1" visitedSequencePoints="0" numBranchPoints="1" visitedBranchPoints="0" sequenceCoverage="0" branchCoverage="0" maxCyclomaticComplexity="1" minCyclomaticComplexity="1" maxCrapScore="2" minCrapScore="2" visitedClasses="0" numClasses="0" visitedMethods="0" numMethods="1" />
              <MetadataToken>100665070</MetadataToken>
              <Name>System.String Xunit.XunitPackageCompilationAssemblyResolver/&lt;&gt;c::&lt;GetDefaultProbeDirectories&gt;b__4_0(System.String)</Name>
              <FileRef uid="227" />
              <SequencePoints>
                <SequencePoint vc="0" uspid="6503" ordinal="0" offset="0" sl="61" sc="199" el="61" ec="207" bec="0" bev="0" fileid="227" />
              </SequencePoints>
              <BranchPoints />
              <MethodPoint xsi:type="SequencePoint" vc="0" uspid="6503" ordinal="0" offset="0" sl="61" sc="199" el="61" ec="207" bec="0" bev="0" fileid="227" />
            </Method>
          </Methods>
        </Class>
        <Class>
          <Summary numSequencePoints="4" visitedSequencePoints="0" numBranchPoints="4" visitedBranchPoints="0" sequenceCoverage="0" branchCoverage="0" maxCyclomaticComplexity="1" minCyclomaticComplexity="1" maxCrapScore="2" minCrapScore="2" visitedClasses="0" numClasses="1" visitedMethods="0" numMethods="4" />
          <FullName>Xunit.DiaNavigationData</FullName>
          <Methods>
            <Method visited="false" cyclomaticComplexity="1" nPathComplexity="0" sequenceCoverage="0" branchCoverage="0" crapScore="2" isConstructor="false" isStatic="false" isGetter="true" isSetter="false">
              <Summary numSequencePoints="1" visitedSequencePoints="0" numBranchPoints="1" visitedBranchPoints="0" sequenceCoverage="0" branchCoverage="0" maxCyclomaticComplexity="1" minCyclomaticComplexity="1" maxCrapScore="2" minCrapScore="2" visitedClasses="0" numClasses="0" visitedMethods="0" numMethods="1" />
              <MetadataToken>100664293</MetadataToken>
              <Name>System.String Xunit.DiaNavigationData::get_FileName()</Name>
              <FileRef uid="229" />
              <SequencePoints>
                <SequencePoint vc="0" uspid="6504" ordinal="0" offset="0" sl="5" sc="34" el="5" ec="38" bec="0" bev="0" fileid="229" />
              </SequencePoints>
              <BranchPoints />
              <MethodPoint xsi:type="SequencePoint" vc="0" uspid="6504" ordinal="0" offset="0" sl="5" sc="34" el="5" ec="38" bec="0" bev="0" fileid="229" />
            </Method>
            <Method visited="false" cyclomaticComplexity="1" nPathComplexity="0" sequenceCoverage="0" branchCoverage="0" crapScore="2" isConstructor="false" isStatic="false" isGetter="false" isSetter="true">
              <Summary numSequencePoints="1" visitedSequencePoints="0" numBranchPoints="1" visitedBranchPoints="0" sequenceCoverage="0" branchCoverage="0" maxCyclomaticComplexity="1" minCyclomaticComplexity="1" maxCrapScore="2" minCrapScore="2" visitedClasses="0" numClasses="0" visitedMethods="0" numMethods="1" />
              <MetadataToken>100664294</MetadataToken>
              <Name>System.Void Xunit.DiaNavigationData::set_FileName(System.String)</Name>
              <FileRef uid="229" />
              <SequencePoints>
                <SequencePoint vc="0" uspid="6505" ordinal="0" offset="0" sl="5" sc="39" el="5" ec="43" bec="0" bev="0" fileid="229" />
              </SequencePoints>
              <BranchPoints />
              <MethodPoint xsi:type="SequencePoint" vc="0" uspid="6505" ordinal="0" offset="0" sl="5" sc="39" el="5" ec="43" bec="0" bev="0" fileid="229" />
            </Method>
            <Method visited="false" cyclomaticComplexity="1" nPathComplexity="0" sequenceCoverage="0" branchCoverage="0" crapScore="2" isConstructor="false" isStatic="false" isGetter="true" isSetter="false">
              <Summary numSequencePoints="1" visitedSequencePoints="0" numBranchPoints="1" visitedBranchPoints="0" sequenceCoverage="0" branchCoverage="0" maxCyclomaticComplexity="1" minCyclomaticComplexity="1" maxCrapScore="2" minCrapScore="2" visitedClasses="0" numClasses="0" visitedMethods="0" numMethods="1" />
              <MetadataToken>100664295</MetadataToken>
              <Name>System.Int32 Xunit.DiaNavigationData::get_LineNumber()</Name>
              <FileRef uid="229" />
              <SequencePoints>
                <SequencePoint vc="0" uspid="6506" ordinal="0" offset="0" sl="6" sc="33" el="6" ec="37" bec="0" bev="0" fileid="229" />
              </SequencePoints>
              <BranchPoints />
              <MethodPoint xsi:type="SequencePoint" vc="0" uspid="6506" ordinal="0" offset="0" sl="6" sc="33" el="6" ec="37" bec="0" bev="0" fileid="229" />
            </Method>
            <Method visited="false" cyclomaticComplexity="1" nPathComplexity="0" sequenceCoverage="0" branchCoverage="0" crapScore="2" isConstructor="false" isStatic="false" isGetter="false" isSetter="true">
              <Summary numSequencePoints="1" visitedSequencePoints="0" numBranchPoints="1" visitedBranchPoints="0" sequenceCoverage="0" branchCoverage="0" maxCyclomaticComplexity="1" minCyclomaticComplexity="1" maxCrapScore="2" minCrapScore="2" visitedClasses="0" numClasses="0" visitedMethods="0" numMethods="1" />
              <MetadataToken>100664296</MetadataToken>
              <Name>System.Void Xunit.DiaNavigationData::set_LineNumber(System.Int32)</Name>
              <FileRef uid="229" />
              <SequencePoints>
                <SequencePoint vc="0" uspid="6507" ordinal="0" offset="0" sl="6" sc="38" el="6" ec="42" bec="0" bev="0" fileid="229" />
              </SequencePoints>
              <BranchPoints />
              <MethodPoint xsi:type="SequencePoint" vc="0" uspid="6507" ordinal="0" offset="0" sl="6" sc="38" el="6" ec="42" bec="0" bev="0" fileid="229" />
            </Method>
            <Method visited="false" cyclomaticComplexity="1" nPathComplexity="0" sequenceCoverage="0" branchCoverage="0" crapScore="2" isConstructor="true" isStatic="false" isGetter="false" isSetter="false">
              <Summary numSequencePoints="0" visitedSequencePoints="0" numBranchPoints="0" visitedBranchPoints="0" sequenceCoverage="0" branchCoverage="0" maxCyclomaticComplexity="1" minCyclomaticComplexity="1" maxCrapScore="2" minCrapScore="2" visitedClasses="0" numClasses="0" visitedMethods="0" numMethods="0" />
              <MetadataToken>100664297</MetadataToken>
              <Name>System.Void Xunit.DiaNavigationData::.ctor()</Name>
              <SequencePoints />
              <BranchPoints />
              <MethodPoint vc="0" uspid="6508" ordinal="0" offset="0" />
            </Method>
          </Methods>
        </Class>
        <Class>
          <Summary numSequencePoints="33" visitedSequencePoints="0" numBranchPoints="18" visitedBranchPoints="0" sequenceCoverage="0" branchCoverage="0" maxCyclomaticComplexity="5" minCyclomaticComplexity="2" maxCrapScore="30" minCrapScore="6" visitedClasses="0" numClasses="1" visitedMethods="0" numMethods="4" />
          <FullName>Xunit.DiaSession</FullName>
          <Methods>
            <Method visited="false" cyclomaticComplexity="3" nPathComplexity="4" sequenceCoverage="0" branchCoverage="0" crapScore="12" isConstructor="true" isStatic="true" isGetter="false" isSetter="false">
              <Summary numSequencePoints="7" visitedSequencePoints="0" numBranchPoints="5" visitedBranchPoints="0" sequenceCoverage="0" branchCoverage="0" maxCyclomaticComplexity="3" minCyclomaticComplexity="3" maxCrapScore="12" minCrapScore="12" visitedClasses="0" numClasses="0" visitedMethods="0" numMethods="1" />
              <MetadataToken>100664298</MetadataToken>
              <Name>System.Void Xunit.DiaSession::.cctor()</Name>
              <FileRef uid="230" />
              <SequencePoints>
                <SequencePoint vc="0" uspid="6509" ordinal="0" offset="0" sl="23" sc="13" el="23" ec="161" bec="0" bev="0" fileid="230" />
                <SequencePoint vc="0" uspid="6510" ordinal="1" offset="16" sl="24" sc="13" el="24" ec="175" bec="0" bev="0" fileid="230" />
                <SequencePoint vc="0" uspid="6511" ordinal="2" offset="32" sl="26" sc="13" el="26" ec="73" bec="3" bev="0" fileid="230" />
                <SequencePoint vc="0" uspid="6512" ordinal="3" offset="58" sl="28" sc="17" el="28" ec="131" bec="0" bev="0" fileid="230" />
                <SequencePoint vc="0" uspid="6513" ordinal="4" offset="110" sl="29" sc="17" el="29" ec="82" bec="0" bev="0" fileid="230" />
                <SequencePoint vc="0" uspid="6514" ordinal="5" offset="130" sl="30" sc="17" el="30" ec="92" bec="0" bev="0" fileid="230" />
                <SequencePoint vc="0" uspid="6515" ordinal="6" offset="150" sl="32" sc="9" el="32" ec="10" bec="0" bev="0" fileid="230" />
              </SequencePoints>
              <BranchPoints>
                <BranchPoint vc="0" uspid="6516" ordinal="0" offset="43" sl="26" path="0" offsetend="45" fileid="230" />
                <BranchPoint vc="0" uspid="6517" ordinal="1" offset="43" sl="26" path="1" offsetend="150" fileid="230" />
                <BranchPoint vc="0" uspid="6518" ordinal="2" offset="56" sl="26" path="0" offsetend="58" fileid="230" />
                <BranchPoint vc="0" uspid="6519" ordinal="3" offset="56" sl="26" path="1" offsetend="150" fileid="230" />
              </BranchPoints>
              <MethodPoint xsi:type="SequencePoint" vc="0" uspid="6509" ordinal="0" offset="0" sl="23" sc="13" el="23" ec="161" bec="0" bev="0" fileid="230" />
            </Method>
            <Method visited="false" cyclomaticComplexity="2" nPathComplexity="2" sequenceCoverage="0" branchCoverage="0" crapScore="6" isConstructor="true" isStatic="false" isGetter="false" isSetter="false">
              <Summary numSequencePoints="5" visitedSequencePoints="0" numBranchPoints="3" visitedBranchPoints="0" sequenceCoverage="0" branchCoverage="0" maxCyclomaticComplexity="2" minCyclomaticComplexity="2" maxCrapScore="6" minCrapScore="6" visitedClasses="0" numClasses="0" visitedMethods="0" numMethods="1" />
              <MetadataToken>100664299</MetadataToken>
              <Name>System.Void Xunit.DiaSession::.ctor(System.String)</Name>
              <FileRef uid="230" />
              <SequencePoints>
                <SequencePoint vc="0" uspid="6520" ordinal="0" offset="0" sl="34" sc="9" el="34" ec="51" bec="0" bev="0" fileid="230" />
                <SequencePoint vc="0" uspid="6521" ordinal="1" offset="6" sl="36" sc="13" el="36" ec="54" bec="0" bev="0" fileid="230" />
                <SequencePoint vc="0" uspid="6522" ordinal="2" offset="13" sl="37" sc="13" el="37" ec="122" bec="2" bev="0" fileid="230" />
                <SequencePoint vc="0" uspid="6523" ordinal="3" offset="55" sl="38" sc="13" el="38" ec="69" bec="0" bev="0" fileid="230" />
                <SequencePoint vc="0" uspid="6524" ordinal="4" offset="66" sl="39" sc="9" el="39" ec="10" bec="0" bev="0" fileid="230" />
              </SequencePoints>
              <BranchPoints>
                <BranchPoint vc="0" uspid="6525" ordinal="0" offset="31" sl="37" path="0" offsetend="33" fileid="230" />
                <BranchPoint vc="0" uspid="6526" ordinal="1" offset="31" sl="37" path="1" offsetend="48" fileid="230" />
              </BranchPoints>
              <MethodPoint xsi:type="SequencePoint" vc="0" uspid="6520" ordinal="0" offset="0" sl="34" sc="9" el="34" ec="51" bec="0" bev="0" fileid="230" />
            </Method>
            <Method visited="false" cyclomaticComplexity="2" nPathComplexity="0" sequenceCoverage="0" branchCoverage="0" crapScore="6" isConstructor="false" isStatic="false" isGetter="false" isSetter="false">
              <Summary numSequencePoints="5" visitedSequencePoints="0" numBranchPoints="1" visitedBranchPoints="0" sequenceCoverage="0" branchCoverage="0" maxCyclomaticComplexity="2" minCyclomaticComplexity="2" maxCrapScore="6" minCrapScore="6" visitedClasses="0" numClasses="0" visitedMethods="0" numMethods="1" />
              <MetadataToken>100664300</MetadataToken>
              <Name>System.Void Xunit.DiaSession::Dispose()</Name>
              <FileRef uid="230" />
              <SequencePoints>
                <SequencePoint vc="0" uspid="6527" ordinal="0" offset="0" sl="43" sc="44" el="43" ec="66" bec="0" bev="0" fileid="230" />
                <SequencePoint vc="0" uspid="6528" ordinal="1" offset="19" sl="43" sc="22" el="43" ec="40" bec="0" bev="0" fileid="230" />
                <SequencePoint vc="0" uspid="6529" ordinal="2" offset="26" sl="44" sc="17" el="44" ec="42" bec="0" bev="0" fileid="230" />
                <SequencePoint vc="0" uspid="6530" ordinal="3" offset="31" sl="43" sc="41" el="43" ec="43" bec="0" bev="0" fileid="230" />
                <SequencePoint vc="0" uspid="6531" ordinal="4" offset="56" sl="45" sc="9" el="45" ec="10" bec="0" bev="0" fileid="230" />
              </SequencePoints>
              <BranchPoints />
              <MethodPoint xsi:type="SequencePoint" vc="0" uspid="6527" ordinal="0" offset="0" sl="43" sc="44" el="43" ec="66" bec="0" bev="0" fileid="230" />
            </Method>
            <Method visited="false" cyclomaticComplexity="5" nPathComplexity="16" sequenceCoverage="0" branchCoverage="0" crapScore="30" isConstructor="false" isStatic="false" isGetter="false" isSetter="false">
              <Summary numSequencePoints="16" visitedSequencePoints="0" numBranchPoints="9" visitedBranchPoints="0" sequenceCoverage="0" branchCoverage="0" maxCyclomaticComplexity="5" minCyclomaticComplexity="5" maxCrapScore="30" minCrapScore="30" visitedClasses="0" numClasses="0" visitedMethods="0" numMethods="1" />
              <MetadataToken>100664301</MetadataToken>
              <Name>Xunit.DiaNavigationData Xunit.DiaSession::GetNavigationData(System.String,System.String,System.String)</Name>
              <FileRef uid="230" />
              <SequencePoints>
                <SequencePoint vc="0" uspid="6534" ordinal="0" offset="0" sl="49" sc="13" el="49" ec="35" bec="2" bev="0" fileid="230" />
                <SequencePoint vc="0" uspid="6535" ordinal="1" offset="11" sl="54" sc="21" el="54" ec="53" bec="0" bev="0" fileid="230" />
                <SequencePoint vc="0" uspid="6536" ordinal="2" offset="20" sl="55" sc="21" el="55" ec="34" bec="2" bev="0" fileid="230" />
                <SequencePoint vc="0" uspid="6537" ordinal="3" offset="24" sl="56" sc="25" el="56" ec="63" bec="0" bev="0" fileid="230" />
                <SequencePoint vc="0" uspid="6538" ordinal="4" offset="34" sl="58" sc="21" el="58" ec="78" bec="2" bev="0" fileid="230" />
                <SequencePoint vc="0" uspid="6539" ordinal="5" offset="48" sl="59" sc="25" el="59" ec="145" bec="0" bev="0" fileid="230" />
                <SequencePoint vc="0" uspid="6540" ordinal="6" offset="85" sl="61" sc="21" el="61" ec="136" bec="0" bev="0" fileid="230" />
                <SequencePoint vc="0" uspid="6541" ordinal="7" offset="122" sl="62" sc="21" el="62" ec="38" bec="2" bev="0" fileid="230" />
                <SequencePoint vc="0" uspid="6542" ordinal="8" offset="125" sl="63" sc="25" el="63" ec="37" bec="0" bev="0" fileid="230" />
                <SequencePoint vc="0" uspid="6543" ordinal="9" offset="129" sl="65" sc="21" el="65" ec="49" bec="0" bev="0" fileid="230" />
                <SequencePoint vc="0" uspid="6544" ordinal="10" offset="136" sl="66" sc="21" el="70" ec="23" bec="0" bev="0" fileid="230" />
                <SequencePoint vc="0" uspid="6545" ordinal="11" offset="190" sl="72" sc="17" el="72" ec="22" bec="0" bev="0" fileid="230" />
                <SequencePoint vc="0" uspid="6546" ordinal="12" offset="191" sl="74" sc="21" el="74" ec="45" bec="0" bev="0" fileid="230" />
                <SequencePoint vc="0" uspid="6547" ordinal="13" offset="198" sl="75" sc="17" el="75" ec="18" bec="0" bev="0" fileid="230" />
                <SequencePoint vc="0" uspid="6548" ordinal="14" offset="200" sl="79" sc="13" el="79" ec="25" bec="0" bev="0" fileid="230" />
                <SequencePoint vc="0" uspid="6549" ordinal="15" offset="202" sl="80" sc="9" el="80" ec="10" bec="0" bev="0" fileid="230" />
              </SequencePoints>
              <BranchPoints>
                <BranchPoint vc="0" uspid="6550" ordinal="0" offset="6" sl="49" path="0" offsetend="11" fileid="230" />
                <BranchPoint vc="0" uspid="6551" ordinal="1" offset="6" sl="49" path="1" offsetend="200" fileid="230" />
                <BranchPoint vc="0" uspid="6552" ordinal="2" offset="22" sl="55" path="0" offsetend="24" fileid="230" />
                <BranchPoint vc="0" uspid="6553" ordinal="3" offset="22" sl="55" path="1" offsetend="34" fileid="230" />
                <BranchPoint vc="0" uspid="6554" ordinal="4" offset="46" sl="58" path="0" offsetend="48" fileid="230" />
                <BranchPoint vc="0" uspid="6555" ordinal="5" offset="46" sl="58" path="1" offsetend="85" fileid="230" />
                <BranchPoint vc="0" uspid="6556" ordinal="6" offset="123" sl="62" path="0" offsetend="125" fileid="230" />
                <BranchPoint vc="0" uspid="6557" ordinal="7" offset="123" sl="62" path="1" offsetend="129" fileid="230" />
              </BranchPoints>
              <MethodPoint xsi:type="SequencePoint" vc="0" uspid="6534" ordinal="0" offset="0" sl="49" sc="13" el="49" ec="35" bec="2" bev="0" fileid="230" />
            </Method>
          </Methods>
        </Class>
        <Class>
          <Summary numSequencePoints="12" visitedSequencePoints="0" numBranchPoints="3" visitedBranchPoints="0" sequenceCoverage="0" branchCoverage="0" maxCyclomaticComplexity="1" minCyclomaticComplexity="1" maxCrapScore="2" minCrapScore="2" visitedClasses="0" numClasses="1" visitedMethods="0" numMethods="3" />
          <FullName>Xunit.DiaSessionWrapper</FullName>
          <Methods>
            <Method visited="false" cyclomaticComplexity="1" nPathComplexity="0" sequenceCoverage="0" branchCoverage="0" crapScore="2" isConstructor="true" isStatic="false" isGetter="false" isSetter="false">
              <Summary numSequencePoints="6" visitedSequencePoints="0" numBranchPoints="1" visitedBranchPoints="0" sequenceCoverage="0" branchCoverage="0" maxCyclomaticComplexity="1" minCyclomaticComplexity="1" maxCrapScore="2" minCrapScore="2" visitedClasses="0" numClasses="0" visitedMethods="0" numMethods="1" />
              <MetadataToken>100664302</MetadataToken>
              <Name>System.Void Xunit.DiaSessionWrapper::.ctor(System.String)</Name>
              <FileRef uid="231" />
              <SequencePoints>
                <SequencePoint vc="0" uspid="6558" ordinal="0" offset="0" sl="15" sc="9" el="15" ec="58" bec="0" bev="0" fileid="231" />
                <SequencePoint vc="0" uspid="6559" ordinal="1" offset="6" sl="17" sc="13" el="17" ec="56" bec="0" bev="0" fileid="231" />
                <SequencePoint vc="0" uspid="6560" ordinal="2" offset="18" sl="19" sc="13" el="19" ec="96" bec="0" bev="0" fileid="231" />
                <SequencePoint vc="0" uspid="6561" ordinal="3" offset="39" sl="21" sc="13" el="21" ec="99" bec="0" bev="0" fileid="231" />
                <SequencePoint vc="0" uspid="6562" ordinal="4" offset="54" sl="22" sc="13" el="22" ec="189" bec="0" bev="0" fileid="231" />
                <SequencePoint vc="0" uspid="6563" ordinal="5" offset="116" sl="23" sc="9" el="23" ec="10" bec="0" bev="0" fileid="231" />
              </SequencePoints>
              <BranchPoints />
              <MethodPoint xsi:type="SequencePoint" vc="0" uspid="6558" ordinal="0" offset="0" sl="15" sc="9" el="15" ec="58" bec="0" bev="0" fileid="231" />
            </Method>
            <Method visited="false" cyclomaticComplexity="1" nPathComplexity="0" sequenceCoverage="0" branchCoverage="0" crapScore="2" isConstructor="false" isStatic="false" isGetter="false" isSetter="false">
              <Summary numSequencePoints="3" visitedSequencePoints="0" numBranchPoints="1" visitedBranchPoints="0" sequenceCoverage="0" branchCoverage="0" maxCyclomaticComplexity="1" minCyclomaticComplexity="1" maxCrapScore="2" minCrapScore="2" visitedClasses="0" numClasses="0" visitedMethods="0" numMethods="1" />
              <MetadataToken>100664303</MetadataToken>
              <Name>Xunit.DiaNavigationData Xunit.DiaSessionWrapper::GetNavigationData(System.String,System.String)</Name>
              <FileRef uid="231" />
              <SequencePoints>
                <SequencePoint vc="0" uspid="6564" ordinal="0" offset="0" sl="27" sc="13" el="27" ec="67" bec="0" bev="0" fileid="231" />
                <SequencePoint vc="0" uspid="6565" ordinal="1" offset="12" sl="28" sc="13" el="28" ec="88" bec="0" bev="0" fileid="231" />
                <SequencePoint vc="0" uspid="6566" ordinal="2" offset="29" sl="29" sc="13" el="29" ec="92" bec="0" bev="0" fileid="231" />
              </SequencePoints>
              <BranchPoints />
              <MethodPoint xsi:type="SequencePoint" vc="0" uspid="6564" ordinal="0" offset="0" sl="27" sc="13" el="27" ec="67" bec="0" bev="0" fileid="231" />
            </Method>
            <Method visited="false" cyclomaticComplexity="1" nPathComplexity="0" sequenceCoverage="0" branchCoverage="0" crapScore="2" isConstructor="false" isStatic="false" isGetter="false" isSetter="false">
              <Summary numSequencePoints="3" visitedSequencePoints="0" numBranchPoints="1" visitedBranchPoints="0" sequenceCoverage="0" branchCoverage="0" maxCyclomaticComplexity="1" minCyclomaticComplexity="1" maxCrapScore="2" minCrapScore="2" visitedClasses="0" numClasses="0" visitedMethods="0" numMethods="1" />
              <MetadataToken>100664304</MetadataToken>
              <Name>System.Void Xunit.DiaSessionWrapper::Dispose()</Name>
              <FileRef uid="231" />
              <SequencePoints>
                <SequencePoint vc="0" uspid="6567" ordinal="0" offset="0" sl="34" sc="13" el="34" ec="31" bec="0" bev="0" fileid="231" />
                <SequencePoint vc="0" uspid="6568" ordinal="1" offset="11" sl="35" sc="13" el="35" ec="40" bec="0" bev="0" fileid="231" />
                <SequencePoint vc="0" uspid="6569" ordinal="2" offset="22" sl="36" sc="9" el="36" ec="10" bec="0" bev="0" fileid="231" />
              </SequencePoints>
              <BranchPoints />
              <MethodPoint xsi:type="SequencePoint" vc="0" uspid="6567" ordinal="0" offset="0" sl="34" sc="13" el="34" ec="31" bec="0" bev="0" fileid="231" />
            </Method>
          </Methods>
        </Class>
        <Class>
          <Summary numSequencePoints="63" visitedSequencePoints="0" numBranchPoints="27" visitedBranchPoints="0" sequenceCoverage="0" branchCoverage="0" maxCyclomaticComplexity="6" minCyclomaticComplexity="1" maxCrapScore="42" minCrapScore="2" visitedClasses="0" numClasses="1" visitedMethods="0" numMethods="5" />
          <FullName>Xunit.DiaSessionWrapperHelper</FullName>
          <Methods>
            <Method visited="false" cyclomaticComplexity="5" nPathComplexity="16" sequenceCoverage="0" branchCoverage="0" crapScore="30" isConstructor="true" isStatic="false" isGetter="false" isSetter="false">
              <Summary numSequencePoints="19" visitedSequencePoints="0" numBranchPoints="9" visitedBranchPoints="0" sequenceCoverage="0" branchCoverage="0" maxCyclomaticComplexity="5" minCyclomaticComplexity="5" maxCrapScore="30" minCrapScore="30" visitedClasses="0" numClasses="0" visitedMethods="0" numMethods="1" />
              <MetadataToken>100664305</MetadataToken>
              <Name>System.Void Xunit.DiaSessionWrapperHelper::.ctor(System.String)</Name>
              <FileRef uid="232" />
              <SequencePoints>
                <SequencePoint vc="0" uspid="6570" ordinal="0" offset="0" sl="19" sc="9" el="19" ec="64" bec="0" bev="0" fileid="232" />
                <SequencePoint vc="0" uspid="6571" ordinal="1" offset="12" sl="23" sc="17" el="23" ec="78" bec="0" bev="0" fileid="232" />
                <SequencePoint vc="0" uspid="6572" ordinal="2" offset="24" sl="24" sc="17" el="24" ec="84" bec="0" bev="0" fileid="232" />
                <SequencePoint vc="0" uspid="6573" ordinal="3" offset="36" sl="26" sc="17" el="53" ec="19" bec="0" bev="0" fileid="232" />
                <SequencePoint vc="0" uspid="6574" ordinal="4" offset="58" sl="54" sc="13" el="54" ec="14" bec="0" bev="0" fileid="232" />
                <SequencePoint vc="0" uspid="6575" ordinal="5" offset="60" sl="55" sc="13" el="55" ec="18" bec="0" bev="0" fileid="232" />
                <SequencePoint vc="0" uspid="6576" ordinal="6" offset="61" sl="55" sc="21" el="55" ec="22" bec="0" bev="0" fileid="232" />
                <SequencePoint vc="0" uspid="6577" ordinal="7" offset="63" sl="57" sc="13" el="57" ec="34" bec="2" bev="0" fileid="232" />
                <SequencePoint vc="0" uspid="6578" ordinal="8" offset="77" sl="59" sc="17" el="59" ec="37" bec="0" bev="0" fileid="232" />
                <SequencePoint vc="0" uspid="6579" ordinal="9" offset="79" sl="63" sc="21" el="63" ec="49" bec="0" bev="0" fileid="232" />
                <SequencePoint vc="0" uspid="6580" ordinal="10" offset="91" sl="64" sc="17" el="64" ec="18" bec="0" bev="0" fileid="232" />
                <SequencePoint vc="0" uspid="6581" ordinal="11" offset="93" sl="67" sc="21" el="67" ec="38" bec="0" bev="0" fileid="232" />
                <SequencePoint vc="0" uspid="6582" ordinal="12" offset="99" sl="68" sc="17" el="68" ec="18" bec="0" bev="0" fileid="232" />
                <SequencePoint vc="0" uspid="6583" ordinal="13" offset="101" sl="69" sc="17" el="69" ec="22" bec="0" bev="0" fileid="232" />
                <SequencePoint vc="0" uspid="6584" ordinal="14" offset="102" sl="69" sc="25" el="69" ec="26" bec="0" bev="0" fileid="232" />
                <SequencePoint vc="0" uspid="6585" ordinal="15" offset="104" sl="71" sc="17" el="71" ec="35" bec="2" bev="0" fileid="232" />
                <SequencePoint vc="0" uspid="6586" ordinal="16" offset="107" sl="72" sc="21" el="73" ec="92" bec="4" bev="0" fileid="232" />
                <SequencePoint vc="0" uspid="6587" ordinal="17" offset="188" sl="75" sc="21" el="75" ec="66" bec="0" bev="0" fileid="232" />
                <SequencePoint vc="0" uspid="6588" ordinal="18" offset="199" sl="77" sc="9" el="77" ec="10" bec="0" bev="0" fileid="232" />
              </SequencePoints>
              <BranchPoints>
                <BranchPoint vc="0" uspid="6589" ordinal="0" offset="75" sl="57" path="0" offsetend="77" fileid="232" />
                <BranchPoint vc="0" uspid="6590" ordinal="1" offset="75" sl="57" path="1" offsetend="199" fileid="232" />
                <BranchPoint vc="0" uspid="6591" ordinal="2" offset="105" sl="71" path="0" offsetend="107" fileid="232" />
                <BranchPoint vc="0" uspid="6592" ordinal="3" offset="105" sl="71" path="1" offsetend="188" fileid="232" />
                <BranchPoint vc="0" uspid="6593" ordinal="4" offset="115" sl="72" path="0" offsetend="117" fileid="232" />
                <BranchPoint vc="0" uspid="6594" ordinal="5" offset="115" sl="72" path="1" offsetend="140" fileid="232" />
                <BranchPoint vc="0" uspid="6595" ordinal="6" offset="151" sl="72" path="0" offsetend="153" fileid="232" />
                <BranchPoint vc="0" uspid="6596" ordinal="7" offset="151" sl="72" path="1" offsetend="176" fileid="232" />
              </BranchPoints>
              <MethodPoint xsi:type="SequencePoint" vc="0" uspid="6570" ordinal="0" offset="0" sl="19" sc="9" el="19" ec="64" bec="0" bev="0" fileid="232" />
            </Method>
            <Method visited="false" cyclomaticComplexity="1" nPathComplexity="0" sequenceCoverage="0" branchCoverage="0" crapScore="2" isConstructor="false" isStatic="true" isGetter="false" isSetter="false">
              <Summary numSequencePoints="1" visitedSequencePoints="0" numBranchPoints="1" visitedBranchPoints="0" sequenceCoverage="0" branchCoverage="0" maxCyclomaticComplexity="1" minCyclomaticComplexity="1" maxCrapScore="2" minCrapScore="2" visitedClasses="0" numClasses="0" visitedMethods="0" numMethods="1" />
              <MetadataToken>100664306</MetadataToken>
              <Name>System.Type Xunit.DiaSessionWrapperHelper::GetStateMachineType_NoOp(System.Reflection.MethodInfo)</Name>
              <FileRef uid="232" />
              <SequencePoints>
                <SequencePoint vc="0" uspid="6597" ordinal="0" offset="0" sl="81" sc="13" el="81" ec="25" bec="0" bev="0" fileid="232" />
              </SequencePoints>
              <BranchPoints />
              <MethodPoint xsi:type="SequencePoint" vc="0" uspid="6597" ordinal="0" offset="0" sl="81" sc="13" el="81" ec="25" bec="0" bev="0" fileid="232" />
            </Method>
            <Method visited="false" cyclomaticComplexity="3" nPathComplexity="4" sequenceCoverage="0" branchCoverage="0" crapScore="12" isConstructor="false" isStatic="true" isGetter="false" isSetter="false">
              <Summary numSequencePoints="27" visitedSequencePoints="0" numBranchPoints="5" visitedBranchPoints="0" sequenceCoverage="0" branchCoverage="0" maxCyclomaticComplexity="3" minCyclomaticComplexity="3" maxCrapScore="12" minCrapScore="12" visitedClasses="0" numClasses="0" visitedMethods="0" numMethods="1" />
              <MetadataToken>100664307</MetadataToken>
              <Name>System.Func`2&lt;System.Reflection.MethodInfo,System.Type&gt; Xunit.DiaSessionWrapperHelper::InitializeGetStateMachineType()</Name>
              <FileRef uid="232" />
              <SequencePoints>
                <SequencePoint vc="0" uspid="6598" ordinal="0" offset="0" sl="86" sc="13" el="86" ec="122" bec="0" bev="0" fileid="232" />
                <SequencePoint vc="0" uspid="6599" ordinal="1" offset="11" sl="87" sc="13" el="87" ec="52" bec="2" bev="0" fileid="232" />
                <SequencePoint vc="0" uspid="6600" ordinal="2" offset="20" sl="88" sc="17" el="88" ec="49" bec="0" bev="0" fileid="232" />
                <SequencePoint vc="0" uspid="6601" ordinal="3" offset="33" sl="90" sc="13" el="90" ec="135" bec="0" bev="0" fileid="232" />
                <SequencePoint vc="0" uspid="6602" ordinal="4" offset="59" sl="91" sc="13" el="91" ec="63" bec="2" bev="0" fileid="232" />
                <SequencePoint vc="0" uspid="6603" ordinal="5" offset="68" sl="92" sc="17" el="92" ec="49" bec="0" bev="0" fileid="232" />
                <SequencePoint vc="0" uspid="6604" ordinal="6" offset="81" sl="95" sc="13" el="95" ec="72" bec="0" bev="0" fileid="232" />
                <SequencePoint vc="0" uspid="6605" ordinal="7" offset="92" sl="96" sc="13" el="96" ec="54" bec="0" bev="0" fileid="232" />
                <SequencePoint vc="0" uspid="6606" ordinal="8" offset="102" sl="97" sc="13" el="97" ec="54" bec="0" bev="0" fileid="232" />
                <SequencePoint vc="0" uspid="6607" ordinal="9" offset="113" sl="98" sc="13" el="98" ec="46" bec="0" bev="0" fileid="232" />
                <SequencePoint vc="0" uspid="6608" ordinal="10" offset="125" sl="99" sc="13" el="99" ec="42" bec="0" bev="0" fileid="232" />
                <SequencePoint vc="0" uspid="6609" ordinal="11" offset="137" sl="100" sc="13" el="100" ec="54" bec="0" bev="0" fileid="232" />
                <SequencePoint vc="0" uspid="6610" ordinal="12" offset="149" sl="103" sc="13" el="103" ec="78" bec="0" bev="0" fileid="232" />
                <SequencePoint vc="0" uspid="6611" ordinal="13" offset="161" sl="106" sc="13" el="111" ec="15" bec="0" bev="0" fileid="232" />
                <SequencePoint vc="0" uspid="6612" ordinal="14" offset="197" sl="114" sc="13" el="114" ec="87" bec="0" bev="0" fileid="232" />
                <SequencePoint vc="0" uspid="6613" ordinal="15" offset="210" sl="115" sc="13" el="115" ec="89" bec="0" bev="0" fileid="232" />
                <SequencePoint vc="0" uspid="6614" ordinal="16" offset="222" sl="116" sc="13" el="116" ec="116" bec="0" bev="0" fileid="232" />
                <SequencePoint vc="0" uspid="6615" ordinal="17" offset="230" sl="117" sc="13" el="117" ec="116" bec="0" bev="0" fileid="232" />
                <SequencePoint vc="0" uspid="6616" ordinal="18" offset="237" sl="118" sc="13" el="118" ec="134" bec="0" bev="0" fileid="232" />
                <SequencePoint vc="0" uspid="6617" ordinal="19" offset="255" sl="122" sc="13" el="127" ec="15" bec="0" bev="0" fileid="232" />
                <SequencePoint vc="0" uspid="6618" ordinal="20" offset="293" sl="130" sc="13" el="130" ec="108" bec="0" bev="0" fileid="232" />
                <SequencePoint vc="0" uspid="6619" ordinal="21" offset="309" sl="133" sc="13" el="133" ec="95" bec="0" bev="0" fileid="232" />
                <SequencePoint vc="0" uspid="6620" ordinal="22" offset="319" sl="134" sc="13" el="134" ec="131" bec="0" bev="0" fileid="232" />
                <SequencePoint vc="0" uspid="6621" ordinal="23" offset="355" sl="135" sc="13" el="135" ec="104" bec="0" bev="0" fileid="232" />
                <SequencePoint vc="0" uspid="6622" ordinal="24" offset="365" sl="136" sc="13" el="136" ec="115" bec="0" bev="0" fileid="232" />
                <SequencePoint vc="0" uspid="6623" ordinal="25" offset="374" sl="142" sc="13" el="146" ec="15" bec="0" bev="0" fileid="232" />
                <SequencePoint vc="0" uspid="6624" ordinal="26" offset="391" sl="148" sc="13" el="148" ec="98" bec="0" bev="0" fileid="232" />
              </SequencePoints>
              <BranchPoints>
                <BranchPoint vc="0" uspid="6625" ordinal="0" offset="18" sl="87" path="0" offsetend="20" fileid="232" />
                <BranchPoint vc="0" uspid="6626" ordinal="1" offset="18" sl="87" path="1" offsetend="33" fileid="232" />
                <BranchPoint vc="0" uspid="6627" ordinal="2" offset="66" sl="91" path="0" offsetend="68" fileid="232" />
                <BranchPoint vc="0" uspid="6628" ordinal="3" offset="66" sl="91" path="1" offsetend="81" fileid="232" />
              </BranchPoints>
              <MethodPoint xsi:type="SequencePoint" vc="0" uspid="6598" ordinal="0" offset="0" sl="86" sc="13" el="86" ec="122" bec="0" bev="0" fileid="232" />
            </Method>
            <Method visited="false" cyclomaticComplexity="6" nPathComplexity="32" sequenceCoverage="0" branchCoverage="0" crapScore="42" isConstructor="false" isStatic="false" isGetter="false" isSetter="false">
              <Summary numSequencePoints="15" visitedSequencePoints="0" numBranchPoints="11" visitedBranchPoints="0" sequenceCoverage="0" branchCoverage="0" maxCyclomaticComplexity="6" minCyclomaticComplexity="6" maxCrapScore="42" minCrapScore="42" visitedClasses="0" numClasses="0" visitedMethods="0" numMethods="1" />
              <MetadataToken>100664308</MetadataToken>
              <Name>System.Void Xunit.DiaSessionWrapperHelper::Normalize(System.String&amp;,System.String&amp;,System.String&amp;)</Name>
              <FileRef uid="232" />
              <SequencePoints>
                <SequencePoint vc="0" uspid="6629" ordinal="0" offset="0" sl="155" sc="17" el="155" ec="38" bec="2" bev="0" fileid="232" />
                <SequencePoint vc="0" uspid="6630" ordinal="1" offset="14" sl="156" sc="21" el="156" ec="28" bec="0" bev="0" fileid="232" />
                <SequencePoint vc="0" uspid="6631" ordinal="2" offset="16" sl="159" sc="17" el="159" ec="81" bec="3" bev="0" fileid="232" />
                <SequencePoint vc="0" uspid="6632" ordinal="3" offset="42" sl="161" sc="21" el="161" ec="68" bec="0" bev="0" fileid="232" />
                <SequencePoint vc="0" uspid="6633" ordinal="4" offset="51" sl="162" sc="21" el="162" ec="40" bec="2" bev="0" fileid="232" />
                <SequencePoint vc="0" uspid="6634" ordinal="5" offset="60" sl="165" sc="25" el="165" ec="66" bec="0" bev="0" fileid="232" />
                <SequencePoint vc="0" uspid="6635" ordinal="6" offset="73" sl="166" sc="25" el="166" ec="79" bec="0" bev="0" fileid="232" />
                <SequencePoint vc="0" uspid="6636" ordinal="7" offset="91" sl="170" sc="25" el="170" ec="77" bec="0" bev="0" fileid="232" />
                <SequencePoint vc="0" uspid="6637" ordinal="8" offset="103" sl="171" sc="25" el="171" ec="54" bec="2" bev="0" fileid="232" />
                <SequencePoint vc="0" uspid="6638" ordinal="9" offset="112" sl="173" sc="29" el="173" ec="66" bec="0" bev="0" fileid="232" />
                <SequencePoint vc="0" uspid="6639" ordinal="10" offset="120" sl="174" sc="29" el="174" ec="53" bec="0" bev="0" fileid="232" />
                <SequencePoint vc="0" uspid="6640" ordinal="11" offset="127" sl="178" sc="13" el="178" ec="14" bec="0" bev="0" fileid="232" />
                <SequencePoint vc="0" uspid="6641" ordinal="12" offset="129" sl="179" sc="13" el="179" ec="18" bec="0" bev="0" fileid="232" />
                <SequencePoint vc="0" uspid="6642" ordinal="13" offset="130" sl="179" sc="21" el="179" ec="22" bec="0" bev="0" fileid="232" />
                <SequencePoint vc="0" uspid="6643" ordinal="14" offset="132" sl="180" sc="9" el="180" ec="10" bec="0" bev="0" fileid="232" />
              </SequencePoints>
              <BranchPoints>
                <BranchPoint vc="0" uspid="6644" ordinal="0" offset="12" sl="155" path="0" offsetend="14" fileid="232" />
                <BranchPoint vc="0" uspid="6645" ordinal="1" offset="12" sl="155" path="1" offsetend="16" fileid="232" />
                <BranchPoint vc="0" uspid="6646" ordinal="2" offset="31" sl="159" path="0" offsetend="33" fileid="232" />
                <BranchPoint vc="0" uspid="6647" ordinal="3" offset="31" sl="159" path="1" offsetend="127" fileid="232" />
                <BranchPoint vc="0" uspid="6648" ordinal="4" offset="40" sl="159" path="0" offsetend="42" fileid="232" />
                <BranchPoint vc="0" uspid="6649" ordinal="5" offset="40" sl="159" path="1" offsetend="127" fileid="232" />
                <BranchPoint vc="0" uspid="6650" ordinal="6" offset="58" sl="162" path="0" offsetend="60" fileid="232" />
                <BranchPoint vc="0" uspid="6651" ordinal="7" offset="58" sl="162" path="1" offsetend="127" fileid="232" />
                <BranchPoint vc="0" uspid="6652" ordinal="8" offset="110" sl="171" path="0" offsetend="112" fileid="232" />
                <BranchPoint vc="0" uspid="6653" ordinal="9" offset="110" sl="171" path="1" offsetend="127" fileid="232" />
              </BranchPoints>
              <MethodPoint xsi:type="SequencePoint" vc="0" uspid="6629" ordinal="0" offset="0" sl="155" sc="17" el="155" ec="38" bec="2" bev="0" fileid="232" />
            </Method>
            <Method visited="false" cyclomaticComplexity="1" nPathComplexity="0" sequenceCoverage="0" branchCoverage="0" crapScore="2" isConstructor="true" isStatic="true" isGetter="false" isSetter="false">
              <Summary numSequencePoints="1" visitedSequencePoints="0" numBranchPoints="1" visitedBranchPoints="0" sequenceCoverage="0" branchCoverage="0" maxCyclomaticComplexity="1" minCyclomaticComplexity="1" maxCrapScore="2" minCrapScore="2" visitedClasses="0" numClasses="0" visitedMethods="0" numMethods="1" />
              <MetadataToken>100664309</MetadataToken>
              <Name>System.Void Xunit.DiaSessionWrapperHelper::.cctor()</Name>
              <FileRef uid="232" />
              <SequencePoints>
                <SequencePoint vc="0" uspid="6654" ordinal="0" offset="0" sl="14" sc="9" el="14" ec="102" bec="0" bev="0" fileid="232" />
              </SequencePoints>
              <BranchPoints />
              <MethodPoint xsi:type="SequencePoint" vc="0" uspid="6654" ordinal="0" offset="0" sl="14" sc="9" el="14" ec="102" bec="0" bev="0" fileid="232" />
            </Method>
          </Methods>
        </Class>
        <Class>
          <Summary numSequencePoints="7" visitedSequencePoints="0" numBranchPoints="1" visitedBranchPoints="0" sequenceCoverage="0" branchCoverage="0" maxCyclomaticComplexity="1" minCyclomaticComplexity="1" maxCrapScore="2" minCrapScore="2" visitedClasses="0" numClasses="1" visitedMethods="0" numMethods="1" />
          <FullName>Xunit.DiaSessionWrapperHelper/&lt;&gt;c__DisplayClass3_0</FullName>
          <Methods>
            <Method visited="false" cyclomaticComplexity="1" nPathComplexity="0" sequenceCoverage="0" branchCoverage="0" crapScore="2" isConstructor="true" isStatic="false" isGetter="false" isSetter="false">
              <Summary numSequencePoints="0" visitedSequencePoints="0" numBranchPoints="0" visitedBranchPoints="0" sequenceCoverage="0" branchCoverage="0" maxCyclomaticComplexity="1" minCyclomaticComplexity="1" maxCrapScore="2" minCrapScore="2" visitedClasses="0" numClasses="0" visitedMethods="0" numMethods="0" />
              <MetadataToken>100665071</MetadataToken>
              <Name>System.Void Xunit.DiaSessionWrapperHelper/&lt;&gt;c__DisplayClass3_0::.ctor()</Name>
              <SequencePoints />
              <BranchPoints />
              <MethodPoint vc="0" uspid="6655" ordinal="0" offset="0" />
            </Method>
            <Method visited="false" cyclomaticComplexity="1" nPathComplexity="0" sequenceCoverage="0" branchCoverage="0" crapScore="2" isConstructor="false" isStatic="false" isGetter="false" isSetter="false">
              <Summary numSequencePoints="7" visitedSequencePoints="0" numBranchPoints="1" visitedBranchPoints="0" sequenceCoverage="0" branchCoverage="0" maxCyclomaticComplexity="1" minCyclomaticComplexity="1" maxCrapScore="2" minCrapScore="2" visitedClasses="0" numClasses="0" visitedMethods="0" numMethods="1" />
              <MetadataToken>100665072</MetadataToken>
              <Name>System.Reflection.Assembly Xunit.DiaSessionWrapperHelper/&lt;&gt;c__DisplayClass3_0::&lt;.ctor&gt;b__0(System.Object,System.ResolveEventArgs)</Name>
              <FileRef uid="232" />
              <SequencePoints>
                <SequencePoint vc="0" uspid="6656" ordinal="0" offset="0" sl="31" sc="25" el="31" ec="83" bec="0" bev="0" fileid="232" />
                <SequencePoint vc="0" uspid="6657" ordinal="1" offset="16" sl="32" sc="25" el="32" ec="66" bec="0" bev="0" fileid="232" />
                <SequencePoint vc="0" uspid="6658" ordinal="2" offset="24" sl="34" sc="21" el="34" ec="26" bec="0" bev="0" fileid="232" />
                <SequencePoint vc="0" uspid="6659" ordinal="3" offset="25" sl="40" sc="29" el="45" ec="31" bec="0" bev="0" fileid="232" />
                <SequencePoint vc="0" uspid="6660" ordinal="4" offset="70" sl="47" sc="25" el="47" ec="30" bec="0" bev="0" fileid="232" />
                <SequencePoint vc="0" uspid="6661" ordinal="5" offset="71" sl="50" sc="29" el="50" ec="41" bec="0" bev="0" fileid="232" />
                <SequencePoint vc="0" uspid="6662" ordinal="6" offset="75" sl="53" sc="17" el="53" ec="18" bec="0" bev="0" fileid="232" />
              </SequencePoints>
              <BranchPoints />
              <MethodPoint xsi:type="SequencePoint" vc="0" uspid="6656" ordinal="0" offset="0" sl="31" sc="25" el="31" ec="83" bec="0" bev="0" fileid="232" />
            </Method>
          </Methods>
        </Class>
        <Class>
          <Summary numSequencePoints="2" visitedSequencePoints="0" numBranchPoints="4" visitedBranchPoints="0" sequenceCoverage="0" branchCoverage="0" maxCyclomaticComplexity="2" minCyclomaticComplexity="1" maxCrapScore="6" minCrapScore="2" visitedClasses="0" numClasses="1" visitedMethods="0" numMethods="2" />
          <FullName>Xunit.DiaSessionWrapperHelper/&lt;&gt;c</FullName>
          <Methods>
            <Method visited="false" cyclomaticComplexity="1" nPathComplexity="0" sequenceCoverage="0" branchCoverage="0" crapScore="2" isConstructor="true" isStatic="true" isGetter="false" isSetter="false">
              <Summary numSequencePoints="0" visitedSequencePoints="0" numBranchPoints="0" visitedBranchPoints="0" sequenceCoverage="0" branchCoverage="0" maxCyclomaticComplexity="1" minCyclomaticComplexity="1" maxCrapScore="2" minCrapScore="2" visitedClasses="0" numClasses="0" visitedMethods="0" numMethods="0" />
              <MetadataToken>100665073</MetadataToken>
              <Name>System.Void Xunit.DiaSessionWrapperHelper/&lt;&gt;c::.cctor()</Name>
              <SequencePoints />
              <BranchPoints />
              <MethodPoint vc="0" uspid="6663" ordinal="0" offset="0" />
            </Method>
            <Method visited="false" cyclomaticComplexity="1" nPathComplexity="0" sequenceCoverage="0" branchCoverage="0" crapScore="2" isConstructor="true" isStatic="false" isGetter="false" isSetter="false">
              <Summary numSequencePoints="0" visitedSequencePoints="0" numBranchPoints="0" visitedBranchPoints="0" sequenceCoverage="0" branchCoverage="0" maxCyclomaticComplexity="1" minCyclomaticComplexity="1" maxCrapScore="2" minCrapScore="2" visitedClasses="0" numClasses="0" visitedMethods="0" numMethods="0" />
              <MetadataToken>100665074</MetadataToken>
              <Name>System.Void Xunit.DiaSessionWrapperHelper/&lt;&gt;c::.ctor()</Name>
              <SequencePoints />
              <BranchPoints />
              <MethodPoint vc="0" uspid="6664" ordinal="0" offset="0" />
            </Method>
            <Method visited="false" cyclomaticComplexity="2" nPathComplexity="2" sequenceCoverage="0" branchCoverage="0" crapScore="6" isConstructor="false" isStatic="false" isGetter="false" isSetter="false">
              <Summary numSequencePoints="1" visitedSequencePoints="0" numBranchPoints="3" visitedBranchPoints="0" sequenceCoverage="0" branchCoverage="0" maxCyclomaticComplexity="2" minCyclomaticComplexity="2" maxCrapScore="6" minCrapScore="6" visitedClasses="0" numClasses="0" visitedMethods="0" numMethods="1" />
              <MetadataToken>100665075</MetadataToken>
              <Name>System.Boolean Xunit.DiaSessionWrapperHelper/&lt;&gt;c::&lt;.ctor&gt;b__3_1(System.Type)</Name>
              <FileRef uid="232" />
              <SequencePoints>
                <SequencePoint vc="0" uspid="6665" ordinal="0" offset="0" sl="72" sc="52" el="72" ec="98" bec="2" bev="0" fileid="232" />
              </SequencePoints>
              <BranchPoints>
                <BranchPoint vc="0" uspid="6666" ordinal="0" offset="7" sl="72" path="0" offsetend="9" fileid="232" />
                <BranchPoint vc="0" uspid="6667" ordinal="1" offset="7" sl="72" path="1" offsetend="24" fileid="232" />
              </BranchPoints>
              <MethodPoint xsi:type="SequencePoint" vc="0" uspid="6665" ordinal="0" offset="0" sl="72" sc="52" el="72" ec="98" bec="2" bev="0" fileid="232" />
            </Method>
            <Method visited="false" cyclomaticComplexity="1" nPathComplexity="0" sequenceCoverage="0" branchCoverage="0" crapScore="2" isConstructor="false" isStatic="false" isGetter="false" isSetter="false">
              <Summary numSequencePoints="1" visitedSequencePoints="0" numBranchPoints="1" visitedBranchPoints="0" sequenceCoverage="0" branchCoverage="0" maxCyclomaticComplexity="1" minCyclomaticComplexity="1" maxCrapScore="2" minCrapScore="2" visitedClasses="0" numClasses="0" visitedMethods="0" numMethods="1" />
              <MetadataToken>100665076</MetadataToken>
              <Name>System.String Xunit.DiaSessionWrapperHelper/&lt;&gt;c::&lt;.ctor&gt;b__3_2(System.Type)</Name>
              <FileRef uid="232" />
              <SequencePoints>
                <SequencePoint vc="0" uspid="6668" ordinal="0" offset="0" sl="73" sc="80" el="73" ec="90" bec="0" bev="0" fileid="232" />
              </SequencePoints>
              <BranchPoints />
              <MethodPoint xsi:type="SequencePoint" vc="0" uspid="6668" ordinal="0" offset="0" sl="73" sc="80" el="73" ec="90" bec="0" bev="0" fileid="232" />
            </Method>
          </Methods>
        </Class>
        <Class>
          <Summary numSequencePoints="10" visitedSequencePoints="0" numBranchPoints="10" visitedBranchPoints="0" sequenceCoverage="0" branchCoverage="0" maxCyclomaticComplexity="1" minCyclomaticComplexity="1" maxCrapScore="2" minCrapScore="2" visitedClasses="0" numClasses="1" visitedMethods="0" numMethods="10" />
          <FullName>Xunit.ExecutionSummary</FullName>
          <Methods>
            <Method visited="false" cyclomaticComplexity="1" nPathComplexity="0" sequenceCoverage="0" branchCoverage="0" crapScore="2" isConstructor="false" isStatic="false" isGetter="true" isSetter="false">
              <Summary numSequencePoints="1" visitedSequencePoints="0" numBranchPoints="1" visitedBranchPoints="0" sequenceCoverage="0" branchCoverage="0" maxCyclomaticComplexity="1" minCyclomaticComplexity="1" maxCrapScore="2" minCrapScore="2" visitedClasses="0" numClasses="0" visitedMethods="0" numMethods="1" />
              <MetadataToken>100664310</MetadataToken>
              <Name>System.Int32 Xunit.ExecutionSummary::get_Total()</Name>
              <FileRef uid="235" />
              <SequencePoints>
                <SequencePoint vc="0" uspid="6669" ordinal="0" offset="0" sl="11" sc="28" el="11" ec="32" bec="0" bev="0" fileid="235" />
              </SequencePoints>
              <BranchPoints />
              <MethodPoint xsi:type="SequencePoint" vc="0" uspid="6669" ordinal="0" offset="0" sl="11" sc="28" el="11" ec="32" bec="0" bev="0" fileid="235" />
            </Method>
            <Method visited="false" cyclomaticComplexity="1" nPathComplexity="0" sequenceCoverage="0" branchCoverage="0" crapScore="2" isConstructor="false" isStatic="false" isGetter="false" isSetter="true">
              <Summary numSequencePoints="1" visitedSequencePoints="0" numBranchPoints="1" visitedBranchPoints="0" sequenceCoverage="0" branchCoverage="0" maxCyclomaticComplexity="1" minCyclomaticComplexity="1" maxCrapScore="2" minCrapScore="2" visitedClasses="0" numClasses="0" visitedMethods="0" numMethods="1" />
              <MetadataToken>100664311</MetadataToken>
              <Name>System.Void Xunit.ExecutionSummary::set_Total(System.Int32)</Name>
              <FileRef uid="235" />
              <SequencePoints>
                <SequencePoint vc="0" uspid="6670" ordinal="0" offset="0" sl="11" sc="33" el="11" ec="37" bec="0" bev="0" fileid="235" />
              </SequencePoints>
              <BranchPoints />
              <MethodPoint xsi:type="SequencePoint" vc="0" uspid="6670" ordinal="0" offset="0" sl="11" sc="33" el="11" ec="37" bec="0" bev="0" fileid="235" />
            </Method>
            <Method visited="false" cyclomaticComplexity="1" nPathComplexity="0" sequenceCoverage="0" branchCoverage="0" crapScore="2" isConstructor="false" isStatic="false" isGetter="true" isSetter="false">
              <Summary numSequencePoints="1" visitedSequencePoints="0" numBranchPoints="1" visitedBranchPoints="0" sequenceCoverage="0" branchCoverage="0" maxCyclomaticComplexity="1" minCyclomaticComplexity="1" maxCrapScore="2" minCrapScore="2" visitedClasses="0" numClasses="0" visitedMethods="0" numMethods="1" />
              <MetadataToken>100664312</MetadataToken>
              <Name>System.Int32 Xunit.ExecutionSummary::get_Failed()</Name>
              <FileRef uid="235" />
              <SequencePoints>
                <SequencePoint vc="0" uspid="6671" ordinal="0" offset="0" sl="16" sc="29" el="16" ec="33" bec="0" bev="0" fileid="235" />
              </SequencePoints>
              <BranchPoints />
              <MethodPoint xsi:type="SequencePoint" vc="0" uspid="6671" ordinal="0" offset="0" sl="16" sc="29" el="16" ec="33" bec="0" bev="0" fileid="235" />
            </Method>
            <Method visited="false" cyclomaticComplexity="1" nPathComplexity="0" sequenceCoverage="0" branchCoverage="0" crapScore="2" isConstructor="false" isStatic="false" isGetter="false" isSetter="true">
              <Summary numSequencePoints="1" visitedSequencePoints="0" numBranchPoints="1" visitedBranchPoints="0" sequenceCoverage="0" branchCoverage="0" maxCyclomaticComplexity="1" minCyclomaticComplexity="1" maxCrapScore="2" minCrapScore="2" visitedClasses="0" numClasses="0" visitedMethods="0" numMethods="1" />
              <MetadataToken>100664313</MetadataToken>
              <Name>System.Void Xunit.ExecutionSummary::set_Failed(System.Int32)</Name>
              <FileRef uid="235" />
              <SequencePoints>
                <SequencePoint vc="0" uspid="6672" ordinal="0" offset="0" sl="16" sc="34" el="16" ec="38" bec="0" bev="0" fileid="235" />
              </SequencePoints>
              <BranchPoints />
              <MethodPoint xsi:type="SequencePoint" vc="0" uspid="6672" ordinal="0" offset="0" sl="16" sc="34" el="16" ec="38" bec="0" bev="0" fileid="235" />
            </Method>
            <Method visited="false" cyclomaticComplexity="1" nPathComplexity="0" sequenceCoverage="0" branchCoverage="0" crapScore="2" isConstructor="false" isStatic="false" isGetter="true" isSetter="false">
              <Summary numSequencePoints="1" visitedSequencePoints="0" numBranchPoints="1" visitedBranchPoints="0" sequenceCoverage="0" branchCoverage="0" maxCyclomaticComplexity="1" minCyclomaticComplexity="1" maxCrapScore="2" minCrapScore="2" visitedClasses="0" numClasses="0" visitedMethods="0" numMethods="1" />
              <MetadataToken>100664314</MetadataToken>
              <Name>System.Int32 Xunit.ExecutionSummary::get_Skipped()</Name>
              <FileRef uid="235" />
              <SequencePoints>
                <SequencePoint vc="0" uspid="6673" ordinal="0" offset="0" sl="21" sc="30" el="21" ec="34" bec="0" bev="0" fileid="235" />
              </SequencePoints>
              <BranchPoints />
              <MethodPoint xsi:type="SequencePoint" vc="0" uspid="6673" ordinal="0" offset="0" sl="21" sc="30" el="21" ec="34" bec="0" bev="0" fileid="235" />
            </Method>
            <Method visited="false" cyclomaticComplexity="1" nPathComplexity="0" sequenceCoverage="0" branchCoverage="0" crapScore="2" isConstructor="false" isStatic="false" isGetter="false" isSetter="true">
              <Summary numSequencePoints="1" visitedSequencePoints="0" numBranchPoints="1" visitedBranchPoints="0" sequenceCoverage="0" branchCoverage="0" maxCyclomaticComplexity="1" minCyclomaticComplexity="1" maxCrapScore="2" minCrapScore="2" visitedClasses="0" numClasses="0" visitedMethods="0" numMethods="1" />
              <MetadataToken>100664315</MetadataToken>
              <Name>System.Void Xunit.ExecutionSummary::set_Skipped(System.Int32)</Name>
              <FileRef uid="235" />
              <SequencePoints>
                <SequencePoint vc="0" uspid="6674" ordinal="0" offset="0" sl="21" sc="35" el="21" ec="39" bec="0" bev="0" fileid="235" />
              </SequencePoints>
              <BranchPoints />
              <MethodPoint xsi:type="SequencePoint" vc="0" uspid="6674" ordinal="0" offset="0" sl="21" sc="35" el="21" ec="39" bec="0" bev="0" fileid="235" />
            </Method>
            <Method visited="false" cyclomaticComplexity="1" nPathComplexity="0" sequenceCoverage="0" branchCoverage="0" crapScore="2" isConstructor="false" isStatic="false" isGetter="true" isSetter="false">
              <Summary numSequencePoints="1" visitedSequencePoints="0" numBranchPoints="1" visitedBranchPoints="0" sequenceCoverage="0" branchCoverage="0" maxCyclomaticComplexity="1" minCyclomaticComplexity="1" maxCrapScore="2" minCrapScore="2" visitedClasses="0" numClasses="0" visitedMethods="0" numMethods="1" />
              <MetadataToken>100664316</MetadataToken>
              <Name>System.Decimal Xunit.ExecutionSummary::get_Time()</Name>
              <FileRef uid="235" />
              <SequencePoints>
                <SequencePoint vc="0" uspid="6675" ordinal="0" offset="0" sl="26" sc="31" el="26" ec="35" bec="0" bev="0" fileid="235" />
              </SequencePoints>
              <BranchPoints />
              <MethodPoint xsi:type="SequencePoint" vc="0" uspid="6675" ordinal="0" offset="0" sl="26" sc="31" el="26" ec="35" bec="0" bev="0" fileid="235" />
            </Method>
            <Method visited="false" cyclomaticComplexity="1" nPathComplexity="0" sequenceCoverage="0" branchCoverage="0" crapScore="2" isConstructor="false" isStatic="false" isGetter="false" isSetter="true">
              <Summary numSequencePoints="1" visitedSequencePoints="0" numBranchPoints="1" visitedBranchPoints="0" sequenceCoverage="0" branchCoverage="0" maxCyclomaticComplexity="1" minCyclomaticComplexity="1" maxCrapScore="2" minCrapScore="2" visitedClasses="0" numClasses="0" visitedMethods="0" numMethods="1" />
              <MetadataToken>100664317</MetadataToken>
              <Name>System.Void Xunit.ExecutionSummary::set_Time(System.Decimal)</Name>
              <FileRef uid="235" />
              <SequencePoints>
                <SequencePoint vc="0" uspid="6676" ordinal="0" offset="0" sl="26" sc="36" el="26" ec="40" bec="0" bev="0" fileid="235" />
              </SequencePoints>
              <BranchPoints />
              <MethodPoint xsi:type="SequencePoint" vc="0" uspid="6676" ordinal="0" offset="0" sl="26" sc="36" el="26" ec="40" bec="0" bev="0" fileid="235" />
            </Method>
            <Method visited="false" cyclomaticComplexity="1" nPathComplexity="0" sequenceCoverage="0" branchCoverage="0" crapScore="2" isConstructor="false" isStatic="false" isGetter="true" isSetter="false">
              <Summary numSequencePoints="1" visitedSequencePoints="0" numBranchPoints="1" visitedBranchPoints="0" sequenceCoverage="0" branchCoverage="0" maxCyclomaticComplexity="1" minCyclomaticComplexity="1" maxCrapScore="2" minCrapScore="2" visitedClasses="0" numClasses="0" visitedMethods="0" numMethods="1" />
              <MetadataToken>100664318</MetadataToken>
              <Name>System.Int32 Xunit.ExecutionSummary::get_Errors()</Name>
              <FileRef uid="235" />
              <SequencePoints>
                <SequencePoint vc="0" uspid="6677" ordinal="0" offset="0" sl="31" sc="29" el="31" ec="33" bec="0" bev="0" fileid="235" />
              </SequencePoints>
              <BranchPoints />
              <MethodPoint xsi:type="SequencePoint" vc="0" uspid="6677" ordinal="0" offset="0" sl="31" sc="29" el="31" ec="33" bec="0" bev="0" fileid="235" />
            </Method>
            <Method visited="false" cyclomaticComplexity="1" nPathComplexity="0" sequenceCoverage="0" branchCoverage="0" crapScore="2" isConstructor="false" isStatic="false" isGetter="false" isSetter="true">
              <Summary numSequencePoints="1" visitedSequencePoints="0" numBranchPoints="1" visitedBranchPoints="0" sequenceCoverage="0" branchCoverage="0" maxCyclomaticComplexity="1" minCyclomaticComplexity="1" maxCrapScore="2" minCrapScore="2" visitedClasses="0" numClasses="0" visitedMethods="0" numMethods="1" />
              <MetadataToken>100664319</MetadataToken>
              <Name>System.Void Xunit.ExecutionSummary::set_Errors(System.Int32)</Name>
              <FileRef uid="235" />
              <SequencePoints>
                <SequencePoint vc="0" uspid="6678" ordinal="0" offset="0" sl="31" sc="34" el="31" ec="38" bec="0" bev="0" fileid="235" />
              </SequencePoints>
              <BranchPoints />
              <MethodPoint xsi:type="SequencePoint" vc="0" uspid="6678" ordinal="0" offset="0" sl="31" sc="34" el="31" ec="38" bec="0" bev="0" fileid="235" />
            </Method>
            <Method visited="false" cyclomaticComplexity="1" nPathComplexity="0" sequenceCoverage="0" branchCoverage="0" crapScore="2" isConstructor="true" isStatic="false" isGetter="false" isSetter="false">
              <Summary numSequencePoints="0" visitedSequencePoints="0" numBranchPoints="0" visitedBranchPoints="0" sequenceCoverage="0" branchCoverage="0" maxCyclomaticComplexity="1" minCyclomaticComplexity="1" maxCrapScore="2" minCrapScore="2" visitedClasses="0" numClasses="0" visitedMethods="0" numMethods="0" />
              <MetadataToken>100664320</MetadataToken>
              <Name>System.Void Xunit.ExecutionSummary::.ctor()</Name>
              <SequencePoints />
              <BranchPoints />
              <MethodPoint vc="0" uspid="6679" ordinal="0" offset="0" />
            </Method>
          </Methods>
        </Class>
        <Class>
          <Summary numSequencePoints="1" visitedSequencePoints="0" numBranchPoints="1" visitedBranchPoints="0" sequenceCoverage="0" branchCoverage="0" maxCyclomaticComplexity="1" minCyclomaticComplexity="1" maxCrapScore="2" minCrapScore="2" visitedClasses="0" numClasses="1" visitedMethods="0" numMethods="1" />
          <FullName>Xunit.LongLivedMarshalByRefObject</FullName>
          <Methods>
            <Method visited="false" cyclomaticComplexity="1" nPathComplexity="0" sequenceCoverage="0" branchCoverage="0" crapScore="2" isConstructor="false" isStatic="false" isGetter="false" isSetter="false">
              <Summary numSequencePoints="1" visitedSequencePoints="0" numBranchPoints="1" visitedBranchPoints="0" sequenceCoverage="0" branchCoverage="0" maxCyclomaticComplexity="1" minCyclomaticComplexity="1" maxCrapScore="2" minCrapScore="2" visitedClasses="0" numClasses="0" visitedMethods="0" numMethods="1" />
              <MetadataToken>100664321</MetadataToken>
              <Name>System.Object Xunit.LongLivedMarshalByRefObject::InitializeLifetimeService()</Name>
              <FileRef uid="236" />
              <SequencePoints>
                <SequencePoint vc="0" uspid="6680" ordinal="0" offset="0" sl="13" sc="13" el="13" ec="25" bec="0" bev="0" fileid="236" />
              </SequencePoints>
              <BranchPoints />
              <MethodPoint xsi:type="SequencePoint" vc="0" uspid="6680" ordinal="0" offset="0" sl="13" sc="13" el="13" ec="25" bec="0" bev="0" fileid="236" />
            </Method>
            <Method visited="false" cyclomaticComplexity="1" nPathComplexity="0" sequenceCoverage="0" branchCoverage="0" crapScore="2" isConstructor="true" isStatic="false" isGetter="false" isSetter="false">
              <Summary numSequencePoints="0" visitedSequencePoints="0" numBranchPoints="0" visitedBranchPoints="0" sequenceCoverage="0" branchCoverage="0" maxCyclomaticComplexity="1" minCyclomaticComplexity="1" maxCrapScore="2" minCrapScore="2" visitedClasses="0" numClasses="0" visitedMethods="0" numMethods="0" />
              <MetadataToken>100664322</MetadataToken>
              <Name>System.Void Xunit.LongLivedMarshalByRefObject::.ctor()</Name>
              <SequencePoints />
              <BranchPoints />
              <MethodPoint vc="0" uspid="6681" ordinal="0" offset="0" />
            </Method>
          </Methods>
        </Class>
        <Class>
          <Summary numSequencePoints="5" visitedSequencePoints="0" numBranchPoints="1" visitedBranchPoints="0" sequenceCoverage="0" branchCoverage="0" maxCyclomaticComplexity="2" minCyclomaticComplexity="2" maxCrapScore="6" minCrapScore="6" visitedClasses="0" numClasses="1" visitedMethods="0" numMethods="1" />
          <FullName>Xunit.RemotingUtility</FullName>
          <Methods>
            <Method visited="false" cyclomaticComplexity="2" nPathComplexity="0" sequenceCoverage="0" branchCoverage="0" crapScore="6" isConstructor="false" isStatic="true" isGetter="false" isSetter="false">
              <Summary numSequencePoints="5" visitedSequencePoints="0" numBranchPoints="1" visitedBranchPoints="0" sequenceCoverage="0" branchCoverage="0" maxCyclomaticComplexity="2" minCyclomaticComplexity="2" maxCrapScore="6" minCrapScore="6" visitedClasses="0" numClasses="0" visitedMethods="0" numMethods="1" />
              <MetadataToken>100664323</MetadataToken>
              <Name>System.Void Xunit.RemotingUtility::CleanUpRegisteredChannels()</Name>
              <FileRef uid="237" />
              <SequencePoints>
                <SequencePoint vc="0" uspid="6682" ordinal="0" offset="0" sl="22" sc="37" el="22" ec="104" bec="0" bev="0" fileid="237" />
                <SequencePoint vc="0" uspid="6683" ordinal="1" offset="10" sl="22" sc="22" el="22" ec="33" bec="0" bev="0" fileid="237" />
                <SequencePoint vc="0" uspid="6684" ordinal="2" offset="13" sl="23" sc="17" el="23" ec="93" bec="0" bev="0" fileid="237" />
                <SequencePoint vc="0" uspid="6685" ordinal="3" offset="22" sl="22" sc="34" el="22" ec="36" bec="0" bev="0" fileid="237" />
                <SequencePoint vc="0" uspid="6686" ordinal="4" offset="28" sl="25" sc="9" el="25" ec="10" bec="0" bev="0" fileid="237" />
              </SequencePoints>
              <BranchPoints />
              <MethodPoint xsi:type="SequencePoint" vc="0" uspid="6682" ordinal="0" offset="0" sl="22" sc="37" el="22" ec="104" bec="0" bev="0" fileid="237" />
            </Method>
          </Methods>
        </Class>
        <Class>
          <Summary numSequencePoints="32" visitedSequencePoints="0" numBranchPoints="24" visitedBranchPoints="0" sequenceCoverage="0" branchCoverage="0" maxCyclomaticComplexity="5" minCyclomaticComplexity="1" maxCrapScore="30" minCrapScore="2" visitedClasses="0" numClasses="1" visitedMethods="0" numMethods="10" />
          <FullName>Xunit.StackFrameInfo</FullName>
          <Methods>
            <Method visited="false" cyclomaticComplexity="1" nPathComplexity="0" sequenceCoverage="0" branchCoverage="0" crapScore="2" isConstructor="false" isStatic="false" isGetter="true" isSetter="false">
              <Summary numSequencePoints="1" visitedSequencePoints="0" numBranchPoints="1" visitedBranchPoints="0" sequenceCoverage="0" branchCoverage="0" maxCyclomaticComplexity="1" minCyclomaticComplexity="1" maxCrapScore="2" minCrapScore="2" visitedClasses="0" numClasses="0" visitedMethods="0" numMethods="1" />
              <MetadataToken>100664325</MetadataToken>
              <Name>System.String Xunit.StackFrameInfo::get_FileName()</Name>
              <FileRef uid="238" />
              <SequencePoints>
                <SequencePoint vc="0" uspid="6689" ordinal="0" offset="0" sl="29" sc="34" el="29" ec="38" bec="0" bev="0" fileid="238" />
              </SequencePoints>
              <BranchPoints />
              <MethodPoint xsi:type="SequencePoint" vc="0" uspid="6689" ordinal="0" offset="0" sl="29" sc="34" el="29" ec="38" bec="0" bev="0" fileid="238" />
            </Method>
            <Method visited="false" cyclomaticComplexity="1" nPathComplexity="0" sequenceCoverage="0" branchCoverage="0" crapScore="2" isConstructor="false" isStatic="false" isGetter="false" isSetter="true">
              <Summary numSequencePoints="1" visitedSequencePoints="0" numBranchPoints="1" visitedBranchPoints="0" sequenceCoverage="0" branchCoverage="0" maxCyclomaticComplexity="1" minCyclomaticComplexity="1" maxCrapScore="2" minCrapScore="2" visitedClasses="0" numClasses="0" visitedMethods="0" numMethods="1" />
              <MetadataToken>100664326</MetadataToken>
              <Name>System.Void Xunit.StackFrameInfo::set_FileName(System.String)</Name>
              <FileRef uid="238" />
              <SequencePoints>
                <SequencePoint vc="0" uspid="6690" ordinal="0" offset="0" sl="29" sc="39" el="29" ec="51" bec="0" bev="0" fileid="238" />
              </SequencePoints>
              <BranchPoints />
              <MethodPoint xsi:type="SequencePoint" vc="0" uspid="6690" ordinal="0" offset="0" sl="29" sc="39" el="29" ec="51" bec="0" bev="0" fileid="238" />
            </Method>
            <Method visited="false" cyclomaticComplexity="2" nPathComplexity="2" sequenceCoverage="0" branchCoverage="0" crapScore="6" isConstructor="false" isStatic="false" isGetter="true" isSetter="false">
              <Summary numSequencePoints="1" visitedSequencePoints="0" numBranchPoints="3" visitedBranchPoints="0" sequenceCoverage="0" branchCoverage="0" maxCyclomaticComplexity="2" minCyclomaticComplexity="2" maxCrapScore="6" minCrapScore="6" visitedClasses="0" numClasses="0" visitedMethods="0" numMethods="1" />
              <MetadataToken>100664327</MetadataToken>
              <Name>System.Boolean Xunit.StackFrameInfo::get_IsEmpty()</Name>
              <FileRef uid="238" />
              <SequencePoints>
                <SequencePoint vc="0" uspid="6691" ordinal="0" offset="0" sl="34" sc="37" el="34" ec="94" bec="2" bev="0" fileid="238" />
              </SequencePoints>
              <BranchPoints>
                <BranchPoint vc="0" uspid="6692" ordinal="0" offset="11" sl="34" path="0" offsetend="13" fileid="238" />
                <BranchPoint vc="0" uspid="6693" ordinal="1" offset="11" sl="34" path="1" offsetend="23" fileid="238" />
              </BranchPoints>
              <MethodPoint xsi:type="SequencePoint" vc="0" uspid="6691" ordinal="0" offset="0" sl="34" sc="37" el="34" ec="94" bec="2" bev="0" fileid="238" />
            </Method>
            <Method visited="false" cyclomaticComplexity="1" nPathComplexity="0" sequenceCoverage="0" branchCoverage="0" crapScore="2" isConstructor="false" isStatic="false" isGetter="true" isSetter="false">
              <Summary numSequencePoints="1" visitedSequencePoints="0" numBranchPoints="1" visitedBranchPoints="0" sequenceCoverage="0" branchCoverage="0" maxCyclomaticComplexity="1" minCyclomaticComplexity="1" maxCrapScore="2" minCrapScore="2" visitedClasses="0" numClasses="0" visitedMethods="0" numMethods="1" />
              <MetadataToken>100664328</MetadataToken>
              <Name>System.Int32 Xunit.StackFrameInfo::get_LineNumber()</Name>
              <FileRef uid="238" />
              <SequencePoints>
                <SequencePoint vc="0" uspid="6694" ordinal="0" offset="0" sl="39" sc="33" el="39" ec="37" bec="0" bev="0" fileid="238" />
              </SequencePoints>
              <BranchPoints />
              <MethodPoint xsi:type="SequencePoint" vc="0" uspid="6694" ordinal="0" offset="0" sl="39" sc="33" el="39" ec="37" bec="0" bev="0" fileid="238" />
            </Method>
            <Method visited="false" cyclomaticComplexity="1" nPathComplexity="0" sequenceCoverage="0" branchCoverage="0" crapScore="2" isConstructor="false" isStatic="false" isGetter="false" isSetter="true">
              <Summary numSequencePoints="1" visitedSequencePoints="0" numBranchPoints="1" visitedBranchPoints="0" sequenceCoverage="0" branchCoverage="0" maxCyclomaticComplexity="1" minCyclomaticComplexity="1" maxCrapScore="2" minCrapScore="2" visitedClasses="0" numClasses="0" visitedMethods="0" numMethods="1" />
              <MetadataToken>100664329</MetadataToken>
              <Name>System.Void Xunit.StackFrameInfo::set_LineNumber(System.Int32)</Name>
              <FileRef uid="238" />
              <SequencePoints>
                <SequencePoint vc="0" uspid="6695" ordinal="0" offset="0" sl="39" sc="38" el="39" ec="50" bec="0" bev="0" fileid="238" />
              </SequencePoints>
              <BranchPoints />
              <MethodPoint xsi:type="SequencePoint" vc="0" uspid="6695" ordinal="0" offset="0" sl="39" sc="38" el="39" ec="50" bec="0" bev="0" fileid="238" />
            </Method>
            <Method visited="false" cyclomaticComplexity="1" nPathComplexity="0" sequenceCoverage="0" branchCoverage="0" crapScore="2" isConstructor="true" isStatic="false" isGetter="false" isSetter="false">
              <Summary numSequencePoints="3" visitedSequencePoints="0" numBranchPoints="1" visitedBranchPoints="0" sequenceCoverage="0" branchCoverage="0" maxCyclomaticComplexity="1" minCyclomaticComplexity="1" maxCrapScore="2" minCrapScore="2" visitedClasses="0" numClasses="0" visitedMethods="0" numMethods="1" />
              <MetadataToken>100664324</MetadataToken>
              <Name>System.Void Xunit.StackFrameInfo::.ctor(System.String,System.Int32)</Name>
              <FileRef uid="238" />
              <SequencePoints>
                <SequencePoint vc="0" uspid="6696" ordinal="0" offset="0" sl="22" sc="13" el="22" ec="33" bec="0" bev="0" fileid="238" />
                <SequencePoint vc="0" uspid="6697" ordinal="1" offset="7" sl="23" sc="13" el="23" ec="37" bec="0" bev="0" fileid="238" />
                <SequencePoint vc="0" uspid="6698" ordinal="2" offset="14" sl="24" sc="9" el="24" ec="10" bec="0" bev="0" fileid="238" />
              </SequencePoints>
              <BranchPoints />
              <MethodPoint xsi:type="SequencePoint" vc="0" uspid="6696" ordinal="0" offset="0" sl="22" sc="13" el="22" ec="33" bec="0" bev="0" fileid="238" />
            </Method>
            <Method visited="false" cyclomaticComplexity="5" nPathComplexity="8" sequenceCoverage="0" branchCoverage="0" crapScore="30" isConstructor="false" isStatic="true" isGetter="false" isSetter="false">
              <Summary numSequencePoints="11" visitedSequencePoints="0" numBranchPoints="7" visitedBranchPoints="0" sequenceCoverage="0" branchCoverage="0" maxCyclomaticComplexity="5" minCyclomaticComplexity="5" maxCrapScore="30" minCrapScore="30" visitedClasses="0" numClasses="0" visitedMethods="0" numMethods="1" />
              <MetadataToken>100664330</MetadataToken>
              <Name>Xunit.StackFrameInfo Xunit.StackFrameInfo::FromFailure(Xunit.Abstractions.IFailureInformation)</Name>
              <FileRef uid="238" />
              <SequencePoints>
                <SequencePoint vc="0" uspid="6699" ordinal="0" offset="0" sl="53" sc="13" el="53" ec="37" bec="2" bev="0" fileid="238" />
                <SequencePoint vc="0" uspid="6700" ordinal="1" offset="3" sl="54" sc="17" el="54" ec="29" bec="0" bev="0" fileid="238" />
                <SequencePoint vc="0" uspid="6701" ordinal="2" offset="9" sl="56" sc="13" el="56" ec="80" bec="0" bev="0" fileid="238" />
                <SequencePoint vc="0" uspid="6702" ordinal="3" offset="16" sl="57" sc="13" el="57" ec="37" bec="2" bev="0" fileid="238" />
                <SequencePoint vc="0" uspid="6703" ordinal="4" offset="19" sl="59" sc="39" el="59" ec="129" bec="0" bev="0" fileid="238" />
                <SequencePoint vc="0" uspid="6704" ordinal="5" offset="46" sl="59" sc="26" el="59" ec="35" bec="0" bev="0" fileid="238" />
                <SequencePoint vc="0" uspid="6705" ordinal="6" offset="50" sl="61" sc="21" el="61" ec="62" bec="0" bev="0" fileid="238" />
                <SequencePoint vc="0" uspid="6706" ordinal="7" offset="63" sl="62" sc="21" el="62" ec="39" bec="2" bev="0" fileid="238" />
                <SequencePoint vc="0" uspid="6707" ordinal="8" offset="72" sl="63" sc="25" el="63" ec="118" bec="0" bev="0" fileid="238" />
                <SequencePoint vc="0" uspid="6708" ordinal="9" offset="131" sl="59" sc="36" el="59" ec="38" bec="0" bev="0" fileid="238" />
                <SequencePoint vc="0" uspid="6709" ordinal="10" offset="137" sl="67" sc="13" el="67" ec="25" bec="0" bev="0" fileid="238" />
              </SequencePoints>
              <BranchPoints>
                <BranchPoint vc="0" uspid="6710" ordinal="0" offset="1" sl="53" path="0" offsetend="3" fileid="238" />
                <BranchPoint vc="0" uspid="6711" ordinal="1" offset="1" sl="53" path="1" offsetend="9" fileid="238" />
                <BranchPoint vc="0" uspid="6712" ordinal="2" offset="17" sl="57" path="0" offsetend="19" fileid="238" />
                <BranchPoint vc="0" uspid="6713" ordinal="3" offset="17" sl="57" path="1" offsetend="137" fileid="238" />
                <BranchPoint vc="0" uspid="6714" ordinal="4" offset="70" sl="62" path="0" offsetend="72" fileid="238" />
                <BranchPoint vc="0" uspid="6715" ordinal="5" offset="70" sl="62" path="1" offsetend="127" fileid="238" />
              </BranchPoints>
              <MethodPoint xsi:type="SequencePoint" vc="0" uspid="6699" ordinal="0" offset="0" sl="53" sc="13" el="53" ec="37" bec="2" bev="0" fileid="238" />
            </Method>
            <Method visited="false" cyclomaticComplexity="4" nPathComplexity="4" sequenceCoverage="0" branchCoverage="0" crapScore="20" isConstructor="false" isStatic="true" isGetter="false" isSetter="false">
              <Summary numSequencePoints="3" visitedSequencePoints="0" numBranchPoints="5" visitedBranchPoints="0" sequenceCoverage="0" branchCoverage="0" maxCyclomaticComplexity="4" minCyclomaticComplexity="4" maxCrapScore="20" minCrapScore="20" visitedClasses="0" numClasses="0" visitedMethods="0" numMethods="1" />
              <MetadataToken>100664331</MetadataToken>
              <Name>Xunit.StackFrameInfo Xunit.StackFrameInfo::FromSourceInformation(Xunit.Abstractions.ISourceInformation)</Name>
              <FileRef uid="238" />
              <SequencePoints>
                <SequencePoint vc="0" uspid="6718" ordinal="0" offset="0" sl="78" sc="13" el="78" ec="36" bec="2" bev="0" fileid="238" />
                <SequencePoint vc="0" uspid="6719" ordinal="1" offset="3" sl="79" sc="17" el="79" ec="29" bec="0" bev="0" fileid="238" />
                <SequencePoint vc="0" uspid="6720" ordinal="2" offset="9" sl="81" sc="13" el="81" ec="88" bec="2" bev="0" fileid="238" />
              </SequencePoints>
              <BranchPoints>
                <BranchPoint vc="0" uspid="6721" ordinal="0" offset="1" sl="78" path="0" offsetend="3" fileid="238" />
                <BranchPoint vc="0" uspid="6722" ordinal="1" offset="1" sl="78" path="1" offsetend="9" fileid="238" />
                <BranchPoint vc="0" uspid="6723" ordinal="2" offset="29" sl="81" path="0" offsetend="31" fileid="238" />
                <BranchPoint vc="0" uspid="6724" ordinal="3" offset="29" sl="81" path="1" offsetend="34" fileid="238" />
              </BranchPoints>
              <MethodPoint xsi:type="SequencePoint" vc="0" uspid="6718" ordinal="0" offset="0" sl="78" sc="13" el="78" ec="36" bec="2" bev="0" fileid="238" />
            </Method>
            <Method visited="false" cyclomaticComplexity="2" nPathComplexity="2" sequenceCoverage="0" branchCoverage="0" crapScore="6" isConstructor="false" isStatic="true" isGetter="false" isSetter="false">
              <Summary numSequencePoints="8" visitedSequencePoints="0" numBranchPoints="3" visitedBranchPoints="0" sequenceCoverage="0" branchCoverage="0" maxCyclomaticComplexity="2" minCyclomaticComplexity="2" maxCrapScore="6" minCrapScore="6" visitedClasses="0" numClasses="0" visitedMethods="0" numMethods="1" />
              <MetadataToken>100664332</MetadataToken>
              <Name>System.Text.RegularExpressions.Regex Xunit.StackFrameInfo::GetStackFrameRegex()</Name>
              <FileRef uid="238" />
              <SequencePoints>
                <SequencePoint vc="0" uspid="6725" ordinal="0" offset="0" sl="89" sc="13" el="89" ec="31" bec="0" bev="0" fileid="238" />
                <SequencePoint vc="0" uspid="6726" ordinal="1" offset="6" sl="90" sc="13" el="90" ec="49" bec="0" bev="0" fileid="238" />
                <SequencePoint vc="0" uspid="6727" ordinal="2" offset="12" sl="93" sc="13" el="93" ec="183" bec="0" bev="0" fileid="238" />
                <SequencePoint vc="0" uspid="6728" ordinal="3" offset="56" sl="94" sc="13" el="94" ec="49" bec="2" bev="0" fileid="238" />
                <SequencePoint vc="0" uspid="6729" ordinal="4" offset="65" sl="96" sc="17" el="96" ec="99" bec="0" bev="0" fileid="238" />
                <SequencePoint vc="0" uspid="6730" ordinal="5" offset="92" sl="97" sc="17" el="97" ec="124" bec="0" bev="0" fileid="238" />
                <SequencePoint vc="0" uspid="6731" ordinal="6" offset="119" sl="101" sc="13" el="101" ec="101" bec="0" bev="0" fileid="238" />
                <SequencePoint vc="0" uspid="6732" ordinal="7" offset="151" sl="103" sc="13" el="103" ec="60" bec="0" bev="0" fileid="238" />
              </SequencePoints>
              <BranchPoints>
                <BranchPoint vc="0" uspid="6733" ordinal="0" offset="63" sl="94" path="0" offsetend="65" fileid="238" />
                <BranchPoint vc="0" uspid="6734" ordinal="1" offset="63" sl="94" path="1" offsetend="119" fileid="238" />
              </BranchPoints>
              <MethodPoint xsi:type="SequencePoint" vc="0" uspid="6725" ordinal="0" offset="0" sl="89" sc="13" el="89" ec="31" bec="0" bev="0" fileid="238" />
            </Method>
            <Method visited="false" cyclomaticComplexity="1" nPathComplexity="0" sequenceCoverage="0" branchCoverage="0" crapScore="2" isConstructor="true" isStatic="true" isGetter="false" isSetter="false">
              <Summary numSequencePoints="2" visitedSequencePoints="0" numBranchPoints="1" visitedBranchPoints="0" sequenceCoverage="0" branchCoverage="0" maxCyclomaticComplexity="1" minCyclomaticComplexity="1" maxCrapScore="2" minCrapScore="2" visitedClasses="0" numClasses="0" visitedMethods="0" numMethods="1" />
              <MetadataToken>100664333</MetadataToken>
              <Name>System.Void Xunit.StackFrameInfo::.cctor()</Name>
              <FileRef uid="238" />
              <SequencePoints>
                <SequencePoint vc="0" uspid="6735" ordinal="0" offset="0" sl="13" sc="9" el="13" ec="70" bec="0" bev="0" fileid="238" />
                <SequencePoint vc="0" uspid="6736" ordinal="1" offset="10" sl="44" sc="9" el="44" ec="82" bec="0" bev="0" fileid="238" />
              </SequencePoints>
              <BranchPoints />
              <MethodPoint xsi:type="SequencePoint" vc="0" uspid="6735" ordinal="0" offset="0" sl="13" sc="9" el="13" ec="70" bec="0" bev="0" fileid="238" />
            </Method>
          </Methods>
        </Class>
        <Class>
          <Summary numSequencePoints="16" visitedSequencePoints="0" numBranchPoints="15" visitedBranchPoints="0" sequenceCoverage="0" branchCoverage="0" maxCyclomaticComplexity="6" minCyclomaticComplexity="1" maxCrapScore="42" minCrapScore="2" visitedClasses="0" numClasses="1" visitedMethods="0" numMethods="3" />
          <FullName>Xunit.StackFrameTransformer</FullName>
          <Methods>
            <Method visited="false" cyclomaticComplexity="1" nPathComplexity="0" sequenceCoverage="0" branchCoverage="0" crapScore="2" isConstructor="true" isStatic="true" isGetter="false" isSetter="false">
              <Summary numSequencePoints="2" visitedSequencePoints="0" numBranchPoints="1" visitedBranchPoints="0" sequenceCoverage="0" branchCoverage="0" maxCyclomaticComplexity="1" minCyclomaticComplexity="1" maxCrapScore="2" minCrapScore="2" visitedClasses="0" numClasses="0" visitedMethods="0" numMethods="1" />
              <MetadataToken>100664334</MetadataToken>
              <Name>System.Void Xunit.StackFrameTransformer::.cctor()</Name>
              <FileRef uid="239" />
              <SequencePoints>
                <SequencePoint vc="0" uspid="6737" ordinal="0" offset="0" sl="17" sc="13" el="17" ec="93" bec="0" bev="0" fileid="239" />
                <SequencePoint vc="0" uspid="6738" ordinal="1" offset="15" sl="18" sc="9" el="18" ec="10" bec="0" bev="0" fileid="239" />
              </SequencePoints>
              <BranchPoints />
              <MethodPoint xsi:type="SequencePoint" vc="0" uspid="6737" ordinal="0" offset="0" sl="17" sc="13" el="17" ec="93" bec="0" bev="0" fileid="239" />
            </Method>
            <Method visited="false" cyclomaticComplexity="6" nPathComplexity="32" sequenceCoverage="0" branchCoverage="0" crapScore="42" isConstructor="false" isStatic="true" isGetter="false" isSetter="false">
              <Summary numSequencePoints="11" visitedSequencePoints="0" numBranchPoints="11" visitedBranchPoints="0" sequenceCoverage="0" branchCoverage="0" maxCyclomaticComplexity="6" minCyclomaticComplexity="6" maxCrapScore="42" minCrapScore="42" visitedClasses="0" numClasses="0" visitedMethods="0" numMethods="1" />
              <MetadataToken>100664335</MetadataToken>
              <Name>System.String Xunit.StackFrameTransformer::TransformFrame(System.String,System.String)</Name>
              <FileRef uid="239" />
              <SequencePoints>
                <SequencePoint vc="0" uspid="6739" ordinal="0" offset="0" sl="28" sc="13" el="28" ec="36" bec="2" bev="0" fileid="239" />
                <SequencePoint vc="0" uspid="6740" ordinal="1" offset="3" sl="29" sc="17" el="29" ec="29" bec="0" bev="0" fileid="239" />
                <SequencePoint vc="0" uspid="6741" ordinal="2" offset="5" sl="31" sc="13" el="31" ec="49" bec="0" bev="0" fileid="239" />
                <SequencePoint vc="0" uspid="6742" ordinal="3" offset="17" sl="32" sc="13" el="32" ec="38" bec="2" bev="0" fileid="239" />
                <SequencePoint vc="0" uspid="6743" ordinal="4" offset="25" sl="33" sc="17" el="33" ec="35" bec="0" bev="0" fileid="239" />
                <SequencePoint vc="0" uspid="6744" ordinal="5" offset="27" sl="35" sc="13" el="35" ec="42" bec="2" bev="0" fileid="239" />
                <SequencePoint vc="0" uspid="6745" ordinal="6" offset="30" sl="36" sc="17" el="36" ec="72" bec="0" bev="0" fileid="239" />
                <SequencePoint vc="0" uspid="6746" ordinal="7" offset="54" sl="38" sc="13" el="38" ec="51" bec="0" bev="0" fileid="239" />
                <SequencePoint vc="0" uspid="6747" ordinal="8" offset="76" sl="39" sc="13" el="39" ec="115" bec="3" bev="0" fileid="239" />
                <SequencePoint vc="0" uspid="6748" ordinal="9" offset="89" sl="40" sc="17" el="40" ec="68" bec="0" bev="0" fileid="239" />
                <SequencePoint vc="0" uspid="6749" ordinal="10" offset="104" sl="42" sc="13" el="42" ec="97" bec="0" bev="0" fileid="239" />
              </SequencePoints>
              <BranchPoints>
                <BranchPoint vc="0" uspid="6750" ordinal="0" offset="1" sl="28" path="0" offsetend="3" fileid="239" />
                <BranchPoint vc="0" uspid="6751" ordinal="1" offset="1" sl="28" path="1" offsetend="5" fileid="239" />
                <BranchPoint vc="0" uspid="6752" ordinal="2" offset="23" sl="32" path="0" offsetend="25" fileid="239" />
                <BranchPoint vc="0" uspid="6753" ordinal="3" offset="23" sl="32" path="1" offsetend="27" fileid="239" />
                <BranchPoint vc="0" uspid="6754" ordinal="4" offset="28" sl="35" path="0" offsetend="30" fileid="239" />
                <BranchPoint vc="0" uspid="6755" ordinal="5" offset="28" sl="35" path="1" offsetend="54" fileid="239" />
                <BranchPoint vc="0" uspid="6756" ordinal="6" offset="77" sl="39" path="0" offsetend="79" fileid="239" />
                <BranchPoint vc="0" uspid="6757" ordinal="7" offset="77" sl="39" path="1" offsetend="104" fileid="239" />
                <BranchPoint vc="0" uspid="6758" ordinal="8" offset="87" sl="39" path="0" offsetend="89" fileid="239" />
                <BranchPoint vc="0" uspid="6759" ordinal="9" offset="87" sl="39" path="1" offsetend="104" fileid="239" />
              </BranchPoints>
              <MethodPoint xsi:type="SequencePoint" vc="0" uspid="6739" ordinal="0" offset="0" sl="28" sc="13" el="28" ec="36" bec="2" bev="0" fileid="239" />
            </Method>
            <Method visited="false" cyclomaticComplexity="2" nPathComplexity="2" sequenceCoverage="0" branchCoverage="0" crapScore="6" isConstructor="false" isStatic="true" isGetter="false" isSetter="false">
              <Summary numSequencePoints="3" visitedSequencePoints="0" numBranchPoints="3" visitedBranchPoints="0" sequenceCoverage="0" branchCoverage="0" maxCyclomaticComplexity="2" minCyclomaticComplexity="2" maxCrapScore="6" minCrapScore="6" visitedClasses="0" numClasses="0" visitedMethods="0" numMethods="1" />
              <MetadataToken>100664336</MetadataToken>
              <Name>System.String Xunit.StackFrameTransformer::TransformStack(System.String,System.String)</Name>
              <FileRef uid="239" />
              <SequencePoints>
                <SequencePoint vc="0" uspid="6760" ordinal="0" offset="13" sl="53" sc="13" el="53" ec="31" bec="2" bev="0" fileid="239" />
                <SequencePoint vc="0" uspid="6761" ordinal="1" offset="16" sl="54" sc="17" el="54" ec="29" bec="0" bev="0" fileid="239" />
                <SequencePoint vc="0" uspid="6762" ordinal="2" offset="18" sl="56" sc="13" el="61" ec="15" bec="0" bev="0" fileid="239" />
              </SequencePoints>
              <BranchPoints>
                <BranchPoint vc="0" uspid="6763" ordinal="0" offset="14" sl="53" path="0" offsetend="16" fileid="239" />
                <BranchPoint vc="0" uspid="6764" ordinal="1" offset="14" sl="53" path="1" offsetend="18" fileid="239" />
              </BranchPoints>
              <MethodPoint vc="0" uspid="6765" ordinal="0" offset="0" />
            </Method>
          </Methods>
        </Class>
        <Class>
          <Summary numSequencePoints="1" visitedSequencePoints="0" numBranchPoints="1" visitedBranchPoints="0" sequenceCoverage="0" branchCoverage="0" maxCyclomaticComplexity="1" minCyclomaticComplexity="1" maxCrapScore="2" minCrapScore="2" visitedClasses="0" numClasses="1" visitedMethods="0" numMethods="1" />
          <FullName>Xunit.StackFrameTransformer/&lt;&gt;c__DisplayClass3_0</FullName>
          <Methods>
            <Method visited="false" cyclomaticComplexity="1" nPathComplexity="0" sequenceCoverage="0" branchCoverage="0" crapScore="2" isConstructor="true" isStatic="false" isGetter="false" isSetter="false">
              <Summary numSequencePoints="0" visitedSequencePoints="0" numBranchPoints="0" visitedBranchPoints="0" sequenceCoverage="0" branchCoverage="0" maxCyclomaticComplexity="1" minCyclomaticComplexity="1" maxCrapScore="2" minCrapScore="2" visitedClasses="0" numClasses="0" visitedMethods="0" numMethods="0" />
              <MetadataToken>100665077</MetadataToken>
              <Name>System.Void Xunit.StackFrameTransformer/&lt;&gt;c__DisplayClass3_0::.ctor()</Name>
              <SequencePoints />
              <BranchPoints />
              <MethodPoint vc="0" uspid="6766" ordinal="0" offset="0" />
            </Method>
            <Method visited="false" cyclomaticComplexity="1" nPathComplexity="0" sequenceCoverage="0" branchCoverage="0" crapScore="2" isConstructor="false" isStatic="false" isGetter="false" isSetter="false">
              <Summary numSequencePoints="1" visitedSequencePoints="0" numBranchPoints="1" visitedBranchPoints="0" sequenceCoverage="0" branchCoverage="0" maxCyclomaticComplexity="1" minCyclomaticComplexity="1" maxCrapScore="2" minCrapScore="2" visitedClasses="0" numClasses="0" visitedMethods="0" numMethods="1" />
              <MetadataToken>100665078</MetadataToken>
              <Name>System.String Xunit.StackFrameTransformer/&lt;&gt;c__DisplayClass3_0::&lt;TransformStack&gt;b__0(System.String)</Name>
              <FileRef uid="239" />
              <SequencePoints>
                <SequencePoint vc="0" uspid="6767" ordinal="0" offset="0" sl="59" sc="39" el="59" ec="78" bec="0" bev="0" fileid="239" />
              </SequencePoints>
              <BranchPoints />
              <MethodPoint xsi:type="SequencePoint" vc="0" uspid="6767" ordinal="0" offset="0" sl="59" sc="39" el="59" ec="78" bec="0" bev="0" fileid="239" />
            </Method>
          </Methods>
        </Class>
        <Class>
          <Summary numSequencePoints="21" visitedSequencePoints="0" numBranchPoints="9" visitedBranchPoints="0" sequenceCoverage="0" branchCoverage="0" maxCyclomaticComplexity="4" minCyclomaticComplexity="1" maxCrapScore="20" minCrapScore="2" visitedClasses="0" numClasses="1" visitedMethods="0" numMethods="3" />
          <FullName>Xunit.FailSkipVisitor</FullName>
          <Methods>
            <Method visited="false" cyclomaticComplexity="1" nPathComplexity="0" sequenceCoverage="0" branchCoverage="0" crapScore="2" isConstructor="false" isStatic="false" isGetter="true" isSetter="false">
              <Summary numSequencePoints="1" visitedSequencePoints="0" numBranchPoints="1" visitedBranchPoints="0" sequenceCoverage="0" branchCoverage="0" maxCyclomaticComplexity="1" minCyclomaticComplexity="1" maxCrapScore="2" minCrapScore="2" visitedClasses="0" numClasses="0" visitedMethods="0" numMethods="1" />
              <MetadataToken>100664338</MetadataToken>
              <Name>Xunit.ExecutionSummary Xunit.FailSkipVisitor::get_ExecutionSummary()</Name>
              <FileRef uid="241" />
              <SequencePoints>
                <SequencePoint vc="0" uspid="6768" ordinal="0" offset="0" sl="29" sc="53" el="29" ec="77" bec="0" bev="0" fileid="241" />
              </SequencePoints>
              <BranchPoints />
              <MethodPoint xsi:type="SequencePoint" vc="0" uspid="6768" ordinal="0" offset="0" sl="29" sc="53" el="29" ec="77" bec="0" bev="0" fileid="241" />
            </Method>
            <Method visited="false" cyclomaticComplexity="1" nPathComplexity="0" sequenceCoverage="0" branchCoverage="0" crapScore="2" isConstructor="true" isStatic="false" isGetter="false" isSetter="false">
              <Summary numSequencePoints="4" visitedSequencePoints="0" numBranchPoints="1" visitedBranchPoints="0" sequenceCoverage="0" branchCoverage="0" maxCyclomaticComplexity="1" minCyclomaticComplexity="1" maxCrapScore="2" minCrapScore="2" visitedClasses="0" numClasses="0" visitedMethods="0" numMethods="1" />
              <MetadataToken>100664337</MetadataToken>
              <Name>System.Void Xunit.FailSkipVisitor::.ctor(Xunit.IExecutionVisitor)</Name>
              <FileRef uid="241" />
              <SequencePoints>
                <SequencePoint vc="0" uspid="6769" ordinal="0" offset="0" sl="21" sc="9" el="21" ec="58" bec="0" bev="0" fileid="241" />
                <SequencePoint vc="0" uspid="6770" ordinal="1" offset="6" sl="23" sc="13" el="23" ec="61" bec="0" bev="0" fileid="241" />
                <SequencePoint vc="0" uspid="6771" ordinal="2" offset="17" sl="25" sc="13" el="25" ec="31" bec="0" bev="0" fileid="241" />
                <SequencePoint vc="0" uspid="6772" ordinal="3" offset="24" sl="26" sc="9" el="26" ec="10" bec="0" bev="0" fileid="241" />
              </SequencePoints>
              <BranchPoints />
              <MethodPoint xsi:type="SequencePoint" vc="0" uspid="6769" ordinal="0" offset="0" sl="21" sc="9" el="21" ec="58" bec="0" bev="0" fileid="241" />
            </Method>
            <Method visited="false" cyclomaticComplexity="4" nPathComplexity="8" sequenceCoverage="0" branchCoverage="0" crapScore="20" isConstructor="false" isStatic="false" isGetter="false" isSetter="false">
              <Summary numSequencePoints="16" visitedSequencePoints="0" numBranchPoints="7" visitedBranchPoints="0" sequenceCoverage="0" branchCoverage="0" maxCyclomaticComplexity="4" minCyclomaticComplexity="4" maxCrapScore="20" minCrapScore="20" visitedClasses="0" numClasses="0" visitedMethods="0" numMethods="1" />
              <MetadataToken>100664339</MetadataToken>
              <Name>System.Boolean Xunit.FailSkipVisitor::OnMessage(Xunit.Abstractions.IMessageSinkMessage)</Name>
              <FileRef uid="241" />
              <SequencePoints>
                <SequencePoint vc="0" uspid="6773" ordinal="0" offset="0" sl="34" sc="13" el="34" ec="55" bec="0" bev="0" fileid="241" />
                <SequencePoint vc="0" uspid="6774" ordinal="1" offset="7" sl="35" sc="13" el="35" ec="37" bec="2" bev="0" fileid="241" />
                <SequencePoint vc="0" uspid="6775" ordinal="2" offset="10" sl="37" sc="17" el="37" ec="29" bec="0" bev="0" fileid="241" />
                <SequencePoint vc="0" uspid="6776" ordinal="3" offset="24" sl="38" sc="17" el="42" ec="63" bec="0" bev="0" fileid="241" />
                <SequencePoint vc="0" uspid="6777" ordinal="4" offset="99" sl="43" sc="17" el="43" ec="54" bec="0" bev="0" fileid="241" />
                <SequencePoint vc="0" uspid="6778" ordinal="5" offset="112" sl="46" sc="13" el="46" ec="77" bec="0" bev="0" fileid="241" />
                <SequencePoint vc="0" uspid="6779" ordinal="6" offset="119" sl="47" sc="13" el="47" ec="48" bec="2" bev="0" fileid="241" />
                <SequencePoint vc="0" uspid="6780" ordinal="7" offset="122" sl="49" sc="17" el="54" ec="72" bec="0" bev="0" fileid="241" />
                <SequencePoint vc="0" uspid="6781" ordinal="8" offset="166" sl="55" sc="17" el="55" ec="66" bec="0" bev="0" fileid="241" />
                <SequencePoint vc="0" uspid="6782" ordinal="9" offset="179" sl="58" sc="13" el="58" ec="69" bec="0" bev="0" fileid="241" />
                <SequencePoint vc="0" uspid="6783" ordinal="10" offset="186" sl="59" sc="13" el="59" ec="42" bec="2" bev="0" fileid="241" />
                <SequencePoint vc="0" uspid="6784" ordinal="11" offset="189" sl="61" sc="17" el="66" ec="64" bec="0" bev="0" fileid="241" />
                <SequencePoint vc="0" uspid="6785" ordinal="12" offset="233" sl="67" sc="17" el="67" ec="66" bec="0" bev="0" fileid="241" />
                <SequencePoint vc="0" uspid="6786" ordinal="13" offset="245" sl="68" sc="17" el="68" ec="50" bec="0" bev="0" fileid="241" />
                <SequencePoint vc="0" uspid="6787" ordinal="14" offset="253" sl="69" sc="17" el="69" ec="31" bec="0" bev="0" fileid="241" />
                <SequencePoint vc="0" uspid="6788" ordinal="15" offset="254" sl="72" sc="13" el="72" ec="47" bec="0" bev="0" fileid="241" />
              </SequencePoints>
              <BranchPoints>
                <BranchPoint vc="0" uspid="6789" ordinal="0" offset="8" sl="35" path="0" offsetend="10" fileid="241" />
                <BranchPoint vc="0" uspid="6790" ordinal="1" offset="8" sl="35" path="1" offsetend="112" fileid="241" />
                <BranchPoint vc="0" uspid="6791" ordinal="2" offset="120" sl="47" path="0" offsetend="122" fileid="241" />
                <BranchPoint vc="0" uspid="6792" ordinal="3" offset="120" sl="47" path="1" offsetend="179" fileid="241" />
                <BranchPoint vc="0" uspid="6793" ordinal="4" offset="187" sl="59" path="0" offsetend="189" fileid="241" />
                <BranchPoint vc="0" uspid="6794" ordinal="5" offset="187" sl="59" path="1" offsetend="254" fileid="241" />
              </BranchPoints>
              <MethodPoint xsi:type="SequencePoint" vc="0" uspid="6773" ordinal="0" offset="0" sl="34" sc="13" el="34" ec="55" bec="0" bev="0" fileid="241" />
            </Method>
          </Methods>
        </Class>
        <Class>
          <Summary numSequencePoints="7" visitedSequencePoints="0" numBranchPoints="4" visitedBranchPoints="0" sequenceCoverage="0" branchCoverage="0" maxCyclomaticComplexity="1" minCyclomaticComplexity="1" maxCrapScore="2" minCrapScore="2" visitedClasses="0" numClasses="1" visitedMethods="0" numMethods="4" />
          <FullName>Xunit.TestDiscoveryVisitor</FullName>
          <Methods>
            <Method visited="false" cyclomaticComplexity="1" nPathComplexity="0" sequenceCoverage="0" branchCoverage="0" crapScore="2" isConstructor="false" isStatic="false" isGetter="true" isSetter="false">
              <Summary numSequencePoints="1" visitedSequencePoints="0" numBranchPoints="1" visitedBranchPoints="0" sequenceCoverage="0" branchCoverage="0" maxCyclomaticComplexity="1" minCyclomaticComplexity="1" maxCrapScore="2" minCrapScore="2" visitedClasses="0" numClasses="0" visitedMethods="0" numMethods="1" />
              <MetadataToken>100664343</MetadataToken>
              <Name>System.Collections.Generic.List`1&lt;Xunit.Abstractions.ITestCase&gt; Xunit.TestDiscoveryVisitor::get_TestCases()</Name>
              <FileRef uid="242" />
              <SequencePoints>
                <SequencePoint vc="0" uspid="6795" ordinal="0" offset="0" sl="18" sc="44" el="18" ec="48" bec="0" bev="0" fileid="242" />
              </SequencePoints>
              <BranchPoints />
              <MethodPoint xsi:type="SequencePoint" vc="0" uspid="6795" ordinal="0" offset="0" sl="18" sc="44" el="18" ec="48" bec="0" bev="0" fileid="242" />
            </Method>
            <Method visited="false" cyclomaticComplexity="1" nPathComplexity="0" sequenceCoverage="0" branchCoverage="0" crapScore="2" isConstructor="false" isStatic="false" isGetter="false" isSetter="true">
              <Summary numSequencePoints="1" visitedSequencePoints="0" numBranchPoints="1" visitedBranchPoints="0" sequenceCoverage="0" branchCoverage="0" maxCyclomaticComplexity="1" minCyclomaticComplexity="1" maxCrapScore="2" minCrapScore="2" visitedClasses="0" numClasses="0" visitedMethods="0" numMethods="1" />
              <MetadataToken>100664344</MetadataToken>
              <Name>System.Void Xunit.TestDiscoveryVisitor::set_TestCases(System.Collections.Generic.List`1&lt;Xunit.Abstractions.ITestCase&gt;)</Name>
              <FileRef uid="242" />
              <SequencePoints>
                <SequencePoint vc="0" uspid="6796" ordinal="0" offset="0" sl="18" sc="49" el="18" ec="61" bec="0" bev="0" fileid="242" />
              </SequencePoints>
              <BranchPoints />
              <MethodPoint xsi:type="SequencePoint" vc="0" uspid="6796" ordinal="0" offset="0" sl="18" sc="49" el="18" ec="61" bec="0" bev="0" fileid="242" />
            </Method>
            <Method visited="false" cyclomaticComplexity="1" nPathComplexity="0" sequenceCoverage="0" branchCoverage="0" crapScore="2" isConstructor="true" isStatic="false" isGetter="false" isSetter="false">
              <Summary numSequencePoints="3" visitedSequencePoints="0" numBranchPoints="1" visitedBranchPoints="0" sequenceCoverage="0" branchCoverage="0" maxCyclomaticComplexity="1" minCyclomaticComplexity="1" maxCrapScore="2" minCrapScore="2" visitedClasses="0" numClasses="0" visitedMethods="0" numMethods="1" />
              <MetadataToken>100664342</MetadataToken>
              <Name>System.Void Xunit.TestDiscoveryVisitor::.ctor()</Name>
              <FileRef uid="242" />
              <SequencePoints>
                <SequencePoint vc="0" uspid="6797" ordinal="0" offset="0" sl="12" sc="9" el="12" ec="38" bec="0" bev="0" fileid="242" />
                <SequencePoint vc="0" uspid="6798" ordinal="1" offset="6" sl="14" sc="13" el="14" ec="47" bec="0" bev="0" fileid="242" />
                <SequencePoint vc="0" uspid="6799" ordinal="2" offset="17" sl="15" sc="9" el="15" ec="10" bec="0" bev="0" fileid="242" />
              </SequencePoints>
              <BranchPoints />
              <MethodPoint xsi:type="SequencePoint" vc="0" uspid="6797" ordinal="0" offset="0" sl="12" sc="9" el="12" ec="38" bec="0" bev="0" fileid="242" />
            </Method>
            <Method visited="false" cyclomaticComplexity="1" nPathComplexity="0" sequenceCoverage="0" branchCoverage="0" crapScore="2" isConstructor="false" isStatic="false" isGetter="false" isSetter="false">
              <Summary numSequencePoints="2" visitedSequencePoints="0" numBranchPoints="1" visitedBranchPoints="0" sequenceCoverage="0" branchCoverage="0" maxCyclomaticComplexity="1" minCyclomaticComplexity="1" maxCrapScore="2" minCrapScore="2" visitedClasses="0" numClasses="0" visitedMethods="0" numMethods="1" />
              <MetadataToken>100664345</MetadataToken>
              <Name>System.Boolean Xunit.TestDiscoveryVisitor::Visit(Xunit.Abstractions.ITestCaseDiscoveryMessage)</Name>
              <FileRef uid="242" />
              <SequencePoints>
                <SequencePoint vc="0" uspid="6800" ordinal="0" offset="0" sl="23" sc="13" el="23" ec="56" bec="0" bev="0" fileid="242" />
                <SequencePoint vc="0" uspid="6801" ordinal="1" offset="17" sl="25" sc="13" el="25" ec="25" bec="0" bev="0" fileid="242" />
              </SequencePoints>
              <BranchPoints />
              <MethodPoint xsi:type="SequencePoint" vc="0" uspid="6800" ordinal="0" offset="0" sl="23" sc="13" el="23" ec="56" bec="0" bev="0" fileid="242" />
            </Method>
          </Methods>
        </Class>
        <Class>
          <Summary numSequencePoints="48" visitedSequencePoints="0" numBranchPoints="200" visitedBranchPoints="0" sequenceCoverage="0" branchCoverage="0" maxCyclomaticComplexity="78" minCyclomaticComplexity="1" maxCrapScore="6162" minCrapScore="2" visitedClasses="0" numClasses="1" visitedMethods="0" numMethods="42" />
          <FullName>Xunit.TestMessageVisitor</FullName>
          <Methods>
            <Method visited="false" cyclomaticComplexity="2" nPathComplexity="2" sequenceCoverage="0" branchCoverage="0" crapScore="6" isConstructor="false" isStatic="true" isGetter="false" isSetter="false">
              <Summary numSequencePoints="4" visitedSequencePoints="0" numBranchPoints="3" visitedBranchPoints="0" sequenceCoverage="0" branchCoverage="0" maxCyclomaticComplexity="2" minCyclomaticComplexity="2" maxCrapScore="6" minCrapScore="6" visitedClasses="0" numClasses="0" visitedMethods="0" numMethods="1" />
              <MetadataToken>100664346</MetadataToken>
              <Name>System.Boolean Xunit.TestMessageVisitor::DoVisit(Xunit.Abstractions.IMessageSinkMessage,System.Func`2&lt;TMessage,System.Boolean&gt;)</Name>
              <FileRef uid="243" />
              <SequencePoints>
                <SequencePoint vc="0" uspid="6802" ordinal="0" offset="0" sl="24" sc="13" el="24" ec="51" bec="0" bev="0" fileid="243" />
                <SequencePoint vc="0" uspid="6803" ordinal="1" offset="12" sl="25" sc="13" el="25" ec="37" bec="2" bev="0" fileid="243" />
                <SequencePoint vc="0" uspid="6804" ordinal="2" offset="20" sl="26" sc="17" el="26" ec="46" bec="0" bev="0" fileid="243" />
                <SequencePoint vc="0" uspid="6805" ordinal="3" offset="28" sl="28" sc="13" el="28" ec="25" bec="0" bev="0" fileid="243" />
              </SequencePoints>
              <BranchPoints>
                <BranchPoint vc="0" uspid="6806" ordinal="0" offset="18" sl="25" path="0" offsetend="20" fileid="243" />
                <BranchPoint vc="0" uspid="6807" ordinal="1" offset="18" sl="25" path="1" offsetend="28" fileid="243" />
              </BranchPoints>
              <MethodPoint xsi:type="SequencePoint" vc="0" uspid="6802" ordinal="0" offset="0" sl="24" sc="13" el="24" ec="51" bec="0" bev="0" fileid="243" />
            </Method>
            <Method visited="false" cyclomaticComplexity="2" nPathComplexity="2" sequenceCoverage="0" branchCoverage="0" crapScore="6" isConstructor="false" isStatic="false" isGetter="false" isSetter="false">
              <Summary numSequencePoints="4" visitedSequencePoints="0" numBranchPoints="3" visitedBranchPoints="0" sequenceCoverage="0" branchCoverage="0" maxCyclomaticComplexity="2" minCyclomaticComplexity="2" maxCrapScore="6" minCrapScore="6" visitedClasses="0" numClasses="0" visitedMethods="0" numMethods="1" />
              <MetadataToken>100664347</MetadataToken>
              <Name>System.Boolean Xunit.TestMessageVisitor::DoVisit(Xunit.Abstractions.IMessageSinkMessage,System.Func`3&lt;Xunit.TestMessageVisitor,TMessage,System.Boolean&gt;)</Name>
              <FileRef uid="243" />
              <SequencePoints>
                <SequencePoint vc="0" uspid="6808" ordinal="0" offset="0" sl="42" sc="13" el="42" ec="51" bec="0" bev="0" fileid="243" />
                <SequencePoint vc="0" uspid="6809" ordinal="1" offset="12" sl="43" sc="13" el="43" ec="37" bec="2" bev="0" fileid="243" />
                <SequencePoint vc="0" uspid="6810" ordinal="2" offset="20" sl="44" sc="17" el="44" ec="52" bec="0" bev="0" fileid="243" />
                <SequencePoint vc="0" uspid="6811" ordinal="3" offset="29" sl="46" sc="13" el="46" ec="25" bec="0" bev="0" fileid="243" />
              </SequencePoints>
              <BranchPoints>
                <BranchPoint vc="0" uspid="6812" ordinal="0" offset="18" sl="43" path="0" offsetend="20" fileid="243" />
                <BranchPoint vc="0" uspid="6813" ordinal="1" offset="18" sl="43" path="1" offsetend="29" fileid="243" />
              </BranchPoints>
              <MethodPoint xsi:type="SequencePoint" vc="0" uspid="6808" ordinal="0" offset="0" sl="42" sc="13" el="42" ec="51" bec="0" bev="0" fileid="243" />
            </Method>
            <Method visited="false" cyclomaticComplexity="78" nPathComplexity="2147483647" sequenceCoverage="0" branchCoverage="0" crapScore="6162" isConstructor="false" isStatic="false" isGetter="false" isSetter="false">
              <Summary numSequencePoints="1" visitedSequencePoints="0" numBranchPoints="155" visitedBranchPoints="0" sequenceCoverage="0" branchCoverage="0" maxCyclomaticComplexity="78" minCyclomaticComplexity="78" maxCrapScore="6162" minCrapScore="6162" visitedClasses="0" numClasses="0" visitedMethods="0" numMethods="1" />
              <MetadataToken>100664348</MetadataToken>
              <Name>System.Boolean Xunit.TestMessageVisitor::OnMessage(Xunit.Abstractions.IMessageSinkMessage)</Name>
              <FileRef uid="243" />
              <SequencePoints>
                <SequencePoint vc="0" uspid="6814" ordinal="0" offset="0" sl="52" sc="13" el="91" ec="71" bec="117" bev="0" fileid="243" />
              </SequencePoints>
              <BranchPoints>
                <BranchPoint vc="0" uspid="6815" ordinal="0" offset="8" sl="52" path="0" offsetend="10" fileid="243" />
                <BranchPoint vc="0" uspid="6816" ordinal="1" offset="8" sl="52" path="1" offsetend="33" fileid="243" />
                <BranchPoint vc="0" uspid="6817" ordinal="2" offset="38" sl="52" path="0" offsetend="43" fileid="243" />
                <BranchPoint vc="0" uspid="6818" ordinal="3" offset="38" sl="52" path="1" offsetend="1664" fileid="243" />
                <BranchPoint vc="0" uspid="6819" ordinal="4" offset="51" sl="52" path="0" offsetend="53" fileid="243" />
                <BranchPoint vc="0" uspid="6820" ordinal="5" offset="51" sl="52" path="1" offsetend="76" fileid="243" />
                <BranchPoint vc="0" uspid="6821" ordinal="6" offset="81" sl="52" path="0" offsetend="86" fileid="243" />
                <BranchPoint vc="0" uspid="6822" ordinal="7" offset="81" sl="52" path="1" offsetend="1664" fileid="243" />
                <BranchPoint vc="0" uspid="6823" ordinal="8" offset="94" sl="52" path="0" offsetend="96" fileid="243" />
                <BranchPoint vc="0" uspid="6824" ordinal="9" offset="94" sl="52" path="1" offsetend="119" fileid="243" />
                <BranchPoint vc="0" uspid="6825" ordinal="10" offset="124" sl="52" path="0" offsetend="129" fileid="243" />
                <BranchPoint vc="0" uspid="6826" ordinal="11" offset="124" sl="52" path="1" offsetend="1664" fileid="243" />
                <BranchPoint vc="0" uspid="6827" ordinal="12" offset="137" sl="52" path="0" offsetend="139" fileid="243" />
                <BranchPoint vc="0" uspid="6828" ordinal="13" offset="137" sl="52" path="1" offsetend="162" fileid="243" />
                <BranchPoint vc="0" uspid="6829" ordinal="14" offset="167" sl="52" path="0" offsetend="172" fileid="243" />
                <BranchPoint vc="0" uspid="6830" ordinal="15" offset="167" sl="52" path="1" offsetend="1664" fileid="243" />
                <BranchPoint vc="0" uspid="6831" ordinal="16" offset="180" sl="52" path="0" offsetend="182" fileid="243" />
                <BranchPoint vc="0" uspid="6832" ordinal="17" offset="180" sl="52" path="1" offsetend="205" fileid="243" />
                <BranchPoint vc="0" uspid="6833" ordinal="18" offset="210" sl="52" path="0" offsetend="215" fileid="243" />
                <BranchPoint vc="0" uspid="6834" ordinal="19" offset="210" sl="52" path="1" offsetend="1664" fileid="243" />
                <BranchPoint vc="0" uspid="6835" ordinal="20" offset="223" sl="52" path="0" offsetend="225" fileid="243" />
                <BranchPoint vc="0" uspid="6836" ordinal="21" offset="223" sl="52" path="1" offsetend="248" fileid="243" />
                <BranchPoint vc="0" uspid="6837" ordinal="22" offset="253" sl="52" path="0" offsetend="258" fileid="243" />
                <BranchPoint vc="0" uspid="6838" ordinal="23" offset="253" sl="52" path="1" offsetend="1664" fileid="243" />
                <BranchPoint vc="0" uspid="6839" ordinal="24" offset="266" sl="52" path="0" offsetend="268" fileid="243" />
                <BranchPoint vc="0" uspid="6840" ordinal="25" offset="266" sl="52" path="1" offsetend="291" fileid="243" />
                <BranchPoint vc="0" uspid="6841" ordinal="26" offset="296" sl="52" path="0" offsetend="301" fileid="243" />
                <BranchPoint vc="0" uspid="6842" ordinal="27" offset="296" sl="52" path="1" offsetend="1664" fileid="243" />
                <BranchPoint vc="0" uspid="6843" ordinal="28" offset="309" sl="52" path="0" offsetend="311" fileid="243" />
                <BranchPoint vc="0" uspid="6844" ordinal="29" offset="309" sl="52" path="1" offsetend="334" fileid="243" />
                <BranchPoint vc="0" uspid="6845" ordinal="30" offset="339" sl="52" path="0" offsetend="344" fileid="243" />
                <BranchPoint vc="0" uspid="6846" ordinal="31" offset="339" sl="52" path="1" offsetend="1664" fileid="243" />
                <BranchPoint vc="0" uspid="6847" ordinal="32" offset="352" sl="52" path="0" offsetend="354" fileid="243" />
                <BranchPoint vc="0" uspid="6848" ordinal="33" offset="352" sl="52" path="1" offsetend="377" fileid="243" />
                <BranchPoint vc="0" uspid="6849" ordinal="34" offset="382" sl="52" path="0" offsetend="387" fileid="243" />
                <BranchPoint vc="0" uspid="6850" ordinal="35" offset="382" sl="52" path="1" offsetend="1664" fileid="243" />
                <BranchPoint vc="0" uspid="6851" ordinal="36" offset="395" sl="52" path="0" offsetend="397" fileid="243" />
                <BranchPoint vc="0" uspid="6852" ordinal="37" offset="395" sl="52" path="1" offsetend="420" fileid="243" />
                <BranchPoint vc="0" uspid="6853" ordinal="38" offset="425" sl="52" path="0" offsetend="430" fileid="243" />
                <BranchPoint vc="0" uspid="6854" ordinal="39" offset="425" sl="52" path="1" offsetend="1664" fileid="243" />
                <BranchPoint vc="0" uspid="6855" ordinal="40" offset="438" sl="52" path="0" offsetend="440" fileid="243" />
                <BranchPoint vc="0" uspid="6856" ordinal="41" offset="438" sl="52" path="1" offsetend="463" fileid="243" />
                <BranchPoint vc="0" uspid="6857" ordinal="42" offset="468" sl="52" path="0" offsetend="473" fileid="243" />
                <BranchPoint vc="0" uspid="6858" ordinal="43" offset="468" sl="52" path="1" offsetend="1664" fileid="243" />
                <BranchPoint vc="0" uspid="6859" ordinal="44" offset="481" sl="52" path="0" offsetend="483" fileid="243" />
                <BranchPoint vc="0" uspid="6860" ordinal="45" offset="481" sl="52" path="1" offsetend="506" fileid="243" />
                <BranchPoint vc="0" uspid="6861" ordinal="46" offset="511" sl="52" path="0" offsetend="516" fileid="243" />
                <BranchPoint vc="0" uspid="6862" ordinal="47" offset="511" sl="52" path="1" offsetend="1664" fileid="243" />
                <BranchPoint vc="0" uspid="6863" ordinal="48" offset="524" sl="52" path="0" offsetend="526" fileid="243" />
                <BranchPoint vc="0" uspid="6864" ordinal="49" offset="524" sl="52" path="1" offsetend="549" fileid="243" />
                <BranchPoint vc="0" uspid="6865" ordinal="50" offset="554" sl="52" path="0" offsetend="559" fileid="243" />
                <BranchPoint vc="0" uspid="6866" ordinal="51" offset="554" sl="52" path="1" offsetend="1664" fileid="243" />
                <BranchPoint vc="0" uspid="6867" ordinal="52" offset="567" sl="52" path="0" offsetend="569" fileid="243" />
                <BranchPoint vc="0" uspid="6868" ordinal="53" offset="567" sl="52" path="1" offsetend="592" fileid="243" />
                <BranchPoint vc="0" uspid="6869" ordinal="54" offset="597" sl="52" path="0" offsetend="602" fileid="243" />
                <BranchPoint vc="0" uspid="6870" ordinal="55" offset="597" sl="52" path="1" offsetend="1664" fileid="243" />
                <BranchPoint vc="0" uspid="6871" ordinal="56" offset="610" sl="52" path="0" offsetend="612" fileid="243" />
                <BranchPoint vc="0" uspid="6872" ordinal="57" offset="610" sl="52" path="1" offsetend="635" fileid="243" />
                <BranchPoint vc="0" uspid="6873" ordinal="58" offset="640" sl="52" path="0" offsetend="645" fileid="243" />
                <BranchPoint vc="0" uspid="6874" ordinal="59" offset="640" sl="52" path="1" offsetend="1664" fileid="243" />
                <BranchPoint vc="0" uspid="6875" ordinal="60" offset="653" sl="52" path="0" offsetend="655" fileid="243" />
                <BranchPoint vc="0" uspid="6876" ordinal="61" offset="653" sl="52" path="1" offsetend="678" fileid="243" />
                <BranchPoint vc="0" uspid="6877" ordinal="62" offset="683" sl="52" path="0" offsetend="688" fileid="243" />
                <BranchPoint vc="0" uspid="6878" ordinal="63" offset="683" sl="52" path="1" offsetend="1664" fileid="243" />
                <BranchPoint vc="0" uspid="6879" ordinal="64" offset="696" sl="52" path="0" offsetend="698" fileid="243" />
                <BranchPoint vc="0" uspid="6880" ordinal="65" offset="696" sl="52" path="1" offsetend="721" fileid="243" />
                <BranchPoint vc="0" uspid="6881" ordinal="66" offset="726" sl="52" path="0" offsetend="731" fileid="243" />
                <BranchPoint vc="0" uspid="6882" ordinal="67" offset="726" sl="52" path="1" offsetend="1664" fileid="243" />
                <BranchPoint vc="0" uspid="6883" ordinal="68" offset="739" sl="52" path="0" offsetend="741" fileid="243" />
                <BranchPoint vc="0" uspid="6884" ordinal="69" offset="739" sl="52" path="1" offsetend="764" fileid="243" />
                <BranchPoint vc="0" uspid="6885" ordinal="70" offset="769" sl="52" path="0" offsetend="774" fileid="243" />
                <BranchPoint vc="0" uspid="6886" ordinal="71" offset="769" sl="52" path="1" offsetend="1664" fileid="243" />
                <BranchPoint vc="0" uspid="6887" ordinal="72" offset="782" sl="52" path="0" offsetend="784" fileid="243" />
                <BranchPoint vc="0" uspid="6888" ordinal="73" offset="782" sl="52" path="1" offsetend="807" fileid="243" />
                <BranchPoint vc="0" uspid="6889" ordinal="74" offset="812" sl="52" path="0" offsetend="817" fileid="243" />
                <BranchPoint vc="0" uspid="6890" ordinal="75" offset="812" sl="52" path="1" offsetend="1664" fileid="243" />
                <BranchPoint vc="0" uspid="6891" ordinal="76" offset="825" sl="52" path="0" offsetend="827" fileid="243" />
                <BranchPoint vc="0" uspid="6892" ordinal="77" offset="825" sl="52" path="1" offsetend="850" fileid="243" />
                <BranchPoint vc="0" uspid="6893" ordinal="78" offset="855" sl="52" path="0" offsetend="860" fileid="243" />
                <BranchPoint vc="0" uspid="6894" ordinal="79" offset="855" sl="52" path="1" offsetend="1664" fileid="243" />
                <BranchPoint vc="0" uspid="6895" ordinal="80" offset="868" sl="52" path="0" offsetend="870" fileid="243" />
                <BranchPoint vc="0" uspid="6896" ordinal="81" offset="868" sl="52" path="1" offsetend="893" fileid="243" />
                <BranchPoint vc="0" uspid="6897" ordinal="82" offset="898" sl="52" path="0" offsetend="903" fileid="243" />
                <BranchPoint vc="0" uspid="6898" ordinal="83" offset="898" sl="52" path="1" offsetend="1664" fileid="243" />
                <BranchPoint vc="0" uspid="6899" ordinal="84" offset="911" sl="52" path="0" offsetend="913" fileid="243" />
                <BranchPoint vc="0" uspid="6900" ordinal="85" offset="911" sl="52" path="1" offsetend="936" fileid="243" />
                <BranchPoint vc="0" uspid="6901" ordinal="86" offset="941" sl="52" path="0" offsetend="946" fileid="243" />
                <BranchPoint vc="0" uspid="6902" ordinal="87" offset="941" sl="52" path="1" offsetend="1664" fileid="243" />
                <BranchPoint vc="0" uspid="6903" ordinal="88" offset="954" sl="52" path="0" offsetend="956" fileid="243" />
                <BranchPoint vc="0" uspid="6904" ordinal="89" offset="954" sl="52" path="1" offsetend="979" fileid="243" />
                <BranchPoint vc="0" uspid="6905" ordinal="90" offset="984" sl="52" path="0" offsetend="989" fileid="243" />
                <BranchPoint vc="0" uspid="6906" ordinal="91" offset="984" sl="52" path="1" offsetend="1664" fileid="243" />
                <BranchPoint vc="0" uspid="6907" ordinal="92" offset="997" sl="52" path="0" offsetend="999" fileid="243" />
                <BranchPoint vc="0" uspid="6908" ordinal="93" offset="997" sl="52" path="1" offsetend="1022" fileid="243" />
                <BranchPoint vc="0" uspid="6909" ordinal="94" offset="1027" sl="52" path="0" offsetend="1032" fileid="243" />
                <BranchPoint vc="0" uspid="6910" ordinal="95" offset="1027" sl="52" path="1" offsetend="1664" fileid="243" />
                <BranchPoint vc="0" uspid="6911" ordinal="96" offset="1040" sl="52" path="0" offsetend="1042" fileid="243" />
                <BranchPoint vc="0" uspid="6912" ordinal="97" offset="1040" sl="52" path="1" offsetend="1065" fileid="243" />
                <BranchPoint vc="0" uspid="6913" ordinal="98" offset="1070" sl="52" path="0" offsetend="1075" fileid="243" />
                <BranchPoint vc="0" uspid="6914" ordinal="99" offset="1070" sl="52" path="1" offsetend="1664" fileid="243" />
                <BranchPoint vc="0" uspid="6915" ordinal="100" offset="1083" sl="52" path="0" offsetend="1085" fileid="243" />
                <BranchPoint vc="0" uspid="6916" ordinal="101" offset="1083" sl="52" path="1" offsetend="1108" fileid="243" />
                <BranchPoint vc="0" uspid="6917" ordinal="102" offset="1113" sl="52" path="0" offsetend="1118" fileid="243" />
                <BranchPoint vc="0" uspid="6918" ordinal="103" offset="1113" sl="52" path="1" offsetend="1664" fileid="243" />
                <BranchPoint vc="0" uspid="6919" ordinal="104" offset="1126" sl="52" path="0" offsetend="1128" fileid="243" />
                <BranchPoint vc="0" uspid="6920" ordinal="105" offset="1126" sl="52" path="1" offsetend="1151" fileid="243" />
                <BranchPoint vc="0" uspid="6921" ordinal="106" offset="1156" sl="52" path="0" offsetend="1161" fileid="243" />
                <BranchPoint vc="0" uspid="6922" ordinal="107" offset="1156" sl="52" path="1" offsetend="1664" fileid="243" />
                <BranchPoint vc="0" uspid="6923" ordinal="108" offset="1169" sl="52" path="0" offsetend="1171" fileid="243" />
                <BranchPoint vc="0" uspid="6924" ordinal="109" offset="1169" sl="52" path="1" offsetend="1194" fileid="243" />
                <BranchPoint vc="0" uspid="6925" ordinal="110" offset="1199" sl="52" path="0" offsetend="1204" fileid="243" />
                <BranchPoint vc="0" uspid="6926" ordinal="111" offset="1199" sl="52" path="1" offsetend="1664" fileid="243" />
                <BranchPoint vc="0" uspid="6927" ordinal="112" offset="1212" sl="52" path="0" offsetend="1214" fileid="243" />
                <BranchPoint vc="0" uspid="6928" ordinal="113" offset="1212" sl="52" path="1" offsetend="1237" fileid="243" />
                <BranchPoint vc="0" uspid="6929" ordinal="114" offset="1242" sl="52" path="0" offsetend="1247" fileid="243" />
                <BranchPoint vc="0" uspid="6930" ordinal="115" offset="1242" sl="52" path="1" offsetend="1664" fileid="243" />
                <BranchPoint vc="0" uspid="6931" ordinal="116" offset="1255" sl="52" path="0" offsetend="1257" fileid="243" />
                <BranchPoint vc="0" uspid="6932" ordinal="117" offset="1255" sl="52" path="1" offsetend="1280" fileid="243" />
                <BranchPoint vc="0" uspid="6933" ordinal="118" offset="1285" sl="52" path="0" offsetend="1290" fileid="243" />
                <BranchPoint vc="0" uspid="6934" ordinal="119" offset="1285" sl="52" path="1" offsetend="1664" fileid="243" />
                <BranchPoint vc="0" uspid="6935" ordinal="120" offset="1298" sl="52" path="0" offsetend="1300" fileid="243" />
                <BranchPoint vc="0" uspid="6936" ordinal="121" offset="1298" sl="52" path="1" offsetend="1323" fileid="243" />
                <BranchPoint vc="0" uspid="6937" ordinal="122" offset="1328" sl="52" path="0" offsetend="1333" fileid="243" />
                <BranchPoint vc="0" uspid="6938" ordinal="123" offset="1328" sl="52" path="1" offsetend="1664" fileid="243" />
                <BranchPoint vc="0" uspid="6939" ordinal="124" offset="1341" sl="52" path="0" offsetend="1343" fileid="243" />
                <BranchPoint vc="0" uspid="6940" ordinal="125" offset="1341" sl="52" path="1" offsetend="1366" fileid="243" />
                <BranchPoint vc="0" uspid="6941" ordinal="126" offset="1371" sl="52" path="0" offsetend="1376" fileid="243" />
                <BranchPoint vc="0" uspid="6942" ordinal="127" offset="1371" sl="52" path="1" offsetend="1664" fileid="243" />
                <BranchPoint vc="0" uspid="6943" ordinal="128" offset="1384" sl="52" path="0" offsetend="1386" fileid="243" />
                <BranchPoint vc="0" uspid="6944" ordinal="129" offset="1384" sl="52" path="1" offsetend="1409" fileid="243" />
                <BranchPoint vc="0" uspid="6945" ordinal="130" offset="1414" sl="52" path="0" offsetend="1419" fileid="243" />
                <BranchPoint vc="0" uspid="6946" ordinal="131" offset="1414" sl="52" path="1" offsetend="1664" fileid="243" />
                <BranchPoint vc="0" uspid="6947" ordinal="132" offset="1427" sl="52" path="0" offsetend="1429" fileid="243" />
                <BranchPoint vc="0" uspid="6948" ordinal="133" offset="1427" sl="52" path="1" offsetend="1452" fileid="243" />
                <BranchPoint vc="0" uspid="6949" ordinal="134" offset="1457" sl="52" path="0" offsetend="1462" fileid="243" />
                <BranchPoint vc="0" uspid="6950" ordinal="135" offset="1457" sl="52" path="1" offsetend="1664" fileid="243" />
                <BranchPoint vc="0" uspid="6951" ordinal="136" offset="1470" sl="52" path="0" offsetend="1472" fileid="243" />
                <BranchPoint vc="0" uspid="6952" ordinal="137" offset="1470" sl="52" path="1" offsetend="1495" fileid="243" />
                <BranchPoint vc="0" uspid="6953" ordinal="138" offset="1500" sl="52" path="0" offsetend="1505" fileid="243" />
                <BranchPoint vc="0" uspid="6954" ordinal="139" offset="1500" sl="52" path="1" offsetend="1664" fileid="243" />
                <BranchPoint vc="0" uspid="6955" ordinal="140" offset="1513" sl="52" path="0" offsetend="1515" fileid="243" />
                <BranchPoint vc="0" uspid="6956" ordinal="141" offset="1513" sl="52" path="1" offsetend="1538" fileid="243" />
                <BranchPoint vc="0" uspid="6957" ordinal="142" offset="1543" sl="52" path="0" offsetend="1545" fileid="243" />
                <BranchPoint vc="0" uspid="6958" ordinal="143" offset="1543" sl="52" path="1" offsetend="1664" fileid="243" />
                <BranchPoint vc="0" uspid="6959" ordinal="144" offset="1553" sl="52" path="0" offsetend="1555" fileid="243" />
                <BranchPoint vc="0" uspid="6960" ordinal="145" offset="1553" sl="52" path="1" offsetend="1578" fileid="243" />
                <BranchPoint vc="0" uspid="6961" ordinal="146" offset="1583" sl="52" path="0" offsetend="1585" fileid="243" />
                <BranchPoint vc="0" uspid="6962" ordinal="147" offset="1583" sl="52" path="1" offsetend="1664" fileid="243" />
                <BranchPoint vc="0" uspid="6963" ordinal="148" offset="1593" sl="52" path="0" offsetend="1595" fileid="243" />
                <BranchPoint vc="0" uspid="6964" ordinal="149" offset="1593" sl="52" path="1" offsetend="1618" fileid="243" />
                <BranchPoint vc="0" uspid="6965" ordinal="150" offset="1623" sl="52" path="0" offsetend="1625" fileid="243" />
                <BranchPoint vc="0" uspid="6966" ordinal="151" offset="1623" sl="52" path="1" offsetend="1664" fileid="243" />
                <BranchPoint vc="0" uspid="6967" ordinal="152" offset="1633" sl="52" path="0" offsetend="1635" fileid="243" />
                <BranchPoint vc="0" uspid="6968" ordinal="153" offset="1633" sl="52" path="1" offsetend="1658" fileid="243" />
              </BranchPoints>
              <MethodPoint xsi:type="SequencePoint" vc="0" uspid="6814" ordinal="0" offset="0" sl="52" sc="13" el="91" ec="71" bec="117" bev="0" fileid="243" />
            </Method>
            <Method visited="false" cyclomaticComplexity="1" nPathComplexity="0" sequenceCoverage="0" branchCoverage="0" crapScore="2" isConstructor="false" isStatic="false" isGetter="false" isSetter="false">
              <Summary numSequencePoints="1" visitedSequencePoints="0" numBranchPoints="1" visitedBranchPoints="0" sequenceCoverage="0" branchCoverage="0" maxCyclomaticComplexity="1" minCyclomaticComplexity="1" maxCrapScore="2" minCrapScore="2" visitedClasses="0" numClasses="0" visitedMethods="0" numMethods="1" />
              <MetadataToken>100664349</MetadataToken>
              <Name>System.Boolean Xunit.TestMessageVisitor::Visit(Xunit.ITestAssemblyDiscoveryFinished)</Name>
              <FileRef uid="243" />
              <SequencePoints>
                <SequencePoint vc="0" uspid="6969" ordinal="0" offset="0" sl="101" sc="13" el="101" ec="25" bec="0" bev="0" fileid="243" />
              </SequencePoints>
              <BranchPoints />
              <MethodPoint xsi:type="SequencePoint" vc="0" uspid="6969" ordinal="0" offset="0" sl="101" sc="13" el="101" ec="25" bec="0" bev="0" fileid="243" />
            </Method>
            <Method visited="false" cyclomaticComplexity="1" nPathComplexity="0" sequenceCoverage="0" branchCoverage="0" crapScore="2" isConstructor="false" isStatic="false" isGetter="false" isSetter="false">
              <Summary numSequencePoints="1" visitedSequencePoints="0" numBranchPoints="1" visitedBranchPoints="0" sequenceCoverage="0" branchCoverage="0" maxCyclomaticComplexity="1" minCyclomaticComplexity="1" maxCrapScore="2" minCrapScore="2" visitedClasses="0" numClasses="0" visitedMethods="0" numMethods="1" />
              <MetadataToken>100664350</MetadataToken>
              <Name>System.Boolean Xunit.TestMessageVisitor::Visit(Xunit.ITestAssemblyDiscoveryStarting)</Name>
              <FileRef uid="243" />
              <SequencePoints>
                <SequencePoint vc="0" uspid="6970" ordinal="0" offset="0" sl="111" sc="13" el="111" ec="25" bec="0" bev="0" fileid="243" />
              </SequencePoints>
              <BranchPoints />
              <MethodPoint xsi:type="SequencePoint" vc="0" uspid="6970" ordinal="0" offset="0" sl="111" sc="13" el="111" ec="25" bec="0" bev="0" fileid="243" />
            </Method>
            <Method visited="false" cyclomaticComplexity="1" nPathComplexity="0" sequenceCoverage="0" branchCoverage="0" crapScore="2" isConstructor="false" isStatic="false" isGetter="false" isSetter="false">
              <Summary numSequencePoints="1" visitedSequencePoints="0" numBranchPoints="1" visitedBranchPoints="0" sequenceCoverage="0" branchCoverage="0" maxCyclomaticComplexity="1" minCyclomaticComplexity="1" maxCrapScore="2" minCrapScore="2" visitedClasses="0" numClasses="0" visitedMethods="0" numMethods="1" />
              <MetadataToken>100664351</MetadataToken>
              <Name>System.Boolean Xunit.TestMessageVisitor::Visit(Xunit.ITestAssemblyExecutionFinished)</Name>
              <FileRef uid="243" />
              <SequencePoints>
                <SequencePoint vc="0" uspid="6971" ordinal="0" offset="0" sl="121" sc="13" el="121" ec="25" bec="0" bev="0" fileid="243" />
              </SequencePoints>
              <BranchPoints />
              <MethodPoint xsi:type="SequencePoint" vc="0" uspid="6971" ordinal="0" offset="0" sl="121" sc="13" el="121" ec="25" bec="0" bev="0" fileid="243" />
            </Method>
            <Method visited="false" cyclomaticComplexity="1" nPathComplexity="0" sequenceCoverage="0" branchCoverage="0" crapScore="2" isConstructor="false" isStatic="false" isGetter="false" isSetter="false">
              <Summary numSequencePoints="1" visitedSequencePoints="0" numBranchPoints="1" visitedBranchPoints="0" sequenceCoverage="0" branchCoverage="0" maxCyclomaticComplexity="1" minCyclomaticComplexity="1" maxCrapScore="2" minCrapScore="2" visitedClasses="0" numClasses="0" visitedMethods="0" numMethods="1" />
              <MetadataToken>100664352</MetadataToken>
              <Name>System.Boolean Xunit.TestMessageVisitor::Visit(Xunit.ITestAssemblyExecutionStarting)</Name>
              <FileRef uid="243" />
              <SequencePoints>
                <SequencePoint vc="0" uspid="6972" ordinal="0" offset="0" sl="131" sc="13" el="131" ec="25" bec="0" bev="0" fileid="243" />
              </SequencePoints>
              <BranchPoints />
              <MethodPoint xsi:type="SequencePoint" vc="0" uspid="6972" ordinal="0" offset="0" sl="131" sc="13" el="131" ec="25" bec="0" bev="0" fileid="243" />
            </Method>
            <Method visited="false" cyclomaticComplexity="1" nPathComplexity="0" sequenceCoverage="0" branchCoverage="0" crapScore="2" isConstructor="false" isStatic="false" isGetter="false" isSetter="false">
              <Summary numSequencePoints="1" visitedSequencePoints="0" numBranchPoints="1" visitedBranchPoints="0" sequenceCoverage="0" branchCoverage="0" maxCyclomaticComplexity="1" minCyclomaticComplexity="1" maxCrapScore="2" minCrapScore="2" visitedClasses="0" numClasses="0" visitedMethods="0" numMethods="1" />
              <MetadataToken>100664353</MetadataToken>
              <Name>System.Boolean Xunit.TestMessageVisitor::Visit(Xunit.ITestExecutionSummary)</Name>
              <FileRef uid="243" />
              <SequencePoints>
                <SequencePoint vc="0" uspid="6973" ordinal="0" offset="0" sl="141" sc="13" el="141" ec="25" bec="0" bev="0" fileid="243" />
              </SequencePoints>
              <BranchPoints />
              <MethodPoint xsi:type="SequencePoint" vc="0" uspid="6973" ordinal="0" offset="0" sl="141" sc="13" el="141" ec="25" bec="0" bev="0" fileid="243" />
            </Method>
            <Method visited="false" cyclomaticComplexity="1" nPathComplexity="0" sequenceCoverage="0" branchCoverage="0" crapScore="2" isConstructor="false" isStatic="false" isGetter="false" isSetter="false">
              <Summary numSequencePoints="1" visitedSequencePoints="0" numBranchPoints="1" visitedBranchPoints="0" sequenceCoverage="0" branchCoverage="0" maxCyclomaticComplexity="1" minCyclomaticComplexity="1" maxCrapScore="2" minCrapScore="2" visitedClasses="0" numClasses="0" visitedMethods="0" numMethods="1" />
              <MetadataToken>100664354</MetadataToken>
              <Name>System.Boolean Xunit.TestMessageVisitor::Visit(Xunit.Abstractions.IAfterTestFinished)</Name>
              <FileRef uid="243" />
              <SequencePoints>
                <SequencePoint vc="0" uspid="6974" ordinal="0" offset="0" sl="151" sc="13" el="151" ec="25" bec="0" bev="0" fileid="243" />
              </SequencePoints>
              <BranchPoints />
              <MethodPoint xsi:type="SequencePoint" vc="0" uspid="6974" ordinal="0" offset="0" sl="151" sc="13" el="151" ec="25" bec="0" bev="0" fileid="243" />
            </Method>
            <Method visited="false" cyclomaticComplexity="1" nPathComplexity="0" sequenceCoverage="0" branchCoverage="0" crapScore="2" isConstructor="false" isStatic="false" isGetter="false" isSetter="false">
              <Summary numSequencePoints="1" visitedSequencePoints="0" numBranchPoints="1" visitedBranchPoints="0" sequenceCoverage="0" branchCoverage="0" maxCyclomaticComplexity="1" minCyclomaticComplexity="1" maxCrapScore="2" minCrapScore="2" visitedClasses="0" numClasses="0" visitedMethods="0" numMethods="1" />
              <MetadataToken>100664355</MetadataToken>
              <Name>System.Boolean Xunit.TestMessageVisitor::Visit(Xunit.Abstractions.IAfterTestStarting)</Name>
              <FileRef uid="243" />
              <SequencePoints>
                <SequencePoint vc="0" uspid="6975" ordinal="0" offset="0" sl="161" sc="13" el="161" ec="25" bec="0" bev="0" fileid="243" />
              </SequencePoints>
              <BranchPoints />
              <MethodPoint xsi:type="SequencePoint" vc="0" uspid="6975" ordinal="0" offset="0" sl="161" sc="13" el="161" ec="25" bec="0" bev="0" fileid="243" />
            </Method>
            <Method visited="false" cyclomaticComplexity="1" nPathComplexity="0" sequenceCoverage="0" branchCoverage="0" crapScore="2" isConstructor="false" isStatic="false" isGetter="false" isSetter="false">
              <Summary numSequencePoints="1" visitedSequencePoints="0" numBranchPoints="1" visitedBranchPoints="0" sequenceCoverage="0" branchCoverage="0" maxCyclomaticComplexity="1" minCyclomaticComplexity="1" maxCrapScore="2" minCrapScore="2" visitedClasses="0" numClasses="0" visitedMethods="0" numMethods="1" />
              <MetadataToken>100664356</MetadataToken>
              <Name>System.Boolean Xunit.TestMessageVisitor::Visit(Xunit.Abstractions.IBeforeTestFinished)</Name>
              <FileRef uid="243" />
              <SequencePoints>
                <SequencePoint vc="0" uspid="6976" ordinal="0" offset="0" sl="171" sc="13" el="171" ec="25" bec="0" bev="0" fileid="243" />
              </SequencePoints>
              <BranchPoints />
              <MethodPoint xsi:type="SequencePoint" vc="0" uspid="6976" ordinal="0" offset="0" sl="171" sc="13" el="171" ec="25" bec="0" bev="0" fileid="243" />
            </Method>
            <Method visited="false" cyclomaticComplexity="1" nPathComplexity="0" sequenceCoverage="0" branchCoverage="0" crapScore="2" isConstructor="false" isStatic="false" isGetter="false" isSetter="false">
              <Summary numSequencePoints="1" visitedSequencePoints="0" numBranchPoints="1" visitedBranchPoints="0" sequenceCoverage="0" branchCoverage="0" maxCyclomaticComplexity="1" minCyclomaticComplexity="1" maxCrapScore="2" minCrapScore="2" visitedClasses="0" numClasses="0" visitedMethods="0" numMethods="1" />
              <MetadataToken>100664357</MetadataToken>
              <Name>System.Boolean Xunit.TestMessageVisitor::Visit(Xunit.Abstractions.IBeforeTestStarting)</Name>
              <FileRef uid="243" />
              <SequencePoints>
                <SequencePoint vc="0" uspid="6977" ordinal="0" offset="0" sl="181" sc="13" el="181" ec="25" bec="0" bev="0" fileid="243" />
              </SequencePoints>
              <BranchPoints />
              <MethodPoint xsi:type="SequencePoint" vc="0" uspid="6977" ordinal="0" offset="0" sl="181" sc="13" el="181" ec="25" bec="0" bev="0" fileid="243" />
            </Method>
            <Method visited="false" cyclomaticComplexity="1" nPathComplexity="0" sequenceCoverage="0" branchCoverage="0" crapScore="2" isConstructor="false" isStatic="false" isGetter="false" isSetter="false">
              <Summary numSequencePoints="1" visitedSequencePoints="0" numBranchPoints="1" visitedBranchPoints="0" sequenceCoverage="0" branchCoverage="0" maxCyclomaticComplexity="1" minCyclomaticComplexity="1" maxCrapScore="2" minCrapScore="2" visitedClasses="0" numClasses="0" visitedMethods="0" numMethods="1" />
              <MetadataToken>100664358</MetadataToken>
              <Name>System.Boolean Xunit.TestMessageVisitor::Visit(Xunit.Abstractions.IDiagnosticMessage)</Name>
              <FileRef uid="243" />
              <SequencePoints>
                <SequencePoint vc="0" uspid="6978" ordinal="0" offset="0" sl="191" sc="13" el="191" ec="25" bec="0" bev="0" fileid="243" />
              </SequencePoints>
              <BranchPoints />
              <MethodPoint xsi:type="SequencePoint" vc="0" uspid="6978" ordinal="0" offset="0" sl="191" sc="13" el="191" ec="25" bec="0" bev="0" fileid="243" />
            </Method>
            <Method visited="false" cyclomaticComplexity="1" nPathComplexity="0" sequenceCoverage="0" branchCoverage="0" crapScore="2" isConstructor="false" isStatic="false" isGetter="false" isSetter="false">
              <Summary numSequencePoints="1" visitedSequencePoints="0" numBranchPoints="1" visitedBranchPoints="0" sequenceCoverage="0" branchCoverage="0" maxCyclomaticComplexity="1" minCyclomaticComplexity="1" maxCrapScore="2" minCrapScore="2" visitedClasses="0" numClasses="0" visitedMethods="0" numMethods="1" />
              <MetadataToken>100664359</MetadataToken>
              <Name>System.Boolean Xunit.TestMessageVisitor::Visit(Xunit.Abstractions.IDiscoveryCompleteMessage)</Name>
              <FileRef uid="243" />
              <SequencePoints>
                <SequencePoint vc="0" uspid="6979" ordinal="0" offset="0" sl="201" sc="13" el="201" ec="25" bec="0" bev="0" fileid="243" />
              </SequencePoints>
              <BranchPoints />
              <MethodPoint xsi:type="SequencePoint" vc="0" uspid="6979" ordinal="0" offset="0" sl="201" sc="13" el="201" ec="25" bec="0" bev="0" fileid="243" />
            </Method>
            <Method visited="false" cyclomaticComplexity="1" nPathComplexity="0" sequenceCoverage="0" branchCoverage="0" crapScore="2" isConstructor="false" isStatic="false" isGetter="false" isSetter="false">
              <Summary numSequencePoints="1" visitedSequencePoints="0" numBranchPoints="1" visitedBranchPoints="0" sequenceCoverage="0" branchCoverage="0" maxCyclomaticComplexity="1" minCyclomaticComplexity="1" maxCrapScore="2" minCrapScore="2" visitedClasses="0" numClasses="0" visitedMethods="0" numMethods="1" />
              <MetadataToken>100664360</MetadataToken>
              <Name>System.Boolean Xunit.TestMessageVisitor::Visit(Xunit.Abstractions.IErrorMessage)</Name>
              <FileRef uid="243" />
              <SequencePoints>
                <SequencePoint vc="0" uspid="6980" ordinal="0" offset="0" sl="211" sc="13" el="211" ec="25" bec="0" bev="0" fileid="243" />
              </SequencePoints>
              <BranchPoints />
              <MethodPoint xsi:type="SequencePoint" vc="0" uspid="6980" ordinal="0" offset="0" sl="211" sc="13" el="211" ec="25" bec="0" bev="0" fileid="243" />
            </Method>
            <Method visited="false" cyclomaticComplexity="1" nPathComplexity="0" sequenceCoverage="0" branchCoverage="0" crapScore="2" isConstructor="false" isStatic="false" isGetter="false" isSetter="false">
              <Summary numSequencePoints="1" visitedSequencePoints="0" numBranchPoints="1" visitedBranchPoints="0" sequenceCoverage="0" branchCoverage="0" maxCyclomaticComplexity="1" minCyclomaticComplexity="1" maxCrapScore="2" minCrapScore="2" visitedClasses="0" numClasses="0" visitedMethods="0" numMethods="1" />
              <MetadataToken>100664361</MetadataToken>
              <Name>System.Boolean Xunit.TestMessageVisitor::Visit(Xunit.Abstractions.ITestAssemblyCleanupFailure)</Name>
              <FileRef uid="243" />
              <SequencePoints>
                <SequencePoint vc="0" uspid="6981" ordinal="0" offset="0" sl="221" sc="13" el="221" ec="25" bec="0" bev="0" fileid="243" />
              </SequencePoints>
              <BranchPoints />
              <MethodPoint xsi:type="SequencePoint" vc="0" uspid="6981" ordinal="0" offset="0" sl="221" sc="13" el="221" ec="25" bec="0" bev="0" fileid="243" />
            </Method>
            <Method visited="false" cyclomaticComplexity="1" nPathComplexity="0" sequenceCoverage="0" branchCoverage="0" crapScore="2" isConstructor="false" isStatic="false" isGetter="false" isSetter="false">
              <Summary numSequencePoints="1" visitedSequencePoints="0" numBranchPoints="1" visitedBranchPoints="0" sequenceCoverage="0" branchCoverage="0" maxCyclomaticComplexity="1" minCyclomaticComplexity="1" maxCrapScore="2" minCrapScore="2" visitedClasses="0" numClasses="0" visitedMethods="0" numMethods="1" />
              <MetadataToken>100664362</MetadataToken>
              <Name>System.Boolean Xunit.TestMessageVisitor::Visit(Xunit.Abstractions.ITestAssemblyFinished)</Name>
              <FileRef uid="243" />
              <SequencePoints>
                <SequencePoint vc="0" uspid="6982" ordinal="0" offset="0" sl="231" sc="13" el="231" ec="25" bec="0" bev="0" fileid="243" />
              </SequencePoints>
              <BranchPoints />
              <MethodPoint xsi:type="SequencePoint" vc="0" uspid="6982" ordinal="0" offset="0" sl="231" sc="13" el="231" ec="25" bec="0" bev="0" fileid="243" />
            </Method>
            <Method visited="false" cyclomaticComplexity="1" nPathComplexity="0" sequenceCoverage="0" branchCoverage="0" crapScore="2" isConstructor="false" isStatic="false" isGetter="false" isSetter="false">
              <Summary numSequencePoints="1" visitedSequencePoints="0" numBranchPoints="1" visitedBranchPoints="0" sequenceCoverage="0" branchCoverage="0" maxCyclomaticComplexity="1" minCyclomaticComplexity="1" maxCrapScore="2" minCrapScore="2" visitedClasses="0" numClasses="0" visitedMethods="0" numMethods="1" />
              <MetadataToken>100664363</MetadataToken>
              <Name>System.Boolean Xunit.TestMessageVisitor::Visit(Xunit.Abstractions.ITestAssemblyStarting)</Name>
              <FileRef uid="243" />
              <SequencePoints>
                <SequencePoint vc="0" uspid="6983" ordinal="0" offset="0" sl="241" sc="13" el="241" ec="25" bec="0" bev="0" fileid="243" />
              </SequencePoints>
              <BranchPoints />
              <MethodPoint xsi:type="SequencePoint" vc="0" uspid="6983" ordinal="0" offset="0" sl="241" sc="13" el="241" ec="25" bec="0" bev="0" fileid="243" />
            </Method>
            <Method visited="false" cyclomaticComplexity="1" nPathComplexity="0" sequenceCoverage="0" branchCoverage="0" crapScore="2" isConstructor="false" isStatic="false" isGetter="false" isSetter="false">
              <Summary numSequencePoints="1" visitedSequencePoints="0" numBranchPoints="1" visitedBranchPoints="0" sequenceCoverage="0" branchCoverage="0" maxCyclomaticComplexity="1" minCyclomaticComplexity="1" maxCrapScore="2" minCrapScore="2" visitedClasses="0" numClasses="0" visitedMethods="0" numMethods="1" />
              <MetadataToken>100664364</MetadataToken>
              <Name>System.Boolean Xunit.TestMessageVisitor::Visit(Xunit.Abstractions.ITestCaseCleanupFailure)</Name>
              <FileRef uid="243" />
              <SequencePoints>
                <SequencePoint vc="0" uspid="6984" ordinal="0" offset="0" sl="251" sc="13" el="251" ec="25" bec="0" bev="0" fileid="243" />
              </SequencePoints>
              <BranchPoints />
              <MethodPoint xsi:type="SequencePoint" vc="0" uspid="6984" ordinal="0" offset="0" sl="251" sc="13" el="251" ec="25" bec="0" bev="0" fileid="243" />
            </Method>
            <Method visited="false" cyclomaticComplexity="1" nPathComplexity="0" sequenceCoverage="0" branchCoverage="0" crapScore="2" isConstructor="false" isStatic="false" isGetter="false" isSetter="false">
              <Summary numSequencePoints="1" visitedSequencePoints="0" numBranchPoints="1" visitedBranchPoints="0" sequenceCoverage="0" branchCoverage="0" maxCyclomaticComplexity="1" minCyclomaticComplexity="1" maxCrapScore="2" minCrapScore="2" visitedClasses="0" numClasses="0" visitedMethods="0" numMethods="1" />
              <MetadataToken>100664365</MetadataToken>
              <Name>System.Boolean Xunit.TestMessageVisitor::Visit(Xunit.Abstractions.ITestCaseDiscoveryMessage)</Name>
              <FileRef uid="243" />
              <SequencePoints>
                <SequencePoint vc="0" uspid="6985" ordinal="0" offset="0" sl="261" sc="13" el="261" ec="25" bec="0" bev="0" fileid="243" />
              </SequencePoints>
              <BranchPoints />
              <MethodPoint xsi:type="SequencePoint" vc="0" uspid="6985" ordinal="0" offset="0" sl="261" sc="13" el="261" ec="25" bec="0" bev="0" fileid="243" />
            </Method>
            <Method visited="false" cyclomaticComplexity="1" nPathComplexity="0" sequenceCoverage="0" branchCoverage="0" crapScore="2" isConstructor="false" isStatic="false" isGetter="false" isSetter="false">
              <Summary numSequencePoints="1" visitedSequencePoints="0" numBranchPoints="1" visitedBranchPoints="0" sequenceCoverage="0" branchCoverage="0" maxCyclomaticComplexity="1" minCyclomaticComplexity="1" maxCrapScore="2" minCrapScore="2" visitedClasses="0" numClasses="0" visitedMethods="0" numMethods="1" />
              <MetadataToken>100664366</MetadataToken>
              <Name>System.Boolean Xunit.TestMessageVisitor::Visit(Xunit.Abstractions.ITestCaseFinished)</Name>
              <FileRef uid="243" />
              <SequencePoints>
                <SequencePoint vc="0" uspid="6986" ordinal="0" offset="0" sl="271" sc="13" el="271" ec="25" bec="0" bev="0" fileid="243" />
              </SequencePoints>
              <BranchPoints />
              <MethodPoint xsi:type="SequencePoint" vc="0" uspid="6986" ordinal="0" offset="0" sl="271" sc="13" el="271" ec="25" bec="0" bev="0" fileid="243" />
            </Method>
            <Method visited="false" cyclomaticComplexity="1" nPathComplexity="0" sequenceCoverage="0" branchCoverage="0" crapScore="2" isConstructor="false" isStatic="false" isGetter="false" isSetter="false">
              <Summary numSequencePoints="1" visitedSequencePoints="0" numBranchPoints="1" visitedBranchPoints="0" sequenceCoverage="0" branchCoverage="0" maxCyclomaticComplexity="1" minCyclomaticComplexity="1" maxCrapScore="2" minCrapScore="2" visitedClasses="0" numClasses="0" visitedMethods="0" numMethods="1" />
              <MetadataToken>100664367</MetadataToken>
              <Name>System.Boolean Xunit.TestMessageVisitor::Visit(Xunit.Abstractions.ITestOutput)</Name>
              <FileRef uid="243" />
              <SequencePoints>
                <SequencePoint vc="0" uspid="6987" ordinal="0" offset="0" sl="281" sc="13" el="281" ec="25" bec="0" bev="0" fileid="243" />
              </SequencePoints>
              <BranchPoints />
              <MethodPoint xsi:type="SequencePoint" vc="0" uspid="6987" ordinal="0" offset="0" sl="281" sc="13" el="281" ec="25" bec="0" bev="0" fileid="243" />
            </Method>
            <Method visited="false" cyclomaticComplexity="1" nPathComplexity="0" sequenceCoverage="0" branchCoverage="0" crapScore="2" isConstructor="false" isStatic="false" isGetter="false" isSetter="false">
              <Summary numSequencePoints="1" visitedSequencePoints="0" numBranchPoints="1" visitedBranchPoints="0" sequenceCoverage="0" branchCoverage="0" maxCyclomaticComplexity="1" minCyclomaticComplexity="1" maxCrapScore="2" minCrapScore="2" visitedClasses="0" numClasses="0" visitedMethods="0" numMethods="1" />
              <MetadataToken>100664368</MetadataToken>
              <Name>System.Boolean Xunit.TestMessageVisitor::Visit(Xunit.Abstractions.ITestCaseStarting)</Name>
              <FileRef uid="243" />
              <SequencePoints>
                <SequencePoint vc="0" uspid="6988" ordinal="0" offset="0" sl="291" sc="13" el="291" ec="25" bec="0" bev="0" fileid="243" />
              </SequencePoints>
              <BranchPoints />
              <MethodPoint xsi:type="SequencePoint" vc="0" uspid="6988" ordinal="0" offset="0" sl="291" sc="13" el="291" ec="25" bec="0" bev="0" fileid="243" />
            </Method>
            <Method visited="false" cyclomaticComplexity="1" nPathComplexity="0" sequenceCoverage="0" branchCoverage="0" crapScore="2" isConstructor="false" isStatic="false" isGetter="false" isSetter="false">
              <Summary numSequencePoints="1" visitedSequencePoints="0" numBranchPoints="1" visitedBranchPoints="0" sequenceCoverage="0" branchCoverage="0" maxCyclomaticComplexity="1" minCyclomaticComplexity="1" maxCrapScore="2" minCrapScore="2" visitedClasses="0" numClasses="0" visitedMethods="0" numMethods="1" />
              <MetadataToken>100664369</MetadataToken>
              <Name>System.Boolean Xunit.TestMessageVisitor::Visit(Xunit.Abstractions.ITestClassCleanupFailure)</Name>
              <FileRef uid="243" />
              <SequencePoints>
                <SequencePoint vc="0" uspid="6989" ordinal="0" offset="0" sl="301" sc="13" el="301" ec="25" bec="0" bev="0" fileid="243" />
              </SequencePoints>
              <BranchPoints />
              <MethodPoint xsi:type="SequencePoint" vc="0" uspid="6989" ordinal="0" offset="0" sl="301" sc="13" el="301" ec="25" bec="0" bev="0" fileid="243" />
            </Method>
            <Method visited="false" cyclomaticComplexity="1" nPathComplexity="0" sequenceCoverage="0" branchCoverage="0" crapScore="2" isConstructor="false" isStatic="false" isGetter="false" isSetter="false">
              <Summary numSequencePoints="1" visitedSequencePoints="0" numBranchPoints="1" visitedBranchPoints="0" sequenceCoverage="0" branchCoverage="0" maxCyclomaticComplexity="1" minCyclomaticComplexity="1" maxCrapScore="2" minCrapScore="2" visitedClasses="0" numClasses="0" visitedMethods="0" numMethods="1" />
              <MetadataToken>100664370</MetadataToken>
              <Name>System.Boolean Xunit.TestMessageVisitor::Visit(Xunit.Abstractions.ITestClassConstructionFinished)</Name>
              <FileRef uid="243" />
              <SequencePoints>
                <SequencePoint vc="0" uspid="6990" ordinal="0" offset="0" sl="311" sc="13" el="311" ec="25" bec="0" bev="0" fileid="243" />
              </SequencePoints>
              <BranchPoints />
              <MethodPoint xsi:type="SequencePoint" vc="0" uspid="6990" ordinal="0" offset="0" sl="311" sc="13" el="311" ec="25" bec="0" bev="0" fileid="243" />
            </Method>
            <Method visited="false" cyclomaticComplexity="1" nPathComplexity="0" sequenceCoverage="0" branchCoverage="0" crapScore="2" isConstructor="false" isStatic="false" isGetter="false" isSetter="false">
              <Summary numSequencePoints="1" visitedSequencePoints="0" numBranchPoints="1" visitedBranchPoints="0" sequenceCoverage="0" branchCoverage="0" maxCyclomaticComplexity="1" minCyclomaticComplexity="1" maxCrapScore="2" minCrapScore="2" visitedClasses="0" numClasses="0" visitedMethods="0" numMethods="1" />
              <MetadataToken>100664371</MetadataToken>
              <Name>System.Boolean Xunit.TestMessageVisitor::Visit(Xunit.Abstractions.ITestClassConstructionStarting)</Name>
              <FileRef uid="243" />
              <SequencePoints>
                <SequencePoint vc="0" uspid="6991" ordinal="0" offset="0" sl="321" sc="13" el="321" ec="25" bec="0" bev="0" fileid="243" />
              </SequencePoints>
              <BranchPoints />
              <MethodPoint xsi:type="SequencePoint" vc="0" uspid="6991" ordinal="0" offset="0" sl="321" sc="13" el="321" ec="25" bec="0" bev="0" fileid="243" />
            </Method>
            <Method visited="false" cyclomaticComplexity="1" nPathComplexity="0" sequenceCoverage="0" branchCoverage="0" crapScore="2" isConstructor="false" isStatic="false" isGetter="false" isSetter="false">
              <Summary numSequencePoints="1" visitedSequencePoints="0" numBranchPoints="1" visitedBranchPoints="0" sequenceCoverage="0" branchCoverage="0" maxCyclomaticComplexity="1" minCyclomaticComplexity="1" maxCrapScore="2" minCrapScore="2" visitedClasses="0" numClasses="0" visitedMethods="0" numMethods="1" />
              <MetadataToken>100664372</MetadataToken>
              <Name>System.Boolean Xunit.TestMessageVisitor::Visit(Xunit.Abstractions.ITestClassDisposeFinished)</Name>
              <FileRef uid="243" />
              <SequencePoints>
                <SequencePoint vc="0" uspid="6992" ordinal="0" offset="0" sl="331" sc="13" el="331" ec="25" bec="0" bev="0" fileid="243" />
              </SequencePoints>
              <BranchPoints />
              <MethodPoint xsi:type="SequencePoint" vc="0" uspid="6992" ordinal="0" offset="0" sl="331" sc="13" el="331" ec="25" bec="0" bev="0" fileid="243" />
            </Method>
            <Method visited="false" cyclomaticComplexity="1" nPathComplexity="0" sequenceCoverage="0" branchCoverage="0" crapScore="2" isConstructor="false" isStatic="false" isGetter="false" isSetter="false">
              <Summary numSequencePoints="1" visitedSequencePoints="0" numBranchPoints="1" visitedBranchPoints="0" sequenceCoverage="0" branchCoverage="0" maxCyclomaticComplexity="1" minCyclomaticComplexity="1" maxCrapScore="2" minCrapScore="2" visitedClasses="0" numClasses="0" visitedMethods="0" numMethods="1" />
              <MetadataToken>100664373</MetadataToken>
              <Name>System.Boolean Xunit.TestMessageVisitor::Visit(Xunit.Abstractions.ITestClassDisposeStarting)</Name>
              <FileRef uid="243" />
              <SequencePoints>
                <SequencePoint vc="0" uspid="6993" ordinal="0" offset="0" sl="341" sc="13" el="341" ec="25" bec="0" bev="0" fileid="243" />
              </SequencePoints>
              <BranchPoints />
              <MethodPoint xsi:type="SequencePoint" vc="0" uspid="6993" ordinal="0" offset="0" sl="341" sc="13" el="341" ec="25" bec="0" bev="0" fileid="243" />
            </Method>
            <Method visited="false" cyclomaticComplexity="1" nPathComplexity="0" sequenceCoverage="0" branchCoverage="0" crapScore="2" isConstructor="false" isStatic="false" isGetter="false" isSetter="false">
              <Summary numSequencePoints="1" visitedSequencePoints="0" numBranchPoints="1" visitedBranchPoints="0" sequenceCoverage="0" branchCoverage="0" maxCyclomaticComplexity="1" minCyclomaticComplexity="1" maxCrapScore="2" minCrapScore="2" visitedClasses="0" numClasses="0" visitedMethods="0" numMethods="1" />
              <MetadataToken>100664374</MetadataToken>
              <Name>System.Boolean Xunit.TestMessageVisitor::Visit(Xunit.Abstractions.ITestClassFinished)</Name>
              <FileRef uid="243" />
              <SequencePoints>
                <SequencePoint vc="0" uspid="6994" ordinal="0" offset="0" sl="351" sc="13" el="351" ec="25" bec="0" bev="0" fileid="243" />
              </SequencePoints>
              <BranchPoints />
              <MethodPoint xsi:type="SequencePoint" vc="0" uspid="6994" ordinal="0" offset="0" sl="351" sc="13" el="351" ec="25" bec="0" bev="0" fileid="243" />
            </Method>
            <Method visited="false" cyclomaticComplexity="1" nPathComplexity="0" sequenceCoverage="0" branchCoverage="0" crapScore="2" isConstructor="false" isStatic="false" isGetter="false" isSetter="false">
              <Summary numSequencePoints="1" visitedSequencePoints="0" numBranchPoints="1" visitedBranchPoints="0" sequenceCoverage="0" branchCoverage="0" maxCyclomaticComplexity="1" minCyclomaticComplexity="1" maxCrapScore="2" minCrapScore="2" visitedClasses="0" numClasses="0" visitedMethods="0" numMethods="1" />
              <MetadataToken>100664375</MetadataToken>
              <Name>System.Boolean Xunit.TestMessageVisitor::Visit(Xunit.Abstractions.ITestClassStarting)</Name>
              <FileRef uid="243" />
              <SequencePoints>
                <SequencePoint vc="0" uspid="6995" ordinal="0" offset="0" sl="361" sc="13" el="361" ec="25" bec="0" bev="0" fileid="243" />
              </SequencePoints>
              <BranchPoints />
              <MethodPoint xsi:type="SequencePoint" vc="0" uspid="6995" ordinal="0" offset="0" sl="361" sc="13" el="361" ec="25" bec="0" bev="0" fileid="243" />
            </Method>
            <Method visited="false" cyclomaticComplexity="1" nPathComplexity="0" sequenceCoverage="0" branchCoverage="0" crapScore="2" isConstructor="false" isStatic="false" isGetter="false" isSetter="false">
              <Summary numSequencePoints="1" visitedSequencePoints="0" numBranchPoints="1" visitedBranchPoints="0" sequenceCoverage="0" branchCoverage="0" maxCyclomaticComplexity="1" minCyclomaticComplexity="1" maxCrapScore="2" minCrapScore="2" visitedClasses="0" numClasses="0" visitedMethods="0" numMethods="1" />
              <MetadataToken>100664376</MetadataToken>
              <Name>System.Boolean Xunit.TestMessageVisitor::Visit(Xunit.Abstractions.ITestCleanupFailure)</Name>
              <FileRef uid="243" />
              <SequencePoints>
                <SequencePoint vc="0" uspid="6996" ordinal="0" offset="0" sl="371" sc="13" el="371" ec="25" bec="0" bev="0" fileid="243" />
              </SequencePoints>
              <BranchPoints />
              <MethodPoint xsi:type="SequencePoint" vc="0" uspid="6996" ordinal="0" offset="0" sl="371" sc="13" el="371" ec="25" bec="0" bev="0" fileid="243" />
            </Method>
            <Method visited="false" cyclomaticComplexity="1" nPathComplexity="0" sequenceCoverage="0" branchCoverage="0" crapScore="2" isConstructor="false" isStatic="false" isGetter="false" isSetter="false">
              <Summary numSequencePoints="1" visitedSequencePoints="0" numBranchPoints="1" visitedBranchPoints="0" sequenceCoverage="0" branchCoverage="0" maxCyclomaticComplexity="1" minCyclomaticComplexity="1" maxCrapScore="2" minCrapScore="2" visitedClasses="0" numClasses="0" visitedMethods="0" numMethods="1" />
              <MetadataToken>100664377</MetadataToken>
              <Name>System.Boolean Xunit.TestMessageVisitor::Visit(Xunit.Abstractions.ITestCollectionCleanupFailure)</Name>
              <FileRef uid="243" />
              <SequencePoints>
                <SequencePoint vc="0" uspid="6997" ordinal="0" offset="0" sl="381" sc="13" el="381" ec="25" bec="0" bev="0" fileid="243" />
              </SequencePoints>
              <BranchPoints />
              <MethodPoint xsi:type="SequencePoint" vc="0" uspid="6997" ordinal="0" offset="0" sl="381" sc="13" el="381" ec="25" bec="0" bev="0" fileid="243" />
            </Method>
            <Method visited="false" cyclomaticComplexity="1" nPathComplexity="0" sequenceCoverage="0" branchCoverage="0" crapScore="2" isConstructor="false" isStatic="false" isGetter="false" isSetter="false">
              <Summary numSequencePoints="1" visitedSequencePoints="0" numBranchPoints="1" visitedBranchPoints="0" sequenceCoverage="0" branchCoverage="0" maxCyclomaticComplexity="1" minCyclomaticComplexity="1" maxCrapScore="2" minCrapScore="2" visitedClasses="0" numClasses="0" visitedMethods="0" numMethods="1" />
              <MetadataToken>100664378</MetadataToken>
              <Name>System.Boolean Xunit.TestMessageVisitor::Visit(Xunit.Abstractions.ITestCollectionFinished)</Name>
              <FileRef uid="243" />
              <SequencePoints>
                <SequencePoint vc="0" uspid="6998" ordinal="0" offset="0" sl="391" sc="13" el="391" ec="25" bec="0" bev="0" fileid="243" />
              </SequencePoints>
              <BranchPoints />
              <MethodPoint xsi:type="SequencePoint" vc="0" uspid="6998" ordinal="0" offset="0" sl="391" sc="13" el="391" ec="25" bec="0" bev="0" fileid="243" />
            </Method>
            <Method visited="false" cyclomaticComplexity="1" nPathComplexity="0" sequenceCoverage="0" branchCoverage="0" crapScore="2" isConstructor="false" isStatic="false" isGetter="false" isSetter="false">
              <Summary numSequencePoints="1" visitedSequencePoints="0" numBranchPoints="1" visitedBranchPoints="0" sequenceCoverage="0" branchCoverage="0" maxCyclomaticComplexity="1" minCyclomaticComplexity="1" maxCrapScore="2" minCrapScore="2" visitedClasses="0" numClasses="0" visitedMethods="0" numMethods="1" />
              <MetadataToken>100664379</MetadataToken>
              <Name>System.Boolean Xunit.TestMessageVisitor::Visit(Xunit.Abstractions.ITestCollectionStarting)</Name>
              <FileRef uid="243" />
              <SequencePoints>
                <SequencePoint vc="0" uspid="6999" ordinal="0" offset="0" sl="401" sc="13" el="401" ec="25" bec="0" bev="0" fileid="243" />
              </SequencePoints>
              <BranchPoints />
              <MethodPoint xsi:type="SequencePoint" vc="0" uspid="6999" ordinal="0" offset="0" sl="401" sc="13" el="401" ec="25" bec="0" bev="0" fileid="243" />
            </Method>
            <Method visited="false" cyclomaticComplexity="1" nPathComplexity="0" sequenceCoverage="0" branchCoverage="0" crapScore="2" isConstructor="false" isStatic="false" isGetter="false" isSetter="false">
              <Summary numSequencePoints="1" visitedSequencePoints="0" numBranchPoints="1" visitedBranchPoints="0" sequenceCoverage="0" branchCoverage="0" maxCyclomaticComplexity="1" minCyclomaticComplexity="1" maxCrapScore="2" minCrapScore="2" visitedClasses="0" numClasses="0" visitedMethods="0" numMethods="1" />
              <MetadataToken>100664380</MetadataToken>
              <Name>System.Boolean Xunit.TestMessageVisitor::Visit(Xunit.Abstractions.ITestFailed)</Name>
              <FileRef uid="243" />
              <SequencePoints>
                <SequencePoint vc="0" uspid="7000" ordinal="0" offset="0" sl="411" sc="13" el="411" ec="25" bec="0" bev="0" fileid="243" />
              </SequencePoints>
              <BranchPoints />
              <MethodPoint xsi:type="SequencePoint" vc="0" uspid="7000" ordinal="0" offset="0" sl="411" sc="13" el="411" ec="25" bec="0" bev="0" fileid="243" />
            </Method>
            <Method visited="false" cyclomaticComplexity="1" nPathComplexity="0" sequenceCoverage="0" branchCoverage="0" crapScore="2" isConstructor="false" isStatic="false" isGetter="false" isSetter="false">
              <Summary numSequencePoints="1" visitedSequencePoints="0" numBranchPoints="1" visitedBranchPoints="0" sequenceCoverage="0" branchCoverage="0" maxCyclomaticComplexity="1" minCyclomaticComplexity="1" maxCrapScore="2" minCrapScore="2" visitedClasses="0" numClasses="0" visitedMethods="0" numMethods="1" />
              <MetadataToken>100664381</MetadataToken>
              <Name>System.Boolean Xunit.TestMessageVisitor::Visit(Xunit.Abstractions.ITestFinished)</Name>
              <FileRef uid="243" />
              <SequencePoints>
                <SequencePoint vc="0" uspid="7001" ordinal="0" offset="0" sl="421" sc="13" el="421" ec="25" bec="0" bev="0" fileid="243" />
              </SequencePoints>
              <BranchPoints />
              <MethodPoint xsi:type="SequencePoint" vc="0" uspid="7001" ordinal="0" offset="0" sl="421" sc="13" el="421" ec="25" bec="0" bev="0" fileid="243" />
            </Method>
            <Method visited="false" cyclomaticComplexity="1" nPathComplexity="0" sequenceCoverage="0" branchCoverage="0" crapScore="2" isConstructor="false" isStatic="false" isGetter="false" isSetter="false">
              <Summary numSequencePoints="1" visitedSequencePoints="0" numBranchPoints="1" visitedBranchPoints="0" sequenceCoverage="0" branchCoverage="0" maxCyclomaticComplexity="1" minCyclomaticComplexity="1" maxCrapScore="2" minCrapScore="2" visitedClasses="0" numClasses="0" visitedMethods="0" numMethods="1" />
              <MetadataToken>100664382</MetadataToken>
              <Name>System.Boolean Xunit.TestMessageVisitor::Visit(Xunit.Abstractions.ITestMethodCleanupFailure)</Name>
              <FileRef uid="243" />
              <SequencePoints>
                <SequencePoint vc="0" uspid="7002" ordinal="0" offset="0" sl="431" sc="13" el="431" ec="25" bec="0" bev="0" fileid="243" />
              </SequencePoints>
              <BranchPoints />
              <MethodPoint xsi:type="SequencePoint" vc="0" uspid="7002" ordinal="0" offset="0" sl="431" sc="13" el="431" ec="25" bec="0" bev="0" fileid="243" />
            </Method>
            <Method visited="false" cyclomaticComplexity="1" nPathComplexity="0" sequenceCoverage="0" branchCoverage="0" crapScore="2" isConstructor="false" isStatic="false" isGetter="false" isSetter="false">
              <Summary numSequencePoints="1" visitedSequencePoints="0" numBranchPoints="1" visitedBranchPoints="0" sequenceCoverage="0" branchCoverage="0" maxCyclomaticComplexity="1" minCyclomaticComplexity="1" maxCrapScore="2" minCrapScore="2" visitedClasses="0" numClasses="0" visitedMethods="0" numMethods="1" />
              <MetadataToken>100664383</MetadataToken>
              <Name>System.Boolean Xunit.TestMessageVisitor::Visit(Xunit.Abstractions.ITestMethodFinished)</Name>
              <FileRef uid="243" />
              <SequencePoints>
                <SequencePoint vc="0" uspid="7003" ordinal="0" offset="0" sl="441" sc="13" el="441" ec="25" bec="0" bev="0" fileid="243" />
              </SequencePoints>
              <BranchPoints />
              <MethodPoint xsi:type="SequencePoint" vc="0" uspid="7003" ordinal="0" offset="0" sl="441" sc="13" el="441" ec="25" bec="0" bev="0" fileid="243" />
            </Method>
            <Method visited="false" cyclomaticComplexity="1" nPathComplexity="0" sequenceCoverage="0" branchCoverage="0" crapScore="2" isConstructor="false" isStatic="false" isGetter="false" isSetter="false">
              <Summary numSequencePoints="1" visitedSequencePoints="0" numBranchPoints="1" visitedBranchPoints="0" sequenceCoverage="0" branchCoverage="0" maxCyclomaticComplexity="1" minCyclomaticComplexity="1" maxCrapScore="2" minCrapScore="2" visitedClasses="0" numClasses="0" visitedMethods="0" numMethods="1" />
              <MetadataToken>100664384</MetadataToken>
              <Name>System.Boolean Xunit.TestMessageVisitor::Visit(Xunit.Abstractions.ITestMethodStarting)</Name>
              <FileRef uid="243" />
              <SequencePoints>
                <SequencePoint vc="0" uspid="7004" ordinal="0" offset="0" sl="451" sc="13" el="451" ec="25" bec="0" bev="0" fileid="243" />
              </SequencePoints>
              <BranchPoints />
              <MethodPoint xsi:type="SequencePoint" vc="0" uspid="7004" ordinal="0" offset="0" sl="451" sc="13" el="451" ec="25" bec="0" bev="0" fileid="243" />
            </Method>
            <Method visited="false" cyclomaticComplexity="1" nPathComplexity="0" sequenceCoverage="0" branchCoverage="0" crapScore="2" isConstructor="false" isStatic="false" isGetter="false" isSetter="false">
              <Summary numSequencePoints="1" visitedSequencePoints="0" numBranchPoints="1" visitedBranchPoints="0" sequenceCoverage="0" branchCoverage="0" maxCyclomaticComplexity="1" minCyclomaticComplexity="1" maxCrapScore="2" minCrapScore="2" visitedClasses="0" numClasses="0" visitedMethods="0" numMethods="1" />
              <MetadataToken>100664385</MetadataToken>
              <Name>System.Boolean Xunit.TestMessageVisitor::Visit(Xunit.Abstractions.ITestPassed)</Name>
              <FileRef uid="243" />
              <SequencePoints>
                <SequencePoint vc="0" uspid="7005" ordinal="0" offset="0" sl="461" sc="13" el="461" ec="25" bec="0" bev="0" fileid="243" />
              </SequencePoints>
              <BranchPoints />
              <MethodPoint xsi:type="SequencePoint" vc="0" uspid="7005" ordinal="0" offset="0" sl="461" sc="13" el="461" ec="25" bec="0" bev="0" fileid="243" />
            </Method>
            <Method visited="false" cyclomaticComplexity="1" nPathComplexity="0" sequenceCoverage="0" branchCoverage="0" crapScore="2" isConstructor="false" isStatic="false" isGetter="false" isSetter="false">
              <Summary numSequencePoints="1" visitedSequencePoints="0" numBranchPoints="1" visitedBranchPoints="0" sequenceCoverage="0" branchCoverage="0" maxCyclomaticComplexity="1" minCyclomaticComplexity="1" maxCrapScore="2" minCrapScore="2" visitedClasses="0" numClasses="0" visitedMethods="0" numMethods="1" />
              <MetadataToken>100664386</MetadataToken>
              <Name>System.Boolean Xunit.TestMessageVisitor::Visit(Xunit.Abstractions.ITestSkipped)</Name>
              <FileRef uid="243" />
              <SequencePoints>
                <SequencePoint vc="0" uspid="7006" ordinal="0" offset="0" sl="471" sc="13" el="471" ec="25" bec="0" bev="0" fileid="243" />
              </SequencePoints>
              <BranchPoints />
              <MethodPoint xsi:type="SequencePoint" vc="0" uspid="7006" ordinal="0" offset="0" sl="471" sc="13" el="471" ec="25" bec="0" bev="0" fileid="243" />
            </Method>
            <Method visited="false" cyclomaticComplexity="1" nPathComplexity="0" sequenceCoverage="0" branchCoverage="0" crapScore="2" isConstructor="false" isStatic="false" isGetter="false" isSetter="false">
              <Summary numSequencePoints="1" visitedSequencePoints="0" numBranchPoints="1" visitedBranchPoints="0" sequenceCoverage="0" branchCoverage="0" maxCyclomaticComplexity="1" minCyclomaticComplexity="1" maxCrapScore="2" minCrapScore="2" visitedClasses="0" numClasses="0" visitedMethods="0" numMethods="1" />
              <MetadataToken>100664387</MetadataToken>
              <Name>System.Boolean Xunit.TestMessageVisitor::Visit(Xunit.Abstractions.ITestStarting)</Name>
              <FileRef uid="243" />
              <SequencePoints>
                <SequencePoint vc="0" uspid="7007" ordinal="0" offset="0" sl="481" sc="13" el="481" ec="25" bec="0" bev="0" fileid="243" />
              </SequencePoints>
              <BranchPoints />
              <MethodPoint xsi:type="SequencePoint" vc="0" uspid="7007" ordinal="0" offset="0" sl="481" sc="13" el="481" ec="25" bec="0" bev="0" fileid="243" />
            </Method>
            <Method visited="false" cyclomaticComplexity="1" nPathComplexity="0" sequenceCoverage="0" branchCoverage="0" crapScore="2" isConstructor="true" isStatic="false" isGetter="false" isSetter="false">
              <Summary numSequencePoints="0" visitedSequencePoints="0" numBranchPoints="0" visitedBranchPoints="0" sequenceCoverage="0" branchCoverage="0" maxCyclomaticComplexity="1" minCyclomaticComplexity="1" maxCrapScore="2" minCrapScore="2" visitedClasses="0" numClasses="0" visitedMethods="0" numMethods="0" />
              <MetadataToken>100664388</MetadataToken>
              <Name>System.Void Xunit.TestMessageVisitor::.ctor()</Name>
              <SequencePoints />
              <BranchPoints />
              <MethodPoint vc="0" uspid="7008" ordinal="0" offset="0" />
            </Method>
          </Methods>
        </Class>
        <Class>
          <Summary numSequencePoints="39" visitedSequencePoints="0" numBranchPoints="39" visitedBranchPoints="0" sequenceCoverage="0" branchCoverage="0" maxCyclomaticComplexity="1" minCyclomaticComplexity="1" maxCrapScore="2" minCrapScore="2" visitedClasses="0" numClasses="1" visitedMethods="0" numMethods="39" />
          <FullName>Xunit.TestMessageVisitor/&lt;&gt;c</FullName>
          <Methods>
            <Method visited="false" cyclomaticComplexity="1" nPathComplexity="0" sequenceCoverage="0" branchCoverage="0" crapScore="2" isConstructor="true" isStatic="true" isGetter="false" isSetter="false">
              <Summary numSequencePoints="0" visitedSequencePoints="0" numBranchPoints="0" visitedBranchPoints="0" sequenceCoverage="0" branchCoverage="0" maxCyclomaticComplexity="1" minCyclomaticComplexity="1" maxCrapScore="2" minCrapScore="2" visitedClasses="0" numClasses="0" visitedMethods="0" numMethods="0" />
              <MetadataToken>100665079</MetadataToken>
              <Name>System.Void Xunit.TestMessageVisitor/&lt;&gt;c::.cctor()</Name>
              <SequencePoints />
              <BranchPoints />
              <MethodPoint vc="0" uspid="7009" ordinal="0" offset="0" />
            </Method>
            <Method visited="false" cyclomaticComplexity="1" nPathComplexity="0" sequenceCoverage="0" branchCoverage="0" crapScore="2" isConstructor="true" isStatic="false" isGetter="false" isSetter="false">
              <Summary numSequencePoints="0" visitedSequencePoints="0" numBranchPoints="0" visitedBranchPoints="0" sequenceCoverage="0" branchCoverage="0" maxCyclomaticComplexity="1" minCyclomaticComplexity="1" maxCrapScore="2" minCrapScore="2" visitedClasses="0" numClasses="0" visitedMethods="0" numMethods="0" />
              <MetadataToken>100665080</MetadataToken>
              <Name>System.Void Xunit.TestMessageVisitor/&lt;&gt;c::.ctor()</Name>
              <SequencePoints />
              <BranchPoints />
              <MethodPoint vc="0" uspid="7010" ordinal="0" offset="0" />
            </Method>
            <Method visited="false" cyclomaticComplexity="1" nPathComplexity="0" sequenceCoverage="0" branchCoverage="0" crapScore="2" isConstructor="false" isStatic="false" isGetter="false" isSetter="false">
              <Summary numSequencePoints="1" visitedSequencePoints="0" numBranchPoints="1" visitedBranchPoints="0" sequenceCoverage="0" branchCoverage="0" maxCyclomaticComplexity="1" minCyclomaticComplexity="1" maxCrapScore="2" minCrapScore="2" visitedClasses="0" numClasses="0" visitedMethods="0" numMethods="1" />
              <MetadataToken>100665081</MetadataToken>
              <Name>System.Boolean Xunit.TestMessageVisitor/&lt;&gt;c::&lt;OnMessage&gt;b__2_0(Xunit.TestMessageVisitor,Xunit.ITestAssemblyDiscoveryFinished)</Name>
              <FileRef uid="243" />
              <SequencePoints>
                <SequencePoint vc="0" uspid="7011" ordinal="0" offset="0" sl="53" sc="76" el="53" ec="86" bec="0" bev="0" fileid="243" />
              </SequencePoints>
              <BranchPoints />
              <MethodPoint xsi:type="SequencePoint" vc="0" uspid="7011" ordinal="0" offset="0" sl="53" sc="76" el="53" ec="86" bec="0" bev="0" fileid="243" />
            </Method>
            <Method visited="false" cyclomaticComplexity="1" nPathComplexity="0" sequenceCoverage="0" branchCoverage="0" crapScore="2" isConstructor="false" isStatic="false" isGetter="false" isSetter="false">
              <Summary numSequencePoints="1" visitedSequencePoints="0" numBranchPoints="1" visitedBranchPoints="0" sequenceCoverage="0" branchCoverage="0" maxCyclomaticComplexity="1" minCyclomaticComplexity="1" maxCrapScore="2" minCrapScore="2" visitedClasses="0" numClasses="0" visitedMethods="0" numMethods="1" />
              <MetadataToken>100665082</MetadataToken>
              <Name>System.Boolean Xunit.TestMessageVisitor/&lt;&gt;c::&lt;OnMessage&gt;b__2_1(Xunit.TestMessageVisitor,Xunit.ITestAssemblyDiscoveryStarting)</Name>
              <FileRef uid="243" />
              <SequencePoints>
                <SequencePoint vc="0" uspid="7012" ordinal="0" offset="0" sl="54" sc="76" el="54" ec="86" bec="0" bev="0" fileid="243" />
              </SequencePoints>
              <BranchPoints />
              <MethodPoint xsi:type="SequencePoint" vc="0" uspid="7012" ordinal="0" offset="0" sl="54" sc="76" el="54" ec="86" bec="0" bev="0" fileid="243" />
            </Method>
            <Method visited="false" cyclomaticComplexity="1" nPathComplexity="0" sequenceCoverage="0" branchCoverage="0" crapScore="2" isConstructor="false" isStatic="false" isGetter="false" isSetter="false">
              <Summary numSequencePoints="1" visitedSequencePoints="0" numBranchPoints="1" visitedBranchPoints="0" sequenceCoverage="0" branchCoverage="0" maxCyclomaticComplexity="1" minCyclomaticComplexity="1" maxCrapScore="2" minCrapScore="2" visitedClasses="0" numClasses="0" visitedMethods="0" numMethods="1" />
              <MetadataToken>100665083</MetadataToken>
              <Name>System.Boolean Xunit.TestMessageVisitor/&lt;&gt;c::&lt;OnMessage&gt;b__2_2(Xunit.TestMessageVisitor,Xunit.ITestAssemblyExecutionFinished)</Name>
              <FileRef uid="243" />
              <SequencePoints>
                <SequencePoint vc="0" uspid="7013" ordinal="0" offset="0" sl="55" sc="76" el="55" ec="86" bec="0" bev="0" fileid="243" />
              </SequencePoints>
              <BranchPoints />
              <MethodPoint xsi:type="SequencePoint" vc="0" uspid="7013" ordinal="0" offset="0" sl="55" sc="76" el="55" ec="86" bec="0" bev="0" fileid="243" />
            </Method>
            <Method visited="false" cyclomaticComplexity="1" nPathComplexity="0" sequenceCoverage="0" branchCoverage="0" crapScore="2" isConstructor="false" isStatic="false" isGetter="false" isSetter="false">
              <Summary numSequencePoints="1" visitedSequencePoints="0" numBranchPoints="1" visitedBranchPoints="0" sequenceCoverage="0" branchCoverage="0" maxCyclomaticComplexity="1" minCyclomaticComplexity="1" maxCrapScore="2" minCrapScore="2" visitedClasses="0" numClasses="0" visitedMethods="0" numMethods="1" />
              <MetadataToken>100665084</MetadataToken>
              <Name>System.Boolean Xunit.TestMessageVisitor/&lt;&gt;c::&lt;OnMessage&gt;b__2_3(Xunit.TestMessageVisitor,Xunit.ITestAssemblyExecutionStarting)</Name>
              <FileRef uid="243" />
              <SequencePoints>
                <SequencePoint vc="0" uspid="7014" ordinal="0" offset="0" sl="56" sc="76" el="56" ec="86" bec="0" bev="0" fileid="243" />
              </SequencePoints>
              <BranchPoints />
              <MethodPoint xsi:type="SequencePoint" vc="0" uspid="7014" ordinal="0" offset="0" sl="56" sc="76" el="56" ec="86" bec="0" bev="0" fileid="243" />
            </Method>
            <Method visited="false" cyclomaticComplexity="1" nPathComplexity="0" sequenceCoverage="0" branchCoverage="0" crapScore="2" isConstructor="false" isStatic="false" isGetter="false" isSetter="false">
              <Summary numSequencePoints="1" visitedSequencePoints="0" numBranchPoints="1" visitedBranchPoints="0" sequenceCoverage="0" branchCoverage="0" maxCyclomaticComplexity="1" minCyclomaticComplexity="1" maxCrapScore="2" minCrapScore="2" visitedClasses="0" numClasses="0" visitedMethods="0" numMethods="1" />
              <MetadataToken>100665085</MetadataToken>
              <Name>System.Boolean Xunit.TestMessageVisitor/&lt;&gt;c::&lt;OnMessage&gt;b__2_4(Xunit.TestMessageVisitor,Xunit.ITestExecutionSummary)</Name>
              <FileRef uid="243" />
              <SequencePoints>
                <SequencePoint vc="0" uspid="7015" ordinal="0" offset="0" sl="57" sc="67" el="57" ec="77" bec="0" bev="0" fileid="243" />
              </SequencePoints>
              <BranchPoints />
              <MethodPoint xsi:type="SequencePoint" vc="0" uspid="7015" ordinal="0" offset="0" sl="57" sc="67" el="57" ec="77" bec="0" bev="0" fileid="243" />
            </Method>
            <Method visited="false" cyclomaticComplexity="1" nPathComplexity="0" sequenceCoverage="0" branchCoverage="0" crapScore="2" isConstructor="false" isStatic="false" isGetter="false" isSetter="false">
              <Summary numSequencePoints="1" visitedSequencePoints="0" numBranchPoints="1" visitedBranchPoints="0" sequenceCoverage="0" branchCoverage="0" maxCyclomaticComplexity="1" minCyclomaticComplexity="1" maxCrapScore="2" minCrapScore="2" visitedClasses="0" numClasses="0" visitedMethods="0" numMethods="1" />
              <MetadataToken>100665086</MetadataToken>
              <Name>System.Boolean Xunit.TestMessageVisitor/&lt;&gt;c::&lt;OnMessage&gt;b__2_5(Xunit.TestMessageVisitor,Xunit.Abstractions.IAfterTestFinished)</Name>
              <FileRef uid="243" />
              <SequencePoints>
                <SequencePoint vc="0" uspid="7016" ordinal="0" offset="0" sl="58" sc="64" el="58" ec="74" bec="0" bev="0" fileid="243" />
              </SequencePoints>
              <BranchPoints />
              <MethodPoint xsi:type="SequencePoint" vc="0" uspid="7016" ordinal="0" offset="0" sl="58" sc="64" el="58" ec="74" bec="0" bev="0" fileid="243" />
            </Method>
            <Method visited="false" cyclomaticComplexity="1" nPathComplexity="0" sequenceCoverage="0" branchCoverage="0" crapScore="2" isConstructor="false" isStatic="false" isGetter="false" isSetter="false">
              <Summary numSequencePoints="1" visitedSequencePoints="0" numBranchPoints="1" visitedBranchPoints="0" sequenceCoverage="0" branchCoverage="0" maxCyclomaticComplexity="1" minCyclomaticComplexity="1" maxCrapScore="2" minCrapScore="2" visitedClasses="0" numClasses="0" visitedMethods="0" numMethods="1" />
              <MetadataToken>100665087</MetadataToken>
              <Name>System.Boolean Xunit.TestMessageVisitor/&lt;&gt;c::&lt;OnMessage&gt;b__2_6(Xunit.TestMessageVisitor,Xunit.Abstractions.IAfterTestStarting)</Name>
              <FileRef uid="243" />
              <SequencePoints>
                <SequencePoint vc="0" uspid="7017" ordinal="0" offset="0" sl="59" sc="64" el="59" ec="74" bec="0" bev="0" fileid="243" />
              </SequencePoints>
              <BranchPoints />
              <MethodPoint xsi:type="SequencePoint" vc="0" uspid="7017" ordinal="0" offset="0" sl="59" sc="64" el="59" ec="74" bec="0" bev="0" fileid="243" />
            </Method>
            <Method visited="false" cyclomaticComplexity="1" nPathComplexity="0" sequenceCoverage="0" branchCoverage="0" crapScore="2" isConstructor="false" isStatic="false" isGetter="false" isSetter="false">
              <Summary numSequencePoints="1" visitedSequencePoints="0" numBranchPoints="1" visitedBranchPoints="0" sequenceCoverage="0" branchCoverage="0" maxCyclomaticComplexity="1" minCyclomaticComplexity="1" maxCrapScore="2" minCrapScore="2" visitedClasses="0" numClasses="0" visitedMethods="0" numMethods="1" />
              <MetadataToken>100665088</MetadataToken>
              <Name>System.Boolean Xunit.TestMessageVisitor/&lt;&gt;c::&lt;OnMessage&gt;b__2_7(Xunit.TestMessageVisitor,Xunit.Abstractions.IBeforeTestFinished)</Name>
              <FileRef uid="243" />
              <SequencePoints>
                <SequencePoint vc="0" uspid="7018" ordinal="0" offset="0" sl="60" sc="65" el="60" ec="75" bec="0" bev="0" fileid="243" />
              </SequencePoints>
              <BranchPoints />
              <MethodPoint xsi:type="SequencePoint" vc="0" uspid="7018" ordinal="0" offset="0" sl="60" sc="65" el="60" ec="75" bec="0" bev="0" fileid="243" />
            </Method>
            <Method visited="false" cyclomaticComplexity="1" nPathComplexity="0" sequenceCoverage="0" branchCoverage="0" crapScore="2" isConstructor="false" isStatic="false" isGetter="false" isSetter="false">
              <Summary numSequencePoints="1" visitedSequencePoints="0" numBranchPoints="1" visitedBranchPoints="0" sequenceCoverage="0" branchCoverage="0" maxCyclomaticComplexity="1" minCyclomaticComplexity="1" maxCrapScore="2" minCrapScore="2" visitedClasses="0" numClasses="0" visitedMethods="0" numMethods="1" />
              <MetadataToken>100665089</MetadataToken>
              <Name>System.Boolean Xunit.TestMessageVisitor/&lt;&gt;c::&lt;OnMessage&gt;b__2_8(Xunit.TestMessageVisitor,Xunit.Abstractions.IBeforeTestStarting)</Name>
              <FileRef uid="243" />
              <SequencePoints>
                <SequencePoint vc="0" uspid="7019" ordinal="0" offset="0" sl="61" sc="65" el="61" ec="75" bec="0" bev="0" fileid="243" />
              </SequencePoints>
              <BranchPoints />
              <MethodPoint xsi:type="SequencePoint" vc="0" uspid="7019" ordinal="0" offset="0" sl="61" sc="65" el="61" ec="75" bec="0" bev="0" fileid="243" />
            </Method>
            <Method visited="false" cyclomaticComplexity="1" nPathComplexity="0" sequenceCoverage="0" branchCoverage="0" crapScore="2" isConstructor="false" isStatic="false" isGetter="false" isSetter="false">
              <Summary numSequencePoints="1" visitedSequencePoints="0" numBranchPoints="1" visitedBranchPoints="0" sequenceCoverage="0" branchCoverage="0" maxCyclomaticComplexity="1" minCyclomaticComplexity="1" maxCrapScore="2" minCrapScore="2" visitedClasses="0" numClasses="0" visitedMethods="0" numMethods="1" />
              <MetadataToken>100665090</MetadataToken>
              <Name>System.Boolean Xunit.TestMessageVisitor/&lt;&gt;c::&lt;OnMessage&gt;b__2_9(Xunit.TestMessageVisitor,Xunit.Abstractions.IDiagnosticMessage)</Name>
              <FileRef uid="243" />
              <SequencePoints>
                <SequencePoint vc="0" uspid="7020" ordinal="0" offset="0" sl="62" sc="64" el="62" ec="74" bec="0" bev="0" fileid="243" />
              </SequencePoints>
              <BranchPoints />
              <MethodPoint xsi:type="SequencePoint" vc="0" uspid="7020" ordinal="0" offset="0" sl="62" sc="64" el="62" ec="74" bec="0" bev="0" fileid="243" />
            </Method>
            <Method visited="false" cyclomaticComplexity="1" nPathComplexity="0" sequenceCoverage="0" branchCoverage="0" crapScore="2" isConstructor="false" isStatic="false" isGetter="false" isSetter="false">
              <Summary numSequencePoints="1" visitedSequencePoints="0" numBranchPoints="1" visitedBranchPoints="0" sequenceCoverage="0" branchCoverage="0" maxCyclomaticComplexity="1" minCyclomaticComplexity="1" maxCrapScore="2" minCrapScore="2" visitedClasses="0" numClasses="0" visitedMethods="0" numMethods="1" />
              <MetadataToken>100665091</MetadataToken>
              <Name>System.Boolean Xunit.TestMessageVisitor/&lt;&gt;c::&lt;OnMessage&gt;b__2_10(Xunit.TestMessageVisitor,Xunit.Abstractions.IDiscoveryCompleteMessage)</Name>
              <FileRef uid="243" />
              <SequencePoints>
                <SequencePoint vc="0" uspid="7021" ordinal="0" offset="0" sl="63" sc="71" el="63" ec="81" bec="0" bev="0" fileid="243" />
              </SequencePoints>
              <BranchPoints />
              <MethodPoint xsi:type="SequencePoint" vc="0" uspid="7021" ordinal="0" offset="0" sl="63" sc="71" el="63" ec="81" bec="0" bev="0" fileid="243" />
            </Method>
            <Method visited="false" cyclomaticComplexity="1" nPathComplexity="0" sequenceCoverage="0" branchCoverage="0" crapScore="2" isConstructor="false" isStatic="false" isGetter="false" isSetter="false">
              <Summary numSequencePoints="1" visitedSequencePoints="0" numBranchPoints="1" visitedBranchPoints="0" sequenceCoverage="0" branchCoverage="0" maxCyclomaticComplexity="1" minCyclomaticComplexity="1" maxCrapScore="2" minCrapScore="2" visitedClasses="0" numClasses="0" visitedMethods="0" numMethods="1" />
              <MetadataToken>100665092</MetadataToken>
              <Name>System.Boolean Xunit.TestMessageVisitor/&lt;&gt;c::&lt;OnMessage&gt;b__2_11(Xunit.TestMessageVisitor,Xunit.Abstractions.IErrorMessage)</Name>
              <FileRef uid="243" />
              <SequencePoints>
                <SequencePoint vc="0" uspid="7022" ordinal="0" offset="0" sl="64" sc="59" el="64" ec="69" bec="0" bev="0" fileid="243" />
              </SequencePoints>
              <BranchPoints />
              <MethodPoint xsi:type="SequencePoint" vc="0" uspid="7022" ordinal="0" offset="0" sl="64" sc="59" el="64" ec="69" bec="0" bev="0" fileid="243" />
            </Method>
            <Method visited="false" cyclomaticComplexity="1" nPathComplexity="0" sequenceCoverage="0" branchCoverage="0" crapScore="2" isConstructor="false" isStatic="false" isGetter="false" isSetter="false">
              <Summary numSequencePoints="1" visitedSequencePoints="0" numBranchPoints="1" visitedBranchPoints="0" sequenceCoverage="0" branchCoverage="0" maxCyclomaticComplexity="1" minCyclomaticComplexity="1" maxCrapScore="2" minCrapScore="2" visitedClasses="0" numClasses="0" visitedMethods="0" numMethods="1" />
              <MetadataToken>100665093</MetadataToken>
              <Name>System.Boolean Xunit.TestMessageVisitor/&lt;&gt;c::&lt;OnMessage&gt;b__2_12(Xunit.TestMessageVisitor,Xunit.Abstractions.ITestAssemblyCleanupFailure)</Name>
              <FileRef uid="243" />
              <SequencePoints>
                <SequencePoint vc="0" uspid="7023" ordinal="0" offset="0" sl="65" sc="73" el="65" ec="83" bec="0" bev="0" fileid="243" />
              </SequencePoints>
              <BranchPoints />
              <MethodPoint xsi:type="SequencePoint" vc="0" uspid="7023" ordinal="0" offset="0" sl="65" sc="73" el="65" ec="83" bec="0" bev="0" fileid="243" />
            </Method>
            <Method visited="false" cyclomaticComplexity="1" nPathComplexity="0" sequenceCoverage="0" branchCoverage="0" crapScore="2" isConstructor="false" isStatic="false" isGetter="false" isSetter="false">
              <Summary numSequencePoints="1" visitedSequencePoints="0" numBranchPoints="1" visitedBranchPoints="0" sequenceCoverage="0" branchCoverage="0" maxCyclomaticComplexity="1" minCyclomaticComplexity="1" maxCrapScore="2" minCrapScore="2" visitedClasses="0" numClasses="0" visitedMethods="0" numMethods="1" />
              <MetadataToken>100665094</MetadataToken>
              <Name>System.Boolean Xunit.TestMessageVisitor/&lt;&gt;c::&lt;OnMessage&gt;b__2_13(Xunit.TestMessageVisitor,Xunit.Abstractions.ITestAssemblyFinished)</Name>
              <FileRef uid="243" />
              <SequencePoints>
                <SequencePoint vc="0" uspid="7024" ordinal="0" offset="0" sl="66" sc="67" el="66" ec="77" bec="0" bev="0" fileid="243" />
              </SequencePoints>
              <BranchPoints />
              <MethodPoint xsi:type="SequencePoint" vc="0" uspid="7024" ordinal="0" offset="0" sl="66" sc="67" el="66" ec="77" bec="0" bev="0" fileid="243" />
            </Method>
            <Method visited="false" cyclomaticComplexity="1" nPathComplexity="0" sequenceCoverage="0" branchCoverage="0" crapScore="2" isConstructor="false" isStatic="false" isGetter="false" isSetter="false">
              <Summary numSequencePoints="1" visitedSequencePoints="0" numBranchPoints="1" visitedBranchPoints="0" sequenceCoverage="0" branchCoverage="0" maxCyclomaticComplexity="1" minCyclomaticComplexity="1" maxCrapScore="2" minCrapScore="2" visitedClasses="0" numClasses="0" visitedMethods="0" numMethods="1" />
              <MetadataToken>100665095</MetadataToken>
              <Name>System.Boolean Xunit.TestMessageVisitor/&lt;&gt;c::&lt;OnMessage&gt;b__2_14(Xunit.TestMessageVisitor,Xunit.Abstractions.ITestAssemblyStarting)</Name>
              <FileRef uid="243" />
              <SequencePoints>
                <SequencePoint vc="0" uspid="7025" ordinal="0" offset="0" sl="67" sc="67" el="67" ec="77" bec="0" bev="0" fileid="243" />
              </SequencePoints>
              <BranchPoints />
              <MethodPoint xsi:type="SequencePoint" vc="0" uspid="7025" ordinal="0" offset="0" sl="67" sc="67" el="67" ec="77" bec="0" bev="0" fileid="243" />
            </Method>
            <Method visited="false" cyclomaticComplexity="1" nPathComplexity="0" sequenceCoverage="0" branchCoverage="0" crapScore="2" isConstructor="false" isStatic="false" isGetter="false" isSetter="false">
              <Summary numSequencePoints="1" visitedSequencePoints="0" numBranchPoints="1" visitedBranchPoints="0" sequenceCoverage="0" branchCoverage="0" maxCyclomaticComplexity="1" minCyclomaticComplexity="1" maxCrapScore="2" minCrapScore="2" visitedClasses="0" numClasses="0" visitedMethods="0" numMethods="1" />
              <MetadataToken>100665096</MetadataToken>
              <Name>System.Boolean Xunit.TestMessageVisitor/&lt;&gt;c::&lt;OnMessage&gt;b__2_15(Xunit.TestMessageVisitor,Xunit.Abstractions.ITestCaseCleanupFailure)</Name>
              <FileRef uid="243" />
              <SequencePoints>
                <SequencePoint vc="0" uspid="7026" ordinal="0" offset="0" sl="68" sc="69" el="68" ec="79" bec="0" bev="0" fileid="243" />
              </SequencePoints>
              <BranchPoints />
              <MethodPoint xsi:type="SequencePoint" vc="0" uspid="7026" ordinal="0" offset="0" sl="68" sc="69" el="68" ec="79" bec="0" bev="0" fileid="243" />
            </Method>
            <Method visited="false" cyclomaticComplexity="1" nPathComplexity="0" sequenceCoverage="0" branchCoverage="0" crapScore="2" isConstructor="false" isStatic="false" isGetter="false" isSetter="false">
              <Summary numSequencePoints="1" visitedSequencePoints="0" numBranchPoints="1" visitedBranchPoints="0" sequenceCoverage="0" branchCoverage="0" maxCyclomaticComplexity="1" minCyclomaticComplexity="1" maxCrapScore="2" minCrapScore="2" visitedClasses="0" numClasses="0" visitedMethods="0" numMethods="1" />
              <MetadataToken>100665097</MetadataToken>
              <Name>System.Boolean Xunit.TestMessageVisitor/&lt;&gt;c::&lt;OnMessage&gt;b__2_16(Xunit.TestMessageVisitor,Xunit.Abstractions.ITestCaseDiscoveryMessage)</Name>
              <FileRef uid="243" />
              <SequencePoints>
                <SequencePoint vc="0" uspid="7027" ordinal="0" offset="0" sl="69" sc="71" el="69" ec="81" bec="0" bev="0" fileid="243" />
              </SequencePoints>
              <BranchPoints />
              <MethodPoint xsi:type="SequencePoint" vc="0" uspid="7027" ordinal="0" offset="0" sl="69" sc="71" el="69" ec="81" bec="0" bev="0" fileid="243" />
            </Method>
            <Method visited="false" cyclomaticComplexity="1" nPathComplexity="0" sequenceCoverage="0" branchCoverage="0" crapScore="2" isConstructor="false" isStatic="false" isGetter="false" isSetter="false">
              <Summary numSequencePoints="1" visitedSequencePoints="0" numBranchPoints="1" visitedBranchPoints="0" sequenceCoverage="0" branchCoverage="0" maxCyclomaticComplexity="1" minCyclomaticComplexity="1" maxCrapScore="2" minCrapScore="2" visitedClasses="0" numClasses="0" visitedMethods="0" numMethods="1" />
              <MetadataToken>100665098</MetadataToken>
              <Name>System.Boolean Xunit.TestMessageVisitor/&lt;&gt;c::&lt;OnMessage&gt;b__2_17(Xunit.TestMessageVisitor,Xunit.Abstractions.ITestCaseFinished)</Name>
              <FileRef uid="243" />
              <SequencePoints>
                <SequencePoint vc="0" uspid="7028" ordinal="0" offset="0" sl="70" sc="63" el="70" ec="73" bec="0" bev="0" fileid="243" />
              </SequencePoints>
              <BranchPoints />
              <MethodPoint xsi:type="SequencePoint" vc="0" uspid="7028" ordinal="0" offset="0" sl="70" sc="63" el="70" ec="73" bec="0" bev="0" fileid="243" />
            </Method>
            <Method visited="false" cyclomaticComplexity="1" nPathComplexity="0" sequenceCoverage="0" branchCoverage="0" crapScore="2" isConstructor="false" isStatic="false" isGetter="false" isSetter="false">
              <Summary numSequencePoints="1" visitedSequencePoints="0" numBranchPoints="1" visitedBranchPoints="0" sequenceCoverage="0" branchCoverage="0" maxCyclomaticComplexity="1" minCyclomaticComplexity="1" maxCrapScore="2" minCrapScore="2" visitedClasses="0" numClasses="0" visitedMethods="0" numMethods="1" />
              <MetadataToken>100665099</MetadataToken>
              <Name>System.Boolean Xunit.TestMessageVisitor/&lt;&gt;c::&lt;OnMessage&gt;b__2_18(Xunit.TestMessageVisitor,Xunit.Abstractions.ITestOutput)</Name>
              <FileRef uid="243" />
              <SequencePoints>
                <SequencePoint vc="0" uspid="7029" ordinal="0" offset="0" sl="71" sc="57" el="71" ec="67" bec="0" bev="0" fileid="243" />
              </SequencePoints>
              <BranchPoints />
              <MethodPoint xsi:type="SequencePoint" vc="0" uspid="7029" ordinal="0" offset="0" sl="71" sc="57" el="71" ec="67" bec="0" bev="0" fileid="243" />
            </Method>
            <Method visited="false" cyclomaticComplexity="1" nPathComplexity="0" sequenceCoverage="0" branchCoverage="0" crapScore="2" isConstructor="false" isStatic="false" isGetter="false" isSetter="false">
              <Summary numSequencePoints="1" visitedSequencePoints="0" numBranchPoints="1" visitedBranchPoints="0" sequenceCoverage="0" branchCoverage="0" maxCyclomaticComplexity="1" minCyclomaticComplexity="1" maxCrapScore="2" minCrapScore="2" visitedClasses="0" numClasses="0" visitedMethods="0" numMethods="1" />
              <MetadataToken>100665100</MetadataToken>
              <Name>System.Boolean Xunit.TestMessageVisitor/&lt;&gt;c::&lt;OnMessage&gt;b__2_19(Xunit.TestMessageVisitor,Xunit.Abstractions.ITestCaseStarting)</Name>
              <FileRef uid="243" />
              <SequencePoints>
                <SequencePoint vc="0" uspid="7030" ordinal="0" offset="0" sl="72" sc="63" el="72" ec="73" bec="0" bev="0" fileid="243" />
              </SequencePoints>
              <BranchPoints />
              <MethodPoint xsi:type="SequencePoint" vc="0" uspid="7030" ordinal="0" offset="0" sl="72" sc="63" el="72" ec="73" bec="0" bev="0" fileid="243" />
            </Method>
            <Method visited="false" cyclomaticComplexity="1" nPathComplexity="0" sequenceCoverage="0" branchCoverage="0" crapScore="2" isConstructor="false" isStatic="false" isGetter="false" isSetter="false">
              <Summary numSequencePoints="1" visitedSequencePoints="0" numBranchPoints="1" visitedBranchPoints="0" sequenceCoverage="0" branchCoverage="0" maxCyclomaticComplexity="1" minCyclomaticComplexity="1" maxCrapScore="2" minCrapScore="2" visitedClasses="0" numClasses="0" visitedMethods="0" numMethods="1" />
              <MetadataToken>100665101</MetadataToken>
              <Name>System.Boolean Xunit.TestMessageVisitor/&lt;&gt;c::&lt;OnMessage&gt;b__2_20(Xunit.TestMessageVisitor,Xunit.Abstractions.ITestClassCleanupFailure)</Name>
              <FileRef uid="243" />
              <SequencePoints>
                <SequencePoint vc="0" uspid="7031" ordinal="0" offset="0" sl="73" sc="70" el="73" ec="80" bec="0" bev="0" fileid="243" />
              </SequencePoints>
              <BranchPoints />
              <MethodPoint xsi:type="SequencePoint" vc="0" uspid="7031" ordinal="0" offset="0" sl="73" sc="70" el="73" ec="80" bec="0" bev="0" fileid="243" />
            </Method>
            <Method visited="false" cyclomaticComplexity="1" nPathComplexity="0" sequenceCoverage="0" branchCoverage="0" crapScore="2" isConstructor="false" isStatic="false" isGetter="false" isSetter="false">
              <Summary numSequencePoints="1" visitedSequencePoints="0" numBranchPoints="1" visitedBranchPoints="0" sequenceCoverage="0" branchCoverage="0" maxCyclomaticComplexity="1" minCyclomaticComplexity="1" maxCrapScore="2" minCrapScore="2" visitedClasses="0" numClasses="0" visitedMethods="0" numMethods="1" />
              <MetadataToken>100665102</MetadataToken>
              <Name>System.Boolean Xunit.TestMessageVisitor/&lt;&gt;c::&lt;OnMessage&gt;b__2_21(Xunit.TestMessageVisitor,Xunit.Abstractions.ITestClassConstructionFinished)</Name>
              <FileRef uid="243" />
              <SequencePoints>
                <SequencePoint vc="0" uspid="7032" ordinal="0" offset="0" sl="74" sc="76" el="74" ec="86" bec="0" bev="0" fileid="243" />
              </SequencePoints>
              <BranchPoints />
              <MethodPoint xsi:type="SequencePoint" vc="0" uspid="7032" ordinal="0" offset="0" sl="74" sc="76" el="74" ec="86" bec="0" bev="0" fileid="243" />
            </Method>
            <Method visited="false" cyclomaticComplexity="1" nPathComplexity="0" sequenceCoverage="0" branchCoverage="0" crapScore="2" isConstructor="false" isStatic="false" isGetter="false" isSetter="false">
              <Summary numSequencePoints="1" visitedSequencePoints="0" numBranchPoints="1" visitedBranchPoints="0" sequenceCoverage="0" branchCoverage="0" maxCyclomaticComplexity="1" minCyclomaticComplexity="1" maxCrapScore="2" minCrapScore="2" visitedClasses="0" numClasses="0" visitedMethods="0" numMethods="1" />
              <MetadataToken>100665103</MetadataToken>
              <Name>System.Boolean Xunit.TestMessageVisitor/&lt;&gt;c::&lt;OnMessage&gt;b__2_22(Xunit.TestMessageVisitor,Xunit.Abstractions.ITestClassConstructionStarting)</Name>
              <FileRef uid="243" />
              <SequencePoints>
                <SequencePoint vc="0" uspid="7033" ordinal="0" offset="0" sl="75" sc="76" el="75" ec="86" bec="0" bev="0" fileid="243" />
              </SequencePoints>
              <BranchPoints />
              <MethodPoint xsi:type="SequencePoint" vc="0" uspid="7033" ordinal="0" offset="0" sl="75" sc="76" el="75" ec="86" bec="0" bev="0" fileid="243" />
            </Method>
            <Method visited="false" cyclomaticComplexity="1" nPathComplexity="0" sequenceCoverage="0" branchCoverage="0" crapScore="2" isConstructor="false" isStatic="false" isGetter="false" isSetter="false">
              <Summary numSequencePoints="1" visitedSequencePoints="0" numBranchPoints="1" visitedBranchPoints="0" sequenceCoverage="0" branchCoverage="0" maxCyclomaticComplexity="1" minCyclomaticComplexity="1" maxCrapScore="2" minCrapScore="2" visitedClasses="0" numClasses="0" visitedMethods="0" numMethods="1" />
              <MetadataToken>100665104</MetadataToken>
              <Name>System.Boolean Xunit.TestMessageVisitor/&lt;&gt;c::&lt;OnMessage&gt;b__2_23(Xunit.TestMessageVisitor,Xunit.Abstractions.ITestClassDisposeFinished)</Name>
              <FileRef uid="243" />
              <SequencePoints>
                <SequencePoint vc="0" uspid="7034" ordinal="0" offset="0" sl="76" sc="71" el="76" ec="81" bec="0" bev="0" fileid="243" />
              </SequencePoints>
              <BranchPoints />
              <MethodPoint xsi:type="SequencePoint" vc="0" uspid="7034" ordinal="0" offset="0" sl="76" sc="71" el="76" ec="81" bec="0" bev="0" fileid="243" />
            </Method>
            <Method visited="false" cyclomaticComplexity="1" nPathComplexity="0" sequenceCoverage="0" branchCoverage="0" crapScore="2" isConstructor="false" isStatic="false" isGetter="false" isSetter="false">
              <Summary numSequencePoints="1" visitedSequencePoints="0" numBranchPoints="1" visitedBranchPoints="0" sequenceCoverage="0" branchCoverage="0" maxCyclomaticComplexity="1" minCyclomaticComplexity="1" maxCrapScore="2" minCrapScore="2" visitedClasses="0" numClasses="0" visitedMethods="0" numMethods="1" />
              <MetadataToken>100665105</MetadataToken>
              <Name>System.Boolean Xunit.TestMessageVisitor/&lt;&gt;c::&lt;OnMessage&gt;b__2_24(Xunit.TestMessageVisitor,Xunit.Abstractions.ITestClassDisposeStarting)</Name>
              <FileRef uid="243" />
              <SequencePoints>
                <SequencePoint vc="0" uspid="7035" ordinal="0" offset="0" sl="77" sc="71" el="77" ec="81" bec="0" bev="0" fileid="243" />
              </SequencePoints>
              <BranchPoints />
              <MethodPoint xsi:type="SequencePoint" vc="0" uspid="7035" ordinal="0" offset="0" sl="77" sc="71" el="77" ec="81" bec="0" bev="0" fileid="243" />
            </Method>
            <Method visited="false" cyclomaticComplexity="1" nPathComplexity="0" sequenceCoverage="0" branchCoverage="0" crapScore="2" isConstructor="false" isStatic="false" isGetter="false" isSetter="false">
              <Summary numSequencePoints="1" visitedSequencePoints="0" numBranchPoints="1" visitedBranchPoints="0" sequenceCoverage="0" branchCoverage="0" maxCyclomaticComplexity="1" minCyclomaticComplexity="1" maxCrapScore="2" minCrapScore="2" visitedClasses="0" numClasses="0" visitedMethods="0" numMethods="1" />
              <MetadataToken>100665106</MetadataToken>
              <Name>System.Boolean Xunit.TestMessageVisitor/&lt;&gt;c::&lt;OnMessage&gt;b__2_25(Xunit.TestMessageVisitor,Xunit.Abstractions.ITestClassFinished)</Name>
              <FileRef uid="243" />
              <SequencePoints>
                <SequencePoint vc="0" uspid="7036" ordinal="0" offset="0" sl="78" sc="64" el="78" ec="74" bec="0" bev="0" fileid="243" />
              </SequencePoints>
              <BranchPoints />
              <MethodPoint xsi:type="SequencePoint" vc="0" uspid="7036" ordinal="0" offset="0" sl="78" sc="64" el="78" ec="74" bec="0" bev="0" fileid="243" />
            </Method>
            <Method visited="false" cyclomaticComplexity="1" nPathComplexity="0" sequenceCoverage="0" branchCoverage="0" crapScore="2" isConstructor="false" isStatic="false" isGetter="false" isSetter="false">
              <Summary numSequencePoints="1" visitedSequencePoints="0" numBranchPoints="1" visitedBranchPoints="0" sequenceCoverage="0" branchCoverage="0" maxCyclomaticComplexity="1" minCyclomaticComplexity="1" maxCrapScore="2" minCrapScore="2" visitedClasses="0" numClasses="0" visitedMethods="0" numMethods="1" />
              <MetadataToken>100665107</MetadataToken>
              <Name>System.Boolean Xunit.TestMessageVisitor/&lt;&gt;c::&lt;OnMessage&gt;b__2_26(Xunit.TestMessageVisitor,Xunit.Abstractions.ITestClassStarting)</Name>
              <FileRef uid="243" />
              <SequencePoints>
                <SequencePoint vc="0" uspid="7037" ordinal="0" offset="0" sl="79" sc="64" el="79" ec="74" bec="0" bev="0" fileid="243" />
              </SequencePoints>
              <BranchPoints />
              <MethodPoint xsi:type="SequencePoint" vc="0" uspid="7037" ordinal="0" offset="0" sl="79" sc="64" el="79" ec="74" bec="0" bev="0" fileid="243" />
            </Method>
            <Method visited="false" cyclomaticComplexity="1" nPathComplexity="0" sequenceCoverage="0" branchCoverage="0" crapScore="2" isConstructor="false" isStatic="false" isGetter="false" isSetter="false">
              <Summary numSequencePoints="1" visitedSequencePoints="0" numBranchPoints="1" visitedBranchPoints="0" sequenceCoverage="0" branchCoverage="0" maxCyclomaticComplexity="1" minCyclomaticComplexity="1" maxCrapScore="2" minCrapScore="2" visitedClasses="0" numClasses="0" visitedMethods="0" numMethods="1" />
              <MetadataToken>100665108</MetadataToken>
              <Name>System.Boolean Xunit.TestMessageVisitor/&lt;&gt;c::&lt;OnMessage&gt;b__2_27(Xunit.TestMessageVisitor,Xunit.Abstractions.ITestCleanupFailure)</Name>
              <FileRef uid="243" />
              <SequencePoints>
                <SequencePoint vc="0" uspid="7038" ordinal="0" offset="0" sl="80" sc="65" el="80" ec="75" bec="0" bev="0" fileid="243" />
              </SequencePoints>
              <BranchPoints />
              <MethodPoint xsi:type="SequencePoint" vc="0" uspid="7038" ordinal="0" offset="0" sl="80" sc="65" el="80" ec="75" bec="0" bev="0" fileid="243" />
            </Method>
            <Method visited="false" cyclomaticComplexity="1" nPathComplexity="0" sequenceCoverage="0" branchCoverage="0" crapScore="2" isConstructor="false" isStatic="false" isGetter="false" isSetter="false">
              <Summary numSequencePoints="1" visitedSequencePoints="0" numBranchPoints="1" visitedBranchPoints="0" sequenceCoverage="0" branchCoverage="0" maxCyclomaticComplexity="1" minCyclomaticComplexity="1" maxCrapScore="2" minCrapScore="2" visitedClasses="0" numClasses="0" visitedMethods="0" numMethods="1" />
              <MetadataToken>100665109</MetadataToken>
              <Name>System.Boolean Xunit.TestMessageVisitor/&lt;&gt;c::&lt;OnMessage&gt;b__2_28(Xunit.TestMessageVisitor,Xunit.Abstractions.ITestCollectionCleanupFailure)</Name>
              <FileRef uid="243" />
              <SequencePoints>
                <SequencePoint vc="0" uspid="7039" ordinal="0" offset="0" sl="81" sc="75" el="81" ec="85" bec="0" bev="0" fileid="243" />
              </SequencePoints>
              <BranchPoints />
              <MethodPoint xsi:type="SequencePoint" vc="0" uspid="7039" ordinal="0" offset="0" sl="81" sc="75" el="81" ec="85" bec="0" bev="0" fileid="243" />
            </Method>
            <Method visited="false" cyclomaticComplexity="1" nPathComplexity="0" sequenceCoverage="0" branchCoverage="0" crapScore="2" isConstructor="false" isStatic="false" isGetter="false" isSetter="false">
              <Summary numSequencePoints="1" visitedSequencePoints="0" numBranchPoints="1" visitedBranchPoints="0" sequenceCoverage="0" branchCoverage="0" maxCyclomaticComplexity="1" minCyclomaticComplexity="1" maxCrapScore="2" minCrapScore="2" visitedClasses="0" numClasses="0" visitedMethods="0" numMethods="1" />
              <MetadataToken>100665110</MetadataToken>
              <Name>System.Boolean Xunit.TestMessageVisitor/&lt;&gt;c::&lt;OnMessage&gt;b__2_29(Xunit.TestMessageVisitor,Xunit.Abstractions.ITestCollectionFinished)</Name>
              <FileRef uid="243" />
              <SequencePoints>
                <SequencePoint vc="0" uspid="7040" ordinal="0" offset="0" sl="82" sc="69" el="82" ec="79" bec="0" bev="0" fileid="243" />
              </SequencePoints>
              <BranchPoints />
              <MethodPoint xsi:type="SequencePoint" vc="0" uspid="7040" ordinal="0" offset="0" sl="82" sc="69" el="82" ec="79" bec="0" bev="0" fileid="243" />
            </Method>
            <Method visited="false" cyclomaticComplexity="1" nPathComplexity="0" sequenceCoverage="0" branchCoverage="0" crapScore="2" isConstructor="false" isStatic="false" isGetter="false" isSetter="false">
              <Summary numSequencePoints="1" visitedSequencePoints="0" numBranchPoints="1" visitedBranchPoints="0" sequenceCoverage="0" branchCoverage="0" maxCyclomaticComplexity="1" minCyclomaticComplexity="1" maxCrapScore="2" minCrapScore="2" visitedClasses="0" numClasses="0" visitedMethods="0" numMethods="1" />
              <MetadataToken>100665111</MetadataToken>
              <Name>System.Boolean Xunit.TestMessageVisitor/&lt;&gt;c::&lt;OnMessage&gt;b__2_30(Xunit.TestMessageVisitor,Xunit.Abstractions.ITestCollectionStarting)</Name>
              <FileRef uid="243" />
              <SequencePoints>
                <SequencePoint vc="0" uspid="7041" ordinal="0" offset="0" sl="83" sc="69" el="83" ec="79" bec="0" bev="0" fileid="243" />
              </SequencePoints>
              <BranchPoints />
              <MethodPoint xsi:type="SequencePoint" vc="0" uspid="7041" ordinal="0" offset="0" sl="83" sc="69" el="83" ec="79" bec="0" bev="0" fileid="243" />
            </Method>
            <Method visited="false" cyclomaticComplexity="1" nPathComplexity="0" sequenceCoverage="0" branchCoverage="0" crapScore="2" isConstructor="false" isStatic="false" isGetter="false" isSetter="false">
              <Summary numSequencePoints="1" visitedSequencePoints="0" numBranchPoints="1" visitedBranchPoints="0" sequenceCoverage="0" branchCoverage="0" maxCyclomaticComplexity="1" minCyclomaticComplexity="1" maxCrapScore="2" minCrapScore="2" visitedClasses="0" numClasses="0" visitedMethods="0" numMethods="1" />
              <MetadataToken>100665112</MetadataToken>
              <Name>System.Boolean Xunit.TestMessageVisitor/&lt;&gt;c::&lt;OnMessage&gt;b__2_31(Xunit.TestMessageVisitor,Xunit.Abstractions.ITestFailed)</Name>
              <FileRef uid="243" />
              <SequencePoints>
                <SequencePoint vc="0" uspid="7042" ordinal="0" offset="0" sl="84" sc="57" el="84" ec="67" bec="0" bev="0" fileid="243" />
              </SequencePoints>
              <BranchPoints />
              <MethodPoint xsi:type="SequencePoint" vc="0" uspid="7042" ordinal="0" offset="0" sl="84" sc="57" el="84" ec="67" bec="0" bev="0" fileid="243" />
            </Method>
            <Method visited="false" cyclomaticComplexity="1" nPathComplexity="0" sequenceCoverage="0" branchCoverage="0" crapScore="2" isConstructor="false" isStatic="false" isGetter="false" isSetter="false">
              <Summary numSequencePoints="1" visitedSequencePoints="0" numBranchPoints="1" visitedBranchPoints="0" sequenceCoverage="0" branchCoverage="0" maxCyclomaticComplexity="1" minCyclomaticComplexity="1" maxCrapScore="2" minCrapScore="2" visitedClasses="0" numClasses="0" visitedMethods="0" numMethods="1" />
              <MetadataToken>100665113</MetadataToken>
              <Name>System.Boolean Xunit.TestMessageVisitor/&lt;&gt;c::&lt;OnMessage&gt;b__2_32(Xunit.TestMessageVisitor,Xunit.Abstractions.ITestFinished)</Name>
              <FileRef uid="243" />
              <SequencePoints>
                <SequencePoint vc="0" uspid="7043" ordinal="0" offset="0" sl="85" sc="59" el="85" ec="69" bec="0" bev="0" fileid="243" />
              </SequencePoints>
              <BranchPoints />
              <MethodPoint xsi:type="SequencePoint" vc="0" uspid="7043" ordinal="0" offset="0" sl="85" sc="59" el="85" ec="69" bec="0" bev="0" fileid="243" />
            </Method>
            <Method visited="false" cyclomaticComplexity="1" nPathComplexity="0" sequenceCoverage="0" branchCoverage="0" crapScore="2" isConstructor="false" isStatic="false" isGetter="false" isSetter="false">
              <Summary numSequencePoints="1" visitedSequencePoints="0" numBranchPoints="1" visitedBranchPoints="0" sequenceCoverage="0" branchCoverage="0" maxCyclomaticComplexity="1" minCyclomaticComplexity="1" maxCrapScore="2" minCrapScore="2" visitedClasses="0" numClasses="0" visitedMethods="0" numMethods="1" />
              <MetadataToken>100665114</MetadataToken>
              <Name>System.Boolean Xunit.TestMessageVisitor/&lt;&gt;c::&lt;OnMessage&gt;b__2_33(Xunit.TestMessageVisitor,Xunit.Abstractions.ITestMethodCleanupFailure)</Name>
              <FileRef uid="243" />
              <SequencePoints>
                <SequencePoint vc="0" uspid="7044" ordinal="0" offset="0" sl="86" sc="71" el="86" ec="81" bec="0" bev="0" fileid="243" />
              </SequencePoints>
              <BranchPoints />
              <MethodPoint xsi:type="SequencePoint" vc="0" uspid="7044" ordinal="0" offset="0" sl="86" sc="71" el="86" ec="81" bec="0" bev="0" fileid="243" />
            </Method>
            <Method visited="false" cyclomaticComplexity="1" nPathComplexity="0" sequenceCoverage="0" branchCoverage="0" crapScore="2" isConstructor="false" isStatic="false" isGetter="false" isSetter="false">
              <Summary numSequencePoints="1" visitedSequencePoints="0" numBranchPoints="1" visitedBranchPoints="0" sequenceCoverage="0" branchCoverage="0" maxCyclomaticComplexity="1" minCyclomaticComplexity="1" maxCrapScore="2" minCrapScore="2" visitedClasses="0" numClasses="0" visitedMethods="0" numMethods="1" />
              <MetadataToken>100665115</MetadataToken>
              <Name>System.Boolean Xunit.TestMessageVisitor/&lt;&gt;c::&lt;OnMessage&gt;b__2_34(Xunit.TestMessageVisitor,Xunit.Abstractions.ITestMethodFinished)</Name>
              <FileRef uid="243" />
              <SequencePoints>
                <SequencePoint vc="0" uspid="7045" ordinal="0" offset="0" sl="87" sc="65" el="87" ec="75" bec="0" bev="0" fileid="243" />
              </SequencePoints>
              <BranchPoints />
              <MethodPoint xsi:type="SequencePoint" vc="0" uspid="7045" ordinal="0" offset="0" sl="87" sc="65" el="87" ec="75" bec="0" bev="0" fileid="243" />
            </Method>
            <Method visited="false" cyclomaticComplexity="1" nPathComplexity="0" sequenceCoverage="0" branchCoverage="0" crapScore="2" isConstructor="false" isStatic="false" isGetter="false" isSetter="false">
              <Summary numSequencePoints="1" visitedSequencePoints="0" numBranchPoints="1" visitedBranchPoints="0" sequenceCoverage="0" branchCoverage="0" maxCyclomaticComplexity="1" minCyclomaticComplexity="1" maxCrapScore="2" minCrapScore="2" visitedClasses="0" numClasses="0" visitedMethods="0" numMethods="1" />
              <MetadataToken>100665116</MetadataToken>
              <Name>System.Boolean Xunit.TestMessageVisitor/&lt;&gt;c::&lt;OnMessage&gt;b__2_35(Xunit.TestMessageVisitor,Xunit.Abstractions.ITestMethodStarting)</Name>
              <FileRef uid="243" />
              <SequencePoints>
                <SequencePoint vc="0" uspid="7046" ordinal="0" offset="0" sl="88" sc="65" el="88" ec="75" bec="0" bev="0" fileid="243" />
              </SequencePoints>
              <BranchPoints />
              <MethodPoint xsi:type="SequencePoint" vc="0" uspid="7046" ordinal="0" offset="0" sl="88" sc="65" el="88" ec="75" bec="0" bev="0" fileid="243" />
            </Method>
            <Method visited="false" cyclomaticComplexity="1" nPathComplexity="0" sequenceCoverage="0" branchCoverage="0" crapScore="2" isConstructor="false" isStatic="false" isGetter="false" isSetter="false">
              <Summary numSequencePoints="1" visitedSequencePoints="0" numBranchPoints="1" visitedBranchPoints="0" sequenceCoverage="0" branchCoverage="0" maxCyclomaticComplexity="1" minCyclomaticComplexity="1" maxCrapScore="2" minCrapScore="2" visitedClasses="0" numClasses="0" visitedMethods="0" numMethods="1" />
              <MetadataToken>100665117</MetadataToken>
              <Name>System.Boolean Xunit.TestMessageVisitor/&lt;&gt;c::&lt;OnMessage&gt;b__2_36(Xunit.TestMessageVisitor,Xunit.Abstractions.ITestPassed)</Name>
              <FileRef uid="243" />
              <SequencePoints>
                <SequencePoint vc="0" uspid="7047" ordinal="0" offset="0" sl="89" sc="57" el="89" ec="67" bec="0" bev="0" fileid="243" />
              </SequencePoints>
              <BranchPoints />
              <MethodPoint xsi:type="SequencePoint" vc="0" uspid="7047" ordinal="0" offset="0" sl="89" sc="57" el="89" ec="67" bec="0" bev="0" fileid="243" />
            </Method>
            <Method visited="false" cyclomaticComplexity="1" nPathComplexity="0" sequenceCoverage="0" branchCoverage="0" crapScore="2" isConstructor="false" isStatic="false" isGetter="false" isSetter="false">
              <Summary numSequencePoints="1" visitedSequencePoints="0" numBranchPoints="1" visitedBranchPoints="0" sequenceCoverage="0" branchCoverage="0" maxCyclomaticComplexity="1" minCyclomaticComplexity="1" maxCrapScore="2" minCrapScore="2" visitedClasses="0" numClasses="0" visitedMethods="0" numMethods="1" />
              <MetadataToken>100665118</MetadataToken>
              <Name>System.Boolean Xunit.TestMessageVisitor/&lt;&gt;c::&lt;OnMessage&gt;b__2_37(Xunit.TestMessageVisitor,Xunit.Abstractions.ITestSkipped)</Name>
              <FileRef uid="243" />
              <SequencePoints>
                <SequencePoint vc="0" uspid="7048" ordinal="0" offset="0" sl="90" sc="58" el="90" ec="68" bec="0" bev="0" fileid="243" />
              </SequencePoints>
              <BranchPoints />
              <MethodPoint xsi:type="SequencePoint" vc="0" uspid="7048" ordinal="0" offset="0" sl="90" sc="58" el="90" ec="68" bec="0" bev="0" fileid="243" />
            </Method>
            <Method visited="false" cyclomaticComplexity="1" nPathComplexity="0" sequenceCoverage="0" branchCoverage="0" crapScore="2" isConstructor="false" isStatic="false" isGetter="false" isSetter="false">
              <Summary numSequencePoints="1" visitedSequencePoints="0" numBranchPoints="1" visitedBranchPoints="0" sequenceCoverage="0" branchCoverage="0" maxCyclomaticComplexity="1" minCyclomaticComplexity="1" maxCrapScore="2" minCrapScore="2" visitedClasses="0" numClasses="0" visitedMethods="0" numMethods="1" />
              <MetadataToken>100665119</MetadataToken>
              <Name>System.Boolean Xunit.TestMessageVisitor/&lt;&gt;c::&lt;OnMessage&gt;b__2_38(Xunit.TestMessageVisitor,Xunit.Abstractions.ITestStarting)</Name>
              <FileRef uid="243" />
              <SequencePoints>
                <SequencePoint vc="0" uspid="7049" ordinal="0" offset="0" sl="91" sc="59" el="91" ec="69" bec="0" bev="0" fileid="243" />
              </SequencePoints>
              <BranchPoints />
              <MethodPoint xsi:type="SequencePoint" vc="0" uspid="7049" ordinal="0" offset="0" sl="91" sc="59" el="91" ec="69" bec="0" bev="0" fileid="243" />
            </Method>
          </Methods>
        </Class>
        <Class>
          <Summary numSequencePoints="11" visitedSequencePoints="0" numBranchPoints="7" visitedBranchPoints="0" sequenceCoverage="0" branchCoverage="0" maxCyclomaticComplexity="2" minCyclomaticComplexity="1" maxCrapScore="6" minCrapScore="2" visitedClasses="0" numClasses="1" visitedMethods="0" numMethods="5" />
          <FullName>Xunit.TestMessageVisitor`1</FullName>
          <Methods>
            <Method visited="false" cyclomaticComplexity="1" nPathComplexity="0" sequenceCoverage="0" branchCoverage="0" crapScore="2" isConstructor="false" isStatic="false" isGetter="true" isSetter="false">
              <Summary numSequencePoints="1" visitedSequencePoints="0" numBranchPoints="1" visitedBranchPoints="0" sequenceCoverage="0" branchCoverage="0" maxCyclomaticComplexity="1" minCyclomaticComplexity="1" maxCrapScore="2" minCrapScore="2" visitedClasses="0" numClasses="0" visitedMethods="0" numMethods="1" />
              <MetadataToken>100664390</MetadataToken>
              <Name>System.Threading.ManualResetEvent Xunit.TestMessageVisitor`1::get_Finished()</Name>
              <FileRef uid="243" />
              <SequencePoints>
                <SequencePoint vc="0" uspid="7050" ordinal="0" offset="0" sl="506" sc="44" el="506" ec="48" bec="0" bev="0" fileid="243" />
              </SequencePoints>
              <BranchPoints />
              <MethodPoint xsi:type="SequencePoint" vc="0" uspid="7050" ordinal="0" offset="0" sl="506" sc="44" el="506" ec="48" bec="0" bev="0" fileid="243" />
            </Method>
            <Method visited="false" cyclomaticComplexity="1" nPathComplexity="0" sequenceCoverage="0" branchCoverage="0" crapScore="2" isConstructor="false" isStatic="false" isGetter="false" isSetter="true">
              <Summary numSequencePoints="1" visitedSequencePoints="0" numBranchPoints="1" visitedBranchPoints="0" sequenceCoverage="0" branchCoverage="0" maxCyclomaticComplexity="1" minCyclomaticComplexity="1" maxCrapScore="2" minCrapScore="2" visitedClasses="0" numClasses="0" visitedMethods="0" numMethods="1" />
              <MetadataToken>100664391</MetadataToken>
              <Name>System.Void Xunit.TestMessageVisitor`1::set_Finished(System.Threading.ManualResetEvent)</Name>
              <FileRef uid="243" />
              <SequencePoints>
                <SequencePoint vc="0" uspid="7051" ordinal="0" offset="0" sl="506" sc="49" el="506" ec="61" bec="0" bev="0" fileid="243" />
              </SequencePoints>
              <BranchPoints />
              <MethodPoint xsi:type="SequencePoint" vc="0" uspid="7051" ordinal="0" offset="0" sl="506" sc="49" el="506" ec="61" bec="0" bev="0" fileid="243" />
            </Method>
            <Method visited="false" cyclomaticComplexity="1" nPathComplexity="0" sequenceCoverage="0" branchCoverage="0" crapScore="2" isConstructor="true" isStatic="false" isGetter="false" isSetter="false">
              <Summary numSequencePoints="3" visitedSequencePoints="0" numBranchPoints="1" visitedBranchPoints="0" sequenceCoverage="0" branchCoverage="0" maxCyclomaticComplexity="1" minCyclomaticComplexity="1" maxCrapScore="2" minCrapScore="2" visitedClasses="0" numClasses="0" visitedMethods="0" numMethods="1" />
              <MetadataToken>100664389</MetadataToken>
              <Name>System.Void Xunit.TestMessageVisitor`1::.ctor()</Name>
              <FileRef uid="243" />
              <SequencePoints>
                <SequencePoint vc="0" uspid="7052" ordinal="0" offset="0" sl="498" sc="9" el="498" ec="36" bec="0" bev="0" fileid="243" />
                <SequencePoint vc="0" uspid="7053" ordinal="1" offset="6" sl="500" sc="13" el="500" ec="52" bec="0" bev="0" fileid="243" />
                <SequencePoint vc="0" uspid="7054" ordinal="2" offset="18" sl="501" sc="9" el="501" ec="10" bec="0" bev="0" fileid="243" />
              </SequencePoints>
              <BranchPoints />
              <MethodPoint xsi:type="SequencePoint" vc="0" uspid="7052" ordinal="0" offset="0" sl="498" sc="9" el="498" ec="36" bec="0" bev="0" fileid="243" />
            </Method>
            <Method visited="false" cyclomaticComplexity="1" nPathComplexity="0" sequenceCoverage="0" branchCoverage="0" crapScore="2" isConstructor="false" isStatic="false" isGetter="false" isSetter="false">
              <Summary numSequencePoints="2" visitedSequencePoints="0" numBranchPoints="1" visitedBranchPoints="0" sequenceCoverage="0" branchCoverage="0" maxCyclomaticComplexity="1" minCyclomaticComplexity="1" maxCrapScore="2" minCrapScore="2" visitedClasses="0" numClasses="0" visitedMethods="0" numMethods="1" />
              <MetadataToken>100664392</MetadataToken>
              <Name>System.Void Xunit.TestMessageVisitor`1::Dispose()</Name>
              <FileRef uid="243" />
              <SequencePoints>
                <SequencePoint vc="0" uspid="7055" ordinal="0" offset="0" sl="511" sc="13" el="511" ec="47" bec="0" bev="0" fileid="243" />
                <SequencePoint vc="0" uspid="7056" ordinal="1" offset="11" sl="512" sc="9" el="512" ec="10" bec="0" bev="0" fileid="243" />
              </SequencePoints>
              <BranchPoints />
              <MethodPoint xsi:type="SequencePoint" vc="0" uspid="7055" ordinal="0" offset="0" sl="511" sc="13" el="511" ec="47" bec="0" bev="0" fileid="243" />
            </Method>
            <Method visited="false" cyclomaticComplexity="2" nPathComplexity="2" sequenceCoverage="0" branchCoverage="0" crapScore="6" isConstructor="false" isStatic="false" isGetter="false" isSetter="false">
              <Summary numSequencePoints="4" visitedSequencePoints="0" numBranchPoints="3" visitedBranchPoints="0" sequenceCoverage="0" branchCoverage="0" maxCyclomaticComplexity="2" minCyclomaticComplexity="2" maxCrapScore="6" minCrapScore="6" visitedClasses="0" numClasses="0" visitedMethods="0" numMethods="1" />
              <MetadataToken>100664393</MetadataToken>
              <Name>System.Boolean Xunit.TestMessageVisitor`1::OnMessage(Xunit.Abstractions.IMessageSinkMessage)</Name>
              <FileRef uid="243" />
              <SequencePoints>
                <SequencePoint vc="0" uspid="7057" ordinal="0" offset="0" sl="517" sc="13" el="517" ec="50" bec="0" bev="0" fileid="243" />
                <SequencePoint vc="0" uspid="7058" ordinal="1" offset="7" sl="519" sc="13" el="519" ec="45" bec="2" bev="0" fileid="243" />
                <SequencePoint vc="0" uspid="7059" ordinal="2" offset="15" sl="520" sc="17" el="520" ec="32" bec="0" bev="0" fileid="243" />
                <SequencePoint vc="0" uspid="7060" ordinal="3" offset="27" sl="522" sc="13" el="522" ec="27" bec="0" bev="0" fileid="243" />
              </SequencePoints>
              <BranchPoints>
                <BranchPoint vc="0" uspid="7061" ordinal="0" offset="13" sl="519" path="0" offsetend="15" fileid="243" />
                <BranchPoint vc="0" uspid="7062" ordinal="1" offset="13" sl="519" path="1" offsetend="27" fileid="243" />
              </BranchPoints>
              <MethodPoint xsi:type="SequencePoint" vc="0" uspid="7057" ordinal="0" offset="0" sl="517" sc="13" el="517" ec="50" bec="0" bev="0" fileid="243" />
            </Method>
          </Methods>
        </Class>
        <Class>
          <Summary numSequencePoints="17" visitedSequencePoints="0" numBranchPoints="7" visitedBranchPoints="0" sequenceCoverage="0" branchCoverage="0" maxCyclomaticComplexity="2" minCyclomaticComplexity="1" maxCrapScore="6" minCrapScore="2" visitedClasses="0" numClasses="1" visitedMethods="0" numMethods="5" />
          <FullName>Xunit.XmlAggregateVisitor</FullName>
          <Methods>
            <Method visited="false" cyclomaticComplexity="1" nPathComplexity="0" sequenceCoverage="0" branchCoverage="0" crapScore="2" isConstructor="false" isStatic="false" isGetter="true" isSetter="false">
              <Summary numSequencePoints="1" visitedSequencePoints="0" numBranchPoints="1" visitedBranchPoints="0" sequenceCoverage="0" branchCoverage="0" maxCyclomaticComplexity="1" minCyclomaticComplexity="1" maxCrapScore="2" minCrapScore="2" visitedClasses="0" numClasses="0" visitedMethods="0" numMethods="1" />
              <MetadataToken>100664395</MetadataToken>
              <Name>Xunit.ExecutionSummary Xunit.XmlAggregateVisitor::get_ExecutionSummary()</Name>
              <FileRef uid="246" />
              <SequencePoints>
                <SequencePoint vc="0" uspid="7063" ordinal="0" offset="0" sl="44" sc="52" el="44" ec="56" bec="0" bev="0" fileid="246" />
              </SequencePoints>
              <BranchPoints />
              <MethodPoint xsi:type="SequencePoint" vc="0" uspid="7063" ordinal="0" offset="0" sl="44" sc="52" el="44" ec="56" bec="0" bev="0" fileid="246" />
            </Method>
            <Method visited="false" cyclomaticComplexity="1" nPathComplexity="0" sequenceCoverage="0" branchCoverage="0" crapScore="2" isConstructor="false" isStatic="false" isGetter="false" isSetter="true">
              <Summary numSequencePoints="1" visitedSequencePoints="0" numBranchPoints="1" visitedBranchPoints="0" sequenceCoverage="0" branchCoverage="0" maxCyclomaticComplexity="1" minCyclomaticComplexity="1" maxCrapScore="2" minCrapScore="2" visitedClasses="0" numClasses="0" visitedMethods="0" numMethods="1" />
              <MetadataToken>100664396</MetadataToken>
              <Name>System.Void Xunit.XmlAggregateVisitor::set_ExecutionSummary(Xunit.ExecutionSummary)</Name>
              <FileRef uid="246" />
              <SequencePoints>
                <SequencePoint vc="0" uspid="7064" ordinal="0" offset="0" sl="44" sc="57" el="44" ec="69" bec="0" bev="0" fileid="246" />
              </SequencePoints>
              <BranchPoints />
              <MethodPoint xsi:type="SequencePoint" vc="0" uspid="7064" ordinal="0" offset="0" sl="44" sc="57" el="44" ec="69" bec="0" bev="0" fileid="246" />
            </Method>
            <Method visited="false" cyclomaticComplexity="1" nPathComplexity="0" sequenceCoverage="0" branchCoverage="0" crapScore="2" isConstructor="true" isStatic="false" isGetter="false" isSetter="false">
              <Summary numSequencePoints="6" visitedSequencePoints="0" numBranchPoints="1" visitedBranchPoints="0" sequenceCoverage="0" branchCoverage="0" maxCyclomaticComplexity="1" minCyclomaticComplexity="1" maxCrapScore="2" minCrapScore="2" visitedClasses="0" numClasses="0" visitedMethods="0" numMethods="1" />
              <MetadataToken>100664394</MetadataToken>
              <Name>System.Void Xunit.XmlAggregateVisitor::.ctor(Xunit.Abstractions.IMessageSink,System.Collections.Concurrent.ConcurrentDictionary`2&lt;System.String,Xunit.ExecutionSummary&gt;,System.Xml.Linq.XElement,System.Func`1&lt;System.Boolean&gt;)</Name>
              <FileRef uid="246" />
              <SequencePoints>
                <SequencePoint vc="0" uspid="7065" ordinal="0" offset="0" sl="33" sc="15" el="33" ec="49" bec="0" bev="0" fileid="246" />
                <SequencePoint vc="0" uspid="7066" ordinal="1" offset="9" sl="35" sc="13" el="35" ec="79" bec="0" bev="0" fileid="246" />
                <SequencePoint vc="0" uspid="7067" ordinal="2" offset="20" sl="37" sc="13" el="37" ec="54" bec="0" bev="0" fileid="246" />
                <SequencePoint vc="0" uspid="7068" ordinal="3" offset="27" sl="38" sc="13" el="38" ec="58" bec="0" bev="0" fileid="246" />
                <SequencePoint vc="0" uspid="7069" ordinal="4" offset="34" sl="40" sc="13" el="40" ec="55" bec="0" bev="0" fileid="246" />
                <SequencePoint vc="0" uspid="7070" ordinal="5" offset="45" sl="41" sc="9" el="41" ec="10" bec="0" bev="0" fileid="246" />
              </SequencePoints>
              <BranchPoints />
              <MethodPoint xsi:type="SequencePoint" vc="0" uspid="7065" ordinal="0" offset="0" sl="33" sc="15" el="33" ec="49" bec="0" bev="0" fileid="246" />
            </Method>
            <Method visited="false" cyclomaticComplexity="2" nPathComplexity="2" sequenceCoverage="0" branchCoverage="0" crapScore="6" isConstructor="false" isStatic="false" isGetter="false" isSetter="false">
              <Summary numSequencePoints="6" visitedSequencePoints="0" numBranchPoints="3" visitedBranchPoints="0" sequenceCoverage="0" branchCoverage="0" maxCyclomaticComplexity="2" minCyclomaticComplexity="2" maxCrapScore="6" minCrapScore="6" visitedClasses="0" numClasses="0" visitedMethods="0" numMethods="1" />
              <MetadataToken>100664397</MetadataToken>
              <Name>System.Boolean Xunit.XmlAggregateVisitor::Visit(Xunit.Abstractions.ITestAssemblyFinished)</Name>
              <FileRef uid="246" />
              <SequencePoints>
                <SequencePoint vc="0" uspid="7071" ordinal="0" offset="0" sl="49" sc="13" el="49" ec="55" bec="0" bev="0" fileid="246" />
                <SequencePoint vc="0" uspid="7072" ordinal="1" offset="7" sl="51" sc="13" el="51" ec="44" bec="2" bev="0" fileid="246" />
                <SequencePoint vc="0" uspid="7073" ordinal="2" offset="15" sl="53" sc="17" el="60" ec="19" bec="0" bev="0" fileid="246" />
                <SequencePoint vc="0" uspid="7074" ordinal="3" offset="86" sl="62" sc="17" el="62" ec="129" bec="0" bev="0" fileid="246" />
                <SequencePoint vc="0" uspid="7075" ordinal="4" offset="108" sl="63" sc="17" el="63" ec="82" bec="0" bev="0" fileid="246" />
                <SequencePoint vc="0" uspid="7076" ordinal="5" offset="127" sl="66" sc="13" el="66" ec="27" bec="0" bev="0" fileid="246" />
              </SequencePoints>
              <BranchPoints>
                <BranchPoint vc="0" uspid="7077" ordinal="0" offset="13" sl="51" path="0" offsetend="15" fileid="246" />
                <BranchPoint vc="0" uspid="7078" ordinal="1" offset="13" sl="51" path="1" offsetend="127" fileid="246" />
              </BranchPoints>
              <MethodPoint xsi:type="SequencePoint" vc="0" uspid="7071" ordinal="0" offset="0" sl="49" sc="13" el="49" ec="55" bec="0" bev="0" fileid="246" />
            </Method>
            <Method visited="false" cyclomaticComplexity="1" nPathComplexity="0" sequenceCoverage="0" branchCoverage="0" crapScore="2" isConstructor="false" isStatic="false" isGetter="false" isSetter="false">
              <Summary numSequencePoints="3" visitedSequencePoints="0" numBranchPoints="1" visitedBranchPoints="0" sequenceCoverage="0" branchCoverage="0" maxCyclomaticComplexity="1" minCyclomaticComplexity="1" maxCrapScore="2" minCrapScore="2" visitedClasses="0" numClasses="0" visitedMethods="0" numMethods="1" />
              <MetadataToken>100664398</MetadataToken>
              <Name>System.Boolean Xunit.XmlAggregateVisitor::OnMessage(Xunit.Abstractions.IMessageSinkMessage)</Name>
              <FileRef uid="246" />
              <SequencePoints>
                <SequencePoint vc="0" uspid="7079" ordinal="0" offset="0" sl="72" sc="13" el="72" ec="50" bec="0" bev="0" fileid="246" />
                <SequencePoint vc="0" uspid="7080" ordinal="1" offset="8" sl="73" sc="13" el="73" ec="68" bec="0" bev="0" fileid="246" />
                <SequencePoint vc="0" uspid="7081" ordinal="2" offset="23" sl="74" sc="13" el="74" ec="27" bec="0" bev="0" fileid="246" />
              </SequencePoints>
              <BranchPoints />
              <MethodPoint xsi:type="SequencePoint" vc="0" uspid="7079" ordinal="0" offset="0" sl="72" sc="13" el="72" ec="50" bec="0" bev="0" fileid="246" />
            </Method>
          </Methods>
        </Class>
        <Class>
          <Summary numSequencePoints="120" visitedSequencePoints="0" numBranchPoints="90" visitedBranchPoints="0" sequenceCoverage="0" branchCoverage="0" maxCyclomaticComplexity="9" minCyclomaticComplexity="1" maxCrapScore="90" minCrapScore="2" visitedClasses="0" numClasses="1" visitedMethods="0" numMethods="32" />
          <FullName>Xunit.XmlTestExecutionVisitor</FullName>
          <Methods>
            <Method visited="false" cyclomaticComplexity="1" nPathComplexity="0" sequenceCoverage="0" branchCoverage="0" crapScore="2" isConstructor="false" isStatic="false" isGetter="true" isSetter="false">
              <Summary numSequencePoints="1" visitedSequencePoints="0" numBranchPoints="1" visitedBranchPoints="0" sequenceCoverage="0" branchCoverage="0" maxCyclomaticComplexity="1" minCyclomaticComplexity="1" maxCrapScore="2" minCrapScore="2" visitedClasses="0" numClasses="0" visitedMethods="0" numMethods="1" />
              <MetadataToken>100664400</MetadataToken>
              <Name>System.Func`1&lt;System.Boolean&gt; Xunit.XmlTestExecutionVisitor::get_CancelThunk()</Name>
              <FileRef uid="247" />
              <SequencePoints>
                <SequencePoint vc="0" uspid="7082" ordinal="0" offset="0" sl="44" sc="41" el="44" ec="45" bec="0" bev="0" fileid="247" />
              </SequencePoints>
              <BranchPoints />
              <MethodPoint xsi:type="SequencePoint" vc="0" uspid="7082" ordinal="0" offset="0" sl="44" sc="41" el="44" ec="45" bec="0" bev="0" fileid="247" />
            </Method>
            <Method visited="false" cyclomaticComplexity="1" nPathComplexity="0" sequenceCoverage="0" branchCoverage="0" crapScore="2" isConstructor="false" isStatic="false" isGetter="true" isSetter="false">
              <Summary numSequencePoints="1" visitedSequencePoints="0" numBranchPoints="1" visitedBranchPoints="0" sequenceCoverage="0" branchCoverage="0" maxCyclomaticComplexity="1" minCyclomaticComplexity="1" maxCrapScore="2" minCrapScore="2" visitedClasses="0" numClasses="0" visitedMethods="0" numMethods="1" />
              <MetadataToken>100664401</MetadataToken>
              <Name>System.Int32 Xunit.XmlTestExecutionVisitor::get_Errors()</Name>
              <FileRef uid="247" />
              <SequencePoints>
                <SequencePoint vc="0" uspid="7083" ordinal="0" offset="0" sl="49" sc="29" el="49" ec="33" bec="0" bev="0" fileid="247" />
              </SequencePoints>
              <BranchPoints />
              <MethodPoint xsi:type="SequencePoint" vc="0" uspid="7083" ordinal="0" offset="0" sl="49" sc="29" el="49" ec="33" bec="0" bev="0" fileid="247" />
            </Method>
            <Method visited="false" cyclomaticComplexity="1" nPathComplexity="0" sequenceCoverage="0" branchCoverage="0" crapScore="2" isConstructor="false" isStatic="false" isGetter="false" isSetter="true">
              <Summary numSequencePoints="1" visitedSequencePoints="0" numBranchPoints="1" visitedBranchPoints="0" sequenceCoverage="0" branchCoverage="0" maxCyclomaticComplexity="1" minCyclomaticComplexity="1" maxCrapScore="2" minCrapScore="2" visitedClasses="0" numClasses="0" visitedMethods="0" numMethods="1" />
              <MetadataToken>100664402</MetadataToken>
              <Name>System.Void Xunit.XmlTestExecutionVisitor::set_Errors(System.Int32)</Name>
              <FileRef uid="247" />
              <SequencePoints>
                <SequencePoint vc="0" uspid="7084" ordinal="0" offset="0" sl="49" sc="34" el="49" ec="38" bec="0" bev="0" fileid="247" />
              </SequencePoints>
              <BranchPoints />
              <MethodPoint xsi:type="SequencePoint" vc="0" uspid="7084" ordinal="0" offset="0" sl="49" sc="34" el="49" ec="38" bec="0" bev="0" fileid="247" />
            </Method>
            <Method visited="false" cyclomaticComplexity="1" nPathComplexity="0" sequenceCoverage="0" branchCoverage="0" crapScore="2" isConstructor="false" isStatic="false" isGetter="true" isSetter="false">
              <Summary numSequencePoints="1" visitedSequencePoints="0" numBranchPoints="1" visitedBranchPoints="0" sequenceCoverage="0" branchCoverage="0" maxCyclomaticComplexity="1" minCyclomaticComplexity="1" maxCrapScore="2" minCrapScore="2" visitedClasses="0" numClasses="0" visitedMethods="0" numMethods="1" />
              <MetadataToken>100664403</MetadataToken>
              <Name>System.Int32 Xunit.XmlTestExecutionVisitor::get_Failed()</Name>
              <FileRef uid="247" />
              <SequencePoints>
                <SequencePoint vc="0" uspid="7085" ordinal="0" offset="0" sl="54" sc="29" el="54" ec="33" bec="0" bev="0" fileid="247" />
              </SequencePoints>
              <BranchPoints />
              <MethodPoint xsi:type="SequencePoint" vc="0" uspid="7085" ordinal="0" offset="0" sl="54" sc="29" el="54" ec="33" bec="0" bev="0" fileid="247" />
            </Method>
            <Method visited="false" cyclomaticComplexity="1" nPathComplexity="0" sequenceCoverage="0" branchCoverage="0" crapScore="2" isConstructor="false" isStatic="false" isGetter="false" isSetter="true">
              <Summary numSequencePoints="1" visitedSequencePoints="0" numBranchPoints="1" visitedBranchPoints="0" sequenceCoverage="0" branchCoverage="0" maxCyclomaticComplexity="1" minCyclomaticComplexity="1" maxCrapScore="2" minCrapScore="2" visitedClasses="0" numClasses="0" visitedMethods="0" numMethods="1" />
              <MetadataToken>100664404</MetadataToken>
              <Name>System.Void Xunit.XmlTestExecutionVisitor::set_Failed(System.Int32)</Name>
              <FileRef uid="247" />
              <SequencePoints>
                <SequencePoint vc="0" uspid="7086" ordinal="0" offset="0" sl="54" sc="34" el="54" ec="38" bec="0" bev="0" fileid="247" />
              </SequencePoints>
              <BranchPoints />
              <MethodPoint xsi:type="SequencePoint" vc="0" uspid="7086" ordinal="0" offset="0" sl="54" sc="34" el="54" ec="38" bec="0" bev="0" fileid="247" />
            </Method>
            <Method visited="false" cyclomaticComplexity="1" nPathComplexity="0" sequenceCoverage="0" branchCoverage="0" crapScore="2" isConstructor="false" isStatic="false" isGetter="true" isSetter="false">
              <Summary numSequencePoints="1" visitedSequencePoints="0" numBranchPoints="1" visitedBranchPoints="0" sequenceCoverage="0" branchCoverage="0" maxCyclomaticComplexity="1" minCyclomaticComplexity="1" maxCrapScore="2" minCrapScore="2" visitedClasses="0" numClasses="0" visitedMethods="0" numMethods="1" />
              <MetadataToken>100664405</MetadataToken>
              <Name>System.Int32 Xunit.XmlTestExecutionVisitor::get_Skipped()</Name>
              <FileRef uid="247" />
              <SequencePoints>
                <SequencePoint vc="0" uspid="7087" ordinal="0" offset="0" sl="59" sc="30" el="59" ec="34" bec="0" bev="0" fileid="247" />
              </SequencePoints>
              <BranchPoints />
              <MethodPoint xsi:type="SequencePoint" vc="0" uspid="7087" ordinal="0" offset="0" sl="59" sc="30" el="59" ec="34" bec="0" bev="0" fileid="247" />
            </Method>
            <Method visited="false" cyclomaticComplexity="1" nPathComplexity="0" sequenceCoverage="0" branchCoverage="0" crapScore="2" isConstructor="false" isStatic="false" isGetter="false" isSetter="true">
              <Summary numSequencePoints="1" visitedSequencePoints="0" numBranchPoints="1" visitedBranchPoints="0" sequenceCoverage="0" branchCoverage="0" maxCyclomaticComplexity="1" minCyclomaticComplexity="1" maxCrapScore="2" minCrapScore="2" visitedClasses="0" numClasses="0" visitedMethods="0" numMethods="1" />
              <MetadataToken>100664406</MetadataToken>
              <Name>System.Void Xunit.XmlTestExecutionVisitor::set_Skipped(System.Int32)</Name>
              <FileRef uid="247" />
              <SequencePoints>
                <SequencePoint vc="0" uspid="7088" ordinal="0" offset="0" sl="59" sc="35" el="59" ec="39" bec="0" bev="0" fileid="247" />
              </SequencePoints>
              <BranchPoints />
              <MethodPoint xsi:type="SequencePoint" vc="0" uspid="7088" ordinal="0" offset="0" sl="59" sc="35" el="59" ec="39" bec="0" bev="0" fileid="247" />
            </Method>
            <Method visited="false" cyclomaticComplexity="1" nPathComplexity="0" sequenceCoverage="0" branchCoverage="0" crapScore="2" isConstructor="false" isStatic="false" isGetter="true" isSetter="false">
              <Summary numSequencePoints="1" visitedSequencePoints="0" numBranchPoints="1" visitedBranchPoints="0" sequenceCoverage="0" branchCoverage="0" maxCyclomaticComplexity="1" minCyclomaticComplexity="1" maxCrapScore="2" minCrapScore="2" visitedClasses="0" numClasses="0" visitedMethods="0" numMethods="1" />
              <MetadataToken>100664407</MetadataToken>
              <Name>System.Decimal Xunit.XmlTestExecutionVisitor::get_Time()</Name>
              <FileRef uid="247" />
              <SequencePoints>
                <SequencePoint vc="0" uspid="7089" ordinal="0" offset="0" sl="64" sc="31" el="64" ec="35" bec="0" bev="0" fileid="247" />
              </SequencePoints>
              <BranchPoints />
              <MethodPoint xsi:type="SequencePoint" vc="0" uspid="7089" ordinal="0" offset="0" sl="64" sc="31" el="64" ec="35" bec="0" bev="0" fileid="247" />
            </Method>
            <Method visited="false" cyclomaticComplexity="1" nPathComplexity="0" sequenceCoverage="0" branchCoverage="0" crapScore="2" isConstructor="false" isStatic="false" isGetter="false" isSetter="true">
              <Summary numSequencePoints="1" visitedSequencePoints="0" numBranchPoints="1" visitedBranchPoints="0" sequenceCoverage="0" branchCoverage="0" maxCyclomaticComplexity="1" minCyclomaticComplexity="1" maxCrapScore="2" minCrapScore="2" visitedClasses="0" numClasses="0" visitedMethods="0" numMethods="1" />
              <MetadataToken>100664408</MetadataToken>
              <Name>System.Void Xunit.XmlTestExecutionVisitor::set_Time(System.Decimal)</Name>
              <FileRef uid="247" />
              <SequencePoints>
                <SequencePoint vc="0" uspid="7090" ordinal="0" offset="0" sl="64" sc="36" el="64" ec="40" bec="0" bev="0" fileid="247" />
              </SequencePoints>
              <BranchPoints />
              <MethodPoint xsi:type="SequencePoint" vc="0" uspid="7090" ordinal="0" offset="0" sl="64" sc="36" el="64" ec="40" bec="0" bev="0" fileid="247" />
            </Method>
            <Method visited="false" cyclomaticComplexity="1" nPathComplexity="0" sequenceCoverage="0" branchCoverage="0" crapScore="2" isConstructor="false" isStatic="false" isGetter="true" isSetter="false">
              <Summary numSequencePoints="1" visitedSequencePoints="0" numBranchPoints="1" visitedBranchPoints="0" sequenceCoverage="0" branchCoverage="0" maxCyclomaticComplexity="1" minCyclomaticComplexity="1" maxCrapScore="2" minCrapScore="2" visitedClasses="0" numClasses="0" visitedMethods="0" numMethods="1" />
              <MetadataToken>100664409</MetadataToken>
              <Name>System.Int32 Xunit.XmlTestExecutionVisitor::get_Total()</Name>
              <FileRef uid="247" />
              <SequencePoints>
                <SequencePoint vc="0" uspid="7091" ordinal="0" offset="0" sl="69" sc="28" el="69" ec="32" bec="0" bev="0" fileid="247" />
              </SequencePoints>
              <BranchPoints />
              <MethodPoint xsi:type="SequencePoint" vc="0" uspid="7091" ordinal="0" offset="0" sl="69" sc="28" el="69" ec="32" bec="0" bev="0" fileid="247" />
            </Method>
            <Method visited="false" cyclomaticComplexity="1" nPathComplexity="0" sequenceCoverage="0" branchCoverage="0" crapScore="2" isConstructor="false" isStatic="false" isGetter="false" isSetter="true">
              <Summary numSequencePoints="1" visitedSequencePoints="0" numBranchPoints="1" visitedBranchPoints="0" sequenceCoverage="0" branchCoverage="0" maxCyclomaticComplexity="1" minCyclomaticComplexity="1" maxCrapScore="2" minCrapScore="2" visitedClasses="0" numClasses="0" visitedMethods="0" numMethods="1" />
              <MetadataToken>100664410</MetadataToken>
              <Name>System.Void Xunit.XmlTestExecutionVisitor::set_Total(System.Int32)</Name>
              <FileRef uid="247" />
              <SequencePoints>
                <SequencePoint vc="0" uspid="7092" ordinal="0" offset="0" sl="69" sc="33" el="69" ec="37" bec="0" bev="0" fileid="247" />
              </SequencePoints>
              <BranchPoints />
              <MethodPoint xsi:type="SequencePoint" vc="0" uspid="7092" ordinal="0" offset="0" sl="69" sc="33" el="69" ec="37" bec="0" bev="0" fileid="247" />
            </Method>
            <Method visited="false" cyclomaticComplexity="4" nPathComplexity="8" sequenceCoverage="0" branchCoverage="0" crapScore="20" isConstructor="true" isStatic="false" isGetter="false" isSetter="false">
              <Summary numSequencePoints="8" visitedSequencePoints="0" numBranchPoints="7" visitedBranchPoints="0" sequenceCoverage="0" branchCoverage="0" maxCyclomaticComplexity="4" minCyclomaticComplexity="4" maxCrapScore="20" minCrapScore="20" visitedClasses="0" numClasses="0" visitedMethods="0" numMethods="1" />
              <MetadataToken>100664399</MetadataToken>
              <Name>System.Void Xunit.XmlTestExecutionVisitor::.ctor(System.Xml.Linq.XElement,System.Func`1&lt;System.Boolean&gt;)</Name>
              <FileRef uid="247" />
              <SequencePoints>
                <SequencePoint vc="0" uspid="7093" ordinal="0" offset="0" sl="21" sc="9" el="21" ec="123" bec="0" bev="0" fileid="247" />
                <SequencePoint vc="0" uspid="7094" ordinal="1" offset="11" sl="28" sc="9" el="28" ec="89" bec="0" bev="0" fileid="247" />
                <SequencePoint vc="0" uspid="7095" ordinal="2" offset="17" sl="30" sc="13" el="30" ec="56" bec="3" bev="0" fileid="247" />
                <SequencePoint vc="0" uspid="7096" ordinal="3" offset="59" sl="32" sc="13" el="32" ec="52" bec="0" bev="0" fileid="247" />
                <SequencePoint vc="0" uspid="7097" ordinal="4" offset="66" sl="34" sc="13" el="34" ec="46" bec="2" bev="0" fileid="247" />
                <SequencePoint vc="0" uspid="7098" ordinal="5" offset="74" sl="36" sc="17" el="36" ec="56" bec="0" bev="0" fileid="247" />
                <SequencePoint vc="0" uspid="7099" ordinal="6" offset="95" sl="37" sc="17" el="37" ec="57" bec="0" bev="0" fileid="247" />
                <SequencePoint vc="0" uspid="7100" ordinal="7" offset="112" sl="39" sc="9" el="39" ec="10" bec="0" bev="0" fileid="247" />
              </SequencePoints>
              <BranchPoints>
                <BranchPoint vc="0" uspid="7101" ordinal="0" offset="20" sl="30" path="0" offsetend="22" fileid="247" />
                <BranchPoint vc="0" uspid="7102" ordinal="1" offset="20" sl="30" path="1" offsetend="54" fileid="247" />
                <BranchPoint vc="0" uspid="7103" ordinal="2" offset="29" sl="30" path="0" offsetend="31" fileid="247" />
                <BranchPoint vc="0" uspid="7104" ordinal="3" offset="29" sl="30" path="1" offsetend="54" fileid="247" />
                <BranchPoint vc="0" uspid="7105" ordinal="4" offset="72" sl="34" path="0" offsetend="74" fileid="247" />
                <BranchPoint vc="0" uspid="7106" ordinal="5" offset="72" sl="34" path="1" offsetend="112" fileid="247" />
              </BranchPoints>
              <MethodPoint xsi:type="SequencePoint" vc="0" uspid="7093" ordinal="0" offset="0" sl="21" sc="9" el="21" ec="123" bec="0" bev="0" fileid="247" />
            </Method>
            <Method visited="false" cyclomaticComplexity="9" nPathComplexity="64" sequenceCoverage="0" branchCoverage="0" crapScore="90" isConstructor="false" isStatic="false" isGetter="false" isSetter="false">
              <Summary numSequencePoints="21" visitedSequencePoints="0" numBranchPoints="13" visitedBranchPoints="0" sequenceCoverage="0" branchCoverage="0" maxCyclomaticComplexity="9" minCyclomaticComplexity="9" maxCrapScore="90" minCrapScore="90" visitedClasses="0" numClasses="0" visitedMethods="0" numMethods="1" />
              <MetadataToken>100664411</MetadataToken>
              <Name>System.Xml.Linq.XElement Xunit.XmlTestExecutionVisitor::CreateTestResultElement(Xunit.Abstractions.ITestResultMessage,System.String)</Name>
              <FileRef uid="247" />
              <SequencePoints>
                <SequencePoint vc="0" uspid="7107" ordinal="0" offset="0" sl="73" sc="13" el="73" ec="119" bec="0" bev="0" fileid="247" />
                <SequencePoint vc="0" uspid="7108" ordinal="1" offset="28" sl="74" sc="13" el="81" ec="19" bec="0" bev="0" fileid="247" />
                <SequencePoint vc="0" uspid="7109" ordinal="2" offset="223" sl="83" sc="13" el="83" ec="63" bec="2" bev="0" fileid="247" />
                <SequencePoint vc="0" uspid="7110" ordinal="3" offset="236" sl="85" sc="17" el="85" ec="94" bec="0" bev="0" fileid="247" />
                <SequencePoint vc="0" uspid="7111" ordinal="4" offset="268" sl="88" sc="13" el="88" ec="63" bec="2" bev="0" fileid="247" />
                <SequencePoint vc="0" uspid="7112" ordinal="5" offset="284" sl="90" sc="17" el="90" ec="76" bec="2" bev="0" fileid="247" />
                <SequencePoint vc="0" uspid="7113" ordinal="6" offset="302" sl="91" sc="21" el="91" ec="122" bec="0" bev="0" fileid="247" />
                <SequencePoint vc="0" uspid="7114" ordinal="7" offset="339" sl="92" sc="17" el="92" ec="78" bec="2" bev="0" fileid="247" />
                <SequencePoint vc="0" uspid="7115" ordinal="8" offset="365" sl="93" sc="21" el="93" ec="144" bec="0" bev="0" fileid="247" />
                <SequencePoint vc="0" uspid="7116" ordinal="9" offset="415" sl="96" sc="13" el="96" ec="92" bec="3" bev="0" fileid="247" />
                <SequencePoint vc="0" uspid="7117" ordinal="10" offset="453" sl="98" sc="17" el="98" ec="60" bec="0" bev="0" fileid="247" />
                <SequencePoint vc="0" uspid="7118" ordinal="11" offset="470" sl="100" sc="37" el="100" ec="68" bec="0" bev="0" fileid="247" />
                <SequencePoint vc="0" uspid="7119" ordinal="12" offset="498" sl="100" sc="26" el="100" ec="33" bec="0" bev="0" fileid="247" />
                <SequencePoint vc="0" uspid="7120" ordinal="13" offset="507" sl="101" sc="43" el="101" ec="74" bec="0" bev="0" fileid="247" />
                <SequencePoint vc="0" uspid="7121" ordinal="14" offset="534" sl="101" sc="30" el="101" ec="39" bec="0" bev="0" fileid="247" />
                <SequencePoint vc="0" uspid="7122" ordinal="15" offset="543" sl="102" sc="25" el="107" ec="27" bec="0" bev="0" fileid="247" />
                <SequencePoint vc="0" uspid="7123" ordinal="16" offset="621" sl="101" sc="40" el="101" ec="42" bec="0" bev="0" fileid="247" />
                <SequencePoint vc="0" uspid="7124" ordinal="17" offset="646" sl="100" sc="34" el="100" ec="36" bec="0" bev="0" fileid="247" />
                <SequencePoint vc="0" uspid="7125" ordinal="18" offset="674" sl="109" sc="17" el="109" ec="54" bec="0" bev="0" fileid="247" />
                <SequencePoint vc="0" uspid="7126" ordinal="19" offset="682" sl="112" sc="13" el="112" ec="54" bec="0" bev="0" fileid="247" />
                <SequencePoint vc="0" uspid="7127" ordinal="20" offset="689" sl="114" sc="13" el="114" ec="38" bec="0" bev="0" fileid="247" />
              </SequencePoints>
              <BranchPoints>
                <BranchPoint vc="0" uspid="7128" ordinal="0" offset="234" sl="83" path="0" offsetend="236" fileid="247" />
                <BranchPoint vc="0" uspid="7129" ordinal="1" offset="234" sl="83" path="1" offsetend="268" fileid="247" />
                <BranchPoint vc="0" uspid="7130" ordinal="2" offset="279" sl="88" path="0" offsetend="284" fileid="247" />
                <BranchPoint vc="0" uspid="7131" ordinal="3" offset="279" sl="88" path="1" offsetend="415" fileid="247" />
                <BranchPoint vc="0" uspid="7132" ordinal="4" offset="300" sl="90" path="0" offsetend="302" fileid="247" />
                <BranchPoint vc="0" uspid="7133" ordinal="5" offset="300" sl="90" path="1" offsetend="339" fileid="247" />
                <BranchPoint vc="0" uspid="7134" ordinal="6" offset="363" sl="92" path="0" offsetend="365" fileid="247" />
                <BranchPoint vc="0" uspid="7135" ordinal="7" offset="363" sl="92" path="1" offsetend="415" fileid="247" />
                <BranchPoint vc="0" uspid="7136" ordinal="8" offset="426" sl="96" path="0" offsetend="431" fileid="247" />
                <BranchPoint vc="0" uspid="7137" ordinal="9" offset="426" sl="96" path="1" offsetend="682" fileid="247" />
                <BranchPoint vc="0" uspid="7138" ordinal="10" offset="448" sl="96" path="0" offsetend="453" fileid="247" />
                <BranchPoint vc="0" uspid="7139" ordinal="11" offset="448" sl="96" path="1" offsetend="682" fileid="247" />
              </BranchPoints>
              <MethodPoint xsi:type="SequencePoint" vc="0" uspid="7107" ordinal="0" offset="0" sl="73" sc="13" el="73" ec="119" bec="0" bev="0" fileid="247" />
            </Method>
            <Method visited="false" cyclomaticComplexity="2" nPathComplexity="2" sequenceCoverage="0" branchCoverage="0" crapScore="6" isConstructor="false" isStatic="false" isGetter="false" isSetter="false">
              <Summary numSequencePoints="1" visitedSequencePoints="0" numBranchPoints="3" visitedBranchPoints="0" sequenceCoverage="0" branchCoverage="0" maxCyclomaticComplexity="2" minCyclomaticComplexity="2" maxCrapScore="6" minCrapScore="6" visitedClasses="0" numClasses="0" visitedMethods="0" numMethods="1" />
              <MetadataToken>100664412</MetadataToken>
              <Name>System.Xml.Linq.XElement Xunit.XmlTestExecutionVisitor::GetTestCollectionElement(Xunit.Abstractions.ITestCollection)</Name>
              <FileRef uid="247" />
              <SequencePoints>
                <SequencePoint vc="0" uspid="7144" ordinal="0" offset="0" sl="119" sc="13" el="119" ec="111" bec="2" bev="0" fileid="247" />
              </SequencePoints>
              <BranchPoints>
                <BranchPoint vc="0" uspid="7145" ordinal="0" offset="18" sl="119" path="0" offsetend="20" fileid="247" />
                <BranchPoint vc="0" uspid="7146" ordinal="1" offset="18" sl="119" path="1" offsetend="43" fileid="247" />
              </BranchPoints>
              <MethodPoint xsi:type="SequencePoint" vc="0" uspid="7144" ordinal="0" offset="0" sl="119" sc="13" el="119" ec="111" bec="2" bev="0" fileid="247" />
            </Method>
            <Method visited="false" cyclomaticComplexity="2" nPathComplexity="2" sequenceCoverage="0" branchCoverage="0" crapScore="6" isConstructor="false" isStatic="false" isGetter="false" isSetter="false">
              <Summary numSequencePoints="4" visitedSequencePoints="0" numBranchPoints="3" visitedBranchPoints="0" sequenceCoverage="0" branchCoverage="0" maxCyclomaticComplexity="2" minCyclomaticComplexity="2" maxCrapScore="6" minCrapScore="6" visitedClasses="0" numClasses="0" visitedMethods="0" numMethods="1" />
              <MetadataToken>100664413</MetadataToken>
              <Name>System.Boolean Xunit.XmlTestExecutionVisitor::OnMessage(Xunit.Abstractions.IMessageSinkMessage)</Name>
              <FileRef uid="247" />
              <SequencePoints>
                <SequencePoint vc="0" uspid="7147" ordinal="0" offset="0" sl="125" sc="13" el="125" ec="50" bec="0" bev="0" fileid="247" />
                <SequencePoint vc="0" uspid="7148" ordinal="1" offset="8" sl="126" sc="13" el="126" ec="24" bec="2" bev="0" fileid="247" />
                <SequencePoint vc="0" uspid="7149" ordinal="2" offset="11" sl="127" sc="17" el="127" ec="41" bec="0" bev="0" fileid="247" />
                <SequencePoint vc="0" uspid="7150" ordinal="3" offset="26" sl="129" sc="13" el="129" ec="27" bec="0" bev="0" fileid="247" />
              </SequencePoints>
              <BranchPoints>
                <BranchPoint vc="0" uspid="7151" ordinal="0" offset="9" sl="126" path="0" offsetend="11" fileid="247" />
                <BranchPoint vc="0" uspid="7152" ordinal="1" offset="9" sl="126" path="1" offsetend="26" fileid="247" />
              </BranchPoints>
              <MethodPoint xsi:type="SequencePoint" vc="0" uspid="7147" ordinal="0" offset="0" sl="125" sc="13" el="125" ec="50" bec="0" bev="0" fileid="247" />
            </Method>
            <Method visited="false" cyclomaticComplexity="4" nPathComplexity="2" sequenceCoverage="0" branchCoverage="0" crapScore="20" isConstructor="false" isStatic="false" isGetter="false" isSetter="false">
              <Summary numSequencePoints="11" visitedSequencePoints="0" numBranchPoints="3" visitedBranchPoints="0" sequenceCoverage="0" branchCoverage="0" maxCyclomaticComplexity="4" minCyclomaticComplexity="4" maxCrapScore="20" minCrapScore="20" visitedClasses="0" numClasses="0" visitedMethods="0" numMethods="1" />
              <MetadataToken>100664414</MetadataToken>
              <Name>System.Boolean Xunit.XmlTestExecutionVisitor::Visit(Xunit.Abstractions.ITestAssemblyFinished)</Name>
              <FileRef uid="247" />
              <SequencePoints>
                <SequencePoint vc="0" uspid="7153" ordinal="0" offset="0" sl="135" sc="13" el="135" ec="48" bec="0" bev="0" fileid="247" />
                <SequencePoint vc="0" uspid="7154" ordinal="1" offset="19" sl="136" sc="13" el="136" ec="52" bec="0" bev="0" fileid="247" />
                <SequencePoint vc="0" uspid="7155" ordinal="2" offset="38" sl="137" sc="13" el="137" ec="54" bec="0" bev="0" fileid="247" />
                <SequencePoint vc="0" uspid="7156" ordinal="3" offset="57" sl="138" sc="13" el="138" ec="52" bec="0" bev="0" fileid="247" />
                <SequencePoint vc="0" uspid="7157" ordinal="4" offset="80" sl="140" sc="13" el="140" ec="41" bec="2" bev="0" fileid="247" />
                <SequencePoint vc="0" uspid="7158" ordinal="5" offset="91" sl="142" sc="17" el="149" ec="19" bec="0" bev="0" fileid="247" />
                <SequencePoint vc="0" uspid="7159" ordinal="6" offset="309" sl="151" sc="41" el="151" ec="70" bec="0" bev="0" fileid="247" />
                <SequencePoint vc="0" uspid="7160" ordinal="7" offset="328" sl="151" sc="26" el="151" ec="37" bec="0" bev="0" fileid="247" />
                <SequencePoint vc="0" uspid="7161" ordinal="8" offset="335" sl="152" sc="21" el="152" ec="50" bec="0" bev="0" fileid="247" />
                <SequencePoint vc="0" uspid="7162" ordinal="9" offset="347" sl="151" sc="38" el="151" ec="40" bec="0" bev="0" fileid="247" />
                <SequencePoint vc="0" uspid="7163" ordinal="10" offset="367" sl="155" sc="13" el="155" ec="49" bec="0" bev="0" fileid="247" />
              </SequencePoints>
              <BranchPoints>
                <BranchPoint vc="0" uspid="7164" ordinal="0" offset="86" sl="140" path="0" offsetend="91" fileid="247" />
                <BranchPoint vc="0" uspid="7165" ordinal="1" offset="86" sl="140" path="1" offsetend="367" fileid="247" />
              </BranchPoints>
              <MethodPoint xsi:type="SequencePoint" vc="0" uspid="7153" ordinal="0" offset="0" sl="135" sc="13" el="135" ec="48" bec="0" bev="0" fileid="247" />
            </Method>
            <Method visited="false" cyclomaticComplexity="3" nPathComplexity="4" sequenceCoverage="0" branchCoverage="0" crapScore="12" isConstructor="false" isStatic="false" isGetter="false" isSetter="false">
              <Summary numSequencePoints="5" visitedSequencePoints="0" numBranchPoints="5" visitedBranchPoints="0" sequenceCoverage="0" branchCoverage="0" maxCyclomaticComplexity="3" minCyclomaticComplexity="3" maxCrapScore="12" minCrapScore="12" visitedClasses="0" numClasses="0" visitedMethods="0" numMethods="1" />
              <MetadataToken>100664415</MetadataToken>
              <Name>System.Boolean Xunit.XmlTestExecutionVisitor::Visit(Xunit.Abstractions.ITestAssemblyStarting)</Name>
              <FileRef uid="247" />
              <SequencePoints>
                <SequencePoint vc="0" uspid="7168" ordinal="0" offset="0" sl="161" sc="13" el="161" ec="41" bec="2" bev="0" fileid="247" />
                <SequencePoint vc="0" uspid="7169" ordinal="1" offset="11" sl="163" sc="17" el="169" ec="19" bec="0" bev="0" fileid="247" />
                <SequencePoint vc="0" uspid="7170" ordinal="2" offset="194" sl="171" sc="17" el="171" ec="74" bec="2" bev="0" fileid="247" />
                <SequencePoint vc="0" uspid="7171" ordinal="3" offset="207" sl="172" sc="21" el="172" ec="118" bec="0" bev="0" fileid="247" />
                <SequencePoint vc="0" uspid="7172" ordinal="4" offset="244" sl="175" sc="13" el="175" ec="49" bec="0" bev="0" fileid="247" />
              </SequencePoints>
              <BranchPoints>
                <BranchPoint vc="0" uspid="7173" ordinal="0" offset="6" sl="161" path="0" offsetend="11" fileid="247" />
                <BranchPoint vc="0" uspid="7174" ordinal="1" offset="6" sl="161" path="1" offsetend="244" fileid="247" />
                <BranchPoint vc="0" uspid="7175" ordinal="2" offset="205" sl="171" path="0" offsetend="207" fileid="247" />
                <BranchPoint vc="0" uspid="7176" ordinal="3" offset="205" sl="171" path="1" offsetend="244" fileid="247" />
              </BranchPoints>
              <MethodPoint xsi:type="SequencePoint" vc="0" uspid="7168" ordinal="0" offset="0" sl="161" sc="13" el="161" ec="41" bec="2" bev="0" fileid="247" />
            </Method>
            <Method visited="false" cyclomaticComplexity="2" nPathComplexity="2" sequenceCoverage="0" branchCoverage="0" crapScore="6" isConstructor="false" isStatic="false" isGetter="false" isSetter="false">
              <Summary numSequencePoints="4" visitedSequencePoints="0" numBranchPoints="3" visitedBranchPoints="0" sequenceCoverage="0" branchCoverage="0" maxCyclomaticComplexity="2" minCyclomaticComplexity="2" maxCrapScore="6" minCrapScore="6" visitedClasses="0" numClasses="0" visitedMethods="0" numMethods="1" />
              <MetadataToken>100664416</MetadataToken>
              <Name>System.Boolean Xunit.XmlTestExecutionVisitor::Visit(Xunit.Abstractions.ITestCollectionFinished)</Name>
              <FileRef uid="247" />
              <SequencePoints>
                <SequencePoint vc="0" uspid="7177" ordinal="0" offset="0" sl="181" sc="13" el="181" ec="41" bec="2" bev="0" fileid="247" />
                <SequencePoint vc="0" uspid="7178" ordinal="1" offset="11" sl="183" sc="17" el="183" ec="105" bec="0" bev="0" fileid="247" />
                <SequencePoint vc="0" uspid="7179" ordinal="2" offset="23" sl="184" sc="17" el="191" ec="19" bec="0" bev="0" fileid="247" />
                <SequencePoint vc="0" uspid="7180" ordinal="3" offset="240" sl="194" sc="13" el="194" ec="55" bec="0" bev="0" fileid="247" />
              </SequencePoints>
              <BranchPoints>
                <BranchPoint vc="0" uspid="7181" ordinal="0" offset="6" sl="181" path="0" offsetend="11" fileid="247" />
                <BranchPoint vc="0" uspid="7182" ordinal="1" offset="6" sl="181" path="1" offsetend="240" fileid="247" />
              </BranchPoints>
              <MethodPoint xsi:type="SequencePoint" vc="0" uspid="7177" ordinal="0" offset="0" sl="181" sc="13" el="181" ec="41" bec="2" bev="0" fileid="247" />
            </Method>
            <Method visited="false" cyclomaticComplexity="2" nPathComplexity="2" sequenceCoverage="0" branchCoverage="0" crapScore="6" isConstructor="false" isStatic="false" isGetter="false" isSetter="false">
              <Summary numSequencePoints="4" visitedSequencePoints="0" numBranchPoints="3" visitedBranchPoints="0" sequenceCoverage="0" branchCoverage="0" maxCyclomaticComplexity="2" minCyclomaticComplexity="2" maxCrapScore="6" minCrapScore="6" visitedClasses="0" numClasses="0" visitedMethods="0" numMethods="1" />
              <MetadataToken>100664417</MetadataToken>
              <Name>System.Boolean Xunit.XmlTestExecutionVisitor::Visit(Xunit.Abstractions.ITestFailed)</Name>
              <FileRef uid="247" />
              <SequencePoints>
                <SequencePoint vc="0" uspid="7183" ordinal="0" offset="0" sl="200" sc="13" el="200" ec="41" bec="2" bev="0" fileid="247" />
                <SequencePoint vc="0" uspid="7184" ordinal="1" offset="8" sl="202" sc="17" el="202" ec="79" bec="0" bev="0" fileid="247" />
                <SequencePoint vc="0" uspid="7185" ordinal="2" offset="20" sl="203" sc="17" el="203" ec="67" bec="0" bev="0" fileid="247" />
                <SequencePoint vc="0" uspid="7186" ordinal="3" offset="31" sl="206" sc="13" el="206" ec="43" bec="0" bev="0" fileid="247" />
              </SequencePoints>
              <BranchPoints>
                <BranchPoint vc="0" uspid="7187" ordinal="0" offset="6" sl="200" path="0" offsetend="8" fileid="247" />
                <BranchPoint vc="0" uspid="7188" ordinal="1" offset="6" sl="200" path="1" offsetend="31" fileid="247" />
              </BranchPoints>
              <MethodPoint xsi:type="SequencePoint" vc="0" uspid="7183" ordinal="0" offset="0" sl="200" sc="13" el="200" ec="41" bec="2" bev="0" fileid="247" />
            </Method>
            <Method visited="false" cyclomaticComplexity="2" nPathComplexity="2" sequenceCoverage="0" branchCoverage="0" crapScore="6" isConstructor="false" isStatic="false" isGetter="false" isSetter="false">
              <Summary numSequencePoints="3" visitedSequencePoints="0" numBranchPoints="3" visitedBranchPoints="0" sequenceCoverage="0" branchCoverage="0" maxCyclomaticComplexity="2" minCyclomaticComplexity="2" maxCrapScore="6" minCrapScore="6" visitedClasses="0" numClasses="0" visitedMethods="0" numMethods="1" />
              <MetadataToken>100664418</MetadataToken>
              <Name>System.Boolean Xunit.XmlTestExecutionVisitor::Visit(Xunit.Abstractions.ITestPassed)</Name>
              <FileRef uid="247" />
              <SequencePoints>
                <SequencePoint vc="0" uspid="7189" ordinal="0" offset="0" sl="212" sc="13" el="212" ec="41" bec="2" bev="0" fileid="247" />
                <SequencePoint vc="0" uspid="7190" ordinal="1" offset="8" sl="213" sc="17" el="213" ec="61" bec="0" bev="0" fileid="247" />
                <SequencePoint vc="0" uspid="7191" ordinal="2" offset="21" sl="215" sc="13" el="215" ec="43" bec="0" bev="0" fileid="247" />
              </SequencePoints>
              <BranchPoints>
                <BranchPoint vc="0" uspid="7192" ordinal="0" offset="6" sl="212" path="0" offsetend="8" fileid="247" />
                <BranchPoint vc="0" uspid="7193" ordinal="1" offset="6" sl="212" path="1" offsetend="21" fileid="247" />
              </BranchPoints>
              <MethodPoint xsi:type="SequencePoint" vc="0" uspid="7189" ordinal="0" offset="0" sl="212" sc="13" el="212" ec="41" bec="2" bev="0" fileid="247" />
            </Method>
            <Method visited="false" cyclomaticComplexity="2" nPathComplexity="2" sequenceCoverage="0" branchCoverage="0" crapScore="6" isConstructor="false" isStatic="false" isGetter="false" isSetter="false">
              <Summary numSequencePoints="4" visitedSequencePoints="0" numBranchPoints="3" visitedBranchPoints="0" sequenceCoverage="0" branchCoverage="0" maxCyclomaticComplexity="2" minCyclomaticComplexity="2" maxCrapScore="6" minCrapScore="6" visitedClasses="0" numClasses="0" visitedMethods="0" numMethods="1" />
              <MetadataToken>100664419</MetadataToken>
              <Name>System.Boolean Xunit.XmlTestExecutionVisitor::Visit(Xunit.Abstractions.ITestSkipped)</Name>
              <FileRef uid="247" />
              <SequencePoints>
                <SequencePoint vc="0" uspid="7194" ordinal="0" offset="0" sl="221" sc="13" el="221" ec="41" bec="2" bev="0" fileid="247" />
                <SequencePoint vc="0" uspid="7195" ordinal="1" offset="8" sl="223" sc="17" el="223" ec="80" bec="0" bev="0" fileid="247" />
                <SequencePoint vc="0" uspid="7196" ordinal="2" offset="20" sl="224" sc="17" el="224" ec="100" bec="0" bev="0" fileid="247" />
                <SequencePoint vc="0" uspid="7197" ordinal="3" offset="56" sl="227" sc="13" el="227" ec="44" bec="0" bev="0" fileid="247" />
              </SequencePoints>
              <BranchPoints>
                <BranchPoint vc="0" uspid="7198" ordinal="0" offset="6" sl="221" path="0" offsetend="8" fileid="247" />
                <BranchPoint vc="0" uspid="7199" ordinal="1" offset="6" sl="221" path="1" offsetend="56" fileid="247" />
              </BranchPoints>
              <MethodPoint xsi:type="SequencePoint" vc="0" uspid="7194" ordinal="0" offset="0" sl="221" sc="13" el="221" ec="41" bec="2" bev="0" fileid="247" />
            </Method>
            <Method visited="false" cyclomaticComplexity="1" nPathComplexity="0" sequenceCoverage="0" branchCoverage="0" crapScore="2" isConstructor="false" isStatic="false" isGetter="false" isSetter="false">
              <Summary numSequencePoints="2" visitedSequencePoints="0" numBranchPoints="1" visitedBranchPoints="0" sequenceCoverage="0" branchCoverage="0" maxCyclomaticComplexity="1" minCyclomaticComplexity="1" maxCrapScore="2" minCrapScore="2" visitedClasses="0" numClasses="0" visitedMethods="0" numMethods="1" />
              <MetadataToken>100664420</MetadataToken>
              <Name>System.Boolean Xunit.XmlTestExecutionVisitor::Visit(Xunit.Abstractions.IErrorMessage)</Name>
              <FileRef uid="247" />
              <SequencePoints>
                <SequencePoint vc="0" uspid="7200" ordinal="0" offset="0" sl="233" sc="13" el="233" ec="44" bec="0" bev="0" fileid="247" />
                <SequencePoint vc="0" uspid="7201" ordinal="1" offset="13" sl="235" sc="13" el="235" ec="38" bec="0" bev="0" fileid="247" />
              </SequencePoints>
              <BranchPoints />
              <MethodPoint xsi:type="SequencePoint" vc="0" uspid="7200" ordinal="0" offset="0" sl="233" sc="13" el="233" ec="44" bec="0" bev="0" fileid="247" />
            </Method>
            <Method visited="false" cyclomaticComplexity="1" nPathComplexity="0" sequenceCoverage="0" branchCoverage="0" crapScore="2" isConstructor="false" isStatic="false" isGetter="false" isSetter="false">
              <Summary numSequencePoints="2" visitedSequencePoints="0" numBranchPoints="1" visitedBranchPoints="0" sequenceCoverage="0" branchCoverage="0" maxCyclomaticComplexity="1" minCyclomaticComplexity="1" maxCrapScore="2" minCrapScore="2" visitedClasses="0" numClasses="0" visitedMethods="0" numMethods="1" />
              <MetadataToken>100664421</MetadataToken>
              <Name>System.Boolean Xunit.XmlTestExecutionVisitor::Visit(Xunit.Abstractions.ITestAssemblyCleanupFailure)</Name>
              <FileRef uid="247" />
              <SequencePoints>
                <SequencePoint vc="0" uspid="7202" ordinal="0" offset="0" sl="241" sc="13" el="241" ec="109" bec="0" bev="0" fileid="247" />
                <SequencePoint vc="0" uspid="7203" ordinal="1" offset="28" sl="243" sc="13" el="243" ec="47" bec="0" bev="0" fileid="247" />
              </SequencePoints>
              <BranchPoints />
              <MethodPoint xsi:type="SequencePoint" vc="0" uspid="7202" ordinal="0" offset="0" sl="241" sc="13" el="241" ec="109" bec="0" bev="0" fileid="247" />
            </Method>
            <Method visited="false" cyclomaticComplexity="1" nPathComplexity="0" sequenceCoverage="0" branchCoverage="0" crapScore="2" isConstructor="false" isStatic="false" isGetter="false" isSetter="false">
              <Summary numSequencePoints="2" visitedSequencePoints="0" numBranchPoints="1" visitedBranchPoints="0" sequenceCoverage="0" branchCoverage="0" maxCyclomaticComplexity="1" minCyclomaticComplexity="1" maxCrapScore="2" minCrapScore="2" visitedClasses="0" numClasses="0" visitedMethods="0" numMethods="1" />
              <MetadataToken>100664422</MetadataToken>
              <Name>System.Boolean Xunit.XmlTestExecutionVisitor::Visit(Xunit.Abstractions.ITestCaseCleanupFailure)</Name>
              <FileRef uid="247" />
              <SequencePoints>
                <SequencePoint vc="0" uspid="7204" ordinal="0" offset="0" sl="249" sc="13" el="249" ec="96" bec="0" bev="0" fileid="247" />
                <SequencePoint vc="0" uspid="7205" ordinal="1" offset="23" sl="251" sc="13" el="251" ec="47" bec="0" bev="0" fileid="247" />
              </SequencePoints>
              <BranchPoints />
              <MethodPoint xsi:type="SequencePoint" vc="0" uspid="7204" ordinal="0" offset="0" sl="249" sc="13" el="249" ec="96" bec="0" bev="0" fileid="247" />
            </Method>
            <Method visited="false" cyclomaticComplexity="1" nPathComplexity="0" sequenceCoverage="0" branchCoverage="0" crapScore="2" isConstructor="false" isStatic="false" isGetter="false" isSetter="false">
              <Summary numSequencePoints="2" visitedSequencePoints="0" numBranchPoints="1" visitedBranchPoints="0" sequenceCoverage="0" branchCoverage="0" maxCyclomaticComplexity="1" minCyclomaticComplexity="1" maxCrapScore="2" minCrapScore="2" visitedClasses="0" numClasses="0" visitedMethods="0" numMethods="1" />
              <MetadataToken>100664423</MetadataToken>
              <Name>System.Boolean Xunit.XmlTestExecutionVisitor::Visit(Xunit.Abstractions.ITestClassCleanupFailure)</Name>
              <FileRef uid="247" />
              <SequencePoints>
                <SequencePoint vc="0" uspid="7206" ordinal="0" offset="0" sl="257" sc="13" el="257" ec="97" bec="0" bev="0" fileid="247" />
                <SequencePoint vc="0" uspid="7207" ordinal="1" offset="28" sl="259" sc="13" el="259" ec="47" bec="0" bev="0" fileid="247" />
              </SequencePoints>
              <BranchPoints />
              <MethodPoint xsi:type="SequencePoint" vc="0" uspid="7206" ordinal="0" offset="0" sl="257" sc="13" el="257" ec="97" bec="0" bev="0" fileid="247" />
            </Method>
            <Method visited="false" cyclomaticComplexity="1" nPathComplexity="0" sequenceCoverage="0" branchCoverage="0" crapScore="2" isConstructor="false" isStatic="false" isGetter="false" isSetter="false">
              <Summary numSequencePoints="2" visitedSequencePoints="0" numBranchPoints="1" visitedBranchPoints="0" sequenceCoverage="0" branchCoverage="0" maxCyclomaticComplexity="1" minCyclomaticComplexity="1" maxCrapScore="2" minCrapScore="2" visitedClasses="0" numClasses="0" visitedMethods="0" numMethods="1" />
              <MetadataToken>100664424</MetadataToken>
              <Name>System.Boolean Xunit.XmlTestExecutionVisitor::Visit(Xunit.Abstractions.ITestCollectionCleanupFailure)</Name>
              <FileRef uid="247" />
              <SequencePoints>
                <SequencePoint vc="0" uspid="7208" ordinal="0" offset="0" sl="265" sc="13" el="265" ec="108" bec="0" bev="0" fileid="247" />
                <SequencePoint vc="0" uspid="7209" ordinal="1" offset="23" sl="267" sc="13" el="267" ec="47" bec="0" bev="0" fileid="247" />
              </SequencePoints>
              <BranchPoints />
              <MethodPoint xsi:type="SequencePoint" vc="0" uspid="7208" ordinal="0" offset="0" sl="265" sc="13" el="265" ec="108" bec="0" bev="0" fileid="247" />
            </Method>
            <Method visited="false" cyclomaticComplexity="1" nPathComplexity="0" sequenceCoverage="0" branchCoverage="0" crapScore="2" isConstructor="false" isStatic="false" isGetter="false" isSetter="false">
              <Summary numSequencePoints="2" visitedSequencePoints="0" numBranchPoints="1" visitedBranchPoints="0" sequenceCoverage="0" branchCoverage="0" maxCyclomaticComplexity="1" minCyclomaticComplexity="1" maxCrapScore="2" minCrapScore="2" visitedClasses="0" numClasses="0" visitedMethods="0" numMethods="1" />
              <MetadataToken>100664425</MetadataToken>
              <Name>System.Boolean Xunit.XmlTestExecutionVisitor::Visit(Xunit.Abstractions.ITestCleanupFailure)</Name>
              <FileRef uid="247" />
              <SequencePoints>
                <SequencePoint vc="0" uspid="7210" ordinal="0" offset="0" sl="273" sc="13" el="273" ec="87" bec="0" bev="0" fileid="247" />
                <SequencePoint vc="0" uspid="7211" ordinal="1" offset="23" sl="275" sc="13" el="275" ec="47" bec="0" bev="0" fileid="247" />
              </SequencePoints>
              <BranchPoints />
              <MethodPoint xsi:type="SequencePoint" vc="0" uspid="7210" ordinal="0" offset="0" sl="273" sc="13" el="273" ec="87" bec="0" bev="0" fileid="247" />
            </Method>
            <Method visited="false" cyclomaticComplexity="1" nPathComplexity="0" sequenceCoverage="0" branchCoverage="0" crapScore="2" isConstructor="false" isStatic="false" isGetter="false" isSetter="false">
              <Summary numSequencePoints="2" visitedSequencePoints="0" numBranchPoints="1" visitedBranchPoints="0" sequenceCoverage="0" branchCoverage="0" maxCyclomaticComplexity="1" minCyclomaticComplexity="1" maxCrapScore="2" minCrapScore="2" visitedClasses="0" numClasses="0" visitedMethods="0" numMethods="1" />
              <MetadataToken>100664426</MetadataToken>
              <Name>System.Boolean Xunit.XmlTestExecutionVisitor::Visit(Xunit.Abstractions.ITestMethodCleanupFailure)</Name>
              <FileRef uid="247" />
              <SequencePoints>
                <SequencePoint vc="0" uspid="7212" ordinal="0" offset="0" sl="281" sc="13" el="281" ec="100" bec="0" bev="0" fileid="247" />
                <SequencePoint vc="0" uspid="7213" ordinal="1" offset="28" sl="283" sc="13" el="283" ec="47" bec="0" bev="0" fileid="247" />
              </SequencePoints>
              <BranchPoints />
              <MethodPoint xsi:type="SequencePoint" vc="0" uspid="7212" ordinal="0" offset="0" sl="281" sc="13" el="281" ec="100" bec="0" bev="0" fileid="247" />
            </Method>
            <Method visited="false" cyclomaticComplexity="3" nPathComplexity="4" sequenceCoverage="0" branchCoverage="0" crapScore="12" isConstructor="false" isStatic="false" isGetter="false" isSetter="false">
              <Summary numSequencePoints="8" visitedSequencePoints="0" numBranchPoints="5" visitedBranchPoints="0" sequenceCoverage="0" branchCoverage="0" maxCyclomaticComplexity="3" minCyclomaticComplexity="3" maxCrapScore="12" minCrapScore="12" visitedClasses="0" numClasses="0" visitedMethods="0" numMethods="1" />
              <MetadataToken>100664427</MetadataToken>
              <Name>System.Void Xunit.XmlTestExecutionVisitor::AddError(System.String,System.String,Xunit.Abstractions.IFailureInformation)</Name>
              <FileRef uid="247" />
              <SequencePoints>
                <SequencePoint vc="0" uspid="7214" ordinal="0" offset="0" sl="288" sc="13" el="288" ec="22" bec="0" bev="0" fileid="247" />
                <SequencePoint vc="0" uspid="7215" ordinal="1" offset="16" sl="290" sc="13" el="290" ec="39" bec="2" bev="0" fileid="247" />
                <SequencePoint vc="0" uspid="7216" ordinal="2" offset="24" sl="291" sc="17" el="291" ec="24" bec="0" bev="0" fileid="247" />
                <SequencePoint vc="0" uspid="7217" ordinal="3" offset="25" sl="293" sc="13" el="293" ec="119" bec="0" bev="0" fileid="247" />
                <SequencePoint vc="0" uspid="7218" ordinal="4" offset="75" sl="294" sc="13" el="294" ec="30" bec="2" bev="0" fileid="247" />
                <SequencePoint vc="0" uspid="7219" ordinal="5" offset="78" sl="295" sc="17" el="295" ec="64" bec="0" bev="0" fileid="247" />
                <SequencePoint vc="0" uspid="7220" ordinal="6" offset="100" sl="297" sc="13" el="297" ec="45" bec="0" bev="0" fileid="247" />
                <SequencePoint vc="0" uspid="7221" ordinal="7" offset="112" sl="298" sc="9" el="298" ec="10" bec="0" bev="0" fileid="247" />
              </SequencePoints>
              <BranchPoints>
                <BranchPoint vc="0" uspid="7222" ordinal="0" offset="22" sl="290" path="0" offsetend="24" fileid="247" />
                <BranchPoint vc="0" uspid="7223" ordinal="1" offset="22" sl="290" path="1" offsetend="25" fileid="247" />
                <BranchPoint vc="0" uspid="7224" ordinal="2" offset="76" sl="294" path="0" offsetend="78" fileid="247" />
                <BranchPoint vc="0" uspid="7225" ordinal="3" offset="76" sl="294" path="1" offsetend="100" fileid="247" />
              </BranchPoints>
              <MethodPoint xsi:type="SequencePoint" vc="0" uspid="7214" ordinal="0" offset="0" sl="288" sc="13" el="288" ec="22" bec="0" bev="0" fileid="247" />
            </Method>
            <Method visited="false" cyclomaticComplexity="2" nPathComplexity="2" sequenceCoverage="0" branchCoverage="0" crapScore="6" isConstructor="false" isStatic="true" isGetter="false" isSetter="false">
              <Summary numSequencePoints="1" visitedSequencePoints="0" numBranchPoints="3" visitedBranchPoints="0" sequenceCoverage="0" branchCoverage="0" maxCyclomaticComplexity="2" minCyclomaticComplexity="2" maxCrapScore="6" minCrapScore="6" visitedClasses="0" numClasses="0" visitedMethods="0" numMethods="1" />
              <MetadataToken>100664428</MetadataToken>
              <Name>System.Xml.Linq.XElement Xunit.XmlTestExecutionVisitor::CreateFailureElement(Xunit.Abstractions.IFailureInformation)</Name>
              <FileRef uid="247" />
              <SequencePoints>
                <SequencePoint vc="0" uspid="7226" ordinal="0" offset="0" sl="302" sc="13" el="306" ec="15" bec="2" bev="0" fileid="247" />
              </SequencePoints>
              <BranchPoints>
                <BranchPoint vc="0" uspid="7227" ordinal="0" offset="95" sl="302" path="0" offsetend="97" fileid="247" />
                <BranchPoint vc="0" uspid="7228" ordinal="1" offset="95" sl="302" path="1" offsetend="103" fileid="247" />
              </BranchPoints>
              <MethodPoint xsi:type="SequencePoint" vc="0" uspid="7226" ordinal="0" offset="0" sl="302" sc="13" el="306" ec="15" bec="2" bev="0" fileid="247" />
            </Method>
            <Method visited="false" cyclomaticComplexity="2" nPathComplexity="2" sequenceCoverage="0" branchCoverage="0" crapScore="6" isConstructor="false" isStatic="true" isGetter="false" isSetter="false">
              <Summary numSequencePoints="3" visitedSequencePoints="0" numBranchPoints="3" visitedBranchPoints="0" sequenceCoverage="0" branchCoverage="0" maxCyclomaticComplexity="2" minCyclomaticComplexity="2" maxCrapScore="6" minCrapScore="6" visitedClasses="0" numClasses="0" visitedMethods="0" numMethods="1" />
              <MetadataToken>100664429</MetadataToken>
              <Name>System.String Xunit.XmlTestExecutionVisitor::Escape(System.String)</Name>
              <FileRef uid="247" />
              <SequencePoints>
                <SequencePoint vc="0" uspid="7229" ordinal="0" offset="0" sl="311" sc="13" el="311" ec="31" bec="2" bev="0" fileid="247" />
                <SequencePoint vc="0" uspid="7230" ordinal="1" offset="3" sl="312" sc="17" el="312" ec="37" bec="0" bev="0" fileid="247" />
                <SequencePoint vc="0" uspid="7231" ordinal="2" offset="9" sl="314" sc="13" el="323" ec="47" bec="0" bev="0" fileid="247" />
              </SequencePoints>
              <BranchPoints>
                <BranchPoint vc="0" uspid="7232" ordinal="0" offset="1" sl="311" path="0" offsetend="3" fileid="247" />
                <BranchPoint vc="0" uspid="7233" ordinal="1" offset="1" sl="311" path="1" offsetend="9" fileid="247" />
              </BranchPoints>
              <MethodPoint xsi:type="SequencePoint" vc="0" uspid="7229" ordinal="0" offset="0" sl="311" sc="13" el="311" ec="31" bec="2" bev="0" fileid="247" />
            </Method>
            <Method visited="false" cyclomaticComplexity="8" nPathComplexity="128" sequenceCoverage="0" branchCoverage="0" crapScore="72" isConstructor="false" isStatic="true" isGetter="false" isSetter="false">
              <Summary numSequencePoints="18" visitedSequencePoints="0" numBranchPoints="15" visitedBranchPoints="0" sequenceCoverage="0" branchCoverage="0" maxCyclomaticComplexity="8" minCyclomaticComplexity="8" maxCrapScore="72" minCrapScore="72" visitedClasses="0" numClasses="0" visitedMethods="0" numMethods="1" />
              <MetadataToken>100664430</MetadataToken>
              <Name>System.String Xunit.XmlTestExecutionVisitor::XmlEscape(System.String)</Name>
              <FileRef uid="247" />
              <SequencePoints>
                <SequencePoint vc="0" uspid="7234" ordinal="0" offset="0" sl="333" sc="13" el="333" ec="31" bec="2" bev="0" fileid="247" />
                <SequencePoint vc="0" uspid="7235" ordinal="1" offset="3" sl="334" sc="17" el="334" ec="37" bec="0" bev="0" fileid="247" />
                <SequencePoint vc="0" uspid="7236" ordinal="2" offset="9" sl="336" sc="13" el="336" ec="35" bec="0" bev="0" fileid="247" />
                <SequencePoint vc="0" uspid="7237" ordinal="3" offset="17" sl="337" sc="13" el="337" ec="64" bec="0" bev="0" fileid="247" />
                <SequencePoint vc="0" uspid="7238" ordinal="4" offset="29" sl="338" sc="18" el="338" ec="29" bec="0" bev="0" fileid="247" />
                <SequencePoint vc="0" uspid="7239" ordinal="5" offset="36" sl="340" sc="17" el="340" ec="38" bec="0" bev="0" fileid="247" />
                <SequencePoint vc="0" uspid="7240" ordinal="6" offset="44" sl="341" sc="17" el="341" ec="29" bec="2" bev="0" fileid="247" />
                <SequencePoint vc="0" uspid="7241" ordinal="7" offset="49" sl="342" sc="21" el="342" ec="71" bec="0" bev="0" fileid="247" />
                <SequencePoint vc="0" uspid="7242" ordinal="8" offset="82" sl="343" sc="22" el="343" ec="59" bec="2" bev="0" fileid="247" />
                <SequencePoint vc="0" uspid="7243" ordinal="9" offset="91" sl="345" sc="21" el="345" ec="45" bec="0" bev="0" fileid="247" />
                <SequencePoint vc="0" uspid="7244" ordinal="10" offset="99" sl="346" sc="21" el="346" ec="55" bec="0" bev="0" fileid="247" />
                <SequencePoint vc="0" uspid="7245" ordinal="11" offset="117" sl="347" sc="17" el="347" ec="18" bec="0" bev="0" fileid="247" />
                <SequencePoint vc="0" uspid="7246" ordinal="12" offset="119" sl="349" sc="22" el="349" ec="83" bec="4" bev="0" fileid="247" />
                <SequencePoint vc="0" uspid="7247" ordinal="13" offset="143" sl="350" sc="21" el="350" ec="71" bec="0" bev="0" fileid="247" />
                <SequencePoint vc="0" uspid="7248" ordinal="14" offset="176" sl="352" sc="21" el="352" ec="45" bec="0" bev="0" fileid="247" />
                <SequencePoint vc="0" uspid="7249" ordinal="15" offset="184" sl="338" sc="51" el="338" ec="56" bec="0" bev="0" fileid="247" />
                <SequencePoint vc="0" uspid="7250" ordinal="16" offset="188" sl="338" sc="31" el="338" ec="49" bec="2" bev="0" fileid="247" />
                <SequencePoint vc="0" uspid="7251" ordinal="17" offset="200" sl="355" sc="13" el="355" ec="44" bec="0" bev="0" fileid="247" />
              </SequencePoints>
              <BranchPoints>
                <BranchPoint vc="0" uspid="7252" ordinal="0" offset="1" sl="333" path="0" offsetend="3" fileid="247" />
                <BranchPoint vc="0" uspid="7253" ordinal="1" offset="1" sl="333" path="1" offsetend="9" fileid="247" />
                <BranchPoint vc="0" uspid="7254" ordinal="2" offset="47" sl="341" path="0" offsetend="49" fileid="247" />
                <BranchPoint vc="0" uspid="7255" ordinal="3" offset="47" sl="341" path="1" offsetend="82" fileid="247" />
                <BranchPoint vc="0" uspid="7256" ordinal="4" offset="89" sl="343" path="0" offsetend="91" fileid="247" />
                <BranchPoint vc="0" uspid="7257" ordinal="5" offset="89" sl="343" path="1" offsetend="119" fileid="247" />
                <BranchPoint vc="0" uspid="7258" ordinal="6" offset="125" sl="349" path="0" offsetend="127" fileid="247" />
                <BranchPoint vc="0" uspid="7259" ordinal="7" offset="125" sl="349" path="1" offsetend="143" fileid="247" />
                <BranchPoint vc="0" uspid="7260" ordinal="8" offset="133" sl="349" path="0" offsetend="135" fileid="247" />
                <BranchPoint vc="0" uspid="7261" ordinal="9" offset="133" sl="349" path="1" offsetend="143" fileid="247" />
                <BranchPoint vc="0" uspid="7262" ordinal="10" offset="141" sl="349" path="0" offsetend="143" fileid="247" />
                <BranchPoint vc="0" uspid="7263" ordinal="11" offset="141" sl="349" path="1" offsetend="176" fileid="247" />
                <BranchPoint vc="0" uspid="7264" ordinal="12" offset="195" sl="338" path="0" offsetend="200" fileid="247" />
                <BranchPoint vc="0" uspid="7265" ordinal="13" offset="195" sl="338" path="1" offsetend="36" fileid="247" />
              </BranchPoints>
              <MethodPoint xsi:type="SequencePoint" vc="0" uspid="7234" ordinal="0" offset="0" sl="333" sc="13" el="333" ec="31" bec="2" bev="0" fileid="247" />
            </Method>
          </Methods>
        </Class>
        <Class>
          <Summary numSequencePoints="2" visitedSequencePoints="0" numBranchPoints="2" visitedBranchPoints="0" sequenceCoverage="0" branchCoverage="0" maxCyclomaticComplexity="1" minCyclomaticComplexity="1" maxCrapScore="2" minCrapScore="2" visitedClasses="0" numClasses="1" visitedMethods="0" numMethods="2" />
          <FullName>Xunit.XmlTestExecutionVisitor/&lt;&gt;c</FullName>
          <Methods>
            <Method visited="false" cyclomaticComplexity="1" nPathComplexity="0" sequenceCoverage="0" branchCoverage="0" crapScore="2" isConstructor="true" isStatic="true" isGetter="false" isSetter="false">
              <Summary numSequencePoints="0" visitedSequencePoints="0" numBranchPoints="0" visitedBranchPoints="0" sequenceCoverage="0" branchCoverage="0" maxCyclomaticComplexity="1" minCyclomaticComplexity="1" maxCrapScore="2" minCrapScore="2" visitedClasses="0" numClasses="0" visitedMethods="0" numMethods="0" />
              <MetadataToken>100665120</MetadataToken>
              <Name>System.Void Xunit.XmlTestExecutionVisitor/&lt;&gt;c::.cctor()</Name>
              <SequencePoints />
              <BranchPoints />
              <MethodPoint vc="0" uspid="7266" ordinal="0" offset="0" />
            </Method>
            <Method visited="false" cyclomaticComplexity="1" nPathComplexity="0" sequenceCoverage="0" branchCoverage="0" crapScore="2" isConstructor="true" isStatic="false" isGetter="false" isSetter="false">
              <Summary numSequencePoints="0" visitedSequencePoints="0" numBranchPoints="0" visitedBranchPoints="0" sequenceCoverage="0" branchCoverage="0" maxCyclomaticComplexity="1" minCyclomaticComplexity="1" maxCrapScore="2" minCrapScore="2" visitedClasses="0" numClasses="0" visitedMethods="0" numMethods="0" />
              <MetadataToken>100665121</MetadataToken>
              <Name>System.Void Xunit.XmlTestExecutionVisitor/&lt;&gt;c::.ctor()</Name>
              <SequencePoints />
              <BranchPoints />
              <MethodPoint vc="0" uspid="7267" ordinal="0" offset="0" />
            </Method>
            <Method visited="false" cyclomaticComplexity="1" nPathComplexity="0" sequenceCoverage="0" branchCoverage="0" crapScore="2" isConstructor="false" isStatic="false" isGetter="false" isSetter="false">
              <Summary numSequencePoints="1" visitedSequencePoints="0" numBranchPoints="1" visitedBranchPoints="0" sequenceCoverage="0" branchCoverage="0" maxCyclomaticComplexity="1" minCyclomaticComplexity="1" maxCrapScore="2" minCrapScore="2" visitedClasses="0" numClasses="0" visitedMethods="0" numMethods="1" />
              <MetadataToken>100665122</MetadataToken>
              <Name>System.Boolean Xunit.XmlTestExecutionVisitor/&lt;&gt;c::&lt;.ctor&gt;b__3_0()</Name>
              <FileRef uid="247" />
              <SequencePoints>
                <SequencePoint vc="0" uspid="7268" ordinal="0" offset="0" sl="30" sc="49" el="30" ec="54" bec="0" bev="0" fileid="247" />
              </SequencePoints>
              <BranchPoints />
              <MethodPoint xsi:type="SequencePoint" vc="0" uspid="7268" ordinal="0" offset="0" sl="30" sc="49" el="30" ec="54" bec="0" bev="0" fileid="247" />
            </Method>
            <Method visited="false" cyclomaticComplexity="1" nPathComplexity="0" sequenceCoverage="0" branchCoverage="0" crapScore="2" isConstructor="false" isStatic="false" isGetter="false" isSetter="false">
              <Summary numSequencePoints="1" visitedSequencePoints="0" numBranchPoints="1" visitedBranchPoints="0" sequenceCoverage="0" branchCoverage="0" maxCyclomaticComplexity="1" minCyclomaticComplexity="1" maxCrapScore="2" minCrapScore="2" visitedClasses="0" numClasses="0" visitedMethods="0" numMethods="1" />
              <MetadataToken>100665123</MetadataToken>
              <Name>System.Xml.Linq.XElement Xunit.XmlTestExecutionVisitor/&lt;&gt;c::&lt;GetTestCollectionElement&gt;b__28_0(System.Guid)</Name>
              <FileRef uid="247" />
              <SequencePoints>
                <SequencePoint vc="0" uspid="7269" ordinal="0" offset="0" sl="119" sc="83" el="119" ec="109" bec="0" bev="0" fileid="247" />
              </SequencePoints>
              <BranchPoints />
              <MethodPoint xsi:type="SequencePoint" vc="0" uspid="7269" ordinal="0" offset="0" sl="119" sc="83" el="119" ec="109" bec="0" bev="0" fileid="247" />
            </Method>
          </Methods>
        </Class>
        <Class>
          <Summary numSequencePoints="45" visitedSequencePoints="0" numBranchPoints="24" visitedBranchPoints="0" sequenceCoverage="0" branchCoverage="0" maxCyclomaticComplexity="19" minCyclomaticComplexity="1" maxCrapScore="380" minCrapScore="2" visitedClasses="0" numClasses="1" visitedMethods="0" numMethods="5" />
          <FullName>Xunit.ConsoleHelper</FullName>
          <Methods>
            <Method visited="false" cyclomaticComplexity="1" nPathComplexity="0" sequenceCoverage="0" branchCoverage="0" crapScore="2" isConstructor="true" isStatic="true" isGetter="false" isSetter="false">
              <Summary numSequencePoints="3" visitedSequencePoints="0" numBranchPoints="1" visitedBranchPoints="0" sequenceCoverage="0" branchCoverage="0" maxCyclomaticComplexity="1" minCyclomaticComplexity="1" maxCrapScore="2" minCrapScore="2" visitedClasses="0" numClasses="0" visitedMethods="0" numMethods="1" />
              <MetadataToken>100664431</MetadataToken>
              <Name>System.Void Xunit.ConsoleHelper::.cctor()</Name>
              <FileRef uid="249" />
              <SequencePoints>
                <SequencePoint vc="0" uspid="7270" ordinal="0" offset="0" sl="18" sc="13" el="18" ec="44" bec="0" bev="0" fileid="249" />
                <SequencePoint vc="0" uspid="7271" ordinal="1" offset="17" sl="19" sc="13" el="19" ec="60" bec="0" bev="0" fileid="249" />
                <SequencePoint vc="0" uspid="7272" ordinal="2" offset="34" sl="32" sc="9" el="32" ec="10" bec="0" bev="0" fileid="249" />
              </SequencePoints>
              <BranchPoints />
              <MethodPoint xsi:type="SequencePoint" vc="0" uspid="7270" ordinal="0" offset="0" sl="18" sc="13" el="18" ec="44" bec="0" bev="0" fileid="249" />
            </Method>
            <Method visited="false" cyclomaticComplexity="19" nPathComplexity="34" sequenceCoverage="0" branchCoverage="0" crapScore="380" isConstructor="false" isStatic="true" isGetter="false" isSetter="false">
              <Summary numSequencePoints="39" visitedSequencePoints="0" numBranchPoints="20" visitedBranchPoints="0" sequenceCoverage="0" branchCoverage="0" maxCyclomaticComplexity="19" minCyclomaticComplexity="19" maxCrapScore="380" minCrapScore="380" visitedClasses="0" numClasses="0" visitedMethods="0" numMethods="1" />
              <MetadataToken>100664432</MetadataToken>
              <Name>System.Void Xunit.ConsoleHelper::SetForegroundColorANSI(System.ConsoleColor)</Name>
              <FileRef uid="249" />
              <SequencePoints>
                <SequencePoint vc="0" uspid="7273" ordinal="0" offset="0" sl="36" sc="13" el="36" ec="42" bec="0" bev="0" fileid="249" />
                <SequencePoint vc="0" uspid="7274" ordinal="1" offset="6" sl="37" sc="13" el="37" ec="23" bec="17" bev="0" fileid="249" />
                <SequencePoint vc="0" uspid="7275" ordinal="2" offset="81" sl="39" sc="42" el="39" ec="62" bec="0" bev="0" fileid="249" />
                <SequencePoint vc="0" uspid="7276" ordinal="3" offset="93" sl="39" sc="63" el="39" ec="69" bec="0" bev="0" fileid="249" />
                <SequencePoint vc="0" uspid="7277" ordinal="4" offset="98" sl="40" sc="45" el="40" ec="65" bec="0" bev="0" fileid="249" />
                <SequencePoint vc="0" uspid="7278" ordinal="5" offset="110" sl="40" sc="66" el="40" ec="72" bec="0" bev="0" fileid="249" />
                <SequencePoint vc="0" uspid="7279" ordinal="6" offset="115" sl="41" sc="46" el="41" ec="66" bec="0" bev="0" fileid="249" />
                <SequencePoint vc="0" uspid="7280" ordinal="7" offset="127" sl="41" sc="67" el="41" ec="73" bec="0" bev="0" fileid="249" />
                <SequencePoint vc="0" uspid="7281" ordinal="8" offset="132" sl="42" sc="45" el="42" ec="65" bec="0" bev="0" fileid="249" />
                <SequencePoint vc="0" uspid="7282" ordinal="9" offset="144" sl="42" sc="66" el="42" ec="72" bec="0" bev="0" fileid="249" />
                <SequencePoint vc="0" uspid="7283" ordinal="10" offset="149" sl="43" sc="44" el="43" ec="64" bec="0" bev="0" fileid="249" />
                <SequencePoint vc="0" uspid="7284" ordinal="11" offset="161" sl="43" sc="65" el="43" ec="71" bec="0" bev="0" fileid="249" />
                <SequencePoint vc="0" uspid="7285" ordinal="12" offset="166" sl="44" sc="48" el="44" ec="68" bec="0" bev="0" fileid="249" />
                <SequencePoint vc="0" uspid="7286" ordinal="13" offset="178" sl="44" sc="69" el="44" ec="75" bec="0" bev="0" fileid="249" />
                <SequencePoint vc="0" uspid="7287" ordinal="14" offset="183" sl="45" sc="47" el="45" ec="67" bec="0" bev="0" fileid="249" />
                <SequencePoint vc="0" uspid="7288" ordinal="15" offset="195" sl="45" sc="68" el="45" ec="74" bec="0" bev="0" fileid="249" />
                <SequencePoint vc="0" uspid="7289" ordinal="16" offset="200" sl="46" sc="41" el="46" ec="61" bec="0" bev="0" fileid="249" />
                <SequencePoint vc="0" uspid="7290" ordinal="17" offset="212" sl="46" sc="62" el="46" ec="68" bec="0" bev="0" fileid="249" />
                <SequencePoint vc="0" uspid="7291" ordinal="18" offset="214" sl="47" sc="45" el="47" ec="67" bec="0" bev="0" fileid="249" />
                <SequencePoint vc="0" uspid="7292" ordinal="19" offset="226" sl="47" sc="68" el="47" ec="74" bec="0" bev="0" fileid="249" />
                <SequencePoint vc="0" uspid="7293" ordinal="20" offset="228" sl="48" sc="41" el="48" ec="63" bec="0" bev="0" fileid="249" />
                <SequencePoint vc="0" uspid="7294" ordinal="21" offset="240" sl="48" sc="64" el="48" ec="70" bec="0" bev="0" fileid="249" />
                <SequencePoint vc="0" uspid="7295" ordinal="22" offset="242" sl="49" sc="42" el="49" ec="64" bec="0" bev="0" fileid="249" />
                <SequencePoint vc="0" uspid="7296" ordinal="23" offset="254" sl="49" sc="65" el="49" ec="71" bec="0" bev="0" fileid="249" />
                <SequencePoint vc="0" uspid="7297" ordinal="24" offset="256" sl="50" sc="41" el="50" ec="63" bec="0" bev="0" fileid="249" />
                <SequencePoint vc="0" uspid="7298" ordinal="25" offset="268" sl="50" sc="64" el="50" ec="70" bec="0" bev="0" fileid="249" />
                <SequencePoint vc="0" uspid="7299" ordinal="26" offset="270" sl="51" sc="40" el="51" ec="62" bec="0" bev="0" fileid="249" />
                <SequencePoint vc="0" uspid="7300" ordinal="27" offset="282" sl="51" sc="63" el="51" ec="69" bec="0" bev="0" fileid="249" />
                <SequencePoint vc="0" uspid="7301" ordinal="28" offset="284" sl="52" sc="44" el="52" ec="66" bec="0" bev="0" fileid="249" />
                <SequencePoint vc="0" uspid="7302" ordinal="29" offset="296" sl="52" sc="67" el="52" ec="73" bec="0" bev="0" fileid="249" />
                <SequencePoint vc="0" uspid="7303" ordinal="30" offset="298" sl="53" sc="43" el="53" ec="65" bec="0" bev="0" fileid="249" />
                <SequencePoint vc="0" uspid="7304" ordinal="31" offset="310" sl="53" sc="66" el="53" ec="72" bec="0" bev="0" fileid="249" />
                <SequencePoint vc="0" uspid="7305" ordinal="32" offset="312" sl="54" sc="42" el="54" ec="64" bec="0" bev="0" fileid="249" />
                <SequencePoint vc="0" uspid="7306" ordinal="33" offset="324" sl="54" sc="65" el="54" ec="71" bec="0" bev="0" fileid="249" />
                <SequencePoint vc="0" uspid="7307" ordinal="34" offset="326" sl="55" sc="26" el="55" ec="43" bec="0" bev="0" fileid="249" />
                <SequencePoint vc="0" uspid="7308" ordinal="35" offset="332" sl="57" sc="13" el="57" ec="35" bec="2" bev="0" fileid="249" />
                <SequencePoint vc="0" uspid="7309" ordinal="36" offset="345" sl="59" sc="17" el="59" ec="36" bec="0" bev="0" fileid="249" />
                <SequencePoint vc="0" uspid="7310" ordinal="37" offset="357" sl="60" sc="17" el="60" ec="48" bec="0" bev="0" fileid="249" />
                <SequencePoint vc="0" uspid="7311" ordinal="38" offset="368" sl="62" sc="9" el="62" ec="10" bec="0" bev="0" fileid="249" />
              </SequencePoints>
              <BranchPoints>
                <BranchPoint vc="0" uspid="7312" ordinal="0" offset="7" sl="37" path="0" offsetchain="76" offsetend="326" fileid="249" />
                <BranchPoint vc="0" uspid="7313" ordinal="1" offset="7" sl="37" path="1" offsetend="81" fileid="249" />
                <BranchPoint vc="0" uspid="7314" ordinal="2" offset="7" sl="37" path="2" offsetend="98" fileid="249" />
                <BranchPoint vc="0" uspid="7315" ordinal="3" offset="7" sl="37" path="3" offsetend="115" fileid="249" />
                <BranchPoint vc="0" uspid="7316" ordinal="4" offset="7" sl="37" path="4" offsetend="132" fileid="249" />
                <BranchPoint vc="0" uspid="7317" ordinal="5" offset="7" sl="37" path="5" offsetend="149" fileid="249" />
                <BranchPoint vc="0" uspid="7318" ordinal="6" offset="7" sl="37" path="6" offsetend="166" fileid="249" />
                <BranchPoint vc="0" uspid="7319" ordinal="7" offset="7" sl="37" path="7" offsetend="183" fileid="249" />
                <BranchPoint vc="0" uspid="7320" ordinal="8" offset="7" sl="37" path="8" offsetend="200" fileid="249" />
                <BranchPoint vc="0" uspid="7321" ordinal="9" offset="7" sl="37" path="9" offsetend="214" fileid="249" />
                <BranchPoint vc="0" uspid="7322" ordinal="10" offset="7" sl="37" path="10" offsetend="228" fileid="249" />
                <BranchPoint vc="0" uspid="7323" ordinal="11" offset="7" sl="37" path="11" offsetend="242" fileid="249" />
                <BranchPoint vc="0" uspid="7324" ordinal="12" offset="7" sl="37" path="12" offsetend="256" fileid="249" />
                <BranchPoint vc="0" uspid="7325" ordinal="13" offset="7" sl="37" path="13" offsetend="270" fileid="249" />
                <BranchPoint vc="0" uspid="7326" ordinal="14" offset="7" sl="37" path="14" offsetend="284" fileid="249" />
                <BranchPoint vc="0" uspid="7327" ordinal="15" offset="7" sl="37" path="15" offsetend="298" fileid="249" />
                <BranchPoint vc="0" uspid="7328" ordinal="16" offset="7" sl="37" path="16" offsetend="312" fileid="249" />
                <BranchPoint vc="0" uspid="7329" ordinal="17" offset="343" sl="57" path="0" offsetend="345" fileid="249" />
                <BranchPoint vc="0" uspid="7330" ordinal="18" offset="343" sl="57" path="1" offsetend="368" fileid="249" />
              </BranchPoints>
              <MethodPoint xsi:type="SequencePoint" vc="0" uspid="7273" ordinal="0" offset="0" sl="36" sc="13" el="36" ec="42" bec="0" bev="0" fileid="249" />
            </Method>
            <Method visited="false" cyclomaticComplexity="1" nPathComplexity="0" sequenceCoverage="0" branchCoverage="0" crapScore="2" isConstructor="false" isStatic="true" isGetter="false" isSetter="false">
              <Summary numSequencePoints="1" visitedSequencePoints="0" numBranchPoints="1" visitedBranchPoints="0" sequenceCoverage="0" branchCoverage="0" maxCyclomaticComplexity="1" minCyclomaticComplexity="1" maxCrapScore="2" minCrapScore="2" visitedClasses="0" numClasses="0" visitedMethods="0" numMethods="1" />
              <MetadataToken>100664433</MetadataToken>
              <Name>System.Void Xunit.ConsoleHelper::SetForegroundColorConsole(System.ConsoleColor)</Name>
              <FileRef uid="249" />
              <SequencePoints>
                <SequencePoint vc="0" uspid="7331" ordinal="0" offset="0" sl="65" sc="16" el="65" ec="43" bec="0" bev="0" fileid="249" />
              </SequencePoints>
              <BranchPoints />
              <MethodPoint xsi:type="SequencePoint" vc="0" uspid="7331" ordinal="0" offset="0" sl="65" sc="16" el="65" ec="43" bec="0" bev="0" fileid="249" />
            </Method>
            <Method visited="false" cyclomaticComplexity="1" nPathComplexity="0" sequenceCoverage="0" branchCoverage="0" crapScore="2" isConstructor="false" isStatic="true" isGetter="false" isSetter="false">
              <Summary numSequencePoints="1" visitedSequencePoints="0" numBranchPoints="1" visitedBranchPoints="0" sequenceCoverage="0" branchCoverage="0" maxCyclomaticComplexity="1" minCyclomaticComplexity="1" maxCrapScore="2" minCrapScore="2" visitedClasses="0" numClasses="0" visitedMethods="0" numMethods="1" />
              <MetadataToken>100664434</MetadataToken>
              <Name>System.Void Xunit.ConsoleHelper::ResetColorANSI()</Name>
              <FileRef uid="249" />
              <SequencePoints>
                <SequencePoint vc="0" uspid="7332" ordinal="0" offset="0" sl="68" sc="16" el="68" ec="43" bec="0" bev="0" fileid="249" />
              </SequencePoints>
              <BranchPoints />
              <MethodPoint xsi:type="SequencePoint" vc="0" uspid="7332" ordinal="0" offset="0" sl="68" sc="16" el="68" ec="43" bec="0" bev="0" fileid="249" />
            </Method>
            <Method visited="false" cyclomaticComplexity="1" nPathComplexity="0" sequenceCoverage="0" branchCoverage="0" crapScore="2" isConstructor="false" isStatic="true" isGetter="false" isSetter="false">
              <Summary numSequencePoints="1" visitedSequencePoints="0" numBranchPoints="1" visitedBranchPoints="0" sequenceCoverage="0" branchCoverage="0" maxCyclomaticComplexity="1" minCyclomaticComplexity="1" maxCrapScore="2" minCrapScore="2" visitedClasses="0" numClasses="0" visitedMethods="0" numMethods="1" />
              <MetadataToken>100664435</MetadataToken>
              <Name>System.Void Xunit.ConsoleHelper::ResetColorConsole()</Name>
              <FileRef uid="249" />
              <SequencePoints>
                <SequencePoint vc="0" uspid="7333" ordinal="0" offset="0" sl="71" sc="16" el="71" ec="36" bec="0" bev="0" fileid="249" />
              </SequencePoints>
              <BranchPoints />
              <MethodPoint xsi:type="SequencePoint" vc="0" uspid="7333" ordinal="0" offset="0" sl="71" sc="16" el="71" ec="36" bec="0" bev="0" fileid="249" />
            </Method>
          </Methods>
        </Class>
        <Class>
          <Summary numSequencePoints="70" visitedSequencePoints="0" numBranchPoints="51" visitedBranchPoints="0" sequenceCoverage="0" branchCoverage="0" maxCyclomaticComplexity="6" minCyclomaticComplexity="1" maxCrapScore="42" minCrapScore="2" visitedClasses="0" numClasses="1" visitedMethods="0" numMethods="11" />
          <FullName>Xunit.ExceptionUtility</FullName>
          <Methods>
            <Method visited="false" cyclomaticComplexity="1" nPathComplexity="0" sequenceCoverage="0" branchCoverage="0" crapScore="2" isConstructor="false" isStatic="true" isGetter="false" isSetter="false">
              <Summary numSequencePoints="1" visitedSequencePoints="0" numBranchPoints="1" visitedBranchPoints="0" sequenceCoverage="0" branchCoverage="0" maxCyclomaticComplexity="1" minCyclomaticComplexity="1" maxCrapScore="2" minCrapScore="2" visitedClasses="0" numClasses="0" visitedMethods="0" numMethods="1" />
              <MetadataToken>100664436</MetadataToken>
              <Name>System.String Xunit.ExceptionUtility::CombineMessages(Xunit.Abstractions.IFailureInformation)</Name>
              <FileRef uid="250" />
              <SequencePoints>
                <SequencePoint vc="0" uspid="7334" ordinal="0" offset="0" sl="23" sc="13" el="23" ec="50" bec="0" bev="0" fileid="250" />
              </SequencePoints>
              <BranchPoints />
              <MethodPoint xsi:type="SequencePoint" vc="0" uspid="7334" ordinal="0" offset="0" sl="23" sc="13" el="23" ec="50" bec="0" bev="0" fileid="250" />
            </Method>
            <Method visited="false" cyclomaticComplexity="1" nPathComplexity="0" sequenceCoverage="0" branchCoverage="0" crapScore="2" isConstructor="false" isStatic="true" isGetter="false" isSetter="false">
              <Summary numSequencePoints="1" visitedSequencePoints="0" numBranchPoints="1" visitedBranchPoints="0" sequenceCoverage="0" branchCoverage="0" maxCyclomaticComplexity="1" minCyclomaticComplexity="1" maxCrapScore="2" minCrapScore="2" visitedClasses="0" numClasses="0" visitedMethods="0" numMethods="1" />
              <MetadataToken>100664437</MetadataToken>
              <Name>System.String Xunit.ExceptionUtility::CombineStackTraces(Xunit.Abstractions.IFailureInformation)</Name>
              <FileRef uid="250" />
              <SequencePoints>
                <SequencePoint vc="0" uspid="7335" ordinal="0" offset="0" sl="33" sc="13" el="33" ec="50" bec="0" bev="0" fileid="250" />
              </SequencePoints>
              <BranchPoints />
              <MethodPoint xsi:type="SequencePoint" vc="0" uspid="7335" ordinal="0" offset="0" sl="33" sc="13" el="33" ec="50" bec="0" bev="0" fileid="250" />
            </Method>
            <Method visited="false" cyclomaticComplexity="1" nPathComplexity="0" sequenceCoverage="0" branchCoverage="0" crapScore="2" isConstructor="false" isStatic="true" isGetter="false" isSetter="false">
              <Summary numSequencePoints="2" visitedSequencePoints="0" numBranchPoints="1" visitedBranchPoints="0" sequenceCoverage="0" branchCoverage="0" maxCyclomaticComplexity="1" minCyclomaticComplexity="1" maxCrapScore="2" minCrapScore="2" visitedClasses="0" numClasses="0" visitedMethods="0" numMethods="1" />
              <MetadataToken>100664438</MetadataToken>
              <Name>System.Boolean Xunit.ExceptionUtility::ExcludeStackFrame(System.String)</Name>
              <FileRef uid="250" />
              <SequencePoints>
                <SequencePoint vc="0" uspid="7336" ordinal="0" offset="0" sl="38" sc="13" el="38" ec="61" bec="0" bev="0" fileid="250" />
                <SequencePoint vc="0" uspid="7337" ordinal="1" offset="11" sl="40" sc="13" el="40" ec="81" bec="0" bev="0" fileid="250" />
              </SequencePoints>
              <BranchPoints />
              <MethodPoint xsi:type="SequencePoint" vc="0" uspid="7336" ordinal="0" offset="0" sl="38" sc="13" el="38" ec="61" bec="0" bev="0" fileid="250" />
            </Method>
            <Method visited="false" cyclomaticComplexity="5" nPathComplexity="4" sequenceCoverage="0" branchCoverage="0" crapScore="30" isConstructor="false" isStatic="true" isGetter="false" isSetter="false">
              <Summary numSequencePoints="10" visitedSequencePoints="0" numBranchPoints="5" visitedBranchPoints="0" sequenceCoverage="0" branchCoverage="0" maxCyclomaticComplexity="5" minCyclomaticComplexity="5" maxCrapScore="30" minCrapScore="30" visitedClasses="0" numClasses="0" visitedMethods="0" numMethods="1" />
              <MetadataToken>100664439</MetadataToken>
              <Name>System.String Xunit.ExceptionUtility::FilterStackTrace(System.String)</Name>
              <FileRef uid="250" />
              <SequencePoints>
                <SequencePoint vc="0" uspid="7338" ordinal="0" offset="0" sl="45" sc="13" el="45" ec="31" bec="2" bev="0" fileid="250" />
                <SequencePoint vc="0" uspid="7339" ordinal="1" offset="3" sl="46" sc="17" el="46" ec="29" bec="0" bev="0" fileid="250" />
                <SequencePoint vc="0" uspid="7340" ordinal="2" offset="5" sl="48" sc="13" el="48" ec="46" bec="0" bev="0" fileid="250" />
                <SequencePoint vc="0" uspid="7341" ordinal="3" offset="11" sl="50" sc="34" el="50" ec="51" bec="0" bev="0" fileid="250" />
                <SequencePoint vc="0" uspid="7342" ordinal="4" offset="25" sl="50" sc="22" el="50" ec="30" bec="0" bev="0" fileid="250" />
                <SequencePoint vc="0" uspid="7343" ordinal="5" offset="32" sl="52" sc="17" el="52" ec="52" bec="0" bev="0" fileid="250" />
                <SequencePoint vc="0" uspid="7344" ordinal="6" offset="44" sl="53" sc="17" el="53" ec="53" bec="2" bev="0" fileid="250" />
                <SequencePoint vc="0" uspid="7345" ordinal="7" offset="51" sl="54" sc="21" el="54" ec="39" bec="0" bev="0" fileid="250" />
                <SequencePoint vc="0" uspid="7346" ordinal="8" offset="58" sl="50" sc="31" el="50" ec="33" bec="0" bev="0" fileid="250" />
                <SequencePoint vc="0" uspid="7347" ordinal="9" offset="78" sl="57" sc="13" el="57" ec="72" bec="0" bev="0" fileid="250" />
              </SequencePoints>
              <BranchPoints>
                <BranchPoint vc="0" uspid="7348" ordinal="0" offset="1" sl="45" path="0" offsetend="3" fileid="250" />
                <BranchPoint vc="0" uspid="7349" ordinal="1" offset="1" sl="45" path="1" offsetend="5" fileid="250" />
                <BranchPoint vc="0" uspid="7350" ordinal="2" offset="49" sl="53" path="0" offsetend="51" fileid="250" />
                <BranchPoint vc="0" uspid="7351" ordinal="3" offset="49" sl="53" path="1" offsetend="58" fileid="250" />
              </BranchPoints>
              <MethodPoint xsi:type="SequencePoint" vc="0" uspid="7338" ordinal="0" offset="0" sl="45" sc="13" el="45" ec="31" bec="2" bev="0" fileid="250" />
            </Method>
            <Method visited="false" cyclomaticComplexity="5" nPathComplexity="16" sequenceCoverage="0" branchCoverage="0" crapScore="30" isConstructor="false" isStatic="true" isGetter="false" isSetter="false">
              <Summary numSequencePoints="3" visitedSequencePoints="0" numBranchPoints="9" visitedBranchPoints="0" sequenceCoverage="0" branchCoverage="0" maxCyclomaticComplexity="5" minCyclomaticComplexity="5" maxCrapScore="30" minCrapScore="30" visitedClasses="0" numClasses="0" visitedMethods="0" numMethods="1" />
              <MetadataToken>100664440</MetadataToken>
              <Name>System.String Xunit.ExceptionUtility::GetAt(System.String[],System.Int32)</Name>
              <FileRef uid="250" />
              <SequencePoints>
                <SequencePoint vc="0" uspid="7354" ordinal="0" offset="0" sl="62" sc="13" el="62" ec="71" bec="4" bev="0" fileid="250" />
                <SequencePoint vc="0" uspid="7355" ordinal="1" offset="13" sl="63" sc="17" el="63" ec="37" bec="0" bev="0" fileid="250" />
                <SequencePoint vc="0" uspid="7356" ordinal="2" offset="19" sl="65" sc="13" el="65" ec="50" bec="2" bev="0" fileid="250" />
              </SequencePoints>
              <BranchPoints>
                <BranchPoint vc="0" uspid="7357" ordinal="0" offset="1" sl="62" path="0" offsetend="3" fileid="250" />
                <BranchPoint vc="0" uspid="7358" ordinal="1" offset="1" sl="62" path="1" offsetend="13" fileid="250" />
                <BranchPoint vc="0" uspid="7359" ordinal="2" offset="5" sl="62" path="0" offsetend="7" fileid="250" />
                <BranchPoint vc="0" uspid="7360" ordinal="3" offset="5" sl="62" path="1" offsetend="13" fileid="250" />
                <BranchPoint vc="0" uspid="7361" ordinal="4" offset="11" sl="62" path="0" offsetend="13" fileid="250" />
                <BranchPoint vc="0" uspid="7362" ordinal="5" offset="11" sl="62" path="1" offsetend="19" fileid="250" />
                <BranchPoint vc="0" uspid="7363" ordinal="6" offset="23" sl="65" path="0" offsetend="25" fileid="250" />
                <BranchPoint vc="0" uspid="7364" ordinal="7" offset="23" sl="65" path="1" offsetend="31" fileid="250" />
              </BranchPoints>
              <MethodPoint xsi:type="SequencePoint" vc="0" uspid="7354" ordinal="0" offset="0" sl="62" sc="13" el="62" ec="71" bec="4" bev="0" fileid="250" />
            </Method>
            <Method visited="false" cyclomaticComplexity="3" nPathComplexity="4" sequenceCoverage="0" branchCoverage="0" crapScore="12" isConstructor="false" isStatic="true" isGetter="false" isSetter="false">
              <Summary numSequencePoints="3" visitedSequencePoints="0" numBranchPoints="5" visitedBranchPoints="0" sequenceCoverage="0" branchCoverage="0" maxCyclomaticComplexity="3" minCyclomaticComplexity="3" maxCrapScore="12" minCrapScore="12" visitedClasses="0" numClasses="0" visitedMethods="0" numMethods="1" />
              <MetadataToken>100664441</MetadataToken>
              <Name>System.Int32 Xunit.ExceptionUtility::GetAt(System.Int32[],System.Int32)</Name>
              <FileRef uid="250" />
              <SequencePoints>
                <SequencePoint vc="0" uspid="7365" ordinal="0" offset="0" sl="70" sc="13" el="70" ec="58" bec="3" bev="0" fileid="250" />
                <SequencePoint vc="0" uspid="7366" ordinal="1" offset="9" sl="71" sc="17" el="71" ec="27" bec="0" bev="0" fileid="250" />
                <SequencePoint vc="0" uspid="7367" ordinal="2" offset="11" sl="73" sc="13" el="73" ec="34" bec="0" bev="0" fileid="250" />
              </SequencePoints>
              <BranchPoints>
                <BranchPoint vc="0" uspid="7368" ordinal="0" offset="1" sl="70" path="0" offsetend="3" fileid="250" />
                <BranchPoint vc="0" uspid="7369" ordinal="1" offset="1" sl="70" path="1" offsetend="9" fileid="250" />
                <BranchPoint vc="0" uspid="7370" ordinal="2" offset="7" sl="70" path="0" offsetend="9" fileid="250" />
                <BranchPoint vc="0" uspid="7371" ordinal="3" offset="7" sl="70" path="1" offsetend="11" fileid="250" />
              </BranchPoints>
              <MethodPoint xsi:type="SequencePoint" vc="0" uspid="7365" ordinal="0" offset="0" sl="70" sc="13" el="70" ec="58" bec="3" bev="0" fileid="250" />
            </Method>
            <Method visited="false" cyclomaticComplexity="6" nPathComplexity="32" sequenceCoverage="0" branchCoverage="0" crapScore="42" isConstructor="false" isStatic="true" isGetter="false" isSetter="false">
              <Summary numSequencePoints="17" visitedSequencePoints="0" numBranchPoints="11" visitedBranchPoints="0" sequenceCoverage="0" branchCoverage="0" maxCyclomaticComplexity="6" minCyclomaticComplexity="6" maxCrapScore="42" minCrapScore="42" visitedClasses="0" numClasses="0" visitedMethods="0" numMethods="1" />
              <MetadataToken>100664442</MetadataToken>
              <Name>System.String Xunit.ExceptionUtility::GetMessage(Xunit.Abstractions.IFailureInformation,System.Int32,System.Int32)</Name>
              <FileRef uid="250" />
              <SequencePoints>
                <SequencePoint vc="0" uspid="7372" ordinal="0" offset="0" sl="78" sc="13" el="78" ec="29" bec="0" bev="0" fileid="250" />
                <SequencePoint vc="0" uspid="7373" ordinal="1" offset="6" sl="80" sc="13" el="80" ec="27" bec="2" bev="0" fileid="250" />
                <SequencePoint vc="0" uspid="7374" ordinal="2" offset="10" sl="82" sc="22" el="82" ec="33" bec="0" bev="0" fileid="250" />
                <SequencePoint vc="0" uspid="7375" ordinal="3" offset="14" sl="83" sc="21" el="83" ec="38" bec="0" bev="0" fileid="250" />
                <SequencePoint vc="0" uspid="7376" ordinal="4" offset="26" sl="82" sc="48" el="82" ec="53" bec="0" bev="0" fileid="250" />
                <SequencePoint vc="0" uspid="7377" ordinal="5" offset="30" sl="82" sc="35" el="82" ec="46" bec="2" bev="0" fileid="250" />
                <SequencePoint vc="0" uspid="7378" ordinal="6" offset="34" sl="85" sc="17" el="85" ec="31" bec="0" bev="0" fileid="250" />
                <SequencePoint vc="0" uspid="7379" ordinal="7" offset="46" sl="88" sc="13" el="88" ec="74" bec="0" bev="0" fileid="250" />
                <SequencePoint vc="0" uspid="7380" ordinal="8" offset="59" sl="89" sc="13" el="89" ec="60" bec="2" bev="0" fileid="250" />
                <SequencePoint vc="0" uspid="7381" ordinal="9" offset="77" sl="90" sc="17" el="90" ec="49" bec="0" bev="0" fileid="250" />
                <SequencePoint vc="0" uspid="7382" ordinal="10" offset="90" sl="92" sc="13" el="92" ec="58" bec="0" bev="0" fileid="250" />
                <SequencePoint vc="0" uspid="7383" ordinal="11" offset="109" sl="94" sc="18" el="94" ec="42" bec="0" bev="0" fileid="250" />
                <SequencePoint vc="0" uspid="7384" ordinal="12" offset="115" sl="95" sc="17" el="95" ec="82" bec="2" bev="0" fileid="250" />
                <SequencePoint vc="0" uspid="7385" ordinal="13" offset="130" sl="96" sc="21" el="96" ec="98" bec="0" bev="0" fileid="250" />
                <SequencePoint vc="0" uspid="7386" ordinal="14" offset="152" sl="94" sc="98" el="94" ec="108" bec="0" bev="0" fileid="250" />
                <SequencePoint vc="0" uspid="7387" ordinal="15" offset="156" sl="94" sc="44" el="94" ec="96" bec="2" bev="0" fileid="250" />
                <SequencePoint vc="0" uspid="7388" ordinal="16" offset="167" sl="98" sc="13" el="98" ec="27" bec="0" bev="0" fileid="250" />
              </SequencePoints>
              <BranchPoints>
                <BranchPoint vc="0" uspid="7389" ordinal="0" offset="8" sl="80" path="0" offsetend="10" fileid="250" />
                <BranchPoint vc="0" uspid="7390" ordinal="1" offset="8" sl="80" path="1" offsetend="46" fileid="250" />
                <BranchPoint vc="0" uspid="7391" ordinal="2" offset="32" sl="82" path="0" offsetend="34" fileid="250" />
                <BranchPoint vc="0" uspid="7392" ordinal="3" offset="32" sl="82" path="1" offsetend="14" fileid="250" />
                <BranchPoint vc="0" uspid="7393" ordinal="4" offset="75" sl="89" path="0" offsetend="77" fileid="250" />
                <BranchPoint vc="0" uspid="7394" ordinal="5" offset="75" sl="89" path="1" offsetend="90" fileid="250" />
                <BranchPoint vc="0" uspid="7395" ordinal="6" offset="128" sl="95" path="0" offsetend="130" fileid="250" />
                <BranchPoint vc="0" uspid="7396" ordinal="7" offset="128" sl="95" path="1" offsetend="152" fileid="250" />
                <BranchPoint vc="0" uspid="7397" ordinal="8" offset="165" sl="94" path="0" offsetend="167" fileid="250" />
                <BranchPoint vc="0" uspid="7398" ordinal="9" offset="165" sl="94" path="1" offsetend="115" fileid="250" />
              </BranchPoints>
              <MethodPoint xsi:type="SequencePoint" vc="0" uspid="7372" ordinal="0" offset="0" sl="78" sc="13" el="78" ec="29" bec="0" bev="0" fileid="250" />
            </Method>
            <Method visited="false" cyclomaticComplexity="2" nPathComplexity="2" sequenceCoverage="0" branchCoverage="0" crapScore="6" isConstructor="false" isStatic="true" isGetter="false" isSetter="false">
              <Summary numSequencePoints="4" visitedSequencePoints="0" numBranchPoints="3" visitedBranchPoints="0" sequenceCoverage="0" branchCoverage="0" maxCyclomaticComplexity="2" minCyclomaticComplexity="2" maxCrapScore="6" minCrapScore="6" visitedClasses="0" numClasses="0" visitedMethods="0" numMethods="1" />
              <MetadataToken>100664443</MetadataToken>
              <Name>System.String Xunit.ExceptionUtility::GetNamespace(System.String)</Name>
              <FileRef uid="250" />
              <SequencePoints>
                <SequencePoint vc="0" uspid="7399" ordinal="0" offset="0" sl="103" sc="13" el="103" ec="58" bec="0" bev="0" fileid="250" />
                <SequencePoint vc="0" uspid="7400" ordinal="1" offset="9" sl="104" sc="13" el="104" ec="29" bec="2" bev="0" fileid="250" />
                <SequencePoint vc="0" uspid="7401" ordinal="2" offset="13" sl="105" sc="17" el="105" ec="60" bec="0" bev="0" fileid="250" />
                <SequencePoint vc="0" uspid="7402" ordinal="3" offset="22" sl="107" sc="13" el="107" ec="23" bec="0" bev="0" fileid="250" />
              </SequencePoints>
              <BranchPoints>
                <BranchPoint vc="0" uspid="7403" ordinal="0" offset="11" sl="104" path="0" offsetend="13" fileid="250" />
                <BranchPoint vc="0" uspid="7404" ordinal="1" offset="11" sl="104" path="1" offsetend="22" fileid="250" />
              </BranchPoints>
              <MethodPoint xsi:type="SequencePoint" vc="0" uspid="7399" ordinal="0" offset="0" sl="103" sc="13" el="103" ec="58" bec="0" bev="0" fileid="250" />
            </Method>
            <Method visited="false" cyclomaticComplexity="6" nPathComplexity="32" sequenceCoverage="0" branchCoverage="0" crapScore="42" isConstructor="false" isStatic="true" isGetter="false" isSetter="false">
              <Summary numSequencePoints="15" visitedSequencePoints="0" numBranchPoints="11" visitedBranchPoints="0" sequenceCoverage="0" branchCoverage="0" maxCyclomaticComplexity="6" minCyclomaticComplexity="6" maxCrapScore="42" minCrapScore="42" visitedClasses="0" numClasses="0" visitedMethods="0" numMethods="1" />
              <MetadataToken>100664444</MetadataToken>
              <Name>System.String Xunit.ExceptionUtility::GetStackTrace(Xunit.Abstractions.IFailureInformation,System.Int32)</Name>
              <FileRef uid="250" />
              <SequencePoints>
                <SequencePoint vc="0" uspid="7405" ordinal="0" offset="0" sl="112" sc="13" el="112" ec="82" bec="0" bev="0" fileid="250" />
                <SequencePoint vc="0" uspid="7406" ordinal="1" offset="18" sl="114" sc="13" el="114" ec="44" bec="0" bev="0" fileid="250" />
                <SequencePoint vc="0" uspid="7407" ordinal="2" offset="24" sl="115" sc="18" el="115" ec="42" bec="0" bev="0" fileid="250" />
                <SequencePoint vc="0" uspid="7408" ordinal="3" offset="30" sl="116" sc="17" el="116" ec="82" bec="2" bev="0" fileid="250" />
                <SequencePoint vc="0" uspid="7409" ordinal="4" offset="45" sl="117" sc="21" el="117" ec="44" bec="0" bev="0" fileid="250" />
                <SequencePoint vc="0" uspid="7410" ordinal="5" offset="52" sl="115" sc="98" el="115" ec="108" bec="0" bev="0" fileid="250" />
                <SequencePoint vc="0" uspid="7411" ordinal="6" offset="56" sl="115" sc="44" el="115" ec="96" bec="2" bev="0" fileid="250" />
                <SequencePoint vc="0" uspid="7412" ordinal="7" offset="67" sl="119" sc="13" el="119" ec="36" bec="2" bev="0" fileid="250" />
                <SequencePoint vc="0" uspid="7413" ordinal="8" offset="76" sl="120" sc="22" el="120" ec="33" bec="0" bev="0" fileid="250" />
                <SequencePoint vc="0" uspid="7414" ordinal="9" offset="80" sl="121" sc="21" el="121" ec="213" bec="0" bev="0" fileid="250" />
                <SequencePoint vc="0" uspid="7415" ordinal="10" offset="167" sl="120" sc="57" el="120" ec="62" bec="0" bev="0" fileid="250" />
                <SequencePoint vc="0" uspid="7416" ordinal="11" offset="171" sl="120" sc="35" el="120" ec="55" bec="2" bev="0" fileid="250" />
                <SequencePoint vc="0" uspid="7417" ordinal="12" offset="182" sl="122" sc="18" el="122" ec="42" bec="2" bev="0" fileid="250" />
                <SequencePoint vc="0" uspid="7418" ordinal="13" offset="191" sl="123" sc="17" el="123" ec="143" bec="0" bev="0" fileid="250" />
                <SequencePoint vc="0" uspid="7419" ordinal="14" offset="231" sl="125" sc="13" el="125" ec="27" bec="0" bev="0" fileid="250" />
              </SequencePoints>
              <BranchPoints>
                <BranchPoint vc="0" uspid="7420" ordinal="0" offset="43" sl="116" path="0" offsetend="45" fileid="250" />
                <BranchPoint vc="0" uspid="7421" ordinal="1" offset="43" sl="116" path="1" offsetend="52" fileid="250" />
                <BranchPoint vc="0" uspid="7422" ordinal="2" offset="65" sl="115" path="0" offsetend="67" fileid="250" />
                <BranchPoint vc="0" uspid="7423" ordinal="3" offset="65" sl="115" path="1" offsetend="30" fileid="250" />
                <BranchPoint vc="0" uspid="7424" ordinal="4" offset="74" sl="119" path="0" offsetend="76" fileid="250" />
                <BranchPoint vc="0" uspid="7425" ordinal="5" offset="74" sl="119" path="1" offsetend="182" fileid="250" />
                <BranchPoint vc="0" uspid="7426" ordinal="6" offset="178" sl="120" path="0" offsetchain="180" offsetend="231" fileid="250" />
                <BranchPoint vc="0" uspid="7427" ordinal="7" offset="178" sl="120" path="1" offsetend="80" fileid="250" />
                <BranchPoint vc="0" uspid="7428" ordinal="8" offset="189" sl="122" path="0" offsetend="191" fileid="250" />
                <BranchPoint vc="0" uspid="7429" ordinal="9" offset="189" sl="122" path="1" offsetend="231" fileid="250" />
              </BranchPoints>
              <MethodPoint xsi:type="SequencePoint" vc="0" uspid="7405" ordinal="0" offset="0" sl="112" sc="13" el="112" ec="82" bec="0" bev="0" fileid="250" />
            </Method>
            <Method visited="false" cyclomaticComplexity="1" nPathComplexity="0" sequenceCoverage="0" branchCoverage="0" crapScore="2" isConstructor="false" isStatic="true" isGetter="false" isSetter="false">
              <Summary numSequencePoints="0" visitedSequencePoints="0" numBranchPoints="0" visitedBranchPoints="0" sequenceCoverage="0" branchCoverage="0" maxCyclomaticComplexity="1" minCyclomaticComplexity="1" maxCrapScore="2" minCrapScore="2" visitedClasses="0" numClasses="0" visitedMethods="0" numMethods="0" />
              <MetadataToken>100664445</MetadataToken>
              <Name>System.Collections.Generic.IEnumerable`1&lt;System.String&gt; Xunit.ExceptionUtility::SplitLines(System.String)</Name>
              <SequencePoints />
              <BranchPoints />
              <MethodPoint vc="0" uspid="7430" ordinal="0" offset="0" />
            </Method>
            <Method visited="false" cyclomaticComplexity="1" nPathComplexity="0" sequenceCoverage="0" branchCoverage="0" crapScore="2" isConstructor="false" isStatic="true" isGetter="false" isSetter="false">
              <Summary numSequencePoints="6" visitedSequencePoints="0" numBranchPoints="1" visitedBranchPoints="0" sequenceCoverage="0" branchCoverage="0" maxCyclomaticComplexity="1" minCyclomaticComplexity="1" maxCrapScore="2" minCrapScore="2" visitedClasses="0" numClasses="0" visitedMethods="0" numMethods="1" />
              <MetadataToken>100664446</MetadataToken>
              <Name>Xunit.Abstractions.IFailureInformation Xunit.ExceptionUtility::ConvertExceptionToFailureInformation(System.Exception)</Name>
              <FileRef uid="250" />
              <SequencePoints>
                <SequencePoint vc="0" uspid="7431" ordinal="0" offset="0" sl="153" sc="13" el="153" ec="53" bec="0" bev="0" fileid="250" />
                <SequencePoint vc="0" uspid="7432" ordinal="1" offset="6" sl="154" sc="13" el="154" ec="47" bec="0" bev="0" fileid="250" />
                <SequencePoint vc="0" uspid="7433" ordinal="2" offset="12" sl="155" sc="13" el="155" ec="50" bec="0" bev="0" fileid="250" />
                <SequencePoint vc="0" uspid="7434" ordinal="3" offset="18" sl="156" sc="13" el="156" ec="43" bec="0" bev="0" fileid="250" />
                <SequencePoint vc="0" uspid="7435" ordinal="4" offset="24" sl="158" sc="13" el="158" ec="106" bec="0" bev="0" fileid="250" />
                <SequencePoint vc="0" uspid="7436" ordinal="5" offset="35" sl="160" sc="13" el="166" ec="15" bec="0" bev="0" fileid="250" />
              </SequencePoints>
              <BranchPoints />
              <MethodPoint xsi:type="SequencePoint" vc="0" uspid="7431" ordinal="0" offset="0" sl="153" sc="13" el="153" ec="53" bec="0" bev="0" fileid="250" />
            </Method>
            <Method visited="false" cyclomaticComplexity="2" nPathComplexity="2" sequenceCoverage="0" branchCoverage="0" crapScore="6" isConstructor="false" isStatic="true" isGetter="false" isSetter="false">
              <Summary numSequencePoints="8" visitedSequencePoints="0" numBranchPoints="3" visitedBranchPoints="0" sequenceCoverage="0" branchCoverage="0" maxCyclomaticComplexity="2" minCyclomaticComplexity="2" maxCrapScore="6" minCrapScore="6" visitedClasses="0" numClasses="0" visitedMethods="0" numMethods="1" />
              <MetadataToken>100664447</MetadataToken>
              <Name>System.Void Xunit.ExceptionUtility::ConvertExceptionToFailureInformation(System.Exception,System.Int32,System.Collections.Generic.List`1&lt;System.String&gt;,System.Collections.Generic.List`1&lt;System.String&gt;,System.Collections.Generic.List`1&lt;System.String&gt;,System.Collections.Generic.List`1&lt;System.Int32&gt;)</Name>
              <FileRef uid="250" />
              <SequencePoints>
                <SequencePoint vc="0" uspid="7437" ordinal="0" offset="0" sl="171" sc="13" el="171" ec="48" bec="0" bev="0" fileid="250" />
                <SequencePoint vc="0" uspid="7438" ordinal="1" offset="7" sl="173" sc="13" el="173" ec="55" bec="0" bev="0" fileid="250" />
                <SequencePoint vc="0" uspid="7439" ordinal="2" offset="24" sl="174" sc="13" el="174" ec="38" bec="0" bev="0" fileid="250" />
                <SequencePoint vc="0" uspid="7440" ordinal="3" offset="36" sl="175" sc="13" el="175" ec="44" bec="0" bev="0" fileid="250" />
                <SequencePoint vc="0" uspid="7441" ordinal="4" offset="49" sl="176" sc="13" el="176" ec="38" bec="0" bev="0" fileid="250" />
                <SequencePoint vc="0" uspid="7442" ordinal="5" offset="57" sl="185" sc="17" el="185" ec="47" bec="2" bev="0" fileid="250" />
                <SequencePoint vc="0" uspid="7443" ordinal="6" offset="65" sl="186" sc="17" el="186" ec="130" bec="0" bev="0" fileid="250" />
                <SequencePoint vc="0" uspid="7444" ordinal="7" offset="83" sl="187" sc="9" el="187" ec="10" bec="0" bev="0" fileid="250" />
              </SequencePoints>
              <BranchPoints>
                <BranchPoint vc="0" uspid="7445" ordinal="0" offset="63" sl="185" path="0" offsetend="65" fileid="250" />
                <BranchPoint vc="0" uspid="7446" ordinal="1" offset="63" sl="185" path="1" offsetend="83" fileid="250" />
              </BranchPoints>
              <MethodPoint xsi:type="SequencePoint" vc="0" uspid="7437" ordinal="0" offset="0" sl="171" sc="13" el="171" ec="48" bec="0" bev="0" fileid="250" />
            </Method>
          </Methods>
        </Class>
        <Class>
          <Summary numSequencePoints="8" visitedSequencePoints="0" numBranchPoints="8" visitedBranchPoints="0" sequenceCoverage="0" branchCoverage="0" maxCyclomaticComplexity="1" minCyclomaticComplexity="1" maxCrapScore="2" minCrapScore="2" visitedClasses="0" numClasses="1" visitedMethods="0" numMethods="8" />
          <FullName>Xunit.ExceptionUtility/FailureInformation</FullName>
          <Methods>
            <Method visited="false" cyclomaticComplexity="1" nPathComplexity="0" sequenceCoverage="0" branchCoverage="0" crapScore="2" isConstructor="false" isStatic="false" isGetter="true" isSetter="false">
              <Summary numSequencePoints="1" visitedSequencePoints="0" numBranchPoints="1" visitedBranchPoints="0" sequenceCoverage="0" branchCoverage="0" maxCyclomaticComplexity="1" minCyclomaticComplexity="1" maxCrapScore="2" minCrapScore="2" visitedClasses="0" numClasses="0" visitedMethods="0" numMethods="1" />
              <MetadataToken>100665124</MetadataToken>
              <Name>System.String[] Xunit.ExceptionUtility/FailureInformation::get_ExceptionTypes()</Name>
              <FileRef uid="250" />
              <SequencePoints>
                <SequencePoint vc="0" uspid="7447" ordinal="0" offset="0" sl="191" sc="46" el="191" ec="50" bec="0" bev="0" fileid="250" />
              </SequencePoints>
              <BranchPoints />
              <MethodPoint xsi:type="SequencePoint" vc="0" uspid="7447" ordinal="0" offset="0" sl="191" sc="46" el="191" ec="50" bec="0" bev="0" fileid="250" />
            </Method>
            <Method visited="false" cyclomaticComplexity="1" nPathComplexity="0" sequenceCoverage="0" branchCoverage="0" crapScore="2" isConstructor="false" isStatic="false" isGetter="false" isSetter="true">
              <Summary numSequencePoints="1" visitedSequencePoints="0" numBranchPoints="1" visitedBranchPoints="0" sequenceCoverage="0" branchCoverage="0" maxCyclomaticComplexity="1" minCyclomaticComplexity="1" maxCrapScore="2" minCrapScore="2" visitedClasses="0" numClasses="0" visitedMethods="0" numMethods="1" />
              <MetadataToken>100665125</MetadataToken>
              <Name>System.Void Xunit.ExceptionUtility/FailureInformation::set_ExceptionTypes(System.String[])</Name>
              <FileRef uid="250" />
              <SequencePoints>
                <SequencePoint vc="0" uspid="7448" ordinal="0" offset="0" sl="191" sc="51" el="191" ec="55" bec="0" bev="0" fileid="250" />
              </SequencePoints>
              <BranchPoints />
              <MethodPoint xsi:type="SequencePoint" vc="0" uspid="7448" ordinal="0" offset="0" sl="191" sc="51" el="191" ec="55" bec="0" bev="0" fileid="250" />
            </Method>
            <Method visited="false" cyclomaticComplexity="1" nPathComplexity="0" sequenceCoverage="0" branchCoverage="0" crapScore="2" isConstructor="false" isStatic="false" isGetter="true" isSetter="false">
              <Summary numSequencePoints="1" visitedSequencePoints="0" numBranchPoints="1" visitedBranchPoints="0" sequenceCoverage="0" branchCoverage="0" maxCyclomaticComplexity="1" minCyclomaticComplexity="1" maxCrapScore="2" minCrapScore="2" visitedClasses="0" numClasses="0" visitedMethods="0" numMethods="1" />
              <MetadataToken>100665126</MetadataToken>
              <Name>System.String[] Xunit.ExceptionUtility/FailureInformation::get_Messages()</Name>
              <FileRef uid="250" />
              <SequencePoints>
                <SequencePoint vc="0" uspid="7449" ordinal="0" offset="0" sl="192" sc="40" el="192" ec="44" bec="0" bev="0" fileid="250" />
              </SequencePoints>
              <BranchPoints />
              <MethodPoint xsi:type="SequencePoint" vc="0" uspid="7449" ordinal="0" offset="0" sl="192" sc="40" el="192" ec="44" bec="0" bev="0" fileid="250" />
            </Method>
            <Method visited="false" cyclomaticComplexity="1" nPathComplexity="0" sequenceCoverage="0" branchCoverage="0" crapScore="2" isConstructor="false" isStatic="false" isGetter="false" isSetter="true">
              <Summary numSequencePoints="1" visitedSequencePoints="0" numBranchPoints="1" visitedBranchPoints="0" sequenceCoverage="0" branchCoverage="0" maxCyclomaticComplexity="1" minCyclomaticComplexity="1" maxCrapScore="2" minCrapScore="2" visitedClasses="0" numClasses="0" visitedMethods="0" numMethods="1" />
              <MetadataToken>100665127</MetadataToken>
              <Name>System.Void Xunit.ExceptionUtility/FailureInformation::set_Messages(System.String[])</Name>
              <FileRef uid="250" />
              <SequencePoints>
                <SequencePoint vc="0" uspid="7450" ordinal="0" offset="0" sl="192" sc="45" el="192" ec="49" bec="0" bev="0" fileid="250" />
              </SequencePoints>
              <BranchPoints />
              <MethodPoint xsi:type="SequencePoint" vc="0" uspid="7450" ordinal="0" offset="0" sl="192" sc="45" el="192" ec="49" bec="0" bev="0" fileid="250" />
            </Method>
            <Method visited="false" cyclomaticComplexity="1" nPathComplexity="0" sequenceCoverage="0" branchCoverage="0" crapScore="2" isConstructor="false" isStatic="false" isGetter="true" isSetter="false">
              <Summary numSequencePoints="1" visitedSequencePoints="0" numBranchPoints="1" visitedBranchPoints="0" sequenceCoverage="0" branchCoverage="0" maxCyclomaticComplexity="1" minCyclomaticComplexity="1" maxCrapScore="2" minCrapScore="2" visitedClasses="0" numClasses="0" visitedMethods="0" numMethods="1" />
              <MetadataToken>100665128</MetadataToken>
              <Name>System.String[] Xunit.ExceptionUtility/FailureInformation::get_StackTraces()</Name>
              <FileRef uid="250" />
              <SequencePoints>
                <SequencePoint vc="0" uspid="7451" ordinal="0" offset="0" sl="193" sc="43" el="193" ec="47" bec="0" bev="0" fileid="250" />
              </SequencePoints>
              <BranchPoints />
              <MethodPoint xsi:type="SequencePoint" vc="0" uspid="7451" ordinal="0" offset="0" sl="193" sc="43" el="193" ec="47" bec="0" bev="0" fileid="250" />
            </Method>
            <Method visited="false" cyclomaticComplexity="1" nPathComplexity="0" sequenceCoverage="0" branchCoverage="0" crapScore="2" isConstructor="false" isStatic="false" isGetter="false" isSetter="true">
              <Summary numSequencePoints="1" visitedSequencePoints="0" numBranchPoints="1" visitedBranchPoints="0" sequenceCoverage="0" branchCoverage="0" maxCyclomaticComplexity="1" minCyclomaticComplexity="1" maxCrapScore="2" minCrapScore="2" visitedClasses="0" numClasses="0" visitedMethods="0" numMethods="1" />
              <MetadataToken>100665129</MetadataToken>
              <Name>System.Void Xunit.ExceptionUtility/FailureInformation::set_StackTraces(System.String[])</Name>
              <FileRef uid="250" />
              <SequencePoints>
                <SequencePoint vc="0" uspid="7452" ordinal="0" offset="0" sl="193" sc="48" el="193" ec="52" bec="0" bev="0" fileid="250" />
              </SequencePoints>
              <BranchPoints />
              <MethodPoint xsi:type="SequencePoint" vc="0" uspid="7452" ordinal="0" offset="0" sl="193" sc="48" el="193" ec="52" bec="0" bev="0" fileid="250" />
            </Method>
            <Method visited="false" cyclomaticComplexity="1" nPathComplexity="0" sequenceCoverage="0" branchCoverage="0" crapScore="2" isConstructor="false" isStatic="false" isGetter="true" isSetter="false">
              <Summary numSequencePoints="1" visitedSequencePoints="0" numBranchPoints="1" visitedBranchPoints="0" sequenceCoverage="0" branchCoverage="0" maxCyclomaticComplexity="1" minCyclomaticComplexity="1" maxCrapScore="2" minCrapScore="2" visitedClasses="0" numClasses="0" visitedMethods="0" numMethods="1" />
              <MetadataToken>100665130</MetadataToken>
              <Name>System.Int32[] Xunit.ExceptionUtility/FailureInformation::get_ExceptionParentIndices()</Name>
              <FileRef uid="250" />
              <SequencePoints>
                <SequencePoint vc="0" uspid="7453" ordinal="0" offset="0" sl="194" sc="51" el="194" ec="55" bec="0" bev="0" fileid="250" />
              </SequencePoints>
              <BranchPoints />
              <MethodPoint xsi:type="SequencePoint" vc="0" uspid="7453" ordinal="0" offset="0" sl="194" sc="51" el="194" ec="55" bec="0" bev="0" fileid="250" />
            </Method>
            <Method visited="false" cyclomaticComplexity="1" nPathComplexity="0" sequenceCoverage="0" branchCoverage="0" crapScore="2" isConstructor="false" isStatic="false" isGetter="false" isSetter="true">
              <Summary numSequencePoints="1" visitedSequencePoints="0" numBranchPoints="1" visitedBranchPoints="0" sequenceCoverage="0" branchCoverage="0" maxCyclomaticComplexity="1" minCyclomaticComplexity="1" maxCrapScore="2" minCrapScore="2" visitedClasses="0" numClasses="0" visitedMethods="0" numMethods="1" />
              <MetadataToken>100665131</MetadataToken>
              <Name>System.Void Xunit.ExceptionUtility/FailureInformation::set_ExceptionParentIndices(System.Int32[])</Name>
              <FileRef uid="250" />
              <SequencePoints>
                <SequencePoint vc="0" uspid="7454" ordinal="0" offset="0" sl="194" sc="56" el="194" ec="60" bec="0" bev="0" fileid="250" />
              </SequencePoints>
              <BranchPoints />
              <MethodPoint xsi:type="SequencePoint" vc="0" uspid="7454" ordinal="0" offset="0" sl="194" sc="56" el="194" ec="60" bec="0" bev="0" fileid="250" />
            </Method>
            <Method visited="false" cyclomaticComplexity="1" nPathComplexity="0" sequenceCoverage="0" branchCoverage="0" crapScore="2" isConstructor="true" isStatic="false" isGetter="false" isSetter="false">
              <Summary numSequencePoints="0" visitedSequencePoints="0" numBranchPoints="0" visitedBranchPoints="0" sequenceCoverage="0" branchCoverage="0" maxCyclomaticComplexity="1" minCyclomaticComplexity="1" maxCrapScore="2" minCrapScore="2" visitedClasses="0" numClasses="0" visitedMethods="0" numMethods="0" />
              <MetadataToken>100665132</MetadataToken>
              <Name>System.Void Xunit.ExceptionUtility/FailureInformation::.ctor()</Name>
              <SequencePoints />
              <BranchPoints />
              <MethodPoint vc="0" uspid="7455" ordinal="0" offset="0" />
            </Method>
          </Methods>
        </Class>
        <Class>
          <Summary numSequencePoints="8" visitedSequencePoints="0" numBranchPoints="3" visitedBranchPoints="0" sequenceCoverage="0" branchCoverage="0" maxCyclomaticComplexity="5" minCyclomaticComplexity="1" maxCrapScore="30" minCrapScore="2" visitedClasses="0" numClasses="1" visitedMethods="0" numMethods="1" />
          <FullName>Xunit.ExceptionUtility/&lt;SplitLines&gt;d__9</FullName>
          <Methods>
            <Method visited="false" cyclomaticComplexity="1" nPathComplexity="0" sequenceCoverage="0" branchCoverage="0" crapScore="2" isConstructor="false" isStatic="false" isGetter="true" isSetter="false">
              <Summary numSequencePoints="0" visitedSequencePoints="0" numBranchPoints="0" visitedBranchPoints="0" sequenceCoverage="0" branchCoverage="0" maxCyclomaticComplexity="1" minCyclomaticComplexity="1" maxCrapScore="2" minCrapScore="2" visitedClasses="0" numClasses="0" visitedMethods="0" numMethods="0" />
              <MetadataToken>100665136</MetadataToken>
              <Name>System.String Xunit.ExceptionUtility/&lt;SplitLines&gt;d__9::System.Collections.Generic.IEnumerator&lt;System.String&gt;.get_Current()</Name>
              <SequencePoints />
              <BranchPoints />
              <MethodPoint vc="0" uspid="7456" ordinal="0" offset="0" />
            </Method>
            <Method visited="false" cyclomaticComplexity="1" nPathComplexity="0" sequenceCoverage="0" branchCoverage="0" crapScore="2" isConstructor="false" isStatic="false" isGetter="true" isSetter="false">
              <Summary numSequencePoints="0" visitedSequencePoints="0" numBranchPoints="0" visitedBranchPoints="0" sequenceCoverage="0" branchCoverage="0" maxCyclomaticComplexity="1" minCyclomaticComplexity="1" maxCrapScore="2" minCrapScore="2" visitedClasses="0" numClasses="0" visitedMethods="0" numMethods="0" />
              <MetadataToken>100665138</MetadataToken>
              <Name>System.Object Xunit.ExceptionUtility/&lt;SplitLines&gt;d__9::System.Collections.IEnumerator.get_Current()</Name>
              <SequencePoints />
              <BranchPoints />
              <MethodPoint vc="0" uspid="7457" ordinal="0" offset="0" />
            </Method>
            <Method visited="false" cyclomaticComplexity="1" nPathComplexity="0" sequenceCoverage="0" branchCoverage="0" crapScore="2" isConstructor="true" isStatic="false" isGetter="false" isSetter="false">
              <Summary numSequencePoints="0" visitedSequencePoints="0" numBranchPoints="0" visitedBranchPoints="0" sequenceCoverage="0" branchCoverage="0" maxCyclomaticComplexity="1" minCyclomaticComplexity="1" maxCrapScore="2" minCrapScore="2" visitedClasses="0" numClasses="0" visitedMethods="0" numMethods="0" />
              <MetadataToken>100665133</MetadataToken>
              <Name>System.Void Xunit.ExceptionUtility/&lt;SplitLines&gt;d__9::.ctor(System.Int32)</Name>
              <SequencePoints />
              <BranchPoints />
              <MethodPoint vc="0" uspid="7458" ordinal="0" offset="0" />
            </Method>
            <Method visited="false" cyclomaticComplexity="1" nPathComplexity="0" sequenceCoverage="0" branchCoverage="0" crapScore="2" isConstructor="false" isStatic="false" isGetter="false" isSetter="false">
              <Summary numSequencePoints="0" visitedSequencePoints="0" numBranchPoints="0" visitedBranchPoints="0" sequenceCoverage="0" branchCoverage="0" maxCyclomaticComplexity="1" minCyclomaticComplexity="1" maxCrapScore="2" minCrapScore="2" visitedClasses="0" numClasses="0" visitedMethods="0" numMethods="0" />
              <MetadataToken>100665134</MetadataToken>
              <Name>System.Void Xunit.ExceptionUtility/&lt;SplitLines&gt;d__9::System.IDisposable.Dispose()</Name>
              <SequencePoints />
              <BranchPoints />
              <MethodPoint vc="0" uspid="7459" ordinal="0" offset="0" />
            </Method>
            <Method visited="false" cyclomaticComplexity="5" nPathComplexity="2" sequenceCoverage="0" branchCoverage="0" crapScore="30" isConstructor="false" isStatic="false" isGetter="false" isSetter="false">
              <Summary numSequencePoints="8" visitedSequencePoints="0" numBranchPoints="3" visitedBranchPoints="0" sequenceCoverage="0" branchCoverage="0" maxCyclomaticComplexity="5" minCyclomaticComplexity="5" maxCrapScore="30" minCrapScore="30" visitedClasses="0" numClasses="0" visitedMethods="0" numMethods="1" />
              <MetadataToken>100665135</MetadataToken>
              <Name>System.Boolean Xunit.ExceptionUtility/&lt;SplitLines&gt;d__9::MoveNext()</Name>
              <FileRef uid="250" />
              <SequencePoints>
                <SequencePoint vc="0" uspid="7460" ordinal="0" offset="34" sl="133" sc="17" el="133" ec="88" bec="0" bev="0" fileid="250" />
                <SequencePoint vc="0" uspid="7461" ordinal="1" offset="57" sl="135" sc="17" el="135" ec="29" bec="2" bev="0" fileid="250" />
                <SequencePoint vc="0" uspid="7462" ordinal="2" offset="66" sl="137" sc="21" el="137" ec="40" bec="0" bev="0" fileid="250" />
                <SequencePoint vc="0" uspid="7463" ordinal="3" offset="94" sl="138" sc="21" el="138" ec="27" bec="0" bev="0" fileid="250" />
                <SequencePoint vc="0" uspid="7464" ordinal="4" offset="96" sl="141" sc="17" el="141" ec="54" bec="0" bev="0" fileid="250" />
                <SequencePoint vc="0" uspid="7465" ordinal="5" offset="136" sl="142" sc="17" el="142" ec="75" bec="0" bev="0" fileid="250" />
                <SequencePoint vc="0" uspid="7466" ordinal="6" offset="170" sl="131" sc="13" el="131" ec="25" bec="0" bev="0" fileid="250" />
                <SequencePoint vc="0" uspid="7467" ordinal="7" offset="175" sl="144" sc="9" el="144" ec="10" bec="0" bev="0" fileid="250" />
              </SequencePoints>
              <BranchPoints>
                <BranchPoint vc="0" uspid="7468" ordinal="0" offset="64" sl="135" path="0" offsetend="66" fileid="250" />
                <BranchPoint vc="0" uspid="7469" ordinal="1" offset="64" sl="135" path="1" offsetend="96" fileid="250" />
              </BranchPoints>
              <MethodPoint vc="0" uspid="7470" ordinal="0" offset="0" />
            </Method>
            <Method visited="false" cyclomaticComplexity="1" nPathComplexity="0" sequenceCoverage="0" branchCoverage="0" crapScore="2" isConstructor="false" isStatic="false" isGetter="false" isSetter="false">
              <Summary numSequencePoints="0" visitedSequencePoints="0" numBranchPoints="0" visitedBranchPoints="0" sequenceCoverage="0" branchCoverage="0" maxCyclomaticComplexity="1" minCyclomaticComplexity="1" maxCrapScore="2" minCrapScore="2" visitedClasses="0" numClasses="0" visitedMethods="0" numMethods="0" />
              <MetadataToken>100665137</MetadataToken>
              <Name>System.Void Xunit.ExceptionUtility/&lt;SplitLines&gt;d__9::System.Collections.IEnumerator.Reset()</Name>
              <SequencePoints />
              <BranchPoints />
              <MethodPoint vc="0" uspid="7471" ordinal="0" offset="0" />
            </Method>
            <Method visited="false" cyclomaticComplexity="3" nPathComplexity="0" sequenceCoverage="0" branchCoverage="0" crapScore="12" isConstructor="false" isStatic="false" isGetter="false" isSetter="false">
              <Summary numSequencePoints="0" visitedSequencePoints="0" numBranchPoints="0" visitedBranchPoints="0" sequenceCoverage="0" branchCoverage="0" maxCyclomaticComplexity="3" minCyclomaticComplexity="3" maxCrapScore="12" minCrapScore="12" visitedClasses="0" numClasses="0" visitedMethods="0" numMethods="0" />
              <MetadataToken>100665139</MetadataToken>
              <Name>System.Collections.Generic.IEnumerator`1&lt;System.String&gt; Xunit.ExceptionUtility/&lt;SplitLines&gt;d__9::System.Collections.Generic.IEnumerable&lt;System.String&gt;.GetEnumerator()</Name>
              <SequencePoints />
              <BranchPoints />
              <MethodPoint vc="0" uspid="7472" ordinal="0" offset="0" />
            </Method>
            <Method visited="false" cyclomaticComplexity="1" nPathComplexity="0" sequenceCoverage="0" branchCoverage="0" crapScore="2" isConstructor="false" isStatic="false" isGetter="false" isSetter="false">
              <Summary numSequencePoints="0" visitedSequencePoints="0" numBranchPoints="0" visitedBranchPoints="0" sequenceCoverage="0" branchCoverage="0" maxCyclomaticComplexity="1" minCyclomaticComplexity="1" maxCrapScore="2" minCrapScore="2" visitedClasses="0" numClasses="0" visitedMethods="0" numMethods="0" />
              <MetadataToken>100665140</MetadataToken>
              <Name>System.Collections.IEnumerator Xunit.ExceptionUtility/&lt;SplitLines&gt;d__9::System.Collections.IEnumerable.GetEnumerator()</Name>
              <SequencePoints />
              <BranchPoints />
              <MethodPoint vc="0" uspid="7473" ordinal="0" offset="0" />
            </Method>
          </Methods>
        </Class>
        <Class>
          <Summary numSequencePoints="7" visitedSequencePoints="0" numBranchPoints="5" visitedBranchPoints="0" sequenceCoverage="0" branchCoverage="0" maxCyclomaticComplexity="2" minCyclomaticComplexity="1" maxCrapScore="6" minCrapScore="2" visitedClasses="0" numClasses="1" visitedMethods="0" numMethods="3" />
          <FullName>Xunit.JsonArray</FullName>
          <Methods>
            <Method visited="false" cyclomaticComplexity="1" nPathComplexity="0" sequenceCoverage="0" branchCoverage="0" crapScore="2" isConstructor="false" isStatic="false" isGetter="true" isSetter="false">
              <Summary numSequencePoints="1" visitedSequencePoints="0" numBranchPoints="1" visitedBranchPoints="0" sequenceCoverage="0" branchCoverage="0" maxCyclomaticComplexity="1" minCyclomaticComplexity="1" maxCrapScore="2" minCrapScore="2" visitedClasses="0" numClasses="0" visitedMethods="0" numMethods="1" />
              <MetadataToken>100664449</MetadataToken>
              <Name>System.Int32 Xunit.JsonArray::get_Length()</Name>
              <FileRef uid="253" />
              <SequencePoints>
                <SequencePoint vc="0" uspid="7474" ordinal="0" offset="0" sl="26" sc="19" el="26" ec="40" bec="0" bev="0" fileid="253" />
              </SequencePoints>
              <BranchPoints />
              <MethodPoint xsi:type="SequencePoint" vc="0" uspid="7474" ordinal="0" offset="0" sl="26" sc="19" el="26" ec="40" bec="0" bev="0" fileid="253" />
            </Method>
            <Method visited="false" cyclomaticComplexity="1" nPathComplexity="0" sequenceCoverage="0" branchCoverage="0" crapScore="2" isConstructor="false" isStatic="false" isGetter="true" isSetter="false">
              <Summary numSequencePoints="1" visitedSequencePoints="0" numBranchPoints="1" visitedBranchPoints="0" sequenceCoverage="0" branchCoverage="0" maxCyclomaticComplexity="1" minCyclomaticComplexity="1" maxCrapScore="2" minCrapScore="2" visitedClasses="0" numClasses="0" visitedMethods="0" numMethods="1" />
              <MetadataToken>100664450</MetadataToken>
              <Name>Xunit.JsonValue Xunit.JsonArray::get_Item(System.Int32)</Name>
              <FileRef uid="253" />
              <SequencePoints>
                <SequencePoint vc="0" uspid="7475" ordinal="0" offset="0" sl="31" sc="19" el="31" ec="40" bec="0" bev="0" fileid="253" />
              </SequencePoints>
              <BranchPoints />
              <MethodPoint xsi:type="SequencePoint" vc="0" uspid="7475" ordinal="0" offset="0" sl="31" sc="19" el="31" ec="40" bec="0" bev="0" fileid="253" />
            </Method>
            <Method visited="false" cyclomaticComplexity="2" nPathComplexity="2" sequenceCoverage="0" branchCoverage="0" crapScore="6" isConstructor="true" isStatic="false" isGetter="false" isSetter="false">
              <Summary numSequencePoints="5" visitedSequencePoints="0" numBranchPoints="3" visitedBranchPoints="0" sequenceCoverage="0" branchCoverage="0" maxCyclomaticComplexity="2" minCyclomaticComplexity="2" maxCrapScore="6" minCrapScore="6" visitedClasses="0" numClasses="0" visitedMethods="0" numMethods="1" />
              <MetadataToken>100664448</MetadataToken>
              <Name>System.Void Xunit.JsonArray::.ctor(Xunit.JsonValue[],System.Int32,System.Int32)</Name>
              <FileRef uid="253" />
              <SequencePoints>
                <SequencePoint vc="0" uspid="7476" ordinal="0" offset="0" sl="14" sc="15" el="14" ec="33" bec="0" bev="0" fileid="253" />
                <SequencePoint vc="0" uspid="7477" ordinal="1" offset="8" sl="16" sc="13" el="16" ec="31" bec="2" bev="0" fileid="253" />
                <SequencePoint vc="0" uspid="7478" ordinal="2" offset="11" sl="18" sc="17" el="18" ec="64" bec="0" bev="0" fileid="253" />
                <SequencePoint vc="0" uspid="7479" ordinal="3" offset="22" sl="21" sc="13" el="21" ec="28" bec="0" bev="0" fileid="253" />
                <SequencePoint vc="0" uspid="7480" ordinal="4" offset="29" sl="22" sc="9" el="22" ec="10" bec="0" bev="0" fileid="253" />
              </SequencePoints>
              <BranchPoints>
                <BranchPoint vc="0" uspid="7481" ordinal="0" offset="9" sl="16" path="0" offsetend="11" fileid="253" />
                <BranchPoint vc="0" uspid="7482" ordinal="1" offset="9" sl="16" path="1" offsetend="22" fileid="253" />
              </BranchPoints>
              <MethodPoint xsi:type="SequencePoint" vc="0" uspid="7476" ordinal="0" offset="0" sl="14" sc="15" el="14" ec="33" bec="0" bev="0" fileid="253" />
            </Method>
          </Methods>
        </Class>
        <Class>
          <Summary numSequencePoints="11" visitedSequencePoints="0" numBranchPoints="8" visitedBranchPoints="0" sequenceCoverage="0" branchCoverage="0" maxCyclomaticComplexity="3" minCyclomaticComplexity="1" maxCrapScore="12" minCrapScore="2" visitedClasses="0" numClasses="1" visitedMethods="0" numMethods="4" />
          <FullName>Xunit.JsonBoolean</FullName>
          <Methods>
            <Method visited="false" cyclomaticComplexity="1" nPathComplexity="0" sequenceCoverage="0" branchCoverage="0" crapScore="2" isConstructor="false" isStatic="false" isGetter="true" isSetter="false">
              <Summary numSequencePoints="1" visitedSequencePoints="0" numBranchPoints="1" visitedBranchPoints="0" sequenceCoverage="0" branchCoverage="0" maxCyclomaticComplexity="1" minCyclomaticComplexity="1" maxCrapScore="2" minCrapScore="2" visitedClasses="0" numClasses="0" visitedMethods="0" numMethods="1" />
              <MetadataToken>100664452</MetadataToken>
              <Name>System.Boolean Xunit.JsonBoolean::get_Value()</Name>
              <FileRef uid="253" />
              <SequencePoints>
                <SequencePoint vc="0" uspid="7483" ordinal="0" offset="0" sl="54" sc="29" el="54" ec="33" bec="0" bev="0" fileid="253" />
              </SequencePoints>
              <BranchPoints />
              <MethodPoint xsi:type="SequencePoint" vc="0" uspid="7483" ordinal="0" offset="0" sl="54" sc="29" el="54" ec="33" bec="0" bev="0" fileid="253" />
            </Method>
            <Method visited="false" cyclomaticComplexity="1" nPathComplexity="0" sequenceCoverage="0" branchCoverage="0" crapScore="2" isConstructor="false" isStatic="false" isGetter="false" isSetter="true">
              <Summary numSequencePoints="1" visitedSequencePoints="0" numBranchPoints="1" visitedBranchPoints="0" sequenceCoverage="0" branchCoverage="0" maxCyclomaticComplexity="1" minCyclomaticComplexity="1" maxCrapScore="2" minCrapScore="2" visitedClasses="0" numClasses="0" visitedMethods="0" numMethods="1" />
              <MetadataToken>100664453</MetadataToken>
              <Name>System.Void Xunit.JsonBoolean::set_Value(System.Boolean)</Name>
              <FileRef uid="253" />
              <SequencePoints>
                <SequencePoint vc="0" uspid="7484" ordinal="0" offset="0" sl="54" sc="34" el="54" ec="46" bec="0" bev="0" fileid="253" />
              </SequencePoints>
              <BranchPoints />
              <MethodPoint xsi:type="SequencePoint" vc="0" uspid="7484" ordinal="0" offset="0" sl="54" sc="34" el="54" ec="46" bec="0" bev="0" fileid="253" />
            </Method>
            <Method visited="false" cyclomaticComplexity="3" nPathComplexity="4" sequenceCoverage="0" branchCoverage="0" crapScore="12" isConstructor="true" isStatic="false" isGetter="false" isSetter="false">
              <Summary numSequencePoints="8" visitedSequencePoints="0" numBranchPoints="5" visitedBranchPoints="0" sequenceCoverage="0" branchCoverage="0" maxCyclomaticComplexity="3" minCyclomaticComplexity="3" maxCrapScore="12" minCrapScore="12" visitedClasses="0" numClasses="0" visitedMethods="0" numMethods="1" />
              <MetadataToken>100664451</MetadataToken>
              <Name>System.Void Xunit.JsonBoolean::.ctor(Xunit.JsonToken)</Name>
              <FileRef uid="253" />
              <SequencePoints>
                <SequencePoint vc="0" uspid="7485" ordinal="0" offset="0" sl="38" sc="15" el="38" ec="45" bec="0" bev="0" fileid="253" />
                <SequencePoint vc="0" uspid="7486" ordinal="1" offset="18" sl="40" sc="13" el="40" ec="50" bec="2" bev="0" fileid="253" />
                <SequencePoint vc="0" uspid="7487" ordinal="2" offset="27" sl="42" sc="17" el="42" ec="30" bec="0" bev="0" fileid="253" />
                <SequencePoint vc="0" uspid="7488" ordinal="3" offset="34" sl="43" sc="13" el="43" ec="14" bec="0" bev="0" fileid="253" />
                <SequencePoint vc="0" uspid="7489" ordinal="4" offset="35" sl="44" sc="18" el="44" ec="56" bec="2" bev="0" fileid="253" />
                <SequencePoint vc="0" uspid="7490" ordinal="5" offset="44" sl="46" sc="17" el="46" ec="31" bec="0" bev="0" fileid="253" />
                <SequencePoint vc="0" uspid="7491" ordinal="6" offset="51" sl="47" sc="13" el="47" ec="14" bec="0" bev="0" fileid="253" />
                <SequencePoint vc="0" uspid="7492" ordinal="7" offset="52" sl="50" sc="17" el="50" ec="107" bec="0" bev="0" fileid="253" />
              </SequencePoints>
              <BranchPoints>
                <BranchPoint vc="0" uspid="7493" ordinal="0" offset="25" sl="40" path="0" offsetend="27" fileid="253" />
                <BranchPoint vc="0" uspid="7494" ordinal="1" offset="25" sl="40" path="1" offsetend="35" fileid="253" />
                <BranchPoint vc="0" uspid="7495" ordinal="2" offset="42" sl="44" path="0" offsetend="44" fileid="253" />
                <BranchPoint vc="0" uspid="7496" ordinal="3" offset="42" sl="44" path="1" offsetend="52" fileid="253" />
              </BranchPoints>
              <MethodPoint xsi:type="SequencePoint" vc="0" uspid="7485" ordinal="0" offset="0" sl="38" sc="15" el="38" ec="45" bec="0" bev="0" fileid="253" />
            </Method>
            <Method visited="false" cyclomaticComplexity="1" nPathComplexity="0" sequenceCoverage="0" branchCoverage="0" crapScore="2" isConstructor="false" isStatic="true" isGetter="false" isSetter="false">
              <Summary numSequencePoints="1" visitedSequencePoints="0" numBranchPoints="1" visitedBranchPoints="0" sequenceCoverage="0" branchCoverage="0" maxCyclomaticComplexity="1" minCyclomaticComplexity="1" maxCrapScore="2" minCrapScore="2" visitedClasses="0" numClasses="0" visitedMethods="0" numMethods="1" />
              <MetadataToken>100664454</MetadataToken>
              <Name>System.Boolean Xunit.JsonBoolean::op_Implicit(Xunit.JsonBoolean)</Name>
              <FileRef uid="253" />
              <SequencePoints>
                <SequencePoint vc="0" uspid="7497" ordinal="0" offset="0" sl="58" sc="13" el="58" ec="38" bec="0" bev="0" fileid="253" />
              </SequencePoints>
              <BranchPoints />
              <MethodPoint xsi:type="SequencePoint" vc="0" uspid="7497" ordinal="0" offset="0" sl="58" sc="13" el="58" ec="38" bec="0" bev="0" fileid="253" />
            </Method>
          </Methods>
        </Class>
        <Class>
          <Summary numSequencePoints="131" visitedSequencePoints="0" numBranchPoints="105" visitedBranchPoints="0" sequenceCoverage="0" branchCoverage="0" maxCyclomaticComplexity="17" minCyclomaticComplexity="1" maxCrapScore="306" minCrapScore="2" visitedClasses="0" numClasses="1" visitedMethods="0" numMethods="7" />
          <FullName>Xunit.JsonBuffer</FullName>
          <Methods>
            <Method visited="false" cyclomaticComplexity="1" nPathComplexity="0" sequenceCoverage="0" branchCoverage="0" crapScore="2" isConstructor="true" isStatic="false" isGetter="false" isSetter="false">
              <Summary numSequencePoints="6" visitedSequencePoints="0" numBranchPoints="1" visitedBranchPoints="0" sequenceCoverage="0" branchCoverage="0" maxCyclomaticComplexity="1" minCyclomaticComplexity="1" maxCrapScore="2" minCrapScore="2" visitedClasses="0" numClasses="0" visitedMethods="0" numMethods="1" />
              <MetadataToken>100664455</MetadataToken>
              <Name>System.Void Xunit.JsonBuffer::.ctor(System.IO.TextReader)</Name>
              <FileRef uid="253" />
              <SequencePoints>
                <SequencePoint vc="0" uspid="7498" ordinal="0" offset="0" sl="68" sc="9" el="68" ec="53" bec="0" bev="0" fileid="253" />
                <SequencePoint vc="0" uspid="7499" ordinal="1" offset="11" sl="69" sc="9" el="69" ec="63" bec="0" bev="0" fileid="253" />
                <SequencePoint vc="0" uspid="7500" ordinal="2" offset="23" sl="75" sc="9" el="75" ec="45" bec="0" bev="0" fileid="253" />
                <SequencePoint vc="0" uspid="7501" ordinal="3" offset="29" sl="77" sc="13" el="77" ec="30" bec="0" bev="0" fileid="253" />
                <SequencePoint vc="0" uspid="7502" ordinal="4" offset="36" sl="78" sc="13" el="78" ec="23" bec="0" bev="0" fileid="253" />
                <SequencePoint vc="0" uspid="7503" ordinal="5" offset="43" sl="79" sc="9" el="79" ec="10" bec="0" bev="0" fileid="253" />
              </SequencePoints>
              <BranchPoints />
              <MethodPoint xsi:type="SequencePoint" vc="0" uspid="7498" ordinal="0" offset="0" sl="68" sc="9" el="68" ec="53" bec="0" bev="0" fileid="253" />
            </Method>
            <Method visited="false" cyclomaticComplexity="15" nPathComplexity="32768" sequenceCoverage="0" branchCoverage="0" crapScore="240" isConstructor="false" isStatic="false" isGetter="false" isSetter="false">
              <Summary numSequencePoints="48" visitedSequencePoints="0" numBranchPoints="31" visitedBranchPoints="0" sequenceCoverage="0" branchCoverage="0" maxCyclomaticComplexity="15" minCyclomaticComplexity="15" maxCrapScore="240" minCrapScore="240" visitedClasses="0" numClasses="0" visitedMethods="0" numMethods="1" />
              <MetadataToken>100664456</MetadataToken>
              <Name>Xunit.JsonToken Xunit.JsonBuffer::Read()</Name>
              <FileRef uid="253" />
              <SequencePoints>
                <SequencePoint vc="0" uspid="7504" ordinal="0" offset="0" sl="86" sc="17" el="86" ec="40" bec="0" bev="0" fileid="253" />
                <SequencePoint vc="0" uspid="7505" ordinal="1" offset="7" sl="88" sc="17" el="88" ec="33" bec="2" bev="0" fileid="253" />
                <SequencePoint vc="0" uspid="7506" ordinal="2" offset="11" sl="90" sc="21" el="90" ec="53" bec="0" bev="0" fileid="253" />
                <SequencePoint vc="0" uspid="7507" ordinal="3" offset="24" sl="91" sc="21" el="91" ec="35" bec="0" bev="0" fileid="253" />
                <SequencePoint vc="0" uspid="7508" ordinal="4" offset="31" sl="93" sc="22" el="93" ec="47" bec="2" bev="0" fileid="253" />
                <SequencePoint vc="0" uspid="7509" ordinal="5" offset="39" sl="99" sc="13" el="99" ec="53" bec="0" bev="0" fileid="253" />
                <SequencePoint vc="0" uspid="7510" ordinal="6" offset="60" sl="100" sc="13" el="100" ec="33" bec="0" bev="0" fileid="253" />
                <SequencePoint vc="0" uspid="7511" ordinal="7" offset="77" sl="101" sc="13" el="101" ec="37" bec="0" bev="0" fileid="253" />
                <SequencePoint vc="0" uspid="7512" ordinal="8" offset="94" sl="103" sc="13" el="103" ec="30" bec="2" bev="0" fileid="253" />
                <SequencePoint vc="0" uspid="7513" ordinal="9" offset="99" sl="105" sc="17" el="105" ec="62" bec="0" bev="0" fileid="253" />
                <SequencePoint vc="0" uspid="7514" ordinal="10" offset="111" sl="106" sc="13" el="106" ec="14" bec="0" bev="0" fileid="253" />
                <SequencePoint vc="0" uspid="7515" ordinal="11" offset="116" sl="107" sc="18" el="107" ec="35" bec="2" bev="0" fileid="253" />
                <SequencePoint vc="0" uspid="7516" ordinal="12" offset="121" sl="109" sc="17" el="109" ec="63" bec="0" bev="0" fileid="253" />
                <SequencePoint vc="0" uspid="7517" ordinal="13" offset="133" sl="110" sc="13" el="110" ec="14" bec="0" bev="0" fileid="253" />
                <SequencePoint vc="0" uspid="7518" ordinal="14" offset="138" sl="111" sc="18" el="111" ec="35" bec="2" bev="0" fileid="253" />
                <SequencePoint vc="0" uspid="7519" ordinal="15" offset="143" sl="113" sc="17" el="113" ec="63" bec="0" bev="0" fileid="253" />
                <SequencePoint vc="0" uspid="7520" ordinal="16" offset="155" sl="114" sc="13" el="114" ec="14" bec="0" bev="0" fileid="253" />
                <SequencePoint vc="0" uspid="7521" ordinal="17" offset="160" sl="115" sc="18" el="115" ec="35" bec="2" bev="0" fileid="253" />
                <SequencePoint vc="0" uspid="7522" ordinal="18" offset="165" sl="117" sc="17" el="117" ec="64" bec="0" bev="0" fileid="253" />
                <SequencePoint vc="0" uspid="7523" ordinal="19" offset="177" sl="118" sc="13" el="118" ec="14" bec="0" bev="0" fileid="253" />
                <SequencePoint vc="0" uspid="7524" ordinal="20" offset="182" sl="119" sc="18" el="119" ec="35" bec="2" bev="0" fileid="253" />
                <SequencePoint vc="0" uspid="7525" ordinal="21" offset="187" sl="121" sc="17" el="121" ec="51" bec="0" bev="0" fileid="253" />
                <SequencePoint vc="0" uspid="7526" ordinal="22" offset="199" sl="122" sc="13" el="122" ec="14" bec="0" bev="0" fileid="253" />
                <SequencePoint vc="0" uspid="7527" ordinal="23" offset="204" sl="123" sc="18" el="123" ec="35" bec="2" bev="0" fileid="253" />
                <SequencePoint vc="0" uspid="7528" ordinal="24" offset="209" sl="125" sc="17" el="125" ec="51" bec="0" bev="0" fileid="253" />
                <SequencePoint vc="0" uspid="7529" ordinal="25" offset="221" sl="126" sc="13" el="126" ec="14" bec="0" bev="0" fileid="253" />
                <SequencePoint vc="0" uspid="7530" ordinal="26" offset="226" sl="127" sc="18" el="127" ec="35" bec="2" bev="0" fileid="253" />
                <SequencePoint vc="0" uspid="7531" ordinal="27" offset="231" sl="129" sc="17" el="129" ec="52" bec="0" bev="0" fileid="253" />
                <SequencePoint vc="0" uspid="7532" ordinal="28" offset="244" sl="130" sc="17" el="130" ec="45" bec="0" bev="0" fileid="253" />
                <SequencePoint vc="0" uspid="7533" ordinal="29" offset="261" sl="131" sc="13" el="131" ec="14" bec="0" bev="0" fileid="253" />
                <SequencePoint vc="0" uspid="7534" ordinal="30" offset="266" sl="132" sc="18" el="132" ec="35" bec="2" bev="0" fileid="253" />
                <SequencePoint vc="0" uspid="7535" ordinal="31" offset="271" sl="134" sc="17" el="134" ec="40" bec="0" bev="0" fileid="253" />
                <SequencePoint vc="0" uspid="7536" ordinal="32" offset="282" sl="135" sc="17" el="135" ec="50" bec="0" bev="0" fileid="253" />
                <SequencePoint vc="0" uspid="7537" ordinal="33" offset="294" sl="136" sc="13" el="136" ec="14" bec="0" bev="0" fileid="253" />
                <SequencePoint vc="0" uspid="7538" ordinal="34" offset="296" sl="137" sc="18" el="137" ec="35" bec="2" bev="0" fileid="253" />
                <SequencePoint vc="0" uspid="7539" ordinal="35" offset="301" sl="139" sc="17" el="139" ec="41" bec="0" bev="0" fileid="253" />
                <SequencePoint vc="0" uspid="7540" ordinal="36" offset="312" sl="140" sc="17" el="140" ec="51" bec="0" bev="0" fileid="253" />
                <SequencePoint vc="0" uspid="7541" ordinal="37" offset="324" sl="141" sc="13" el="141" ec="14" bec="0" bev="0" fileid="253" />
                <SequencePoint vc="0" uspid="7542" ordinal="38" offset="326" sl="142" sc="18" el="142" ec="35" bec="2" bev="0" fileid="253" />
                <SequencePoint vc="0" uspid="7543" ordinal="39" offset="331" sl="144" sc="17" el="144" ec="40" bec="0" bev="0" fileid="253" />
                <SequencePoint vc="0" uspid="7544" ordinal="40" offset="342" sl="145" sc="17" el="145" ec="50" bec="0" bev="0" fileid="253" />
                <SequencePoint vc="0" uspid="7545" ordinal="41" offset="354" sl="146" sc="13" el="146" ec="14" bec="0" bev="0" fileid="253" />
                <SequencePoint vc="0" uspid="7546" ordinal="42" offset="356" sl="147" sc="18" el="147" ec="69" bec="4" bev="0" fileid="253" />
                <SequencePoint vc="0" uspid="7547" ordinal="43" offset="371" sl="149" sc="17" el="149" ec="52" bec="0" bev="0" fileid="253" />
                <SequencePoint vc="0" uspid="7548" ordinal="44" offset="384" sl="150" sc="17" el="150" ec="50" bec="0" bev="0" fileid="253" />
                <SequencePoint vc="0" uspid="7549" ordinal="45" offset="402" sl="151" sc="13" el="151" ec="14" bec="0" bev="0" fileid="253" />
                <SequencePoint vc="0" uspid="7550" ordinal="46" offset="404" sl="154" sc="17" el="156" ec="29" bec="0" bev="0" fileid="253" />
                <SequencePoint vc="0" uspid="7551" ordinal="47" offset="422" sl="160" sc="13" el="160" ec="27" bec="0" bev="0" fileid="253" />
              </SequencePoints>
              <BranchPoints>
                <BranchPoint vc="0" uspid="7552" ordinal="0" offset="9" sl="88" path="0" offsetend="11" fileid="253" />
                <BranchPoint vc="0" uspid="7553" ordinal="1" offset="9" sl="88" path="1" offsetend="31" fileid="253" />
                <BranchPoint vc="0" uspid="7554" ordinal="2" offset="37" sl="93" path="0" offsetend="39" fileid="253" />
                <BranchPoint vc="0" uspid="7555" ordinal="3" offset="37" sl="93" path="1" offsetend="0" fileid="253" />
                <BranchPoint vc="0" uspid="7556" ordinal="4" offset="97" sl="103" path="0" offsetend="99" fileid="253" />
                <BranchPoint vc="0" uspid="7557" ordinal="5" offset="97" sl="103" path="1" offsetend="116" fileid="253" />
                <BranchPoint vc="0" uspid="7558" ordinal="6" offset="119" sl="107" path="0" offsetend="121" fileid="253" />
                <BranchPoint vc="0" uspid="7559" ordinal="7" offset="119" sl="107" path="1" offsetend="138" fileid="253" />
                <BranchPoint vc="0" uspid="7560" ordinal="8" offset="141" sl="111" path="0" offsetend="143" fileid="253" />
                <BranchPoint vc="0" uspid="7561" ordinal="9" offset="141" sl="111" path="1" offsetend="160" fileid="253" />
                <BranchPoint vc="0" uspid="7562" ordinal="10" offset="163" sl="115" path="0" offsetend="165" fileid="253" />
                <BranchPoint vc="0" uspid="7563" ordinal="11" offset="163" sl="115" path="1" offsetend="182" fileid="253" />
                <BranchPoint vc="0" uspid="7564" ordinal="12" offset="185" sl="119" path="0" offsetend="187" fileid="253" />
                <BranchPoint vc="0" uspid="7565" ordinal="13" offset="185" sl="119" path="1" offsetend="204" fileid="253" />
                <BranchPoint vc="0" uspid="7566" ordinal="14" offset="207" sl="123" path="0" offsetend="209" fileid="253" />
                <BranchPoint vc="0" uspid="7567" ordinal="15" offset="207" sl="123" path="1" offsetend="226" fileid="253" />
                <BranchPoint vc="0" uspid="7568" ordinal="16" offset="229" sl="127" path="0" offsetend="231" fileid="253" />
                <BranchPoint vc="0" uspid="7569" ordinal="17" offset="229" sl="127" path="1" offsetend="266" fileid="253" />
                <BranchPoint vc="0" uspid="7570" ordinal="18" offset="269" sl="132" path="0" offsetend="271" fileid="253" />
                <BranchPoint vc="0" uspid="7571" ordinal="19" offset="269" sl="132" path="1" offsetend="296" fileid="253" />
                <BranchPoint vc="0" uspid="7572" ordinal="20" offset="299" sl="137" path="0" offsetend="301" fileid="253" />
                <BranchPoint vc="0" uspid="7573" ordinal="21" offset="299" sl="137" path="1" offsetend="326" fileid="253" />
                <BranchPoint vc="0" uspid="7574" ordinal="22" offset="329" sl="142" path="0" offsetend="331" fileid="253" />
                <BranchPoint vc="0" uspid="7575" ordinal="23" offset="329" sl="142" path="1" offsetend="356" fileid="253" />
                <BranchPoint vc="0" uspid="7576" ordinal="24" offset="359" sl="147" path="0" offsetend="361" fileid="253" />
                <BranchPoint vc="0" uspid="7577" ordinal="25" offset="359" sl="147" path="1" offsetend="366" fileid="253" />
                <BranchPoint vc="0" uspid="7578" ordinal="26" offset="364" sl="147" path="0" offsetend="366" fileid="253" />
                <BranchPoint vc="0" uspid="7579" ordinal="27" offset="364" sl="147" path="1" offsetend="371" fileid="253" />
                <BranchPoint vc="0" uspid="7580" ordinal="28" offset="369" sl="147" path="0" offsetend="371" fileid="253" />
                <BranchPoint vc="0" uspid="7581" ordinal="29" offset="369" sl="147" path="1" offsetend="404" fileid="253" />
              </BranchPoints>
              <MethodPoint xsi:type="SequencePoint" vc="0" uspid="7504" ordinal="0" offset="0" sl="86" sc="17" el="86" ec="40" bec="0" bev="0" fileid="253" />
            </Method>
            <Method visited="false" cyclomaticComplexity="3" nPathComplexity="8" sequenceCoverage="0" branchCoverage="0" crapScore="12" isConstructor="false" isStatic="false" isGetter="false" isSetter="false">
              <Summary numSequencePoints="8" visitedSequencePoints="0" numBranchPoints="7" visitedBranchPoints="0" sequenceCoverage="0" branchCoverage="0" maxCyclomaticComplexity="3" minCyclomaticComplexity="3" maxCrapScore="12" minCrapScore="12" visitedClasses="0" numClasses="0" visitedMethods="0" numMethods="1" />
              <MetadataToken>100664457</MetadataToken>
              <Name>System.Int32 Xunit.JsonBuffer::ReadNextChar()</Name>
              <FileRef uid="253" />
              <SequencePoints>
                <SequencePoint vc="0" uspid="7582" ordinal="0" offset="0" sl="167" sc="17" el="167" ec="44" bec="0" bev="0" fileid="253" />
                <SequencePoint vc="0" uspid="7583" ordinal="1" offset="12" sl="168" sc="17" el="168" ec="27" bec="0" bev="0" fileid="253" />
                <SequencePoint vc="0" uspid="7584" ordinal="2" offset="26" sl="169" sc="17" el="169" ec="31" bec="6" bev="0" fileid="253" />
                <SequencePoint vc="0" uspid="7585" ordinal="3" offset="42" sl="173" sc="25" el="173" ec="35" bec="0" bev="0" fileid="253" />
                <SequencePoint vc="0" uspid="7586" ordinal="4" offset="44" sl="177" sc="25" el="177" ec="37" bec="0" bev="0" fileid="253" />
                <SequencePoint vc="0" uspid="7587" ordinal="5" offset="51" sl="178" sc="25" el="178" ec="33" bec="0" bev="0" fileid="253" />
                <SequencePoint vc="0" uspid="7588" ordinal="6" offset="65" sl="180" sc="25" el="180" ec="34" bec="0" bev="0" fileid="253" />
                <SequencePoint vc="0" uspid="7589" ordinal="7" offset="67" sl="185" sc="25" el="185" ec="38" bec="0" bev="0" fileid="253" />
              </SequencePoints>
              <BranchPoints>
                <BranchPoint vc="0" uspid="7590" ordinal="0" offset="28" sl="169" path="0" offsetend="30" fileid="253" />
                <BranchPoint vc="0" uspid="7591" ordinal="1" offset="28" sl="169" path="1" offsetend="42" fileid="253" />
                <BranchPoint vc="0" uspid="7592" ordinal="2" offset="33" sl="169" path="0" offsetend="35" fileid="253" />
                <BranchPoint vc="0" uspid="7593" ordinal="3" offset="33" sl="169" path="1" offsetend="44" fileid="253" />
                <BranchPoint vc="0" uspid="7594" ordinal="4" offset="38" sl="169" path="0" offsetchain="40" offsetend="67" fileid="253" />
                <BranchPoint vc="0" uspid="7595" ordinal="5" offset="38" sl="169" path="1" offsetend="0" fileid="253" />
              </BranchPoints>
              <MethodPoint xsi:type="SequencePoint" vc="0" uspid="7582" ordinal="0" offset="0" sl="167" sc="17" el="167" ec="44" bec="0" bev="0" fileid="253" />
            </Method>
            <Method visited="false" cyclomaticComplexity="6" nPathComplexity="32" sequenceCoverage="0" branchCoverage="0" crapScore="42" isConstructor="false" isStatic="false" isGetter="false" isSetter="false">
              <Summary numSequencePoints="7" visitedSequencePoints="0" numBranchPoints="11" visitedBranchPoints="0" sequenceCoverage="0" branchCoverage="0" maxCyclomaticComplexity="6" minCyclomaticComplexity="6" maxCrapScore="42" minCrapScore="42" visitedClasses="0" numClasses="0" visitedMethods="0" numMethods="1" />
              <MetadataToken>100664458</MetadataToken>
              <Name>System.String Xunit.JsonBuffer::ReadNumber(System.Int32)</Name>
              <FileRef uid="253" />
              <SequencePoints>
                <SequencePoint vc="0" uspid="7596" ordinal="0" offset="0" sl="195" sc="13" el="195" ec="29" bec="0" bev="0" fileid="253" />
                <SequencePoint vc="0" uspid="7597" ordinal="1" offset="12" sl="197" sc="13" el="197" ec="45" bec="0" bev="0" fileid="253" />
                <SequencePoint vc="0" uspid="7598" ordinal="2" offset="26" sl="201" sc="17" el="201" ec="43" bec="0" bev="0" fileid="253" />
                <SequencePoint vc="0" uspid="7599" ordinal="3" offset="38" sl="203" sc="17" el="206" ec="33" bec="6" bev="0" fileid="253" />
                <SequencePoint vc="0" uspid="7600" ordinal="4" offset="63" sl="208" sc="21" el="208" ec="58" bec="0" bev="0" fileid="253" />
                <SequencePoint vc="0" uspid="7601" ordinal="5" offset="82" sl="209" sc="17" el="209" ec="18" bec="0" bev="0" fileid="253" />
                <SequencePoint vc="0" uspid="7602" ordinal="6" offset="84" sl="216" sc="13" el="216" ec="39" bec="0" bev="0" fileid="253" />
              </SequencePoints>
              <BranchPoints>
                <BranchPoint vc="0" uspid="7603" ordinal="0" offset="41" sl="203" path="0" offsetend="43" fileid="253" />
                <BranchPoint vc="0" uspid="7604" ordinal="1" offset="41" sl="203" path="1" offsetend="48" fileid="253" />
                <BranchPoint vc="0" uspid="7605" ordinal="2" offset="46" sl="203" path="0" offsetend="48" fileid="253" />
                <BranchPoint vc="0" uspid="7606" ordinal="3" offset="46" sl="203" path="1" offsetend="63" fileid="253" />
                <BranchPoint vc="0" uspid="7607" ordinal="4" offset="51" sl="203" path="0" offsetend="53" fileid="253" />
                <BranchPoint vc="0" uspid="7608" ordinal="5" offset="51" sl="203" path="1" offsetend="63" fileid="253" />
                <BranchPoint vc="0" uspid="7609" ordinal="6" offset="56" sl="203" path="0" offsetend="58" fileid="253" />
                <BranchPoint vc="0" uspid="7610" ordinal="7" offset="56" sl="203" path="1" offsetend="63" fileid="253" />
                <BranchPoint vc="0" uspid="7611" ordinal="8" offset="61" sl="203" path="0" offsetend="63" fileid="253" />
                <BranchPoint vc="0" uspid="7612" ordinal="9" offset="61" sl="203" path="1" offsetend="84" fileid="253" />
              </BranchPoints>
              <MethodPoint xsi:type="SequencePoint" vc="0" uspid="7596" ordinal="0" offset="0" sl="195" sc="13" el="195" ec="29" bec="0" bev="0" fileid="253" />
            </Method>
            <Method visited="false" cyclomaticComplexity="9" nPathComplexity="256" sequenceCoverage="0" branchCoverage="0" crapScore="90" isConstructor="false" isStatic="false" isGetter="false" isSetter="false">
              <Summary numSequencePoints="11" visitedSequencePoints="0" numBranchPoints="17" visitedBranchPoints="0" sequenceCoverage="0" branchCoverage="0" maxCyclomaticComplexity="9" minCyclomaticComplexity="9" maxCrapScore="90" minCrapScore="90" visitedClasses="0" numClasses="0" visitedMethods="0" numMethods="1" />
              <MetadataToken>100664459</MetadataToken>
              <Name>System.Void Xunit.JsonBuffer::ReadLiteral(System.String)</Name>
              <FileRef uid="253" />
              <SequencePoints>
                <SequencePoint vc="0" uspid="7613" ordinal="0" offset="0" sl="221" sc="18" el="221" ec="27" bec="0" bev="0" fileid="253" />
                <SequencePoint vc="0" uspid="7614" ordinal="1" offset="4" sl="223" sc="17" el="223" ec="43" bec="0" bev="0" fileid="253" />
                <SequencePoint vc="0" uspid="7615" ordinal="2" offset="15" sl="224" sc="17" el="224" ec="40" bec="2" bev="0" fileid="253" />
                <SequencePoint vc="0" uspid="7616" ordinal="3" offset="24" sl="226" sc="21" el="228" ec="41" bec="0" bev="0" fileid="253" />
                <SequencePoint vc="0" uspid="7617" ordinal="4" offset="48" sl="232" sc="21" el="232" ec="36" bec="0" bev="0" fileid="253" />
                <SequencePoint vc="0" uspid="7618" ordinal="5" offset="55" sl="221" sc="49" el="221" ec="52" bec="0" bev="0" fileid="253" />
                <SequencePoint vc="0" uspid="7619" ordinal="6" offset="59" sl="221" sc="29" el="221" ec="47" bec="2" bev="0" fileid="253" />
                <SequencePoint vc="0" uspid="7620" ordinal="7" offset="68" sl="236" sc="13" el="236" ec="39" bec="0" bev="0" fileid="253" />
                <SequencePoint vc="0" uspid="7621" ordinal="8" offset="80" sl="237" sc="13" el="242" ec="37" bec="7" bev="0" fileid="253" />
                <SequencePoint vc="0" uspid="7622" ordinal="9" offset="112" sl="244" sc="17" el="246" ec="37" bec="0" bev="0" fileid="253" />
                <SequencePoint vc="0" uspid="7623" ordinal="10" offset="137" sl="248" sc="9" el="248" ec="10" bec="0" bev="0" fileid="253" />
              </SequencePoints>
              <BranchPoints>
                <BranchPoint vc="0" uspid="7624" ordinal="0" offset="22" sl="224" path="0" offsetend="24" fileid="253" />
                <BranchPoint vc="0" uspid="7625" ordinal="1" offset="22" sl="224" path="1" offsetend="48" fileid="253" />
                <BranchPoint vc="0" uspid="7626" ordinal="2" offset="66" sl="221" path="0" offsetend="68" fileid="253" />
                <BranchPoint vc="0" uspid="7627" ordinal="3" offset="66" sl="221" path="1" offsetend="4" fileid="253" />
                <BranchPoint vc="0" uspid="7628" ordinal="4" offset="83" sl="237" path="0" offsetend="85" fileid="253" />
                <BranchPoint vc="0" uspid="7629" ordinal="5" offset="83" sl="237" path="1" offsetend="137" fileid="253" />
                <BranchPoint vc="0" uspid="7630" ordinal="6" offset="88" sl="237" path="0" offsetend="90" fileid="253" />
                <BranchPoint vc="0" uspid="7631" ordinal="7" offset="88" sl="237" path="1" offsetend="137" fileid="253" />
                <BranchPoint vc="0" uspid="7632" ordinal="8" offset="93" sl="237" path="0" offsetend="95" fileid="253" />
                <BranchPoint vc="0" uspid="7633" ordinal="9" offset="93" sl="237" path="1" offsetend="137" fileid="253" />
                <BranchPoint vc="0" uspid="7634" ordinal="10" offset="98" sl="237" path="0" offsetend="100" fileid="253" />
                <BranchPoint vc="0" uspid="7635" ordinal="11" offset="98" sl="237" path="1" offsetend="137" fileid="253" />
                <BranchPoint vc="0" uspid="7636" ordinal="12" offset="102" sl="237" path="0" offsetend="104" fileid="253" />
                <BranchPoint vc="0" uspid="7637" ordinal="13" offset="102" sl="237" path="1" offsetend="137" fileid="253" />
                <BranchPoint vc="0" uspid="7638" ordinal="14" offset="110" sl="237" path="0" offsetend="112" fileid="253" />
                <BranchPoint vc="0" uspid="7639" ordinal="15" offset="110" sl="237" path="1" offsetend="137" fileid="253" />
              </BranchPoints>
              <MethodPoint xsi:type="SequencePoint" vc="0" uspid="7613" ordinal="0" offset="0" sl="221" sc="18" el="221" ec="27" bec="0" bev="0" fileid="253" />
            </Method>
            <Method visited="false" cyclomaticComplexity="17" nPathComplexity="65536" sequenceCoverage="0" branchCoverage="0" crapScore="306" isConstructor="false" isStatic="false" isGetter="false" isSetter="false">
              <Summary numSequencePoints="50" visitedSequencePoints="0" numBranchPoints="33" visitedBranchPoints="0" sequenceCoverage="0" branchCoverage="0" maxCyclomaticComplexity="17" minCyclomaticComplexity="17" maxCrapScore="306" minCrapScore="306" visitedClasses="0" numClasses="0" visitedMethods="0" numMethods="1" />
              <MetadataToken>100664460</MetadataToken>
              <Name>System.String Xunit.JsonBuffer::ReadString()</Name>
              <FileRef uid="253" />
              <SequencePoints>
                <SequencePoint vc="0" uspid="7640" ordinal="0" offset="0" sl="255" sc="13" el="255" ec="29" bec="0" bev="0" fileid="253" />
                <SequencePoint vc="0" uspid="7641" ordinal="1" offset="12" sl="257" sc="13" el="257" ec="33" bec="0" bev="0" fileid="253" />
                <SequencePoint vc="0" uspid="7642" ordinal="2" offset="14" sl="261" sc="17" el="261" ec="43" bec="0" bev="0" fileid="253" />
                <SequencePoint vc="0" uspid="7643" ordinal="3" offset="21" sl="263" sc="17" el="263" ec="48" bec="3" bev="0" fileid="253" />
                <SequencePoint vc="0" uspid="7644" ordinal="4" offset="30" sl="265" sc="21" el="267" ec="41" bec="0" bev="0" fileid="253" />
                <SequencePoint vc="0" uspid="7645" ordinal="5" offset="53" sl="269" sc="22" el="269" ec="34" bec="2" bev="0" fileid="253" />
                <SequencePoint vc="0" uspid="7646" ordinal="6" offset="59" sl="271" sc="21" el="271" ec="74" bec="4" bev="0" fileid="253" />
                <SequencePoint vc="0" uspid="7647" ordinal="7" offset="74" sl="273" sc="25" el="273" ec="52" bec="0" bev="0" fileid="253" />
                <SequencePoint vc="0" uspid="7648" ordinal="8" offset="88" sl="274" sc="21" el="274" ec="22" bec="0" bev="0" fileid="253" />
                <SequencePoint vc="0" uspid="7649" ordinal="9" offset="93" sl="275" sc="26" el="275" ec="42" bec="2" bev="0" fileid="253" />
                <SequencePoint vc="0" uspid="7650" ordinal="10" offset="98" sl="278" sc="25" el="278" ec="46" bec="0" bev="0" fileid="253" />
                <SequencePoint vc="0" uspid="7651" ordinal="11" offset="111" sl="279" sc="21" el="279" ec="22" bec="0" bev="0" fileid="253" />
                <SequencePoint vc="0" uspid="7652" ordinal="12" offset="116" sl="280" sc="26" el="280" ec="42" bec="2" bev="0" fileid="253" />
                <SequencePoint vc="0" uspid="7653" ordinal="13" offset="121" sl="283" sc="25" el="283" ec="46" bec="0" bev="0" fileid="253" />
                <SequencePoint vc="0" uspid="7654" ordinal="14" offset="135" sl="284" sc="21" el="284" ec="22" bec="0" bev="0" fileid="253" />
                <SequencePoint vc="0" uspid="7655" ordinal="15" offset="140" sl="285" sc="26" el="285" ec="42" bec="2" bev="0" fileid="253" />
                <SequencePoint vc="0" uspid="7656" ordinal="16" offset="145" sl="288" sc="25" el="288" ec="46" bec="0" bev="0" fileid="253" />
                <SequencePoint vc="0" uspid="7657" ordinal="17" offset="159" sl="289" sc="21" el="289" ec="22" bec="0" bev="0" fileid="253" />
                <SequencePoint vc="0" uspid="7658" ordinal="18" offset="164" sl="290" sc="26" el="290" ec="42" bec="2" bev="0" fileid="253" />
                <SequencePoint vc="0" uspid="7659" ordinal="19" offset="169" sl="293" sc="25" el="293" ec="46" bec="0" bev="0" fileid="253" />
                <SequencePoint vc="0" uspid="7660" ordinal="20" offset="183" sl="294" sc="21" el="294" ec="22" bec="0" bev="0" fileid="253" />
                <SequencePoint vc="0" uspid="7661" ordinal="21" offset="188" sl="295" sc="26" el="295" ec="42" bec="2" bev="0" fileid="253" />
                <SequencePoint vc="0" uspid="7662" ordinal="22" offset="193" sl="298" sc="25" el="298" ec="46" bec="0" bev="0" fileid="253" />
                <SequencePoint vc="0" uspid="7663" ordinal="23" offset="207" sl="299" sc="21" el="299" ec="22" bec="0" bev="0" fileid="253" />
                <SequencePoint vc="0" uspid="7664" ordinal="24" offset="212" sl="300" sc="26" el="300" ec="42" bec="2" bev="0" fileid="253" />
                <SequencePoint vc="0" uspid="7665" ordinal="25" offset="220" sl="303" sc="25" el="303" ec="49" bec="0" bev="0" fileid="253" />
                <SequencePoint vc="0" uspid="7666" ordinal="26" offset="227" sl="304" sc="25" el="304" ec="53" bec="0" bev="0" fileid="253" />
                <SequencePoint vc="0" uspid="7667" ordinal="27" offset="234" sl="309" sc="25" el="309" ec="50" bec="0" bev="0" fileid="253" />
                <SequencePoint vc="0" uspid="7668" ordinal="28" offset="246" sl="311" sc="30" el="311" ec="39" bec="0" bev="0" fileid="253" />
                <SequencePoint vc="0" uspid="7669" ordinal="29" offset="251" sl="313" sc="29" el="313" ec="51" bec="0" bev="0" fileid="253" />
                <SequencePoint vc="0" uspid="7670" ordinal="30" offset="258" sl="314" sc="29" el="314" ec="44" bec="2" bev="0" fileid="253" />
                <SequencePoint vc="0" uspid="7671" ordinal="31" offset="262" sl="316" sc="33" el="319" ec="52" bec="0" bev="0" fileid="253" />
                <SequencePoint vc="0" uspid="7672" ordinal="32" offset="275" sl="323" sc="33" el="323" ec="66" bec="0" bev="0" fileid="253" />
                <SequencePoint vc="0" uspid="7673" ordinal="33" offset="290" sl="311" sc="48" el="311" ec="51" bec="0" bev="0" fileid="253" />
                <SequencePoint vc="0" uspid="7674" ordinal="34" offset="296" sl="311" sc="41" el="311" ec="46" bec="2" bev="0" fileid="253" />
                <SequencePoint vc="0" uspid="7675" ordinal="35" offset="302" sl="329" sc="29" el="329" ec="141" bec="0" bev="0" fileid="253" />
                <SequencePoint vc="0" uspid="7676" ordinal="36" offset="330" sl="330" sc="29" el="330" ec="64" bec="0" bev="0" fileid="253" />
                <SequencePoint vc="0" uspid="7677" ordinal="37" offset="345" sl="331" sc="25" el="331" ec="26" bec="0" bev="0" fileid="253" />
                <SequencePoint vc="0" uspid="7678" ordinal="38" offset="347" sl="332" sc="25" el="332" ec="51" bec="0" bev="0" fileid="253" />
                <SequencePoint vc="0" uspid="7679" ordinal="39" offset="349" sl="334" sc="29" el="338" ec="48" bec="0" bev="0" fileid="253" />
                <SequencePoint vc="0" uspid="7680" ordinal="40" offset="375" sl="343" sc="25" el="346" ec="38" bec="0" bev="0" fileid="253" />
                <SequencePoint vc="0" uspid="7681" ordinal="41" offset="419" sl="349" sc="21" el="349" ec="37" bec="0" bev="0" fileid="253" />
                <SequencePoint vc="0" uspid="7682" ordinal="42" offset="421" sl="350" sc="17" el="350" ec="18" bec="0" bev="0" fileid="253" />
                <SequencePoint vc="0" uspid="7683" ordinal="43" offset="426" sl="351" sc="22" el="351" ec="39" bec="2" bev="0" fileid="253" />
                <SequencePoint vc="0" uspid="7684" ordinal="44" offset="431" sl="353" sc="21" el="353" ec="36" bec="0" bev="0" fileid="253" />
                <SequencePoint vc="0" uspid="7685" ordinal="45" offset="433" sl="354" sc="17" el="354" ec="18" bec="0" bev="0" fileid="253" />
                <SequencePoint vc="0" uspid="7686" ordinal="46" offset="438" sl="355" sc="22" el="355" ec="38" bec="2" bev="0" fileid="253" />
                <SequencePoint vc="0" uspid="7687" ordinal="47" offset="443" sl="361" sc="21" el="361" ec="48" bec="0" bev="0" fileid="253" />
                <SequencePoint vc="0" uspid="7688" ordinal="48" offset="457" sl="259" sc="13" el="259" ec="25" bec="0" bev="0" fileid="253" />
                <SequencePoint vc="0" uspid="7689" ordinal="49" offset="462" sl="365" sc="13" el="365" ec="39" bec="0" bev="0" fileid="253" />
              </SequencePoints>
              <BranchPoints>
                <BranchPoint vc="0" uspid="7690" ordinal="0" offset="23" sl="263" path="0" offsetend="25" fileid="253" />
                <BranchPoint vc="0" uspid="7691" ordinal="1" offset="23" sl="263" path="1" offsetend="30" fileid="253" />
                <BranchPoint vc="0" uspid="7692" ordinal="2" offset="28" sl="263" path="0" offsetend="30" fileid="253" />
                <BranchPoint vc="0" uspid="7693" ordinal="3" offset="28" sl="263" path="1" offsetend="53" fileid="253" />
                <BranchPoint vc="0" uspid="7694" ordinal="4" offset="54" sl="269" path="0" offsetend="59" fileid="253" />
                <BranchPoint vc="0" uspid="7695" ordinal="5" offset="54" sl="269" path="1" offsetend="426" fileid="253" />
                <BranchPoint vc="0" uspid="7696" ordinal="6" offset="62" sl="271" path="0" offsetend="64" fileid="253" />
                <BranchPoint vc="0" uspid="7697" ordinal="7" offset="62" sl="271" path="1" offsetend="74" fileid="253" />
                <BranchPoint vc="0" uspid="7698" ordinal="8" offset="67" sl="271" path="0" offsetend="69" fileid="253" />
                <BranchPoint vc="0" uspid="7699" ordinal="9" offset="67" sl="271" path="1" offsetend="74" fileid="253" />
                <BranchPoint vc="0" uspid="7700" ordinal="10" offset="72" sl="271" path="0" offsetend="74" fileid="253" />
                <BranchPoint vc="0" uspid="7701" ordinal="11" offset="72" sl="271" path="1" offsetend="93" fileid="253" />
                <BranchPoint vc="0" uspid="7702" ordinal="12" offset="96" sl="275" path="0" offsetend="98" fileid="253" />
                <BranchPoint vc="0" uspid="7703" ordinal="13" offset="96" sl="275" path="1" offsetend="116" fileid="253" />
                <BranchPoint vc="0" uspid="7704" ordinal="14" offset="119" sl="280" path="0" offsetend="121" fileid="253" />
                <BranchPoint vc="0" uspid="7705" ordinal="15" offset="119" sl="280" path="1" offsetend="140" fileid="253" />
                <BranchPoint vc="0" uspid="7706" ordinal="16" offset="143" sl="285" path="0" offsetend="145" fileid="253" />
                <BranchPoint vc="0" uspid="7707" ordinal="17" offset="143" sl="285" path="1" offsetend="164" fileid="253" />
                <BranchPoint vc="0" uspid="7708" ordinal="18" offset="167" sl="290" path="0" offsetend="169" fileid="253" />
                <BranchPoint vc="0" uspid="7709" ordinal="19" offset="167" sl="290" path="1" offsetend="188" fileid="253" />
                <BranchPoint vc="0" uspid="7710" ordinal="20" offset="191" sl="295" path="0" offsetend="193" fileid="253" />
                <BranchPoint vc="0" uspid="7711" ordinal="21" offset="191" sl="295" path="1" offsetend="212" fileid="253" />
                <BranchPoint vc="0" uspid="7712" ordinal="22" offset="215" sl="300" path="0" offsetend="220" fileid="253" />
                <BranchPoint vc="0" uspid="7713" ordinal="23" offset="215" sl="300" path="1" offsetend="375" fileid="253" />
                <BranchPoint vc="0" uspid="7714" ordinal="24" offset="260" sl="314" path="0" offsetend="262" fileid="253" />
                <BranchPoint vc="0" uspid="7715" ordinal="25" offset="260" sl="314" path="1" offsetend="275" fileid="253" />
                <BranchPoint vc="0" uspid="7716" ordinal="26" offset="299" sl="311" path="0" offsetend="301" fileid="253" />
                <BranchPoint vc="0" uspid="7717" ordinal="27" offset="299" sl="311" path="1" offsetend="251" fileid="253" />
                <BranchPoint vc="0" uspid="7718" ordinal="28" offset="429" sl="351" path="0" offsetend="431" fileid="253" />
                <BranchPoint vc="0" uspid="7719" ordinal="29" offset="429" sl="351" path="1" offsetend="438" fileid="253" />
                <BranchPoint vc="0" uspid="7720" ordinal="30" offset="441" sl="355" path="0" offsetend="443" fileid="253" />
                <BranchPoint vc="0" uspid="7721" ordinal="31" offset="441" sl="355" path="1" offsetend="462" fileid="253" />
              </BranchPoints>
              <MethodPoint xsi:type="SequencePoint" vc="0" uspid="7640" ordinal="0" offset="0" sl="255" sc="13" el="255" ec="29" bec="0" bev="0" fileid="253" />
            </Method>
            <Method visited="false" cyclomaticComplexity="3" nPathComplexity="4" sequenceCoverage="0" branchCoverage="0" crapScore="12" isConstructor="false" isStatic="true" isGetter="false" isSetter="false">
              <Summary numSequencePoints="1" visitedSequencePoints="0" numBranchPoints="5" visitedBranchPoints="0" sequenceCoverage="0" branchCoverage="0" maxCyclomaticComplexity="3" minCyclomaticComplexity="3" maxCrapScore="12" minCrapScore="12" visitedClasses="0" numClasses="0" visitedMethods="0" numMethods="1" />
              <MetadataToken>100664461</MetadataToken>
              <Name>System.Boolean Xunit.JsonBuffer::IsWhitespace(System.Int32)</Name>
              <FileRef uid="253" />
              <SequencePoints>
                <SequencePoint vc="0" uspid="7722" ordinal="0" offset="0" sl="370" sc="13" el="370" ec="67" bec="3" bev="0" fileid="253" />
              </SequencePoints>
              <BranchPoints>
                <BranchPoint vc="0" uspid="7723" ordinal="0" offset="3" sl="370" path="0" offsetend="5" fileid="253" />
                <BranchPoint vc="0" uspid="7724" ordinal="1" offset="3" sl="370" path="1" offsetend="16" fileid="253" />
                <BranchPoint vc="0" uspid="7725" ordinal="2" offset="8" sl="370" path="0" offsetend="10" fileid="253" />
                <BranchPoint vc="0" uspid="7726" ordinal="3" offset="8" sl="370" path="1" offsetend="16" fileid="253" />
              </BranchPoints>
              <MethodPoint xsi:type="SequencePoint" vc="0" uspid="7722" ordinal="0" offset="0" sl="370" sc="13" el="370" ec="67" bec="3" bev="0" fileid="253" />
            </Method>
          </Methods>
        </Class>
        <Class>
          <Summary numSequencePoints="55" visitedSequencePoints="0" numBranchPoints="48" visitedBranchPoints="0" sequenceCoverage="0" branchCoverage="0" maxCyclomaticComplexity="9" minCyclomaticComplexity="3" maxCrapScore="90" minCrapScore="12" visitedClasses="0" numClasses="1" visitedMethods="0" numMethods="4" />
          <FullName>Xunit.JsonDeserializer</FullName>
          <Methods>
            <Method visited="false" cyclomaticComplexity="3" nPathComplexity="4" sequenceCoverage="0" branchCoverage="0" crapScore="12" isConstructor="false" isStatic="true" isGetter="false" isSetter="false">
              <Summary numSequencePoints="8" visitedSequencePoints="0" numBranchPoints="5" visitedBranchPoints="0" sequenceCoverage="0" branchCoverage="0" maxCyclomaticComplexity="3" minCyclomaticComplexity="3" maxCrapScore="12" minCrapScore="12" visitedClasses="0" numClasses="0" visitedMethods="0" numMethods="1" />
              <MetadataToken>100664462</MetadataToken>
              <Name>Xunit.JsonValue Xunit.JsonDeserializer::Deserialize(System.IO.TextReader)</Name>
              <FileRef uid="253" />
              <SequencePoints>
                <SequencePoint vc="0" uspid="7727" ordinal="0" offset="0" sl="378" sc="13" el="378" ec="32" bec="2" bev="0" fileid="253" />
                <SequencePoint vc="0" uspid="7728" ordinal="1" offset="3" sl="380" sc="17" el="380" ec="65" bec="0" bev="0" fileid="253" />
                <SequencePoint vc="0" uspid="7729" ordinal="2" offset="14" sl="383" sc="13" el="383" ec="49" bec="0" bev="0" fileid="253" />
                <SequencePoint vc="0" uspid="7730" ordinal="3" offset="21" sl="385" sc="13" el="385" ec="69" bec="0" bev="0" fileid="253" />
                <SequencePoint vc="0" uspid="7731" ordinal="4" offset="33" sl="388" sc="13" el="388" ec="43" bec="0" bev="0" fileid="253" />
                <SequencePoint vc="0" uspid="7732" ordinal="5" offset="40" sl="389" sc="13" el="389" ec="53" bec="2" bev="0" fileid="253" />
                <SequencePoint vc="0" uspid="7733" ordinal="6" offset="50" sl="391" sc="17" el="393" ec="32" bec="0" bev="0" fileid="253" />
                <SequencePoint vc="0" uspid="7734" ordinal="7" offset="68" sl="396" sc="13" el="396" ec="27" bec="0" bev="0" fileid="253" />
              </SequencePoints>
              <BranchPoints>
                <BranchPoint vc="0" uspid="7735" ordinal="0" offset="1" sl="378" path="0" offsetend="3" fileid="253" />
                <BranchPoint vc="0" uspid="7736" ordinal="1" offset="1" sl="378" path="1" offsetend="14" fileid="253" />
                <BranchPoint vc="0" uspid="7737" ordinal="2" offset="48" sl="389" path="0" offsetend="50" fileid="253" />
                <BranchPoint vc="0" uspid="7738" ordinal="3" offset="48" sl="389" path="1" offsetend="68" fileid="253" />
              </BranchPoints>
              <MethodPoint xsi:type="SequencePoint" vc="0" uspid="7727" ordinal="0" offset="0" sl="378" sc="13" el="378" ec="32" bec="2" bev="0" fileid="253" />
            </Method>
            <Method visited="false" cyclomaticComplexity="9" nPathComplexity="256" sequenceCoverage="0" branchCoverage="0" crapScore="90" isConstructor="false" isStatic="true" isGetter="false" isSetter="false">
              <Summary numSequencePoints="15" visitedSequencePoints="0" numBranchPoints="17" visitedBranchPoints="0" sequenceCoverage="0" branchCoverage="0" maxCyclomaticComplexity="9" minCyclomaticComplexity="9" maxCrapScore="90" minCrapScore="90" visitedClasses="0" numClasses="0" visitedMethods="0" numMethods="1" />
              <MetadataToken>100664463</MetadataToken>
              <Name>Xunit.JsonValue Xunit.JsonDeserializer::DeserializeInternal(Xunit.JsonToken,Xunit.JsonBuffer)</Name>
              <FileRef uid="253" />
              <SequencePoints>
                <SequencePoint vc="0" uspid="7739" ordinal="0" offset="0" sl="401" sc="13" el="401" ec="48" bec="2" bev="0" fileid="253" />
                <SequencePoint vc="0" uspid="7740" ordinal="1" offset="10" sl="403" sc="17" el="403" ec="29" bec="0" bev="0" fileid="253" />
                <SequencePoint vc="0" uspid="7741" ordinal="2" offset="12" sl="406" sc="13" el="406" ec="62" bec="2" bev="0" fileid="253" />
                <SequencePoint vc="0" uspid="7742" ordinal="3" offset="21" sl="408" sc="17" el="408" ec="55" bec="0" bev="0" fileid="253" />
                <SequencePoint vc="0" uspid="7743" ordinal="4" offset="29" sl="411" sc="13" el="411" ec="61" bec="2" bev="0" fileid="253" />
                <SequencePoint vc="0" uspid="7744" ordinal="5" offset="37" sl="413" sc="17" el="413" ec="56" bec="0" bev="0" fileid="253" />
                <SequencePoint vc="0" uspid="7745" ordinal="6" offset="45" sl="416" sc="13" el="416" ec="51" bec="2" bev="0" fileid="253" />
                <SequencePoint vc="0" uspid="7746" ordinal="7" offset="55" sl="418" sc="17" el="418" ec="75" bec="0" bev="0" fileid="253" />
                <SequencePoint vc="0" uspid="7747" ordinal="8" offset="79" sl="421" sc="13" el="421" ec="85" bec="3" bev="0" fileid="253" />
                <SequencePoint vc="0" uspid="7748" ordinal="9" offset="97" sl="423" sc="17" el="423" ec="46" bec="0" bev="0" fileid="253" />
                <SequencePoint vc="0" uspid="7749" ordinal="10" offset="104" sl="426" sc="13" el="426" ec="49" bec="2" bev="0" fileid="253" />
                <SequencePoint vc="0" uspid="7750" ordinal="11" offset="113" sl="428" sc="17" el="428" ec="61" bec="0" bev="0" fileid="253" />
                <SequencePoint vc="0" uspid="7751" ordinal="12" offset="131" sl="431" sc="13" el="431" ec="51" bec="2" bev="0" fileid="253" />
                <SequencePoint vc="0" uspid="7752" ordinal="13" offset="141" sl="433" sc="17" el="433" ec="45" bec="0" bev="0" fileid="253" />
                <SequencePoint vc="0" uspid="7753" ordinal="14" offset="148" sl="436" sc="13" el="438" ec="23" bec="0" bev="0" fileid="253" />
              </SequencePoints>
              <BranchPoints>
                <BranchPoint vc="0" uspid="7754" ordinal="0" offset="8" sl="401" path="0" offsetend="10" fileid="253" />
                <BranchPoint vc="0" uspid="7755" ordinal="1" offset="8" sl="401" path="1" offsetend="12" fileid="253" />
                <BranchPoint vc="0" uspid="7756" ordinal="2" offset="19" sl="406" path="0" offsetend="21" fileid="253" />
                <BranchPoint vc="0" uspid="7757" ordinal="3" offset="19" sl="406" path="1" offsetend="29" fileid="253" />
                <BranchPoint vc="0" uspid="7758" ordinal="4" offset="35" sl="411" path="0" offsetend="37" fileid="253" />
                <BranchPoint vc="0" uspid="7759" ordinal="5" offset="35" sl="411" path="1" offsetend="45" fileid="253" />
                <BranchPoint vc="0" uspid="7760" ordinal="6" offset="53" sl="416" path="0" offsetend="55" fileid="253" />
                <BranchPoint vc="0" uspid="7761" ordinal="7" offset="53" sl="416" path="1" offsetend="79" fileid="253" />
                <BranchPoint vc="0" uspid="7762" ordinal="8" offset="86" sl="421" path="0" offsetend="88" fileid="253" />
                <BranchPoint vc="0" uspid="7763" ordinal="9" offset="86" sl="421" path="1" offsetend="97" fileid="253" />
                <BranchPoint vc="0" uspid="7764" ordinal="10" offset="95" sl="421" path="0" offsetend="97" fileid="253" />
                <BranchPoint vc="0" uspid="7765" ordinal="11" offset="95" sl="421" path="1" offsetend="104" fileid="253" />
                <BranchPoint vc="0" uspid="7766" ordinal="12" offset="111" sl="426" path="0" offsetend="113" fileid="253" />
                <BranchPoint vc="0" uspid="7767" ordinal="13" offset="111" sl="426" path="1" offsetend="131" fileid="253" />
                <BranchPoint vc="0" uspid="7768" ordinal="14" offset="139" sl="431" path="0" offsetend="141" fileid="253" />
                <BranchPoint vc="0" uspid="7769" ordinal="15" offset="139" sl="431" path="1" offsetend="148" fileid="253" />
              </BranchPoints>
              <MethodPoint xsi:type="SequencePoint" vc="0" uspid="7739" ordinal="0" offset="0" sl="401" sc="13" el="401" ec="48" bec="2" bev="0" fileid="253" />
            </Method>
            <Method visited="false" cyclomaticComplexity="5" nPathComplexity="16" sequenceCoverage="0" branchCoverage="0" crapScore="30" isConstructor="false" isStatic="true" isGetter="false" isSetter="false">
              <Summary numSequencePoints="11" visitedSequencePoints="0" numBranchPoints="9" visitedBranchPoints="0" sequenceCoverage="0" branchCoverage="0" maxCyclomaticComplexity="5" minCyclomaticComplexity="5" maxCrapScore="30" minCrapScore="30" visitedClasses="0" numClasses="0" visitedMethods="0" numMethods="1" />
              <MetadataToken>100664464</MetadataToken>
              <Name>Xunit.JsonArray Xunit.JsonDeserializer::DeserializeArray(Xunit.JsonToken,Xunit.JsonBuffer)</Name>
              <FileRef uid="253" />
              <SequencePoints>
                <SequencePoint vc="0" uspid="7770" ordinal="0" offset="0" sl="443" sc="13" el="443" ec="46" bec="0" bev="0" fileid="253" />
                <SequencePoint vc="0" uspid="7771" ordinal="1" offset="6" sl="446" sc="17" el="446" ec="42" bec="0" bev="0" fileid="253" />
                <SequencePoint vc="0" uspid="7772" ordinal="2" offset="13" sl="447" sc="17" el="447" ec="67" bec="2" bev="0" fileid="253" />
                <SequencePoint vc="0" uspid="7773" ordinal="3" offset="22" sl="452" sc="17" el="452" ec="61" bec="0" bev="0" fileid="253" />
                <SequencePoint vc="0" uspid="7774" ordinal="4" offset="35" sl="454" sc="17" el="454" ec="38" bec="0" bev="0" fileid="253" />
                <SequencePoint vc="0" uspid="7775" ordinal="5" offset="42" sl="455" sc="17" el="455" ec="52" bec="2" bev="0" fileid="253" />
                <SequencePoint vc="0" uspid="7776" ordinal="6" offset="52" sl="457" sc="21" el="459" ec="31" bec="0" bev="0" fileid="253" />
                <SequencePoint vc="0" uspid="7777" ordinal="7" offset="73" sl="461" sc="22" el="461" ec="72" bec="2" bev="0" fileid="253" />
                <SequencePoint vc="0" uspid="7778" ordinal="8" offset="82" sl="465" sc="22" el="465" ec="59" bec="2" bev="0" fileid="253" />
                <SequencePoint vc="0" uspid="7779" ordinal="9" offset="91" sl="467" sc="21" el="469" ec="31" bec="0" bev="0" fileid="253" />
                <SequencePoint vc="0" uspid="7780" ordinal="10" offset="110" sl="473" sc="13" el="473" ec="74" bec="0" bev="0" fileid="253" />
              </SequencePoints>
              <BranchPoints>
                <BranchPoint vc="0" uspid="7781" ordinal="0" offset="20" sl="447" path="0" offsetend="22" fileid="253" />
                <BranchPoint vc="0" uspid="7782" ordinal="1" offset="20" sl="447" path="1" offsetend="110" fileid="253" />
                <BranchPoint vc="0" uspid="7783" ordinal="2" offset="50" sl="455" path="0" offsetend="52" fileid="253" />
                <BranchPoint vc="0" uspid="7784" ordinal="3" offset="50" sl="455" path="1" offsetend="73" fileid="253" />
                <BranchPoint vc="0" uspid="7785" ordinal="4" offset="80" sl="461" path="0" offsetend="82" fileid="253" />
                <BranchPoint vc="0" uspid="7786" ordinal="5" offset="80" sl="461" path="1" offsetend="110" fileid="253" />
                <BranchPoint vc="0" uspid="7787" ordinal="6" offset="89" sl="465" path="0" offsetend="91" fileid="253" />
                <BranchPoint vc="0" uspid="7788" ordinal="7" offset="89" sl="465" path="1" offsetend="6" fileid="253" />
              </BranchPoints>
              <MethodPoint xsi:type="SequencePoint" vc="0" uspid="7770" ordinal="0" offset="0" sl="443" sc="13" el="443" ec="46" bec="0" bev="0" fileid="253" />
            </Method>
            <Method visited="false" cyclomaticComplexity="9" nPathComplexity="256" sequenceCoverage="0" branchCoverage="0" crapScore="90" isConstructor="false" isStatic="true" isGetter="false" isSetter="false">
              <Summary numSequencePoints="21" visitedSequencePoints="0" numBranchPoints="17" visitedBranchPoints="0" sequenceCoverage="0" branchCoverage="0" maxCyclomaticComplexity="9" minCyclomaticComplexity="9" maxCrapScore="90" minCrapScore="90" visitedClasses="0" numClasses="0" visitedMethods="0" numMethods="1" />
              <MetadataToken>100664465</MetadataToken>
              <Name>Xunit.JsonObject Xunit.JsonDeserializer::DeserializeObject(Xunit.JsonToken,Xunit.JsonBuffer)</Name>
              <FileRef uid="253" />
              <SequencePoints>
                <SequencePoint vc="0" uspid="7789" ordinal="0" offset="0" sl="478" sc="13" el="478" ec="66" bec="0" bev="0" fileid="253" />
                <SequencePoint vc="0" uspid="7790" ordinal="1" offset="6" sl="483" sc="17" el="483" ec="42" bec="0" bev="0" fileid="253" />
                <SequencePoint vc="0" uspid="7791" ordinal="2" offset="13" sl="484" sc="17" el="484" ec="52" bec="2" bev="0" fileid="253" />
                <SequencePoint vc="0" uspid="7792" ordinal="3" offset="23" sl="486" sc="21" el="488" ec="31" bec="0" bev="0" fileid="253" />
                <SequencePoint vc="0" uspid="7793" ordinal="4" offset="42" sl="491" sc="17" el="491" ec="54" bec="2" bev="0" fileid="253" />
                <SequencePoint vc="0" uspid="7794" ordinal="5" offset="51" sl="493" sc="21" el="495" ec="31" bec="0" bev="0" fileid="253" />
                <SequencePoint vc="0" uspid="7795" ordinal="6" offset="70" sl="497" sc="22" el="497" ec="71" bec="2" bev="0" fileid="253" />
                <SequencePoint vc="0" uspid="7796" ordinal="7" offset="82" sl="503" sc="21" el="503" ec="59" bec="2" bev="0" fileid="253" />
                <SequencePoint vc="0" uspid="7797" ordinal="8" offset="92" sl="505" sc="25" el="507" ec="35" bec="0" bev="0" fileid="253" />
                <SequencePoint vc="0" uspid="7798" ordinal="9" offset="114" sl="510" sc="21" el="510" ec="49" bec="0" bev="0" fileid="253" />
                <SequencePoint vc="0" uspid="7799" ordinal="10" offset="121" sl="511" sc="21" el="511" ec="60" bec="2" bev="0" fileid="253" />
                <SequencePoint vc="0" uspid="7800" ordinal="11" offset="130" sl="513" sc="25" el="515" ec="35" bec="0" bev="0" fileid="253" />
                <SequencePoint vc="0" uspid="7801" ordinal="12" offset="143" sl="518" sc="21" el="518" ec="42" bec="0" bev="0" fileid="253" />
                <SequencePoint vc="0" uspid="7802" ordinal="13" offset="150" sl="519" sc="21" el="519" ec="58" bec="2" bev="0" fileid="253" />
                <SequencePoint vc="0" uspid="7803" ordinal="14" offset="159" sl="521" sc="25" el="523" ec="35" bec="0" bev="0" fileid="253" />
                <SequencePoint vc="0" uspid="7804" ordinal="15" offset="178" sl="526" sc="21" el="526" ec="89" bec="0" bev="0" fileid="253" />
                <SequencePoint vc="0" uspid="7805" ordinal="16" offset="197" sl="528" sc="21" el="528" ec="42" bec="0" bev="0" fileid="253" />
                <SequencePoint vc="0" uspid="7806" ordinal="17" offset="204" sl="529" sc="21" el="529" ec="70" bec="2" bev="0" fileid="253" />
                <SequencePoint vc="0" uspid="7807" ordinal="18" offset="213" sl="533" sc="26" el="533" ec="63" bec="2" bev="0" fileid="253" />
                <SequencePoint vc="0" uspid="7808" ordinal="19" offset="225" sl="535" sc="25" el="537" ec="35" bec="0" bev="0" fileid="253" />
                <SequencePoint vc="0" uspid="7809" ordinal="20" offset="246" sl="542" sc="13" el="542" ec="71" bec="0" bev="0" fileid="253" />
              </SequencePoints>
              <BranchPoints>
                <BranchPoint vc="0" uspid="7810" ordinal="0" offset="21" sl="484" path="0" offsetend="23" fileid="253" />
                <BranchPoint vc="0" uspid="7811" ordinal="1" offset="21" sl="484" path="1" offsetend="42" fileid="253" />
                <BranchPoint vc="0" uspid="7812" ordinal="2" offset="49" sl="491" path="0" offsetend="51" fileid="253" />
                <BranchPoint vc="0" uspid="7813" ordinal="3" offset="49" sl="491" path="1" offsetend="70" fileid="253" />
                <BranchPoint vc="0" uspid="7814" ordinal="4" offset="77" sl="497" path="0" offsetend="82" fileid="253" />
                <BranchPoint vc="0" uspid="7815" ordinal="5" offset="77" sl="497" path="1" offsetend="246" fileid="253" />
                <BranchPoint vc="0" uspid="7816" ordinal="6" offset="90" sl="503" path="0" offsetend="92" fileid="253" />
                <BranchPoint vc="0" uspid="7817" ordinal="7" offset="90" sl="503" path="1" offsetend="114" fileid="253" />
                <BranchPoint vc="0" uspid="7818" ordinal="8" offset="128" sl="511" path="0" offsetend="130" fileid="253" />
                <BranchPoint vc="0" uspid="7819" ordinal="9" offset="128" sl="511" path="1" offsetend="143" fileid="253" />
                <BranchPoint vc="0" uspid="7820" ordinal="10" offset="157" sl="519" path="0" offsetend="159" fileid="253" />
                <BranchPoint vc="0" uspid="7821" ordinal="11" offset="157" sl="519" path="1" offsetend="178" fileid="253" />
                <BranchPoint vc="0" uspid="7822" ordinal="12" offset="211" sl="529" path="0" offsetend="213" fileid="253" />
                <BranchPoint vc="0" uspid="7823" ordinal="13" offset="211" sl="529" path="1" offsetend="246" fileid="253" />
                <BranchPoint vc="0" uspid="7824" ordinal="14" offset="220" sl="533" path="0" offsetend="225" fileid="253" />
                <BranchPoint vc="0" uspid="7825" ordinal="15" offset="220" sl="533" path="1" offsetend="6" fileid="253" />
              </BranchPoints>
              <MethodPoint xsi:type="SequencePoint" vc="0" uspid="7789" ordinal="0" offset="0" sl="478" sc="13" el="478" ec="66" bec="0" bev="0" fileid="253" />
            </Method>
          </Methods>
        </Class>
        <Class>
          <Summary numSequencePoints="14" visitedSequencePoints="0" numBranchPoints="5" visitedBranchPoints="0" sequenceCoverage="0" branchCoverage="0" maxCyclomaticComplexity="1" minCyclomaticComplexity="1" maxCrapScore="2" minCrapScore="2" visitedClasses="0" numClasses="1" visitedMethods="0" numMethods="5" />
          <FullName>Xunit.JsonDeserializerException</FullName>
          <Methods>
            <Method visited="false" cyclomaticComplexity="1" nPathComplexity="0" sequenceCoverage="0" branchCoverage="0" crapScore="2" isConstructor="false" isStatic="false" isGetter="true" isSetter="false">
              <Summary numSequencePoints="1" visitedSequencePoints="0" numBranchPoints="1" visitedBranchPoints="0" sequenceCoverage="0" branchCoverage="0" maxCyclomaticComplexity="1" minCyclomaticComplexity="1" maxCrapScore="2" minCrapScore="2" visitedClasses="0" numClasses="0" visitedMethods="0" numMethods="1" />
              <MetadataToken>100664469</MetadataToken>
              <Name>System.Int32 Xunit.JsonDeserializerException::get_Line()</Name>
              <FileRef uid="253" />
              <SequencePoints>
                <SequencePoint vc="0" uspid="7826" ordinal="0" offset="0" sl="569" sc="27" el="569" ec="31" bec="0" bev="0" fileid="253" />
              </SequencePoints>
              <BranchPoints />
              <MethodPoint xsi:type="SequencePoint" vc="0" uspid="7826" ordinal="0" offset="0" sl="569" sc="27" el="569" ec="31" bec="0" bev="0" fileid="253" />
            </Method>
            <Method visited="false" cyclomaticComplexity="1" nPathComplexity="0" sequenceCoverage="0" branchCoverage="0" crapScore="2" isConstructor="false" isStatic="false" isGetter="true" isSetter="false">
              <Summary numSequencePoints="1" visitedSequencePoints="0" numBranchPoints="1" visitedBranchPoints="0" sequenceCoverage="0" branchCoverage="0" maxCyclomaticComplexity="1" minCyclomaticComplexity="1" maxCrapScore="2" minCrapScore="2" visitedClasses="0" numClasses="0" visitedMethods="0" numMethods="1" />
              <MetadataToken>100664470</MetadataToken>
              <Name>System.Int32 Xunit.JsonDeserializerException::get_Column()</Name>
              <FileRef uid="253" />
              <SequencePoints>
                <SequencePoint vc="0" uspid="7827" ordinal="0" offset="0" sl="571" sc="29" el="571" ec="33" bec="0" bev="0" fileid="253" />
              </SequencePoints>
              <BranchPoints />
              <MethodPoint xsi:type="SequencePoint" vc="0" uspid="7827" ordinal="0" offset="0" sl="571" sc="29" el="571" ec="33" bec="0" bev="0" fileid="253" />
            </Method>
            <Method visited="false" cyclomaticComplexity="1" nPathComplexity="0" sequenceCoverage="0" branchCoverage="0" crapScore="2" isConstructor="true" isStatic="false" isGetter="false" isSetter="false">
              <Summary numSequencePoints="4" visitedSequencePoints="0" numBranchPoints="1" visitedBranchPoints="0" sequenceCoverage="0" branchCoverage="0" maxCyclomaticComplexity="1" minCyclomaticComplexity="1" maxCrapScore="2" minCrapScore="2" visitedClasses="0" numClasses="0" visitedMethods="0" numMethods="1" />
              <MetadataToken>100664466</MetadataToken>
              <Name>System.Void Xunit.JsonDeserializerException::.ctor(System.String,System.Exception,System.Int32,System.Int32)</Name>
              <FileRef uid="253" />
              <SequencePoints>
                <SequencePoint vc="0" uspid="7828" ordinal="0" offset="0" sl="549" sc="15" el="549" ec="44" bec="0" bev="0" fileid="253" />
                <SequencePoint vc="0" uspid="7829" ordinal="1" offset="8" sl="551" sc="13" el="551" ec="25" bec="0" bev="0" fileid="253" />
                <SequencePoint vc="0" uspid="7830" ordinal="2" offset="15" sl="552" sc="13" el="552" ec="29" bec="0" bev="0" fileid="253" />
                <SequencePoint vc="0" uspid="7831" ordinal="3" offset="23" sl="553" sc="9" el="553" ec="10" bec="0" bev="0" fileid="253" />
              </SequencePoints>
              <BranchPoints />
              <MethodPoint xsi:type="SequencePoint" vc="0" uspid="7828" ordinal="0" offset="0" sl="549" sc="15" el="549" ec="44" bec="0" bev="0" fileid="253" />
            </Method>
            <Method visited="false" cyclomaticComplexity="1" nPathComplexity="0" sequenceCoverage="0" branchCoverage="0" crapScore="2" isConstructor="true" isStatic="false" isGetter="false" isSetter="false">
              <Summary numSequencePoints="4" visitedSequencePoints="0" numBranchPoints="1" visitedBranchPoints="0" sequenceCoverage="0" branchCoverage="0" maxCyclomaticComplexity="1" minCyclomaticComplexity="1" maxCrapScore="2" minCrapScore="2" visitedClasses="0" numClasses="0" visitedMethods="0" numMethods="1" />
              <MetadataToken>100664467</MetadataToken>
              <Name>System.Void Xunit.JsonDeserializerException::.ctor(System.String,System.Int32,System.Int32)</Name>
              <FileRef uid="253" />
              <SequencePoints>
                <SequencePoint vc="0" uspid="7832" ordinal="0" offset="0" sl="556" sc="15" el="556" ec="28" bec="0" bev="0" fileid="253" />
                <SequencePoint vc="0" uspid="7833" ordinal="1" offset="7" sl="558" sc="13" el="558" ec="25" bec="0" bev="0" fileid="253" />
                <SequencePoint vc="0" uspid="7834" ordinal="2" offset="14" sl="559" sc="13" el="559" ec="29" bec="0" bev="0" fileid="253" />
                <SequencePoint vc="0" uspid="7835" ordinal="3" offset="21" sl="560" sc="9" el="560" ec="10" bec="0" bev="0" fileid="253" />
              </SequencePoints>
              <BranchPoints />
              <MethodPoint xsi:type="SequencePoint" vc="0" uspid="7832" ordinal="0" offset="0" sl="556" sc="15" el="556" ec="28" bec="0" bev="0" fileid="253" />
            </Method>
            <Method visited="false" cyclomaticComplexity="1" nPathComplexity="0" sequenceCoverage="0" branchCoverage="0" crapScore="2" isConstructor="true" isStatic="false" isGetter="false" isSetter="false">
              <Summary numSequencePoints="4" visitedSequencePoints="0" numBranchPoints="1" visitedBranchPoints="0" sequenceCoverage="0" branchCoverage="0" maxCyclomaticComplexity="1" minCyclomaticComplexity="1" maxCrapScore="2" minCrapScore="2" visitedClasses="0" numClasses="0" visitedMethods="0" numMethods="1" />
              <MetadataToken>100664468</MetadataToken>
              <Name>System.Void Xunit.JsonDeserializerException::.ctor(System.String,Xunit.JsonToken)</Name>
              <FileRef uid="253" />
              <SequencePoints>
                <SequencePoint vc="0" uspid="7836" ordinal="0" offset="0" sl="563" sc="15" el="563" ec="28" bec="0" bev="0" fileid="253" />
                <SequencePoint vc="0" uspid="7837" ordinal="1" offset="7" sl="565" sc="13" el="565" ec="35" bec="0" bev="0" fileid="253" />
                <SequencePoint vc="0" uspid="7838" ordinal="2" offset="19" sl="566" sc="13" el="566" ec="39" bec="0" bev="0" fileid="253" />
                <SequencePoint vc="0" uspid="7839" ordinal="3" offset="31" sl="567" sc="9" el="567" ec="10" bec="0" bev="0" fileid="253" />
              </SequencePoints>
              <BranchPoints />
              <MethodPoint xsi:type="SequencePoint" vc="0" uspid="7836" ordinal="0" offset="0" sl="563" sc="15" el="563" ec="28" bec="0" bev="0" fileid="253" />
            </Method>
          </Methods>
        </Class>
        <Class>
          <Summary numSequencePoints="17" visitedSequencePoints="0" numBranchPoints="17" visitedBranchPoints="0" sequenceCoverage="0" branchCoverage="0" maxCyclomaticComplexity="1" minCyclomaticComplexity="1" maxCrapScore="2" minCrapScore="2" visitedClasses="0" numClasses="1" visitedMethods="0" numMethods="17" />
          <FullName>Xunit.JsonDeserializerResource</FullName>
          <Methods>
            <Method visited="false" cyclomaticComplexity="1" nPathComplexity="0" sequenceCoverage="0" branchCoverage="0" crapScore="2" isConstructor="false" isStatic="true" isGetter="true" isSetter="false">
              <Summary numSequencePoints="1" visitedSequencePoints="0" numBranchPoints="1" visitedBranchPoints="0" sequenceCoverage="0" branchCoverage="0" maxCyclomaticComplexity="1" minCyclomaticComplexity="1" maxCrapScore="2" minCrapScore="2" visitedClasses="0" numClasses="0" visitedMethods="0" numMethods="1" />
              <MetadataToken>100664486</MetadataToken>
              <Name>System.String Xunit.JsonDeserializerResource::get_JSON_OpenString()</Name>
              <FileRef uid="253" />
              <SequencePoints>
                <SequencePoint vc="0" uspid="7840" ordinal="0" offset="0" sl="653" sc="19" el="653" ec="79" bec="0" bev="0" fileid="253" />
              </SequencePoints>
              <BranchPoints />
              <MethodPoint xsi:type="SequencePoint" vc="0" uspid="7840" ordinal="0" offset="0" sl="653" sc="19" el="653" ec="79" bec="0" bev="0" fileid="253" />
            </Method>
            <Method visited="false" cyclomaticComplexity="1" nPathComplexity="0" sequenceCoverage="0" branchCoverage="0" crapScore="2" isConstructor="false" isStatic="true" isGetter="true" isSetter="false">
              <Summary numSequencePoints="1" visitedSequencePoints="0" numBranchPoints="1" visitedBranchPoints="0" sequenceCoverage="0" branchCoverage="0" maxCyclomaticComplexity="1" minCyclomaticComplexity="1" maxCrapScore="2" minCrapScore="2" visitedClasses="0" numClasses="0" visitedMethods="0" numMethods="1" />
              <MetadataToken>100664487</MetadataToken>
              <Name>System.String Xunit.JsonDeserializerResource::get_JSON_InvalidEnd()</Name>
              <FileRef uid="253" />
              <SequencePoints>
                <SequencePoint vc="0" uspid="7841" ordinal="0" offset="0" sl="658" sc="19" el="658" ec="66" bec="0" bev="0" fileid="253" />
              </SequencePoints>
              <BranchPoints />
              <MethodPoint xsi:type="SequencePoint" vc="0" uspid="7841" ordinal="0" offset="0" sl="658" sc="19" el="658" ec="66" bec="0" bev="0" fileid="253" />
            </Method>
            <Method visited="false" cyclomaticComplexity="1" nPathComplexity="0" sequenceCoverage="0" branchCoverage="0" crapScore="2" isConstructor="false" isStatic="true" isGetter="false" isSetter="false">
              <Summary numSequencePoints="1" visitedSequencePoints="0" numBranchPoints="1" visitedBranchPoints="0" sequenceCoverage="0" branchCoverage="0" maxCyclomaticComplexity="1" minCyclomaticComplexity="1" maxCrapScore="2" minCrapScore="2" visitedClasses="0" numClasses="0" visitedMethods="0" numMethods="1" />
              <MetadataToken>100664471</MetadataToken>
              <Name>System.String Xunit.JsonDeserializerResource::Format_IllegalCharacter(System.Int32)</Name>
              <FileRef uid="253" />
              <SequencePoints>
                <SequencePoint vc="0" uspid="7842" ordinal="0" offset="0" sl="578" sc="13" el="578" ec="91" bec="0" bev="0" fileid="253" />
              </SequencePoints>
              <BranchPoints />
              <MethodPoint xsi:type="SequencePoint" vc="0" uspid="7842" ordinal="0" offset="0" sl="578" sc="13" el="578" ec="91" bec="0" bev="0" fileid="253" />
            </Method>
            <Method visited="false" cyclomaticComplexity="1" nPathComplexity="0" sequenceCoverage="0" branchCoverage="0" crapScore="2" isConstructor="false" isStatic="true" isGetter="false" isSetter="false">
              <Summary numSequencePoints="1" visitedSequencePoints="0" numBranchPoints="1" visitedBranchPoints="0" sequenceCoverage="0" branchCoverage="0" maxCyclomaticComplexity="1" minCyclomaticComplexity="1" maxCrapScore="2" minCrapScore="2" visitedClasses="0" numClasses="0" visitedMethods="0" numMethods="1" />
              <MetadataToken>100664472</MetadataToken>
              <Name>System.String Xunit.JsonDeserializerResource::Format_IllegalTrailingCharacterAfterLiteral(System.Int32,System.String)</Name>
              <FileRef uid="253" />
              <SequencePoints>
                <SequencePoint vc="0" uspid="7843" ordinal="0" offset="0" sl="583" sc="13" el="583" ec="126" bec="0" bev="0" fileid="253" />
              </SequencePoints>
              <BranchPoints />
              <MethodPoint xsi:type="SequencePoint" vc="0" uspid="7843" ordinal="0" offset="0" sl="583" sc="13" el="583" ec="126" bec="0" bev="0" fileid="253" />
            </Method>
            <Method visited="false" cyclomaticComplexity="1" nPathComplexity="0" sequenceCoverage="0" branchCoverage="0" crapScore="2" isConstructor="false" isStatic="true" isGetter="false" isSetter="false">
              <Summary numSequencePoints="1" visitedSequencePoints="0" numBranchPoints="1" visitedBranchPoints="0" sequenceCoverage="0" branchCoverage="0" maxCyclomaticComplexity="1" minCyclomaticComplexity="1" maxCrapScore="2" minCrapScore="2" visitedClasses="0" numClasses="0" visitedMethods="0" numMethods="1" />
              <MetadataToken>100664473</MetadataToken>
              <Name>System.String Xunit.JsonDeserializerResource::Format_UnrecognizedLiteral(System.String)</Name>
              <FileRef uid="253" />
              <SequencePoints>
                <SequencePoint vc="0" uspid="7844" ordinal="0" offset="0" sl="588" sc="13" el="588" ec="75" bec="0" bev="0" fileid="253" />
              </SequencePoints>
              <BranchPoints />
              <MethodPoint xsi:type="SequencePoint" vc="0" uspid="7844" ordinal="0" offset="0" sl="588" sc="13" el="588" ec="75" bec="0" bev="0" fileid="253" />
            </Method>
            <Method visited="false" cyclomaticComplexity="1" nPathComplexity="0" sequenceCoverage="0" branchCoverage="0" crapScore="2" isConstructor="false" isStatic="true" isGetter="false" isSetter="false">
              <Summary numSequencePoints="1" visitedSequencePoints="0" numBranchPoints="1" visitedBranchPoints="0" sequenceCoverage="0" branchCoverage="0" maxCyclomaticComplexity="1" minCyclomaticComplexity="1" maxCrapScore="2" minCrapScore="2" visitedClasses="0" numClasses="0" visitedMethods="0" numMethods="1" />
              <MetadataToken>100664474</MetadataToken>
              <Name>System.String Xunit.JsonDeserializerResource::Format_DuplicateObjectMemberName(System.String)</Name>
              <FileRef uid="253" />
              <SequencePoints>
                <SequencePoint vc="0" uspid="7845" ordinal="0" offset="0" sl="593" sc="13" el="593" ec="97" bec="0" bev="0" fileid="253" />
              </SequencePoints>
              <BranchPoints />
              <MethodPoint xsi:type="SequencePoint" vc="0" uspid="7845" ordinal="0" offset="0" sl="593" sc="13" el="593" ec="97" bec="0" bev="0" fileid="253" />
            </Method>
            <Method visited="false" cyclomaticComplexity="1" nPathComplexity="0" sequenceCoverage="0" branchCoverage="0" crapScore="2" isConstructor="false" isStatic="true" isGetter="false" isSetter="false">
              <Summary numSequencePoints="1" visitedSequencePoints="0" numBranchPoints="1" visitedBranchPoints="0" sequenceCoverage="0" branchCoverage="0" maxCyclomaticComplexity="1" minCyclomaticComplexity="1" maxCrapScore="2" minCrapScore="2" visitedClasses="0" numClasses="0" visitedMethods="0" numMethods="1" />
              <MetadataToken>100664475</MetadataToken>
              <Name>System.String Xunit.JsonDeserializerResource::Format_InvalidFloatNumberFormat(System.String)</Name>
              <FileRef uid="253" />
              <SequencePoints>
                <SequencePoint vc="0" uspid="7846" ordinal="0" offset="0" sl="598" sc="13" el="598" ec="58" bec="0" bev="0" fileid="253" />
              </SequencePoints>
              <BranchPoints />
              <MethodPoint xsi:type="SequencePoint" vc="0" uspid="7846" ordinal="0" offset="0" sl="598" sc="13" el="598" ec="58" bec="0" bev="0" fileid="253" />
            </Method>
            <Method visited="false" cyclomaticComplexity="1" nPathComplexity="0" sequenceCoverage="0" branchCoverage="0" crapScore="2" isConstructor="false" isStatic="true" isGetter="false" isSetter="false">
              <Summary numSequencePoints="1" visitedSequencePoints="0" numBranchPoints="1" visitedBranchPoints="0" sequenceCoverage="0" branchCoverage="0" maxCyclomaticComplexity="1" minCyclomaticComplexity="1" maxCrapScore="2" minCrapScore="2" visitedClasses="0" numClasses="0" visitedMethods="0" numMethods="1" />
              <MetadataToken>100664476</MetadataToken>
              <Name>System.String Xunit.JsonDeserializerResource::Format_FloatNumberOverflow(System.String)</Name>
              <FileRef uid="253" />
              <SequencePoints>
                <SequencePoint vc="0" uspid="7847" ordinal="0" offset="0" sl="603" sc="13" el="603" ec="52" bec="0" bev="0" fileid="253" />
              </SequencePoints>
              <BranchPoints />
              <MethodPoint xsi:type="SequencePoint" vc="0" uspid="7847" ordinal="0" offset="0" sl="603" sc="13" el="603" ec="52" bec="0" bev="0" fileid="253" />
            </Method>
            <Method visited="false" cyclomaticComplexity="1" nPathComplexity="0" sequenceCoverage="0" branchCoverage="0" crapScore="2" isConstructor="false" isStatic="true" isGetter="false" isSetter="false">
              <Summary numSequencePoints="1" visitedSequencePoints="0" numBranchPoints="1" visitedBranchPoints="0" sequenceCoverage="0" branchCoverage="0" maxCyclomaticComplexity="1" minCyclomaticComplexity="1" maxCrapScore="2" minCrapScore="2" visitedClasses="0" numClasses="0" visitedMethods="0" numMethods="1" />
              <MetadataToken>100664477</MetadataToken>
              <Name>System.String Xunit.JsonDeserializerResource::Format_InvalidSyntax(System.String,System.String)</Name>
              <FileRef uid="253" />
              <SequencePoints>
                <SequencePoint vc="0" uspid="7848" ordinal="0" offset="0" sl="608" sc="13" el="608" ec="61" bec="0" bev="0" fileid="253" />
              </SequencePoints>
              <BranchPoints />
              <MethodPoint xsi:type="SequencePoint" vc="0" uspid="7848" ordinal="0" offset="0" sl="608" sc="13" el="608" ec="61" bec="0" bev="0" fileid="253" />
            </Method>
            <Method visited="false" cyclomaticComplexity="1" nPathComplexity="0" sequenceCoverage="0" branchCoverage="0" crapScore="2" isConstructor="false" isStatic="true" isGetter="false" isSetter="false">
              <Summary numSequencePoints="1" visitedSequencePoints="0" numBranchPoints="1" visitedBranchPoints="0" sequenceCoverage="0" branchCoverage="0" maxCyclomaticComplexity="1" minCyclomaticComplexity="1" maxCrapScore="2" minCrapScore="2" visitedClasses="0" numClasses="0" visitedMethods="0" numMethods="1" />
              <MetadataToken>100664478</MetadataToken>
              <Name>System.String Xunit.JsonDeserializerResource::Format_InvalidSyntaxNotExpected(System.String,System.Char)</Name>
              <FileRef uid="253" />
              <SequencePoints>
                <SequencePoint vc="0" uspid="7849" ordinal="0" offset="0" sl="613" sc="13" el="613" ec="79" bec="0" bev="0" fileid="253" />
              </SequencePoints>
              <BranchPoints />
              <MethodPoint xsi:type="SequencePoint" vc="0" uspid="7849" ordinal="0" offset="0" sl="613" sc="13" el="613" ec="79" bec="0" bev="0" fileid="253" />
            </Method>
            <Method visited="false" cyclomaticComplexity="1" nPathComplexity="0" sequenceCoverage="0" branchCoverage="0" crapScore="2" isConstructor="false" isStatic="true" isGetter="false" isSetter="false">
              <Summary numSequencePoints="1" visitedSequencePoints="0" numBranchPoints="1" visitedBranchPoints="0" sequenceCoverage="0" branchCoverage="0" maxCyclomaticComplexity="1" minCyclomaticComplexity="1" maxCrapScore="2" minCrapScore="2" visitedClasses="0" numClasses="0" visitedMethods="0" numMethods="1" />
              <MetadataToken>100664479</MetadataToken>
              <Name>System.String Xunit.JsonDeserializerResource::Format_InvalidSyntaxNotExpected(System.String,System.String)</Name>
              <FileRef uid="253" />
              <SequencePoints>
                <SequencePoint vc="0" uspid="7850" ordinal="0" offset="0" sl="618" sc="13" el="618" ec="77" bec="0" bev="0" fileid="253" />
              </SequencePoints>
              <BranchPoints />
              <MethodPoint xsi:type="SequencePoint" vc="0" uspid="7850" ordinal="0" offset="0" sl="618" sc="13" el="618" ec="77" bec="0" bev="0" fileid="253" />
            </Method>
            <Method visited="false" cyclomaticComplexity="1" nPathComplexity="0" sequenceCoverage="0" branchCoverage="0" crapScore="2" isConstructor="false" isStatic="true" isGetter="false" isSetter="false">
              <Summary numSequencePoints="1" visitedSequencePoints="0" numBranchPoints="1" visitedBranchPoints="0" sequenceCoverage="0" branchCoverage="0" maxCyclomaticComplexity="1" minCyclomaticComplexity="1" maxCrapScore="2" minCrapScore="2" visitedClasses="0" numClasses="0" visitedMethods="0" numMethods="1" />
              <MetadataToken>100664480</MetadataToken>
              <Name>System.String Xunit.JsonDeserializerResource::Format_InvalidSyntaxExpectation(System.String,System.Char)</Name>
              <FileRef uid="253" />
              <SequencePoints>
                <SequencePoint vc="0" uspid="7851" ordinal="0" offset="0" sl="623" sc="13" el="623" ec="78" bec="0" bev="0" fileid="253" />
              </SequencePoints>
              <BranchPoints />
              <MethodPoint xsi:type="SequencePoint" vc="0" uspid="7851" ordinal="0" offset="0" sl="623" sc="13" el="623" ec="78" bec="0" bev="0" fileid="253" />
            </Method>
            <Method visited="false" cyclomaticComplexity="1" nPathComplexity="0" sequenceCoverage="0" branchCoverage="0" crapScore="2" isConstructor="false" isStatic="true" isGetter="false" isSetter="false">
              <Summary numSequencePoints="1" visitedSequencePoints="0" numBranchPoints="1" visitedBranchPoints="0" sequenceCoverage="0" branchCoverage="0" maxCyclomaticComplexity="1" minCyclomaticComplexity="1" maxCrapScore="2" minCrapScore="2" visitedClasses="0" numClasses="0" visitedMethods="0" numMethods="1" />
              <MetadataToken>100664481</MetadataToken>
              <Name>System.String Xunit.JsonDeserializerResource::Format_InvalidSyntaxExpectation(System.String,System.String)</Name>
              <FileRef uid="253" />
              <SequencePoints>
                <SequencePoint vc="0" uspid="7852" ordinal="0" offset="0" sl="628" sc="13" el="628" ec="76" bec="0" bev="0" fileid="253" />
              </SequencePoints>
              <BranchPoints />
              <MethodPoint xsi:type="SequencePoint" vc="0" uspid="7852" ordinal="0" offset="0" sl="628" sc="13" el="628" ec="76" bec="0" bev="0" fileid="253" />
            </Method>
            <Method visited="false" cyclomaticComplexity="1" nPathComplexity="0" sequenceCoverage="0" branchCoverage="0" crapScore="2" isConstructor="false" isStatic="true" isGetter="false" isSetter="false">
              <Summary numSequencePoints="1" visitedSequencePoints="0" numBranchPoints="1" visitedBranchPoints="0" sequenceCoverage="0" branchCoverage="0" maxCyclomaticComplexity="1" minCyclomaticComplexity="1" maxCrapScore="2" minCrapScore="2" visitedClasses="0" numClasses="0" visitedMethods="0" numMethods="1" />
              <MetadataToken>100664482</MetadataToken>
              <Name>System.String Xunit.JsonDeserializerResource::Format_InvalidSyntaxExpectation(System.String,System.Char,System.Char)</Name>
              <FileRef uid="253" />
              <SequencePoints>
                <SequencePoint vc="0" uspid="7853" ordinal="0" offset="0" sl="633" sc="13" el="633" ec="99" bec="0" bev="0" fileid="253" />
              </SequencePoints>
              <BranchPoints />
              <MethodPoint xsi:type="SequencePoint" vc="0" uspid="7853" ordinal="0" offset="0" sl="633" sc="13" el="633" ec="99" bec="0" bev="0" fileid="253" />
            </Method>
            <Method visited="false" cyclomaticComplexity="1" nPathComplexity="0" sequenceCoverage="0" branchCoverage="0" crapScore="2" isConstructor="false" isStatic="true" isGetter="false" isSetter="false">
              <Summary numSequencePoints="1" visitedSequencePoints="0" numBranchPoints="1" visitedBranchPoints="0" sequenceCoverage="0" branchCoverage="0" maxCyclomaticComplexity="1" minCyclomaticComplexity="1" maxCrapScore="2" minCrapScore="2" visitedClasses="0" numClasses="0" visitedMethods="0" numMethods="1" />
              <MetadataToken>100664483</MetadataToken>
              <Name>System.String Xunit.JsonDeserializerResource::Format_InvalidTokenExpectation(System.String,System.String)</Name>
              <FileRef uid="253" />
              <SequencePoints>
                <SequencePoint vc="0" uspid="7854" ordinal="0" offset="0" sl="638" sc="13" el="638" ec="80" bec="0" bev="0" fileid="253" />
              </SequencePoints>
              <BranchPoints />
              <MethodPoint xsi:type="SequencePoint" vc="0" uspid="7854" ordinal="0" offset="0" sl="638" sc="13" el="638" ec="80" bec="0" bev="0" fileid="253" />
            </Method>
            <Method visited="false" cyclomaticComplexity="1" nPathComplexity="0" sequenceCoverage="0" branchCoverage="0" crapScore="2" isConstructor="false" isStatic="true" isGetter="false" isSetter="false">
              <Summary numSequencePoints="1" visitedSequencePoints="0" numBranchPoints="1" visitedBranchPoints="0" sequenceCoverage="0" branchCoverage="0" maxCyclomaticComplexity="1" minCyclomaticComplexity="1" maxCrapScore="2" minCrapScore="2" visitedClasses="0" numClasses="0" visitedMethods="0" numMethods="1" />
              <MetadataToken>100664484</MetadataToken>
              <Name>System.String Xunit.JsonDeserializerResource::Format_InvalidUnicode(System.String)</Name>
              <FileRef uid="253" />
              <SequencePoints>
                <SequencePoint vc="0" uspid="7855" ordinal="0" offset="0" sl="643" sc="13" el="643" ec="51" bec="0" bev="0" fileid="253" />
              </SequencePoints>
              <BranchPoints />
              <MethodPoint xsi:type="SequencePoint" vc="0" uspid="7855" ordinal="0" offset="0" sl="643" sc="13" el="643" ec="51" bec="0" bev="0" fileid="253" />
            </Method>
            <Method visited="false" cyclomaticComplexity="1" nPathComplexity="0" sequenceCoverage="0" branchCoverage="0" crapScore="2" isConstructor="false" isStatic="true" isGetter="false" isSetter="false">
              <Summary numSequencePoints="1" visitedSequencePoints="0" numBranchPoints="1" visitedBranchPoints="0" sequenceCoverage="0" branchCoverage="0" maxCyclomaticComplexity="1" minCyclomaticComplexity="1" maxCrapScore="2" minCrapScore="2" visitedClasses="0" numClasses="0" visitedMethods="0" numMethods="1" />
              <MetadataToken>100664485</MetadataToken>
              <Name>System.String Xunit.JsonDeserializerResource::Format_UnfinishedJSON(System.String)</Name>
              <FileRef uid="253" />
              <SequencePoints>
                <SequencePoint vc="0" uspid="7856" ordinal="0" offset="0" sl="648" sc="13" el="648" ec="77" bec="0" bev="0" fileid="253" />
              </SequencePoints>
              <BranchPoints />
              <MethodPoint xsi:type="SequencePoint" vc="0" uspid="7856" ordinal="0" offset="0" sl="648" sc="13" el="648" ec="77" bec="0" bev="0" fileid="253" />
            </Method>
          </Methods>
        </Class>
        <Class>
          <Summary numSequencePoints="2" visitedSequencePoints="0" numBranchPoints="1" visitedBranchPoints="0" sequenceCoverage="0" branchCoverage="0" maxCyclomaticComplexity="1" minCyclomaticComplexity="1" maxCrapScore="2" minCrapScore="2" visitedClasses="0" numClasses="1" visitedMethods="0" numMethods="1" />
          <FullName>Xunit.JsonNull</FullName>
          <Methods>
            <Method visited="false" cyclomaticComplexity="1" nPathComplexity="0" sequenceCoverage="0" branchCoverage="0" crapScore="2" isConstructor="true" isStatic="false" isGetter="false" isSetter="false">
              <Summary numSequencePoints="2" visitedSequencePoints="0" numBranchPoints="1" visitedBranchPoints="0" sequenceCoverage="0" branchCoverage="0" maxCyclomaticComplexity="1" minCyclomaticComplexity="1" maxCrapScore="2" minCrapScore="2" visitedClasses="0" numClasses="0" visitedMethods="0" numMethods="1" />
              <MetadataToken>100664488</MetadataToken>
              <Name>System.Void Xunit.JsonNull::.ctor(System.Int32,System.Int32)</Name>
              <FileRef uid="253" />
              <SequencePoints>
                <SequencePoint vc="0" uspid="7857" ordinal="0" offset="0" sl="665" sc="15" el="665" ec="33" bec="0" bev="0" fileid="253" />
                <SequencePoint vc="0" uspid="7858" ordinal="1" offset="8" sl="667" sc="9" el="667" ec="10" bec="0" bev="0" fileid="253" />
              </SequencePoints>
              <BranchPoints />
              <MethodPoint xsi:type="SequencePoint" vc="0" uspid="7857" ordinal="0" offset="0" sl="665" sc="15" el="665" ec="33" bec="0" bev="0" fileid="253" />
            </Method>
          </Methods>
        </Class>
        <Class>
          <Summary numSequencePoints="11" visitedSequencePoints="0" numBranchPoints="3" visitedBranchPoints="0" sequenceCoverage="0" branchCoverage="0" maxCyclomaticComplexity="1" minCyclomaticComplexity="1" maxCrapScore="2" minCrapScore="2" visitedClasses="0" numClasses="1" visitedMethods="0" numMethods="3" />
          <FullName>Xunit.JsonNumber</FullName>
          <Methods>
            <Method visited="false" cyclomaticComplexity="1" nPathComplexity="0" sequenceCoverage="0" branchCoverage="0" crapScore="2" isConstructor="false" isStatic="false" isGetter="true" isSetter="false">
              <Summary numSequencePoints="1" visitedSequencePoints="0" numBranchPoints="1" visitedBranchPoints="0" sequenceCoverage="0" branchCoverage="0" maxCyclomaticComplexity="1" minCyclomaticComplexity="1" maxCrapScore="2" minCrapScore="2" visitedClasses="0" numClasses="0" visitedMethods="0" numMethods="1" />
              <MetadataToken>100664490</MetadataToken>
              <Name>System.Double Xunit.JsonNumber::get_Double()</Name>
              <FileRef uid="253" />
              <SequencePoints>
                <SequencePoint vc="0" uspid="7859" ordinal="0" offset="0" sl="703" sc="19" el="703" ec="34" bec="0" bev="0" fileid="253" />
              </SequencePoints>
              <BranchPoints />
              <MethodPoint xsi:type="SequencePoint" vc="0" uspid="7859" ordinal="0" offset="0" sl="703" sc="19" el="703" ec="34" bec="0" bev="0" fileid="253" />
            </Method>
            <Method visited="false" cyclomaticComplexity="1" nPathComplexity="0" sequenceCoverage="0" branchCoverage="0" crapScore="2" isConstructor="false" isStatic="false" isGetter="true" isSetter="false">
              <Summary numSequencePoints="1" visitedSequencePoints="0" numBranchPoints="1" visitedBranchPoints="0" sequenceCoverage="0" branchCoverage="0" maxCyclomaticComplexity="1" minCyclomaticComplexity="1" maxCrapScore="2" minCrapScore="2" visitedClasses="0" numClasses="0" visitedMethods="0" numMethods="1" />
              <MetadataToken>100664491</MetadataToken>
              <Name>System.String Xunit.JsonNumber::get_Raw()</Name>
              <FileRef uid="253" />
              <SequencePoints>
                <SequencePoint vc="0" uspid="7860" ordinal="0" offset="0" sl="708" sc="19" el="708" ec="31" bec="0" bev="0" fileid="253" />
              </SequencePoints>
              <BranchPoints />
              <MethodPoint xsi:type="SequencePoint" vc="0" uspid="7860" ordinal="0" offset="0" sl="708" sc="19" el="708" ec="31" bec="0" bev="0" fileid="253" />
            </Method>
            <Method visited="false" cyclomaticComplexity="1" nPathComplexity="0" sequenceCoverage="0" branchCoverage="0" crapScore="2" isConstructor="true" isStatic="false" isGetter="false" isSetter="false">
              <Summary numSequencePoints="9" visitedSequencePoints="0" numBranchPoints="1" visitedBranchPoints="0" sequenceCoverage="0" branchCoverage="0" maxCyclomaticComplexity="1" minCyclomaticComplexity="1" maxCrapScore="2" minCrapScore="2" visitedClasses="0" numClasses="0" visitedMethods="0" numMethods="1" />
              <MetadataToken>100664489</MetadataToken>
              <Name>System.Void Xunit.JsonNumber::.ctor(Xunit.JsonToken)</Name>
              <FileRef uid="253" />
              <SequencePoints>
                <SequencePoint vc="0" uspid="7861" ordinal="0" offset="0" sl="676" sc="15" el="676" ec="45" bec="0" bev="0" fileid="253" />
                <SequencePoint vc="0" uspid="7862" ordinal="1" offset="18" sl="680" sc="17" el="680" ec="36" bec="0" bev="0" fileid="253" />
                <SequencePoint vc="0" uspid="7863" ordinal="2" offset="30" sl="681" sc="17" el="681" ec="66" bec="0" bev="0" fileid="253" />
                <SequencePoint vc="0" uspid="7864" ordinal="3" offset="52" sl="682" sc="13" el="682" ec="14" bec="0" bev="0" fileid="253" />
                <SequencePoint vc="0" uspid="7865" ordinal="4" offset="54" sl="683" sc="13" el="683" ec="39" bec="0" bev="0" fileid="253" />
                <SequencePoint vc="0" uspid="7866" ordinal="5" offset="55" sl="685" sc="17" el="689" ec="35" bec="0" bev="0" fileid="253" />
                <SequencePoint vc="0" uspid="7867" ordinal="6" offset="85" sl="691" sc="13" el="691" ec="41" bec="0" bev="0" fileid="253" />
                <SequencePoint vc="0" uspid="7868" ordinal="7" offset="86" sl="693" sc="17" el="697" ec="35" bec="0" bev="0" fileid="253" />
                <SequencePoint vc="0" uspid="7869" ordinal="8" offset="116" sl="699" sc="9" el="699" ec="10" bec="0" bev="0" fileid="253" />
              </SequencePoints>
              <BranchPoints />
              <MethodPoint xsi:type="SequencePoint" vc="0" uspid="7861" ordinal="0" offset="0" sl="676" sc="15" el="676" ec="45" bec="0" bev="0" fileid="253" />
            </Method>
          </Methods>
        </Class>
        <Class>
          <Summary numSequencePoints="33" visitedSequencePoints="0" numBranchPoints="25" visitedBranchPoints="0" sequenceCoverage="0" branchCoverage="0" maxCyclomaticComplexity="5" minCyclomaticComplexity="1" maxCrapScore="30" minCrapScore="2" visitedClasses="0" numClasses="1" visitedMethods="0" numMethods="9" />
          <FullName>Xunit.JsonObject</FullName>
          <Methods>
            <Method visited="false" cyclomaticComplexity="1" nPathComplexity="0" sequenceCoverage="0" branchCoverage="0" crapScore="2" isConstructor="false" isStatic="false" isGetter="true" isSetter="false">
              <Summary numSequencePoints="1" visitedSequencePoints="0" numBranchPoints="1" visitedBranchPoints="0" sequenceCoverage="0" branchCoverage="0" maxCyclomaticComplexity="1" minCyclomaticComplexity="1" maxCrapScore="2" minCrapScore="2" visitedClasses="0" numClasses="0" visitedMethods="0" numMethods="1" />
              <MetadataToken>100664493</MetadataToken>
              <Name>System.Collections.Generic.ICollection`1&lt;System.String&gt; Xunit.JsonObject::get_Keys()</Name>
              <FileRef uid="253" />
              <SequencePoints>
                <SequencePoint vc="0" uspid="7870" ordinal="0" offset="0" sl="729" sc="19" el="729" ec="37" bec="0" bev="0" fileid="253" />
              </SequencePoints>
              <BranchPoints />
              <MethodPoint xsi:type="SequencePoint" vc="0" uspid="7870" ordinal="0" offset="0" sl="729" sc="19" el="729" ec="37" bec="0" bev="0" fileid="253" />
            </Method>
            <Method visited="false" cyclomaticComplexity="2" nPathComplexity="2" sequenceCoverage="0" branchCoverage="0" crapScore="6" isConstructor="true" isStatic="false" isGetter="false" isSetter="false">
              <Summary numSequencePoints="5" visitedSequencePoints="0" numBranchPoints="3" visitedBranchPoints="0" sequenceCoverage="0" branchCoverage="0" maxCyclomaticComplexity="2" minCyclomaticComplexity="2" maxCrapScore="6" minCrapScore="6" visitedClasses="0" numClasses="0" visitedMethods="0" numMethods="1" />
              <MetadataToken>100664492</MetadataToken>
              <Name>System.Void Xunit.JsonObject::.ctor(System.Collections.Generic.IDictionary`2&lt;System.String,Xunit.JsonValue&gt;,System.Int32,System.Int32)</Name>
              <FileRef uid="253" />
              <SequencePoints>
                <SequencePoint vc="0" uspid="7871" ordinal="0" offset="0" sl="717" sc="15" el="717" ec="33" bec="0" bev="0" fileid="253" />
                <SequencePoint vc="0" uspid="7872" ordinal="1" offset="8" sl="719" sc="13" el="719" ec="30" bec="2" bev="0" fileid="253" />
                <SequencePoint vc="0" uspid="7873" ordinal="2" offset="11" sl="721" sc="17" el="721" ec="63" bec="0" bev="0" fileid="253" />
                <SequencePoint vc="0" uspid="7874" ordinal="3" offset="22" sl="724" sc="13" el="724" ec="26" bec="0" bev="0" fileid="253" />
                <SequencePoint vc="0" uspid="7875" ordinal="4" offset="29" sl="725" sc="9" el="725" ec="10" bec="0" bev="0" fileid="253" />
              </SequencePoints>
              <BranchPoints>
                <BranchPoint vc="0" uspid="7876" ordinal="0" offset="9" sl="719" path="0" offsetend="11" fileid="253" />
                <BranchPoint vc="0" uspid="7877" ordinal="1" offset="9" sl="719" path="1" offsetend="22" fileid="253" />
              </BranchPoints>
              <MethodPoint xsi:type="SequencePoint" vc="0" uspid="7871" ordinal="0" offset="0" sl="717" sc="15" el="717" ec="33" bec="0" bev="0" fileid="253" />
            </Method>
            <Method visited="false" cyclomaticComplexity="2" nPathComplexity="2" sequenceCoverage="0" branchCoverage="0" crapScore="6" isConstructor="false" isStatic="false" isGetter="false" isSetter="false">
              <Summary numSequencePoints="3" visitedSequencePoints="0" numBranchPoints="3" visitedBranchPoints="0" sequenceCoverage="0" branchCoverage="0" maxCyclomaticComplexity="2" minCyclomaticComplexity="2" maxCrapScore="6" minCrapScore="6" visitedClasses="0" numClasses="0" visitedMethods="0" numMethods="1" />
              <MetadataToken>100664494</MetadataToken>
              <Name>Xunit.JsonValue Xunit.JsonObject::Value(System.String)</Name>
              <FileRef uid="253" />
              <SequencePoints>
                <SequencePoint vc="0" uspid="7878" ordinal="0" offset="0" sl="735" sc="13" el="735" ec="53" bec="2" bev="0" fileid="253" />
                <SequencePoint vc="0" uspid="7879" ordinal="1" offset="16" sl="737" sc="17" el="737" ec="31" bec="0" bev="0" fileid="253" />
                <SequencePoint vc="0" uspid="7880" ordinal="2" offset="18" sl="740" sc="13" el="740" ec="27" bec="0" bev="0" fileid="253" />
              </SequencePoints>
              <BranchPoints>
                <BranchPoint vc="0" uspid="7881" ordinal="0" offset="14" sl="735" path="0" offsetend="16" fileid="253" />
                <BranchPoint vc="0" uspid="7882" ordinal="1" offset="14" sl="735" path="1" offsetend="18" fileid="253" />
              </BranchPoints>
              <MethodPoint xsi:type="SequencePoint" vc="0" uspid="7878" ordinal="0" offset="0" sl="735" sc="13" el="735" ec="53" bec="2" bev="0" fileid="253" />
            </Method>
            <Method visited="false" cyclomaticComplexity="1" nPathComplexity="0" sequenceCoverage="0" branchCoverage="0" crapScore="2" isConstructor="false" isStatic="false" isGetter="false" isSetter="false">
              <Summary numSequencePoints="1" visitedSequencePoints="0" numBranchPoints="1" visitedBranchPoints="0" sequenceCoverage="0" branchCoverage="0" maxCyclomaticComplexity="1" minCyclomaticComplexity="1" maxCrapScore="2" minCrapScore="2" visitedClasses="0" numClasses="0" visitedMethods="0" numMethods="1" />
              <MetadataToken>100664495</MetadataToken>
              <Name>Xunit.JsonObject Xunit.JsonObject::ValueAsJsonObject(System.String)</Name>
              <FileRef uid="253" />
              <SequencePoints>
                <SequencePoint vc="0" uspid="7883" ordinal="0" offset="0" sl="745" sc="13" el="745" ec="45" bec="0" bev="0" fileid="253" />
              </SequencePoints>
              <BranchPoints />
              <MethodPoint xsi:type="SequencePoint" vc="0" uspid="7883" ordinal="0" offset="0" sl="745" sc="13" el="745" ec="45" bec="0" bev="0" fileid="253" />
            </Method>
            <Method visited="false" cyclomaticComplexity="1" nPathComplexity="0" sequenceCoverage="0" branchCoverage="0" crapScore="2" isConstructor="false" isStatic="false" isGetter="false" isSetter="false">
              <Summary numSequencePoints="1" visitedSequencePoints="0" numBranchPoints="1" visitedBranchPoints="0" sequenceCoverage="0" branchCoverage="0" maxCyclomaticComplexity="1" minCyclomaticComplexity="1" maxCrapScore="2" minCrapScore="2" visitedClasses="0" numClasses="0" visitedMethods="0" numMethods="1" />
              <MetadataToken>100664496</MetadataToken>
              <Name>Xunit.JsonString Xunit.JsonObject::ValueAsString(System.String)</Name>
              <FileRef uid="253" />
              <SequencePoints>
                <SequencePoint vc="0" uspid="7884" ordinal="0" offset="0" sl="750" sc="13" el="750" ec="45" bec="0" bev="0" fileid="253" />
              </SequencePoints>
              <BranchPoints />
              <MethodPoint xsi:type="SequencePoint" vc="0" uspid="7884" ordinal="0" offset="0" sl="750" sc="13" el="750" ec="45" bec="0" bev="0" fileid="253" />
            </Method>
            <Method visited="false" cyclomaticComplexity="2" nPathComplexity="2" sequenceCoverage="0" branchCoverage="0" crapScore="6" isConstructor="false" isStatic="false" isGetter="false" isSetter="false">
              <Summary numSequencePoints="4" visitedSequencePoints="0" numBranchPoints="3" visitedBranchPoints="0" sequenceCoverage="0" branchCoverage="0" maxCyclomaticComplexity="2" minCyclomaticComplexity="2" maxCrapScore="6" minCrapScore="6" visitedClasses="0" numClasses="0" visitedMethods="0" numMethods="1" />
              <MetadataToken>100664497</MetadataToken>
              <Name>System.Int32 Xunit.JsonObject::ValueAsInt(System.String)</Name>
              <FileRef uid="253" />
              <SequencePoints>
                <SequencePoint vc="0" uspid="7885" ordinal="0" offset="0" sl="755" sc="13" el="755" ec="51" bec="0" bev="0" fileid="253" />
                <SequencePoint vc="0" uspid="7886" ordinal="1" offset="12" sl="756" sc="13" el="756" ec="32" bec="2" bev="0" fileid="253" />
                <SequencePoint vc="0" uspid="7887" ordinal="2" offset="15" sl="758" sc="17" el="758" ec="45" bec="0" bev="0" fileid="253" />
                <SequencePoint vc="0" uspid="7888" ordinal="3" offset="21" sl="760" sc="13" el="760" ec="48" bec="0" bev="0" fileid="253" />
              </SequencePoints>
              <BranchPoints>
                <BranchPoint vc="0" uspid="7889" ordinal="0" offset="13" sl="756" path="0" offsetend="15" fileid="253" />
                <BranchPoint vc="0" uspid="7890" ordinal="1" offset="13" sl="756" path="1" offsetend="21" fileid="253" />
              </BranchPoints>
              <MethodPoint xsi:type="SequencePoint" vc="0" uspid="7885" ordinal="0" offset="0" sl="755" sc="13" el="755" ec="51" bec="0" bev="0" fileid="253" />
            </Method>
            <Method visited="false" cyclomaticComplexity="2" nPathComplexity="2" sequenceCoverage="0" branchCoverage="0" crapScore="6" isConstructor="false" isStatic="false" isGetter="false" isSetter="false">
              <Summary numSequencePoints="4" visitedSequencePoints="0" numBranchPoints="3" visitedBranchPoints="0" sequenceCoverage="0" branchCoverage="0" maxCyclomaticComplexity="2" minCyclomaticComplexity="2" maxCrapScore="6" minCrapScore="6" visitedClasses="0" numClasses="0" visitedMethods="0" numMethods="1" />
              <MetadataToken>100664498</MetadataToken>
              <Name>System.Boolean Xunit.JsonObject::ValueAsBoolean(System.String,System.Boolean)</Name>
              <FileRef uid="253" />
              <SequencePoints>
                <SequencePoint vc="0" uspid="7891" ordinal="0" offset="0" sl="765" sc="13" el="765" ec="53" bec="0" bev="0" fileid="253" />
                <SequencePoint vc="0" uspid="7892" ordinal="1" offset="13" sl="766" sc="13" el="766" ec="33" bec="2" bev="0" fileid="253" />
                <SequencePoint vc="0" uspid="7893" ordinal="2" offset="16" sl="768" sc="17" el="768" ec="38" bec="0" bev="0" fileid="253" />
                <SequencePoint vc="0" uspid="7894" ordinal="3" offset="23" sl="771" sc="13" el="771" ec="33" bec="0" bev="0" fileid="253" />
              </SequencePoints>
              <BranchPoints>
                <BranchPoint vc="0" uspid="7895" ordinal="0" offset="14" sl="766" path="0" offsetend="16" fileid="253" />
                <BranchPoint vc="0" uspid="7896" ordinal="1" offset="14" sl="766" path="1" offsetend="23" fileid="253" />
              </BranchPoints>
              <MethodPoint xsi:type="SequencePoint" vc="0" uspid="7891" ordinal="0" offset="0" sl="765" sc="13" el="765" ec="53" bec="0" bev="0" fileid="253" />
            </Method>
            <Method visited="false" cyclomaticComplexity="2" nPathComplexity="2" sequenceCoverage="0" branchCoverage="0" crapScore="6" isConstructor="false" isStatic="false" isGetter="false" isSetter="false">
              <Summary numSequencePoints="4" visitedSequencePoints="0" numBranchPoints="3" visitedBranchPoints="0" sequenceCoverage="0" branchCoverage="0" maxCyclomaticComplexity="2" minCyclomaticComplexity="2" maxCrapScore="6" minCrapScore="6" visitedClasses="0" numClasses="0" visitedMethods="0" numMethods="1" />
              <MetadataToken>100664499</MetadataToken>
              <Name>System.Nullable`1&lt;System.Boolean&gt; Xunit.JsonObject::ValueAsNullableBoolean(System.String)</Name>
              <FileRef uid="253" />
              <SequencePoints>
                <SequencePoint vc="0" uspid="7897" ordinal="0" offset="0" sl="776" sc="13" el="776" ec="53" bec="0" bev="0" fileid="253" />
                <SequencePoint vc="0" uspid="7898" ordinal="1" offset="13" sl="777" sc="13" el="777" ec="33" bec="2" bev="0" fileid="253" />
                <SequencePoint vc="0" uspid="7899" ordinal="2" offset="16" sl="779" sc="17" el="779" ec="38" bec="0" bev="0" fileid="253" />
                <SequencePoint vc="0" uspid="7900" ordinal="3" offset="28" sl="782" sc="13" el="782" ec="25" bec="0" bev="0" fileid="253" />
              </SequencePoints>
              <BranchPoints>
                <BranchPoint vc="0" uspid="7901" ordinal="0" offset="14" sl="777" path="0" offsetend="16" fileid="253" />
                <BranchPoint vc="0" uspid="7902" ordinal="1" offset="14" sl="777" path="1" offsetend="28" fileid="253" />
              </BranchPoints>
              <MethodPoint xsi:type="SequencePoint" vc="0" uspid="7897" ordinal="0" offset="0" sl="776" sc="13" el="776" ec="53" bec="0" bev="0" fileid="253" />
            </Method>
            <Method visited="false" cyclomaticComplexity="5" nPathComplexity="8" sequenceCoverage="0" branchCoverage="0" crapScore="30" isConstructor="false" isStatic="false" isGetter="false" isSetter="false">
              <Summary numSequencePoints="10" visitedSequencePoints="0" numBranchPoints="7" visitedBranchPoints="0" sequenceCoverage="0" branchCoverage="0" maxCyclomaticComplexity="5" minCyclomaticComplexity="5" maxCrapScore="30" minCrapScore="30" visitedClasses="0" numClasses="0" visitedMethods="0" numMethods="1" />
              <MetadataToken>100664500</MetadataToken>
              <Name>System.String[] Xunit.JsonObject::ValueAsStringArray(System.String)</Name>
              <FileRef uid="253" />
              <SequencePoints>
                <SequencePoint vc="0" uspid="7903" ordinal="0" offset="0" sl="787" sc="13" el="787" ec="48" bec="0" bev="0" fileid="253" />
                <SequencePoint vc="0" uspid="7904" ordinal="1" offset="13" sl="788" sc="13" el="788" ec="30" bec="2" bev="0" fileid="253" />
                <SequencePoint vc="0" uspid="7905" ordinal="2" offset="16" sl="790" sc="17" el="790" ec="29" bec="0" bev="0" fileid="253" />
                <SequencePoint vc="0" uspid="7906" ordinal="3" offset="18" sl="793" sc="13" el="793" ec="50" bec="0" bev="0" fileid="253" />
                <SequencePoint vc="0" uspid="7907" ordinal="4" offset="30" sl="795" sc="18" el="795" ec="27" bec="0" bev="0" fileid="253" />
                <SequencePoint vc="0" uspid="7908" ordinal="5" offset="34" sl="797" sc="17" el="797" ec="56" bec="0" bev="0" fileid="253" />
                <SequencePoint vc="0" uspid="7909" ordinal="6" offset="47" sl="798" sc="17" el="798" ec="52" bec="2" bev="0" fileid="253" />
                <SequencePoint vc="0" uspid="7910" ordinal="7" offset="62" sl="795" sc="46" el="795" ec="49" bec="0" bev="0" fileid="253" />
                <SequencePoint vc="0" uspid="7911" ordinal="8" offset="66" sl="795" sc="29" el="795" ec="44" bec="2" bev="0" fileid="253" />
                <SequencePoint vc="0" uspid="7912" ordinal="9" offset="75" sl="801" sc="13" el="801" ec="27" bec="0" bev="0" fileid="253" />
              </SequencePoints>
              <BranchPoints>
                <BranchPoint vc="0" uspid="7913" ordinal="0" offset="14" sl="788" path="0" offsetend="16" fileid="253" />
                <BranchPoint vc="0" uspid="7914" ordinal="1" offset="14" sl="788" path="1" offsetend="18" fileid="253" />
                <BranchPoint vc="0" uspid="7915" ordinal="2" offset="50" sl="798" path="0" offsetend="52" fileid="253" />
                <BranchPoint vc="0" uspid="7916" ordinal="3" offset="50" sl="798" path="1" offsetend="55" fileid="253" />
                <BranchPoint vc="0" uspid="7917" ordinal="4" offset="73" sl="795" path="0" offsetend="75" fileid="253" />
                <BranchPoint vc="0" uspid="7918" ordinal="5" offset="73" sl="795" path="1" offsetend="34" fileid="253" />
              </BranchPoints>
              <MethodPoint xsi:type="SequencePoint" vc="0" uspid="7903" ordinal="0" offset="0" sl="787" sc="13" el="787" ec="48" bec="0" bev="0" fileid="253" />
            </Method>
          </Methods>
        </Class>
        <Class>
          <Summary numSequencePoints="10" visitedSequencePoints="0" numBranchPoints="8" visitedBranchPoints="0" sequenceCoverage="0" branchCoverage="0" maxCyclomaticComplexity="2" minCyclomaticComplexity="1" maxCrapScore="6" minCrapScore="2" visitedClasses="0" numClasses="1" visitedMethods="0" numMethods="4" />
          <FullName>Xunit.JsonString</FullName>
          <Methods>
            <Method visited="false" cyclomaticComplexity="1" nPathComplexity="0" sequenceCoverage="0" branchCoverage="0" crapScore="2" isConstructor="false" isStatic="false" isGetter="true" isSetter="false">
              <Summary numSequencePoints="1" visitedSequencePoints="0" numBranchPoints="1" visitedBranchPoints="0" sequenceCoverage="0" branchCoverage="0" maxCyclomaticComplexity="1" minCyclomaticComplexity="1" maxCrapScore="2" minCrapScore="2" visitedClasses="0" numClasses="0" visitedMethods="0" numMethods="1" />
              <MetadataToken>100664502</MetadataToken>
              <Name>System.String Xunit.JsonString::get_Value()</Name>
              <FileRef uid="253" />
              <SequencePoints>
                <SequencePoint vc="0" uspid="7919" ordinal="0" offset="0" sl="822" sc="19" el="822" ec="33" bec="0" bev="0" fileid="253" />
              </SequencePoints>
              <BranchPoints />
              <MethodPoint xsi:type="SequencePoint" vc="0" uspid="7919" ordinal="0" offset="0" sl="822" sc="19" el="822" ec="33" bec="0" bev="0" fileid="253" />
            </Method>
            <Method visited="false" cyclomaticComplexity="2" nPathComplexity="2" sequenceCoverage="0" branchCoverage="0" crapScore="6" isConstructor="true" isStatic="false" isGetter="false" isSetter="false">
              <Summary numSequencePoints="5" visitedSequencePoints="0" numBranchPoints="3" visitedBranchPoints="0" sequenceCoverage="0" branchCoverage="0" maxCyclomaticComplexity="2" minCyclomaticComplexity="2" maxCrapScore="6" minCrapScore="6" visitedClasses="0" numClasses="0" visitedMethods="0" numMethods="1" />
              <MetadataToken>100664501</MetadataToken>
              <Name>System.Void Xunit.JsonString::.ctor(System.String,System.Int32,System.Int32)</Name>
              <FileRef uid="253" />
              <SequencePoints>
                <SequencePoint vc="0" uspid="7920" ordinal="0" offset="0" sl="810" sc="15" el="810" ec="33" bec="0" bev="0" fileid="253" />
                <SequencePoint vc="0" uspid="7921" ordinal="1" offset="8" sl="812" sc="13" el="812" ec="31" bec="2" bev="0" fileid="253" />
                <SequencePoint vc="0" uspid="7922" ordinal="2" offset="11" sl="814" sc="17" el="814" ec="64" bec="0" bev="0" fileid="253" />
                <SequencePoint vc="0" uspid="7923" ordinal="3" offset="22" sl="817" sc="13" el="817" ec="28" bec="0" bev="0" fileid="253" />
                <SequencePoint vc="0" uspid="7924" ordinal="4" offset="29" sl="818" sc="9" el="818" ec="10" bec="0" bev="0" fileid="253" />
              </SequencePoints>
              <BranchPoints>
                <BranchPoint vc="0" uspid="7925" ordinal="0" offset="9" sl="812" path="0" offsetend="11" fileid="253" />
                <BranchPoint vc="0" uspid="7926" ordinal="1" offset="9" sl="812" path="1" offsetend="22" fileid="253" />
              </BranchPoints>
              <MethodPoint xsi:type="SequencePoint" vc="0" uspid="7920" ordinal="0" offset="0" sl="810" sc="15" el="810" ec="33" bec="0" bev="0" fileid="253" />
            </Method>
            <Method visited="false" cyclomaticComplexity="1" nPathComplexity="0" sequenceCoverage="0" branchCoverage="0" crapScore="2" isConstructor="false" isStatic="false" isGetter="false" isSetter="false">
              <Summary numSequencePoints="1" visitedSequencePoints="0" numBranchPoints="1" visitedBranchPoints="0" sequenceCoverage="0" branchCoverage="0" maxCyclomaticComplexity="1" minCyclomaticComplexity="1" maxCrapScore="2" minCrapScore="2" visitedClasses="0" numClasses="0" visitedMethods="0" numMethods="1" />
              <MetadataToken>100664503</MetadataToken>
              <Name>System.String Xunit.JsonString::ToString()</Name>
              <FileRef uid="253" />
              <SequencePoints>
                <SequencePoint vc="0" uspid="7927" ordinal="0" offset="0" sl="827" sc="13" el="827" ec="27" bec="0" bev="0" fileid="253" />
              </SequencePoints>
              <BranchPoints />
              <MethodPoint xsi:type="SequencePoint" vc="0" uspid="7927" ordinal="0" offset="0" sl="827" sc="13" el="827" ec="27" bec="0" bev="0" fileid="253" />
            </Method>
            <Method visited="false" cyclomaticComplexity="2" nPathComplexity="2" sequenceCoverage="0" branchCoverage="0" crapScore="6" isConstructor="false" isStatic="true" isGetter="false" isSetter="false">
              <Summary numSequencePoints="3" visitedSequencePoints="0" numBranchPoints="3" visitedBranchPoints="0" sequenceCoverage="0" branchCoverage="0" maxCyclomaticComplexity="2" minCyclomaticComplexity="2" maxCrapScore="6" minCrapScore="6" visitedClasses="0" numClasses="0" visitedMethods="0" numMethods="1" />
              <MetadataToken>100664504</MetadataToken>
              <Name>System.String Xunit.JsonString::op_Implicit(Xunit.JsonString)</Name>
              <FileRef uid="253" />
              <SequencePoints>
                <SequencePoint vc="0" uspid="7928" ordinal="0" offset="0" sl="832" sc="13" el="832" ec="34" bec="2" bev="0" fileid="253" />
                <SequencePoint vc="0" uspid="7929" ordinal="1" offset="3" sl="834" sc="17" el="834" ec="29" bec="0" bev="0" fileid="253" />
                <SequencePoint vc="0" uspid="7930" ordinal="2" offset="5" sl="838" sc="17" el="838" ec="39" bec="0" bev="0" fileid="253" />
              </SequencePoints>
              <BranchPoints>
                <BranchPoint vc="0" uspid="7931" ordinal="0" offset="1" sl="832" path="0" offsetend="3" fileid="253" />
                <BranchPoint vc="0" uspid="7932" ordinal="1" offset="1" sl="832" path="1" offsetend="5" fileid="253" />
              </BranchPoints>
              <MethodPoint xsi:type="SequencePoint" vc="0" uspid="7928" ordinal="0" offset="0" sl="832" sc="13" el="832" ec="34" bec="2" bev="0" fileid="253" />
            </Method>
          </Methods>
        </Class>
        <Class>
          <Summary numSequencePoints="6" visitedSequencePoints="0" numBranchPoints="3" visitedBranchPoints="0" sequenceCoverage="0" branchCoverage="0" maxCyclomaticComplexity="1" minCyclomaticComplexity="1" maxCrapScore="2" minCrapScore="2" visitedClasses="0" numClasses="1" visitedMethods="0" numMethods="3" />
          <FullName>Xunit.JsonValue</FullName>
          <Methods>
            <Method visited="false" cyclomaticComplexity="1" nPathComplexity="0" sequenceCoverage="0" branchCoverage="0" crapScore="2" isConstructor="false" isStatic="false" isGetter="true" isSetter="false">
              <Summary numSequencePoints="1" visitedSequencePoints="0" numBranchPoints="1" visitedBranchPoints="0" sequenceCoverage="0" branchCoverage="0" maxCyclomaticComplexity="1" minCyclomaticComplexity="1" maxCrapScore="2" minCrapScore="2" visitedClasses="0" numClasses="0" visitedMethods="0" numMethods="1" />
              <MetadataToken>100664506</MetadataToken>
              <Name>System.Int32 Xunit.JsonValue::get_Line()</Name>
              <FileRef uid="253" />
              <SequencePoints>
                <SequencePoint vc="0" uspid="7933" ordinal="0" offset="0" sl="875" sc="27" el="875" ec="31" bec="0" bev="0" fileid="253" />
              </SequencePoints>
              <BranchPoints />
              <MethodPoint xsi:type="SequencePoint" vc="0" uspid="7933" ordinal="0" offset="0" sl="875" sc="27" el="875" ec="31" bec="0" bev="0" fileid="253" />
            </Method>
            <Method visited="false" cyclomaticComplexity="1" nPathComplexity="0" sequenceCoverage="0" branchCoverage="0" crapScore="2" isConstructor="false" isStatic="false" isGetter="true" isSetter="false">
              <Summary numSequencePoints="1" visitedSequencePoints="0" numBranchPoints="1" visitedBranchPoints="0" sequenceCoverage="0" branchCoverage="0" maxCyclomaticComplexity="1" minCyclomaticComplexity="1" maxCrapScore="2" minCrapScore="2" visitedClasses="0" numClasses="0" visitedMethods="0" numMethods="1" />
              <MetadataToken>100664507</MetadataToken>
              <Name>System.Int32 Xunit.JsonValue::get_Column()</Name>
              <FileRef uid="253" />
              <SequencePoints>
                <SequencePoint vc="0" uspid="7934" ordinal="0" offset="0" sl="877" sc="29" el="877" ec="33" bec="0" bev="0" fileid="253" />
              </SequencePoints>
              <BranchPoints />
              <MethodPoint xsi:type="SequencePoint" vc="0" uspid="7934" ordinal="0" offset="0" sl="877" sc="29" el="877" ec="33" bec="0" bev="0" fileid="253" />
            </Method>
            <Method visited="false" cyclomaticComplexity="1" nPathComplexity="0" sequenceCoverage="0" branchCoverage="0" crapScore="2" isConstructor="true" isStatic="false" isGetter="false" isSetter="false">
              <Summary numSequencePoints="4" visitedSequencePoints="0" numBranchPoints="1" visitedBranchPoints="0" sequenceCoverage="0" branchCoverage="0" maxCyclomaticComplexity="1" minCyclomaticComplexity="1" maxCrapScore="2" minCrapScore="2" visitedClasses="0" numClasses="0" visitedMethods="0" numMethods="1" />
              <MetadataToken>100664505</MetadataToken>
              <Name>System.Void Xunit.JsonValue::.ctor(System.Int32,System.Int32)</Name>
              <FileRef uid="253" />
              <SequencePoints>
                <SequencePoint vc="0" uspid="7935" ordinal="0" offset="0" sl="869" sc="9" el="869" ec="47" bec="0" bev="0" fileid="253" />
                <SequencePoint vc="0" uspid="7936" ordinal="1" offset="6" sl="871" sc="13" el="871" ec="25" bec="0" bev="0" fileid="253" />
                <SequencePoint vc="0" uspid="7937" ordinal="2" offset="13" sl="872" sc="13" el="872" ec="29" bec="0" bev="0" fileid="253" />
                <SequencePoint vc="0" uspid="7938" ordinal="3" offset="20" sl="873" sc="9" el="873" ec="10" bec="0" bev="0" fileid="253" />
              </SequencePoints>
              <BranchPoints />
              <MethodPoint xsi:type="SequencePoint" vc="0" uspid="7935" ordinal="0" offset="0" sl="869" sc="9" el="869" ec="47" bec="0" bev="0" fileid="253" />
            </Method>
          </Methods>
        </Class>
        <Class>
          <Summary numSequencePoints="3" visitedSequencePoints="0" numBranchPoints="3" visitedBranchPoints="0" sequenceCoverage="0" branchCoverage="0" maxCyclomaticComplexity="1" minCyclomaticComplexity="1" maxCrapScore="2" minCrapScore="2" visitedClasses="0" numClasses="1" visitedMethods="0" numMethods="3" />
          <FullName>Xunit.NullMessageSink</FullName>
          <Methods>
            <Method visited="false" cyclomaticComplexity="1" nPathComplexity="0" sequenceCoverage="0" branchCoverage="0" crapScore="2" isConstructor="false" isStatic="false" isGetter="false" isSetter="false">
              <Summary numSequencePoints="1" visitedSequencePoints="0" numBranchPoints="1" visitedBranchPoints="0" sequenceCoverage="0" branchCoverage="0" maxCyclomaticComplexity="1" minCyclomaticComplexity="1" maxCrapScore="2" minCrapScore="2" visitedClasses="0" numClasses="0" visitedMethods="0" numMethods="1" />
              <MetadataToken>100664508</MetadataToken>
              <Name>System.Void Xunit.NullMessageSink::Dispose()</Name>
              <FileRef uid="264" />
              <SequencePoints>
                <SequencePoint vc="0" uspid="7939" ordinal="0" offset="0" sl="20" sc="33" el="20" ec="34" bec="0" bev="0" fileid="264" />
              </SequencePoints>
              <BranchPoints />
              <MethodPoint xsi:type="SequencePoint" vc="0" uspid="7939" ordinal="0" offset="0" sl="20" sc="33" el="20" ec="34" bec="0" bev="0" fileid="264" />
            </Method>
            <Method visited="false" cyclomaticComplexity="1" nPathComplexity="0" sequenceCoverage="0" branchCoverage="0" crapScore="2" isConstructor="false" isStatic="false" isGetter="false" isSetter="false">
              <Summary numSequencePoints="1" visitedSequencePoints="0" numBranchPoints="1" visitedBranchPoints="0" sequenceCoverage="0" branchCoverage="0" maxCyclomaticComplexity="1" minCyclomaticComplexity="1" maxCrapScore="2" minCrapScore="2" visitedClasses="0" numClasses="0" visitedMethods="0" numMethods="1" />
              <MetadataToken>100664509</MetadataToken>
              <Name>System.Boolean Xunit.NullMessageSink::OnMessage(Xunit.Abstractions.IMessageSinkMessage)</Name>
              <FileRef uid="264" />
              <SequencePoints>
                <SequencePoint vc="0" uspid="7940" ordinal="0" offset="0" sl="24" sc="16" el="24" ec="20" bec="0" bev="0" fileid="264" />
              </SequencePoints>
              <BranchPoints />
              <MethodPoint xsi:type="SequencePoint" vc="0" uspid="7940" ordinal="0" offset="0" sl="24" sc="16" el="24" ec="20" bec="0" bev="0" fileid="264" />
            </Method>
            <Method visited="false" cyclomaticComplexity="1" nPathComplexity="0" sequenceCoverage="0" branchCoverage="0" crapScore="2" isConstructor="false" isStatic="false" isGetter="false" isSetter="false">
              <Summary numSequencePoints="1" visitedSequencePoints="0" numBranchPoints="1" visitedBranchPoints="0" sequenceCoverage="0" branchCoverage="0" maxCyclomaticComplexity="1" minCyclomaticComplexity="1" maxCrapScore="2" minCrapScore="2" visitedClasses="0" numClasses="0" visitedMethods="0" numMethods="1" />
              <MetadataToken>100664510</MetadataToken>
              <Name>System.Boolean Xunit.NullMessageSink::OnMessageWithTypes(Xunit.Abstractions.IMessageSinkMessage,System.Collections.Generic.HashSet`1&lt;System.String&gt;)</Name>
              <FileRef uid="264" />
              <SequencePoints>
                <SequencePoint vc="0" uspid="7941" ordinal="0" offset="0" sl="28" sc="16" el="28" ec="20" bec="0" bev="0" fileid="264" />
              </SequencePoints>
              <BranchPoints />
              <MethodPoint xsi:type="SequencePoint" vc="0" uspid="7941" ordinal="0" offset="0" sl="28" sc="16" el="28" ec="20" bec="0" bev="0" fileid="264" />
            </Method>
            <Method visited="false" cyclomaticComplexity="1" nPathComplexity="0" sequenceCoverage="0" branchCoverage="0" crapScore="2" isConstructor="true" isStatic="false" isGetter="false" isSetter="false">
              <Summary numSequencePoints="0" visitedSequencePoints="0" numBranchPoints="0" visitedBranchPoints="0" sequenceCoverage="0" branchCoverage="0" maxCyclomaticComplexity="1" minCyclomaticComplexity="1" maxCrapScore="2" minCrapScore="2" visitedClasses="0" numClasses="0" visitedMethods="0" numMethods="0" />
              <MetadataToken>100664511</MetadataToken>
              <Name>System.Void Xunit.NullMessageSink::.ctor()</Name>
              <SequencePoints />
              <BranchPoints />
              <MethodPoint vc="0" uspid="7942" ordinal="0" offset="0" />
            </Method>
          </Methods>
        </Class>
        <Class>
          <Summary numSequencePoints="10" visitedSequencePoints="0" numBranchPoints="6" visitedBranchPoints="0" sequenceCoverage="0" branchCoverage="0" maxCyclomaticComplexity="1" minCyclomaticComplexity="1" maxCrapScore="2" minCrapScore="2" visitedClasses="0" numClasses="1" visitedMethods="0" numMethods="6" />
          <FullName>Xunit.SourceInformation</FullName>
          <Methods>
            <Method visited="false" cyclomaticComplexity="1" nPathComplexity="0" sequenceCoverage="0" branchCoverage="0" crapScore="2" isConstructor="false" isStatic="false" isGetter="true" isSetter="false">
              <Summary numSequencePoints="1" visitedSequencePoints="0" numBranchPoints="1" visitedBranchPoints="0" sequenceCoverage="0" branchCoverage="0" maxCyclomaticComplexity="1" minCyclomaticComplexity="1" maxCrapScore="2" minCrapScore="2" visitedClasses="0" numClasses="0" visitedMethods="0" numMethods="1" />
              <MetadataToken>100664512</MetadataToken>
              <Name>System.String Xunit.SourceInformation::get_FileName()</Name>
              <FileRef uid="265" />
              <SequencePoints>
                <SequencePoint vc="0" uspid="7943" ordinal="0" offset="0" sl="15" sc="34" el="15" ec="38" bec="0" bev="0" fileid="265" />
              </SequencePoints>
              <BranchPoints />
              <MethodPoint xsi:type="SequencePoint" vc="0" uspid="7943" ordinal="0" offset="0" sl="15" sc="34" el="15" ec="38" bec="0" bev="0" fileid="265" />
            </Method>
            <Method visited="false" cyclomaticComplexity="1" nPathComplexity="0" sequenceCoverage="0" branchCoverage="0" crapScore="2" isConstructor="false" isStatic="false" isGetter="false" isSetter="true">
              <Summary numSequencePoints="1" visitedSequencePoints="0" numBranchPoints="1" visitedBranchPoints="0" sequenceCoverage="0" branchCoverage="0" maxCyclomaticComplexity="1" minCyclomaticComplexity="1" maxCrapScore="2" minCrapScore="2" visitedClasses="0" numClasses="0" visitedMethods="0" numMethods="1" />
              <MetadataToken>100664513</MetadataToken>
              <Name>System.Void Xunit.SourceInformation::set_FileName(System.String)</Name>
              <FileRef uid="265" />
              <SequencePoints>
                <SequencePoint vc="0" uspid="7944" ordinal="0" offset="0" sl="15" sc="39" el="15" ec="43" bec="0" bev="0" fileid="265" />
              </SequencePoints>
              <BranchPoints />
              <MethodPoint xsi:type="SequencePoint" vc="0" uspid="7944" ordinal="0" offset="0" sl="15" sc="39" el="15" ec="43" bec="0" bev="0" fileid="265" />
            </Method>
            <Method visited="false" cyclomaticComplexity="1" nPathComplexity="0" sequenceCoverage="0" branchCoverage="0" crapScore="2" isConstructor="false" isStatic="false" isGetter="true" isSetter="false">
              <Summary numSequencePoints="1" visitedSequencePoints="0" numBranchPoints="1" visitedBranchPoints="0" sequenceCoverage="0" branchCoverage="0" maxCyclomaticComplexity="1" minCyclomaticComplexity="1" maxCrapScore="2" minCrapScore="2" visitedClasses="0" numClasses="0" visitedMethods="0" numMethods="1" />
              <MetadataToken>100664514</MetadataToken>
              <Name>System.Nullable`1&lt;System.Int32&gt; Xunit.SourceInformation::get_LineNumber()</Name>
              <FileRef uid="265" />
              <SequencePoints>
                <SequencePoint vc="0" uspid="7945" ordinal="0" offset="0" sl="18" sc="34" el="18" ec="38" bec="0" bev="0" fileid="265" />
              </SequencePoints>
              <BranchPoints />
              <MethodPoint xsi:type="SequencePoint" vc="0" uspid="7945" ordinal="0" offset="0" sl="18" sc="34" el="18" ec="38" bec="0" bev="0" fileid="265" />
            </Method>
            <Method visited="false" cyclomaticComplexity="1" nPathComplexity="0" sequenceCoverage="0" branchCoverage="0" crapScore="2" isConstructor="false" isStatic="false" isGetter="false" isSetter="true">
              <Summary numSequencePoints="1" visitedSequencePoints="0" numBranchPoints="1" visitedBranchPoints="0" sequenceCoverage="0" branchCoverage="0" maxCyclomaticComplexity="1" minCyclomaticComplexity="1" maxCrapScore="2" minCrapScore="2" visitedClasses="0" numClasses="0" visitedMethods="0" numMethods="1" />
              <MetadataToken>100664515</MetadataToken>
              <Name>System.Void Xunit.SourceInformation::set_LineNumber(System.Nullable`1&lt;System.Int32&gt;)</Name>
              <FileRef uid="265" />
              <SequencePoints>
                <SequencePoint vc="0" uspid="7946" ordinal="0" offset="0" sl="18" sc="39" el="18" ec="43" bec="0" bev="0" fileid="265" />
              </SequencePoints>
              <BranchPoints />
              <MethodPoint xsi:type="SequencePoint" vc="0" uspid="7946" ordinal="0" offset="0" sl="18" sc="39" el="18" ec="43" bec="0" bev="0" fileid="265" />
            </Method>
            <Method visited="false" cyclomaticComplexity="1" nPathComplexity="0" sequenceCoverage="0" branchCoverage="0" crapScore="2" isConstructor="false" isStatic="false" isGetter="false" isSetter="false">
              <Summary numSequencePoints="3" visitedSequencePoints="0" numBranchPoints="1" visitedBranchPoints="0" sequenceCoverage="0" branchCoverage="0" maxCyclomaticComplexity="1" minCyclomaticComplexity="1" maxCrapScore="2" minCrapScore="2" visitedClasses="0" numClasses="0" visitedMethods="0" numMethods="1" />
              <MetadataToken>100664516</MetadataToken>
              <Name>System.Void Xunit.SourceInformation::Serialize(Xunit.Abstractions.IXunitSerializationInfo)</Name>
              <FileRef uid="265" />
              <SequencePoints>
                <SequencePoint vc="0" uspid="7947" ordinal="0" offset="0" sl="23" sc="13" el="23" ec="49" bec="0" bev="0" fileid="265" />
                <SequencePoint vc="0" uspid="7948" ordinal="1" offset="18" sl="24" sc="13" el="24" ec="53" bec="0" bev="0" fileid="265" />
                <SequencePoint vc="0" uspid="7949" ordinal="2" offset="41" sl="25" sc="9" el="25" ec="10" bec="0" bev="0" fileid="265" />
              </SequencePoints>
              <BranchPoints />
              <MethodPoint xsi:type="SequencePoint" vc="0" uspid="7947" ordinal="0" offset="0" sl="23" sc="13" el="23" ec="49" bec="0" bev="0" fileid="265" />
            </Method>
            <Method visited="false" cyclomaticComplexity="1" nPathComplexity="0" sequenceCoverage="0" branchCoverage="0" crapScore="2" isConstructor="false" isStatic="false" isGetter="false" isSetter="false">
              <Summary numSequencePoints="3" visitedSequencePoints="0" numBranchPoints="1" visitedBranchPoints="0" sequenceCoverage="0" branchCoverage="0" maxCyclomaticComplexity="1" minCyclomaticComplexity="1" maxCrapScore="2" minCrapScore="2" visitedClasses="0" numClasses="0" visitedMethods="0" numMethods="1" />
              <MetadataToken>100664517</MetadataToken>
              <Name>System.Void Xunit.SourceInformation::Deserialize(Xunit.Abstractions.IXunitSerializationInfo)</Name>
              <FileRef uid="265" />
              <SequencePoints>
                <SequencePoint vc="0" uspid="7950" ordinal="0" offset="0" sl="30" sc="13" el="30" ec="58" bec="0" bev="0" fileid="265" />
                <SequencePoint vc="0" uspid="7951" ordinal="1" offset="17" sl="31" sc="13" el="31" ec="60" bec="0" bev="0" fileid="265" />
                <SequencePoint vc="0" uspid="7952" ordinal="2" offset="34" sl="32" sc="9" el="32" ec="10" bec="0" bev="0" fileid="265" />
              </SequencePoints>
              <BranchPoints />
              <MethodPoint xsi:type="SequencePoint" vc="0" uspid="7950" ordinal="0" offset="0" sl="30" sc="13" el="30" ec="58" bec="0" bev="0" fileid="265" />
            </Method>
            <Method visited="false" cyclomaticComplexity="1" nPathComplexity="0" sequenceCoverage="0" branchCoverage="0" crapScore="2" isConstructor="true" isStatic="false" isGetter="false" isSetter="false">
              <Summary numSequencePoints="0" visitedSequencePoints="0" numBranchPoints="0" visitedBranchPoints="0" sequenceCoverage="0" branchCoverage="0" maxCyclomaticComplexity="1" minCyclomaticComplexity="1" maxCrapScore="2" minCrapScore="2" visitedClasses="0" numClasses="0" visitedMethods="0" numMethods="0" />
              <MetadataToken>100664518</MetadataToken>
              <Name>System.Void Xunit.SourceInformation::.ctor()</Name>
              <SequencePoints />
              <BranchPoints />
              <MethodPoint vc="0" uspid="7953" ordinal="0" offset="0" />
            </Method>
          </Methods>
        </Class>
        <Class>
          <Summary numSequencePoints="5" visitedSequencePoints="0" numBranchPoints="3" visitedBranchPoints="0" sequenceCoverage="0" branchCoverage="0" maxCyclomaticComplexity="1" minCyclomaticComplexity="1" maxCrapScore="2" minCrapScore="2" visitedClasses="0" numClasses="1" visitedMethods="0" numMethods="3" />
          <FullName>Xunit.AfterTestFinished</FullName>
          <Methods>
            <Method visited="false" cyclomaticComplexity="1" nPathComplexity="0" sequenceCoverage="0" branchCoverage="0" crapScore="2" isConstructor="false" isStatic="false" isGetter="true" isSetter="false">
              <Summary numSequencePoints="1" visitedSequencePoints="0" numBranchPoints="1" visitedBranchPoints="0" sequenceCoverage="0" branchCoverage="0" maxCyclomaticComplexity="1" minCyclomaticComplexity="1" maxCrapScore="2" minCrapScore="2" visitedClasses="0" numClasses="0" visitedMethods="0" numMethods="1" />
              <MetadataToken>100664520</MetadataToken>
              <Name>System.String Xunit.AfterTestFinished::get_AttributeName()</Name>
              <FileRef uid="266" />
              <SequencePoints>
                <SequencePoint vc="0" uspid="7954" ordinal="0" offset="0" sl="24" sc="39" el="24" ec="43" bec="0" bev="0" fileid="266" />
              </SequencePoints>
              <BranchPoints />
              <MethodPoint xsi:type="SequencePoint" vc="0" uspid="7954" ordinal="0" offset="0" sl="24" sc="39" el="24" ec="43" bec="0" bev="0" fileid="266" />
            </Method>
            <Method visited="false" cyclomaticComplexity="1" nPathComplexity="0" sequenceCoverage="0" branchCoverage="0" crapScore="2" isConstructor="false" isStatic="false" isGetter="false" isSetter="true">
              <Summary numSequencePoints="1" visitedSequencePoints="0" numBranchPoints="1" visitedBranchPoints="0" sequenceCoverage="0" branchCoverage="0" maxCyclomaticComplexity="1" minCyclomaticComplexity="1" maxCrapScore="2" minCrapScore="2" visitedClasses="0" numClasses="0" visitedMethods="0" numMethods="1" />
              <MetadataToken>100664521</MetadataToken>
              <Name>System.Void Xunit.AfterTestFinished::set_AttributeName(System.String)</Name>
              <FileRef uid="266" />
              <SequencePoints>
                <SequencePoint vc="0" uspid="7955" ordinal="0" offset="0" sl="24" sc="44" el="24" ec="56" bec="0" bev="0" fileid="266" />
              </SequencePoints>
              <BranchPoints />
              <MethodPoint xsi:type="SequencePoint" vc="0" uspid="7955" ordinal="0" offset="0" sl="24" sc="44" el="24" ec="56" bec="0" bev="0" fileid="266" />
            </Method>
            <Method visited="false" cyclomaticComplexity="1" nPathComplexity="0" sequenceCoverage="0" branchCoverage="0" crapScore="2" isConstructor="true" isStatic="false" isGetter="false" isSetter="false">
              <Summary numSequencePoints="3" visitedSequencePoints="0" numBranchPoints="1" visitedBranchPoints="0" sequenceCoverage="0" branchCoverage="0" maxCyclomaticComplexity="1" minCyclomaticComplexity="1" maxCrapScore="2" minCrapScore="2" visitedClasses="0" numClasses="0" visitedMethods="0" numMethods="1" />
              <MetadataToken>100664519</MetadataToken>
              <Name>System.Void Xunit.AfterTestFinished::.ctor(Xunit.Abstractions.ITest,System.String)</Name>
              <FileRef uid="266" />
              <SequencePoints>
                <SequencePoint vc="0" uspid="7956" ordinal="0" offset="0" sl="18" sc="15" el="18" ec="25" bec="0" bev="0" fileid="266" />
                <SequencePoint vc="0" uspid="7957" ordinal="1" offset="7" sl="20" sc="13" el="20" ec="43" bec="0" bev="0" fileid="266" />
                <SequencePoint vc="0" uspid="7958" ordinal="2" offset="14" sl="21" sc="9" el="21" ec="10" bec="0" bev="0" fileid="266" />
              </SequencePoints>
              <BranchPoints />
              <MethodPoint xsi:type="SequencePoint" vc="0" uspid="7956" ordinal="0" offset="0" sl="18" sc="15" el="18" ec="25" bec="0" bev="0" fileid="266" />
            </Method>
          </Methods>
        </Class>
        <Class>
          <Summary numSequencePoints="5" visitedSequencePoints="0" numBranchPoints="3" visitedBranchPoints="0" sequenceCoverage="0" branchCoverage="0" maxCyclomaticComplexity="1" minCyclomaticComplexity="1" maxCrapScore="2" minCrapScore="2" visitedClasses="0" numClasses="1" visitedMethods="0" numMethods="3" />
          <FullName>Xunit.AfterTestStarting</FullName>
          <Methods>
            <Method visited="false" cyclomaticComplexity="1" nPathComplexity="0" sequenceCoverage="0" branchCoverage="0" crapScore="2" isConstructor="false" isStatic="false" isGetter="true" isSetter="false">
              <Summary numSequencePoints="1" visitedSequencePoints="0" numBranchPoints="1" visitedBranchPoints="0" sequenceCoverage="0" branchCoverage="0" maxCyclomaticComplexity="1" minCyclomaticComplexity="1" maxCrapScore="2" minCrapScore="2" visitedClasses="0" numClasses="0" visitedMethods="0" numMethods="1" />
              <MetadataToken>100664523</MetadataToken>
              <Name>System.String Xunit.AfterTestStarting::get_AttributeName()</Name>
              <FileRef uid="267" />
              <SequencePoints>
                <SequencePoint vc="0" uspid="7959" ordinal="0" offset="0" sl="24" sc="39" el="24" ec="43" bec="0" bev="0" fileid="267" />
              </SequencePoints>
              <BranchPoints />
              <MethodPoint xsi:type="SequencePoint" vc="0" uspid="7959" ordinal="0" offset="0" sl="24" sc="39" el="24" ec="43" bec="0" bev="0" fileid="267" />
            </Method>
            <Method visited="false" cyclomaticComplexity="1" nPathComplexity="0" sequenceCoverage="0" branchCoverage="0" crapScore="2" isConstructor="false" isStatic="false" isGetter="false" isSetter="true">
              <Summary numSequencePoints="1" visitedSequencePoints="0" numBranchPoints="1" visitedBranchPoints="0" sequenceCoverage="0" branchCoverage="0" maxCyclomaticComplexity="1" minCyclomaticComplexity="1" maxCrapScore="2" minCrapScore="2" visitedClasses="0" numClasses="0" visitedMethods="0" numMethods="1" />
              <MetadataToken>100664524</MetadataToken>
              <Name>System.Void Xunit.AfterTestStarting::set_AttributeName(System.String)</Name>
              <FileRef uid="267" />
              <SequencePoints>
                <SequencePoint vc="0" uspid="7960" ordinal="0" offset="0" sl="24" sc="44" el="24" ec="56" bec="0" bev="0" fileid="267" />
              </SequencePoints>
              <BranchPoints />
              <MethodPoint xsi:type="SequencePoint" vc="0" uspid="7960" ordinal="0" offset="0" sl="24" sc="44" el="24" ec="56" bec="0" bev="0" fileid="267" />
            </Method>
            <Method visited="false" cyclomaticComplexity="1" nPathComplexity="0" sequenceCoverage="0" branchCoverage="0" crapScore="2" isConstructor="true" isStatic="false" isGetter="false" isSetter="false">
              <Summary numSequencePoints="3" visitedSequencePoints="0" numBranchPoints="1" visitedBranchPoints="0" sequenceCoverage="0" branchCoverage="0" maxCyclomaticComplexity="1" minCyclomaticComplexity="1" maxCrapScore="2" minCrapScore="2" visitedClasses="0" numClasses="0" visitedMethods="0" numMethods="1" />
              <MetadataToken>100664522</MetadataToken>
              <Name>System.Void Xunit.AfterTestStarting::.ctor(Xunit.Abstractions.ITest,System.String)</Name>
              <FileRef uid="267" />
              <SequencePoints>
                <SequencePoint vc="0" uspid="7961" ordinal="0" offset="0" sl="18" sc="15" el="18" ec="25" bec="0" bev="0" fileid="267" />
                <SequencePoint vc="0" uspid="7962" ordinal="1" offset="7" sl="20" sc="13" el="20" ec="43" bec="0" bev="0" fileid="267" />
                <SequencePoint vc="0" uspid="7963" ordinal="2" offset="14" sl="21" sc="9" el="21" ec="10" bec="0" bev="0" fileid="267" />
              </SequencePoints>
              <BranchPoints />
              <MethodPoint xsi:type="SequencePoint" vc="0" uspid="7961" ordinal="0" offset="0" sl="18" sc="15" el="18" ec="25" bec="0" bev="0" fileid="267" />
            </Method>
          </Methods>
        </Class>
        <Class>
          <Summary numSequencePoints="12" visitedSequencePoints="0" numBranchPoints="6" visitedBranchPoints="0" sequenceCoverage="0" branchCoverage="0" maxCyclomaticComplexity="1" minCyclomaticComplexity="1" maxCrapScore="2" minCrapScore="2" visitedClasses="0" numClasses="1" visitedMethods="0" numMethods="6" />
          <FullName>Xunit.TestAssemblyMessage</FullName>
          <Methods>
            <Method visited="false" cyclomaticComplexity="1" nPathComplexity="0" sequenceCoverage="0" branchCoverage="0" crapScore="2" isConstructor="false" isStatic="false" isGetter="true" isSetter="false">
              <Summary numSequencePoints="1" visitedSequencePoints="0" numBranchPoints="1" visitedBranchPoints="0" sequenceCoverage="0" branchCoverage="0" maxCyclomaticComplexity="1" minCyclomaticComplexity="1" maxCrapScore="2" minCrapScore="2" visitedClasses="0" numClasses="0" visitedMethods="0" numMethods="1" />
              <MetadataToken>100664527</MetadataToken>
              <Name>Xunit.Abstractions.ITestAssembly Xunit.TestAssemblyMessage::get_TestAssembly()</Name>
              <FileRef uid="268" />
              <SequencePoints>
                <SequencePoint vc="0" uspid="7964" ordinal="0" offset="0" sl="35" sc="45" el="35" ec="49" bec="0" bev="0" fileid="268" />
              </SequencePoints>
              <BranchPoints />
              <MethodPoint xsi:type="SequencePoint" vc="0" uspid="7964" ordinal="0" offset="0" sl="35" sc="45" el="35" ec="49" bec="0" bev="0" fileid="268" />
            </Method>
            <Method visited="false" cyclomaticComplexity="1" nPathComplexity="0" sequenceCoverage="0" branchCoverage="0" crapScore="2" isConstructor="false" isStatic="false" isGetter="false" isSetter="true">
              <Summary numSequencePoints="1" visitedSequencePoints="0" numBranchPoints="1" visitedBranchPoints="0" sequenceCoverage="0" branchCoverage="0" maxCyclomaticComplexity="1" minCyclomaticComplexity="1" maxCrapScore="2" minCrapScore="2" visitedClasses="0" numClasses="0" visitedMethods="0" numMethods="1" />
              <MetadataToken>100664528</MetadataToken>
              <Name>System.Void Xunit.TestAssemblyMessage::set_TestAssembly(Xunit.Abstractions.ITestAssembly)</Name>
              <FileRef uid="268" />
              <SequencePoints>
                <SequencePoint vc="0" uspid="7965" ordinal="0" offset="0" sl="35" sc="50" el="35" ec="54" bec="0" bev="0" fileid="268" />
              </SequencePoints>
              <BranchPoints />
              <MethodPoint xsi:type="SequencePoint" vc="0" uspid="7965" ordinal="0" offset="0" sl="35" sc="50" el="35" ec="54" bec="0" bev="0" fileid="268" />
            </Method>
            <Method visited="false" cyclomaticComplexity="1" nPathComplexity="0" sequenceCoverage="0" branchCoverage="0" crapScore="2" isConstructor="false" isStatic="false" isGetter="true" isSetter="false">
              <Summary numSequencePoints="1" visitedSequencePoints="0" numBranchPoints="1" visitedBranchPoints="0" sequenceCoverage="0" branchCoverage="0" maxCyclomaticComplexity="1" minCyclomaticComplexity="1" maxCrapScore="2" minCrapScore="2" visitedClasses="0" numClasses="0" visitedMethods="0" numMethods="1" />
              <MetadataToken>100664529</MetadataToken>
              <Name>System.Collections.Generic.IEnumerable`1&lt;Xunit.Abstractions.ITestCase&gt; Xunit.TestAssemblyMessage::get_TestCases()</Name>
              <FileRef uid="268" />
              <SequencePoints>
                <SequencePoint vc="0" uspid="7966" ordinal="0" offset="0" sl="38" sc="51" el="38" ec="55" bec="0" bev="0" fileid="268" />
              </SequencePoints>
              <BranchPoints />
              <MethodPoint xsi:type="SequencePoint" vc="0" uspid="7966" ordinal="0" offset="0" sl="38" sc="51" el="38" ec="55" bec="0" bev="0" fileid="268" />
            </Method>
            <Method visited="false" cyclomaticComplexity="1" nPathComplexity="0" sequenceCoverage="0" branchCoverage="0" crapScore="2" isConstructor="false" isStatic="false" isGetter="false" isSetter="true">
              <Summary numSequencePoints="1" visitedSequencePoints="0" numBranchPoints="1" visitedBranchPoints="0" sequenceCoverage="0" branchCoverage="0" maxCyclomaticComplexity="1" minCyclomaticComplexity="1" maxCrapScore="2" minCrapScore="2" visitedClasses="0" numClasses="0" visitedMethods="0" numMethods="1" />
              <MetadataToken>100664530</MetadataToken>
              <Name>System.Void Xunit.TestAssemblyMessage::set_TestCases(System.Collections.Generic.IEnumerable`1&lt;Xunit.Abstractions.ITestCase&gt;)</Name>
              <FileRef uid="268" />
              <SequencePoints>
                <SequencePoint vc="0" uspid="7967" ordinal="0" offset="0" sl="38" sc="56" el="38" ec="68" bec="0" bev="0" fileid="268" />
              </SequencePoints>
              <BranchPoints />
              <MethodPoint xsi:type="SequencePoint" vc="0" uspid="7967" ordinal="0" offset="0" sl="38" sc="56" el="38" ec="68" bec="0" bev="0" fileid="268" />
            </Method>
            <Method visited="false" cyclomaticComplexity="1" nPathComplexity="0" sequenceCoverage="0" branchCoverage="0" crapScore="2" isConstructor="true" isStatic="false" isGetter="false" isSetter="false">
              <Summary numSequencePoints="4" visitedSequencePoints="0" numBranchPoints="1" visitedBranchPoints="0" sequenceCoverage="0" branchCoverage="0" maxCyclomaticComplexity="1" minCyclomaticComplexity="1" maxCrapScore="2" minCrapScore="2" visitedClasses="0" numClasses="0" visitedMethods="0" numMethods="1" />
              <MetadataToken>100664525</MetadataToken>
              <Name>System.Void Xunit.TestAssemblyMessage::.ctor(System.Collections.Generic.IEnumerable`1&lt;Xunit.Abstractions.ITestCase&gt;,Xunit.Abstractions.ITestAssembly)</Name>
              <FileRef uid="268" />
              <SequencePoints>
                <SequencePoint vc="0" uspid="7968" ordinal="0" offset="0" sl="19" sc="9" el="19" ec="97" bec="0" bev="0" fileid="268" />
                <SequencePoint vc="0" uspid="7969" ordinal="1" offset="6" sl="21" sc="13" el="21" ec="41" bec="0" bev="0" fileid="268" />
                <SequencePoint vc="0" uspid="7970" ordinal="2" offset="13" sl="22" sc="13" el="22" ec="44" bec="0" bev="0" fileid="268" />
                <SequencePoint vc="0" uspid="7971" ordinal="3" offset="25" sl="23" sc="9" el="23" ec="10" bec="0" bev="0" fileid="268" />
              </SequencePoints>
              <BranchPoints />
              <MethodPoint xsi:type="SequencePoint" vc="0" uspid="7968" ordinal="0" offset="0" sl="19" sc="9" el="19" ec="97" bec="0" bev="0" fileid="268" />
            </Method>
            <Method visited="false" cyclomaticComplexity="1" nPathComplexity="0" sequenceCoverage="0" branchCoverage="0" crapScore="2" isConstructor="true" isStatic="false" isGetter="false" isSetter="false">
              <Summary numSequencePoints="4" visitedSequencePoints="0" numBranchPoints="1" visitedBranchPoints="0" sequenceCoverage="0" branchCoverage="0" maxCyclomaticComplexity="1" minCyclomaticComplexity="1" maxCrapScore="2" minCrapScore="2" visitedClasses="0" numClasses="0" visitedMethods="0" numMethods="1" />
              <MetadataToken>100664526</MetadataToken>
              <Name>System.Void Xunit.TestAssemblyMessage::.ctor(Xunit.Abstractions.ITestCase,Xunit.Abstractions.ITestAssembly)</Name>
              <FileRef uid="268" />
              <SequencePoints>
                <SequencePoint vc="0" uspid="7972" ordinal="0" offset="0" sl="28" sc="9" el="28" ec="85" bec="0" bev="0" fileid="268" />
                <SequencePoint vc="0" uspid="7973" ordinal="1" offset="6" sl="30" sc="13" el="30" ec="41" bec="0" bev="0" fileid="268" />
                <SequencePoint vc="0" uspid="7974" ordinal="2" offset="13" sl="31" sc="13" el="31" ec="54" bec="0" bev="0" fileid="268" />
                <SequencePoint vc="0" uspid="7975" ordinal="3" offset="29" sl="32" sc="9" el="32" ec="10" bec="0" bev="0" fileid="268" />
              </SequencePoints>
              <BranchPoints />
              <MethodPoint xsi:type="SequencePoint" vc="0" uspid="7972" ordinal="0" offset="0" sl="28" sc="9" el="28" ec="85" bec="0" bev="0" fileid="268" />
            </Method>
          </Methods>
        </Class>
        <Class>
          <Summary numSequencePoints="3" visitedSequencePoints="0" numBranchPoints="2" visitedBranchPoints="0" sequenceCoverage="0" branchCoverage="0" maxCyclomaticComplexity="1" minCyclomaticComplexity="1" maxCrapScore="2" minCrapScore="2" visitedClasses="0" numClasses="1" visitedMethods="0" numMethods="2" />
          <FullName>Xunit.TestCaseMessage</FullName>
          <Methods>
            <Method visited="false" cyclomaticComplexity="1" nPathComplexity="0" sequenceCoverage="0" branchCoverage="0" crapScore="2" isConstructor="false" isStatic="false" isGetter="true" isSetter="false">
              <Summary numSequencePoints="1" visitedSequencePoints="0" numBranchPoints="1" visitedBranchPoints="0" sequenceCoverage="0" branchCoverage="0" maxCyclomaticComplexity="1" minCyclomaticComplexity="1" maxCrapScore="2" minCrapScore="2" visitedClasses="0" numClasses="0" visitedMethods="0" numMethods="1" />
              <MetadataToken>100664532</MetadataToken>
              <Name>Xunit.Abstractions.ITestCase Xunit.TestCaseMessage::get_TestCase()</Name>
              <FileRef uid="269" />
              <SequencePoints>
                <SequencePoint vc="0" uspid="7976" ordinal="0" offset="0" sl="22" sc="43" el="22" ec="77" bec="0" bev="0" fileid="269" />
              </SequencePoints>
              <BranchPoints />
              <MethodPoint xsi:type="SequencePoint" vc="0" uspid="7976" ordinal="0" offset="0" sl="22" sc="43" el="22" ec="77" bec="0" bev="0" fileid="269" />
            </Method>
            <Method visited="false" cyclomaticComplexity="1" nPathComplexity="0" sequenceCoverage="0" branchCoverage="0" crapScore="2" isConstructor="true" isStatic="false" isGetter="false" isSetter="false">
              <Summary numSequencePoints="2" visitedSequencePoints="0" numBranchPoints="1" visitedBranchPoints="0" sequenceCoverage="0" branchCoverage="0" maxCyclomaticComplexity="1" minCyclomaticComplexity="1" maxCrapScore="2" minCrapScore="2" visitedClasses="0" numClasses="0" visitedMethods="0" numMethods="1" />
              <MetadataToken>100664531</MetadataToken>
              <Name>System.Void Xunit.TestCaseMessage::.ctor(Xunit.Abstractions.ITestCase)</Name>
              <FileRef uid="269" />
              <SequencePoints>
                <SequencePoint vc="0" uspid="7977" ordinal="0" offset="0" sl="19" sc="15" el="19" ec="50" bec="0" bev="0" fileid="269" />
                <SequencePoint vc="0" uspid="7978" ordinal="1" offset="13" sl="19" sc="53" el="19" ec="54" bec="0" bev="0" fileid="269" />
              </SequencePoints>
              <BranchPoints />
              <MethodPoint xsi:type="SequencePoint" vc="0" uspid="7977" ordinal="0" offset="0" sl="19" sc="15" el="19" ec="50" bec="0" bev="0" fileid="269" />
            </Method>
          </Methods>
        </Class>
        <Class>
          <Summary numSequencePoints="8" visitedSequencePoints="0" numBranchPoints="4" visitedBranchPoints="0" sequenceCoverage="0" branchCoverage="0" maxCyclomaticComplexity="1" minCyclomaticComplexity="1" maxCrapScore="2" minCrapScore="2" visitedClasses="0" numClasses="1" visitedMethods="0" numMethods="4" />
          <FullName>Xunit.TestClassMessage</FullName>
          <Methods>
            <Method visited="false" cyclomaticComplexity="1" nPathComplexity="0" sequenceCoverage="0" branchCoverage="0" crapScore="2" isConstructor="false" isStatic="false" isGetter="true" isSetter="false">
              <Summary numSequencePoints="1" visitedSequencePoints="0" numBranchPoints="1" visitedBranchPoints="0" sequenceCoverage="0" branchCoverage="0" maxCyclomaticComplexity="1" minCyclomaticComplexity="1" maxCrapScore="2" minCrapScore="2" visitedClasses="0" numClasses="0" visitedMethods="0" numMethods="1" />
              <MetadataToken>100664535</MetadataToken>
              <Name>Xunit.Abstractions.ITestClass Xunit.TestClassMessage::get_TestClass()</Name>
              <FileRef uid="270" />
              <SequencePoints>
                <SequencePoint vc="0" uspid="7979" ordinal="0" offset="0" sl="34" sc="39" el="34" ec="43" bec="0" bev="0" fileid="270" />
              </SequencePoints>
              <BranchPoints />
              <MethodPoint xsi:type="SequencePoint" vc="0" uspid="7979" ordinal="0" offset="0" sl="34" sc="39" el="34" ec="43" bec="0" bev="0" fileid="270" />
            </Method>
            <Method visited="false" cyclomaticComplexity="1" nPathComplexity="0" sequenceCoverage="0" branchCoverage="0" crapScore="2" isConstructor="false" isStatic="false" isGetter="false" isSetter="true">
              <Summary numSequencePoints="1" visitedSequencePoints="0" numBranchPoints="1" visitedBranchPoints="0" sequenceCoverage="0" branchCoverage="0" maxCyclomaticComplexity="1" minCyclomaticComplexity="1" maxCrapScore="2" minCrapScore="2" visitedClasses="0" numClasses="0" visitedMethods="0" numMethods="1" />
              <MetadataToken>100664536</MetadataToken>
              <Name>System.Void Xunit.TestClassMessage::set_TestClass(Xunit.Abstractions.ITestClass)</Name>
              <FileRef uid="270" />
              <SequencePoints>
                <SequencePoint vc="0" uspid="7980" ordinal="0" offset="0" sl="34" sc="44" el="34" ec="48" bec="0" bev="0" fileid="270" />
              </SequencePoints>
              <BranchPoints />
              <MethodPoint xsi:type="SequencePoint" vc="0" uspid="7980" ordinal="0" offset="0" sl="34" sc="44" el="34" ec="48" bec="0" bev="0" fileid="270" />
            </Method>
            <Method visited="false" cyclomaticComplexity="1" nPathComplexity="0" sequenceCoverage="0" branchCoverage="0" crapScore="2" isConstructor="true" isStatic="false" isGetter="false" isSetter="false">
              <Summary numSequencePoints="3" visitedSequencePoints="0" numBranchPoints="1" visitedBranchPoints="0" sequenceCoverage="0" branchCoverage="0" maxCyclomaticComplexity="1" minCyclomaticComplexity="1" maxCrapScore="2" minCrapScore="2" visitedClasses="0" numClasses="0" visitedMethods="0" numMethods="1" />
              <MetadataToken>100664533</MetadataToken>
              <Name>System.Void Xunit.TestClassMessage::.ctor(System.Collections.Generic.IEnumerable`1&lt;Xunit.Abstractions.ITestCase&gt;,Xunit.Abstractions.ITestClass)</Name>
              <FileRef uid="270" />
              <SequencePoints>
                <SequencePoint vc="0" uspid="7981" ordinal="0" offset="0" sl="19" sc="15" el="19" ec="56" bec="0" bev="0" fileid="270" />
                <SequencePoint vc="0" uspid="7982" ordinal="1" offset="13" sl="21" sc="13" el="21" ec="35" bec="0" bev="0" fileid="270" />
                <SequencePoint vc="0" uspid="7983" ordinal="2" offset="20" sl="22" sc="9" el="22" ec="10" bec="0" bev="0" fileid="270" />
              </SequencePoints>
              <BranchPoints />
              <MethodPoint xsi:type="SequencePoint" vc="0" uspid="7981" ordinal="0" offset="0" sl="19" sc="15" el="19" ec="56" bec="0" bev="0" fileid="270" />
            </Method>
            <Method visited="false" cyclomaticComplexity="1" nPathComplexity="0" sequenceCoverage="0" branchCoverage="0" crapScore="2" isConstructor="true" isStatic="false" isGetter="false" isSetter="false">
              <Summary numSequencePoints="3" visitedSequencePoints="0" numBranchPoints="1" visitedBranchPoints="0" sequenceCoverage="0" branchCoverage="0" maxCyclomaticComplexity="1" minCyclomaticComplexity="1" maxCrapScore="2" minCrapScore="2" visitedClasses="0" numClasses="0" visitedMethods="0" numMethods="1" />
              <MetadataToken>100664534</MetadataToken>
              <Name>System.Void Xunit.TestClassMessage::.ctor(Xunit.Abstractions.ITestCase,Xunit.Abstractions.ITestClass)</Name>
              <FileRef uid="270" />
              <SequencePoints>
                <SequencePoint vc="0" uspid="7984" ordinal="0" offset="0" sl="28" sc="15" el="28" ec="55" bec="0" bev="0" fileid="270" />
                <SequencePoint vc="0" uspid="7985" ordinal="1" offset="13" sl="30" sc="13" el="30" ec="35" bec="0" bev="0" fileid="270" />
                <SequencePoint vc="0" uspid="7986" ordinal="2" offset="20" sl="31" sc="9" el="31" ec="10" bec="0" bev="0" fileid="270" />
              </SequencePoints>
              <BranchPoints />
              <MethodPoint xsi:type="SequencePoint" vc="0" uspid="7984" ordinal="0" offset="0" sl="28" sc="15" el="28" ec="55" bec="0" bev="0" fileid="270" />
            </Method>
          </Methods>
        </Class>
        <Class>
          <Summary numSequencePoints="8" visitedSequencePoints="0" numBranchPoints="4" visitedBranchPoints="0" sequenceCoverage="0" branchCoverage="0" maxCyclomaticComplexity="1" minCyclomaticComplexity="1" maxCrapScore="2" minCrapScore="2" visitedClasses="0" numClasses="1" visitedMethods="0" numMethods="4" />
          <FullName>Xunit.TestCollectionMessage</FullName>
          <Methods>
            <Method visited="false" cyclomaticComplexity="1" nPathComplexity="0" sequenceCoverage="0" branchCoverage="0" crapScore="2" isConstructor="false" isStatic="false" isGetter="true" isSetter="false">
              <Summary numSequencePoints="1" visitedSequencePoints="0" numBranchPoints="1" visitedBranchPoints="0" sequenceCoverage="0" branchCoverage="0" maxCyclomaticComplexity="1" minCyclomaticComplexity="1" maxCrapScore="2" minCrapScore="2" visitedClasses="0" numClasses="0" visitedMethods="0" numMethods="1" />
              <MetadataToken>100664539</MetadataToken>
              <Name>Xunit.Abstractions.ITestCollection Xunit.TestCollectionMessage::get_TestCollection()</Name>
              <FileRef uid="271" />
              <SequencePoints>
                <SequencePoint vc="0" uspid="7987" ordinal="0" offset="0" sl="34" sc="49" el="34" ec="53" bec="0" bev="0" fileid="271" />
              </SequencePoints>
              <BranchPoints />
              <MethodPoint xsi:type="SequencePoint" vc="0" uspid="7987" ordinal="0" offset="0" sl="34" sc="49" el="34" ec="53" bec="0" bev="0" fileid="271" />
            </Method>
            <Method visited="false" cyclomaticComplexity="1" nPathComplexity="0" sequenceCoverage="0" branchCoverage="0" crapScore="2" isConstructor="false" isStatic="false" isGetter="false" isSetter="true">
              <Summary numSequencePoints="1" visitedSequencePoints="0" numBranchPoints="1" visitedBranchPoints="0" sequenceCoverage="0" branchCoverage="0" maxCyclomaticComplexity="1" minCyclomaticComplexity="1" maxCrapScore="2" minCrapScore="2" visitedClasses="0" numClasses="0" visitedMethods="0" numMethods="1" />
              <MetadataToken>100664540</MetadataToken>
              <Name>System.Void Xunit.TestCollectionMessage::set_TestCollection(Xunit.Abstractions.ITestCollection)</Name>
              <FileRef uid="271" />
              <SequencePoints>
                <SequencePoint vc="0" uspid="7988" ordinal="0" offset="0" sl="34" sc="54" el="34" ec="66" bec="0" bev="0" fileid="271" />
              </SequencePoints>
              <BranchPoints />
              <MethodPoint xsi:type="SequencePoint" vc="0" uspid="7988" ordinal="0" offset="0" sl="34" sc="54" el="34" ec="66" bec="0" bev="0" fileid="271" />
            </Method>
            <Method visited="false" cyclomaticComplexity="1" nPathComplexity="0" sequenceCoverage="0" branchCoverage="0" crapScore="2" isConstructor="true" isStatic="false" isGetter="false" isSetter="false">
              <Summary numSequencePoints="3" visitedSequencePoints="0" numBranchPoints="1" visitedBranchPoints="0" sequenceCoverage="0" branchCoverage="0" maxCyclomaticComplexity="1" minCyclomaticComplexity="1" maxCrapScore="2" minCrapScore="2" visitedClasses="0" numClasses="0" visitedMethods="0" numMethods="1" />
              <MetadataToken>100664537</MetadataToken>
              <Name>System.Void Xunit.TestCollectionMessage::.ctor(System.Collections.Generic.IEnumerable`1&lt;Xunit.Abstractions.ITestCase&gt;,Xunit.Abstractions.ITestCollection)</Name>
              <FileRef uid="271" />
              <SequencePoints>
                <SequencePoint vc="0" uspid="7989" ordinal="0" offset="0" sl="19" sc="15" el="19" ec="59" bec="0" bev="0" fileid="271" />
                <SequencePoint vc="0" uspid="7990" ordinal="1" offset="13" sl="21" sc="13" el="21" ec="45" bec="0" bev="0" fileid="271" />
                <SequencePoint vc="0" uspid="7991" ordinal="2" offset="20" sl="22" sc="9" el="22" ec="10" bec="0" bev="0" fileid="271" />
              </SequencePoints>
              <BranchPoints />
              <MethodPoint xsi:type="SequencePoint" vc="0" uspid="7989" ordinal="0" offset="0" sl="19" sc="15" el="19" ec="59" bec="0" bev="0" fileid="271" />
            </Method>
            <Method visited="false" cyclomaticComplexity="1" nPathComplexity="0" sequenceCoverage="0" branchCoverage="0" crapScore="2" isConstructor="true" isStatic="false" isGetter="false" isSetter="false">
              <Summary numSequencePoints="3" visitedSequencePoints="0" numBranchPoints="1" visitedBranchPoints="0" sequenceCoverage="0" branchCoverage="0" maxCyclomaticComplexity="1" minCyclomaticComplexity="1" maxCrapScore="2" minCrapScore="2" visitedClasses="0" numClasses="0" visitedMethods="0" numMethods="1" />
              <MetadataToken>100664538</MetadataToken>
              <Name>System.Void Xunit.TestCollectionMessage::.ctor(Xunit.Abstractions.ITestCase,Xunit.Abstractions.ITestCollection)</Name>
              <FileRef uid="271" />
              <SequencePoints>
                <SequencePoint vc="0" uspid="7992" ordinal="0" offset="0" sl="28" sc="15" el="28" ec="58" bec="0" bev="0" fileid="271" />
                <SequencePoint vc="0" uspid="7993" ordinal="1" offset="13" sl="30" sc="13" el="30" ec="45" bec="0" bev="0" fileid="271" />
                <SequencePoint vc="0" uspid="7994" ordinal="2" offset="20" sl="31" sc="9" el="31" ec="10" bec="0" bev="0" fileid="271" />
              </SequencePoints>
              <BranchPoints />
              <MethodPoint xsi:type="SequencePoint" vc="0" uspid="7992" ordinal="0" offset="0" sl="28" sc="15" el="28" ec="58" bec="0" bev="0" fileid="271" />
            </Method>
          </Methods>
        </Class>
        <Class>
          <Summary numSequencePoints="5" visitedSequencePoints="0" numBranchPoints="3" visitedBranchPoints="0" sequenceCoverage="0" branchCoverage="0" maxCyclomaticComplexity="1" minCyclomaticComplexity="1" maxCrapScore="2" minCrapScore="2" visitedClasses="0" numClasses="1" visitedMethods="0" numMethods="3" />
          <FullName>Xunit.TestMessage</FullName>
          <Methods>
            <Method visited="false" cyclomaticComplexity="1" nPathComplexity="0" sequenceCoverage="0" branchCoverage="0" crapScore="2" isConstructor="false" isStatic="false" isGetter="true" isSetter="false">
              <Summary numSequencePoints="1" visitedSequencePoints="0" numBranchPoints="1" visitedBranchPoints="0" sequenceCoverage="0" branchCoverage="0" maxCyclomaticComplexity="1" minCyclomaticComplexity="1" maxCrapScore="2" minCrapScore="2" visitedClasses="0" numClasses="0" visitedMethods="0" numMethods="1" />
              <MetadataToken>100664542</MetadataToken>
              <Name>Xunit.Abstractions.ITest Xunit.TestMessage::get_Test()</Name>
              <FileRef uid="272" />
              <SequencePoints>
                <SequencePoint vc="0" uspid="7995" ordinal="0" offset="0" sl="24" sc="29" el="24" ec="33" bec="0" bev="0" fileid="272" />
              </SequencePoints>
              <BranchPoints />
              <MethodPoint xsi:type="SequencePoint" vc="0" uspid="7995" ordinal="0" offset="0" sl="24" sc="29" el="24" ec="33" bec="0" bev="0" fileid="272" />
            </Method>
            <Method visited="false" cyclomaticComplexity="1" nPathComplexity="0" sequenceCoverage="0" branchCoverage="0" crapScore="2" isConstructor="false" isStatic="false" isGetter="false" isSetter="true">
              <Summary numSequencePoints="1" visitedSequencePoints="0" numBranchPoints="1" visitedBranchPoints="0" sequenceCoverage="0" branchCoverage="0" maxCyclomaticComplexity="1" minCyclomaticComplexity="1" maxCrapScore="2" minCrapScore="2" visitedClasses="0" numClasses="0" visitedMethods="0" numMethods="1" />
              <MetadataToken>100664543</MetadataToken>
              <Name>System.Void Xunit.TestMessage::set_Test(Xunit.Abstractions.ITest)</Name>
              <FileRef uid="272" />
              <SequencePoints>
                <SequencePoint vc="0" uspid="7996" ordinal="0" offset="0" sl="24" sc="34" el="24" ec="46" bec="0" bev="0" fileid="272" />
              </SequencePoints>
              <BranchPoints />
              <MethodPoint xsi:type="SequencePoint" vc="0" uspid="7996" ordinal="0" offset="0" sl="24" sc="34" el="24" ec="46" bec="0" bev="0" fileid="272" />
            </Method>
            <Method visited="false" cyclomaticComplexity="1" nPathComplexity="0" sequenceCoverage="0" branchCoverage="0" crapScore="2" isConstructor="true" isStatic="false" isGetter="false" isSetter="false">
              <Summary numSequencePoints="3" visitedSequencePoints="0" numBranchPoints="1" visitedBranchPoints="0" sequenceCoverage="0" branchCoverage="0" maxCyclomaticComplexity="1" minCyclomaticComplexity="1" maxCrapScore="2" minCrapScore="2" visitedClasses="0" numClasses="0" visitedMethods="0" numMethods="1" />
              <MetadataToken>100664541</MetadataToken>
              <Name>System.Void Xunit.TestMessage::.ctor(Xunit.Abstractions.ITest)</Name>
              <FileRef uid="272" />
              <SequencePoints>
                <SequencePoint vc="0" uspid="7997" ordinal="0" offset="0" sl="18" sc="15" el="18" ec="34" bec="0" bev="0" fileid="272" />
                <SequencePoint vc="0" uspid="7998" ordinal="1" offset="12" sl="20" sc="13" el="20" ec="25" bec="0" bev="0" fileid="272" />
                <SequencePoint vc="0" uspid="7999" ordinal="2" offset="19" sl="21" sc="9" el="21" ec="10" bec="0" bev="0" fileid="272" />
              </SequencePoints>
              <BranchPoints />
              <MethodPoint xsi:type="SequencePoint" vc="0" uspid="7997" ordinal="0" offset="0" sl="18" sc="15" el="18" ec="34" bec="0" bev="0" fileid="272" />
            </Method>
          </Methods>
        </Class>
        <Class>
          <Summary numSequencePoints="8" visitedSequencePoints="0" numBranchPoints="4" visitedBranchPoints="0" sequenceCoverage="0" branchCoverage="0" maxCyclomaticComplexity="1" minCyclomaticComplexity="1" maxCrapScore="2" minCrapScore="2" visitedClasses="0" numClasses="1" visitedMethods="0" numMethods="4" />
          <FullName>Xunit.TestMethodMessage</FullName>
          <Methods>
            <Method visited="false" cyclomaticComplexity="1" nPathComplexity="0" sequenceCoverage="0" branchCoverage="0" crapScore="2" isConstructor="false" isStatic="false" isGetter="true" isSetter="false">
              <Summary numSequencePoints="1" visitedSequencePoints="0" numBranchPoints="1" visitedBranchPoints="0" sequenceCoverage="0" branchCoverage="0" maxCyclomaticComplexity="1" minCyclomaticComplexity="1" maxCrapScore="2" minCrapScore="2" visitedClasses="0" numClasses="0" visitedMethods="0" numMethods="1" />
              <MetadataToken>100664546</MetadataToken>
              <Name>Xunit.Abstractions.ITestMethod Xunit.TestMethodMessage::get_TestMethod()</Name>
              <FileRef uid="273" />
              <SequencePoints>
                <SequencePoint vc="0" uspid="8000" ordinal="0" offset="0" sl="34" sc="41" el="34" ec="45" bec="0" bev="0" fileid="273" />
              </SequencePoints>
              <BranchPoints />
              <MethodPoint xsi:type="SequencePoint" vc="0" uspid="8000" ordinal="0" offset="0" sl="34" sc="41" el="34" ec="45" bec="0" bev="0" fileid="273" />
            </Method>
            <Method visited="false" cyclomaticComplexity="1" nPathComplexity="0" sequenceCoverage="0" branchCoverage="0" crapScore="2" isConstructor="false" isStatic="false" isGetter="false" isSetter="true">
              <Summary numSequencePoints="1" visitedSequencePoints="0" numBranchPoints="1" visitedBranchPoints="0" sequenceCoverage="0" branchCoverage="0" maxCyclomaticComplexity="1" minCyclomaticComplexity="1" maxCrapScore="2" minCrapScore="2" visitedClasses="0" numClasses="0" visitedMethods="0" numMethods="1" />
              <MetadataToken>100664547</MetadataToken>
              <Name>System.Void Xunit.TestMethodMessage::set_TestMethod(Xunit.Abstractions.ITestMethod)</Name>
              <FileRef uid="273" />
              <SequencePoints>
                <SequencePoint vc="0" uspid="8001" ordinal="0" offset="0" sl="34" sc="46" el="34" ec="50" bec="0" bev="0" fileid="273" />
              </SequencePoints>
              <BranchPoints />
              <MethodPoint xsi:type="SequencePoint" vc="0" uspid="8001" ordinal="0" offset="0" sl="34" sc="46" el="34" ec="50" bec="0" bev="0" fileid="273" />
            </Method>
            <Method visited="false" cyclomaticComplexity="1" nPathComplexity="0" sequenceCoverage="0" branchCoverage="0" crapScore="2" isConstructor="true" isStatic="false" isGetter="false" isSetter="false">
              <Summary numSequencePoints="3" visitedSequencePoints="0" numBranchPoints="1" visitedBranchPoints="0" sequenceCoverage="0" branchCoverage="0" maxCyclomaticComplexity="1" minCyclomaticComplexity="1" maxCrapScore="2" minCrapScore="2" visitedClasses="0" numClasses="0" visitedMethods="0" numMethods="1" />
              <MetadataToken>100664544</MetadataToken>
              <Name>System.Void Xunit.TestMethodMessage::.ctor(System.Collections.Generic.IEnumerable`1&lt;Xunit.Abstractions.ITestCase&gt;,Xunit.Abstractions.ITestMethod)</Name>
              <FileRef uid="273" />
              <SequencePoints>
                <SequencePoint vc="0" uspid="8002" ordinal="0" offset="0" sl="19" sc="15" el="19" ec="52" bec="0" bev="0" fileid="273" />
                <SequencePoint vc="0" uspid="8003" ordinal="1" offset="13" sl="21" sc="13" el="21" ec="37" bec="0" bev="0" fileid="273" />
                <SequencePoint vc="0" uspid="8004" ordinal="2" offset="20" sl="22" sc="9" el="22" ec="10" bec="0" bev="0" fileid="273" />
              </SequencePoints>
              <BranchPoints />
              <MethodPoint xsi:type="SequencePoint" vc="0" uspid="8002" ordinal="0" offset="0" sl="19" sc="15" el="19" ec="52" bec="0" bev="0" fileid="273" />
            </Method>
            <Method visited="false" cyclomaticComplexity="1" nPathComplexity="0" sequenceCoverage="0" branchCoverage="0" crapScore="2" isConstructor="true" isStatic="false" isGetter="false" isSetter="false">
              <Summary numSequencePoints="3" visitedSequencePoints="0" numBranchPoints="1" visitedBranchPoints="0" sequenceCoverage="0" branchCoverage="0" maxCyclomaticComplexity="1" minCyclomaticComplexity="1" maxCrapScore="2" minCrapScore="2" visitedClasses="0" numClasses="0" visitedMethods="0" numMethods="1" />
              <MetadataToken>100664545</MetadataToken>
              <Name>System.Void Xunit.TestMethodMessage::.ctor(Xunit.Abstractions.ITestCase,Xunit.Abstractions.ITestMethod)</Name>
              <FileRef uid="273" />
              <SequencePoints>
                <SequencePoint vc="0" uspid="8005" ordinal="0" offset="0" sl="28" sc="15" el="28" ec="51" bec="0" bev="0" fileid="273" />
                <SequencePoint vc="0" uspid="8006" ordinal="1" offset="13" sl="30" sc="13" el="30" ec="37" bec="0" bev="0" fileid="273" />
                <SequencePoint vc="0" uspid="8007" ordinal="2" offset="20" sl="31" sc="9" el="31" ec="10" bec="0" bev="0" fileid="273" />
              </SequencePoints>
              <BranchPoints />
              <MethodPoint xsi:type="SequencePoint" vc="0" uspid="8005" ordinal="0" offset="0" sl="28" sc="15" el="28" ec="51" bec="0" bev="0" fileid="273" />
            </Method>
          </Methods>
        </Class>
        <Class>
          <Summary numSequencePoints="8" visitedSequencePoints="0" numBranchPoints="7" visitedBranchPoints="0" sequenceCoverage="0" branchCoverage="0" maxCyclomaticComplexity="2" minCyclomaticComplexity="1" maxCrapScore="6" minCrapScore="2" visitedClasses="0" numClasses="1" visitedMethods="0" numMethods="5" />
          <FullName>Xunit.TestResultMessage</FullName>
          <Methods>
            <Method visited="false" cyclomaticComplexity="1" nPathComplexity="0" sequenceCoverage="0" branchCoverage="0" crapScore="2" isConstructor="false" isStatic="false" isGetter="true" isSetter="false">
              <Summary numSequencePoints="1" visitedSequencePoints="0" numBranchPoints="1" visitedBranchPoints="0" sequenceCoverage="0" branchCoverage="0" maxCyclomaticComplexity="1" minCyclomaticComplexity="1" maxCrapScore="2" minCrapScore="2" visitedClasses="0" numClasses="0" visitedMethods="0" numMethods="1" />
              <MetadataToken>100664549</MetadataToken>
              <Name>System.Decimal Xunit.TestResultMessage::get_ExecutionTime()</Name>
              <FileRef uid="274" />
              <SequencePoints>
                <SequencePoint vc="0" uspid="8008" ordinal="0" offset="0" sl="25" sc="40" el="25" ec="44" bec="0" bev="0" fileid="274" />
              </SequencePoints>
              <BranchPoints />
              <MethodPoint xsi:type="SequencePoint" vc="0" uspid="8008" ordinal="0" offset="0" sl="25" sc="40" el="25" ec="44" bec="0" bev="0" fileid="274" />
            </Method>
            <Method visited="false" cyclomaticComplexity="1" nPathComplexity="0" sequenceCoverage="0" branchCoverage="0" crapScore="2" isConstructor="false" isStatic="false" isGetter="false" isSetter="true">
              <Summary numSequencePoints="1" visitedSequencePoints="0" numBranchPoints="1" visitedBranchPoints="0" sequenceCoverage="0" branchCoverage="0" maxCyclomaticComplexity="1" minCyclomaticComplexity="1" maxCrapScore="2" minCrapScore="2" visitedClasses="0" numClasses="0" visitedMethods="0" numMethods="1" />
              <MetadataToken>100664550</MetadataToken>
              <Name>System.Void Xunit.TestResultMessage::set_ExecutionTime(System.Decimal)</Name>
              <FileRef uid="274" />
              <SequencePoints>
                <SequencePoint vc="0" uspid="8009" ordinal="0" offset="0" sl="25" sc="45" el="25" ec="57" bec="0" bev="0" fileid="274" />
              </SequencePoints>
              <BranchPoints />
              <MethodPoint xsi:type="SequencePoint" vc="0" uspid="8009" ordinal="0" offset="0" sl="25" sc="45" el="25" ec="57" bec="0" bev="0" fileid="274" />
            </Method>
            <Method visited="false" cyclomaticComplexity="1" nPathComplexity="0" sequenceCoverage="0" branchCoverage="0" crapScore="2" isConstructor="false" isStatic="false" isGetter="true" isSetter="false">
              <Summary numSequencePoints="1" visitedSequencePoints="0" numBranchPoints="1" visitedBranchPoints="0" sequenceCoverage="0" branchCoverage="0" maxCyclomaticComplexity="1" minCyclomaticComplexity="1" maxCrapScore="2" minCrapScore="2" visitedClasses="0" numClasses="0" visitedMethods="0" numMethods="1" />
              <MetadataToken>100664551</MetadataToken>
              <Name>System.String Xunit.TestResultMessage::get_Output()</Name>
              <FileRef uid="274" />
              <SequencePoints>
                <SequencePoint vc="0" uspid="8010" ordinal="0" offset="0" sl="28" sc="32" el="28" ec="36" bec="0" bev="0" fileid="274" />
              </SequencePoints>
              <BranchPoints />
              <MethodPoint xsi:type="SequencePoint" vc="0" uspid="8010" ordinal="0" offset="0" sl="28" sc="32" el="28" ec="36" bec="0" bev="0" fileid="274" />
            </Method>
            <Method visited="false" cyclomaticComplexity="1" nPathComplexity="0" sequenceCoverage="0" branchCoverage="0" crapScore="2" isConstructor="false" isStatic="false" isGetter="false" isSetter="true">
              <Summary numSequencePoints="1" visitedSequencePoints="0" numBranchPoints="1" visitedBranchPoints="0" sequenceCoverage="0" branchCoverage="0" maxCyclomaticComplexity="1" minCyclomaticComplexity="1" maxCrapScore="2" minCrapScore="2" visitedClasses="0" numClasses="0" visitedMethods="0" numMethods="1" />
              <MetadataToken>100664552</MetadataToken>
              <Name>System.Void Xunit.TestResultMessage::set_Output(System.String)</Name>
              <FileRef uid="274" />
              <SequencePoints>
                <SequencePoint vc="0" uspid="8011" ordinal="0" offset="0" sl="28" sc="37" el="28" ec="49" bec="0" bev="0" fileid="274" />
              </SequencePoints>
              <BranchPoints />
              <MethodPoint xsi:type="SequencePoint" vc="0" uspid="8011" ordinal="0" offset="0" sl="28" sc="37" el="28" ec="49" bec="0" bev="0" fileid="274" />
            </Method>
            <Method visited="false" cyclomaticComplexity="2" nPathComplexity="2" sequenceCoverage="0" branchCoverage="0" crapScore="6" isConstructor="true" isStatic="false" isGetter="false" isSetter="false">
              <Summary numSequencePoints="4" visitedSequencePoints="0" numBranchPoints="3" visitedBranchPoints="0" sequenceCoverage="0" branchCoverage="0" maxCyclomaticComplexity="2" minCyclomaticComplexity="2" maxCrapScore="6" minCrapScore="6" visitedClasses="0" numClasses="0" visitedMethods="0" numMethods="1" />
              <MetadataToken>100664548</MetadataToken>
              <Name>System.Void Xunit.TestResultMessage::.ctor(Xunit.Abstractions.ITest,System.Decimal,System.String)</Name>
              <FileRef uid="274" />
              <SequencePoints>
                <SequencePoint vc="0" uspid="8012" ordinal="0" offset="0" sl="18" sc="15" el="18" ec="25" bec="0" bev="0" fileid="274" />
                <SequencePoint vc="0" uspid="8013" ordinal="1" offset="7" sl="20" sc="13" el="20" ec="43" bec="0" bev="0" fileid="274" />
                <SequencePoint vc="0" uspid="8014" ordinal="2" offset="14" sl="21" sc="13" el="21" ec="45" bec="2" bev="0" fileid="274" />
                <SequencePoint vc="0" uspid="8015" ordinal="3" offset="30" sl="22" sc="9" el="22" ec="10" bec="0" bev="0" fileid="274" />
              </SequencePoints>
              <BranchPoints>
                <BranchPoint vc="0" uspid="8016" ordinal="0" offset="17" sl="21" path="0" offsetend="19" fileid="274" />
                <BranchPoint vc="0" uspid="8017" ordinal="1" offset="17" sl="21" path="1" offsetend="25" fileid="274" />
              </BranchPoints>
              <MethodPoint xsi:type="SequencePoint" vc="0" uspid="8012" ordinal="0" offset="0" sl="18" sc="15" el="18" ec="25" bec="0" bev="0" fileid="274" />
            </Method>
          </Methods>
        </Class>
        <Class>
          <Summary numSequencePoints="5" visitedSequencePoints="0" numBranchPoints="3" visitedBranchPoints="0" sequenceCoverage="0" branchCoverage="0" maxCyclomaticComplexity="1" minCyclomaticComplexity="1" maxCrapScore="2" minCrapScore="2" visitedClasses="0" numClasses="1" visitedMethods="0" numMethods="3" />
          <FullName>Xunit.BeforeTestFinished</FullName>
          <Methods>
            <Method visited="false" cyclomaticComplexity="1" nPathComplexity="0" sequenceCoverage="0" branchCoverage="0" crapScore="2" isConstructor="false" isStatic="false" isGetter="true" isSetter="false">
              <Summary numSequencePoints="1" visitedSequencePoints="0" numBranchPoints="1" visitedBranchPoints="0" sequenceCoverage="0" branchCoverage="0" maxCyclomaticComplexity="1" minCyclomaticComplexity="1" maxCrapScore="2" minCrapScore="2" visitedClasses="0" numClasses="0" visitedMethods="0" numMethods="1" />
              <MetadataToken>100664554</MetadataToken>
              <Name>System.String Xunit.BeforeTestFinished::get_AttributeName()</Name>
              <FileRef uid="275" />
              <SequencePoints>
                <SequencePoint vc="0" uspid="8018" ordinal="0" offset="0" sl="24" sc="39" el="24" ec="43" bec="0" bev="0" fileid="275" />
              </SequencePoints>
              <BranchPoints />
              <MethodPoint xsi:type="SequencePoint" vc="0" uspid="8018" ordinal="0" offset="0" sl="24" sc="39" el="24" ec="43" bec="0" bev="0" fileid="275" />
            </Method>
            <Method visited="false" cyclomaticComplexity="1" nPathComplexity="0" sequenceCoverage="0" branchCoverage="0" crapScore="2" isConstructor="false" isStatic="false" isGetter="false" isSetter="true">
              <Summary numSequencePoints="1" visitedSequencePoints="0" numBranchPoints="1" visitedBranchPoints="0" sequenceCoverage="0" branchCoverage="0" maxCyclomaticComplexity="1" minCyclomaticComplexity="1" maxCrapScore="2" minCrapScore="2" visitedClasses="0" numClasses="0" visitedMethods="0" numMethods="1" />
              <MetadataToken>100664555</MetadataToken>
              <Name>System.Void Xunit.BeforeTestFinished::set_AttributeName(System.String)</Name>
              <FileRef uid="275" />
              <SequencePoints>
                <SequencePoint vc="0" uspid="8019" ordinal="0" offset="0" sl="24" sc="44" el="24" ec="56" bec="0" bev="0" fileid="275" />
              </SequencePoints>
              <BranchPoints />
              <MethodPoint xsi:type="SequencePoint" vc="0" uspid="8019" ordinal="0" offset="0" sl="24" sc="44" el="24" ec="56" bec="0" bev="0" fileid="275" />
            </Method>
            <Method visited="false" cyclomaticComplexity="1" nPathComplexity="0" sequenceCoverage="0" branchCoverage="0" crapScore="2" isConstructor="true" isStatic="false" isGetter="false" isSetter="false">
              <Summary numSequencePoints="3" visitedSequencePoints="0" numBranchPoints="1" visitedBranchPoints="0" sequenceCoverage="0" branchCoverage="0" maxCyclomaticComplexity="1" minCyclomaticComplexity="1" maxCrapScore="2" minCrapScore="2" visitedClasses="0" numClasses="0" visitedMethods="0" numMethods="1" />
              <MetadataToken>100664553</MetadataToken>
              <Name>System.Void Xunit.BeforeTestFinished::.ctor(Xunit.Abstractions.ITest,System.String)</Name>
              <FileRef uid="275" />
              <SequencePoints>
                <SequencePoint vc="0" uspid="8020" ordinal="0" offset="0" sl="18" sc="15" el="18" ec="25" bec="0" bev="0" fileid="275" />
                <SequencePoint vc="0" uspid="8021" ordinal="1" offset="7" sl="20" sc="13" el="20" ec="43" bec="0" bev="0" fileid="275" />
                <SequencePoint vc="0" uspid="8022" ordinal="2" offset="14" sl="21" sc="9" el="21" ec="10" bec="0" bev="0" fileid="275" />
              </SequencePoints>
              <BranchPoints />
              <MethodPoint xsi:type="SequencePoint" vc="0" uspid="8020" ordinal="0" offset="0" sl="18" sc="15" el="18" ec="25" bec="0" bev="0" fileid="275" />
            </Method>
          </Methods>
        </Class>
        <Class>
          <Summary numSequencePoints="5" visitedSequencePoints="0" numBranchPoints="3" visitedBranchPoints="0" sequenceCoverage="0" branchCoverage="0" maxCyclomaticComplexity="1" minCyclomaticComplexity="1" maxCrapScore="2" minCrapScore="2" visitedClasses="0" numClasses="1" visitedMethods="0" numMethods="3" />
          <FullName>Xunit.BeforeTestStarting</FullName>
          <Methods>
            <Method visited="false" cyclomaticComplexity="1" nPathComplexity="0" sequenceCoverage="0" branchCoverage="0" crapScore="2" isConstructor="false" isStatic="false" isGetter="true" isSetter="false">
              <Summary numSequencePoints="1" visitedSequencePoints="0" numBranchPoints="1" visitedBranchPoints="0" sequenceCoverage="0" branchCoverage="0" maxCyclomaticComplexity="1" minCyclomaticComplexity="1" maxCrapScore="2" minCrapScore="2" visitedClasses="0" numClasses="0" visitedMethods="0" numMethods="1" />
              <MetadataToken>100664557</MetadataToken>
              <Name>System.String Xunit.BeforeTestStarting::get_AttributeName()</Name>
              <FileRef uid="276" />
              <SequencePoints>
                <SequencePoint vc="0" uspid="8023" ordinal="0" offset="0" sl="24" sc="39" el="24" ec="43" bec="0" bev="0" fileid="276" />
              </SequencePoints>
              <BranchPoints />
              <MethodPoint xsi:type="SequencePoint" vc="0" uspid="8023" ordinal="0" offset="0" sl="24" sc="39" el="24" ec="43" bec="0" bev="0" fileid="276" />
            </Method>
            <Method visited="false" cyclomaticComplexity="1" nPathComplexity="0" sequenceCoverage="0" branchCoverage="0" crapScore="2" isConstructor="false" isStatic="false" isGetter="false" isSetter="true">
              <Summary numSequencePoints="1" visitedSequencePoints="0" numBranchPoints="1" visitedBranchPoints="0" sequenceCoverage="0" branchCoverage="0" maxCyclomaticComplexity="1" minCyclomaticComplexity="1" maxCrapScore="2" minCrapScore="2" visitedClasses="0" numClasses="0" visitedMethods="0" numMethods="1" />
              <MetadataToken>100664558</MetadataToken>
              <Name>System.Void Xunit.BeforeTestStarting::set_AttributeName(System.String)</Name>
              <FileRef uid="276" />
              <SequencePoints>
                <SequencePoint vc="0" uspid="8024" ordinal="0" offset="0" sl="24" sc="44" el="24" ec="56" bec="0" bev="0" fileid="276" />
              </SequencePoints>
              <BranchPoints />
              <MethodPoint xsi:type="SequencePoint" vc="0" uspid="8024" ordinal="0" offset="0" sl="24" sc="44" el="24" ec="56" bec="0" bev="0" fileid="276" />
            </Method>
            <Method visited="false" cyclomaticComplexity="1" nPathComplexity="0" sequenceCoverage="0" branchCoverage="0" crapScore="2" isConstructor="true" isStatic="false" isGetter="false" isSetter="false">
              <Summary numSequencePoints="3" visitedSequencePoints="0" numBranchPoints="1" visitedBranchPoints="0" sequenceCoverage="0" branchCoverage="0" maxCyclomaticComplexity="1" minCyclomaticComplexity="1" maxCrapScore="2" minCrapScore="2" visitedClasses="0" numClasses="0" visitedMethods="0" numMethods="1" />
              <MetadataToken>100664556</MetadataToken>
              <Name>System.Void Xunit.BeforeTestStarting::.ctor(Xunit.Abstractions.ITest,System.String)</Name>
              <FileRef uid="276" />
              <SequencePoints>
                <SequencePoint vc="0" uspid="8025" ordinal="0" offset="0" sl="18" sc="15" el="18" ec="25" bec="0" bev="0" fileid="276" />
                <SequencePoint vc="0" uspid="8026" ordinal="1" offset="7" sl="20" sc="13" el="20" ec="43" bec="0" bev="0" fileid="276" />
                <SequencePoint vc="0" uspid="8027" ordinal="2" offset="14" sl="21" sc="9" el="21" ec="10" bec="0" bev="0" fileid="276" />
              </SequencePoints>
              <BranchPoints />
              <MethodPoint xsi:type="SequencePoint" vc="0" uspid="8025" ordinal="0" offset="0" sl="18" sc="15" el="18" ec="25" bec="0" bev="0" fileid="276" />
            </Method>
          </Methods>
        </Class>
        <Class>
          <Summary numSequencePoints="12" visitedSequencePoints="0" numBranchPoints="7" visitedBranchPoints="0" sequenceCoverage="0" branchCoverage="0" maxCyclomaticComplexity="1" minCyclomaticComplexity="1" maxCrapScore="2" minCrapScore="2" visitedClasses="0" numClasses="1" visitedMethods="0" numMethods="7" />
          <FullName>Xunit.DiagnosticMessage</FullName>
          <Methods>
            <Method visited="false" cyclomaticComplexity="1" nPathComplexity="0" sequenceCoverage="0" branchCoverage="0" crapScore="2" isConstructor="false" isStatic="false" isGetter="true" isSetter="false">
              <Summary numSequencePoints="1" visitedSequencePoints="0" numBranchPoints="1" visitedBranchPoints="0" sequenceCoverage="0" branchCoverage="0" maxCyclomaticComplexity="1" minCyclomaticComplexity="1" maxCrapScore="2" minCrapScore="2" visitedClasses="0" numClasses="0" visitedMethods="0" numMethods="1" />
              <MetadataToken>100664562</MetadataToken>
              <Name>System.Collections.Generic.HashSet`1&lt;System.String&gt; Xunit.DiagnosticMessage::get_InterfaceTypes()</Name>
              <FileRef uid="277" />
              <SequencePoints>
                <SequencePoint vc="0" uspid="8028" ordinal="0" offset="0" sl="45" sc="50" el="45" ec="64" bec="0" bev="0" fileid="277" />
              </SequencePoints>
              <BranchPoints />
              <MethodPoint xsi:type="SequencePoint" vc="0" uspid="8028" ordinal="0" offset="0" sl="45" sc="50" el="45" ec="64" bec="0" bev="0" fileid="277" />
            </Method>
            <Method visited="false" cyclomaticComplexity="1" nPathComplexity="0" sequenceCoverage="0" branchCoverage="0" crapScore="2" isConstructor="false" isStatic="false" isGetter="true" isSetter="false">
              <Summary numSequencePoints="1" visitedSequencePoints="0" numBranchPoints="1" visitedBranchPoints="0" sequenceCoverage="0" branchCoverage="0" maxCyclomaticComplexity="1" minCyclomaticComplexity="1" maxCrapScore="2" minCrapScore="2" visitedClasses="0" numClasses="0" visitedMethods="0" numMethods="1" />
              <MetadataToken>100664563</MetadataToken>
              <Name>System.String Xunit.DiagnosticMessage::get_Message()</Name>
              <FileRef uid="277" />
              <SequencePoints>
                <SequencePoint vc="0" uspid="8029" ordinal="0" offset="0" sl="48" sc="33" el="48" ec="37" bec="0" bev="0" fileid="277" />
              </SequencePoints>
              <BranchPoints />
              <MethodPoint xsi:type="SequencePoint" vc="0" uspid="8029" ordinal="0" offset="0" sl="48" sc="33" el="48" ec="37" bec="0" bev="0" fileid="277" />
            </Method>
            <Method visited="false" cyclomaticComplexity="1" nPathComplexity="0" sequenceCoverage="0" branchCoverage="0" crapScore="2" isConstructor="false" isStatic="false" isGetter="false" isSetter="true">
              <Summary numSequencePoints="1" visitedSequencePoints="0" numBranchPoints="1" visitedBranchPoints="0" sequenceCoverage="0" branchCoverage="0" maxCyclomaticComplexity="1" minCyclomaticComplexity="1" maxCrapScore="2" minCrapScore="2" visitedClasses="0" numClasses="0" visitedMethods="0" numMethods="1" />
              <MetadataToken>100664564</MetadataToken>
              <Name>System.Void Xunit.DiagnosticMessage::set_Message(System.String)</Name>
              <FileRef uid="277" />
              <SequencePoints>
                <SequencePoint vc="0" uspid="8030" ordinal="0" offset="0" sl="48" sc="38" el="48" ec="42" bec="0" bev="0" fileid="277" />
              </SequencePoints>
              <BranchPoints />
              <MethodPoint xsi:type="SequencePoint" vc="0" uspid="8030" ordinal="0" offset="0" sl="48" sc="38" el="48" ec="42" bec="0" bev="0" fileid="277" />
            </Method>
            <Method visited="false" cyclomaticComplexity="1" nPathComplexity="0" sequenceCoverage="0" branchCoverage="0" crapScore="2" isConstructor="true" isStatic="false" isGetter="false" isSetter="false">
              <Summary numSequencePoints="2" visitedSequencePoints="0" numBranchPoints="1" visitedBranchPoints="0" sequenceCoverage="0" branchCoverage="0" maxCyclomaticComplexity="1" minCyclomaticComplexity="1" maxCrapScore="2" minCrapScore="2" visitedClasses="0" numClasses="0" visitedMethods="0" numMethods="1" />
              <MetadataToken>100664559</MetadataToken>
              <Name>System.Void Xunit.DiagnosticMessage::.ctor()</Name>
              <FileRef uid="277" />
              <SequencePoints>
                <SequencePoint vc="0" uspid="8031" ordinal="0" offset="0" sl="23" sc="9" el="23" ec="35" bec="0" bev="0" fileid="277" />
                <SequencePoint vc="0" uspid="8032" ordinal="1" offset="6" sl="23" sc="38" el="23" ec="39" bec="0" bev="0" fileid="277" />
              </SequencePoints>
              <BranchPoints />
              <MethodPoint xsi:type="SequencePoint" vc="0" uspid="8031" ordinal="0" offset="0" sl="23" sc="9" el="23" ec="35" bec="0" bev="0" fileid="277" />
            </Method>
            <Method visited="false" cyclomaticComplexity="1" nPathComplexity="0" sequenceCoverage="0" branchCoverage="0" crapScore="2" isConstructor="true" isStatic="false" isGetter="false" isSetter="false">
              <Summary numSequencePoints="3" visitedSequencePoints="0" numBranchPoints="1" visitedBranchPoints="0" sequenceCoverage="0" branchCoverage="0" maxCyclomaticComplexity="1" minCyclomaticComplexity="1" maxCrapScore="2" minCrapScore="2" visitedClasses="0" numClasses="0" visitedMethods="0" numMethods="1" />
              <MetadataToken>100664560</MetadataToken>
              <Name>System.Void Xunit.DiagnosticMessage::.ctor(System.String)</Name>
              <FileRef uid="277" />
              <SequencePoints>
                <SequencePoint vc="0" uspid="8033" ordinal="0" offset="0" sl="29" sc="9" el="29" ec="49" bec="0" bev="0" fileid="277" />
                <SequencePoint vc="0" uspid="8034" ordinal="1" offset="6" sl="31" sc="13" el="31" ec="31" bec="0" bev="0" fileid="277" />
                <SequencePoint vc="0" uspid="8035" ordinal="2" offset="13" sl="32" sc="9" el="32" ec="10" bec="0" bev="0" fileid="277" />
              </SequencePoints>
              <BranchPoints />
              <MethodPoint xsi:type="SequencePoint" vc="0" uspid="8033" ordinal="0" offset="0" sl="29" sc="9" el="29" ec="49" bec="0" bev="0" fileid="277" />
            </Method>
            <Method visited="false" cyclomaticComplexity="1" nPathComplexity="0" sequenceCoverage="0" branchCoverage="0" crapScore="2" isConstructor="true" isStatic="false" isGetter="false" isSetter="false">
              <Summary numSequencePoints="3" visitedSequencePoints="0" numBranchPoints="1" visitedBranchPoints="0" sequenceCoverage="0" branchCoverage="0" maxCyclomaticComplexity="1" minCyclomaticComplexity="1" maxCrapScore="2" minCrapScore="2" visitedClasses="0" numClasses="0" visitedMethods="0" numMethods="1" />
              <MetadataToken>100664561</MetadataToken>
              <Name>System.Void Xunit.DiagnosticMessage::.ctor(System.String,System.Object[])</Name>
              <FileRef uid="277" />
              <SequencePoints>
                <SequencePoint vc="0" uspid="8036" ordinal="0" offset="0" sl="39" sc="9" el="39" ec="70" bec="0" bev="0" fileid="277" />
                <SequencePoint vc="0" uspid="8037" ordinal="1" offset="6" sl="41" sc="13" el="41" ec="51" bec="0" bev="0" fileid="277" />
                <SequencePoint vc="0" uspid="8038" ordinal="2" offset="19" sl="42" sc="9" el="42" ec="10" bec="0" bev="0" fileid="277" />
              </SequencePoints>
              <BranchPoints />
              <MethodPoint xsi:type="SequencePoint" vc="0" uspid="8036" ordinal="0" offset="0" sl="39" sc="9" el="39" ec="70" bec="0" bev="0" fileid="277" />
            </Method>
            <Method visited="false" cyclomaticComplexity="1" nPathComplexity="0" sequenceCoverage="0" branchCoverage="0" crapScore="2" isConstructor="true" isStatic="true" isGetter="false" isSetter="false">
              <Summary numSequencePoints="1" visitedSequencePoints="0" numBranchPoints="1" visitedBranchPoints="0" sequenceCoverage="0" branchCoverage="0" maxCyclomaticComplexity="1" minCyclomaticComplexity="1" maxCrapScore="2" minCrapScore="2" visitedClasses="0" numClasses="0" visitedMethods="0" numMethods="1" />
              <MetadataToken>100664565</MetadataToken>
              <Name>System.Void Xunit.DiagnosticMessage::.cctor()</Name>
              <FileRef uid="277" />
              <SequencePoints>
                <SequencePoint vc="0" uspid="8039" ordinal="0" offset="0" sl="19" sc="9" el="19" ec="145" bec="0" bev="0" fileid="277" />
              </SequencePoints>
              <BranchPoints />
              <MethodPoint xsi:type="SequencePoint" vc="0" uspid="8039" ordinal="0" offset="0" sl="19" sc="9" el="19" ec="145" bec="0" bev="0" fileid="277" />
            </Method>
          </Methods>
        </Class>
        <Class>
          <Summary numSequencePoints="1" visitedSequencePoints="0" numBranchPoints="1" visitedBranchPoints="0" sequenceCoverage="0" branchCoverage="0" maxCyclomaticComplexity="1" minCyclomaticComplexity="1" maxCrapScore="2" minCrapScore="2" visitedClasses="0" numClasses="1" visitedMethods="0" numMethods="1" />
          <FullName>Xunit.DiagnosticMessage/&lt;&gt;c</FullName>
          <Methods>
            <Method visited="false" cyclomaticComplexity="1" nPathComplexity="0" sequenceCoverage="0" branchCoverage="0" crapScore="2" isConstructor="true" isStatic="true" isGetter="false" isSetter="false">
              <Summary numSequencePoints="0" visitedSequencePoints="0" numBranchPoints="0" visitedBranchPoints="0" sequenceCoverage="0" branchCoverage="0" maxCyclomaticComplexity="1" minCyclomaticComplexity="1" maxCrapScore="2" minCrapScore="2" visitedClasses="0" numClasses="0" visitedMethods="0" numMethods="0" />
              <MetadataToken>100665141</MetadataToken>
              <Name>System.Void Xunit.DiagnosticMessage/&lt;&gt;c::.cctor()</Name>
              <SequencePoints />
              <BranchPoints />
              <MethodPoint vc="0" uspid="8040" ordinal="0" offset="0" />
            </Method>
            <Method visited="false" cyclomaticComplexity="1" nPathComplexity="0" sequenceCoverage="0" branchCoverage="0" crapScore="2" isConstructor="true" isStatic="false" isGetter="false" isSetter="false">
              <Summary numSequencePoints="0" visitedSequencePoints="0" numBranchPoints="0" visitedBranchPoints="0" sequenceCoverage="0" branchCoverage="0" maxCyclomaticComplexity="1" minCyclomaticComplexity="1" maxCrapScore="2" minCrapScore="2" visitedClasses="0" numClasses="0" visitedMethods="0" numMethods="0" />
              <MetadataToken>100665142</MetadataToken>
              <Name>System.Void Xunit.DiagnosticMessage/&lt;&gt;c::.ctor()</Name>
              <SequencePoints />
              <BranchPoints />
              <MethodPoint vc="0" uspid="8041" ordinal="0" offset="0" />
            </Method>
            <Method visited="false" cyclomaticComplexity="1" nPathComplexity="0" sequenceCoverage="0" branchCoverage="0" crapScore="2" isConstructor="false" isStatic="false" isGetter="false" isSetter="false">
              <Summary numSequencePoints="1" visitedSequencePoints="0" numBranchPoints="1" visitedBranchPoints="0" sequenceCoverage="0" branchCoverage="0" maxCyclomaticComplexity="1" minCyclomaticComplexity="1" maxCrapScore="2" minCrapScore="2" visitedClasses="0" numClasses="0" visitedMethods="0" numMethods="1" />
              <MetadataToken>100665143</MetadataToken>
              <Name>System.String Xunit.DiagnosticMessage/&lt;&gt;c::&lt;.cctor&gt;b__10_0(System.Type)</Name>
              <FileRef uid="277" />
              <SequencePoints>
                <SequencePoint vc="0" uspid="8042" ordinal="0" offset="0" sl="19" sc="132" el="19" ec="142" bec="0" bev="0" fileid="277" />
              </SequencePoints>
              <BranchPoints />
              <MethodPoint xsi:type="SequencePoint" vc="0" uspid="8042" ordinal="0" offset="0" sl="19" sc="132" el="19" ec="142" bec="0" bev="0" fileid="277" />
            </Method>
          </Methods>
        </Class>
        <Class>
          <Summary numSequencePoints="0" visitedSequencePoints="0" numBranchPoints="0" visitedBranchPoints="0" sequenceCoverage="0" branchCoverage="0" maxCyclomaticComplexity="1" minCyclomaticComplexity="1" maxCrapScore="2" minCrapScore="2" visitedClasses="0" numClasses="0" visitedMethods="0" numMethods="0" />
          <FullName>Xunit.DiscoveryCompleteMessage</FullName>
          <Methods>
            <Method visited="false" cyclomaticComplexity="1" nPathComplexity="0" sequenceCoverage="0" branchCoverage="0" crapScore="2" isConstructor="true" isStatic="false" isGetter="false" isSetter="false">
              <Summary numSequencePoints="0" visitedSequencePoints="0" numBranchPoints="0" visitedBranchPoints="0" sequenceCoverage="0" branchCoverage="0" maxCyclomaticComplexity="1" minCyclomaticComplexity="1" maxCrapScore="2" minCrapScore="2" visitedClasses="0" numClasses="0" visitedMethods="0" numMethods="0" />
              <MetadataToken>100664566</MetadataToken>
              <Name>System.Void Xunit.DiscoveryCompleteMessage::.ctor()</Name>
              <SequencePoints />
              <BranchPoints />
              <MethodPoint vc="0" uspid="8043" ordinal="0" offset="0" />
            </Method>
          </Methods>
        </Class>
        <Class>
          <Summary numSequencePoints="25" visitedSequencePoints="0" numBranchPoints="12" visitedBranchPoints="0" sequenceCoverage="0" branchCoverage="0" maxCyclomaticComplexity="1" minCyclomaticComplexity="1" maxCrapScore="2" minCrapScore="2" visitedClasses="0" numClasses="1" visitedMethods="0" numMethods="12" />
          <FullName>Xunit.ErrorMessage</FullName>
          <Methods>
            <Method visited="false" cyclomaticComplexity="1" nPathComplexity="0" sequenceCoverage="0" branchCoverage="0" crapScore="2" isConstructor="false" isStatic="false" isGetter="true" isSetter="false">
              <Summary numSequencePoints="1" visitedSequencePoints="0" numBranchPoints="1" visitedBranchPoints="0" sequenceCoverage="0" branchCoverage="0" maxCyclomaticComplexity="1" minCyclomaticComplexity="1" maxCrapScore="2" minCrapScore="2" visitedClasses="0" numClasses="0" visitedMethods="0" numMethods="1" />
              <MetadataToken>100664569</MetadataToken>
              <Name>System.String[] Xunit.ErrorMessage::get_ExceptionTypes()</Name>
              <FileRef uid="279" />
              <SequencePoints>
                <SequencePoint vc="0" uspid="8044" ordinal="0" offset="0" sl="43" sc="42" el="43" ec="46" bec="0" bev="0" fileid="279" />
              </SequencePoints>
              <BranchPoints />
              <MethodPoint xsi:type="SequencePoint" vc="0" uspid="8044" ordinal="0" offset="0" sl="43" sc="42" el="43" ec="46" bec="0" bev="0" fileid="279" />
            </Method>
            <Method visited="false" cyclomaticComplexity="1" nPathComplexity="0" sequenceCoverage="0" branchCoverage="0" crapScore="2" isConstructor="false" isStatic="false" isGetter="false" isSetter="true">
              <Summary numSequencePoints="1" visitedSequencePoints="0" numBranchPoints="1" visitedBranchPoints="0" sequenceCoverage="0" branchCoverage="0" maxCyclomaticComplexity="1" minCyclomaticComplexity="1" maxCrapScore="2" minCrapScore="2" visitedClasses="0" numClasses="0" visitedMethods="0" numMethods="1" />
              <MetadataToken>100664570</MetadataToken>
              <Name>System.Void Xunit.ErrorMessage::set_ExceptionTypes(System.String[])</Name>
              <FileRef uid="279" />
              <SequencePoints>
                <SequencePoint vc="0" uspid="8045" ordinal="0" offset="0" sl="43" sc="47" el="43" ec="59" bec="0" bev="0" fileid="279" />
              </SequencePoints>
              <BranchPoints />
              <MethodPoint xsi:type="SequencePoint" vc="0" uspid="8045" ordinal="0" offset="0" sl="43" sc="47" el="43" ec="59" bec="0" bev="0" fileid="279" />
            </Method>
            <Method visited="false" cyclomaticComplexity="1" nPathComplexity="0" sequenceCoverage="0" branchCoverage="0" crapScore="2" isConstructor="false" isStatic="false" isGetter="true" isSetter="false">
              <Summary numSequencePoints="1" visitedSequencePoints="0" numBranchPoints="1" visitedBranchPoints="0" sequenceCoverage="0" branchCoverage="0" maxCyclomaticComplexity="1" minCyclomaticComplexity="1" maxCrapScore="2" minCrapScore="2" visitedClasses="0" numClasses="0" visitedMethods="0" numMethods="1" />
              <MetadataToken>100664571</MetadataToken>
              <Name>System.String[] Xunit.ErrorMessage::get_Messages()</Name>
              <FileRef uid="279" />
              <SequencePoints>
                <SequencePoint vc="0" uspid="8046" ordinal="0" offset="0" sl="46" sc="36" el="46" ec="40" bec="0" bev="0" fileid="279" />
              </SequencePoints>
              <BranchPoints />
              <MethodPoint xsi:type="SequencePoint" vc="0" uspid="8046" ordinal="0" offset="0" sl="46" sc="36" el="46" ec="40" bec="0" bev="0" fileid="279" />
            </Method>
            <Method visited="false" cyclomaticComplexity="1" nPathComplexity="0" sequenceCoverage="0" branchCoverage="0" crapScore="2" isConstructor="false" isStatic="false" isGetter="false" isSetter="true">
              <Summary numSequencePoints="1" visitedSequencePoints="0" numBranchPoints="1" visitedBranchPoints="0" sequenceCoverage="0" branchCoverage="0" maxCyclomaticComplexity="1" minCyclomaticComplexity="1" maxCrapScore="2" minCrapScore="2" visitedClasses="0" numClasses="0" visitedMethods="0" numMethods="1" />
              <MetadataToken>100664572</MetadataToken>
              <Name>System.Void Xunit.ErrorMessage::set_Messages(System.String[])</Name>
              <FileRef uid="279" />
              <SequencePoints>
                <SequencePoint vc="0" uspid="8047" ordinal="0" offset="0" sl="46" sc="41" el="46" ec="53" bec="0" bev="0" fileid="279" />
              </SequencePoints>
              <BranchPoints />
              <MethodPoint xsi:type="SequencePoint" vc="0" uspid="8047" ordinal="0" offset="0" sl="46" sc="41" el="46" ec="53" bec="0" bev="0" fileid="279" />
            </Method>
            <Method visited="false" cyclomaticComplexity="1" nPathComplexity="0" sequenceCoverage="0" branchCoverage="0" crapScore="2" isConstructor="false" isStatic="false" isGetter="true" isSetter="false">
              <Summary numSequencePoints="1" visitedSequencePoints="0" numBranchPoints="1" visitedBranchPoints="0" sequenceCoverage="0" branchCoverage="0" maxCyclomaticComplexity="1" minCyclomaticComplexity="1" maxCrapScore="2" minCrapScore="2" visitedClasses="0" numClasses="0" visitedMethods="0" numMethods="1" />
              <MetadataToken>100664573</MetadataToken>
              <Name>System.String[] Xunit.ErrorMessage::get_StackTraces()</Name>
              <FileRef uid="279" />
              <SequencePoints>
                <SequencePoint vc="0" uspid="8048" ordinal="0" offset="0" sl="49" sc="39" el="49" ec="43" bec="0" bev="0" fileid="279" />
              </SequencePoints>
              <BranchPoints />
              <MethodPoint xsi:type="SequencePoint" vc="0" uspid="8048" ordinal="0" offset="0" sl="49" sc="39" el="49" ec="43" bec="0" bev="0" fileid="279" />
            </Method>
            <Method visited="false" cyclomaticComplexity="1" nPathComplexity="0" sequenceCoverage="0" branchCoverage="0" crapScore="2" isConstructor="false" isStatic="false" isGetter="false" isSetter="true">
              <Summary numSequencePoints="1" visitedSequencePoints="0" numBranchPoints="1" visitedBranchPoints="0" sequenceCoverage="0" branchCoverage="0" maxCyclomaticComplexity="1" minCyclomaticComplexity="1" maxCrapScore="2" minCrapScore="2" visitedClasses="0" numClasses="0" visitedMethods="0" numMethods="1" />
              <MetadataToken>100664574</MetadataToken>
              <Name>System.Void Xunit.ErrorMessage::set_StackTraces(System.String[])</Name>
              <FileRef uid="279" />
              <SequencePoints>
                <SequencePoint vc="0" uspid="8049" ordinal="0" offset="0" sl="49" sc="44" el="49" ec="56" bec="0" bev="0" fileid="279" />
              </SequencePoints>
              <BranchPoints />
              <MethodPoint xsi:type="SequencePoint" vc="0" uspid="8049" ordinal="0" offset="0" sl="49" sc="44" el="49" ec="56" bec="0" bev="0" fileid="279" />
            </Method>
            <Method visited="false" cyclomaticComplexity="1" nPathComplexity="0" sequenceCoverage="0" branchCoverage="0" crapScore="2" isConstructor="false" isStatic="false" isGetter="true" isSetter="false">
              <Summary numSequencePoints="1" visitedSequencePoints="0" numBranchPoints="1" visitedBranchPoints="0" sequenceCoverage="0" branchCoverage="0" maxCyclomaticComplexity="1" minCyclomaticComplexity="1" maxCrapScore="2" minCrapScore="2" visitedClasses="0" numClasses="0" visitedMethods="0" numMethods="1" />
              <MetadataToken>100664575</MetadataToken>
              <Name>System.Int32[] Xunit.ErrorMessage::get_ExceptionParentIndices()</Name>
              <FileRef uid="279" />
              <SequencePoints>
                <SequencePoint vc="0" uspid="8050" ordinal="0" offset="0" sl="52" sc="47" el="52" ec="51" bec="0" bev="0" fileid="279" />
              </SequencePoints>
              <BranchPoints />
              <MethodPoint xsi:type="SequencePoint" vc="0" uspid="8050" ordinal="0" offset="0" sl="52" sc="47" el="52" ec="51" bec="0" bev="0" fileid="279" />
            </Method>
            <Method visited="false" cyclomaticComplexity="1" nPathComplexity="0" sequenceCoverage="0" branchCoverage="0" crapScore="2" isConstructor="false" isStatic="false" isGetter="false" isSetter="true">
              <Summary numSequencePoints="1" visitedSequencePoints="0" numBranchPoints="1" visitedBranchPoints="0" sequenceCoverage="0" branchCoverage="0" maxCyclomaticComplexity="1" minCyclomaticComplexity="1" maxCrapScore="2" minCrapScore="2" visitedClasses="0" numClasses="0" visitedMethods="0" numMethods="1" />
              <MetadataToken>100664576</MetadataToken>
              <Name>System.Void Xunit.ErrorMessage::set_ExceptionParentIndices(System.Int32[])</Name>
              <FileRef uid="279" />
              <SequencePoints>
                <SequencePoint vc="0" uspid="8051" ordinal="0" offset="0" sl="52" sc="52" el="52" ec="64" bec="0" bev="0" fileid="279" />
              </SequencePoints>
              <BranchPoints />
              <MethodPoint xsi:type="SequencePoint" vc="0" uspid="8051" ordinal="0" offset="0" sl="52" sc="52" el="52" ec="64" bec="0" bev="0" fileid="279" />
            </Method>
            <Method visited="false" cyclomaticComplexity="1" nPathComplexity="0" sequenceCoverage="0" branchCoverage="0" crapScore="2" isConstructor="false" isStatic="false" isGetter="true" isSetter="false">
              <Summary numSequencePoints="1" visitedSequencePoints="0" numBranchPoints="1" visitedBranchPoints="0" sequenceCoverage="0" branchCoverage="0" maxCyclomaticComplexity="1" minCyclomaticComplexity="1" maxCrapScore="2" minCrapScore="2" visitedClasses="0" numClasses="0" visitedMethods="0" numMethods="1" />
              <MetadataToken>100664577</MetadataToken>
              <Name>System.Collections.Generic.IEnumerable`1&lt;Xunit.Abstractions.ITestCase&gt; Xunit.ErrorMessage::get_TestCases()</Name>
              <FileRef uid="279" />
              <SequencePoints>
                <SequencePoint vc="0" uspid="8052" ordinal="0" offset="0" sl="55" sc="51" el="55" ec="55" bec="0" bev="0" fileid="279" />
              </SequencePoints>
              <BranchPoints />
              <MethodPoint xsi:type="SequencePoint" vc="0" uspid="8052" ordinal="0" offset="0" sl="55" sc="51" el="55" ec="55" bec="0" bev="0" fileid="279" />
            </Method>
            <Method visited="false" cyclomaticComplexity="1" nPathComplexity="0" sequenceCoverage="0" branchCoverage="0" crapScore="2" isConstructor="false" isStatic="false" isGetter="false" isSetter="true">
              <Summary numSequencePoints="1" visitedSequencePoints="0" numBranchPoints="1" visitedBranchPoints="0" sequenceCoverage="0" branchCoverage="0" maxCyclomaticComplexity="1" minCyclomaticComplexity="1" maxCrapScore="2" minCrapScore="2" visitedClasses="0" numClasses="0" visitedMethods="0" numMethods="1" />
              <MetadataToken>100664578</MetadataToken>
              <Name>System.Void Xunit.ErrorMessage::set_TestCases(System.Collections.Generic.IEnumerable`1&lt;Xunit.Abstractions.ITestCase&gt;)</Name>
              <FileRef uid="279" />
              <SequencePoints>
                <SequencePoint vc="0" uspid="8053" ordinal="0" offset="0" sl="55" sc="56" el="55" ec="68" bec="0" bev="0" fileid="279" />
              </SequencePoints>
              <BranchPoints />
              <MethodPoint xsi:type="SequencePoint" vc="0" uspid="8053" ordinal="0" offset="0" sl="55" sc="56" el="55" ec="68" bec="0" bev="0" fileid="279" />
            </Method>
            <Method visited="false" cyclomaticComplexity="1" nPathComplexity="0" sequenceCoverage="0" branchCoverage="0" crapScore="2" isConstructor="true" isStatic="false" isGetter="false" isSetter="false">
              <Summary numSequencePoints="7" visitedSequencePoints="0" numBranchPoints="1" visitedBranchPoints="0" sequenceCoverage="0" branchCoverage="0" maxCyclomaticComplexity="1" minCyclomaticComplexity="1" maxCrapScore="2" minCrapScore="2" visitedClasses="0" numClasses="0" visitedMethods="0" numMethods="1" />
              <MetadataToken>100664567</MetadataToken>
              <Name>System.Void Xunit.ErrorMessage::.ctor(System.Collections.Generic.IEnumerable`1&lt;Xunit.Abstractions.ITestCase&gt;,System.String[],System.String[],System.String[],System.Int32[])</Name>
              <FileRef uid="279" />
              <SequencePoints>
                <SequencePoint vc="0" uspid="8054" ordinal="0" offset="0" sl="19" sc="9" el="19" ec="158" bec="0" bev="0" fileid="279" />
                <SequencePoint vc="0" uspid="8055" ordinal="1" offset="6" sl="21" sc="13" el="21" ec="35" bec="0" bev="0" fileid="279" />
                <SequencePoint vc="0" uspid="8056" ordinal="2" offset="13" sl="22" sc="13" el="22" ec="39" bec="0" bev="0" fileid="279" />
                <SequencePoint vc="0" uspid="8057" ordinal="3" offset="21" sl="23" sc="13" el="23" ec="33" bec="0" bev="0" fileid="279" />
                <SequencePoint vc="0" uspid="8058" ordinal="4" offset="28" sl="24" sc="13" el="24" ec="45" bec="0" bev="0" fileid="279" />
                <SequencePoint vc="0" uspid="8059" ordinal="5" offset="35" sl="25" sc="13" el="25" ec="61" bec="0" bev="0" fileid="279" />
                <SequencePoint vc="0" uspid="8060" ordinal="6" offset="43" sl="26" sc="9" el="26" ec="10" bec="0" bev="0" fileid="279" />
              </SequencePoints>
              <BranchPoints />
              <MethodPoint xsi:type="SequencePoint" vc="0" uspid="8054" ordinal="0" offset="0" sl="19" sc="9" el="19" ec="158" bec="0" bev="0" fileid="279" />
            </Method>
            <Method visited="false" cyclomaticComplexity="1" nPathComplexity="0" sequenceCoverage="0" branchCoverage="0" crapScore="2" isConstructor="true" isStatic="false" isGetter="false" isSetter="false">
              <Summary numSequencePoints="8" visitedSequencePoints="0" numBranchPoints="1" visitedBranchPoints="0" sequenceCoverage="0" branchCoverage="0" maxCyclomaticComplexity="1" minCyclomaticComplexity="1" maxCrapScore="2" minCrapScore="2" visitedClasses="0" numClasses="0" visitedMethods="0" numMethods="1" />
              <MetadataToken>100664568</MetadataToken>
              <Name>System.Void Xunit.ErrorMessage::.ctor(System.Collections.Generic.IEnumerable`1&lt;Xunit.Abstractions.ITestCase&gt;,System.Exception)</Name>
              <FileRef uid="279" />
              <SequencePoints>
                <SequencePoint vc="0" uspid="8061" ordinal="0" offset="0" sl="31" sc="9" el="31" ec="76" bec="0" bev="0" fileid="279" />
                <SequencePoint vc="0" uspid="8062" ordinal="1" offset="6" sl="33" sc="13" el="33" ec="35" bec="0" bev="0" fileid="279" />
                <SequencePoint vc="0" uspid="8063" ordinal="2" offset="13" sl="35" sc="13" el="35" ec="89" bec="0" bev="0" fileid="279" />
                <SequencePoint vc="0" uspid="8064" ordinal="3" offset="20" sl="36" sc="13" el="36" ec="57" bec="0" bev="0" fileid="279" />
                <SequencePoint vc="0" uspid="8065" ordinal="4" offset="32" sl="37" sc="13" el="37" ec="45" bec="0" bev="0" fileid="279" />
                <SequencePoint vc="0" uspid="8066" ordinal="5" offset="44" sl="38" sc="13" el="38" ec="51" bec="0" bev="0" fileid="279" />
                <SequencePoint vc="0" uspid="8067" ordinal="6" offset="56" sl="39" sc="13" el="39" ec="73" bec="0" bev="0" fileid="279" />
                <SequencePoint vc="0" uspid="8068" ordinal="7" offset="68" sl="40" sc="9" el="40" ec="10" bec="0" bev="0" fileid="279" />
              </SequencePoints>
              <BranchPoints />
              <MethodPoint xsi:type="SequencePoint" vc="0" uspid="8061" ordinal="0" offset="0" sl="31" sc="9" el="31" ec="76" bec="0" bev="0" fileid="279" />
            </Method>
          </Methods>
        </Class>
        <Class>
          <Summary numSequencePoints="21" visitedSequencePoints="0" numBranchPoints="10" visitedBranchPoints="0" sequenceCoverage="0" branchCoverage="0" maxCyclomaticComplexity="1" minCyclomaticComplexity="1" maxCrapScore="2" minCrapScore="2" visitedClasses="0" numClasses="1" visitedMethods="0" numMethods="10" />
          <FullName>Xunit.TestAssemblyCleanupFailure</FullName>
          <Methods>
            <Method visited="false" cyclomaticComplexity="1" nPathComplexity="0" sequenceCoverage="0" branchCoverage="0" crapScore="2" isConstructor="false" isStatic="false" isGetter="true" isSetter="false">
              <Summary numSequencePoints="1" visitedSequencePoints="0" numBranchPoints="1" visitedBranchPoints="0" sequenceCoverage="0" branchCoverage="0" maxCyclomaticComplexity="1" minCyclomaticComplexity="1" maxCrapScore="2" minCrapScore="2" visitedClasses="0" numClasses="0" visitedMethods="0" numMethods="1" />
              <MetadataToken>100664581</MetadataToken>
              <Name>System.Int32[] Xunit.TestAssemblyCleanupFailure::get_ExceptionParentIndices()</Name>
              <FileRef uid="280" />
              <SequencePoints>
                <SequencePoint vc="0" uspid="8069" ordinal="0" offset="0" sl="42" sc="47" el="42" ec="51" bec="0" bev="0" fileid="280" />
              </SequencePoints>
              <BranchPoints />
              <MethodPoint xsi:type="SequencePoint" vc="0" uspid="8069" ordinal="0" offset="0" sl="42" sc="47" el="42" ec="51" bec="0" bev="0" fileid="280" />
            </Method>
            <Method visited="false" cyclomaticComplexity="1" nPathComplexity="0" sequenceCoverage="0" branchCoverage="0" crapScore="2" isConstructor="false" isStatic="false" isGetter="false" isSetter="true">
              <Summary numSequencePoints="1" visitedSequencePoints="0" numBranchPoints="1" visitedBranchPoints="0" sequenceCoverage="0" branchCoverage="0" maxCyclomaticComplexity="1" minCyclomaticComplexity="1" maxCrapScore="2" minCrapScore="2" visitedClasses="0" numClasses="0" visitedMethods="0" numMethods="1" />
              <MetadataToken>100664582</MetadataToken>
              <Name>System.Void Xunit.TestAssemblyCleanupFailure::set_ExceptionParentIndices(System.Int32[])</Name>
              <FileRef uid="280" />
              <SequencePoints>
                <SequencePoint vc="0" uspid="8070" ordinal="0" offset="0" sl="42" sc="52" el="42" ec="64" bec="0" bev="0" fileid="280" />
              </SequencePoints>
              <BranchPoints />
              <MethodPoint xsi:type="SequencePoint" vc="0" uspid="8070" ordinal="0" offset="0" sl="42" sc="52" el="42" ec="64" bec="0" bev="0" fileid="280" />
            </Method>
            <Method visited="false" cyclomaticComplexity="1" nPathComplexity="0" sequenceCoverage="0" branchCoverage="0" crapScore="2" isConstructor="false" isStatic="false" isGetter="true" isSetter="false">
              <Summary numSequencePoints="1" visitedSequencePoints="0" numBranchPoints="1" visitedBranchPoints="0" sequenceCoverage="0" branchCoverage="0" maxCyclomaticComplexity="1" minCyclomaticComplexity="1" maxCrapScore="2" minCrapScore="2" visitedClasses="0" numClasses="0" visitedMethods="0" numMethods="1" />
              <MetadataToken>100664583</MetadataToken>
              <Name>System.String[] Xunit.TestAssemblyCleanupFailure::get_ExceptionTypes()</Name>
              <FileRef uid="280" />
              <SequencePoints>
                <SequencePoint vc="0" uspid="8071" ordinal="0" offset="0" sl="45" sc="42" el="45" ec="46" bec="0" bev="0" fileid="280" />
              </SequencePoints>
              <BranchPoints />
              <MethodPoint xsi:type="SequencePoint" vc="0" uspid="8071" ordinal="0" offset="0" sl="45" sc="42" el="45" ec="46" bec="0" bev="0" fileid="280" />
            </Method>
            <Method visited="false" cyclomaticComplexity="1" nPathComplexity="0" sequenceCoverage="0" branchCoverage="0" crapScore="2" isConstructor="false" isStatic="false" isGetter="false" isSetter="true">
              <Summary numSequencePoints="1" visitedSequencePoints="0" numBranchPoints="1" visitedBranchPoints="0" sequenceCoverage="0" branchCoverage="0" maxCyclomaticComplexity="1" minCyclomaticComplexity="1" maxCrapScore="2" minCrapScore="2" visitedClasses="0" numClasses="0" visitedMethods="0" numMethods="1" />
              <MetadataToken>100664584</MetadataToken>
              <Name>System.Void Xunit.TestAssemblyCleanupFailure::set_ExceptionTypes(System.String[])</Name>
              <FileRef uid="280" />
              <SequencePoints>
                <SequencePoint vc="0" uspid="8072" ordinal="0" offset="0" sl="45" sc="47" el="45" ec="59" bec="0" bev="0" fileid="280" />
              </SequencePoints>
              <BranchPoints />
              <MethodPoint xsi:type="SequencePoint" vc="0" uspid="8072" ordinal="0" offset="0" sl="45" sc="47" el="45" ec="59" bec="0" bev="0" fileid="280" />
            </Method>
            <Method visited="false" cyclomaticComplexity="1" nPathComplexity="0" sequenceCoverage="0" branchCoverage="0" crapScore="2" isConstructor="false" isStatic="false" isGetter="true" isSetter="false">
              <Summary numSequencePoints="1" visitedSequencePoints="0" numBranchPoints="1" visitedBranchPoints="0" sequenceCoverage="0" branchCoverage="0" maxCyclomaticComplexity="1" minCyclomaticComplexity="1" maxCrapScore="2" minCrapScore="2" visitedClasses="0" numClasses="0" visitedMethods="0" numMethods="1" />
              <MetadataToken>100664585</MetadataToken>
              <Name>System.String[] Xunit.TestAssemblyCleanupFailure::get_Messages()</Name>
              <FileRef uid="280" />
              <SequencePoints>
                <SequencePoint vc="0" uspid="8073" ordinal="0" offset="0" sl="48" sc="36" el="48" ec="40" bec="0" bev="0" fileid="280" />
              </SequencePoints>
              <BranchPoints />
              <MethodPoint xsi:type="SequencePoint" vc="0" uspid="8073" ordinal="0" offset="0" sl="48" sc="36" el="48" ec="40" bec="0" bev="0" fileid="280" />
            </Method>
            <Method visited="false" cyclomaticComplexity="1" nPathComplexity="0" sequenceCoverage="0" branchCoverage="0" crapScore="2" isConstructor="false" isStatic="false" isGetter="false" isSetter="true">
              <Summary numSequencePoints="1" visitedSequencePoints="0" numBranchPoints="1" visitedBranchPoints="0" sequenceCoverage="0" branchCoverage="0" maxCyclomaticComplexity="1" minCyclomaticComplexity="1" maxCrapScore="2" minCrapScore="2" visitedClasses="0" numClasses="0" visitedMethods="0" numMethods="1" />
              <MetadataToken>100664586</MetadataToken>
              <Name>System.Void Xunit.TestAssemblyCleanupFailure::set_Messages(System.String[])</Name>
              <FileRef uid="280" />
              <SequencePoints>
                <SequencePoint vc="0" uspid="8074" ordinal="0" offset="0" sl="48" sc="41" el="48" ec="53" bec="0" bev="0" fileid="280" />
              </SequencePoints>
              <BranchPoints />
              <MethodPoint xsi:type="SequencePoint" vc="0" uspid="8074" ordinal="0" offset="0" sl="48" sc="41" el="48" ec="53" bec="0" bev="0" fileid="280" />
            </Method>
            <Method visited="false" cyclomaticComplexity="1" nPathComplexity="0" sequenceCoverage="0" branchCoverage="0" crapScore="2" isConstructor="false" isStatic="false" isGetter="true" isSetter="false">
              <Summary numSequencePoints="1" visitedSequencePoints="0" numBranchPoints="1" visitedBranchPoints="0" sequenceCoverage="0" branchCoverage="0" maxCyclomaticComplexity="1" minCyclomaticComplexity="1" maxCrapScore="2" minCrapScore="2" visitedClasses="0" numClasses="0" visitedMethods="0" numMethods="1" />
              <MetadataToken>100664587</MetadataToken>
              <Name>System.String[] Xunit.TestAssemblyCleanupFailure::get_StackTraces()</Name>
              <FileRef uid="280" />
              <SequencePoints>
                <SequencePoint vc="0" uspid="8075" ordinal="0" offset="0" sl="51" sc="39" el="51" ec="43" bec="0" bev="0" fileid="280" />
              </SequencePoints>
              <BranchPoints />
              <MethodPoint xsi:type="SequencePoint" vc="0" uspid="8075" ordinal="0" offset="0" sl="51" sc="39" el="51" ec="43" bec="0" bev="0" fileid="280" />
            </Method>
            <Method visited="false" cyclomaticComplexity="1" nPathComplexity="0" sequenceCoverage="0" branchCoverage="0" crapScore="2" isConstructor="false" isStatic="false" isGetter="false" isSetter="true">
              <Summary numSequencePoints="1" visitedSequencePoints="0" numBranchPoints="1" visitedBranchPoints="0" sequenceCoverage="0" branchCoverage="0" maxCyclomaticComplexity="1" minCyclomaticComplexity="1" maxCrapScore="2" minCrapScore="2" visitedClasses="0" numClasses="0" visitedMethods="0" numMethods="1" />
              <MetadataToken>100664588</MetadataToken>
              <Name>System.Void Xunit.TestAssemblyCleanupFailure::set_StackTraces(System.String[])</Name>
              <FileRef uid="280" />
              <SequencePoints>
                <SequencePoint vc="0" uspid="8076" ordinal="0" offset="0" sl="51" sc="44" el="51" ec="56" bec="0" bev="0" fileid="280" />
              </SequencePoints>
              <BranchPoints />
              <MethodPoint xsi:type="SequencePoint" vc="0" uspid="8076" ordinal="0" offset="0" sl="51" sc="44" el="51" ec="56" bec="0" bev="0" fileid="280" />
            </Method>
            <Method visited="false" cyclomaticComplexity="1" nPathComplexity="0" sequenceCoverage="0" branchCoverage="0" crapScore="2" isConstructor="true" isStatic="false" isGetter="false" isSetter="false">
              <Summary numSequencePoints="6" visitedSequencePoints="0" numBranchPoints="1" visitedBranchPoints="0" sequenceCoverage="0" branchCoverage="0" maxCyclomaticComplexity="1" minCyclomaticComplexity="1" maxCrapScore="2" minCrapScore="2" visitedClasses="0" numClasses="0" visitedMethods="0" numMethods="1" />
              <MetadataToken>100664579</MetadataToken>
              <Name>System.Void Xunit.TestAssemblyCleanupFailure::.ctor(System.Collections.Generic.IEnumerable`1&lt;Xunit.Abstractions.ITestCase&gt;,Xunit.Abstractions.ITestAssembly,System.String[],System.String[],System.String[],System.Int32[])</Name>
              <FileRef uid="280" />
              <SequencePoints>
                <SequencePoint vc="0" uspid="8077" ordinal="0" offset="0" sl="20" sc="15" el="20" ec="44" bec="0" bev="0" fileid="280" />
                <SequencePoint vc="0" uspid="8078" ordinal="1" offset="8" sl="22" sc="13" el="22" ec="39" bec="0" bev="0" fileid="280" />
                <SequencePoint vc="0" uspid="8079" ordinal="2" offset="16" sl="23" sc="13" el="23" ec="33" bec="0" bev="0" fileid="280" />
                <SequencePoint vc="0" uspid="8080" ordinal="3" offset="24" sl="24" sc="13" el="24" ec="45" bec="0" bev="0" fileid="280" />
                <SequencePoint vc="0" uspid="8081" ordinal="4" offset="31" sl="25" sc="13" el="25" ec="61" bec="0" bev="0" fileid="280" />
                <SequencePoint vc="0" uspid="8082" ordinal="5" offset="39" sl="26" sc="9" el="26" ec="10" bec="0" bev="0" fileid="280" />
              </SequencePoints>
              <BranchPoints />
              <MethodPoint xsi:type="SequencePoint" vc="0" uspid="8077" ordinal="0" offset="0" sl="20" sc="15" el="20" ec="44" bec="0" bev="0" fileid="280" />
            </Method>
            <Method visited="false" cyclomaticComplexity="1" nPathComplexity="0" sequenceCoverage="0" branchCoverage="0" crapScore="2" isConstructor="true" isStatic="false" isGetter="false" isSetter="false">
              <Summary numSequencePoints="7" visitedSequencePoints="0" numBranchPoints="1" visitedBranchPoints="0" sequenceCoverage="0" branchCoverage="0" maxCyclomaticComplexity="1" minCyclomaticComplexity="1" maxCrapScore="2" minCrapScore="2" visitedClasses="0" numClasses="0" visitedMethods="0" numMethods="1" />
              <MetadataToken>100664580</MetadataToken>
              <Name>System.Void Xunit.TestAssemblyCleanupFailure::.ctor(System.Collections.Generic.IEnumerable`1&lt;Xunit.Abstractions.ITestCase&gt;,Xunit.Abstractions.ITestAssembly,System.Exception)</Name>
              <FileRef uid="280" />
              <SequencePoints>
                <SequencePoint vc="0" uspid="8083" ordinal="0" offset="0" sl="32" sc="15" el="32" ec="44" bec="0" bev="0" fileid="280" />
                <SequencePoint vc="0" uspid="8084" ordinal="1" offset="8" sl="34" sc="13" el="34" ec="89" bec="0" bev="0" fileid="280" />
                <SequencePoint vc="0" uspid="8085" ordinal="2" offset="15" sl="35" sc="13" el="35" ec="57" bec="0" bev="0" fileid="280" />
                <SequencePoint vc="0" uspid="8086" ordinal="3" offset="27" sl="36" sc="13" el="36" ec="45" bec="0" bev="0" fileid="280" />
                <SequencePoint vc="0" uspid="8087" ordinal="4" offset="39" sl="37" sc="13" el="37" ec="51" bec="0" bev="0" fileid="280" />
                <SequencePoint vc="0" uspid="8088" ordinal="5" offset="51" sl="38" sc="13" el="38" ec="73" bec="0" bev="0" fileid="280" />
                <SequencePoint vc="0" uspid="8089" ordinal="6" offset="63" sl="39" sc="9" el="39" ec="10" bec="0" bev="0" fileid="280" />
              </SequencePoints>
              <BranchPoints />
              <MethodPoint xsi:type="SequencePoint" vc="0" uspid="8083" ordinal="0" offset="0" sl="32" sc="15" el="32" ec="44" bec="0" bev="0" fileid="280" />
            </Method>
          </Methods>
        </Class>
        <Class>
          <Summary numSequencePoints="14" visitedSequencePoints="0" numBranchPoints="9" visitedBranchPoints="0" sequenceCoverage="0" branchCoverage="0" maxCyclomaticComplexity="1" minCyclomaticComplexity="1" maxCrapScore="2" minCrapScore="2" visitedClasses="0" numClasses="1" visitedMethods="0" numMethods="9" />
          <FullName>Xunit.TestAssemblyFinished</FullName>
          <Methods>
            <Method visited="false" cyclomaticComplexity="1" nPathComplexity="0" sequenceCoverage="0" branchCoverage="0" crapScore="2" isConstructor="false" isStatic="false" isGetter="true" isSetter="false">
              <Summary numSequencePoints="1" visitedSequencePoints="0" numBranchPoints="1" visitedBranchPoints="0" sequenceCoverage="0" branchCoverage="0" maxCyclomaticComplexity="1" minCyclomaticComplexity="1" maxCrapScore="2" minCrapScore="2" visitedClasses="0" numClasses="0" visitedMethods="0" numMethods="1" />
              <MetadataToken>100664590</MetadataToken>
              <Name>System.Decimal Xunit.TestAssemblyFinished::get_ExecutionTime()</Name>
              <FileRef uid="281" />
              <SequencePoints>
                <SequencePoint vc="0" uspid="8090" ordinal="0" offset="0" sl="28" sc="40" el="28" ec="44" bec="0" bev="0" fileid="281" />
              </SequencePoints>
              <BranchPoints />
              <MethodPoint xsi:type="SequencePoint" vc="0" uspid="8090" ordinal="0" offset="0" sl="28" sc="40" el="28" ec="44" bec="0" bev="0" fileid="281" />
            </Method>
            <Method visited="false" cyclomaticComplexity="1" nPathComplexity="0" sequenceCoverage="0" branchCoverage="0" crapScore="2" isConstructor="false" isStatic="false" isGetter="false" isSetter="true">
              <Summary numSequencePoints="1" visitedSequencePoints="0" numBranchPoints="1" visitedBranchPoints="0" sequenceCoverage="0" branchCoverage="0" maxCyclomaticComplexity="1" minCyclomaticComplexity="1" maxCrapScore="2" minCrapScore="2" visitedClasses="0" numClasses="0" visitedMethods="0" numMethods="1" />
              <MetadataToken>100664591</MetadataToken>
              <Name>System.Void Xunit.TestAssemblyFinished::set_ExecutionTime(System.Decimal)</Name>
              <FileRef uid="281" />
              <SequencePoints>
                <SequencePoint vc="0" uspid="8091" ordinal="0" offset="0" sl="28" sc="45" el="28" ec="57" bec="0" bev="0" fileid="281" />
              </SequencePoints>
              <BranchPoints />
              <MethodPoint xsi:type="SequencePoint" vc="0" uspid="8091" ordinal="0" offset="0" sl="28" sc="45" el="28" ec="57" bec="0" bev="0" fileid="281" />
            </Method>
            <Method visited="false" cyclomaticComplexity="1" nPathComplexity="0" sequenceCoverage="0" branchCoverage="0" crapScore="2" isConstructor="false" isStatic="false" isGetter="true" isSetter="false">
              <Summary numSequencePoints="1" visitedSequencePoints="0" numBranchPoints="1" visitedBranchPoints="0" sequenceCoverage="0" branchCoverage="0" maxCyclomaticComplexity="1" minCyclomaticComplexity="1" maxCrapScore="2" minCrapScore="2" visitedClasses="0" numClasses="0" visitedMethods="0" numMethods="1" />
              <MetadataToken>100664592</MetadataToken>
              <Name>System.Int32 Xunit.TestAssemblyFinished::get_TestsFailed()</Name>
              <FileRef uid="281" />
              <SequencePoints>
                <SequencePoint vc="0" uspid="8092" ordinal="0" offset="0" sl="31" sc="34" el="31" ec="38" bec="0" bev="0" fileid="281" />
              </SequencePoints>
              <BranchPoints />
              <MethodPoint xsi:type="SequencePoint" vc="0" uspid="8092" ordinal="0" offset="0" sl="31" sc="34" el="31" ec="38" bec="0" bev="0" fileid="281" />
            </Method>
            <Method visited="false" cyclomaticComplexity="1" nPathComplexity="0" sequenceCoverage="0" branchCoverage="0" crapScore="2" isConstructor="false" isStatic="false" isGetter="false" isSetter="true">
              <Summary numSequencePoints="1" visitedSequencePoints="0" numBranchPoints="1" visitedBranchPoints="0" sequenceCoverage="0" branchCoverage="0" maxCyclomaticComplexity="1" minCyclomaticComplexity="1" maxCrapScore="2" minCrapScore="2" visitedClasses="0" numClasses="0" visitedMethods="0" numMethods="1" />
              <MetadataToken>100664593</MetadataToken>
              <Name>System.Void Xunit.TestAssemblyFinished::set_TestsFailed(System.Int32)</Name>
              <FileRef uid="281" />
              <SequencePoints>
                <SequencePoint vc="0" uspid="8093" ordinal="0" offset="0" sl="31" sc="39" el="31" ec="51" bec="0" bev="0" fileid="281" />
              </SequencePoints>
              <BranchPoints />
              <MethodPoint xsi:type="SequencePoint" vc="0" uspid="8093" ordinal="0" offset="0" sl="31" sc="39" el="31" ec="51" bec="0" bev="0" fileid="281" />
            </Method>
            <Method visited="false" cyclomaticComplexity="1" nPathComplexity="0" sequenceCoverage="0" branchCoverage="0" crapScore="2" isConstructor="false" isStatic="false" isGetter="true" isSetter="false">
              <Summary numSequencePoints="1" visitedSequencePoints="0" numBranchPoints="1" visitedBranchPoints="0" sequenceCoverage="0" branchCoverage="0" maxCyclomaticComplexity="1" minCyclomaticComplexity="1" maxCrapScore="2" minCrapScore="2" visitedClasses="0" numClasses="0" visitedMethods="0" numMethods="1" />
              <MetadataToken>100664594</MetadataToken>
              <Name>System.Int32 Xunit.TestAssemblyFinished::get_TestsRun()</Name>
              <FileRef uid="281" />
              <SequencePoints>
                <SequencePoint vc="0" uspid="8094" ordinal="0" offset="0" sl="34" sc="31" el="34" ec="35" bec="0" bev="0" fileid="281" />
              </SequencePoints>
              <BranchPoints />
              <MethodPoint xsi:type="SequencePoint" vc="0" uspid="8094" ordinal="0" offset="0" sl="34" sc="31" el="34" ec="35" bec="0" bev="0" fileid="281" />
            </Method>
            <Method visited="false" cyclomaticComplexity="1" nPathComplexity="0" sequenceCoverage="0" branchCoverage="0" crapScore="2" isConstructor="false" isStatic="false" isGetter="false" isSetter="true">
              <Summary numSequencePoints="1" visitedSequencePoints="0" numBranchPoints="1" visitedBranchPoints="0" sequenceCoverage="0" branchCoverage="0" maxCyclomaticComplexity="1" minCyclomaticComplexity="1" maxCrapScore="2" minCrapScore="2" visitedClasses="0" numClasses="0" visitedMethods="0" numMethods="1" />
              <MetadataToken>100664595</MetadataToken>
              <Name>System.Void Xunit.TestAssemblyFinished::set_TestsRun(System.Int32)</Name>
              <FileRef uid="281" />
              <SequencePoints>
                <SequencePoint vc="0" uspid="8095" ordinal="0" offset="0" sl="34" sc="36" el="34" ec="48" bec="0" bev="0" fileid="281" />
              </SequencePoints>
              <BranchPoints />
              <MethodPoint xsi:type="SequencePoint" vc="0" uspid="8095" ordinal="0" offset="0" sl="34" sc="36" el="34" ec="48" bec="0" bev="0" fileid="281" />
            </Method>
            <Method visited="false" cyclomaticComplexity="1" nPathComplexity="0" sequenceCoverage="0" branchCoverage="0" crapScore="2" isConstructor="false" isStatic="false" isGetter="true" isSetter="false">
              <Summary numSequencePoints="1" visitedSequencePoints="0" numBranchPoints="1" visitedBranchPoints="0" sequenceCoverage="0" branchCoverage="0" maxCyclomaticComplexity="1" minCyclomaticComplexity="1" maxCrapScore="2" minCrapScore="2" visitedClasses="0" numClasses="0" visitedMethods="0" numMethods="1" />
              <MetadataToken>100664596</MetadataToken>
              <Name>System.Int32 Xunit.TestAssemblyFinished::get_TestsSkipped()</Name>
              <FileRef uid="281" />
              <SequencePoints>
                <SequencePoint vc="0" uspid="8096" ordinal="0" offset="0" sl="37" sc="35" el="37" ec="39" bec="0" bev="0" fileid="281" />
              </SequencePoints>
              <BranchPoints />
              <MethodPoint xsi:type="SequencePoint" vc="0" uspid="8096" ordinal="0" offset="0" sl="37" sc="35" el="37" ec="39" bec="0" bev="0" fileid="281" />
            </Method>
            <Method visited="false" cyclomaticComplexity="1" nPathComplexity="0" sequenceCoverage="0" branchCoverage="0" crapScore="2" isConstructor="false" isStatic="false" isGetter="false" isSetter="true">
              <Summary numSequencePoints="1" visitedSequencePoints="0" numBranchPoints="1" visitedBranchPoints="0" sequenceCoverage="0" branchCoverage="0" maxCyclomaticComplexity="1" minCyclomaticComplexity="1" maxCrapScore="2" minCrapScore="2" visitedClasses="0" numClasses="0" visitedMethods="0" numMethods="1" />
              <MetadataToken>100664597</MetadataToken>
              <Name>System.Void Xunit.TestAssemblyFinished::set_TestsSkipped(System.Int32)</Name>
              <FileRef uid="281" />
              <SequencePoints>
                <SequencePoint vc="0" uspid="8097" ordinal="0" offset="0" sl="37" sc="40" el="37" ec="52" bec="0" bev="0" fileid="281" />
              </SequencePoints>
              <BranchPoints />
              <MethodPoint xsi:type="SequencePoint" vc="0" uspid="8097" ordinal="0" offset="0" sl="37" sc="40" el="37" ec="52" bec="0" bev="0" fileid="281" />
            </Method>
            <Method visited="false" cyclomaticComplexity="1" nPathComplexity="0" sequenceCoverage="0" branchCoverage="0" crapScore="2" isConstructor="true" isStatic="false" isGetter="false" isSetter="false">
              <Summary numSequencePoints="6" visitedSequencePoints="0" numBranchPoints="1" visitedBranchPoints="0" sequenceCoverage="0" branchCoverage="0" maxCyclomaticComplexity="1" minCyclomaticComplexity="1" maxCrapScore="2" minCrapScore="2" visitedClasses="0" numClasses="0" visitedMethods="0" numMethods="1" />
              <MetadataToken>100664589</MetadataToken>
              <Name>System.Void Xunit.TestAssemblyFinished::.ctor(System.Collections.Generic.IEnumerable`1&lt;Xunit.Abstractions.ITestCase&gt;,Xunit.Abstractions.ITestAssembly,System.Decimal,System.Int32,System.Int32,System.Int32)</Name>
              <FileRef uid="281" />
              <SequencePoints>
                <SequencePoint vc="0" uspid="8098" ordinal="0" offset="0" sl="19" sc="15" el="19" ec="44" bec="0" bev="0" fileid="281" />
                <SequencePoint vc="0" uspid="8099" ordinal="1" offset="8" sl="21" sc="13" el="21" ec="41" bec="0" bev="0" fileid="281" />
                <SequencePoint vc="0" uspid="8100" ordinal="2" offset="16" sl="22" sc="13" el="22" ec="39" bec="0" bev="0" fileid="281" />
                <SequencePoint vc="0" uspid="8101" ordinal="3" offset="24" sl="23" sc="13" el="23" ec="33" bec="0" bev="0" fileid="281" />
                <SequencePoint vc="0" uspid="8102" ordinal="4" offset="32" sl="24" sc="13" el="24" ec="43" bec="0" bev="0" fileid="281" />
                <SequencePoint vc="0" uspid="8103" ordinal="5" offset="39" sl="25" sc="9" el="25" ec="10" bec="0" bev="0" fileid="281" />
              </SequencePoints>
              <BranchPoints />
              <MethodPoint xsi:type="SequencePoint" vc="0" uspid="8098" ordinal="0" offset="0" sl="19" sc="15" el="19" ec="44" bec="0" bev="0" fileid="281" />
            </Method>
          </Methods>
        </Class>
        <Class>
          <Summary numSequencePoints="11" visitedSequencePoints="0" numBranchPoints="7" visitedBranchPoints="0" sequenceCoverage="0" branchCoverage="0" maxCyclomaticComplexity="1" minCyclomaticComplexity="1" maxCrapScore="2" minCrapScore="2" visitedClasses="0" numClasses="1" visitedMethods="0" numMethods="7" />
          <FullName>Xunit.TestAssemblyStarting</FullName>
          <Methods>
            <Method visited="false" cyclomaticComplexity="1" nPathComplexity="0" sequenceCoverage="0" branchCoverage="0" crapScore="2" isConstructor="false" isStatic="false" isGetter="true" isSetter="false">
              <Summary numSequencePoints="1" visitedSequencePoints="0" numBranchPoints="1" visitedBranchPoints="0" sequenceCoverage="0" branchCoverage="0" maxCyclomaticComplexity="1" minCyclomaticComplexity="1" maxCrapScore="2" minCrapScore="2" visitedClasses="0" numClasses="0" visitedMethods="0" numMethods="1" />
              <MetadataToken>100664599</MetadataToken>
              <Name>System.DateTime Xunit.TestAssemblyStarting::get_StartTime()</Name>
              <FileRef uid="282" />
              <SequencePoints>
                <SequencePoint vc="0" uspid="8104" ordinal="0" offset="0" sl="28" sc="37" el="28" ec="41" bec="0" bev="0" fileid="282" />
              </SequencePoints>
              <BranchPoints />
              <MethodPoint xsi:type="SequencePoint" vc="0" uspid="8104" ordinal="0" offset="0" sl="28" sc="37" el="28" ec="41" bec="0" bev="0" fileid="282" />
            </Method>
            <Method visited="false" cyclomaticComplexity="1" nPathComplexity="0" sequenceCoverage="0" branchCoverage="0" crapScore="2" isConstructor="false" isStatic="false" isGetter="false" isSetter="true">
              <Summary numSequencePoints="1" visitedSequencePoints="0" numBranchPoints="1" visitedBranchPoints="0" sequenceCoverage="0" branchCoverage="0" maxCyclomaticComplexity="1" minCyclomaticComplexity="1" maxCrapScore="2" minCrapScore="2" visitedClasses="0" numClasses="0" visitedMethods="0" numMethods="1" />
              <MetadataToken>100664600</MetadataToken>
              <Name>System.Void Xunit.TestAssemblyStarting::set_StartTime(System.DateTime)</Name>
              <FileRef uid="282" />
              <SequencePoints>
                <SequencePoint vc="0" uspid="8105" ordinal="0" offset="0" sl="28" sc="42" el="28" ec="46" bec="0" bev="0" fileid="282" />
              </SequencePoints>
              <BranchPoints />
              <MethodPoint xsi:type="SequencePoint" vc="0" uspid="8105" ordinal="0" offset="0" sl="28" sc="42" el="28" ec="46" bec="0" bev="0" fileid="282" />
            </Method>
            <Method visited="false" cyclomaticComplexity="1" nPathComplexity="0" sequenceCoverage="0" branchCoverage="0" crapScore="2" isConstructor="false" isStatic="false" isGetter="true" isSetter="false">
              <Summary numSequencePoints="1" visitedSequencePoints="0" numBranchPoints="1" visitedBranchPoints="0" sequenceCoverage="0" branchCoverage="0" maxCyclomaticComplexity="1" minCyclomaticComplexity="1" maxCrapScore="2" minCrapScore="2" visitedClasses="0" numClasses="0" visitedMethods="0" numMethods="1" />
              <MetadataToken>100664601</MetadataToken>
              <Name>System.String Xunit.TestAssemblyStarting::get_TestEnvironment()</Name>
              <FileRef uid="282" />
              <SequencePoints>
                <SequencePoint vc="0" uspid="8106" ordinal="0" offset="0" sl="31" sc="41" el="31" ec="45" bec="0" bev="0" fileid="282" />
              </SequencePoints>
              <BranchPoints />
              <MethodPoint xsi:type="SequencePoint" vc="0" uspid="8106" ordinal="0" offset="0" sl="31" sc="41" el="31" ec="45" bec="0" bev="0" fileid="282" />
            </Method>
            <Method visited="false" cyclomaticComplexity="1" nPathComplexity="0" sequenceCoverage="0" branchCoverage="0" crapScore="2" isConstructor="false" isStatic="false" isGetter="false" isSetter="true">
              <Summary numSequencePoints="1" visitedSequencePoints="0" numBranchPoints="1" visitedBranchPoints="0" sequenceCoverage="0" branchCoverage="0" maxCyclomaticComplexity="1" minCyclomaticComplexity="1" maxCrapScore="2" minCrapScore="2" visitedClasses="0" numClasses="0" visitedMethods="0" numMethods="1" />
              <MetadataToken>100664602</MetadataToken>
              <Name>System.Void Xunit.TestAssemblyStarting::set_TestEnvironment(System.String)</Name>
              <FileRef uid="282" />
              <SequencePoints>
                <SequencePoint vc="0" uspid="8107" ordinal="0" offset="0" sl="31" sc="46" el="31" ec="50" bec="0" bev="0" fileid="282" />
              </SequencePoints>
              <BranchPoints />
              <MethodPoint xsi:type="SequencePoint" vc="0" uspid="8107" ordinal="0" offset="0" sl="31" sc="46" el="31" ec="50" bec="0" bev="0" fileid="282" />
            </Method>
            <Method visited="false" cyclomaticComplexity="1" nPathComplexity="0" sequenceCoverage="0" branchCoverage="0" crapScore="2" isConstructor="false" isStatic="false" isGetter="true" isSetter="false">
              <Summary numSequencePoints="1" visitedSequencePoints="0" numBranchPoints="1" visitedBranchPoints="0" sequenceCoverage="0" branchCoverage="0" maxCyclomaticComplexity="1" minCyclomaticComplexity="1" maxCrapScore="2" minCrapScore="2" visitedClasses="0" numClasses="0" visitedMethods="0" numMethods="1" />
              <MetadataToken>100664603</MetadataToken>
              <Name>System.String Xunit.TestAssemblyStarting::get_TestFrameworkDisplayName()</Name>
              <FileRef uid="282" />
              <SequencePoints>
                <SequencePoint vc="0" uspid="8108" ordinal="0" offset="0" sl="34" sc="50" el="34" ec="54" bec="0" bev="0" fileid="282" />
              </SequencePoints>
              <BranchPoints />
              <MethodPoint xsi:type="SequencePoint" vc="0" uspid="8108" ordinal="0" offset="0" sl="34" sc="50" el="34" ec="54" bec="0" bev="0" fileid="282" />
            </Method>
            <Method visited="false" cyclomaticComplexity="1" nPathComplexity="0" sequenceCoverage="0" branchCoverage="0" crapScore="2" isConstructor="false" isStatic="false" isGetter="false" isSetter="true">
              <Summary numSequencePoints="1" visitedSequencePoints="0" numBranchPoints="1" visitedBranchPoints="0" sequenceCoverage="0" branchCoverage="0" maxCyclomaticComplexity="1" minCyclomaticComplexity="1" maxCrapScore="2" minCrapScore="2" visitedClasses="0" numClasses="0" visitedMethods="0" numMethods="1" />
              <MetadataToken>100664604</MetadataToken>
              <Name>System.Void Xunit.TestAssemblyStarting::set_TestFrameworkDisplayName(System.String)</Name>
              <FileRef uid="282" />
              <SequencePoints>
                <SequencePoint vc="0" uspid="8109" ordinal="0" offset="0" sl="34" sc="55" el="34" ec="59" bec="0" bev="0" fileid="282" />
              </SequencePoints>
              <BranchPoints />
              <MethodPoint xsi:type="SequencePoint" vc="0" uspid="8109" ordinal="0" offset="0" sl="34" sc="55" el="34" ec="59" bec="0" bev="0" fileid="282" />
            </Method>
            <Method visited="false" cyclomaticComplexity="1" nPathComplexity="0" sequenceCoverage="0" branchCoverage="0" crapScore="2" isConstructor="true" isStatic="false" isGetter="false" isSetter="false">
              <Summary numSequencePoints="5" visitedSequencePoints="0" numBranchPoints="1" visitedBranchPoints="0" sequenceCoverage="0" branchCoverage="0" maxCyclomaticComplexity="1" minCyclomaticComplexity="1" maxCrapScore="2" minCrapScore="2" visitedClasses="0" numClasses="0" visitedMethods="0" numMethods="1" />
              <MetadataToken>100664598</MetadataToken>
              <Name>System.Void Xunit.TestAssemblyStarting::.ctor(System.Collections.Generic.IEnumerable`1&lt;Xunit.Abstractions.ITestCase&gt;,Xunit.Abstractions.ITestAssembly,System.DateTime,System.String,System.String)</Name>
              <FileRef uid="282" />
              <SequencePoints>
                <SequencePoint vc="0" uspid="8110" ordinal="0" offset="0" sl="20" sc="15" el="20" ec="44" bec="0" bev="0" fileid="282" />
                <SequencePoint vc="0" uspid="8111" ordinal="1" offset="8" sl="22" sc="13" el="22" ec="35" bec="0" bev="0" fileid="282" />
                <SequencePoint vc="0" uspid="8112" ordinal="2" offset="15" sl="23" sc="13" el="23" ec="47" bec="0" bev="0" fileid="282" />
                <SequencePoint vc="0" uspid="8113" ordinal="3" offset="23" sl="24" sc="13" el="24" ec="65" bec="0" bev="0" fileid="282" />
                <SequencePoint vc="0" uspid="8114" ordinal="4" offset="31" sl="25" sc="9" el="25" ec="10" bec="0" bev="0" fileid="282" />
              </SequencePoints>
              <BranchPoints />
              <MethodPoint xsi:type="SequencePoint" vc="0" uspid="8110" ordinal="0" offset="0" sl="20" sc="15" el="20" ec="44" bec="0" bev="0" fileid="282" />
            </Method>
          </Methods>
        </Class>
        <Class>
          <Summary numSequencePoints="21" visitedSequencePoints="0" numBranchPoints="10" visitedBranchPoints="0" sequenceCoverage="0" branchCoverage="0" maxCyclomaticComplexity="1" minCyclomaticComplexity="1" maxCrapScore="2" minCrapScore="2" visitedClasses="0" numClasses="1" visitedMethods="0" numMethods="10" />
          <FullName>Xunit.TestCaseCleanupFailure</FullName>
          <Methods>
            <Method visited="false" cyclomaticComplexity="1" nPathComplexity="0" sequenceCoverage="0" branchCoverage="0" crapScore="2" isConstructor="false" isStatic="false" isGetter="true" isSetter="false">
              <Summary numSequencePoints="1" visitedSequencePoints="0" numBranchPoints="1" visitedBranchPoints="0" sequenceCoverage="0" branchCoverage="0" maxCyclomaticComplexity="1" minCyclomaticComplexity="1" maxCrapScore="2" minCrapScore="2" visitedClasses="0" numClasses="0" visitedMethods="0" numMethods="1" />
              <MetadataToken>100664607</MetadataToken>
              <Name>System.String[] Xunit.TestCaseCleanupFailure::get_ExceptionTypes()</Name>
              <FileRef uid="283" />
              <SequencePoints>
                <SequencePoint vc="0" uspid="8115" ordinal="0" offset="0" sl="41" sc="42" el="41" ec="46" bec="0" bev="0" fileid="283" />
              </SequencePoints>
              <BranchPoints />
              <MethodPoint xsi:type="SequencePoint" vc="0" uspid="8115" ordinal="0" offset="0" sl="41" sc="42" el="41" ec="46" bec="0" bev="0" fileid="283" />
            </Method>
            <Method visited="false" cyclomaticComplexity="1" nPathComplexity="0" sequenceCoverage="0" branchCoverage="0" crapScore="2" isConstructor="false" isStatic="false" isGetter="false" isSetter="true">
              <Summary numSequencePoints="1" visitedSequencePoints="0" numBranchPoints="1" visitedBranchPoints="0" sequenceCoverage="0" branchCoverage="0" maxCyclomaticComplexity="1" minCyclomaticComplexity="1" maxCrapScore="2" minCrapScore="2" visitedClasses="0" numClasses="0" visitedMethods="0" numMethods="1" />
              <MetadataToken>100664608</MetadataToken>
              <Name>System.Void Xunit.TestCaseCleanupFailure::set_ExceptionTypes(System.String[])</Name>
              <FileRef uid="283" />
              <SequencePoints>
                <SequencePoint vc="0" uspid="8116" ordinal="0" offset="0" sl="41" sc="47" el="41" ec="59" bec="0" bev="0" fileid="283" />
              </SequencePoints>
              <BranchPoints />
              <MethodPoint xsi:type="SequencePoint" vc="0" uspid="8116" ordinal="0" offset="0" sl="41" sc="47" el="41" ec="59" bec="0" bev="0" fileid="283" />
            </Method>
            <Method visited="false" cyclomaticComplexity="1" nPathComplexity="0" sequenceCoverage="0" branchCoverage="0" crapScore="2" isConstructor="false" isStatic="false" isGetter="true" isSetter="false">
              <Summary numSequencePoints="1" visitedSequencePoints="0" numBranchPoints="1" visitedBranchPoints="0" sequenceCoverage="0" branchCoverage="0" maxCyclomaticComplexity="1" minCyclomaticComplexity="1" maxCrapScore="2" minCrapScore="2" visitedClasses="0" numClasses="0" visitedMethods="0" numMethods="1" />
              <MetadataToken>100664609</MetadataToken>
              <Name>System.String[] Xunit.TestCaseCleanupFailure::get_Messages()</Name>
              <FileRef uid="283" />
              <SequencePoints>
                <SequencePoint vc="0" uspid="8117" ordinal="0" offset="0" sl="44" sc="36" el="44" ec="40" bec="0" bev="0" fileid="283" />
              </SequencePoints>
              <BranchPoints />
              <MethodPoint xsi:type="SequencePoint" vc="0" uspid="8117" ordinal="0" offset="0" sl="44" sc="36" el="44" ec="40" bec="0" bev="0" fileid="283" />
            </Method>
            <Method visited="false" cyclomaticComplexity="1" nPathComplexity="0" sequenceCoverage="0" branchCoverage="0" crapScore="2" isConstructor="false" isStatic="false" isGetter="false" isSetter="true">
              <Summary numSequencePoints="1" visitedSequencePoints="0" numBranchPoints="1" visitedBranchPoints="0" sequenceCoverage="0" branchCoverage="0" maxCyclomaticComplexity="1" minCyclomaticComplexity="1" maxCrapScore="2" minCrapScore="2" visitedClasses="0" numClasses="0" visitedMethods="0" numMethods="1" />
              <MetadataToken>100664610</MetadataToken>
              <Name>System.Void Xunit.TestCaseCleanupFailure::set_Messages(System.String[])</Name>
              <FileRef uid="283" />
              <SequencePoints>
                <SequencePoint vc="0" uspid="8118" ordinal="0" offset="0" sl="44" sc="41" el="44" ec="53" bec="0" bev="0" fileid="283" />
              </SequencePoints>
              <BranchPoints />
              <MethodPoint xsi:type="SequencePoint" vc="0" uspid="8118" ordinal="0" offset="0" sl="44" sc="41" el="44" ec="53" bec="0" bev="0" fileid="283" />
            </Method>
            <Method visited="false" cyclomaticComplexity="1" nPathComplexity="0" sequenceCoverage="0" branchCoverage="0" crapScore="2" isConstructor="false" isStatic="false" isGetter="true" isSetter="false">
              <Summary numSequencePoints="1" visitedSequencePoints="0" numBranchPoints="1" visitedBranchPoints="0" sequenceCoverage="0" branchCoverage="0" maxCyclomaticComplexity="1" minCyclomaticComplexity="1" maxCrapScore="2" minCrapScore="2" visitedClasses="0" numClasses="0" visitedMethods="0" numMethods="1" />
              <MetadataToken>100664611</MetadataToken>
              <Name>System.String[] Xunit.TestCaseCleanupFailure::get_StackTraces()</Name>
              <FileRef uid="283" />
              <SequencePoints>
                <SequencePoint vc="0" uspid="8119" ordinal="0" offset="0" sl="47" sc="39" el="47" ec="43" bec="0" bev="0" fileid="283" />
              </SequencePoints>
              <BranchPoints />
              <MethodPoint xsi:type="SequencePoint" vc="0" uspid="8119" ordinal="0" offset="0" sl="47" sc="39" el="47" ec="43" bec="0" bev="0" fileid="283" />
            </Method>
            <Method visited="false" cyclomaticComplexity="1" nPathComplexity="0" sequenceCoverage="0" branchCoverage="0" crapScore="2" isConstructor="false" isStatic="false" isGetter="false" isSetter="true">
              <Summary numSequencePoints="1" visitedSequencePoints="0" numBranchPoints="1" visitedBranchPoints="0" sequenceCoverage="0" branchCoverage="0" maxCyclomaticComplexity="1" minCyclomaticComplexity="1" maxCrapScore="2" minCrapScore="2" visitedClasses="0" numClasses="0" visitedMethods="0" numMethods="1" />
              <MetadataToken>100664612</MetadataToken>
              <Name>System.Void Xunit.TestCaseCleanupFailure::set_StackTraces(System.String[])</Name>
              <FileRef uid="283" />
              <SequencePoints>
                <SequencePoint vc="0" uspid="8120" ordinal="0" offset="0" sl="47" sc="44" el="47" ec="56" bec="0" bev="0" fileid="283" />
              </SequencePoints>
              <BranchPoints />
              <MethodPoint xsi:type="SequencePoint" vc="0" uspid="8120" ordinal="0" offset="0" sl="47" sc="44" el="47" ec="56" bec="0" bev="0" fileid="283" />
            </Method>
            <Method visited="false" cyclomaticComplexity="1" nPathComplexity="0" sequenceCoverage="0" branchCoverage="0" crapScore="2" isConstructor="false" isStatic="false" isGetter="true" isSetter="false">
              <Summary numSequencePoints="1" visitedSequencePoints="0" numBranchPoints="1" visitedBranchPoints="0" sequenceCoverage="0" branchCoverage="0" maxCyclomaticComplexity="1" minCyclomaticComplexity="1" maxCrapScore="2" minCrapScore="2" visitedClasses="0" numClasses="0" visitedMethods="0" numMethods="1" />
              <MetadataToken>100664613</MetadataToken>
              <Name>System.Int32[] Xunit.TestCaseCleanupFailure::get_ExceptionParentIndices()</Name>
              <FileRef uid="283" />
              <SequencePoints>
                <SequencePoint vc="0" uspid="8121" ordinal="0" offset="0" sl="50" sc="47" el="50" ec="51" bec="0" bev="0" fileid="283" />
              </SequencePoints>
              <BranchPoints />
              <MethodPoint xsi:type="SequencePoint" vc="0" uspid="8121" ordinal="0" offset="0" sl="50" sc="47" el="50" ec="51" bec="0" bev="0" fileid="283" />
            </Method>
            <Method visited="false" cyclomaticComplexity="1" nPathComplexity="0" sequenceCoverage="0" branchCoverage="0" crapScore="2" isConstructor="false" isStatic="false" isGetter="false" isSetter="true">
              <Summary numSequencePoints="1" visitedSequencePoints="0" numBranchPoints="1" visitedBranchPoints="0" sequenceCoverage="0" branchCoverage="0" maxCyclomaticComplexity="1" minCyclomaticComplexity="1" maxCrapScore="2" minCrapScore="2" visitedClasses="0" numClasses="0" visitedMethods="0" numMethods="1" />
              <MetadataToken>100664614</MetadataToken>
              <Name>System.Void Xunit.TestCaseCleanupFailure::set_ExceptionParentIndices(System.Int32[])</Name>
              <FileRef uid="283" />
              <SequencePoints>
                <SequencePoint vc="0" uspid="8122" ordinal="0" offset="0" sl="50" sc="52" el="50" ec="64" bec="0" bev="0" fileid="283" />
              </SequencePoints>
              <BranchPoints />
              <MethodPoint xsi:type="SequencePoint" vc="0" uspid="8122" ordinal="0" offset="0" sl="50" sc="52" el="50" ec="64" bec="0" bev="0" fileid="283" />
            </Method>
            <Method visited="false" cyclomaticComplexity="1" nPathComplexity="0" sequenceCoverage="0" branchCoverage="0" crapScore="2" isConstructor="true" isStatic="false" isGetter="false" isSetter="false">
              <Summary numSequencePoints="6" visitedSequencePoints="0" numBranchPoints="1" visitedBranchPoints="0" sequenceCoverage="0" branchCoverage="0" maxCyclomaticComplexity="1" minCyclomaticComplexity="1" maxCrapScore="2" minCrapScore="2" visitedClasses="0" numClasses="0" visitedMethods="0" numMethods="1" />
              <MetadataToken>100664605</MetadataToken>
              <Name>System.Void Xunit.TestCaseCleanupFailure::.ctor(Xunit.Abstractions.ITestCase,System.String[],System.String[],System.String[],System.Int32[])</Name>
              <FileRef uid="283" />
              <SequencePoints>
                <SequencePoint vc="0" uspid="8123" ordinal="0" offset="0" sl="19" sc="15" el="19" ec="29" bec="0" bev="0" fileid="283" />
                <SequencePoint vc="0" uspid="8124" ordinal="1" offset="7" sl="21" sc="13" el="21" ec="39" bec="0" bev="0" fileid="283" />
                <SequencePoint vc="0" uspid="8125" ordinal="2" offset="15" sl="22" sc="13" el="22" ec="33" bec="0" bev="0" fileid="283" />
                <SequencePoint vc="0" uspid="8126" ordinal="3" offset="22" sl="23" sc="13" el="23" ec="45" bec="0" bev="0" fileid="283" />
                <SequencePoint vc="0" uspid="8127" ordinal="4" offset="29" sl="24" sc="13" el="24" ec="61" bec="0" bev="0" fileid="283" />
                <SequencePoint vc="0" uspid="8128" ordinal="5" offset="37" sl="25" sc="9" el="25" ec="10" bec="0" bev="0" fileid="283" />
              </SequencePoints>
              <BranchPoints />
              <MethodPoint xsi:type="SequencePoint" vc="0" uspid="8123" ordinal="0" offset="0" sl="19" sc="15" el="19" ec="29" bec="0" bev="0" fileid="283" />
            </Method>
            <Method visited="false" cyclomaticComplexity="1" nPathComplexity="0" sequenceCoverage="0" branchCoverage="0" crapScore="2" isConstructor="true" isStatic="false" isGetter="false" isSetter="false">
              <Summary numSequencePoints="7" visitedSequencePoints="0" numBranchPoints="1" visitedBranchPoints="0" sequenceCoverage="0" branchCoverage="0" maxCyclomaticComplexity="1" minCyclomaticComplexity="1" maxCrapScore="2" minCrapScore="2" visitedClasses="0" numClasses="0" visitedMethods="0" numMethods="1" />
              <MetadataToken>100664606</MetadataToken>
              <Name>System.Void Xunit.TestCaseCleanupFailure::.ctor(Xunit.Abstractions.ITestCase,System.Exception)</Name>
              <FileRef uid="283" />
              <SequencePoints>
                <SequencePoint vc="0" uspid="8129" ordinal="0" offset="0" sl="31" sc="15" el="31" ec="29" bec="0" bev="0" fileid="283" />
                <SequencePoint vc="0" uspid="8130" ordinal="1" offset="7" sl="33" sc="13" el="33" ec="89" bec="0" bev="0" fileid="283" />
                <SequencePoint vc="0" uspid="8131" ordinal="2" offset="14" sl="34" sc="13" el="34" ec="57" bec="0" bev="0" fileid="283" />
                <SequencePoint vc="0" uspid="8132" ordinal="3" offset="26" sl="35" sc="13" el="35" ec="45" bec="0" bev="0" fileid="283" />
                <SequencePoint vc="0" uspid="8133" ordinal="4" offset="38" sl="36" sc="13" el="36" ec="51" bec="0" bev="0" fileid="283" />
                <SequencePoint vc="0" uspid="8134" ordinal="5" offset="50" sl="37" sc="13" el="37" ec="73" bec="0" bev="0" fileid="283" />
                <SequencePoint vc="0" uspid="8135" ordinal="6" offset="62" sl="38" sc="9" el="38" ec="10" bec="0" bev="0" fileid="283" />
              </SequencePoints>
              <BranchPoints />
              <MethodPoint xsi:type="SequencePoint" vc="0" uspid="8129" ordinal="0" offset="0" sl="31" sc="15" el="31" ec="29" bec="0" bev="0" fileid="283" />
            </Method>
          </Methods>
        </Class>
        <Class>
          <Summary numSequencePoints="2" visitedSequencePoints="0" numBranchPoints="1" visitedBranchPoints="0" sequenceCoverage="0" branchCoverage="0" maxCyclomaticComplexity="1" minCyclomaticComplexity="1" maxCrapScore="2" minCrapScore="2" visitedClasses="0" numClasses="1" visitedMethods="0" numMethods="1" />
          <FullName>Xunit.TestCaseDiscoveryMessage</FullName>
          <Methods>
            <Method visited="false" cyclomaticComplexity="1" nPathComplexity="0" sequenceCoverage="0" branchCoverage="0" crapScore="2" isConstructor="true" isStatic="false" isGetter="false" isSetter="false">
              <Summary numSequencePoints="2" visitedSequencePoints="0" numBranchPoints="1" visitedBranchPoints="0" sequenceCoverage="0" branchCoverage="0" maxCyclomaticComplexity="1" minCyclomaticComplexity="1" maxCrapScore="2" minCrapScore="2" visitedClasses="0" numClasses="0" visitedMethods="0" numMethods="1" />
              <MetadataToken>100664615</MetadataToken>
              <Name>System.Void Xunit.TestCaseDiscoveryMessage::.ctor(Xunit.Abstractions.ITestCase)</Name>
              <FileRef uid="284" />
              <SequencePoints>
                <SequencePoint vc="0" uspid="8136" ordinal="0" offset="0" sl="18" sc="15" el="18" ec="29" bec="0" bev="0" fileid="284" />
                <SequencePoint vc="0" uspid="8137" ordinal="1" offset="7" sl="18" sc="32" el="18" ec="33" bec="0" bev="0" fileid="284" />
              </SequencePoints>
              <BranchPoints />
              <MethodPoint xsi:type="SequencePoint" vc="0" uspid="8136" ordinal="0" offset="0" sl="18" sc="15" el="18" ec="29" bec="0" bev="0" fileid="284" />
            </Method>
          </Methods>
        </Class>
        <Class>
          <Summary numSequencePoints="14" visitedSequencePoints="0" numBranchPoints="9" visitedBranchPoints="0" sequenceCoverage="0" branchCoverage="0" maxCyclomaticComplexity="1" minCyclomaticComplexity="1" maxCrapScore="2" minCrapScore="2" visitedClasses="0" numClasses="1" visitedMethods="0" numMethods="9" />
          <FullName>Xunit.TestCaseFinished</FullName>
          <Methods>
            <Method visited="false" cyclomaticComplexity="1" nPathComplexity="0" sequenceCoverage="0" branchCoverage="0" crapScore="2" isConstructor="false" isStatic="false" isGetter="true" isSetter="false">
              <Summary numSequencePoints="1" visitedSequencePoints="0" numBranchPoints="1" visitedBranchPoints="0" sequenceCoverage="0" branchCoverage="0" maxCyclomaticComplexity="1" minCyclomaticComplexity="1" maxCrapScore="2" minCrapScore="2" visitedClasses="0" numClasses="0" visitedMethods="0" numMethods="1" />
              <MetadataToken>100664617</MetadataToken>
              <Name>System.Decimal Xunit.TestCaseFinished::get_ExecutionTime()</Name>
              <FileRef uid="285" />
              <SequencePoints>
                <SequencePoint vc="0" uspid="8138" ordinal="0" offset="0" sl="27" sc="40" el="27" ec="44" bec="0" bev="0" fileid="285" />
              </SequencePoints>
              <BranchPoints />
              <MethodPoint xsi:type="SequencePoint" vc="0" uspid="8138" ordinal="0" offset="0" sl="27" sc="40" el="27" ec="44" bec="0" bev="0" fileid="285" />
            </Method>
            <Method visited="false" cyclomaticComplexity="1" nPathComplexity="0" sequenceCoverage="0" branchCoverage="0" crapScore="2" isConstructor="false" isStatic="false" isGetter="false" isSetter="true">
              <Summary numSequencePoints="1" visitedSequencePoints="0" numBranchPoints="1" visitedBranchPoints="0" sequenceCoverage="0" branchCoverage="0" maxCyclomaticComplexity="1" minCyclomaticComplexity="1" maxCrapScore="2" minCrapScore="2" visitedClasses="0" numClasses="0" visitedMethods="0" numMethods="1" />
              <MetadataToken>100664618</MetadataToken>
              <Name>System.Void Xunit.TestCaseFinished::set_ExecutionTime(System.Decimal)</Name>
              <FileRef uid="285" />
              <SequencePoints>
                <SequencePoint vc="0" uspid="8139" ordinal="0" offset="0" sl="27" sc="45" el="27" ec="57" bec="0" bev="0" fileid="285" />
              </SequencePoints>
              <BranchPoints />
              <MethodPoint xsi:type="SequencePoint" vc="0" uspid="8139" ordinal="0" offset="0" sl="27" sc="45" el="27" ec="57" bec="0" bev="0" fileid="285" />
            </Method>
            <Method visited="false" cyclomaticComplexity="1" nPathComplexity="0" sequenceCoverage="0" branchCoverage="0" crapScore="2" isConstructor="false" isStatic="false" isGetter="true" isSetter="false">
              <Summary numSequencePoints="1" visitedSequencePoints="0" numBranchPoints="1" visitedBranchPoints="0" sequenceCoverage="0" branchCoverage="0" maxCyclomaticComplexity="1" minCyclomaticComplexity="1" maxCrapScore="2" minCrapScore="2" visitedClasses="0" numClasses="0" visitedMethods="0" numMethods="1" />
              <MetadataToken>100664619</MetadataToken>
              <Name>System.Int32 Xunit.TestCaseFinished::get_TestsFailed()</Name>
              <FileRef uid="285" />
              <SequencePoints>
                <SequencePoint vc="0" uspid="8140" ordinal="0" offset="0" sl="30" sc="34" el="30" ec="38" bec="0" bev="0" fileid="285" />
              </SequencePoints>
              <BranchPoints />
              <MethodPoint xsi:type="SequencePoint" vc="0" uspid="8140" ordinal="0" offset="0" sl="30" sc="34" el="30" ec="38" bec="0" bev="0" fileid="285" />
            </Method>
            <Method visited="false" cyclomaticComplexity="1" nPathComplexity="0" sequenceCoverage="0" branchCoverage="0" crapScore="2" isConstructor="false" isStatic="false" isGetter="false" isSetter="true">
              <Summary numSequencePoints="1" visitedSequencePoints="0" numBranchPoints="1" visitedBranchPoints="0" sequenceCoverage="0" branchCoverage="0" maxCyclomaticComplexity="1" minCyclomaticComplexity="1" maxCrapScore="2" minCrapScore="2" visitedClasses="0" numClasses="0" visitedMethods="0" numMethods="1" />
              <MetadataToken>100664620</MetadataToken>
              <Name>System.Void Xunit.TestCaseFinished::set_TestsFailed(System.Int32)</Name>
              <FileRef uid="285" />
              <SequencePoints>
                <SequencePoint vc="0" uspid="8141" ordinal="0" offset="0" sl="30" sc="39" el="30" ec="51" bec="0" bev="0" fileid="285" />
              </SequencePoints>
              <BranchPoints />
              <MethodPoint xsi:type="SequencePoint" vc="0" uspid="8141" ordinal="0" offset="0" sl="30" sc="39" el="30" ec="51" bec="0" bev="0" fileid="285" />
            </Method>
            <Method visited="false" cyclomaticComplexity="1" nPathComplexity="0" sequenceCoverage="0" branchCoverage="0" crapScore="2" isConstructor="false" isStatic="false" isGetter="true" isSetter="false">
              <Summary numSequencePoints="1" visitedSequencePoints="0" numBranchPoints="1" visitedBranchPoints="0" sequenceCoverage="0" branchCoverage="0" maxCyclomaticComplexity="1" minCyclomaticComplexity="1" maxCrapScore="2" minCrapScore="2" visitedClasses="0" numClasses="0" visitedMethods="0" numMethods="1" />
              <MetadataToken>100664621</MetadataToken>
              <Name>System.Int32 Xunit.TestCaseFinished::get_TestsRun()</Name>
              <FileRef uid="285" />
              <SequencePoints>
                <SequencePoint vc="0" uspid="8142" ordinal="0" offset="0" sl="33" sc="31" el="33" ec="35" bec="0" bev="0" fileid="285" />
              </SequencePoints>
              <BranchPoints />
              <MethodPoint xsi:type="SequencePoint" vc="0" uspid="8142" ordinal="0" offset="0" sl="33" sc="31" el="33" ec="35" bec="0" bev="0" fileid="285" />
            </Method>
            <Method visited="false" cyclomaticComplexity="1" nPathComplexity="0" sequenceCoverage="0" branchCoverage="0" crapScore="2" isConstructor="false" isStatic="false" isGetter="false" isSetter="true">
              <Summary numSequencePoints="1" visitedSequencePoints="0" numBranchPoints="1" visitedBranchPoints="0" sequenceCoverage="0" branchCoverage="0" maxCyclomaticComplexity="1" minCyclomaticComplexity="1" maxCrapScore="2" minCrapScore="2" visitedClasses="0" numClasses="0" visitedMethods="0" numMethods="1" />
              <MetadataToken>100664622</MetadataToken>
              <Name>System.Void Xunit.TestCaseFinished::set_TestsRun(System.Int32)</Name>
              <FileRef uid="285" />
              <SequencePoints>
                <SequencePoint vc="0" uspid="8143" ordinal="0" offset="0" sl="33" sc="36" el="33" ec="48" bec="0" bev="0" fileid="285" />
              </SequencePoints>
              <BranchPoints />
              <MethodPoint xsi:type="SequencePoint" vc="0" uspid="8143" ordinal="0" offset="0" sl="33" sc="36" el="33" ec="48" bec="0" bev="0" fileid="285" />
            </Method>
            <Method visited="false" cyclomaticComplexity="1" nPathComplexity="0" sequenceCoverage="0" branchCoverage="0" crapScore="2" isConstructor="false" isStatic="false" isGetter="true" isSetter="false">
              <Summary numSequencePoints="1" visitedSequencePoints="0" numBranchPoints="1" visitedBranchPoints="0" sequenceCoverage="0" branchCoverage="0" maxCyclomaticComplexity="1" minCyclomaticComplexity="1" maxCrapScore="2" minCrapScore="2" visitedClasses="0" numClasses="0" visitedMethods="0" numMethods="1" />
              <MetadataToken>100664623</MetadataToken>
              <Name>System.Int32 Xunit.TestCaseFinished::get_TestsSkipped()</Name>
              <FileRef uid="285" />
              <SequencePoints>
                <SequencePoint vc="0" uspid="8144" ordinal="0" offset="0" sl="36" sc="35" el="36" ec="39" bec="0" bev="0" fileid="285" />
              </SequencePoints>
              <BranchPoints />
              <MethodPoint xsi:type="SequencePoint" vc="0" uspid="8144" ordinal="0" offset="0" sl="36" sc="35" el="36" ec="39" bec="0" bev="0" fileid="285" />
            </Method>
            <Method visited="false" cyclomaticComplexity="1" nPathComplexity="0" sequenceCoverage="0" branchCoverage="0" crapScore="2" isConstructor="false" isStatic="false" isGetter="false" isSetter="true">
              <Summary numSequencePoints="1" visitedSequencePoints="0" numBranchPoints="1" visitedBranchPoints="0" sequenceCoverage="0" branchCoverage="0" maxCyclomaticComplexity="1" minCyclomaticComplexity="1" maxCrapScore="2" minCrapScore="2" visitedClasses="0" numClasses="0" visitedMethods="0" numMethods="1" />
              <MetadataToken>100664624</MetadataToken>
              <Name>System.Void Xunit.TestCaseFinished::set_TestsSkipped(System.Int32)</Name>
              <FileRef uid="285" />
              <SequencePoints>
                <SequencePoint vc="0" uspid="8145" ordinal="0" offset="0" sl="36" sc="40" el="36" ec="52" bec="0" bev="0" fileid="285" />
              </SequencePoints>
              <BranchPoints />
              <MethodPoint xsi:type="SequencePoint" vc="0" uspid="8145" ordinal="0" offset="0" sl="36" sc="40" el="36" ec="52" bec="0" bev="0" fileid="285" />
            </Method>
            <Method visited="false" cyclomaticComplexity="1" nPathComplexity="0" sequenceCoverage="0" branchCoverage="0" crapScore="2" isConstructor="true" isStatic="false" isGetter="false" isSetter="false">
              <Summary numSequencePoints="6" visitedSequencePoints="0" numBranchPoints="1" visitedBranchPoints="0" sequenceCoverage="0" branchCoverage="0" maxCyclomaticComplexity="1" minCyclomaticComplexity="1" maxCrapScore="2" minCrapScore="2" visitedClasses="0" numClasses="0" visitedMethods="0" numMethods="1" />
              <MetadataToken>100664616</MetadataToken>
              <Name>System.Void Xunit.TestCaseFinished::.ctor(Xunit.Abstractions.ITestCase,System.Decimal,System.Int32,System.Int32,System.Int32)</Name>
              <FileRef uid="285" />
              <SequencePoints>
                <SequencePoint vc="0" uspid="8146" ordinal="0" offset="0" sl="18" sc="15" el="18" ec="29" bec="0" bev="0" fileid="285" />
                <SequencePoint vc="0" uspid="8147" ordinal="1" offset="7" sl="20" sc="13" el="20" ec="43" bec="0" bev="0" fileid="285" />
                <SequencePoint vc="0" uspid="8148" ordinal="2" offset="14" sl="21" sc="13" el="21" ec="33" bec="0" bev="0" fileid="285" />
                <SequencePoint vc="0" uspid="8149" ordinal="3" offset="21" sl="22" sc="13" el="22" ec="39" bec="0" bev="0" fileid="285" />
                <SequencePoint vc="0" uspid="8150" ordinal="4" offset="29" sl="23" sc="13" el="23" ec="41" bec="0" bev="0" fileid="285" />
                <SequencePoint vc="0" uspid="8151" ordinal="5" offset="37" sl="24" sc="9" el="24" ec="10" bec="0" bev="0" fileid="285" />
              </SequencePoints>
              <BranchPoints />
              <MethodPoint xsi:type="SequencePoint" vc="0" uspid="8146" ordinal="0" offset="0" sl="18" sc="15" el="18" ec="29" bec="0" bev="0" fileid="285" />
            </Method>
          </Methods>
        </Class>
        <Class>
          <Summary numSequencePoints="2" visitedSequencePoints="0" numBranchPoints="1" visitedBranchPoints="0" sequenceCoverage="0" branchCoverage="0" maxCyclomaticComplexity="1" minCyclomaticComplexity="1" maxCrapScore="2" minCrapScore="2" visitedClasses="0" numClasses="1" visitedMethods="0" numMethods="1" />
          <FullName>Xunit.TestCaseStarting</FullName>
          <Methods>
            <Method visited="false" cyclomaticComplexity="1" nPathComplexity="0" sequenceCoverage="0" branchCoverage="0" crapScore="2" isConstructor="true" isStatic="false" isGetter="false" isSetter="false">
              <Summary numSequencePoints="2" visitedSequencePoints="0" numBranchPoints="1" visitedBranchPoints="0" sequenceCoverage="0" branchCoverage="0" maxCyclomaticComplexity="1" minCyclomaticComplexity="1" maxCrapScore="2" minCrapScore="2" visitedClasses="0" numClasses="0" visitedMethods="0" numMethods="1" />
              <MetadataToken>100664625</MetadataToken>
              <Name>System.Void Xunit.TestCaseStarting::.ctor(Xunit.Abstractions.ITestCase)</Name>
              <FileRef uid="286" />
              <SequencePoints>
                <SequencePoint vc="0" uspid="8152" ordinal="0" offset="0" sl="18" sc="15" el="18" ec="29" bec="0" bev="0" fileid="286" />
                <SequencePoint vc="0" uspid="8153" ordinal="1" offset="7" sl="18" sc="32" el="18" ec="33" bec="0" bev="0" fileid="286" />
              </SequencePoints>
              <BranchPoints />
              <MethodPoint xsi:type="SequencePoint" vc="0" uspid="8152" ordinal="0" offset="0" sl="18" sc="15" el="18" ec="29" bec="0" bev="0" fileid="286" />
            </Method>
          </Methods>
        </Class>
        <Class>
          <Summary numSequencePoints="21" visitedSequencePoints="0" numBranchPoints="10" visitedBranchPoints="0" sequenceCoverage="0" branchCoverage="0" maxCyclomaticComplexity="1" minCyclomaticComplexity="1" maxCrapScore="2" minCrapScore="2" visitedClasses="0" numClasses="1" visitedMethods="0" numMethods="10" />
          <FullName>Xunit.TestClassCleanupFailure</FullName>
          <Methods>
            <Method visited="false" cyclomaticComplexity="1" nPathComplexity="0" sequenceCoverage="0" branchCoverage="0" crapScore="2" isConstructor="false" isStatic="false" isGetter="true" isSetter="false">
              <Summary numSequencePoints="1" visitedSequencePoints="0" numBranchPoints="1" visitedBranchPoints="0" sequenceCoverage="0" branchCoverage="0" maxCyclomaticComplexity="1" minCyclomaticComplexity="1" maxCrapScore="2" minCrapScore="2" visitedClasses="0" numClasses="0" visitedMethods="0" numMethods="1" />
              <MetadataToken>100664628</MetadataToken>
              <Name>System.String[] Xunit.TestClassCleanupFailure::get_ExceptionTypes()</Name>
              <FileRef uid="287" />
              <SequencePoints>
                <SequencePoint vc="0" uspid="8154" ordinal="0" offset="0" sl="42" sc="42" el="42" ec="46" bec="0" bev="0" fileid="287" />
              </SequencePoints>
              <BranchPoints />
              <MethodPoint xsi:type="SequencePoint" vc="0" uspid="8154" ordinal="0" offset="0" sl="42" sc="42" el="42" ec="46" bec="0" bev="0" fileid="287" />
            </Method>
            <Method visited="false" cyclomaticComplexity="1" nPathComplexity="0" sequenceCoverage="0" branchCoverage="0" crapScore="2" isConstructor="false" isStatic="false" isGetter="false" isSetter="true">
              <Summary numSequencePoints="1" visitedSequencePoints="0" numBranchPoints="1" visitedBranchPoints="0" sequenceCoverage="0" branchCoverage="0" maxCyclomaticComplexity="1" minCyclomaticComplexity="1" maxCrapScore="2" minCrapScore="2" visitedClasses="0" numClasses="0" visitedMethods="0" numMethods="1" />
              <MetadataToken>100664629</MetadataToken>
              <Name>System.Void Xunit.TestClassCleanupFailure::set_ExceptionTypes(System.String[])</Name>
              <FileRef uid="287" />
              <SequencePoints>
                <SequencePoint vc="0" uspid="8155" ordinal="0" offset="0" sl="42" sc="47" el="42" ec="59" bec="0" bev="0" fileid="287" />
              </SequencePoints>
              <BranchPoints />
              <MethodPoint xsi:type="SequencePoint" vc="0" uspid="8155" ordinal="0" offset="0" sl="42" sc="47" el="42" ec="59" bec="0" bev="0" fileid="287" />
            </Method>
            <Method visited="false" cyclomaticComplexity="1" nPathComplexity="0" sequenceCoverage="0" branchCoverage="0" crapScore="2" isConstructor="false" isStatic="false" isGetter="true" isSetter="false">
              <Summary numSequencePoints="1" visitedSequencePoints="0" numBranchPoints="1" visitedBranchPoints="0" sequenceCoverage="0" branchCoverage="0" maxCyclomaticComplexity="1" minCyclomaticComplexity="1" maxCrapScore="2" minCrapScore="2" visitedClasses="0" numClasses="0" visitedMethods="0" numMethods="1" />
              <MetadataToken>100664630</MetadataToken>
              <Name>System.String[] Xunit.TestClassCleanupFailure::get_Messages()</Name>
              <FileRef uid="287" />
              <SequencePoints>
                <SequencePoint vc="0" uspid="8156" ordinal="0" offset="0" sl="45" sc="36" el="45" ec="40" bec="0" bev="0" fileid="287" />
              </SequencePoints>
              <BranchPoints />
              <MethodPoint xsi:type="SequencePoint" vc="0" uspid="8156" ordinal="0" offset="0" sl="45" sc="36" el="45" ec="40" bec="0" bev="0" fileid="287" />
            </Method>
            <Method visited="false" cyclomaticComplexity="1" nPathComplexity="0" sequenceCoverage="0" branchCoverage="0" crapScore="2" isConstructor="false" isStatic="false" isGetter="false" isSetter="true">
              <Summary numSequencePoints="1" visitedSequencePoints="0" numBranchPoints="1" visitedBranchPoints="0" sequenceCoverage="0" branchCoverage="0" maxCyclomaticComplexity="1" minCyclomaticComplexity="1" maxCrapScore="2" minCrapScore="2" visitedClasses="0" numClasses="0" visitedMethods="0" numMethods="1" />
              <MetadataToken>100664631</MetadataToken>
              <Name>System.Void Xunit.TestClassCleanupFailure::set_Messages(System.String[])</Name>
              <FileRef uid="287" />
              <SequencePoints>
                <SequencePoint vc="0" uspid="8157" ordinal="0" offset="0" sl="45" sc="41" el="45" ec="53" bec="0" bev="0" fileid="287" />
              </SequencePoints>
              <BranchPoints />
              <MethodPoint xsi:type="SequencePoint" vc="0" uspid="8157" ordinal="0" offset="0" sl="45" sc="41" el="45" ec="53" bec="0" bev="0" fileid="287" />
            </Method>
            <Method visited="false" cyclomaticComplexity="1" nPathComplexity="0" sequenceCoverage="0" branchCoverage="0" crapScore="2" isConstructor="false" isStatic="false" isGetter="true" isSetter="false">
              <Summary numSequencePoints="1" visitedSequencePoints="0" numBranchPoints="1" visitedBranchPoints="0" sequenceCoverage="0" branchCoverage="0" maxCyclomaticComplexity="1" minCyclomaticComplexity="1" maxCrapScore="2" minCrapScore="2" visitedClasses="0" numClasses="0" visitedMethods="0" numMethods="1" />
              <MetadataToken>100664632</MetadataToken>
              <Name>System.String[] Xunit.TestClassCleanupFailure::get_StackTraces()</Name>
              <FileRef uid="287" />
              <SequencePoints>
                <SequencePoint vc="0" uspid="8158" ordinal="0" offset="0" sl="48" sc="39" el="48" ec="43" bec="0" bev="0" fileid="287" />
              </SequencePoints>
              <BranchPoints />
              <MethodPoint xsi:type="SequencePoint" vc="0" uspid="8158" ordinal="0" offset="0" sl="48" sc="39" el="48" ec="43" bec="0" bev="0" fileid="287" />
            </Method>
            <Method visited="false" cyclomaticComplexity="1" nPathComplexity="0" sequenceCoverage="0" branchCoverage="0" crapScore="2" isConstructor="false" isStatic="false" isGetter="false" isSetter="true">
              <Summary numSequencePoints="1" visitedSequencePoints="0" numBranchPoints="1" visitedBranchPoints="0" sequenceCoverage="0" branchCoverage="0" maxCyclomaticComplexity="1" minCyclomaticComplexity="1" maxCrapScore="2" minCrapScore="2" visitedClasses="0" numClasses="0" visitedMethods="0" numMethods="1" />
              <MetadataToken>100664633</MetadataToken>
              <Name>System.Void Xunit.TestClassCleanupFailure::set_StackTraces(System.String[])</Name>
              <FileRef uid="287" />
              <SequencePoints>
                <SequencePoint vc="0" uspid="8159" ordinal="0" offset="0" sl="48" sc="44" el="48" ec="56" bec="0" bev="0" fileid="287" />
              </SequencePoints>
              <BranchPoints />
              <MethodPoint xsi:type="SequencePoint" vc="0" uspid="8159" ordinal="0" offset="0" sl="48" sc="44" el="48" ec="56" bec="0" bev="0" fileid="287" />
            </Method>
            <Method visited="false" cyclomaticComplexity="1" nPathComplexity="0" sequenceCoverage="0" branchCoverage="0" crapScore="2" isConstructor="false" isStatic="false" isGetter="true" isSetter="false">
              <Summary numSequencePoints="1" visitedSequencePoints="0" numBranchPoints="1" visitedBranchPoints="0" sequenceCoverage="0" branchCoverage="0" maxCyclomaticComplexity="1" minCyclomaticComplexity="1" maxCrapScore="2" minCrapScore="2" visitedClasses="0" numClasses="0" visitedMethods="0" numMethods="1" />
              <MetadataToken>100664634</MetadataToken>
              <Name>System.Int32[] Xunit.TestClassCleanupFailure::get_ExceptionParentIndices()</Name>
              <FileRef uid="287" />
              <SequencePoints>
                <SequencePoint vc="0" uspid="8160" ordinal="0" offset="0" sl="51" sc="47" el="51" ec="51" bec="0" bev="0" fileid="287" />
              </SequencePoints>
              <BranchPoints />
              <MethodPoint xsi:type="SequencePoint" vc="0" uspid="8160" ordinal="0" offset="0" sl="51" sc="47" el="51" ec="51" bec="0" bev="0" fileid="287" />
            </Method>
            <Method visited="false" cyclomaticComplexity="1" nPathComplexity="0" sequenceCoverage="0" branchCoverage="0" crapScore="2" isConstructor="false" isStatic="false" isGetter="false" isSetter="true">
              <Summary numSequencePoints="1" visitedSequencePoints="0" numBranchPoints="1" visitedBranchPoints="0" sequenceCoverage="0" branchCoverage="0" maxCyclomaticComplexity="1" minCyclomaticComplexity="1" maxCrapScore="2" minCrapScore="2" visitedClasses="0" numClasses="0" visitedMethods="0" numMethods="1" />
              <MetadataToken>100664635</MetadataToken>
              <Name>System.Void Xunit.TestClassCleanupFailure::set_ExceptionParentIndices(System.Int32[])</Name>
              <FileRef uid="287" />
              <SequencePoints>
                <SequencePoint vc="0" uspid="8161" ordinal="0" offset="0" sl="51" sc="52" el="51" ec="64" bec="0" bev="0" fileid="287" />
              </SequencePoints>
              <BranchPoints />
              <MethodPoint xsi:type="SequencePoint" vc="0" uspid="8161" ordinal="0" offset="0" sl="51" sc="52" el="51" ec="64" bec="0" bev="0" fileid="287" />
            </Method>
            <Method visited="false" cyclomaticComplexity="1" nPathComplexity="0" sequenceCoverage="0" branchCoverage="0" crapScore="2" isConstructor="true" isStatic="false" isGetter="false" isSetter="false">
              <Summary numSequencePoints="6" visitedSequencePoints="0" numBranchPoints="1" visitedBranchPoints="0" sequenceCoverage="0" branchCoverage="0" maxCyclomaticComplexity="1" minCyclomaticComplexity="1" maxCrapScore="2" minCrapScore="2" visitedClasses="0" numClasses="0" visitedMethods="0" numMethods="1" />
              <MetadataToken>100664626</MetadataToken>
              <Name>System.Void Xunit.TestClassCleanupFailure::.ctor(System.Collections.Generic.IEnumerable`1&lt;Xunit.Abstractions.ITestCase&gt;,Xunit.Abstractions.ITestClass,System.String[],System.String[],System.String[],System.Int32[])</Name>
              <FileRef uid="287" />
              <SequencePoints>
                <SequencePoint vc="0" uspid="8162" ordinal="0" offset="0" sl="20" sc="15" el="20" ec="41" bec="0" bev="0" fileid="287" />
                <SequencePoint vc="0" uspid="8163" ordinal="1" offset="8" sl="22" sc="13" el="22" ec="39" bec="0" bev="0" fileid="287" />
                <SequencePoint vc="0" uspid="8164" ordinal="2" offset="16" sl="23" sc="13" el="23" ec="33" bec="0" bev="0" fileid="287" />
                <SequencePoint vc="0" uspid="8165" ordinal="3" offset="24" sl="24" sc="13" el="24" ec="45" bec="0" bev="0" fileid="287" />
                <SequencePoint vc="0" uspid="8166" ordinal="4" offset="31" sl="25" sc="13" el="25" ec="61" bec="0" bev="0" fileid="287" />
                <SequencePoint vc="0" uspid="8167" ordinal="5" offset="39" sl="26" sc="9" el="26" ec="10" bec="0" bev="0" fileid="287" />
              </SequencePoints>
              <BranchPoints />
              <MethodPoint xsi:type="SequencePoint" vc="0" uspid="8162" ordinal="0" offset="0" sl="20" sc="15" el="20" ec="41" bec="0" bev="0" fileid="287" />
            </Method>
            <Method visited="false" cyclomaticComplexity="1" nPathComplexity="0" sequenceCoverage="0" branchCoverage="0" crapScore="2" isConstructor="true" isStatic="false" isGetter="false" isSetter="false">
              <Summary numSequencePoints="7" visitedSequencePoints="0" numBranchPoints="1" visitedBranchPoints="0" sequenceCoverage="0" branchCoverage="0" maxCyclomaticComplexity="1" minCyclomaticComplexity="1" maxCrapScore="2" minCrapScore="2" visitedClasses="0" numClasses="0" visitedMethods="0" numMethods="1" />
              <MetadataToken>100664627</MetadataToken>
              <Name>System.Void Xunit.TestClassCleanupFailure::.ctor(System.Collections.Generic.IEnumerable`1&lt;Xunit.Abstractions.ITestCase&gt;,Xunit.Abstractions.ITestClass,System.Exception)</Name>
              <FileRef uid="287" />
              <SequencePoints>
                <SequencePoint vc="0" uspid="8168" ordinal="0" offset="0" sl="32" sc="15" el="32" ec="41" bec="0" bev="0" fileid="287" />
                <SequencePoint vc="0" uspid="8169" ordinal="1" offset="8" sl="34" sc="13" el="34" ec="89" bec="0" bev="0" fileid="287" />
                <SequencePoint vc="0" uspid="8170" ordinal="2" offset="15" sl="35" sc="13" el="35" ec="57" bec="0" bev="0" fileid="287" />
                <SequencePoint vc="0" uspid="8171" ordinal="3" offset="27" sl="36" sc="13" el="36" ec="45" bec="0" bev="0" fileid="287" />
                <SequencePoint vc="0" uspid="8172" ordinal="4" offset="39" sl="37" sc="13" el="37" ec="51" bec="0" bev="0" fileid="287" />
                <SequencePoint vc="0" uspid="8173" ordinal="5" offset="51" sl="38" sc="13" el="38" ec="73" bec="0" bev="0" fileid="287" />
                <SequencePoint vc="0" uspid="8174" ordinal="6" offset="63" sl="39" sc="9" el="39" ec="10" bec="0" bev="0" fileid="287" />
              </SequencePoints>
              <BranchPoints />
              <MethodPoint xsi:type="SequencePoint" vc="0" uspid="8168" ordinal="0" offset="0" sl="32" sc="15" el="32" ec="41" bec="0" bev="0" fileid="287" />
            </Method>
          </Methods>
        </Class>
        <Class>
          <Summary numSequencePoints="2" visitedSequencePoints="0" numBranchPoints="1" visitedBranchPoints="0" sequenceCoverage="0" branchCoverage="0" maxCyclomaticComplexity="1" minCyclomaticComplexity="1" maxCrapScore="2" minCrapScore="2" visitedClasses="0" numClasses="1" visitedMethods="0" numMethods="1" />
          <FullName>Xunit.TestClassConstructionFinished</FullName>
          <Methods>
            <Method visited="false" cyclomaticComplexity="1" nPathComplexity="0" sequenceCoverage="0" branchCoverage="0" crapScore="2" isConstructor="true" isStatic="false" isGetter="false" isSetter="false">
              <Summary numSequencePoints="2" visitedSequencePoints="0" numBranchPoints="1" visitedBranchPoints="0" sequenceCoverage="0" branchCoverage="0" maxCyclomaticComplexity="1" minCyclomaticComplexity="1" maxCrapScore="2" minCrapScore="2" visitedClasses="0" numClasses="0" visitedMethods="0" numMethods="1" />
              <MetadataToken>100664636</MetadataToken>
              <Name>System.Void Xunit.TestClassConstructionFinished::.ctor(Xunit.Abstractions.ITest)</Name>
              <FileRef uid="288" />
              <SequencePoints>
                <SequencePoint vc="0" uspid="8175" ordinal="0" offset="0" sl="18" sc="15" el="18" ec="25" bec="0" bev="0" fileid="288" />
                <SequencePoint vc="0" uspid="8176" ordinal="1" offset="7" sl="18" sc="28" el="18" ec="29" bec="0" bev="0" fileid="288" />
              </SequencePoints>
              <BranchPoints />
              <MethodPoint xsi:type="SequencePoint" vc="0" uspid="8175" ordinal="0" offset="0" sl="18" sc="15" el="18" ec="25" bec="0" bev="0" fileid="288" />
            </Method>
          </Methods>
        </Class>
        <Class>
          <Summary numSequencePoints="2" visitedSequencePoints="0" numBranchPoints="1" visitedBranchPoints="0" sequenceCoverage="0" branchCoverage="0" maxCyclomaticComplexity="1" minCyclomaticComplexity="1" maxCrapScore="2" minCrapScore="2" visitedClasses="0" numClasses="1" visitedMethods="0" numMethods="1" />
          <FullName>Xunit.TestClassConstructionStarting</FullName>
          <Methods>
            <Method visited="false" cyclomaticComplexity="1" nPathComplexity="0" sequenceCoverage="0" branchCoverage="0" crapScore="2" isConstructor="true" isStatic="false" isGetter="false" isSetter="false">
              <Summary numSequencePoints="2" visitedSequencePoints="0" numBranchPoints="1" visitedBranchPoints="0" sequenceCoverage="0" branchCoverage="0" maxCyclomaticComplexity="1" minCyclomaticComplexity="1" maxCrapScore="2" minCrapScore="2" visitedClasses="0" numClasses="0" visitedMethods="0" numMethods="1" />
              <MetadataToken>100664637</MetadataToken>
              <Name>System.Void Xunit.TestClassConstructionStarting::.ctor(Xunit.Abstractions.ITest)</Name>
              <FileRef uid="289" />
              <SequencePoints>
                <SequencePoint vc="0" uspid="8177" ordinal="0" offset="0" sl="18" sc="15" el="18" ec="25" bec="0" bev="0" fileid="289" />
                <SequencePoint vc="0" uspid="8178" ordinal="1" offset="7" sl="18" sc="28" el="18" ec="29" bec="0" bev="0" fileid="289" />
              </SequencePoints>
              <BranchPoints />
              <MethodPoint xsi:type="SequencePoint" vc="0" uspid="8177" ordinal="0" offset="0" sl="18" sc="15" el="18" ec="25" bec="0" bev="0" fileid="289" />
            </Method>
          </Methods>
        </Class>
        <Class>
          <Summary numSequencePoints="2" visitedSequencePoints="0" numBranchPoints="1" visitedBranchPoints="0" sequenceCoverage="0" branchCoverage="0" maxCyclomaticComplexity="1" minCyclomaticComplexity="1" maxCrapScore="2" minCrapScore="2" visitedClasses="0" numClasses="1" visitedMethods="0" numMethods="1" />
          <FullName>Xunit.TestClassDisposeFinished</FullName>
          <Methods>
            <Method visited="false" cyclomaticComplexity="1" nPathComplexity="0" sequenceCoverage="0" branchCoverage="0" crapScore="2" isConstructor="true" isStatic="false" isGetter="false" isSetter="false">
              <Summary numSequencePoints="2" visitedSequencePoints="0" numBranchPoints="1" visitedBranchPoints="0" sequenceCoverage="0" branchCoverage="0" maxCyclomaticComplexity="1" minCyclomaticComplexity="1" maxCrapScore="2" minCrapScore="2" visitedClasses="0" numClasses="0" visitedMethods="0" numMethods="1" />
              <MetadataToken>100664638</MetadataToken>
              <Name>System.Void Xunit.TestClassDisposeFinished::.ctor(Xunit.Abstractions.ITest)</Name>
              <FileRef uid="290" />
              <SequencePoints>
                <SequencePoint vc="0" uspid="8179" ordinal="0" offset="0" sl="18" sc="15" el="18" ec="25" bec="0" bev="0" fileid="290" />
                <SequencePoint vc="0" uspid="8180" ordinal="1" offset="7" sl="18" sc="28" el="18" ec="29" bec="0" bev="0" fileid="290" />
              </SequencePoints>
              <BranchPoints />
              <MethodPoint xsi:type="SequencePoint" vc="0" uspid="8179" ordinal="0" offset="0" sl="18" sc="15" el="18" ec="25" bec="0" bev="0" fileid="290" />
            </Method>
          </Methods>
        </Class>
        <Class>
          <Summary numSequencePoints="2" visitedSequencePoints="0" numBranchPoints="1" visitedBranchPoints="0" sequenceCoverage="0" branchCoverage="0" maxCyclomaticComplexity="1" minCyclomaticComplexity="1" maxCrapScore="2" minCrapScore="2" visitedClasses="0" numClasses="1" visitedMethods="0" numMethods="1" />
          <FullName>Xunit.TestClassDisposeStarting</FullName>
          <Methods>
            <Method visited="false" cyclomaticComplexity="1" nPathComplexity="0" sequenceCoverage="0" branchCoverage="0" crapScore="2" isConstructor="true" isStatic="false" isGetter="false" isSetter="false">
              <Summary numSequencePoints="2" visitedSequencePoints="0" numBranchPoints="1" visitedBranchPoints="0" sequenceCoverage="0" branchCoverage="0" maxCyclomaticComplexity="1" minCyclomaticComplexity="1" maxCrapScore="2" minCrapScore="2" visitedClasses="0" numClasses="0" visitedMethods="0" numMethods="1" />
              <MetadataToken>100664639</MetadataToken>
              <Name>System.Void Xunit.TestClassDisposeStarting::.ctor(Xunit.Abstractions.ITest)</Name>
              <FileRef uid="291" />
              <SequencePoints>
                <SequencePoint vc="0" uspid="8181" ordinal="0" offset="0" sl="18" sc="15" el="18" ec="25" bec="0" bev="0" fileid="291" />
                <SequencePoint vc="0" uspid="8182" ordinal="1" offset="7" sl="18" sc="28" el="18" ec="29" bec="0" bev="0" fileid="291" />
              </SequencePoints>
              <BranchPoints />
              <MethodPoint xsi:type="SequencePoint" vc="0" uspid="8181" ordinal="0" offset="0" sl="18" sc="15" el="18" ec="25" bec="0" bev="0" fileid="291" />
            </Method>
          </Methods>
        </Class>
        <Class>
          <Summary numSequencePoints="14" visitedSequencePoints="0" numBranchPoints="9" visitedBranchPoints="0" sequenceCoverage="0" branchCoverage="0" maxCyclomaticComplexity="1" minCyclomaticComplexity="1" maxCrapScore="2" minCrapScore="2" visitedClasses="0" numClasses="1" visitedMethods="0" numMethods="9" />
          <FullName>Xunit.TestClassFinished</FullName>
          <Methods>
            <Method visited="false" cyclomaticComplexity="1" nPathComplexity="0" sequenceCoverage="0" branchCoverage="0" crapScore="2" isConstructor="false" isStatic="false" isGetter="true" isSetter="false">
              <Summary numSequencePoints="1" visitedSequencePoints="0" numBranchPoints="1" visitedBranchPoints="0" sequenceCoverage="0" branchCoverage="0" maxCyclomaticComplexity="1" minCyclomaticComplexity="1" maxCrapScore="2" minCrapScore="2" visitedClasses="0" numClasses="0" visitedMethods="0" numMethods="1" />
              <MetadataToken>100664641</MetadataToken>
              <Name>System.Decimal Xunit.TestClassFinished::get_ExecutionTime()</Name>
              <FileRef uid="292" />
              <SequencePoints>
                <SequencePoint vc="0" uspid="8183" ordinal="0" offset="0" sl="28" sc="40" el="28" ec="44" bec="0" bev="0" fileid="292" />
              </SequencePoints>
              <BranchPoints />
              <MethodPoint xsi:type="SequencePoint" vc="0" uspid="8183" ordinal="0" offset="0" sl="28" sc="40" el="28" ec="44" bec="0" bev="0" fileid="292" />
            </Method>
            <Method visited="false" cyclomaticComplexity="1" nPathComplexity="0" sequenceCoverage="0" branchCoverage="0" crapScore="2" isConstructor="false" isStatic="false" isGetter="false" isSetter="true">
              <Summary numSequencePoints="1" visitedSequencePoints="0" numBranchPoints="1" visitedBranchPoints="0" sequenceCoverage="0" branchCoverage="0" maxCyclomaticComplexity="1" minCyclomaticComplexity="1" maxCrapScore="2" minCrapScore="2" visitedClasses="0" numClasses="0" visitedMethods="0" numMethods="1" />
              <MetadataToken>100664642</MetadataToken>
              <Name>System.Void Xunit.TestClassFinished::set_ExecutionTime(System.Decimal)</Name>
              <FileRef uid="292" />
              <SequencePoints>
                <SequencePoint vc="0" uspid="8184" ordinal="0" offset="0" sl="28" sc="45" el="28" ec="57" bec="0" bev="0" fileid="292" />
              </SequencePoints>
              <BranchPoints />
              <MethodPoint xsi:type="SequencePoint" vc="0" uspid="8184" ordinal="0" offset="0" sl="28" sc="45" el="28" ec="57" bec="0" bev="0" fileid="292" />
            </Method>
            <Method visited="false" cyclomaticComplexity="1" nPathComplexity="0" sequenceCoverage="0" branchCoverage="0" crapScore="2" isConstructor="false" isStatic="false" isGetter="true" isSetter="false">
              <Summary numSequencePoints="1" visitedSequencePoints="0" numBranchPoints="1" visitedBranchPoints="0" sequenceCoverage="0" branchCoverage="0" maxCyclomaticComplexity="1" minCyclomaticComplexity="1" maxCrapScore="2" minCrapScore="2" visitedClasses="0" numClasses="0" visitedMethods="0" numMethods="1" />
              <MetadataToken>100664643</MetadataToken>
              <Name>System.Int32 Xunit.TestClassFinished::get_TestsFailed()</Name>
              <FileRef uid="292" />
              <SequencePoints>
                <SequencePoint vc="0" uspid="8185" ordinal="0" offset="0" sl="31" sc="34" el="31" ec="38" bec="0" bev="0" fileid="292" />
              </SequencePoints>
              <BranchPoints />
              <MethodPoint xsi:type="SequencePoint" vc="0" uspid="8185" ordinal="0" offset="0" sl="31" sc="34" el="31" ec="38" bec="0" bev="0" fileid="292" />
            </Method>
            <Method visited="false" cyclomaticComplexity="1" nPathComplexity="0" sequenceCoverage="0" branchCoverage="0" crapScore="2" isConstructor="false" isStatic="false" isGetter="false" isSetter="true">
              <Summary numSequencePoints="1" visitedSequencePoints="0" numBranchPoints="1" visitedBranchPoints="0" sequenceCoverage="0" branchCoverage="0" maxCyclomaticComplexity="1" minCyclomaticComplexity="1" maxCrapScore="2" minCrapScore="2" visitedClasses="0" numClasses="0" visitedMethods="0" numMethods="1" />
              <MetadataToken>100664644</MetadataToken>
              <Name>System.Void Xunit.TestClassFinished::set_TestsFailed(System.Int32)</Name>
              <FileRef uid="292" />
              <SequencePoints>
                <SequencePoint vc="0" uspid="8186" ordinal="0" offset="0" sl="31" sc="39" el="31" ec="51" bec="0" bev="0" fileid="292" />
              </SequencePoints>
              <BranchPoints />
              <MethodPoint xsi:type="SequencePoint" vc="0" uspid="8186" ordinal="0" offset="0" sl="31" sc="39" el="31" ec="51" bec="0" bev="0" fileid="292" />
            </Method>
            <Method visited="false" cyclomaticComplexity="1" nPathComplexity="0" sequenceCoverage="0" branchCoverage="0" crapScore="2" isConstructor="false" isStatic="false" isGetter="true" isSetter="false">
              <Summary numSequencePoints="1" visitedSequencePoints="0" numBranchPoints="1" visitedBranchPoints="0" sequenceCoverage="0" branchCoverage="0" maxCyclomaticComplexity="1" minCyclomaticComplexity="1" maxCrapScore="2" minCrapScore="2" visitedClasses="0" numClasses="0" visitedMethods="0" numMethods="1" />
              <MetadataToken>100664645</MetadataToken>
              <Name>System.Int32 Xunit.TestClassFinished::get_TestsRun()</Name>
              <FileRef uid="292" />
              <SequencePoints>
                <SequencePoint vc="0" uspid="8187" ordinal="0" offset="0" sl="34" sc="31" el="34" ec="35" bec="0" bev="0" fileid="292" />
              </SequencePoints>
              <BranchPoints />
              <MethodPoint xsi:type="SequencePoint" vc="0" uspid="8187" ordinal="0" offset="0" sl="34" sc="31" el="34" ec="35" bec="0" bev="0" fileid="292" />
            </Method>
            <Method visited="false" cyclomaticComplexity="1" nPathComplexity="0" sequenceCoverage="0" branchCoverage="0" crapScore="2" isConstructor="false" isStatic="false" isGetter="false" isSetter="true">
              <Summary numSequencePoints="1" visitedSequencePoints="0" numBranchPoints="1" visitedBranchPoints="0" sequenceCoverage="0" branchCoverage="0" maxCyclomaticComplexity="1" minCyclomaticComplexity="1" maxCrapScore="2" minCrapScore="2" visitedClasses="0" numClasses="0" visitedMethods="0" numMethods="1" />
              <MetadataToken>100664646</MetadataToken>
              <Name>System.Void Xunit.TestClassFinished::set_TestsRun(System.Int32)</Name>
              <FileRef uid="292" />
              <SequencePoints>
                <SequencePoint vc="0" uspid="8188" ordinal="0" offset="0" sl="34" sc="36" el="34" ec="48" bec="0" bev="0" fileid="292" />
              </SequencePoints>
              <BranchPoints />
              <MethodPoint xsi:type="SequencePoint" vc="0" uspid="8188" ordinal="0" offset="0" sl="34" sc="36" el="34" ec="48" bec="0" bev="0" fileid="292" />
            </Method>
            <Method visited="false" cyclomaticComplexity="1" nPathComplexity="0" sequenceCoverage="0" branchCoverage="0" crapScore="2" isConstructor="false" isStatic="false" isGetter="true" isSetter="false">
              <Summary numSequencePoints="1" visitedSequencePoints="0" numBranchPoints="1" visitedBranchPoints="0" sequenceCoverage="0" branchCoverage="0" maxCyclomaticComplexity="1" minCyclomaticComplexity="1" maxCrapScore="2" minCrapScore="2" visitedClasses="0" numClasses="0" visitedMethods="0" numMethods="1" />
              <MetadataToken>100664647</MetadataToken>
              <Name>System.Int32 Xunit.TestClassFinished::get_TestsSkipped()</Name>
              <FileRef uid="292" />
              <SequencePoints>
                <SequencePoint vc="0" uspid="8189" ordinal="0" offset="0" sl="37" sc="35" el="37" ec="39" bec="0" bev="0" fileid="292" />
              </SequencePoints>
              <BranchPoints />
              <MethodPoint xsi:type="SequencePoint" vc="0" uspid="8189" ordinal="0" offset="0" sl="37" sc="35" el="37" ec="39" bec="0" bev="0" fileid="292" />
            </Method>
            <Method visited="false" cyclomaticComplexity="1" nPathComplexity="0" sequenceCoverage="0" branchCoverage="0" crapScore="2" isConstructor="false" isStatic="false" isGetter="false" isSetter="true">
              <Summary numSequencePoints="1" visitedSequencePoints="0" numBranchPoints="1" visitedBranchPoints="0" sequenceCoverage="0" branchCoverage="0" maxCyclomaticComplexity="1" minCyclomaticComplexity="1" maxCrapScore="2" minCrapScore="2" visitedClasses="0" numClasses="0" visitedMethods="0" numMethods="1" />
              <MetadataToken>100664648</MetadataToken>
              <Name>System.Void Xunit.TestClassFinished::set_TestsSkipped(System.Int32)</Name>
              <FileRef uid="292" />
              <SequencePoints>
                <SequencePoint vc="0" uspid="8190" ordinal="0" offset="0" sl="37" sc="40" el="37" ec="52" bec="0" bev="0" fileid="292" />
              </SequencePoints>
              <BranchPoints />
              <MethodPoint xsi:type="SequencePoint" vc="0" uspid="8190" ordinal="0" offset="0" sl="37" sc="40" el="37" ec="52" bec="0" bev="0" fileid="292" />
            </Method>
            <Method visited="false" cyclomaticComplexity="1" nPathComplexity="0" sequenceCoverage="0" branchCoverage="0" crapScore="2" isConstructor="true" isStatic="false" isGetter="false" isSetter="false">
              <Summary numSequencePoints="6" visitedSequencePoints="0" numBranchPoints="1" visitedBranchPoints="0" sequenceCoverage="0" branchCoverage="0" maxCyclomaticComplexity="1" minCyclomaticComplexity="1" maxCrapScore="2" minCrapScore="2" visitedClasses="0" numClasses="0" visitedMethods="0" numMethods="1" />
              <MetadataToken>100664640</MetadataToken>
              <Name>System.Void Xunit.TestClassFinished::.ctor(System.Collections.Generic.IEnumerable`1&lt;Xunit.Abstractions.ITestCase&gt;,Xunit.Abstractions.ITestClass,System.Decimal,System.Int32,System.Int32,System.Int32)</Name>
              <FileRef uid="292" />
              <SequencePoints>
                <SequencePoint vc="0" uspid="8191" ordinal="0" offset="0" sl="19" sc="15" el="19" ec="41" bec="0" bev="0" fileid="292" />
                <SequencePoint vc="0" uspid="8192" ordinal="1" offset="8" sl="21" sc="13" el="21" ec="43" bec="0" bev="0" fileid="292" />
                <SequencePoint vc="0" uspid="8193" ordinal="2" offset="15" sl="22" sc="13" el="22" ec="33" bec="0" bev="0" fileid="292" />
                <SequencePoint vc="0" uspid="8194" ordinal="3" offset="23" sl="23" sc="13" el="23" ec="39" bec="0" bev="0" fileid="292" />
                <SequencePoint vc="0" uspid="8195" ordinal="4" offset="31" sl="24" sc="13" el="24" ec="41" bec="0" bev="0" fileid="292" />
                <SequencePoint vc="0" uspid="8196" ordinal="5" offset="39" sl="25" sc="9" el="25" ec="10" bec="0" bev="0" fileid="292" />
              </SequencePoints>
              <BranchPoints />
              <MethodPoint xsi:type="SequencePoint" vc="0" uspid="8191" ordinal="0" offset="0" sl="19" sc="15" el="19" ec="41" bec="0" bev="0" fileid="292" />
            </Method>
          </Methods>
        </Class>
        <Class>
          <Summary numSequencePoints="2" visitedSequencePoints="0" numBranchPoints="1" visitedBranchPoints="0" sequenceCoverage="0" branchCoverage="0" maxCyclomaticComplexity="1" minCyclomaticComplexity="1" maxCrapScore="2" minCrapScore="2" visitedClasses="0" numClasses="1" visitedMethods="0" numMethods="1" />
          <FullName>Xunit.TestClassStarting</FullName>
          <Methods>
            <Method visited="false" cyclomaticComplexity="1" nPathComplexity="0" sequenceCoverage="0" branchCoverage="0" crapScore="2" isConstructor="true" isStatic="false" isGetter="false" isSetter="false">
              <Summary numSequencePoints="2" visitedSequencePoints="0" numBranchPoints="1" visitedBranchPoints="0" sequenceCoverage="0" branchCoverage="0" maxCyclomaticComplexity="1" minCyclomaticComplexity="1" maxCrapScore="2" minCrapScore="2" visitedClasses="0" numClasses="0" visitedMethods="0" numMethods="1" />
              <MetadataToken>100664649</MetadataToken>
              <Name>System.Void Xunit.TestClassStarting::.ctor(System.Collections.Generic.IEnumerable`1&lt;Xunit.Abstractions.ITestCase&gt;,Xunit.Abstractions.ITestClass)</Name>
              <FileRef uid="293" />
              <SequencePoints>
                <SequencePoint vc="0" uspid="8197" ordinal="0" offset="0" sl="19" sc="15" el="19" ec="41" bec="0" bev="0" fileid="293" />
                <SequencePoint vc="0" uspid="8198" ordinal="1" offset="8" sl="19" sc="44" el="19" ec="45" bec="0" bev="0" fileid="293" />
              </SequencePoints>
              <BranchPoints />
              <MethodPoint xsi:type="SequencePoint" vc="0" uspid="8197" ordinal="0" offset="0" sl="19" sc="15" el="19" ec="41" bec="0" bev="0" fileid="293" />
            </Method>
          </Methods>
        </Class>
        <Class>
          <Summary numSequencePoints="21" visitedSequencePoints="0" numBranchPoints="10" visitedBranchPoints="0" sequenceCoverage="0" branchCoverage="0" maxCyclomaticComplexity="1" minCyclomaticComplexity="1" maxCrapScore="2" minCrapScore="2" visitedClasses="0" numClasses="1" visitedMethods="0" numMethods="10" />
          <FullName>Xunit.TestCleanupFailure</FullName>
          <Methods>
            <Method visited="false" cyclomaticComplexity="1" nPathComplexity="0" sequenceCoverage="0" branchCoverage="0" crapScore="2" isConstructor="false" isStatic="false" isGetter="true" isSetter="false">
              <Summary numSequencePoints="1" visitedSequencePoints="0" numBranchPoints="1" visitedBranchPoints="0" sequenceCoverage="0" branchCoverage="0" maxCyclomaticComplexity="1" minCyclomaticComplexity="1" maxCrapScore="2" minCrapScore="2" visitedClasses="0" numClasses="0" visitedMethods="0" numMethods="1" />
              <MetadataToken>100664652</MetadataToken>
              <Name>System.String[] Xunit.TestCleanupFailure::get_ExceptionTypes()</Name>
              <FileRef uid="294" />
              <SequencePoints>
                <SequencePoint vc="0" uspid="8199" ordinal="0" offset="0" sl="41" sc="42" el="41" ec="46" bec="0" bev="0" fileid="294" />
              </SequencePoints>
              <BranchPoints />
              <MethodPoint xsi:type="SequencePoint" vc="0" uspid="8199" ordinal="0" offset="0" sl="41" sc="42" el="41" ec="46" bec="0" bev="0" fileid="294" />
            </Method>
            <Method visited="false" cyclomaticComplexity="1" nPathComplexity="0" sequenceCoverage="0" branchCoverage="0" crapScore="2" isConstructor="false" isStatic="false" isGetter="false" isSetter="true">
              <Summary numSequencePoints="1" visitedSequencePoints="0" numBranchPoints="1" visitedBranchPoints="0" sequenceCoverage="0" branchCoverage="0" maxCyclomaticComplexity="1" minCyclomaticComplexity="1" maxCrapScore="2" minCrapScore="2" visitedClasses="0" numClasses="0" visitedMethods="0" numMethods="1" />
              <MetadataToken>100664653</MetadataToken>
              <Name>System.Void Xunit.TestCleanupFailure::set_ExceptionTypes(System.String[])</Name>
              <FileRef uid="294" />
              <SequencePoints>
                <SequencePoint vc="0" uspid="8200" ordinal="0" offset="0" sl="41" sc="47" el="41" ec="59" bec="0" bev="0" fileid="294" />
              </SequencePoints>
              <BranchPoints />
              <MethodPoint xsi:type="SequencePoint" vc="0" uspid="8200" ordinal="0" offset="0" sl="41" sc="47" el="41" ec="59" bec="0" bev="0" fileid="294" />
            </Method>
            <Method visited="false" cyclomaticComplexity="1" nPathComplexity="0" sequenceCoverage="0" branchCoverage="0" crapScore="2" isConstructor="false" isStatic="false" isGetter="true" isSetter="false">
              <Summary numSequencePoints="1" visitedSequencePoints="0" numBranchPoints="1" visitedBranchPoints="0" sequenceCoverage="0" branchCoverage="0" maxCyclomaticComplexity="1" minCyclomaticComplexity="1" maxCrapScore="2" minCrapScore="2" visitedClasses="0" numClasses="0" visitedMethods="0" numMethods="1" />
              <MetadataToken>100664654</MetadataToken>
              <Name>System.String[] Xunit.TestCleanupFailure::get_Messages()</Name>
              <FileRef uid="294" />
              <SequencePoints>
                <SequencePoint vc="0" uspid="8201" ordinal="0" offset="0" sl="44" sc="36" el="44" ec="40" bec="0" bev="0" fileid="294" />
              </SequencePoints>
              <BranchPoints />
              <MethodPoint xsi:type="SequencePoint" vc="0" uspid="8201" ordinal="0" offset="0" sl="44" sc="36" el="44" ec="40" bec="0" bev="0" fileid="294" />
            </Method>
            <Method visited="false" cyclomaticComplexity="1" nPathComplexity="0" sequenceCoverage="0" branchCoverage="0" crapScore="2" isConstructor="false" isStatic="false" isGetter="false" isSetter="true">
              <Summary numSequencePoints="1" visitedSequencePoints="0" numBranchPoints="1" visitedBranchPoints="0" sequenceCoverage="0" branchCoverage="0" maxCyclomaticComplexity="1" minCyclomaticComplexity="1" maxCrapScore="2" minCrapScore="2" visitedClasses="0" numClasses="0" visitedMethods="0" numMethods="1" />
              <MetadataToken>100664655</MetadataToken>
              <Name>System.Void Xunit.TestCleanupFailure::set_Messages(System.String[])</Name>
              <FileRef uid="294" />
              <SequencePoints>
                <SequencePoint vc="0" uspid="8202" ordinal="0" offset="0" sl="44" sc="41" el="44" ec="53" bec="0" bev="0" fileid="294" />
              </SequencePoints>
              <BranchPoints />
              <MethodPoint xsi:type="SequencePoint" vc="0" uspid="8202" ordinal="0" offset="0" sl="44" sc="41" el="44" ec="53" bec="0" bev="0" fileid="294" />
            </Method>
            <Method visited="false" cyclomaticComplexity="1" nPathComplexity="0" sequenceCoverage="0" branchCoverage="0" crapScore="2" isConstructor="false" isStatic="false" isGetter="true" isSetter="false">
              <Summary numSequencePoints="1" visitedSequencePoints="0" numBranchPoints="1" visitedBranchPoints="0" sequenceCoverage="0" branchCoverage="0" maxCyclomaticComplexity="1" minCyclomaticComplexity="1" maxCrapScore="2" minCrapScore="2" visitedClasses="0" numClasses="0" visitedMethods="0" numMethods="1" />
              <MetadataToken>100664656</MetadataToken>
              <Name>System.String[] Xunit.TestCleanupFailure::get_StackTraces()</Name>
              <FileRef uid="294" />
              <SequencePoints>
                <SequencePoint vc="0" uspid="8203" ordinal="0" offset="0" sl="47" sc="39" el="47" ec="43" bec="0" bev="0" fileid="294" />
              </SequencePoints>
              <BranchPoints />
              <MethodPoint xsi:type="SequencePoint" vc="0" uspid="8203" ordinal="0" offset="0" sl="47" sc="39" el="47" ec="43" bec="0" bev="0" fileid="294" />
            </Method>
            <Method visited="false" cyclomaticComplexity="1" nPathComplexity="0" sequenceCoverage="0" branchCoverage="0" crapScore="2" isConstructor="false" isStatic="false" isGetter="false" isSetter="true">
              <Summary numSequencePoints="1" visitedSequencePoints="0" numBranchPoints="1" visitedBranchPoints="0" sequenceCoverage="0" branchCoverage="0" maxCyclomaticComplexity="1" minCyclomaticComplexity="1" maxCrapScore="2" minCrapScore="2" visitedClasses="0" numClasses="0" visitedMethods="0" numMethods="1" />
              <MetadataToken>100664657</MetadataToken>
              <Name>System.Void Xunit.TestCleanupFailure::set_StackTraces(System.String[])</Name>
              <FileRef uid="294" />
              <SequencePoints>
                <SequencePoint vc="0" uspid="8204" ordinal="0" offset="0" sl="47" sc="44" el="47" ec="56" bec="0" bev="0" fileid="294" />
              </SequencePoints>
              <BranchPoints />
              <MethodPoint xsi:type="SequencePoint" vc="0" uspid="8204" ordinal="0" offset="0" sl="47" sc="44" el="47" ec="56" bec="0" bev="0" fileid="294" />
            </Method>
            <Method visited="false" cyclomaticComplexity="1" nPathComplexity="0" sequenceCoverage="0" branchCoverage="0" crapScore="2" isConstructor="false" isStatic="false" isGetter="true" isSetter="false">
              <Summary numSequencePoints="1" visitedSequencePoints="0" numBranchPoints="1" visitedBranchPoints="0" sequenceCoverage="0" branchCoverage="0" maxCyclomaticComplexity="1" minCyclomaticComplexity="1" maxCrapScore="2" minCrapScore="2" visitedClasses="0" numClasses="0" visitedMethods="0" numMethods="1" />
              <MetadataToken>100664658</MetadataToken>
              <Name>System.Int32[] Xunit.TestCleanupFailure::get_ExceptionParentIndices()</Name>
              <FileRef uid="294" />
              <SequencePoints>
                <SequencePoint vc="0" uspid="8205" ordinal="0" offset="0" sl="50" sc="47" el="50" ec="51" bec="0" bev="0" fileid="294" />
              </SequencePoints>
              <BranchPoints />
              <MethodPoint xsi:type="SequencePoint" vc="0" uspid="8205" ordinal="0" offset="0" sl="50" sc="47" el="50" ec="51" bec="0" bev="0" fileid="294" />
            </Method>
            <Method visited="false" cyclomaticComplexity="1" nPathComplexity="0" sequenceCoverage="0" branchCoverage="0" crapScore="2" isConstructor="false" isStatic="false" isGetter="false" isSetter="true">
              <Summary numSequencePoints="1" visitedSequencePoints="0" numBranchPoints="1" visitedBranchPoints="0" sequenceCoverage="0" branchCoverage="0" maxCyclomaticComplexity="1" minCyclomaticComplexity="1" maxCrapScore="2" minCrapScore="2" visitedClasses="0" numClasses="0" visitedMethods="0" numMethods="1" />
              <MetadataToken>100664659</MetadataToken>
              <Name>System.Void Xunit.TestCleanupFailure::set_ExceptionParentIndices(System.Int32[])</Name>
              <FileRef uid="294" />
              <SequencePoints>
                <SequencePoint vc="0" uspid="8206" ordinal="0" offset="0" sl="50" sc="52" el="50" ec="64" bec="0" bev="0" fileid="294" />
              </SequencePoints>
              <BranchPoints />
              <MethodPoint xsi:type="SequencePoint" vc="0" uspid="8206" ordinal="0" offset="0" sl="50" sc="52" el="50" ec="64" bec="0" bev="0" fileid="294" />
            </Method>
            <Method visited="false" cyclomaticComplexity="1" nPathComplexity="0" sequenceCoverage="0" branchCoverage="0" crapScore="2" isConstructor="true" isStatic="false" isGetter="false" isSetter="false">
              <Summary numSequencePoints="6" visitedSequencePoints="0" numBranchPoints="1" visitedBranchPoints="0" sequenceCoverage="0" branchCoverage="0" maxCyclomaticComplexity="1" minCyclomaticComplexity="1" maxCrapScore="2" minCrapScore="2" visitedClasses="0" numClasses="0" visitedMethods="0" numMethods="1" />
              <MetadataToken>100664650</MetadataToken>
              <Name>System.Void Xunit.TestCleanupFailure::.ctor(Xunit.Abstractions.ITest,System.String[],System.String[],System.String[],System.Int32[])</Name>
              <FileRef uid="294" />
              <SequencePoints>
                <SequencePoint vc="0" uspid="8207" ordinal="0" offset="0" sl="19" sc="15" el="19" ec="25" bec="0" bev="0" fileid="294" />
                <SequencePoint vc="0" uspid="8208" ordinal="1" offset="7" sl="21" sc="13" el="21" ec="39" bec="0" bev="0" fileid="294" />
                <SequencePoint vc="0" uspid="8209" ordinal="2" offset="15" sl="22" sc="13" el="22" ec="33" bec="0" bev="0" fileid="294" />
                <SequencePoint vc="0" uspid="8210" ordinal="3" offset="22" sl="23" sc="13" el="23" ec="45" bec="0" bev="0" fileid="294" />
                <SequencePoint vc="0" uspid="8211" ordinal="4" offset="29" sl="24" sc="13" el="24" ec="61" bec="0" bev="0" fileid="294" />
                <SequencePoint vc="0" uspid="8212" ordinal="5" offset="37" sl="25" sc="9" el="25" ec="10" bec="0" bev="0" fileid="294" />
              </SequencePoints>
              <BranchPoints />
              <MethodPoint xsi:type="SequencePoint" vc="0" uspid="8207" ordinal="0" offset="0" sl="19" sc="15" el="19" ec="25" bec="0" bev="0" fileid="294" />
            </Method>
            <Method visited="false" cyclomaticComplexity="1" nPathComplexity="0" sequenceCoverage="0" branchCoverage="0" crapScore="2" isConstructor="true" isStatic="false" isGetter="false" isSetter="false">
              <Summary numSequencePoints="7" visitedSequencePoints="0" numBranchPoints="1" visitedBranchPoints="0" sequenceCoverage="0" branchCoverage="0" maxCyclomaticComplexity="1" minCyclomaticComplexity="1" maxCrapScore="2" minCrapScore="2" visitedClasses="0" numClasses="0" visitedMethods="0" numMethods="1" />
              <MetadataToken>100664651</MetadataToken>
              <Name>System.Void Xunit.TestCleanupFailure::.ctor(Xunit.Abstractions.ITest,System.Exception)</Name>
              <FileRef uid="294" />
              <SequencePoints>
                <SequencePoint vc="0" uspid="8213" ordinal="0" offset="0" sl="31" sc="15" el="31" ec="25" bec="0" bev="0" fileid="294" />
                <SequencePoint vc="0" uspid="8214" ordinal="1" offset="7" sl="33" sc="13" el="33" ec="89" bec="0" bev="0" fileid="294" />
                <SequencePoint vc="0" uspid="8215" ordinal="2" offset="14" sl="34" sc="13" el="34" ec="57" bec="0" bev="0" fileid="294" />
                <SequencePoint vc="0" uspid="8216" ordinal="3" offset="26" sl="35" sc="13" el="35" ec="45" bec="0" bev="0" fileid="294" />
                <SequencePoint vc="0" uspid="8217" ordinal="4" offset="38" sl="36" sc="13" el="36" ec="51" bec="0" bev="0" fileid="294" />
                <SequencePoint vc="0" uspid="8218" ordinal="5" offset="50" sl="37" sc="13" el="37" ec="73" bec="0" bev="0" fileid="294" />
                <SequencePoint vc="0" uspid="8219" ordinal="6" offset="62" sl="38" sc="9" el="38" ec="10" bec="0" bev="0" fileid="294" />
              </SequencePoints>
              <BranchPoints />
              <MethodPoint xsi:type="SequencePoint" vc="0" uspid="8213" ordinal="0" offset="0" sl="31" sc="15" el="31" ec="25" bec="0" bev="0" fileid="294" />
            </Method>
          </Methods>
        </Class>
        <Class>
          <Summary numSequencePoints="21" visitedSequencePoints="0" numBranchPoints="10" visitedBranchPoints="0" sequenceCoverage="0" branchCoverage="0" maxCyclomaticComplexity="1" minCyclomaticComplexity="1" maxCrapScore="2" minCrapScore="2" visitedClasses="0" numClasses="1" visitedMethods="0" numMethods="10" />
          <FullName>Xunit.TestCollectionCleanupFailure</FullName>
          <Methods>
            <Method visited="false" cyclomaticComplexity="1" nPathComplexity="0" sequenceCoverage="0" branchCoverage="0" crapScore="2" isConstructor="false" isStatic="false" isGetter="true" isSetter="false">
              <Summary numSequencePoints="1" visitedSequencePoints="0" numBranchPoints="1" visitedBranchPoints="0" sequenceCoverage="0" branchCoverage="0" maxCyclomaticComplexity="1" minCyclomaticComplexity="1" maxCrapScore="2" minCrapScore="2" visitedClasses="0" numClasses="0" visitedMethods="0" numMethods="1" />
              <MetadataToken>100664662</MetadataToken>
              <Name>System.String[] Xunit.TestCollectionCleanupFailure::get_ExceptionTypes()</Name>
              <FileRef uid="295" />
              <SequencePoints>
                <SequencePoint vc="0" uspid="8220" ordinal="0" offset="0" sl="42" sc="42" el="42" ec="46" bec="0" bev="0" fileid="295" />
              </SequencePoints>
              <BranchPoints />
              <MethodPoint xsi:type="SequencePoint" vc="0" uspid="8220" ordinal="0" offset="0" sl="42" sc="42" el="42" ec="46" bec="0" bev="0" fileid="295" />
            </Method>
            <Method visited="false" cyclomaticComplexity="1" nPathComplexity="0" sequenceCoverage="0" branchCoverage="0" crapScore="2" isConstructor="false" isStatic="false" isGetter="false" isSetter="true">
              <Summary numSequencePoints="1" visitedSequencePoints="0" numBranchPoints="1" visitedBranchPoints="0" sequenceCoverage="0" branchCoverage="0" maxCyclomaticComplexity="1" minCyclomaticComplexity="1" maxCrapScore="2" minCrapScore="2" visitedClasses="0" numClasses="0" visitedMethods="0" numMethods="1" />
              <MetadataToken>100664663</MetadataToken>
              <Name>System.Void Xunit.TestCollectionCleanupFailure::set_ExceptionTypes(System.String[])</Name>
              <FileRef uid="295" />
              <SequencePoints>
                <SequencePoint vc="0" uspid="8221" ordinal="0" offset="0" sl="42" sc="47" el="42" ec="59" bec="0" bev="0" fileid="295" />
              </SequencePoints>
              <BranchPoints />
              <MethodPoint xsi:type="SequencePoint" vc="0" uspid="8221" ordinal="0" offset="0" sl="42" sc="47" el="42" ec="59" bec="0" bev="0" fileid="295" />
            </Method>
            <Method visited="false" cyclomaticComplexity="1" nPathComplexity="0" sequenceCoverage="0" branchCoverage="0" crapScore="2" isConstructor="false" isStatic="false" isGetter="true" isSetter="false">
              <Summary numSequencePoints="1" visitedSequencePoints="0" numBranchPoints="1" visitedBranchPoints="0" sequenceCoverage="0" branchCoverage="0" maxCyclomaticComplexity="1" minCyclomaticComplexity="1" maxCrapScore="2" minCrapScore="2" visitedClasses="0" numClasses="0" visitedMethods="0" numMethods="1" />
              <MetadataToken>100664664</MetadataToken>
              <Name>System.String[] Xunit.TestCollectionCleanupFailure::get_Messages()</Name>
              <FileRef uid="295" />
              <SequencePoints>
                <SequencePoint vc="0" uspid="8222" ordinal="0" offset="0" sl="45" sc="36" el="45" ec="40" bec="0" bev="0" fileid="295" />
              </SequencePoints>
              <BranchPoints />
              <MethodPoint xsi:type="SequencePoint" vc="0" uspid="8222" ordinal="0" offset="0" sl="45" sc="36" el="45" ec="40" bec="0" bev="0" fileid="295" />
            </Method>
            <Method visited="false" cyclomaticComplexity="1" nPathComplexity="0" sequenceCoverage="0" branchCoverage="0" crapScore="2" isConstructor="false" isStatic="false" isGetter="false" isSetter="true">
              <Summary numSequencePoints="1" visitedSequencePoints="0" numBranchPoints="1" visitedBranchPoints="0" sequenceCoverage="0" branchCoverage="0" maxCyclomaticComplexity="1" minCyclomaticComplexity="1" maxCrapScore="2" minCrapScore="2" visitedClasses="0" numClasses="0" visitedMethods="0" numMethods="1" />
              <MetadataToken>100664665</MetadataToken>
              <Name>System.Void Xunit.TestCollectionCleanupFailure::set_Messages(System.String[])</Name>
              <FileRef uid="295" />
              <SequencePoints>
                <SequencePoint vc="0" uspid="8223" ordinal="0" offset="0" sl="45" sc="41" el="45" ec="53" bec="0" bev="0" fileid="295" />
              </SequencePoints>
              <BranchPoints />
              <MethodPoint xsi:type="SequencePoint" vc="0" uspid="8223" ordinal="0" offset="0" sl="45" sc="41" el="45" ec="53" bec="0" bev="0" fileid="295" />
            </Method>
            <Method visited="false" cyclomaticComplexity="1" nPathComplexity="0" sequenceCoverage="0" branchCoverage="0" crapScore="2" isConstructor="false" isStatic="false" isGetter="true" isSetter="false">
              <Summary numSequencePoints="1" visitedSequencePoints="0" numBranchPoints="1" visitedBranchPoints="0" sequenceCoverage="0" branchCoverage="0" maxCyclomaticComplexity="1" minCyclomaticComplexity="1" maxCrapScore="2" minCrapScore="2" visitedClasses="0" numClasses="0" visitedMethods="0" numMethods="1" />
              <MetadataToken>100664666</MetadataToken>
              <Name>System.String[] Xunit.TestCollectionCleanupFailure::get_StackTraces()</Name>
              <FileRef uid="295" />
              <SequencePoints>
                <SequencePoint vc="0" uspid="8224" ordinal="0" offset="0" sl="48" sc="39" el="48" ec="43" bec="0" bev="0" fileid="295" />
              </SequencePoints>
              <BranchPoints />
              <MethodPoint xsi:type="SequencePoint" vc="0" uspid="8224" ordinal="0" offset="0" sl="48" sc="39" el="48" ec="43" bec="0" bev="0" fileid="295" />
            </Method>
            <Method visited="false" cyclomaticComplexity="1" nPathComplexity="0" sequenceCoverage="0" branchCoverage="0" crapScore="2" isConstructor="false" isStatic="false" isGetter="false" isSetter="true">
              <Summary numSequencePoints="1" visitedSequencePoints="0" numBranchPoints="1" visitedBranchPoints="0" sequenceCoverage="0" branchCoverage="0" maxCyclomaticComplexity="1" minCyclomaticComplexity="1" maxCrapScore="2" minCrapScore="2" visitedClasses="0" numClasses="0" visitedMethods="0" numMethods="1" />
              <MetadataToken>100664667</MetadataToken>
              <Name>System.Void Xunit.TestCollectionCleanupFailure::set_StackTraces(System.String[])</Name>
              <FileRef uid="295" />
              <SequencePoints>
                <SequencePoint vc="0" uspid="8225" ordinal="0" offset="0" sl="48" sc="44" el="48" ec="56" bec="0" bev="0" fileid="295" />
              </SequencePoints>
              <BranchPoints />
              <MethodPoint xsi:type="SequencePoint" vc="0" uspid="8225" ordinal="0" offset="0" sl="48" sc="44" el="48" ec="56" bec="0" bev="0" fileid="295" />
            </Method>
            <Method visited="false" cyclomaticComplexity="1" nPathComplexity="0" sequenceCoverage="0" branchCoverage="0" crapScore="2" isConstructor="false" isStatic="false" isGetter="true" isSetter="false">
              <Summary numSequencePoints="1" visitedSequencePoints="0" numBranchPoints="1" visitedBranchPoints="0" sequenceCoverage="0" branchCoverage="0" maxCyclomaticComplexity="1" minCyclomaticComplexity="1" maxCrapScore="2" minCrapScore="2" visitedClasses="0" numClasses="0" visitedMethods="0" numMethods="1" />
              <MetadataToken>100664668</MetadataToken>
              <Name>System.Int32[] Xunit.TestCollectionCleanupFailure::get_ExceptionParentIndices()</Name>
              <FileRef uid="295" />
              <SequencePoints>
                <SequencePoint vc="0" uspid="8226" ordinal="0" offset="0" sl="51" sc="47" el="51" ec="51" bec="0" bev="0" fileid="295" />
              </SequencePoints>
              <BranchPoints />
              <MethodPoint xsi:type="SequencePoint" vc="0" uspid="8226" ordinal="0" offset="0" sl="51" sc="47" el="51" ec="51" bec="0" bev="0" fileid="295" />
            </Method>
            <Method visited="false" cyclomaticComplexity="1" nPathComplexity="0" sequenceCoverage="0" branchCoverage="0" crapScore="2" isConstructor="false" isStatic="false" isGetter="false" isSetter="true">
              <Summary numSequencePoints="1" visitedSequencePoints="0" numBranchPoints="1" visitedBranchPoints="0" sequenceCoverage="0" branchCoverage="0" maxCyclomaticComplexity="1" minCyclomaticComplexity="1" maxCrapScore="2" minCrapScore="2" visitedClasses="0" numClasses="0" visitedMethods="0" numMethods="1" />
              <MetadataToken>100664669</MetadataToken>
              <Name>System.Void Xunit.TestCollectionCleanupFailure::set_ExceptionParentIndices(System.Int32[])</Name>
              <FileRef uid="295" />
              <SequencePoints>
                <SequencePoint vc="0" uspid="8227" ordinal="0" offset="0" sl="51" sc="52" el="51" ec="64" bec="0" bev="0" fileid="295" />
              </SequencePoints>
              <BranchPoints />
              <MethodPoint xsi:type="SequencePoint" vc="0" uspid="8227" ordinal="0" offset="0" sl="51" sc="52" el="51" ec="64" bec="0" bev="0" fileid="295" />
            </Method>
            <Method visited="false" cyclomaticComplexity="1" nPathComplexity="0" sequenceCoverage="0" branchCoverage="0" crapScore="2" isConstructor="true" isStatic="false" isGetter="false" isSetter="false">
              <Summary numSequencePoints="6" visitedSequencePoints="0" numBranchPoints="1" visitedBranchPoints="0" sequenceCoverage="0" branchCoverage="0" maxCyclomaticComplexity="1" minCyclomaticComplexity="1" maxCrapScore="2" minCrapScore="2" visitedClasses="0" numClasses="0" visitedMethods="0" numMethods="1" />
              <MetadataToken>100664660</MetadataToken>
              <Name>System.Void Xunit.TestCollectionCleanupFailure::.ctor(System.Collections.Generic.IEnumerable`1&lt;Xunit.Abstractions.ITestCase&gt;,Xunit.Abstractions.ITestCollection,System.String[],System.String[],System.String[],System.Int32[])</Name>
              <FileRef uid="295" />
              <SequencePoints>
                <SequencePoint vc="0" uspid="8228" ordinal="0" offset="0" sl="20" sc="15" el="20" ec="46" bec="0" bev="0" fileid="295" />
                <SequencePoint vc="0" uspid="8229" ordinal="1" offset="8" sl="22" sc="13" el="22" ec="39" bec="0" bev="0" fileid="295" />
                <SequencePoint vc="0" uspid="8230" ordinal="2" offset="16" sl="23" sc="13" el="23" ec="33" bec="0" bev="0" fileid="295" />
                <SequencePoint vc="0" uspid="8231" ordinal="3" offset="24" sl="24" sc="13" el="24" ec="45" bec="0" bev="0" fileid="295" />
                <SequencePoint vc="0" uspid="8232" ordinal="4" offset="31" sl="25" sc="13" el="25" ec="61" bec="0" bev="0" fileid="295" />
                <SequencePoint vc="0" uspid="8233" ordinal="5" offset="39" sl="26" sc="9" el="26" ec="10" bec="0" bev="0" fileid="295" />
              </SequencePoints>
              <BranchPoints />
              <MethodPoint xsi:type="SequencePoint" vc="0" uspid="8228" ordinal="0" offset="0" sl="20" sc="15" el="20" ec="46" bec="0" bev="0" fileid="295" />
            </Method>
            <Method visited="false" cyclomaticComplexity="1" nPathComplexity="0" sequenceCoverage="0" branchCoverage="0" crapScore="2" isConstructor="true" isStatic="false" isGetter="false" isSetter="false">
              <Summary numSequencePoints="7" visitedSequencePoints="0" numBranchPoints="1" visitedBranchPoints="0" sequenceCoverage="0" branchCoverage="0" maxCyclomaticComplexity="1" minCyclomaticComplexity="1" maxCrapScore="2" minCrapScore="2" visitedClasses="0" numClasses="0" visitedMethods="0" numMethods="1" />
              <MetadataToken>100664661</MetadataToken>
              <Name>System.Void Xunit.TestCollectionCleanupFailure::.ctor(System.Collections.Generic.IEnumerable`1&lt;Xunit.Abstractions.ITestCase&gt;,Xunit.Abstractions.ITestCollection,System.Exception)</Name>
              <FileRef uid="295" />
              <SequencePoints>
                <SequencePoint vc="0" uspid="8234" ordinal="0" offset="0" sl="32" sc="15" el="32" ec="46" bec="0" bev="0" fileid="295" />
                <SequencePoint vc="0" uspid="8235" ordinal="1" offset="8" sl="34" sc="13" el="34" ec="89" bec="0" bev="0" fileid="295" />
                <SequencePoint vc="0" uspid="8236" ordinal="2" offset="15" sl="35" sc="13" el="35" ec="57" bec="0" bev="0" fileid="295" />
                <SequencePoint vc="0" uspid="8237" ordinal="3" offset="27" sl="36" sc="13" el="36" ec="45" bec="0" bev="0" fileid="295" />
                <SequencePoint vc="0" uspid="8238" ordinal="4" offset="39" sl="37" sc="13" el="37" ec="51" bec="0" bev="0" fileid="295" />
                <SequencePoint vc="0" uspid="8239" ordinal="5" offset="51" sl="38" sc="13" el="38" ec="73" bec="0" bev="0" fileid="295" />
                <SequencePoint vc="0" uspid="8240" ordinal="6" offset="63" sl="39" sc="9" el="39" ec="10" bec="0" bev="0" fileid="295" />
              </SequencePoints>
              <BranchPoints />
              <MethodPoint xsi:type="SequencePoint" vc="0" uspid="8234" ordinal="0" offset="0" sl="32" sc="15" el="32" ec="46" bec="0" bev="0" fileid="295" />
            </Method>
          </Methods>
        </Class>
        <Class>
          <Summary numSequencePoints="14" visitedSequencePoints="0" numBranchPoints="9" visitedBranchPoints="0" sequenceCoverage="0" branchCoverage="0" maxCyclomaticComplexity="1" minCyclomaticComplexity="1" maxCrapScore="2" minCrapScore="2" visitedClasses="0" numClasses="1" visitedMethods="0" numMethods="9" />
          <FullName>Xunit.TestCollectionFinished</FullName>
          <Methods>
            <Method visited="false" cyclomaticComplexity="1" nPathComplexity="0" sequenceCoverage="0" branchCoverage="0" crapScore="2" isConstructor="false" isStatic="false" isGetter="true" isSetter="false">
              <Summary numSequencePoints="1" visitedSequencePoints="0" numBranchPoints="1" visitedBranchPoints="0" sequenceCoverage="0" branchCoverage="0" maxCyclomaticComplexity="1" minCyclomaticComplexity="1" maxCrapScore="2" minCrapScore="2" visitedClasses="0" numClasses="0" visitedMethods="0" numMethods="1" />
              <MetadataToken>100664671</MetadataToken>
              <Name>System.Decimal Xunit.TestCollectionFinished::get_ExecutionTime()</Name>
              <FileRef uid="296" />
              <SequencePoints>
                <SequencePoint vc="0" uspid="8241" ordinal="0" offset="0" sl="28" sc="40" el="28" ec="44" bec="0" bev="0" fileid="296" />
              </SequencePoints>
              <BranchPoints />
              <MethodPoint xsi:type="SequencePoint" vc="0" uspid="8241" ordinal="0" offset="0" sl="28" sc="40" el="28" ec="44" bec="0" bev="0" fileid="296" />
            </Method>
            <Method visited="false" cyclomaticComplexity="1" nPathComplexity="0" sequenceCoverage="0" branchCoverage="0" crapScore="2" isConstructor="false" isStatic="false" isGetter="false" isSetter="true">
              <Summary numSequencePoints="1" visitedSequencePoints="0" numBranchPoints="1" visitedBranchPoints="0" sequenceCoverage="0" branchCoverage="0" maxCyclomaticComplexity="1" minCyclomaticComplexity="1" maxCrapScore="2" minCrapScore="2" visitedClasses="0" numClasses="0" visitedMethods="0" numMethods="1" />
              <MetadataToken>100664672</MetadataToken>
              <Name>System.Void Xunit.TestCollectionFinished::set_ExecutionTime(System.Decimal)</Name>
              <FileRef uid="296" />
              <SequencePoints>
                <SequencePoint vc="0" uspid="8242" ordinal="0" offset="0" sl="28" sc="45" el="28" ec="57" bec="0" bev="0" fileid="296" />
              </SequencePoints>
              <BranchPoints />
              <MethodPoint xsi:type="SequencePoint" vc="0" uspid="8242" ordinal="0" offset="0" sl="28" sc="45" el="28" ec="57" bec="0" bev="0" fileid="296" />
            </Method>
            <Method visited="false" cyclomaticComplexity="1" nPathComplexity="0" sequenceCoverage="0" branchCoverage="0" crapScore="2" isConstructor="false" isStatic="false" isGetter="true" isSetter="false">
              <Summary numSequencePoints="1" visitedSequencePoints="0" numBranchPoints="1" visitedBranchPoints="0" sequenceCoverage="0" branchCoverage="0" maxCyclomaticComplexity="1" minCyclomaticComplexity="1" maxCrapScore="2" minCrapScore="2" visitedClasses="0" numClasses="0" visitedMethods="0" numMethods="1" />
              <MetadataToken>100664673</MetadataToken>
              <Name>System.Int32 Xunit.TestCollectionFinished::get_TestsFailed()</Name>
              <FileRef uid="296" />
              <SequencePoints>
                <SequencePoint vc="0" uspid="8243" ordinal="0" offset="0" sl="31" sc="34" el="31" ec="38" bec="0" bev="0" fileid="296" />
              </SequencePoints>
              <BranchPoints />
              <MethodPoint xsi:type="SequencePoint" vc="0" uspid="8243" ordinal="0" offset="0" sl="31" sc="34" el="31" ec="38" bec="0" bev="0" fileid="296" />
            </Method>
            <Method visited="false" cyclomaticComplexity="1" nPathComplexity="0" sequenceCoverage="0" branchCoverage="0" crapScore="2" isConstructor="false" isStatic="false" isGetter="false" isSetter="true">
              <Summary numSequencePoints="1" visitedSequencePoints="0" numBranchPoints="1" visitedBranchPoints="0" sequenceCoverage="0" branchCoverage="0" maxCyclomaticComplexity="1" minCyclomaticComplexity="1" maxCrapScore="2" minCrapScore="2" visitedClasses="0" numClasses="0" visitedMethods="0" numMethods="1" />
              <MetadataToken>100664674</MetadataToken>
              <Name>System.Void Xunit.TestCollectionFinished::set_TestsFailed(System.Int32)</Name>
              <FileRef uid="296" />
              <SequencePoints>
                <SequencePoint vc="0" uspid="8244" ordinal="0" offset="0" sl="31" sc="39" el="31" ec="51" bec="0" bev="0" fileid="296" />
              </SequencePoints>
              <BranchPoints />
              <MethodPoint xsi:type="SequencePoint" vc="0" uspid="8244" ordinal="0" offset="0" sl="31" sc="39" el="31" ec="51" bec="0" bev="0" fileid="296" />
            </Method>
            <Method visited="false" cyclomaticComplexity="1" nPathComplexity="0" sequenceCoverage="0" branchCoverage="0" crapScore="2" isConstructor="false" isStatic="false" isGetter="true" isSetter="false">
              <Summary numSequencePoints="1" visitedSequencePoints="0" numBranchPoints="1" visitedBranchPoints="0" sequenceCoverage="0" branchCoverage="0" maxCyclomaticComplexity="1" minCyclomaticComplexity="1" maxCrapScore="2" minCrapScore="2" visitedClasses="0" numClasses="0" visitedMethods="0" numMethods="1" />
              <MetadataToken>100664675</MetadataToken>
              <Name>System.Int32 Xunit.TestCollectionFinished::get_TestsRun()</Name>
              <FileRef uid="296" />
              <SequencePoints>
                <SequencePoint vc="0" uspid="8245" ordinal="0" offset="0" sl="34" sc="31" el="34" ec="35" bec="0" bev="0" fileid="296" />
              </SequencePoints>
              <BranchPoints />
              <MethodPoint xsi:type="SequencePoint" vc="0" uspid="8245" ordinal="0" offset="0" sl="34" sc="31" el="34" ec="35" bec="0" bev="0" fileid="296" />
            </Method>
            <Method visited="false" cyclomaticComplexity="1" nPathComplexity="0" sequenceCoverage="0" branchCoverage="0" crapScore="2" isConstructor="false" isStatic="false" isGetter="false" isSetter="true">
              <Summary numSequencePoints="1" visitedSequencePoints="0" numBranchPoints="1" visitedBranchPoints="0" sequenceCoverage="0" branchCoverage="0" maxCyclomaticComplexity="1" minCyclomaticComplexity="1" maxCrapScore="2" minCrapScore="2" visitedClasses="0" numClasses="0" visitedMethods="0" numMethods="1" />
              <MetadataToken>100664676</MetadataToken>
              <Name>System.Void Xunit.TestCollectionFinished::set_TestsRun(System.Int32)</Name>
              <FileRef uid="296" />
              <SequencePoints>
                <SequencePoint vc="0" uspid="8246" ordinal="0" offset="0" sl="34" sc="36" el="34" ec="48" bec="0" bev="0" fileid="296" />
              </SequencePoints>
              <BranchPoints />
              <MethodPoint xsi:type="SequencePoint" vc="0" uspid="8246" ordinal="0" offset="0" sl="34" sc="36" el="34" ec="48" bec="0" bev="0" fileid="296" />
            </Method>
            <Method visited="false" cyclomaticComplexity="1" nPathComplexity="0" sequenceCoverage="0" branchCoverage="0" crapScore="2" isConstructor="false" isStatic="false" isGetter="true" isSetter="false">
              <Summary numSequencePoints="1" visitedSequencePoints="0" numBranchPoints="1" visitedBranchPoints="0" sequenceCoverage="0" branchCoverage="0" maxCyclomaticComplexity="1" minCyclomaticComplexity="1" maxCrapScore="2" minCrapScore="2" visitedClasses="0" numClasses="0" visitedMethods="0" numMethods="1" />
              <MetadataToken>100664677</MetadataToken>
              <Name>System.Int32 Xunit.TestCollectionFinished::get_TestsSkipped()</Name>
              <FileRef uid="296" />
              <SequencePoints>
                <SequencePoint vc="0" uspid="8247" ordinal="0" offset="0" sl="37" sc="35" el="37" ec="39" bec="0" bev="0" fileid="296" />
              </SequencePoints>
              <BranchPoints />
              <MethodPoint xsi:type="SequencePoint" vc="0" uspid="8247" ordinal="0" offset="0" sl="37" sc="35" el="37" ec="39" bec="0" bev="0" fileid="296" />
            </Method>
            <Method visited="false" cyclomaticComplexity="1" nPathComplexity="0" sequenceCoverage="0" branchCoverage="0" crapScore="2" isConstructor="false" isStatic="false" isGetter="false" isSetter="true">
              <Summary numSequencePoints="1" visitedSequencePoints="0" numBranchPoints="1" visitedBranchPoints="0" sequenceCoverage="0" branchCoverage="0" maxCyclomaticComplexity="1" minCyclomaticComplexity="1" maxCrapScore="2" minCrapScore="2" visitedClasses="0" numClasses="0" visitedMethods="0" numMethods="1" />
              <MetadataToken>100664678</MetadataToken>
              <Name>System.Void Xunit.TestCollectionFinished::set_TestsSkipped(System.Int32)</Name>
              <FileRef uid="296" />
              <SequencePoints>
                <SequencePoint vc="0" uspid="8248" ordinal="0" offset="0" sl="37" sc="40" el="37" ec="52" bec="0" bev="0" fileid="296" />
              </SequencePoints>
              <BranchPoints />
              <MethodPoint xsi:type="SequencePoint" vc="0" uspid="8248" ordinal="0" offset="0" sl="37" sc="40" el="37" ec="52" bec="0" bev="0" fileid="296" />
            </Method>
            <Method visited="false" cyclomaticComplexity="1" nPathComplexity="0" sequenceCoverage="0" branchCoverage="0" crapScore="2" isConstructor="true" isStatic="false" isGetter="false" isSetter="false">
              <Summary numSequencePoints="6" visitedSequencePoints="0" numBranchPoints="1" visitedBranchPoints="0" sequenceCoverage="0" branchCoverage="0" maxCyclomaticComplexity="1" minCyclomaticComplexity="1" maxCrapScore="2" minCrapScore="2" visitedClasses="0" numClasses="0" visitedMethods="0" numMethods="1" />
              <MetadataToken>100664670</MetadataToken>
              <Name>System.Void Xunit.TestCollectionFinished::.ctor(System.Collections.Generic.IEnumerable`1&lt;Xunit.Abstractions.ITestCase&gt;,Xunit.Abstractions.ITestCollection,System.Decimal,System.Int32,System.Int32,System.Int32)</Name>
              <FileRef uid="296" />
              <SequencePoints>
                <SequencePoint vc="0" uspid="8249" ordinal="0" offset="0" sl="19" sc="15" el="19" ec="46" bec="0" bev="0" fileid="296" />
                <SequencePoint vc="0" uspid="8250" ordinal="1" offset="8" sl="21" sc="13" el="21" ec="43" bec="0" bev="0" fileid="296" />
                <SequencePoint vc="0" uspid="8251" ordinal="2" offset="15" sl="22" sc="13" el="22" ec="33" bec="0" bev="0" fileid="296" />
                <SequencePoint vc="0" uspid="8252" ordinal="3" offset="23" sl="23" sc="13" el="23" ec="39" bec="0" bev="0" fileid="296" />
                <SequencePoint vc="0" uspid="8253" ordinal="4" offset="31" sl="24" sc="13" el="24" ec="41" bec="0" bev="0" fileid="296" />
                <SequencePoint vc="0" uspid="8254" ordinal="5" offset="39" sl="25" sc="9" el="25" ec="10" bec="0" bev="0" fileid="296" />
              </SequencePoints>
              <BranchPoints />
              <MethodPoint xsi:type="SequencePoint" vc="0" uspid="8249" ordinal="0" offset="0" sl="19" sc="15" el="19" ec="46" bec="0" bev="0" fileid="296" />
            </Method>
          </Methods>
        </Class>
        <Class>
          <Summary numSequencePoints="2" visitedSequencePoints="0" numBranchPoints="1" visitedBranchPoints="0" sequenceCoverage="0" branchCoverage="0" maxCyclomaticComplexity="1" minCyclomaticComplexity="1" maxCrapScore="2" minCrapScore="2" visitedClasses="0" numClasses="1" visitedMethods="0" numMethods="1" />
          <FullName>Xunit.TestCollectionStarting</FullName>
          <Methods>
            <Method visited="false" cyclomaticComplexity="1" nPathComplexity="0" sequenceCoverage="0" branchCoverage="0" crapScore="2" isConstructor="true" isStatic="false" isGetter="false" isSetter="false">
              <Summary numSequencePoints="2" visitedSequencePoints="0" numBranchPoints="1" visitedBranchPoints="0" sequenceCoverage="0" branchCoverage="0" maxCyclomaticComplexity="1" minCyclomaticComplexity="1" maxCrapScore="2" minCrapScore="2" visitedClasses="0" numClasses="0" visitedMethods="0" numMethods="1" />
              <MetadataToken>100664679</MetadataToken>
              <Name>System.Void Xunit.TestCollectionStarting::.ctor(System.Collections.Generic.IEnumerable`1&lt;Xunit.Abstractions.ITestCase&gt;,Xunit.Abstractions.ITestCollection)</Name>
              <FileRef uid="297" />
              <SequencePoints>
                <SequencePoint vc="0" uspid="8255" ordinal="0" offset="0" sl="19" sc="15" el="19" ec="46" bec="0" bev="0" fileid="297" />
                <SequencePoint vc="0" uspid="8256" ordinal="1" offset="8" sl="19" sc="49" el="19" ec="50" bec="0" bev="0" fileid="297" />
              </SequencePoints>
              <BranchPoints />
              <MethodPoint xsi:type="SequencePoint" vc="0" uspid="8255" ordinal="0" offset="0" sl="19" sc="15" el="19" ec="46" bec="0" bev="0" fileid="297" />
            </Method>
          </Methods>
        </Class>
        <Class>
          <Summary numSequencePoints="21" visitedSequencePoints="0" numBranchPoints="10" visitedBranchPoints="0" sequenceCoverage="0" branchCoverage="0" maxCyclomaticComplexity="1" minCyclomaticComplexity="1" maxCrapScore="2" minCrapScore="2" visitedClasses="0" numClasses="1" visitedMethods="0" numMethods="10" />
          <FullName>Xunit.TestFailed</FullName>
          <Methods>
            <Method visited="false" cyclomaticComplexity="1" nPathComplexity="0" sequenceCoverage="0" branchCoverage="0" crapScore="2" isConstructor="false" isStatic="false" isGetter="true" isSetter="false">
              <Summary numSequencePoints="1" visitedSequencePoints="0" numBranchPoints="1" visitedBranchPoints="0" sequenceCoverage="0" branchCoverage="0" maxCyclomaticComplexity="1" minCyclomaticComplexity="1" maxCrapScore="2" minCrapScore="2" visitedClasses="0" numClasses="0" visitedMethods="0" numMethods="1" />
              <MetadataToken>100664682</MetadataToken>
              <Name>System.String[] Xunit.TestFailed::get_ExceptionTypes()</Name>
              <FileRef uid="298" />
              <SequencePoints>
                <SequencePoint vc="0" uspid="8257" ordinal="0" offset="0" sl="50" sc="42" el="50" ec="46" bec="0" bev="0" fileid="298" />
              </SequencePoints>
              <BranchPoints />
              <MethodPoint xsi:type="SequencePoint" vc="0" uspid="8257" ordinal="0" offset="0" sl="50" sc="42" el="50" ec="46" bec="0" bev="0" fileid="298" />
            </Method>
            <Method visited="false" cyclomaticComplexity="1" nPathComplexity="0" sequenceCoverage="0" branchCoverage="0" crapScore="2" isConstructor="false" isStatic="false" isGetter="false" isSetter="true">
              <Summary numSequencePoints="1" visitedSequencePoints="0" numBranchPoints="1" visitedBranchPoints="0" sequenceCoverage="0" branchCoverage="0" maxCyclomaticComplexity="1" minCyclomaticComplexity="1" maxCrapScore="2" minCrapScore="2" visitedClasses="0" numClasses="0" visitedMethods="0" numMethods="1" />
              <MetadataToken>100664683</MetadataToken>
              <Name>System.Void Xunit.TestFailed::set_ExceptionTypes(System.String[])</Name>
              <FileRef uid="298" />
              <SequencePoints>
                <SequencePoint vc="0" uspid="8258" ordinal="0" offset="0" sl="50" sc="47" el="50" ec="59" bec="0" bev="0" fileid="298" />
              </SequencePoints>
              <BranchPoints />
              <MethodPoint xsi:type="SequencePoint" vc="0" uspid="8258" ordinal="0" offset="0" sl="50" sc="47" el="50" ec="59" bec="0" bev="0" fileid="298" />
            </Method>
            <Method visited="false" cyclomaticComplexity="1" nPathComplexity="0" sequenceCoverage="0" branchCoverage="0" crapScore="2" isConstructor="false" isStatic="false" isGetter="true" isSetter="false">
              <Summary numSequencePoints="1" visitedSequencePoints="0" numBranchPoints="1" visitedBranchPoints="0" sequenceCoverage="0" branchCoverage="0" maxCyclomaticComplexity="1" minCyclomaticComplexity="1" maxCrapScore="2" minCrapScore="2" visitedClasses="0" numClasses="0" visitedMethods="0" numMethods="1" />
              <MetadataToken>100664684</MetadataToken>
              <Name>System.String[] Xunit.TestFailed::get_Messages()</Name>
              <FileRef uid="298" />
              <SequencePoints>
                <SequencePoint vc="0" uspid="8259" ordinal="0" offset="0" sl="53" sc="36" el="53" ec="40" bec="0" bev="0" fileid="298" />
              </SequencePoints>
              <BranchPoints />
              <MethodPoint xsi:type="SequencePoint" vc="0" uspid="8259" ordinal="0" offset="0" sl="53" sc="36" el="53" ec="40" bec="0" bev="0" fileid="298" />
            </Method>
            <Method visited="false" cyclomaticComplexity="1" nPathComplexity="0" sequenceCoverage="0" branchCoverage="0" crapScore="2" isConstructor="false" isStatic="false" isGetter="false" isSetter="true">
              <Summary numSequencePoints="1" visitedSequencePoints="0" numBranchPoints="1" visitedBranchPoints="0" sequenceCoverage="0" branchCoverage="0" maxCyclomaticComplexity="1" minCyclomaticComplexity="1" maxCrapScore="2" minCrapScore="2" visitedClasses="0" numClasses="0" visitedMethods="0" numMethods="1" />
              <MetadataToken>100664685</MetadataToken>
              <Name>System.Void Xunit.TestFailed::set_Messages(System.String[])</Name>
              <FileRef uid="298" />
              <SequencePoints>
                <SequencePoint vc="0" uspid="8260" ordinal="0" offset="0" sl="53" sc="41" el="53" ec="53" bec="0" bev="0" fileid="298" />
              </SequencePoints>
              <BranchPoints />
              <MethodPoint xsi:type="SequencePoint" vc="0" uspid="8260" ordinal="0" offset="0" sl="53" sc="41" el="53" ec="53" bec="0" bev="0" fileid="298" />
            </Method>
            <Method visited="false" cyclomaticComplexity="1" nPathComplexity="0" sequenceCoverage="0" branchCoverage="0" crapScore="2" isConstructor="false" isStatic="false" isGetter="true" isSetter="false">
              <Summary numSequencePoints="1" visitedSequencePoints="0" numBranchPoints="1" visitedBranchPoints="0" sequenceCoverage="0" branchCoverage="0" maxCyclomaticComplexity="1" minCyclomaticComplexity="1" maxCrapScore="2" minCrapScore="2" visitedClasses="0" numClasses="0" visitedMethods="0" numMethods="1" />
              <MetadataToken>100664686</MetadataToken>
              <Name>System.String[] Xunit.TestFailed::get_StackTraces()</Name>
              <FileRef uid="298" />
              <SequencePoints>
                <SequencePoint vc="0" uspid="8261" ordinal="0" offset="0" sl="56" sc="39" el="56" ec="43" bec="0" bev="0" fileid="298" />
              </SequencePoints>
              <BranchPoints />
              <MethodPoint xsi:type="SequencePoint" vc="0" uspid="8261" ordinal="0" offset="0" sl="56" sc="39" el="56" ec="43" bec="0" bev="0" fileid="298" />
            </Method>
            <Method visited="false" cyclomaticComplexity="1" nPathComplexity="0" sequenceCoverage="0" branchCoverage="0" crapScore="2" isConstructor="false" isStatic="false" isGetter="false" isSetter="true">
              <Summary numSequencePoints="1" visitedSequencePoints="0" numBranchPoints="1" visitedBranchPoints="0" sequenceCoverage="0" branchCoverage="0" maxCyclomaticComplexity="1" minCyclomaticComplexity="1" maxCrapScore="2" minCrapScore="2" visitedClasses="0" numClasses="0" visitedMethods="0" numMethods="1" />
              <MetadataToken>100664687</MetadataToken>
              <Name>System.Void Xunit.TestFailed::set_StackTraces(System.String[])</Name>
              <FileRef uid="298" />
              <SequencePoints>
                <SequencePoint vc="0" uspid="8262" ordinal="0" offset="0" sl="56" sc="44" el="56" ec="56" bec="0" bev="0" fileid="298" />
              </SequencePoints>
              <BranchPoints />
              <MethodPoint xsi:type="SequencePoint" vc="0" uspid="8262" ordinal="0" offset="0" sl="56" sc="44" el="56" ec="56" bec="0" bev="0" fileid="298" />
            </Method>
            <Method visited="false" cyclomaticComplexity="1" nPathComplexity="0" sequenceCoverage="0" branchCoverage="0" crapScore="2" isConstructor="false" isStatic="false" isGetter="true" isSetter="false">
              <Summary numSequencePoints="1" visitedSequencePoints="0" numBranchPoints="1" visitedBranchPoints="0" sequenceCoverage="0" branchCoverage="0" maxCyclomaticComplexity="1" minCyclomaticComplexity="1" maxCrapScore="2" minCrapScore="2" visitedClasses="0" numClasses="0" visitedMethods="0" numMethods="1" />
              <MetadataToken>100664688</MetadataToken>
              <Name>System.Int32[] Xunit.TestFailed::get_ExceptionParentIndices()</Name>
              <FileRef uid="298" />
              <SequencePoints>
                <SequencePoint vc="0" uspid="8263" ordinal="0" offset="0" sl="59" sc="47" el="59" ec="51" bec="0" bev="0" fileid="298" />
              </SequencePoints>
              <BranchPoints />
              <MethodPoint xsi:type="SequencePoint" vc="0" uspid="8263" ordinal="0" offset="0" sl="59" sc="47" el="59" ec="51" bec="0" bev="0" fileid="298" />
            </Method>
            <Method visited="false" cyclomaticComplexity="1" nPathComplexity="0" sequenceCoverage="0" branchCoverage="0" crapScore="2" isConstructor="false" isStatic="false" isGetter="false" isSetter="true">
              <Summary numSequencePoints="1" visitedSequencePoints="0" numBranchPoints="1" visitedBranchPoints="0" sequenceCoverage="0" branchCoverage="0" maxCyclomaticComplexity="1" minCyclomaticComplexity="1" maxCrapScore="2" minCrapScore="2" visitedClasses="0" numClasses="0" visitedMethods="0" numMethods="1" />
              <MetadataToken>100664689</MetadataToken>
              <Name>System.Void Xunit.TestFailed::set_ExceptionParentIndices(System.Int32[])</Name>
              <FileRef uid="298" />
              <SequencePoints>
                <SequencePoint vc="0" uspid="8264" ordinal="0" offset="0" sl="59" sc="52" el="59" ec="64" bec="0" bev="0" fileid="298" />
              </SequencePoints>
              <BranchPoints />
              <MethodPoint xsi:type="SequencePoint" vc="0" uspid="8264" ordinal="0" offset="0" sl="59" sc="52" el="59" ec="64" bec="0" bev="0" fileid="298" />
            </Method>
            <Method visited="false" cyclomaticComplexity="1" nPathComplexity="0" sequenceCoverage="0" branchCoverage="0" crapScore="2" isConstructor="true" isStatic="false" isGetter="false" isSetter="false">
              <Summary numSequencePoints="6" visitedSequencePoints="0" numBranchPoints="1" visitedBranchPoints="0" sequenceCoverage="0" branchCoverage="0" maxCyclomaticComplexity="1" minCyclomaticComplexity="1" maxCrapScore="2" minCrapScore="2" visitedClasses="0" numClasses="0" visitedMethods="0" numMethods="1" />
              <MetadataToken>100664680</MetadataToken>
              <Name>System.Void Xunit.TestFailed::.ctor(Xunit.Abstractions.ITest,System.Decimal,System.String,System.String[],System.String[],System.String[],System.Int32[])</Name>
              <FileRef uid="298" />
              <SequencePoints>
                <SequencePoint vc="0" uspid="8265" ordinal="0" offset="0" sl="25" sc="15" el="25" ec="48" bec="0" bev="0" fileid="298" />
                <SequencePoint vc="0" uspid="8266" ordinal="1" offset="9" sl="27" sc="13" el="27" ec="39" bec="0" bev="0" fileid="298" />
                <SequencePoint vc="0" uspid="8267" ordinal="2" offset="17" sl="28" sc="13" el="28" ec="33" bec="0" bev="0" fileid="298" />
                <SequencePoint vc="0" uspid="8268" ordinal="3" offset="25" sl="29" sc="13" el="29" ec="45" bec="0" bev="0" fileid="298" />
                <SequencePoint vc="0" uspid="8269" ordinal="4" offset="33" sl="30" sc="13" el="30" ec="61" bec="0" bev="0" fileid="298" />
                <SequencePoint vc="0" uspid="8270" ordinal="5" offset="41" sl="31" sc="9" el="31" ec="10" bec="0" bev="0" fileid="298" />
              </SequencePoints>
              <BranchPoints />
              <MethodPoint xsi:type="SequencePoint" vc="0" uspid="8265" ordinal="0" offset="0" sl="25" sc="15" el="25" ec="48" bec="0" bev="0" fileid="298" />
            </Method>
            <Method visited="false" cyclomaticComplexity="1" nPathComplexity="0" sequenceCoverage="0" branchCoverage="0" crapScore="2" isConstructor="true" isStatic="false" isGetter="false" isSetter="false">
              <Summary numSequencePoints="7" visitedSequencePoints="0" numBranchPoints="1" visitedBranchPoints="0" sequenceCoverage="0" branchCoverage="0" maxCyclomaticComplexity="1" minCyclomaticComplexity="1" maxCrapScore="2" minCrapScore="2" visitedClasses="0" numClasses="0" visitedMethods="0" numMethods="1" />
              <MetadataToken>100664681</MetadataToken>
              <Name>System.Void Xunit.TestFailed::.ctor(Xunit.Abstractions.ITest,System.Decimal,System.String,System.Exception)</Name>
              <FileRef uid="298" />
              <SequencePoints>
                <SequencePoint vc="0" uspid="8271" ordinal="0" offset="0" sl="40" sc="15" el="40" ec="48" bec="0" bev="0" fileid="298" />
                <SequencePoint vc="0" uspid="8272" ordinal="1" offset="9" sl="42" sc="13" el="42" ec="89" bec="0" bev="0" fileid="298" />
                <SequencePoint vc="0" uspid="8273" ordinal="2" offset="17" sl="43" sc="13" el="43" ec="57" bec="0" bev="0" fileid="298" />
                <SequencePoint vc="0" uspid="8274" ordinal="3" offset="29" sl="44" sc="13" el="44" ec="45" bec="0" bev="0" fileid="298" />
                <SequencePoint vc="0" uspid="8275" ordinal="4" offset="41" sl="45" sc="13" el="45" ec="51" bec="0" bev="0" fileid="298" />
                <SequencePoint vc="0" uspid="8276" ordinal="5" offset="53" sl="46" sc="13" el="46" ec="73" bec="0" bev="0" fileid="298" />
                <SequencePoint vc="0" uspid="8277" ordinal="6" offset="65" sl="47" sc="9" el="47" ec="10" bec="0" bev="0" fileid="298" />
              </SequencePoints>
              <BranchPoints />
              <MethodPoint xsi:type="SequencePoint" vc="0" uspid="8271" ordinal="0" offset="0" sl="40" sc="15" el="40" ec="48" bec="0" bev="0" fileid="298" />
            </Method>
          </Methods>
        </Class>
        <Class>
          <Summary numSequencePoints="8" visitedSequencePoints="0" numBranchPoints="7" visitedBranchPoints="0" sequenceCoverage="0" branchCoverage="0" maxCyclomaticComplexity="2" minCyclomaticComplexity="1" maxCrapScore="6" minCrapScore="2" visitedClasses="0" numClasses="1" visitedMethods="0" numMethods="5" />
          <FullName>Xunit.TestFinished</FullName>
          <Methods>
            <Method visited="false" cyclomaticComplexity="1" nPathComplexity="0" sequenceCoverage="0" branchCoverage="0" crapScore="2" isConstructor="false" isStatic="false" isGetter="true" isSetter="false">
              <Summary numSequencePoints="1" visitedSequencePoints="0" numBranchPoints="1" visitedBranchPoints="0" sequenceCoverage="0" branchCoverage="0" maxCyclomaticComplexity="1" minCyclomaticComplexity="1" maxCrapScore="2" minCrapScore="2" visitedClasses="0" numClasses="0" visitedMethods="0" numMethods="1" />
              <MetadataToken>100664691</MetadataToken>
              <Name>System.Decimal Xunit.TestFinished::get_ExecutionTime()</Name>
              <FileRef uid="299" />
              <SequencePoints>
                <SequencePoint vc="0" uspid="8278" ordinal="0" offset="0" sl="25" sc="40" el="25" ec="44" bec="0" bev="0" fileid="299" />
              </SequencePoints>
              <BranchPoints />
              <MethodPoint xsi:type="SequencePoint" vc="0" uspid="8278" ordinal="0" offset="0" sl="25" sc="40" el="25" ec="44" bec="0" bev="0" fileid="299" />
            </Method>
            <Method visited="false" cyclomaticComplexity="1" nPathComplexity="0" sequenceCoverage="0" branchCoverage="0" crapScore="2" isConstructor="false" isStatic="false" isGetter="false" isSetter="true">
              <Summary numSequencePoints="1" visitedSequencePoints="0" numBranchPoints="1" visitedBranchPoints="0" sequenceCoverage="0" branchCoverage="0" maxCyclomaticComplexity="1" minCyclomaticComplexity="1" maxCrapScore="2" minCrapScore="2" visitedClasses="0" numClasses="0" visitedMethods="0" numMethods="1" />
              <MetadataToken>100664692</MetadataToken>
              <Name>System.Void Xunit.TestFinished::set_ExecutionTime(System.Decimal)</Name>
              <FileRef uid="299" />
              <SequencePoints>
                <SequencePoint vc="0" uspid="8279" ordinal="0" offset="0" sl="25" sc="45" el="25" ec="57" bec="0" bev="0" fileid="299" />
              </SequencePoints>
              <BranchPoints />
              <MethodPoint xsi:type="SequencePoint" vc="0" uspid="8279" ordinal="0" offset="0" sl="25" sc="45" el="25" ec="57" bec="0" bev="0" fileid="299" />
            </Method>
            <Method visited="false" cyclomaticComplexity="1" nPathComplexity="0" sequenceCoverage="0" branchCoverage="0" crapScore="2" isConstructor="false" isStatic="false" isGetter="true" isSetter="false">
              <Summary numSequencePoints="1" visitedSequencePoints="0" numBranchPoints="1" visitedBranchPoints="0" sequenceCoverage="0" branchCoverage="0" maxCyclomaticComplexity="1" minCyclomaticComplexity="1" maxCrapScore="2" minCrapScore="2" visitedClasses="0" numClasses="0" visitedMethods="0" numMethods="1" />
              <MetadataToken>100664693</MetadataToken>
              <Name>System.String Xunit.TestFinished::get_Output()</Name>
              <FileRef uid="299" />
              <SequencePoints>
                <SequencePoint vc="0" uspid="8280" ordinal="0" offset="0" sl="28" sc="32" el="28" ec="36" bec="0" bev="0" fileid="299" />
              </SequencePoints>
              <BranchPoints />
              <MethodPoint xsi:type="SequencePoint" vc="0" uspid="8280" ordinal="0" offset="0" sl="28" sc="32" el="28" ec="36" bec="0" bev="0" fileid="299" />
            </Method>
            <Method visited="false" cyclomaticComplexity="1" nPathComplexity="0" sequenceCoverage="0" branchCoverage="0" crapScore="2" isConstructor="false" isStatic="false" isGetter="false" isSetter="true">
              <Summary numSequencePoints="1" visitedSequencePoints="0" numBranchPoints="1" visitedBranchPoints="0" sequenceCoverage="0" branchCoverage="0" maxCyclomaticComplexity="1" minCyclomaticComplexity="1" maxCrapScore="2" minCrapScore="2" visitedClasses="0" numClasses="0" visitedMethods="0" numMethods="1" />
              <MetadataToken>100664694</MetadataToken>
              <Name>System.Void Xunit.TestFinished::set_Output(System.String)</Name>
              <FileRef uid="299" />
              <SequencePoints>
                <SequencePoint vc="0" uspid="8281" ordinal="0" offset="0" sl="28" sc="37" el="28" ec="49" bec="0" bev="0" fileid="299" />
              </SequencePoints>
              <BranchPoints />
              <MethodPoint xsi:type="SequencePoint" vc="0" uspid="8281" ordinal="0" offset="0" sl="28" sc="37" el="28" ec="49" bec="0" bev="0" fileid="299" />
            </Method>
            <Method visited="false" cyclomaticComplexity="2" nPathComplexity="2" sequenceCoverage="0" branchCoverage="0" crapScore="6" isConstructor="true" isStatic="false" isGetter="false" isSetter="false">
              <Summary numSequencePoints="4" visitedSequencePoints="0" numBranchPoints="3" visitedBranchPoints="0" sequenceCoverage="0" branchCoverage="0" maxCyclomaticComplexity="2" minCyclomaticComplexity="2" maxCrapScore="6" minCrapScore="6" visitedClasses="0" numClasses="0" visitedMethods="0" numMethods="1" />
              <MetadataToken>100664690</MetadataToken>
              <Name>System.Void Xunit.TestFinished::.ctor(Xunit.Abstractions.ITest,System.Decimal,System.String)</Name>
              <FileRef uid="299" />
              <SequencePoints>
                <SequencePoint vc="0" uspid="8282" ordinal="0" offset="0" sl="18" sc="15" el="18" ec="25" bec="0" bev="0" fileid="299" />
                <SequencePoint vc="0" uspid="8283" ordinal="1" offset="7" sl="20" sc="13" el="20" ec="43" bec="0" bev="0" fileid="299" />
                <SequencePoint vc="0" uspid="8284" ordinal="2" offset="14" sl="21" sc="13" el="21" ec="45" bec="2" bev="0" fileid="299" />
                <SequencePoint vc="0" uspid="8285" ordinal="3" offset="30" sl="22" sc="9" el="22" ec="10" bec="0" bev="0" fileid="299" />
              </SequencePoints>
              <BranchPoints>
                <BranchPoint vc="0" uspid="8286" ordinal="0" offset="17" sl="21" path="0" offsetend="19" fileid="299" />
                <BranchPoint vc="0" uspid="8287" ordinal="1" offset="17" sl="21" path="1" offsetend="25" fileid="299" />
              </BranchPoints>
              <MethodPoint xsi:type="SequencePoint" vc="0" uspid="8282" ordinal="0" offset="0" sl="18" sc="15" el="18" ec="25" bec="0" bev="0" fileid="299" />
            </Method>
          </Methods>
        </Class>
        <Class>
          <Summary numSequencePoints="21" visitedSequencePoints="0" numBranchPoints="10" visitedBranchPoints="0" sequenceCoverage="0" branchCoverage="0" maxCyclomaticComplexity="1" minCyclomaticComplexity="1" maxCrapScore="2" minCrapScore="2" visitedClasses="0" numClasses="1" visitedMethods="0" numMethods="10" />
          <FullName>Xunit.TestMethodCleanupFailure</FullName>
          <Methods>
            <Method visited="false" cyclomaticComplexity="1" nPathComplexity="0" sequenceCoverage="0" branchCoverage="0" crapScore="2" isConstructor="false" isStatic="false" isGetter="true" isSetter="false">
              <Summary numSequencePoints="1" visitedSequencePoints="0" numBranchPoints="1" visitedBranchPoints="0" sequenceCoverage="0" branchCoverage="0" maxCyclomaticComplexity="1" minCyclomaticComplexity="1" maxCrapScore="2" minCrapScore="2" visitedClasses="0" numClasses="0" visitedMethods="0" numMethods="1" />
              <MetadataToken>100664697</MetadataToken>
              <Name>System.String[] Xunit.TestMethodCleanupFailure::get_ExceptionTypes()</Name>
              <FileRef uid="300" />
              <SequencePoints>
                <SequencePoint vc="0" uspid="8288" ordinal="0" offset="0" sl="42" sc="42" el="42" ec="46" bec="0" bev="0" fileid="300" />
              </SequencePoints>
              <BranchPoints />
              <MethodPoint xsi:type="SequencePoint" vc="0" uspid="8288" ordinal="0" offset="0" sl="42" sc="42" el="42" ec="46" bec="0" bev="0" fileid="300" />
            </Method>
            <Method visited="false" cyclomaticComplexity="1" nPathComplexity="0" sequenceCoverage="0" branchCoverage="0" crapScore="2" isConstructor="false" isStatic="false" isGetter="false" isSetter="true">
              <Summary numSequencePoints="1" visitedSequencePoints="0" numBranchPoints="1" visitedBranchPoints="0" sequenceCoverage="0" branchCoverage="0" maxCyclomaticComplexity="1" minCyclomaticComplexity="1" maxCrapScore="2" minCrapScore="2" visitedClasses="0" numClasses="0" visitedMethods="0" numMethods="1" />
              <MetadataToken>100664698</MetadataToken>
              <Name>System.Void Xunit.TestMethodCleanupFailure::set_ExceptionTypes(System.String[])</Name>
              <FileRef uid="300" />
              <SequencePoints>
                <SequencePoint vc="0" uspid="8289" ordinal="0" offset="0" sl="42" sc="47" el="42" ec="59" bec="0" bev="0" fileid="300" />
              </SequencePoints>
              <BranchPoints />
              <MethodPoint xsi:type="SequencePoint" vc="0" uspid="8289" ordinal="0" offset="0" sl="42" sc="47" el="42" ec="59" bec="0" bev="0" fileid="300" />
            </Method>
            <Method visited="false" cyclomaticComplexity="1" nPathComplexity="0" sequenceCoverage="0" branchCoverage="0" crapScore="2" isConstructor="false" isStatic="false" isGetter="true" isSetter="false">
              <Summary numSequencePoints="1" visitedSequencePoints="0" numBranchPoints="1" visitedBranchPoints="0" sequenceCoverage="0" branchCoverage="0" maxCyclomaticComplexity="1" minCyclomaticComplexity="1" maxCrapScore="2" minCrapScore="2" visitedClasses="0" numClasses="0" visitedMethods="0" numMethods="1" />
              <MetadataToken>100664699</MetadataToken>
              <Name>System.String[] Xunit.TestMethodCleanupFailure::get_Messages()</Name>
              <FileRef uid="300" />
              <SequencePoints>
                <SequencePoint vc="0" uspid="8290" ordinal="0" offset="0" sl="45" sc="36" el="45" ec="40" bec="0" bev="0" fileid="300" />
              </SequencePoints>
              <BranchPoints />
              <MethodPoint xsi:type="SequencePoint" vc="0" uspid="8290" ordinal="0" offset="0" sl="45" sc="36" el="45" ec="40" bec="0" bev="0" fileid="300" />
            </Method>
            <Method visited="false" cyclomaticComplexity="1" nPathComplexity="0" sequenceCoverage="0" branchCoverage="0" crapScore="2" isConstructor="false" isStatic="false" isGetter="false" isSetter="true">
              <Summary numSequencePoints="1" visitedSequencePoints="0" numBranchPoints="1" visitedBranchPoints="0" sequenceCoverage="0" branchCoverage="0" maxCyclomaticComplexity="1" minCyclomaticComplexity="1" maxCrapScore="2" minCrapScore="2" visitedClasses="0" numClasses="0" visitedMethods="0" numMethods="1" />
              <MetadataToken>100664700</MetadataToken>
              <Name>System.Void Xunit.TestMethodCleanupFailure::set_Messages(System.String[])</Name>
              <FileRef uid="300" />
              <SequencePoints>
                <SequencePoint vc="0" uspid="8291" ordinal="0" offset="0" sl="45" sc="41" el="45" ec="53" bec="0" bev="0" fileid="300" />
              </SequencePoints>
              <BranchPoints />
              <MethodPoint xsi:type="SequencePoint" vc="0" uspid="8291" ordinal="0" offset="0" sl="45" sc="41" el="45" ec="53" bec="0" bev="0" fileid="300" />
            </Method>
            <Method visited="false" cyclomaticComplexity="1" nPathComplexity="0" sequenceCoverage="0" branchCoverage="0" crapScore="2" isConstructor="false" isStatic="false" isGetter="true" isSetter="false">
              <Summary numSequencePoints="1" visitedSequencePoints="0" numBranchPoints="1" visitedBranchPoints="0" sequenceCoverage="0" branchCoverage="0" maxCyclomaticComplexity="1" minCyclomaticComplexity="1" maxCrapScore="2" minCrapScore="2" visitedClasses="0" numClasses="0" visitedMethods="0" numMethods="1" />
              <MetadataToken>100664701</MetadataToken>
              <Name>System.String[] Xunit.TestMethodCleanupFailure::get_StackTraces()</Name>
              <FileRef uid="300" />
              <SequencePoints>
                <SequencePoint vc="0" uspid="8292" ordinal="0" offset="0" sl="48" sc="39" el="48" ec="43" bec="0" bev="0" fileid="300" />
              </SequencePoints>
              <BranchPoints />
              <MethodPoint xsi:type="SequencePoint" vc="0" uspid="8292" ordinal="0" offset="0" sl="48" sc="39" el="48" ec="43" bec="0" bev="0" fileid="300" />
            </Method>
            <Method visited="false" cyclomaticComplexity="1" nPathComplexity="0" sequenceCoverage="0" branchCoverage="0" crapScore="2" isConstructor="false" isStatic="false" isGetter="false" isSetter="true">
              <Summary numSequencePoints="1" visitedSequencePoints="0" numBranchPoints="1" visitedBranchPoints="0" sequenceCoverage="0" branchCoverage="0" maxCyclomaticComplexity="1" minCyclomaticComplexity="1" maxCrapScore="2" minCrapScore="2" visitedClasses="0" numClasses="0" visitedMethods="0" numMethods="1" />
              <MetadataToken>100664702</MetadataToken>
              <Name>System.Void Xunit.TestMethodCleanupFailure::set_StackTraces(System.String[])</Name>
              <FileRef uid="300" />
              <SequencePoints>
                <SequencePoint vc="0" uspid="8293" ordinal="0" offset="0" sl="48" sc="44" el="48" ec="56" bec="0" bev="0" fileid="300" />
              </SequencePoints>
              <BranchPoints />
              <MethodPoint xsi:type="SequencePoint" vc="0" uspid="8293" ordinal="0" offset="0" sl="48" sc="44" el="48" ec="56" bec="0" bev="0" fileid="300" />
            </Method>
            <Method visited="false" cyclomaticComplexity="1" nPathComplexity="0" sequenceCoverage="0" branchCoverage="0" crapScore="2" isConstructor="false" isStatic="false" isGetter="true" isSetter="false">
              <Summary numSequencePoints="1" visitedSequencePoints="0" numBranchPoints="1" visitedBranchPoints="0" sequenceCoverage="0" branchCoverage="0" maxCyclomaticComplexity="1" minCyclomaticComplexity="1" maxCrapScore="2" minCrapScore="2" visitedClasses="0" numClasses="0" visitedMethods="0" numMethods="1" />
              <MetadataToken>100664703</MetadataToken>
              <Name>System.Int32[] Xunit.TestMethodCleanupFailure::get_ExceptionParentIndices()</Name>
              <FileRef uid="300" />
              <SequencePoints>
                <SequencePoint vc="0" uspid="8294" ordinal="0" offset="0" sl="51" sc="47" el="51" ec="51" bec="0" bev="0" fileid="300" />
              </SequencePoints>
              <BranchPoints />
              <MethodPoint xsi:type="SequencePoint" vc="0" uspid="8294" ordinal="0" offset="0" sl="51" sc="47" el="51" ec="51" bec="0" bev="0" fileid="300" />
            </Method>
            <Method visited="false" cyclomaticComplexity="1" nPathComplexity="0" sequenceCoverage="0" branchCoverage="0" crapScore="2" isConstructor="false" isStatic="false" isGetter="false" isSetter="true">
              <Summary numSequencePoints="1" visitedSequencePoints="0" numBranchPoints="1" visitedBranchPoints="0" sequenceCoverage="0" branchCoverage="0" maxCyclomaticComplexity="1" minCyclomaticComplexity="1" maxCrapScore="2" minCrapScore="2" visitedClasses="0" numClasses="0" visitedMethods="0" numMethods="1" />
              <MetadataToken>100664704</MetadataToken>
              <Name>System.Void Xunit.TestMethodCleanupFailure::set_ExceptionParentIndices(System.Int32[])</Name>
              <FileRef uid="300" />
              <SequencePoints>
                <SequencePoint vc="0" uspid="8295" ordinal="0" offset="0" sl="51" sc="52" el="51" ec="64" bec="0" bev="0" fileid="300" />
              </SequencePoints>
              <BranchPoints />
              <MethodPoint xsi:type="SequencePoint" vc="0" uspid="8295" ordinal="0" offset="0" sl="51" sc="52" el="51" ec="64" bec="0" bev="0" fileid="300" />
            </Method>
            <Method visited="false" cyclomaticComplexity="1" nPathComplexity="0" sequenceCoverage="0" branchCoverage="0" crapScore="2" isConstructor="true" isStatic="false" isGetter="false" isSetter="false">
              <Summary numSequencePoints="6" visitedSequencePoints="0" numBranchPoints="1" visitedBranchPoints="0" sequenceCoverage="0" branchCoverage="0" maxCyclomaticComplexity="1" minCyclomaticComplexity="1" maxCrapScore="2" minCrapScore="2" visitedClasses="0" numClasses="0" visitedMethods="0" numMethods="1" />
              <MetadataToken>100664695</MetadataToken>
              <Name>System.Void Xunit.TestMethodCleanupFailure::.ctor(System.Collections.Generic.IEnumerable`1&lt;Xunit.Abstractions.ITestCase&gt;,Xunit.Abstractions.ITestMethod,System.String[],System.String[],System.String[],System.Int32[])</Name>
              <FileRef uid="300" />
              <SequencePoints>
                <SequencePoint vc="0" uspid="8296" ordinal="0" offset="0" sl="20" sc="15" el="20" ec="42" bec="0" bev="0" fileid="300" />
                <SequencePoint vc="0" uspid="8297" ordinal="1" offset="8" sl="22" sc="13" el="22" ec="39" bec="0" bev="0" fileid="300" />
                <SequencePoint vc="0" uspid="8298" ordinal="2" offset="16" sl="23" sc="13" el="23" ec="33" bec="0" bev="0" fileid="300" />
                <SequencePoint vc="0" uspid="8299" ordinal="3" offset="24" sl="24" sc="13" el="24" ec="45" bec="0" bev="0" fileid="300" />
                <SequencePoint vc="0" uspid="8300" ordinal="4" offset="31" sl="25" sc="13" el="25" ec="61" bec="0" bev="0" fileid="300" />
                <SequencePoint vc="0" uspid="8301" ordinal="5" offset="39" sl="26" sc="9" el="26" ec="10" bec="0" bev="0" fileid="300" />
              </SequencePoints>
              <BranchPoints />
              <MethodPoint xsi:type="SequencePoint" vc="0" uspid="8296" ordinal="0" offset="0" sl="20" sc="15" el="20" ec="42" bec="0" bev="0" fileid="300" />
            </Method>
            <Method visited="false" cyclomaticComplexity="1" nPathComplexity="0" sequenceCoverage="0" branchCoverage="0" crapScore="2" isConstructor="true" isStatic="false" isGetter="false" isSetter="false">
              <Summary numSequencePoints="7" visitedSequencePoints="0" numBranchPoints="1" visitedBranchPoints="0" sequenceCoverage="0" branchCoverage="0" maxCyclomaticComplexity="1" minCyclomaticComplexity="1" maxCrapScore="2" minCrapScore="2" visitedClasses="0" numClasses="0" visitedMethods="0" numMethods="1" />
              <MetadataToken>100664696</MetadataToken>
              <Name>System.Void Xunit.TestMethodCleanupFailure::.ctor(System.Collections.Generic.IEnumerable`1&lt;Xunit.Abstractions.ITestCase&gt;,Xunit.Abstractions.ITestMethod,System.Exception)</Name>
              <FileRef uid="300" />
              <SequencePoints>
                <SequencePoint vc="0" uspid="8302" ordinal="0" offset="0" sl="32" sc="15" el="32" ec="42" bec="0" bev="0" fileid="300" />
                <SequencePoint vc="0" uspid="8303" ordinal="1" offset="8" sl="34" sc="13" el="34" ec="89" bec="0" bev="0" fileid="300" />
                <SequencePoint vc="0" uspid="8304" ordinal="2" offset="15" sl="35" sc="13" el="35" ec="57" bec="0" bev="0" fileid="300" />
                <SequencePoint vc="0" uspid="8305" ordinal="3" offset="27" sl="36" sc="13" el="36" ec="45" bec="0" bev="0" fileid="300" />
                <SequencePoint vc="0" uspid="8306" ordinal="4" offset="39" sl="37" sc="13" el="37" ec="51" bec="0" bev="0" fileid="300" />
                <SequencePoint vc="0" uspid="8307" ordinal="5" offset="51" sl="38" sc="13" el="38" ec="73" bec="0" bev="0" fileid="300" />
                <SequencePoint vc="0" uspid="8308" ordinal="6" offset="63" sl="39" sc="9" el="39" ec="10" bec="0" bev="0" fileid="300" />
              </SequencePoints>
              <BranchPoints />
              <MethodPoint xsi:type="SequencePoint" vc="0" uspid="8302" ordinal="0" offset="0" sl="32" sc="15" el="32" ec="42" bec="0" bev="0" fileid="300" />
            </Method>
          </Methods>
        </Class>
        <Class>
          <Summary numSequencePoints="14" visitedSequencePoints="0" numBranchPoints="9" visitedBranchPoints="0" sequenceCoverage="0" branchCoverage="0" maxCyclomaticComplexity="1" minCyclomaticComplexity="1" maxCrapScore="2" minCrapScore="2" visitedClasses="0" numClasses="1" visitedMethods="0" numMethods="9" />
          <FullName>Xunit.TestMethodFinished</FullName>
          <Methods>
            <Method visited="false" cyclomaticComplexity="1" nPathComplexity="0" sequenceCoverage="0" branchCoverage="0" crapScore="2" isConstructor="false" isStatic="false" isGetter="true" isSetter="false">
              <Summary numSequencePoints="1" visitedSequencePoints="0" numBranchPoints="1" visitedBranchPoints="0" sequenceCoverage="0" branchCoverage="0" maxCyclomaticComplexity="1" minCyclomaticComplexity="1" maxCrapScore="2" minCrapScore="2" visitedClasses="0" numClasses="0" visitedMethods="0" numMethods="1" />
              <MetadataToken>100664706</MetadataToken>
              <Name>System.Decimal Xunit.TestMethodFinished::get_ExecutionTime()</Name>
              <FileRef uid="301" />
              <SequencePoints>
                <SequencePoint vc="0" uspid="8309" ordinal="0" offset="0" sl="28" sc="40" el="28" ec="44" bec="0" bev="0" fileid="301" />
              </SequencePoints>
              <BranchPoints />
              <MethodPoint xsi:type="SequencePoint" vc="0" uspid="8309" ordinal="0" offset="0" sl="28" sc="40" el="28" ec="44" bec="0" bev="0" fileid="301" />
            </Method>
            <Method visited="false" cyclomaticComplexity="1" nPathComplexity="0" sequenceCoverage="0" branchCoverage="0" crapScore="2" isConstructor="false" isStatic="false" isGetter="false" isSetter="true">
              <Summary numSequencePoints="1" visitedSequencePoints="0" numBranchPoints="1" visitedBranchPoints="0" sequenceCoverage="0" branchCoverage="0" maxCyclomaticComplexity="1" minCyclomaticComplexity="1" maxCrapScore="2" minCrapScore="2" visitedClasses="0" numClasses="0" visitedMethods="0" numMethods="1" />
              <MetadataToken>100664707</MetadataToken>
              <Name>System.Void Xunit.TestMethodFinished::set_ExecutionTime(System.Decimal)</Name>
              <FileRef uid="301" />
              <SequencePoints>
                <SequencePoint vc="0" uspid="8310" ordinal="0" offset="0" sl="28" sc="45" el="28" ec="57" bec="0" bev="0" fileid="301" />
              </SequencePoints>
              <BranchPoints />
              <MethodPoint xsi:type="SequencePoint" vc="0" uspid="8310" ordinal="0" offset="0" sl="28" sc="45" el="28" ec="57" bec="0" bev="0" fileid="301" />
            </Method>
            <Method visited="false" cyclomaticComplexity="1" nPathComplexity="0" sequenceCoverage="0" branchCoverage="0" crapScore="2" isConstructor="false" isStatic="false" isGetter="true" isSetter="false">
              <Summary numSequencePoints="1" visitedSequencePoints="0" numBranchPoints="1" visitedBranchPoints="0" sequenceCoverage="0" branchCoverage="0" maxCyclomaticComplexity="1" minCyclomaticComplexity="1" maxCrapScore="2" minCrapScore="2" visitedClasses="0" numClasses="0" visitedMethods="0" numMethods="1" />
              <MetadataToken>100664708</MetadataToken>
              <Name>System.Int32 Xunit.TestMethodFinished::get_TestsFailed()</Name>
              <FileRef uid="301" />
              <SequencePoints>
                <SequencePoint vc="0" uspid="8311" ordinal="0" offset="0" sl="31" sc="34" el="31" ec="38" bec="0" bev="0" fileid="301" />
              </SequencePoints>
              <BranchPoints />
              <MethodPoint xsi:type="SequencePoint" vc="0" uspid="8311" ordinal="0" offset="0" sl="31" sc="34" el="31" ec="38" bec="0" bev="0" fileid="301" />
            </Method>
            <Method visited="false" cyclomaticComplexity="1" nPathComplexity="0" sequenceCoverage="0" branchCoverage="0" crapScore="2" isConstructor="false" isStatic="false" isGetter="false" isSetter="true">
              <Summary numSequencePoints="1" visitedSequencePoints="0" numBranchPoints="1" visitedBranchPoints="0" sequenceCoverage="0" branchCoverage="0" maxCyclomaticComplexity="1" minCyclomaticComplexity="1" maxCrapScore="2" minCrapScore="2" visitedClasses="0" numClasses="0" visitedMethods="0" numMethods="1" />
              <MetadataToken>100664709</MetadataToken>
              <Name>System.Void Xunit.TestMethodFinished::set_TestsFailed(System.Int32)</Name>
              <FileRef uid="301" />
              <SequencePoints>
                <SequencePoint vc="0" uspid="8312" ordinal="0" offset="0" sl="31" sc="39" el="31" ec="51" bec="0" bev="0" fileid="301" />
              </SequencePoints>
              <BranchPoints />
              <MethodPoint xsi:type="SequencePoint" vc="0" uspid="8312" ordinal="0" offset="0" sl="31" sc="39" el="31" ec="51" bec="0" bev="0" fileid="301" />
            </Method>
            <Method visited="false" cyclomaticComplexity="1" nPathComplexity="0" sequenceCoverage="0" branchCoverage="0" crapScore="2" isConstructor="false" isStatic="false" isGetter="true" isSetter="false">
              <Summary numSequencePoints="1" visitedSequencePoints="0" numBranchPoints="1" visitedBranchPoints="0" sequenceCoverage="0" branchCoverage="0" maxCyclomaticComplexity="1" minCyclomaticComplexity="1" maxCrapScore="2" minCrapScore="2" visitedClasses="0" numClasses="0" visitedMethods="0" numMethods="1" />
              <MetadataToken>100664710</MetadataToken>
              <Name>System.Int32 Xunit.TestMethodFinished::get_TestsRun()</Name>
              <FileRef uid="301" />
              <SequencePoints>
                <SequencePoint vc="0" uspid="8313" ordinal="0" offset="0" sl="34" sc="31" el="34" ec="35" bec="0" bev="0" fileid="301" />
              </SequencePoints>
              <BranchPoints />
              <MethodPoint xsi:type="SequencePoint" vc="0" uspid="8313" ordinal="0" offset="0" sl="34" sc="31" el="34" ec="35" bec="0" bev="0" fileid="301" />
            </Method>
            <Method visited="false" cyclomaticComplexity="1" nPathComplexity="0" sequenceCoverage="0" branchCoverage="0" crapScore="2" isConstructor="false" isStatic="false" isGetter="false" isSetter="true">
              <Summary numSequencePoints="1" visitedSequencePoints="0" numBranchPoints="1" visitedBranchPoints="0" sequenceCoverage="0" branchCoverage="0" maxCyclomaticComplexity="1" minCyclomaticComplexity="1" maxCrapScore="2" minCrapScore="2" visitedClasses="0" numClasses="0" visitedMethods="0" numMethods="1" />
              <MetadataToken>100664711</MetadataToken>
              <Name>System.Void Xunit.TestMethodFinished::set_TestsRun(System.Int32)</Name>
              <FileRef uid="301" />
              <SequencePoints>
                <SequencePoint vc="0" uspid="8314" ordinal="0" offset="0" sl="34" sc="36" el="34" ec="48" bec="0" bev="0" fileid="301" />
              </SequencePoints>
              <BranchPoints />
              <MethodPoint xsi:type="SequencePoint" vc="0" uspid="8314" ordinal="0" offset="0" sl="34" sc="36" el="34" ec="48" bec="0" bev="0" fileid="301" />
            </Method>
            <Method visited="false" cyclomaticComplexity="1" nPathComplexity="0" sequenceCoverage="0" branchCoverage="0" crapScore="2" isConstructor="false" isStatic="false" isGetter="true" isSetter="false">
              <Summary numSequencePoints="1" visitedSequencePoints="0" numBranchPoints="1" visitedBranchPoints="0" sequenceCoverage="0" branchCoverage="0" maxCyclomaticComplexity="1" minCyclomaticComplexity="1" maxCrapScore="2" minCrapScore="2" visitedClasses="0" numClasses="0" visitedMethods="0" numMethods="1" />
              <MetadataToken>100664712</MetadataToken>
              <Name>System.Int32 Xunit.TestMethodFinished::get_TestsSkipped()</Name>
              <FileRef uid="301" />
              <SequencePoints>
                <SequencePoint vc="0" uspid="8315" ordinal="0" offset="0" sl="37" sc="35" el="37" ec="39" bec="0" bev="0" fileid="301" />
              </SequencePoints>
              <BranchPoints />
              <MethodPoint xsi:type="SequencePoint" vc="0" uspid="8315" ordinal="0" offset="0" sl="37" sc="35" el="37" ec="39" bec="0" bev="0" fileid="301" />
            </Method>
            <Method visited="false" cyclomaticComplexity="1" nPathComplexity="0" sequenceCoverage="0" branchCoverage="0" crapScore="2" isConstructor="false" isStatic="false" isGetter="false" isSetter="true">
              <Summary numSequencePoints="1" visitedSequencePoints="0" numBranchPoints="1" visitedBranchPoints="0" sequenceCoverage="0" branchCoverage="0" maxCyclomaticComplexity="1" minCyclomaticComplexity="1" maxCrapScore="2" minCrapScore="2" visitedClasses="0" numClasses="0" visitedMethods="0" numMethods="1" />
              <MetadataToken>100664713</MetadataToken>
              <Name>System.Void Xunit.TestMethodFinished::set_TestsSkipped(System.Int32)</Name>
              <FileRef uid="301" />
              <SequencePoints>
                <SequencePoint vc="0" uspid="8316" ordinal="0" offset="0" sl="37" sc="40" el="37" ec="52" bec="0" bev="0" fileid="301" />
              </SequencePoints>
              <BranchPoints />
              <MethodPoint xsi:type="SequencePoint" vc="0" uspid="8316" ordinal="0" offset="0" sl="37" sc="40" el="37" ec="52" bec="0" bev="0" fileid="301" />
            </Method>
            <Method visited="false" cyclomaticComplexity="1" nPathComplexity="0" sequenceCoverage="0" branchCoverage="0" crapScore="2" isConstructor="true" isStatic="false" isGetter="false" isSetter="false">
              <Summary numSequencePoints="6" visitedSequencePoints="0" numBranchPoints="1" visitedBranchPoints="0" sequenceCoverage="0" branchCoverage="0" maxCyclomaticComplexity="1" minCyclomaticComplexity="1" maxCrapScore="2" minCrapScore="2" visitedClasses="0" numClasses="0" visitedMethods="0" numMethods="1" />
              <MetadataToken>100664705</MetadataToken>
              <Name>System.Void Xunit.TestMethodFinished::.ctor(System.Collections.Generic.IEnumerable`1&lt;Xunit.Abstractions.ITestCase&gt;,Xunit.Abstractions.ITestMethod,System.Decimal,System.Int32,System.Int32,System.Int32)</Name>
              <FileRef uid="301" />
              <SequencePoints>
                <SequencePoint vc="0" uspid="8317" ordinal="0" offset="0" sl="19" sc="15" el="19" ec="42" bec="0" bev="0" fileid="301" />
                <SequencePoint vc="0" uspid="8318" ordinal="1" offset="8" sl="21" sc="13" el="21" ec="43" bec="0" bev="0" fileid="301" />
                <SequencePoint vc="0" uspid="8319" ordinal="2" offset="15" sl="22" sc="13" el="22" ec="33" bec="0" bev="0" fileid="301" />
                <SequencePoint vc="0" uspid="8320" ordinal="3" offset="23" sl="23" sc="13" el="23" ec="39" bec="0" bev="0" fileid="301" />
                <SequencePoint vc="0" uspid="8321" ordinal="4" offset="31" sl="24" sc="13" el="24" ec="41" bec="0" bev="0" fileid="301" />
                <SequencePoint vc="0" uspid="8322" ordinal="5" offset="39" sl="25" sc="9" el="25" ec="10" bec="0" bev="0" fileid="301" />
              </SequencePoints>
              <BranchPoints />
              <MethodPoint xsi:type="SequencePoint" vc="0" uspid="8317" ordinal="0" offset="0" sl="19" sc="15" el="19" ec="42" bec="0" bev="0" fileid="301" />
            </Method>
          </Methods>
        </Class>
        <Class>
          <Summary numSequencePoints="2" visitedSequencePoints="0" numBranchPoints="1" visitedBranchPoints="0" sequenceCoverage="0" branchCoverage="0" maxCyclomaticComplexity="1" minCyclomaticComplexity="1" maxCrapScore="2" minCrapScore="2" visitedClasses="0" numClasses="1" visitedMethods="0" numMethods="1" />
          <FullName>Xunit.TestMethodStarting</FullName>
          <Methods>
            <Method visited="false" cyclomaticComplexity="1" nPathComplexity="0" sequenceCoverage="0" branchCoverage="0" crapScore="2" isConstructor="true" isStatic="false" isGetter="false" isSetter="false">
              <Summary numSequencePoints="2" visitedSequencePoints="0" numBranchPoints="1" visitedBranchPoints="0" sequenceCoverage="0" branchCoverage="0" maxCyclomaticComplexity="1" minCyclomaticComplexity="1" maxCrapScore="2" minCrapScore="2" visitedClasses="0" numClasses="0" visitedMethods="0" numMethods="1" />
              <MetadataToken>100664714</MetadataToken>
              <Name>System.Void Xunit.TestMethodStarting::.ctor(System.Collections.Generic.IEnumerable`1&lt;Xunit.Abstractions.ITestCase&gt;,Xunit.Abstractions.ITestMethod)</Name>
              <FileRef uid="302" />
              <SequencePoints>
                <SequencePoint vc="0" uspid="8323" ordinal="0" offset="0" sl="19" sc="15" el="19" ec="42" bec="0" bev="0" fileid="302" />
                <SequencePoint vc="0" uspid="8324" ordinal="1" offset="8" sl="19" sc="45" el="19" ec="46" bec="0" bev="0" fileid="302" />
              </SequencePoints>
              <BranchPoints />
              <MethodPoint xsi:type="SequencePoint" vc="0" uspid="8323" ordinal="0" offset="0" sl="19" sc="15" el="19" ec="42" bec="0" bev="0" fileid="302" />
            </Method>
          </Methods>
        </Class>
        <Class>
          <Summary numSequencePoints="5" visitedSequencePoints="0" numBranchPoints="3" visitedBranchPoints="0" sequenceCoverage="0" branchCoverage="0" maxCyclomaticComplexity="1" minCyclomaticComplexity="1" maxCrapScore="2" minCrapScore="2" visitedClasses="0" numClasses="1" visitedMethods="0" numMethods="3" />
          <FullName>Xunit.TestOutput</FullName>
          <Methods>
            <Method visited="false" cyclomaticComplexity="1" nPathComplexity="0" sequenceCoverage="0" branchCoverage="0" crapScore="2" isConstructor="false" isStatic="false" isGetter="true" isSetter="false">
              <Summary numSequencePoints="1" visitedSequencePoints="0" numBranchPoints="1" visitedBranchPoints="0" sequenceCoverage="0" branchCoverage="0" maxCyclomaticComplexity="1" minCyclomaticComplexity="1" maxCrapScore="2" minCrapScore="2" visitedClasses="0" numClasses="0" visitedMethods="0" numMethods="1" />
              <MetadataToken>100664716</MetadataToken>
              <Name>System.String Xunit.TestOutput::get_Output()</Name>
              <FileRef uid="303" />
              <SequencePoints>
                <SequencePoint vc="0" uspid="8325" ordinal="0" offset="0" sl="24" sc="32" el="24" ec="36" bec="0" bev="0" fileid="303" />
              </SequencePoints>
              <BranchPoints />
              <MethodPoint xsi:type="SequencePoint" vc="0" uspid="8325" ordinal="0" offset="0" sl="24" sc="32" el="24" ec="36" bec="0" bev="0" fileid="303" />
            </Method>
            <Method visited="false" cyclomaticComplexity="1" nPathComplexity="0" sequenceCoverage="0" branchCoverage="0" crapScore="2" isConstructor="false" isStatic="false" isGetter="false" isSetter="true">
              <Summary numSequencePoints="1" visitedSequencePoints="0" numBranchPoints="1" visitedBranchPoints="0" sequenceCoverage="0" branchCoverage="0" maxCyclomaticComplexity="1" minCyclomaticComplexity="1" maxCrapScore="2" minCrapScore="2" visitedClasses="0" numClasses="0" visitedMethods="0" numMethods="1" />
              <MetadataToken>100664717</MetadataToken>
              <Name>System.Void Xunit.TestOutput::set_Output(System.String)</Name>
              <FileRef uid="303" />
              <SequencePoints>
                <SequencePoint vc="0" uspid="8326" ordinal="0" offset="0" sl="24" sc="37" el="24" ec="49" bec="0" bev="0" fileid="303" />
              </SequencePoints>
              <BranchPoints />
              <MethodPoint xsi:type="SequencePoint" vc="0" uspid="8326" ordinal="0" offset="0" sl="24" sc="37" el="24" ec="49" bec="0" bev="0" fileid="303" />
            </Method>
            <Method visited="false" cyclomaticComplexity="1" nPathComplexity="0" sequenceCoverage="0" branchCoverage="0" crapScore="2" isConstructor="true" isStatic="false" isGetter="false" isSetter="false">
              <Summary numSequencePoints="3" visitedSequencePoints="0" numBranchPoints="1" visitedBranchPoints="0" sequenceCoverage="0" branchCoverage="0" maxCyclomaticComplexity="1" minCyclomaticComplexity="1" maxCrapScore="2" minCrapScore="2" visitedClasses="0" numClasses="0" visitedMethods="0" numMethods="1" />
              <MetadataToken>100664715</MetadataToken>
              <Name>System.Void Xunit.TestOutput::.ctor(Xunit.Abstractions.ITest,System.String)</Name>
              <FileRef uid="303" />
              <SequencePoints>
                <SequencePoint vc="0" uspid="8327" ordinal="0" offset="0" sl="18" sc="15" el="18" ec="25" bec="0" bev="0" fileid="303" />
                <SequencePoint vc="0" uspid="8328" ordinal="1" offset="7" sl="20" sc="13" el="20" ec="29" bec="0" bev="0" fileid="303" />
                <SequencePoint vc="0" uspid="8329" ordinal="2" offset="14" sl="21" sc="9" el="21" ec="10" bec="0" bev="0" fileid="303" />
              </SequencePoints>
              <BranchPoints />
              <MethodPoint xsi:type="SequencePoint" vc="0" uspid="8327" ordinal="0" offset="0" sl="18" sc="15" el="18" ec="25" bec="0" bev="0" fileid="303" />
            </Method>
          </Methods>
        </Class>
        <Class>
          <Summary numSequencePoints="2" visitedSequencePoints="0" numBranchPoints="1" visitedBranchPoints="0" sequenceCoverage="0" branchCoverage="0" maxCyclomaticComplexity="1" minCyclomaticComplexity="1" maxCrapScore="2" minCrapScore="2" visitedClasses="0" numClasses="1" visitedMethods="0" numMethods="1" />
          <FullName>Xunit.TestPassed</FullName>
          <Methods>
            <Method visited="false" cyclomaticComplexity="1" nPathComplexity="0" sequenceCoverage="0" branchCoverage="0" crapScore="2" isConstructor="true" isStatic="false" isGetter="false" isSetter="false">
              <Summary numSequencePoints="2" visitedSequencePoints="0" numBranchPoints="1" visitedBranchPoints="0" sequenceCoverage="0" branchCoverage="0" maxCyclomaticComplexity="1" minCyclomaticComplexity="1" maxCrapScore="2" minCrapScore="2" visitedClasses="0" numClasses="0" visitedMethods="0" numMethods="1" />
              <MetadataToken>100664718</MetadataToken>
              <Name>System.Void Xunit.TestPassed::.ctor(Xunit.Abstractions.ITest,System.Decimal,System.String)</Name>
              <FileRef uid="304" />
              <SequencePoints>
                <SequencePoint vc="0" uspid="8330" ordinal="0" offset="0" sl="18" sc="15" el="18" ec="48" bec="0" bev="0" fileid="304" />
                <SequencePoint vc="0" uspid="8331" ordinal="1" offset="9" sl="18" sc="51" el="18" ec="52" bec="0" bev="0" fileid="304" />
              </SequencePoints>
              <BranchPoints />
              <MethodPoint xsi:type="SequencePoint" vc="0" uspid="8330" ordinal="0" offset="0" sl="18" sc="15" el="18" ec="48" bec="0" bev="0" fileid="304" />
            </Method>
          </Methods>
        </Class>
        <Class>
          <Summary numSequencePoints="5" visitedSequencePoints="0" numBranchPoints="3" visitedBranchPoints="0" sequenceCoverage="0" branchCoverage="0" maxCyclomaticComplexity="1" minCyclomaticComplexity="1" maxCrapScore="2" minCrapScore="2" visitedClasses="0" numClasses="1" visitedMethods="0" numMethods="3" />
          <FullName>Xunit.TestSkipped</FullName>
          <Methods>
            <Method visited="false" cyclomaticComplexity="1" nPathComplexity="0" sequenceCoverage="0" branchCoverage="0" crapScore="2" isConstructor="false" isStatic="false" isGetter="true" isSetter="false">
              <Summary numSequencePoints="1" visitedSequencePoints="0" numBranchPoints="1" visitedBranchPoints="0" sequenceCoverage="0" branchCoverage="0" maxCyclomaticComplexity="1" minCyclomaticComplexity="1" maxCrapScore="2" minCrapScore="2" visitedClasses="0" numClasses="0" visitedMethods="0" numMethods="1" />
              <MetadataToken>100664720</MetadataToken>
              <Name>System.String Xunit.TestSkipped::get_Reason()</Name>
              <FileRef uid="305" />
              <SequencePoints>
                <SequencePoint vc="0" uspid="8332" ordinal="0" offset="0" sl="24" sc="32" el="24" ec="36" bec="0" bev="0" fileid="305" />
              </SequencePoints>
              <BranchPoints />
              <MethodPoint xsi:type="SequencePoint" vc="0" uspid="8332" ordinal="0" offset="0" sl="24" sc="32" el="24" ec="36" bec="0" bev="0" fileid="305" />
            </Method>
            <Method visited="false" cyclomaticComplexity="1" nPathComplexity="0" sequenceCoverage="0" branchCoverage="0" crapScore="2" isConstructor="false" isStatic="false" isGetter="false" isSetter="true">
              <Summary numSequencePoints="1" visitedSequencePoints="0" numBranchPoints="1" visitedBranchPoints="0" sequenceCoverage="0" branchCoverage="0" maxCyclomaticComplexity="1" minCyclomaticComplexity="1" maxCrapScore="2" minCrapScore="2" visitedClasses="0" numClasses="0" visitedMethods="0" numMethods="1" />
              <MetadataToken>100664721</MetadataToken>
              <Name>System.Void Xunit.TestSkipped::set_Reason(System.String)</Name>
              <FileRef uid="305" />
              <SequencePoints>
                <SequencePoint vc="0" uspid="8333" ordinal="0" offset="0" sl="24" sc="37" el="24" ec="49" bec="0" bev="0" fileid="305" />
              </SequencePoints>
              <BranchPoints />
              <MethodPoint xsi:type="SequencePoint" vc="0" uspid="8333" ordinal="0" offset="0" sl="24" sc="37" el="24" ec="49" bec="0" bev="0" fileid="305" />
            </Method>
            <Method visited="false" cyclomaticComplexity="1" nPathComplexity="0" sequenceCoverage="0" branchCoverage="0" crapScore="2" isConstructor="true" isStatic="false" isGetter="false" isSetter="false">
              <Summary numSequencePoints="3" visitedSequencePoints="0" numBranchPoints="1" visitedBranchPoints="0" sequenceCoverage="0" branchCoverage="0" maxCyclomaticComplexity="1" minCyclomaticComplexity="1" maxCrapScore="2" minCrapScore="2" visitedClasses="0" numClasses="0" visitedMethods="0" numMethods="1" />
              <MetadataToken>100664719</MetadataToken>
              <Name>System.Void Xunit.TestSkipped::.ctor(Xunit.Abstractions.ITest,System.String)</Name>
              <FileRef uid="305" />
              <SequencePoints>
                <SequencePoint vc="0" uspid="8334" ordinal="0" offset="0" sl="18" sc="15" el="18" ec="34" bec="0" bev="0" fileid="305" />
                <SequencePoint vc="0" uspid="8335" ordinal="1" offset="13" sl="20" sc="13" el="20" ec="29" bec="0" bev="0" fileid="305" />
                <SequencePoint vc="0" uspid="8336" ordinal="2" offset="20" sl="21" sc="9" el="21" ec="10" bec="0" bev="0" fileid="305" />
              </SequencePoints>
              <BranchPoints />
              <MethodPoint xsi:type="SequencePoint" vc="0" uspid="8334" ordinal="0" offset="0" sl="18" sc="15" el="18" ec="34" bec="0" bev="0" fileid="305" />
            </Method>
          </Methods>
        </Class>
        <Class>
          <Summary numSequencePoints="2" visitedSequencePoints="0" numBranchPoints="1" visitedBranchPoints="0" sequenceCoverage="0" branchCoverage="0" maxCyclomaticComplexity="1" minCyclomaticComplexity="1" maxCrapScore="2" minCrapScore="2" visitedClasses="0" numClasses="1" visitedMethods="0" numMethods="1" />
          <FullName>Xunit.TestStarting</FullName>
          <Methods>
            <Method visited="false" cyclomaticComplexity="1" nPathComplexity="0" sequenceCoverage="0" branchCoverage="0" crapScore="2" isConstructor="true" isStatic="false" isGetter="false" isSetter="false">
              <Summary numSequencePoints="2" visitedSequencePoints="0" numBranchPoints="1" visitedBranchPoints="0" sequenceCoverage="0" branchCoverage="0" maxCyclomaticComplexity="1" minCyclomaticComplexity="1" maxCrapScore="2" minCrapScore="2" visitedClasses="0" numClasses="0" visitedMethods="0" numMethods="1" />
              <MetadataToken>100664722</MetadataToken>
              <Name>System.Void Xunit.TestStarting::.ctor(Xunit.Abstractions.ITest)</Name>
              <FileRef uid="306" />
              <SequencePoints>
                <SequencePoint vc="0" uspid="8337" ordinal="0" offset="0" sl="18" sc="15" el="18" ec="25" bec="0" bev="0" fileid="306" />
                <SequencePoint vc="0" uspid="8338" ordinal="1" offset="7" sl="18" sc="28" el="18" ec="29" bec="0" bev="0" fileid="306" />
              </SequencePoints>
              <BranchPoints />
              <MethodPoint xsi:type="SequencePoint" vc="0" uspid="8337" ordinal="0" offset="0" sl="18" sc="15" el="18" ec="25" bec="0" bev="0" fileid="306" />
            </Method>
          </Methods>
        </Class>
        <Class>
          <Summary numSequencePoints="200" visitedSequencePoints="0" numBranchPoints="174" visitedBranchPoints="0" sequenceCoverage="0" branchCoverage="0" maxCyclomaticComplexity="42" minCyclomaticComplexity="1" maxCrapScore="1806" minCrapScore="2" visitedClasses="0" numClasses="1" visitedMethods="0" numMethods="14" />
          <FullName>Xunit.Serialization.XunitSerializationInfo</FullName>
          <Methods>
            <Method visited="false" cyclomaticComplexity="2" nPathComplexity="2" sequenceCoverage="0" branchCoverage="0" crapScore="6" isConstructor="true" isStatic="false" isGetter="false" isSetter="false">
              <Summary numSequencePoints="5" visitedSequencePoints="0" numBranchPoints="3" visitedBranchPoints="0" sequenceCoverage="0" branchCoverage="0" maxCyclomaticComplexity="2" minCyclomaticComplexity="2" maxCrapScore="6" minCrapScore="6" visitedClasses="0" numClasses="0" visitedMethods="0" numMethods="1" />
              <MetadataToken>100664723</MetadataToken>
              <Name>System.Void Xunit.Serialization.XunitSerializationInfo::.ctor(Xunit.Abstractions.IXunitSerializable)</Name>
              <FileRef uid="307" />
              <SequencePoints>
                <SequencePoint vc="0" uspid="8339" ordinal="0" offset="0" sl="16" sc="9" el="16" ec="122" bec="0" bev="0" fileid="307" />
                <SequencePoint vc="0" uspid="8340" ordinal="1" offset="11" sl="22" sc="9" el="22" ec="73" bec="0" bev="0" fileid="307" />
                <SequencePoint vc="0" uspid="8341" ordinal="2" offset="17" sl="24" sc="13" el="24" ec="33" bec="2" bev="0" fileid="307" />
                <SequencePoint vc="0" uspid="8342" ordinal="3" offset="20" sl="25" sc="17" el="25" ec="41" bec="0" bev="0" fileid="307" />
                <SequencePoint vc="0" uspid="8343" ordinal="4" offset="27" sl="26" sc="9" el="26" ec="10" bec="0" bev="0" fileid="307" />
              </SequencePoints>
              <BranchPoints>
                <BranchPoint vc="0" uspid="8344" ordinal="0" offset="18" sl="24" path="0" offsetend="20" fileid="307" />
                <BranchPoint vc="0" uspid="8345" ordinal="1" offset="18" sl="24" path="1" offsetend="27" fileid="307" />
              </BranchPoints>
              <MethodPoint xsi:type="SequencePoint" vc="0" uspid="8339" ordinal="0" offset="0" sl="16" sc="9" el="16" ec="122" bec="0" bev="0" fileid="307" />
            </Method>
            <Method visited="false" cyclomaticComplexity="3" nPathComplexity="4" sequenceCoverage="0" branchCoverage="0" crapScore="12" isConstructor="false" isStatic="false" isGetter="false" isSetter="false">
              <Summary numSequencePoints="4" visitedSequencePoints="0" numBranchPoints="5" visitedBranchPoints="0" sequenceCoverage="0" branchCoverage="0" maxCyclomaticComplexity="3" minCyclomaticComplexity="3" maxCrapScore="12" minCrapScore="12" visitedClasses="0" numClasses="0" visitedMethods="0" numMethods="1" />
              <MetadataToken>100664724</MetadataToken>
              <Name>System.Void Xunit.Serialization.XunitSerializationInfo::AddValue(System.String,System.Object,System.Type)</Name>
              <FileRef uid="307" />
              <SequencePoints>
                <SequencePoint vc="0" uspid="8346" ordinal="0" offset="0" sl="31" sc="13" el="31" ec="30" bec="2" bev="0" fileid="307" />
                <SequencePoint vc="0" uspid="8347" ordinal="1" offset="9" sl="32" sc="17" el="32" ec="73" bec="2" bev="0" fileid="307" />
                <SequencePoint vc="0" uspid="8348" ordinal="2" offset="32" sl="34" sc="13" el="34" ec="72" bec="0" bev="0" fileid="307" />
                <SequencePoint vc="0" uspid="8349" ordinal="3" offset="52" sl="35" sc="9" el="35" ec="10" bec="0" bev="0" fileid="307" />
              </SequencePoints>
              <BranchPoints>
                <BranchPoint vc="0" uspid="8350" ordinal="0" offset="7" sl="31" path="0" offsetend="9" fileid="307" />
                <BranchPoint vc="0" uspid="8351" ordinal="1" offset="7" sl="31" path="1" offsetend="32" fileid="307" />
                <BranchPoint vc="0" uspid="8352" ordinal="2" offset="10" sl="32" path="0" offsetend="12" fileid="307" />
                <BranchPoint vc="0" uspid="8353" ordinal="3" offset="10" sl="32" path="1" offsetend="20" fileid="307" />
              </BranchPoints>
              <MethodPoint xsi:type="SequencePoint" vc="0" uspid="8346" ordinal="0" offset="0" sl="31" sc="13" el="31" ec="30" bec="2" bev="0" fileid="307" />
            </Method>
            <Method visited="false" cyclomaticComplexity="1" nPathComplexity="0" sequenceCoverage="0" branchCoverage="0" crapScore="2" isConstructor="false" isStatic="false" isGetter="false" isSetter="false">
              <Summary numSequencePoints="1" visitedSequencePoints="0" numBranchPoints="1" visitedBranchPoints="0" sequenceCoverage="0" branchCoverage="0" maxCyclomaticComplexity="1" minCyclomaticComplexity="1" maxCrapScore="2" minCrapScore="2" visitedClasses="0" numClasses="0" visitedMethods="0" numMethods="1" />
              <MetadataToken>100664725</MetadataToken>
              <Name>T Xunit.Serialization.XunitSerializationInfo::GetValue(System.String)</Name>
              <FileRef uid="307" />
              <SequencePoints>
                <SequencePoint vc="0" uspid="8354" ordinal="0" offset="0" sl="40" sc="13" el="40" ec="48" bec="0" bev="0" fileid="307" />
              </SequencePoints>
              <BranchPoints />
              <MethodPoint xsi:type="SequencePoint" vc="0" uspid="8354" ordinal="0" offset="0" sl="40" sc="13" el="40" ec="48" bec="0" bev="0" fileid="307" />
            </Method>
            <Method visited="false" cyclomaticComplexity="3" nPathComplexity="4" sequenceCoverage="0" branchCoverage="0" crapScore="12" isConstructor="false" isStatic="false" isGetter="false" isSetter="false">
              <Summary numSequencePoints="5" visitedSequencePoints="0" numBranchPoints="5" visitedBranchPoints="0" sequenceCoverage="0" branchCoverage="0" maxCyclomaticComplexity="3" minCyclomaticComplexity="3" maxCrapScore="12" minCrapScore="12" visitedClasses="0" numClasses="0" visitedMethods="0" numMethods="1" />
              <MetadataToken>100664726</MetadataToken>
              <Name>System.Object Xunit.Serialization.XunitSerializationInfo::GetValue(System.String,System.Type)</Name>
              <FileRef uid="307" />
              <SequencePoints>
                <SequencePoint vc="0" uspid="8355" ordinal="0" offset="0" sl="48" sc="13" el="48" ec="48" bec="2" bev="0" fileid="307" />
                <SequencePoint vc="0" uspid="8356" ordinal="1" offset="16" sl="49" sc="17" el="49" ec="34" bec="0" bev="0" fileid="307" />
                <SequencePoint vc="0" uspid="8357" ordinal="2" offset="23" sl="51" sc="13" el="51" ec="36" bec="2" bev="0" fileid="307" />
                <SequencePoint vc="0" uspid="8358" ordinal="3" offset="31" sl="52" sc="17" el="52" ec="55" bec="0" bev="0" fileid="307" />
                <SequencePoint vc="0" uspid="8359" ordinal="4" offset="38" sl="54" sc="13" el="54" ec="25" bec="0" bev="0" fileid="307" />
              </SequencePoints>
              <BranchPoints>
                <BranchPoint vc="0" uspid="8360" ordinal="0" offset="14" sl="48" path="0" offsetend="16" fileid="307" />
                <BranchPoint vc="0" uspid="8361" ordinal="1" offset="14" sl="48" path="1" offsetend="23" fileid="307" />
                <BranchPoint vc="0" uspid="8362" ordinal="2" offset="29" sl="51" path="0" offsetend="31" fileid="307" />
                <BranchPoint vc="0" uspid="8363" ordinal="3" offset="29" sl="51" path="1" offsetend="38" fileid="307" />
              </BranchPoints>
              <MethodPoint xsi:type="SequencePoint" vc="0" uspid="8355" ordinal="0" offset="0" sl="48" sc="13" el="48" ec="48" bec="2" bev="0" fileid="307" />
            </Method>
            <Method visited="false" cyclomaticComplexity="2" nPathComplexity="2" sequenceCoverage="0" branchCoverage="0" crapScore="6" isConstructor="false" isStatic="false" isGetter="false" isSetter="false">
              <Summary numSequencePoints="1" visitedSequencePoints="0" numBranchPoints="3" visitedBranchPoints="0" sequenceCoverage="0" branchCoverage="0" maxCyclomaticComplexity="2" minCyclomaticComplexity="2" maxCrapScore="6" minCrapScore="6" visitedClasses="0" numClasses="0" visitedMethods="0" numMethods="1" />
              <MetadataToken>100664727</MetadataToken>
              <Name>System.String Xunit.Serialization.XunitSerializationInfo::ToSerializedString()</Name>
              <FileRef uid="307" />
              <SequencePoints>
                <SequencePoint vc="0" uspid="8364" ordinal="0" offset="0" sl="62" sc="13" el="62" ec="106" bec="2" bev="0" fileid="307" />
              </SequencePoints>
              <BranchPoints>
                <BranchPoint vc="0" uspid="8365" ordinal="0" offset="17" sl="62" path="0" offsetend="19" fileid="307" />
                <BranchPoint vc="0" uspid="8366" ordinal="1" offset="17" sl="62" path="1" offsetend="42" fileid="307" />
              </BranchPoints>
              <MethodPoint xsi:type="SequencePoint" vc="0" uspid="8364" ordinal="0" offset="0" sl="62" sc="13" el="62" ec="106" bec="2" bev="0" fileid="307" />
            </Method>
            <Method visited="false" cyclomaticComplexity="2" nPathComplexity="2" sequenceCoverage="0" branchCoverage="0" crapScore="6" isConstructor="false" isStatic="true" isGetter="false" isSetter="false">
              <Summary numSequencePoints="5" visitedSequencePoints="0" numBranchPoints="3" visitedBranchPoints="0" sequenceCoverage="0" branchCoverage="0" maxCyclomaticComplexity="2" minCyclomaticComplexity="2" maxCrapScore="6" minCrapScore="6" visitedClasses="0" numClasses="0" visitedMethods="0" numMethods="1" />
              <MetadataToken>100664728</MetadataToken>
              <Name>System.String Xunit.Serialization.XunitSerializationInfo::SerializeTriple(Xunit.Serialization.XunitSerializationTriple)</Name>
              <FileRef uid="307" />
              <SequencePoints>
                <SequencePoint vc="0" uspid="8367" ordinal="0" offset="0" sl="72" sc="13" el="72" ec="95" bec="0" bev="0" fileid="307" />
                <SequencePoint vc="0" uspid="8368" ordinal="1" offset="12" sl="73" sc="13" el="73" ec="59" bec="0" bev="0" fileid="307" />
                <SequencePoint vc="0" uspid="8369" ordinal="2" offset="24" sl="75" sc="13" el="75" ec="41" bec="2" bev="0" fileid="307" />
                <SequencePoint vc="0" uspid="8370" ordinal="3" offset="27" sl="76" sc="17" el="76" ec="57" bec="0" bev="0" fileid="307" />
                <SequencePoint vc="0" uspid="8371" ordinal="4" offset="45" sl="78" sc="13" el="78" ec="71" bec="0" bev="0" fileid="307" />
              </SequencePoints>
              <BranchPoints>
                <BranchPoint vc="0" uspid="8372" ordinal="0" offset="25" sl="75" path="0" offsetend="27" fileid="307" />
                <BranchPoint vc="0" uspid="8373" ordinal="1" offset="25" sl="75" path="1" offsetend="45" fileid="307" />
              </BranchPoints>
              <MethodPoint xsi:type="SequencePoint" vc="0" uspid="8367" ordinal="0" offset="0" sl="72" sc="13" el="72" ec="95" bec="0" bev="0" fileid="307" />
            </Method>
            <Method visited="false" cyclomaticComplexity="4" nPathComplexity="4" sequenceCoverage="0" branchCoverage="0" crapScore="20" isConstructor="false" isStatic="true" isGetter="false" isSetter="false">
              <Summary numSequencePoints="6" visitedSequencePoints="0" numBranchPoints="5" visitedBranchPoints="0" sequenceCoverage="0" branchCoverage="0" maxCyclomaticComplexity="4" minCyclomaticComplexity="4" maxCrapScore="20" minCrapScore="20" visitedClasses="0" numClasses="0" visitedMethods="0" numMethods="1" />
              <MetadataToken>100664729</MetadataToken>
              <Name>Xunit.Serialization.XunitSerializationTriple Xunit.Serialization.XunitSerializationInfo::DeserializeTriple(System.String)</Name>
              <FileRef uid="307" />
              <SequencePoints>
                <SequencePoint vc="0" uspid="8374" ordinal="0" offset="0" sl="88" sc="13" el="88" ec="56" bec="0" bev="0" fileid="307" />
                <SequencePoint vc="0" uspid="8375" ordinal="1" offset="19" sl="89" sc="13" el="89" ec="35" bec="2" bev="0" fileid="307" />
                <SequencePoint vc="0" uspid="8376" ordinal="2" offset="25" sl="90" sc="17" el="90" ec="111" bec="0" bev="0" fileid="307" />
                <SequencePoint vc="0" uspid="8377" ordinal="3" offset="42" sl="92" sc="13" el="92" ec="68" bec="0" bev="0" fileid="307" />
                <SequencePoint vc="0" uspid="8378" ordinal="4" offset="51" sl="93" sc="13" el="93" ec="99" bec="2" bev="0" fileid="307" />
                <SequencePoint vc="0" uspid="8379" ordinal="5" offset="70" sl="95" sc="13" el="95" ec="90" bec="0" bev="0" fileid="307" />
              </SequencePoints>
              <BranchPoints>
                <BranchPoint vc="0" uspid="8380" ordinal="0" offset="23" sl="89" path="0" offsetend="25" fileid="307" />
                <BranchPoint vc="0" uspid="8381" ordinal="1" offset="23" sl="89" path="1" offsetend="42" fileid="307" />
                <BranchPoint vc="0" uspid="8382" ordinal="2" offset="55" sl="93" path="0" offsetend="57" fileid="307" />
                <BranchPoint vc="0" uspid="8383" ordinal="3" offset="55" sl="93" path="1" offsetend="60" fileid="307" />
              </BranchPoints>
              <MethodPoint xsi:type="SequencePoint" vc="0" uspid="8374" ordinal="0" offset="0" sl="88" sc="13" el="88" ec="56" bec="0" bev="0" fileid="307" />
            </Method>
            <Method visited="false" cyclomaticComplexity="42" nPathComplexity="2147483647" sequenceCoverage="0" branchCoverage="0" crapScore="1806" isConstructor="false" isStatic="true" isGetter="false" isSetter="false">
              <Summary numSequencePoints="50" visitedSequencePoints="0" numBranchPoints="79" visitedBranchPoints="0" sequenceCoverage="0" branchCoverage="0" maxCyclomaticComplexity="42" minCyclomaticComplexity="42" maxCrapScore="1806" minCrapScore="1806" visitedClasses="0" numClasses="0" visitedMethods="0" numMethods="1" />
              <MetadataToken>100664730</MetadataToken>
              <Name>System.Object Xunit.Serialization.XunitSerializationInfo::Deserialize(System.Type,System.String)</Name>
              <FileRef uid="307" />
              <SequencePoints>
                <SequencePoint vc="0" uspid="8384" ordinal="0" offset="0" sl="106" sc="13" el="106" ec="41" bec="2" bev="0" fileid="307" />
                <SequencePoint vc="0" uspid="8385" ordinal="1" offset="3" sl="107" sc="17" el="107" ec="29" bec="0" bev="0" fileid="307" />
                <SequencePoint vc="0" uspid="8386" ordinal="2" offset="5" sl="109" sc="13" el="109" ec="67" bec="2" bev="0" fileid="307" />
                <SequencePoint vc="0" uspid="8387" ordinal="3" offset="23" sl="110" sc="17" el="110" ec="71" bec="0" bev="0" fileid="307" />
                <SequencePoint vc="0" uspid="8388" ordinal="4" offset="31" sl="112" sc="13" el="112" ec="63" bec="3" bev="0" fileid="307" />
                <SequencePoint vc="0" uspid="8389" ordinal="5" offset="67" sl="113" sc="17" el="113" ec="90" bec="0" bev="0" fileid="307" />
                <SequencePoint vc="0" uspid="8390" ordinal="6" offset="84" sl="115" sc="13" el="115" ec="40" bec="2" bev="0" fileid="307" />
                <SequencePoint vc="0" uspid="8391" ordinal="7" offset="102" sl="116" sc="17" el="116" ec="52" bec="0" bev="0" fileid="307" />
                <SequencePoint vc="0" uspid="8392" ordinal="8" offset="109" sl="118" sc="13" el="118" ec="63" bec="3" bev="0" fileid="307" />
                <SequencePoint vc="0" uspid="8393" ordinal="9" offset="145" sl="119" sc="17" el="119" ec="82" bec="0" bev="0" fileid="307" />
                <SequencePoint vc="0" uspid="8394" ordinal="10" offset="162" sl="121" sc="13" el="121" ec="65" bec="3" bev="0" fileid="307" />
                <SequencePoint vc="0" uspid="8395" ordinal="11" offset="198" sl="122" sc="17" el="122" ec="83" bec="0" bev="0" fileid="307" />
                <SequencePoint vc="0" uspid="8396" ordinal="12" offset="215" sl="124" sc="13" el="124" ec="65" bec="3" bev="0" fileid="307" />
                <SequencePoint vc="0" uspid="8397" ordinal="13" offset="251" sl="125" sc="17" el="125" ec="83" bec="0" bev="0" fileid="307" />
                <SequencePoint vc="0" uspid="8398" ordinal="14" offset="268" sl="127" sc="13" el="127" ec="67" bec="3" bev="0" fileid="307" />
                <SequencePoint vc="0" uspid="8399" ordinal="15" offset="304" sl="128" sc="17" el="128" ec="84" bec="0" bev="0" fileid="307" />
                <SequencePoint vc="0" uspid="8400" ordinal="16" offset="321" sl="130" sc="13" el="130" ec="61" bec="3" bev="0" fileid="307" />
                <SequencePoint vc="0" uspid="8401" ordinal="17" offset="357" sl="131" sc="17" el="131" ec="81" bec="0" bev="0" fileid="307" />
                <SequencePoint vc="0" uspid="8402" ordinal="18" offset="374" sl="133" sc="13" el="133" ec="63" bec="3" bev="0" fileid="307" />
                <SequencePoint vc="0" uspid="8403" ordinal="19" offset="410" sl="134" sc="17" el="134" ec="82" bec="0" bev="0" fileid="307" />
                <SequencePoint vc="0" uspid="8404" ordinal="20" offset="427" sl="136" sc="13" el="136" ec="63" bec="3" bev="0" fileid="307" />
                <SequencePoint vc="0" uspid="8405" ordinal="21" offset="463" sl="137" sc="17" el="137" ec="82" bec="0" bev="0" fileid="307" />
                <SequencePoint vc="0" uspid="8406" ordinal="22" offset="480" sl="139" sc="13" el="139" ec="65" bec="3" bev="0" fileid="307" />
                <SequencePoint vc="0" uspid="8407" ordinal="23" offset="516" sl="140" sc="17" el="140" ec="83" bec="0" bev="0" fileid="307" />
                <SequencePoint vc="0" uspid="8408" ordinal="24" offset="533" sl="142" sc="13" el="142" ec="65" bec="3" bev="0" fileid="307" />
                <SequencePoint vc="0" uspid="8409" ordinal="25" offset="569" sl="144" sc="17" el="144" ec="113" bec="0" bev="0" fileid="307" />
                <SequencePoint vc="0" uspid="8410" ordinal="26" offset="590" sl="145" sc="17" el="145" ec="57" bec="0" bev="0" fileid="307" />
                <SequencePoint vc="0" uspid="8411" ordinal="27" offset="600" sl="146" sc="17" el="146" ec="56" bec="0" bev="0" fileid="307" />
                <SequencePoint vc="0" uspid="8412" ordinal="28" offset="612" sl="149" sc="13" el="149" ec="67" bec="3" bev="0" fileid="307" />
                <SequencePoint vc="0" uspid="8413" ordinal="29" offset="648" sl="151" sc="17" el="151" ec="113" bec="0" bev="0" fileid="307" />
                <SequencePoint vc="0" uspid="8414" ordinal="30" offset="669" sl="152" sc="17" el="152" ec="57" bec="0" bev="0" fileid="307" />
                <SequencePoint vc="0" uspid="8415" ordinal="31" offset="679" sl="153" sc="17" el="153" ec="56" bec="0" bev="0" fileid="307" />
                <SequencePoint vc="0" uspid="8416" ordinal="32" offset="691" sl="156" sc="13" el="156" ec="69" bec="3" bev="0" fileid="307" />
                <SequencePoint vc="0" uspid="8417" ordinal="33" offset="727" sl="157" sc="17" el="157" ec="85" bec="0" bev="0" fileid="307" />
                <SequencePoint vc="0" uspid="8418" ordinal="34" offset="744" sl="159" sc="13" el="159" ec="63" bec="3" bev="0" fileid="307" />
                <SequencePoint vc="0" uspid="8419" ordinal="35" offset="780" sl="160" sc="17" el="160" ec="52" bec="0" bev="0" fileid="307" />
                <SequencePoint vc="0" uspid="8420" ordinal="36" offset="792" sl="162" sc="13" el="162" ec="71" bec="3" bev="0" fileid="307" />
                <SequencePoint vc="0" uspid="8421" ordinal="37" offset="828" sl="164" sc="17" el="164" ec="143" bec="2" bev="0" fileid="307" />
                <SequencePoint vc="0" uspid="8422" ordinal="38" offset="848" sl="165" sc="17" el="165" ec="94" bec="0" bev="0" fileid="307" />
                <SequencePoint vc="0" uspid="8423" ordinal="39" offset="866" sl="168" sc="13" el="168" ec="83" bec="3" bev="0" fileid="307" />
                <SequencePoint vc="0" uspid="8424" ordinal="40" offset="902" sl="170" sc="17" el="170" ec="143" bec="2" bev="0" fileid="307" />
                <SequencePoint vc="0" uspid="8425" ordinal="41" offset="922" sl="171" sc="17" el="171" ec="100" bec="0" bev="0" fileid="307" />
                <SequencePoint vc="0" uspid="8426" ordinal="42" offset="940" sl="174" sc="13" el="174" ec="38" bec="2" bev="0" fileid="307" />
                <SequencePoint vc="0" uspid="8427" ordinal="43" offset="958" sl="175" sc="17" el="175" ec="69" bec="0" bev="0" fileid="307" />
                <SequencePoint vc="0" uspid="8428" ordinal="44" offset="965" sl="177" sc="13" el="177" ec="56" bec="3" bev="0" fileid="307" />
                <SequencePoint vc="0" uspid="8429" ordinal="45" offset="981" sl="178" sc="17" el="178" ec="75" bec="0" bev="0" fileid="307" />
                <SequencePoint vc="0" uspid="8430" ordinal="46" offset="994" sl="180" sc="13" el="180" ec="30" bec="2" bev="0" fileid="307" />
                <SequencePoint vc="0" uspid="8431" ordinal="47" offset="1002" sl="182" sc="17" el="182" ec="113" bec="0" bev="0" fileid="307" />
                <SequencePoint vc="0" uspid="8432" ordinal="48" offset="1023" sl="183" sc="17" el="183" ec="41" bec="0" bev="0" fileid="307" />
                <SequencePoint vc="0" uspid="8433" ordinal="49" offset="1029" sl="186" sc="13" el="186" ec="125" bec="0" bev="0" fileid="307" />
              </SequencePoints>
              <BranchPoints>
                <BranchPoint vc="0" uspid="8434" ordinal="0" offset="1" sl="106" path="0" offsetend="3" fileid="307" />
                <BranchPoint vc="0" uspid="8435" ordinal="1" offset="1" sl="106" path="1" offsetend="5" fileid="307" />
                <BranchPoint vc="0" uspid="8436" ordinal="2" offset="21" sl="109" path="0" offsetend="23" fileid="307" />
                <BranchPoint vc="0" uspid="8437" ordinal="3" offset="21" sl="109" path="1" offsetend="31" fileid="307" />
                <BranchPoint vc="0" uspid="8438" ordinal="4" offset="47" sl="112" path="0" offsetend="49" fileid="307" />
                <BranchPoint vc="0" uspid="8439" ordinal="5" offset="47" sl="112" path="1" offsetend="67" fileid="307" />
                <BranchPoint vc="0" uspid="8440" ordinal="6" offset="65" sl="112" path="0" offsetend="67" fileid="307" />
                <BranchPoint vc="0" uspid="8441" ordinal="7" offset="65" sl="112" path="1" offsetend="84" fileid="307" />
                <BranchPoint vc="0" uspid="8442" ordinal="8" offset="100" sl="115" path="0" offsetend="102" fileid="307" />
                <BranchPoint vc="0" uspid="8443" ordinal="9" offset="100" sl="115" path="1" offsetend="109" fileid="307" />
                <BranchPoint vc="0" uspid="8444" ordinal="10" offset="125" sl="118" path="0" offsetend="127" fileid="307" />
                <BranchPoint vc="0" uspid="8445" ordinal="11" offset="125" sl="118" path="1" offsetend="145" fileid="307" />
                <BranchPoint vc="0" uspid="8446" ordinal="12" offset="143" sl="118" path="0" offsetend="145" fileid="307" />
                <BranchPoint vc="0" uspid="8447" ordinal="13" offset="143" sl="118" path="1" offsetend="162" fileid="307" />
                <BranchPoint vc="0" uspid="8448" ordinal="14" offset="178" sl="121" path="0" offsetend="180" fileid="307" />
                <BranchPoint vc="0" uspid="8449" ordinal="15" offset="178" sl="121" path="1" offsetend="198" fileid="307" />
                <BranchPoint vc="0" uspid="8450" ordinal="16" offset="196" sl="121" path="0" offsetend="198" fileid="307" />
                <BranchPoint vc="0" uspid="8451" ordinal="17" offset="196" sl="121" path="1" offsetend="215" fileid="307" />
                <BranchPoint vc="0" uspid="8452" ordinal="18" offset="231" sl="124" path="0" offsetend="233" fileid="307" />
                <BranchPoint vc="0" uspid="8453" ordinal="19" offset="231" sl="124" path="1" offsetend="251" fileid="307" />
                <BranchPoint vc="0" uspid="8454" ordinal="20" offset="249" sl="124" path="0" offsetend="251" fileid="307" />
                <BranchPoint vc="0" uspid="8455" ordinal="21" offset="249" sl="124" path="1" offsetend="268" fileid="307" />
                <BranchPoint vc="0" uspid="8456" ordinal="22" offset="284" sl="127" path="0" offsetend="286" fileid="307" />
                <BranchPoint vc="0" uspid="8457" ordinal="23" offset="284" sl="127" path="1" offsetend="304" fileid="307" />
                <BranchPoint vc="0" uspid="8458" ordinal="24" offset="302" sl="127" path="0" offsetend="304" fileid="307" />
                <BranchPoint vc="0" uspid="8459" ordinal="25" offset="302" sl="127" path="1" offsetend="321" fileid="307" />
                <BranchPoint vc="0" uspid="8460" ordinal="26" offset="337" sl="130" path="0" offsetend="339" fileid="307" />
                <BranchPoint vc="0" uspid="8461" ordinal="27" offset="337" sl="130" path="1" offsetend="357" fileid="307" />
                <BranchPoint vc="0" uspid="8462" ordinal="28" offset="355" sl="130" path="0" offsetend="357" fileid="307" />
                <BranchPoint vc="0" uspid="8463" ordinal="29" offset="355" sl="130" path="1" offsetend="374" fileid="307" />
                <BranchPoint vc="0" uspid="8464" ordinal="30" offset="390" sl="133" path="0" offsetend="392" fileid="307" />
                <BranchPoint vc="0" uspid="8465" ordinal="31" offset="390" sl="133" path="1" offsetend="410" fileid="307" />
                <BranchPoint vc="0" uspid="8466" ordinal="32" offset="408" sl="133" path="0" offsetend="410" fileid="307" />
                <BranchPoint vc="0" uspid="8467" ordinal="33" offset="408" sl="133" path="1" offsetend="427" fileid="307" />
                <BranchPoint vc="0" uspid="8468" ordinal="34" offset="443" sl="136" path="0" offsetend="445" fileid="307" />
                <BranchPoint vc="0" uspid="8469" ordinal="35" offset="443" sl="136" path="1" offsetend="463" fileid="307" />
                <BranchPoint vc="0" uspid="8470" ordinal="36" offset="461" sl="136" path="0" offsetend="463" fileid="307" />
                <BranchPoint vc="0" uspid="8471" ordinal="37" offset="461" sl="136" path="1" offsetend="480" fileid="307" />
                <BranchPoint vc="0" uspid="8472" ordinal="38" offset="496" sl="139" path="0" offsetend="498" fileid="307" />
                <BranchPoint vc="0" uspid="8473" ordinal="39" offset="496" sl="139" path="1" offsetend="516" fileid="307" />
                <BranchPoint vc="0" uspid="8474" ordinal="40" offset="514" sl="139" path="0" offsetend="516" fileid="307" />
                <BranchPoint vc="0" uspid="8475" ordinal="41" offset="514" sl="139" path="1" offsetend="533" fileid="307" />
                <BranchPoint vc="0" uspid="8476" ordinal="42" offset="549" sl="142" path="0" offsetend="551" fileid="307" />
                <BranchPoint vc="0" uspid="8477" ordinal="43" offset="549" sl="142" path="1" offsetend="569" fileid="307" />
                <BranchPoint vc="0" uspid="8478" ordinal="44" offset="567" sl="142" path="0" offsetend="569" fileid="307" />
                <BranchPoint vc="0" uspid="8479" ordinal="45" offset="567" sl="142" path="1" offsetend="612" fileid="307" />
                <BranchPoint vc="0" uspid="8480" ordinal="46" offset="628" sl="149" path="0" offsetend="630" fileid="307" />
                <BranchPoint vc="0" uspid="8481" ordinal="47" offset="628" sl="149" path="1" offsetend="648" fileid="307" />
                <BranchPoint vc="0" uspid="8482" ordinal="48" offset="646" sl="149" path="0" offsetend="648" fileid="307" />
                <BranchPoint vc="0" uspid="8483" ordinal="49" offset="646" sl="149" path="1" offsetend="691" fileid="307" />
                <BranchPoint vc="0" uspid="8484" ordinal="50" offset="707" sl="156" path="0" offsetend="709" fileid="307" />
                <BranchPoint vc="0" uspid="8485" ordinal="51" offset="707" sl="156" path="1" offsetend="727" fileid="307" />
                <BranchPoint vc="0" uspid="8486" ordinal="52" offset="725" sl="156" path="0" offsetend="727" fileid="307" />
                <BranchPoint vc="0" uspid="8487" ordinal="53" offset="725" sl="156" path="1" offsetend="744" fileid="307" />
                <BranchPoint vc="0" uspid="8488" ordinal="54" offset="760" sl="159" path="0" offsetend="762" fileid="307" />
                <BranchPoint vc="0" uspid="8489" ordinal="55" offset="760" sl="159" path="1" offsetend="780" fileid="307" />
                <BranchPoint vc="0" uspid="8490" ordinal="56" offset="778" sl="159" path="0" offsetend="780" fileid="307" />
                <BranchPoint vc="0" uspid="8491" ordinal="57" offset="778" sl="159" path="1" offsetend="792" fileid="307" />
                <BranchPoint vc="0" uspid="8492" ordinal="58" offset="808" sl="162" path="0" offsetend="810" fileid="307" />
                <BranchPoint vc="0" uspid="8493" ordinal="59" offset="808" sl="162" path="1" offsetend="828" fileid="307" />
                <BranchPoint vc="0" uspid="8494" ordinal="60" offset="826" sl="162" path="0" offsetend="828" fileid="307" />
                <BranchPoint vc="0" uspid="8495" ordinal="61" offset="826" sl="162" path="1" offsetend="866" fileid="307" />
                <BranchPoint vc="0" uspid="8496" ordinal="62" offset="840" sl="164" path="0" offsetend="842" fileid="307" />
                <BranchPoint vc="0" uspid="8497" ordinal="63" offset="840" sl="164" path="1" offsetend="845" fileid="307" />
                <BranchPoint vc="0" uspid="8498" ordinal="64" offset="882" sl="168" path="0" offsetend="884" fileid="307" />
                <BranchPoint vc="0" uspid="8499" ordinal="65" offset="882" sl="168" path="1" offsetend="902" fileid="307" />
                <BranchPoint vc="0" uspid="8500" ordinal="66" offset="900" sl="168" path="0" offsetend="902" fileid="307" />
                <BranchPoint vc="0" uspid="8501" ordinal="67" offset="900" sl="168" path="1" offsetend="940" fileid="307" />
                <BranchPoint vc="0" uspid="8502" ordinal="68" offset="914" sl="170" path="0" offsetend="916" fileid="307" />
                <BranchPoint vc="0" uspid="8503" ordinal="69" offset="914" sl="170" path="1" offsetend="919" fileid="307" />
                <BranchPoint vc="0" uspid="8504" ordinal="70" offset="956" sl="174" path="0" offsetend="958" fileid="307" />
                <BranchPoint vc="0" uspid="8505" ordinal="71" offset="956" sl="174" path="1" offsetend="965" fileid="307" />
                <BranchPoint vc="0" uspid="8506" ordinal="72" offset="971" sl="177" path="0" offsetend="973" fileid="307" />
                <BranchPoint vc="0" uspid="8507" ordinal="73" offset="971" sl="177" path="1" offsetend="981" fileid="307" />
                <BranchPoint vc="0" uspid="8508" ordinal="74" offset="979" sl="177" path="0" offsetend="981" fileid="307" />
                <BranchPoint vc="0" uspid="8509" ordinal="75" offset="979" sl="177" path="1" offsetend="994" fileid="307" />
                <BranchPoint vc="0" uspid="8510" ordinal="76" offset="1000" sl="180" path="0" offsetend="1002" fileid="307" />
                <BranchPoint vc="0" uspid="8511" ordinal="77" offset="1000" sl="180" path="1" offsetend="1029" fileid="307" />
              </BranchPoints>
              <MethodPoint xsi:type="SequencePoint" vc="0" uspid="8384" ordinal="0" offset="0" sl="106" sc="13" el="106" ec="41" bec="2" bev="0" fileid="307" />
            </Method>
            <Method visited="false" cyclomaticComplexity="3" nPathComplexity="2" sequenceCoverage="0" branchCoverage="0" crapScore="12" isConstructor="false" isStatic="true" isGetter="false" isSetter="false">
              <Summary numSequencePoints="14" visitedSequencePoints="0" numBranchPoints="3" visitedBranchPoints="0" sequenceCoverage="0" branchCoverage="0" maxCyclomaticComplexity="3" minCyclomaticComplexity="3" maxCrapScore="12" minCrapScore="12" visitedClasses="0" numClasses="0" visitedMethods="0" numMethods="1" />
              <MetadataToken>100664731</MetadataToken>
              <Name>Xunit.Abstractions.IXunitSerializable Xunit.Serialization.XunitSerializationInfo::DeserializeSerializable(System.Type,System.String)</Name>
              <FileRef uid="307" />
              <SequencePoints>
                <SequencePoint vc="0" uspid="8512" ordinal="0" offset="0" sl="191" sc="13" el="191" ec="66" bec="0" bev="0" fileid="307" />
                <SequencePoint vc="0" uspid="8513" ordinal="1" offset="7" sl="194" sc="13" el="194" ec="49" bec="2" bev="0" fileid="307" />
                <SequencePoint vc="0" uspid="8514" ordinal="2" offset="20" sl="196" sc="17" el="196" ec="72" bec="0" bev="0" fileid="307" />
                <SequencePoint vc="0" uspid="8515" ordinal="3" offset="42" sl="198" sc="41" el="198" ec="49" bec="0" bev="0" fileid="307" />
                <SequencePoint vc="0" uspid="8516" ordinal="4" offset="47" sl="198" sc="26" el="198" ec="37" bec="0" bev="0" fileid="307" />
                <SequencePoint vc="0" uspid="8517" ordinal="5" offset="50" sl="200" sc="21" el="200" ec="61" bec="0" bev="0" fileid="307" />
                <SequencePoint vc="0" uspid="8518" ordinal="6" offset="56" sl="201" sc="21" el="201" ec="65" bec="0" bev="0" fileid="307" />
                <SequencePoint vc="0" uspid="8519" ordinal="7" offset="78" sl="198" sc="38" el="198" ec="40" bec="0" bev="0" fileid="307" />
                <SequencePoint vc="0" uspid="8520" ordinal="8" offset="85" sl="207" sc="17" el="207" ec="80" bec="0" bev="0" fileid="307" />
                <SequencePoint vc="0" uspid="8521" ordinal="9" offset="96" sl="208" sc="17" el="208" ec="54" bec="0" bev="0" fileid="307" />
                <SequencePoint vc="0" uspid="8522" ordinal="10" offset="103" sl="209" sc="17" el="209" ec="30" bec="0" bev="0" fileid="307" />
                <SequencePoint vc="0" uspid="8523" ordinal="11" offset="107" sl="211" sc="13" el="211" ec="43" bec="0" bev="0" fileid="307" />
                <SequencePoint vc="0" uspid="8524" ordinal="12" offset="108" sl="213" sc="17" el="213" ec="149" bec="0" bev="0" fileid="307" />
                <SequencePoint vc="0" uspid="8525" ordinal="13" offset="130" sl="215" sc="9" el="215" ec="10" bec="0" bev="0" fileid="307" />
              </SequencePoints>
              <BranchPoints>
                <BranchPoint vc="0" uspid="8526" ordinal="0" offset="18" sl="194" path="0" offsetend="20" fileid="307" />
                <BranchPoint vc="0" uspid="8527" ordinal="1" offset="18" sl="194" path="1" offsetend="84" fileid="307" />
              </BranchPoints>
              <MethodPoint xsi:type="SequencePoint" vc="0" uspid="8512" ordinal="0" offset="0" sl="191" sc="13" el="191" ec="66" bec="0" bev="0" fileid="307" />
            </Method>
            <Method visited="false" cyclomaticComplexity="23" nPathComplexity="4194304" sequenceCoverage="0" branchCoverage="0" crapScore="552" isConstructor="false" isStatic="true" isGetter="false" isSetter="false">
              <Summary numSequencePoints="76" visitedSequencePoints="0" numBranchPoints="45" visitedBranchPoints="0" sequenceCoverage="0" branchCoverage="0" maxCyclomaticComplexity="23" minCyclomaticComplexity="23" maxCrapScore="552" minCrapScore="552" visitedClasses="0" numClasses="0" visitedMethods="0" numMethods="1" />
              <MetadataToken>100664732</MetadataToken>
              <Name>System.String Xunit.Serialization.XunitSerializationInfo::Serialize(System.Object)</Name>
              <FileRef uid="307" />
              <SequencePoints>
                <SequencePoint vc="0" uspid="8530" ordinal="0" offset="0" sl="224" sc="13" el="224" ec="31" bec="2" bev="0" fileid="307" />
                <SequencePoint vc="0" uspid="8531" ordinal="1" offset="3" sl="225" sc="17" el="225" ec="29" bec="0" bev="0" fileid="307" />
                <SequencePoint vc="0" uspid="8532" ordinal="2" offset="5" sl="227" sc="13" el="227" ec="60" bec="0" bev="0" fileid="307" />
                <SequencePoint vc="0" uspid="8533" ordinal="3" offset="12" sl="228" sc="13" el="228" ec="38" bec="2" bev="0" fileid="307" />
                <SequencePoint vc="0" uspid="8534" ordinal="4" offset="15" sl="230" sc="17" el="230" ec="57" bec="0" bev="0" fileid="307" />
                <SequencePoint vc="0" uspid="8535" ordinal="5" offset="23" sl="231" sc="17" el="231" ec="46" bec="0" bev="0" fileid="307" />
                <SequencePoint vc="0" uspid="8536" ordinal="6" offset="31" sl="232" sc="17" el="232" ec="50" bec="0" bev="0" fileid="307" />
                <SequencePoint vc="0" uspid="8537" ordinal="7" offset="39" sl="235" sc="13" el="235" ec="43" bec="0" bev="0" fileid="307" />
                <SequencePoint vc="0" uspid="8538" ordinal="8" offset="51" sl="236" sc="13" el="236" ec="34" bec="2" bev="0" fileid="307" />
                <SequencePoint vc="0" uspid="8539" ordinal="9" offset="60" sl="237" sc="17" el="237" ec="102" bec="0" bev="0" fileid="307" />
                <SequencePoint vc="0" uspid="8540" ordinal="10" offset="82" sl="239" sc="13" el="239" ec="46" bec="0" bev="0" fileid="307" />
                <SequencePoint vc="0" uspid="8541" ordinal="11" offset="89" sl="240" sc="13" el="240" ec="36" bec="2" bev="0" fileid="307" />
                <SequencePoint vc="0" uspid="8542" ordinal="12" offset="92" sl="241" sc="17" el="241" ec="45" bec="0" bev="0" fileid="307" />
                <SequencePoint vc="0" uspid="8543" ordinal="13" offset="99" sl="243" sc="13" el="243" ec="43" bec="0" bev="0" fileid="307" />
                <SequencePoint vc="0" uspid="8544" ordinal="14" offset="111" sl="244" sc="13" el="244" ec="34" bec="2" bev="0" fileid="307" />
                <SequencePoint vc="0" uspid="8545" ordinal="15" offset="120" sl="245" sc="17" el="245" ec="92" bec="0" bev="0" fileid="307" />
                <SequencePoint vc="0" uspid="8546" ordinal="16" offset="142" sl="247" sc="13" el="247" ec="45" bec="0" bev="0" fileid="307" />
                <SequencePoint vc="0" uspid="8547" ordinal="17" offset="155" sl="248" sc="13" el="248" ec="35" bec="2" bev="0" fileid="307" />
                <SequencePoint vc="0" uspid="8548" ordinal="18" offset="164" sl="249" sc="17" el="249" ec="93" bec="0" bev="0" fileid="307" />
                <SequencePoint vc="0" uspid="8549" ordinal="19" offset="186" sl="251" sc="13" el="251" ec="47" bec="0" bev="0" fileid="307" />
                <SequencePoint vc="0" uspid="8550" ordinal="20" offset="199" sl="252" sc="13" el="252" ec="36" bec="2" bev="0" fileid="307" />
                <SequencePoint vc="0" uspid="8551" ordinal="21" offset="208" sl="253" sc="17" el="253" ec="94" bec="0" bev="0" fileid="307" />
                <SequencePoint vc="0" uspid="8552" ordinal="22" offset="230" sl="255" sc="13" el="255" ec="45" bec="0" bev="0" fileid="307" />
                <SequencePoint vc="0" uspid="8553" ordinal="23" offset="243" sl="256" sc="13" el="256" ec="35" bec="2" bev="0" fileid="307" />
                <SequencePoint vc="0" uspid="8554" ordinal="24" offset="252" sl="257" sc="17" el="257" ec="93" bec="0" bev="0" fileid="307" />
                <SequencePoint vc="0" uspid="8555" ordinal="25" offset="274" sl="259" sc="13" el="259" ec="43" bec="0" bev="0" fileid="307" />
                <SequencePoint vc="0" uspid="8556" ordinal="26" offset="287" sl="260" sc="13" el="260" ec="34" bec="2" bev="0" fileid="307" />
                <SequencePoint vc="0" uspid="8557" ordinal="27" offset="296" sl="261" sc="17" el="261" ec="92" bec="0" bev="0" fileid="307" />
                <SequencePoint vc="0" uspid="8558" ordinal="28" offset="318" sl="263" sc="13" el="263" ec="41" bec="0" bev="0" fileid="307" />
                <SequencePoint vc="0" uspid="8559" ordinal="29" offset="331" sl="264" sc="13" el="264" ec="33" bec="2" bev="0" fileid="307" />
                <SequencePoint vc="0" uspid="8560" ordinal="30" offset="340" sl="265" sc="17" el="265" ec="91" bec="0" bev="0" fileid="307" />
                <SequencePoint vc="0" uspid="8561" ordinal="31" offset="362" sl="267" sc="13" el="267" ec="45" bec="0" bev="0" fileid="307" />
                <SequencePoint vc="0" uspid="8562" ordinal="32" offset="375" sl="268" sc="13" el="268" ec="35" bec="2" bev="0" fileid="307" />
                <SequencePoint vc="0" uspid="8563" ordinal="33" offset="384" sl="269" sc="17" el="269" ec="93" bec="0" bev="0" fileid="307" />
                <SequencePoint vc="0" uspid="8564" ordinal="34" offset="406" sl="271" sc="13" el="271" ec="43" bec="0" bev="0" fileid="307" />
                <SequencePoint vc="0" uspid="8565" ordinal="35" offset="419" sl="272" sc="13" el="272" ec="34" bec="2" bev="0" fileid="307" />
                <SequencePoint vc="0" uspid="8566" ordinal="36" offset="428" sl="273" sc="17" el="273" ec="92" bec="0" bev="0" fileid="307" />
                <SequencePoint vc="0" uspid="8567" ordinal="37" offset="450" sl="275" sc="13" el="275" ec="45" bec="0" bev="0" fileid="307" />
                <SequencePoint vc="0" uspid="8568" ordinal="38" offset="463" sl="276" sc="13" el="276" ec="35" bec="2" bev="0" fileid="307" />
                <SequencePoint vc="0" uspid="8569" ordinal="39" offset="472" sl="278" sc="17" el="278" ec="57" bec="0" bev="0" fileid="307" />
                <SequencePoint vc="0" uspid="8570" ordinal="40" offset="480" sl="279" sc="17" el="279" ec="106" bec="0" bev="0" fileid="307" />
                <SequencePoint vc="0" uspid="8571" ordinal="41" offset="497" sl="280" sc="17" el="280" ec="42" bec="0" bev="0" fileid="307" />
                <SequencePoint vc="0" uspid="8572" ordinal="42" offset="504" sl="281" sc="17" el="281" ec="50" bec="0" bev="0" fileid="307" />
                <SequencePoint vc="0" uspid="8573" ordinal="43" offset="512" sl="284" sc="13" el="284" ec="47" bec="0" bev="0" fileid="307" />
                <SequencePoint vc="0" uspid="8574" ordinal="44" offset="525" sl="285" sc="13" el="285" ec="36" bec="2" bev="0" fileid="307" />
                <SequencePoint vc="0" uspid="8575" ordinal="45" offset="534" sl="287" sc="17" el="287" ec="57" bec="0" bev="0" fileid="307" />
                <SequencePoint vc="0" uspid="8576" ordinal="46" offset="542" sl="288" sc="17" el="288" ec="107" bec="0" bev="0" fileid="307" />
                <SequencePoint vc="0" uspid="8577" ordinal="47" offset="559" sl="289" sc="17" el="289" ec="42" bec="0" bev="0" fileid="307" />
                <SequencePoint vc="0" uspid="8578" ordinal="48" offset="566" sl="290" sc="17" el="290" ec="50" bec="0" bev="0" fileid="307" />
                <SequencePoint vc="0" uspid="8579" ordinal="49" offset="574" sl="293" sc="13" el="293" ec="49" bec="0" bev="0" fileid="307" />
                <SequencePoint vc="0" uspid="8580" ordinal="50" offset="587" sl="294" sc="13" el="294" ec="37" bec="2" bev="0" fileid="307" />
                <SequencePoint vc="0" uspid="8581" ordinal="51" offset="596" sl="295" sc="17" el="295" ec="95" bec="0" bev="0" fileid="307" />
                <SequencePoint vc="0" uspid="8582" ordinal="52" offset="618" sl="297" sc="13" el="297" ec="46" bec="0" bev="0" fileid="307" />
                <SequencePoint vc="0" uspid="8583" ordinal="53" offset="631" sl="298" sc="13" el="298" ec="37" bec="2" bev="0" fileid="307" />
                <SequencePoint vc="0" uspid="8584" ordinal="54" offset="640" sl="299" sc="17" el="299" ec="67" bec="0" bev="0" fileid="307" />
                <SequencePoint vc="0" uspid="8585" ordinal="55" offset="657" sl="301" sc="13" el="301" ec="51" bec="0" bev="0" fileid="307" />
                <SequencePoint vc="0" uspid="8586" ordinal="56" offset="670" sl="302" sc="13" el="302" ec="38" bec="2" bev="0" fileid="307" />
                <SequencePoint vc="0" uspid="8587" ordinal="57" offset="679" sl="303" sc="17" el="303" ec="101" bec="0" bev="0" fileid="307" />
                <SequencePoint vc="0" uspid="8588" ordinal="58" offset="706" sl="305" sc="13" el="305" ec="63" bec="0" bev="0" fileid="307" />
                <SequencePoint vc="0" uspid="8589" ordinal="59" offset="719" sl="306" sc="13" el="306" ec="44" bec="2" bev="0" fileid="307" />
                <SequencePoint vc="0" uspid="8590" ordinal="60" offset="728" sl="307" sc="17" el="307" ec="107" bec="0" bev="0" fileid="307" />
                <SequencePoint vc="0" uspid="8591" ordinal="61" offset="755" sl="309" sc="13" el="309" ec="42" bec="0" bev="0" fileid="307" />
                <SequencePoint vc="0" uspid="8592" ordinal="62" offset="763" sl="310" sc="13" el="310" ec="34" bec="2" bev="0" fileid="307" />
                <SequencePoint vc="0" uspid="8593" ordinal="63" offset="773" sl="311" sc="17" el="311" ec="82" bec="0" bev="0" fileid="307" />
                <SequencePoint vc="0" uspid="8594" ordinal="64" offset="781" sl="313" sc="13" el="313" ec="45" bec="0" bev="0" fileid="307" />
                <SequencePoint vc="0" uspid="8595" ordinal="65" offset="789" sl="314" sc="13" el="314" ec="36" bec="2" bev="0" fileid="307" />
                <SequencePoint vc="0" uspid="8596" ordinal="66" offset="798" sl="316" sc="17" el="316" ec="54" bec="2" bev="0" fileid="307" />
                <SequencePoint vc="0" uspid="8597" ordinal="67" offset="807" sl="317" sc="21" el="317" ec="150" bec="0" bev="0" fileid="307" />
                <SequencePoint vc="0" uspid="8598" ordinal="68" offset="836" sl="318" sc="17" el="318" ec="41" bec="0" bev="0" fileid="307" />
                <SequencePoint vc="0" uspid="8599" ordinal="69" offset="843" sl="321" sc="13" el="321" ec="44" bec="0" bev="0" fileid="307" />
                <SequencePoint vc="0" uspid="8600" ordinal="70" offset="851" sl="322" sc="13" el="322" ec="35" bec="2" bev="0" fileid="307" />
                <SequencePoint vc="0" uspid="8601" ordinal="71" offset="855" sl="324" sc="17" el="324" ec="57" bec="0" bev="0" fileid="307" />
                <SequencePoint vc="0" uspid="8602" ordinal="72" offset="863" sl="325" sc="17" el="325" ec="63" bec="0" bev="0" fileid="307" />
                <SequencePoint vc="0" uspid="8603" ordinal="73" offset="870" sl="326" sc="17" el="326" ec="42" bec="0" bev="0" fileid="307" />
                <SequencePoint vc="0" uspid="8604" ordinal="74" offset="877" sl="327" sc="17" el="327" ec="50" bec="0" bev="0" fileid="307" />
                <SequencePoint vc="0" uspid="8605" ordinal="75" offset="885" sl="330" sc="13" el="330" ec="117" bec="0" bev="0" fileid="307" />
              </SequencePoints>
              <BranchPoints>
                <BranchPoint vc="0" uspid="8606" ordinal="0" offset="1" sl="224" path="0" offsetend="3" fileid="307" />
                <BranchPoint vc="0" uspid="8607" ordinal="1" offset="1" sl="224" path="1" offsetend="5" fileid="307" />
                <BranchPoint vc="0" uspid="8608" ordinal="2" offset="13" sl="228" path="0" offsetend="15" fileid="307" />
                <BranchPoint vc="0" uspid="8609" ordinal="3" offset="13" sl="228" path="1" offsetend="39" fileid="307" />
                <BranchPoint vc="0" uspid="8610" ordinal="4" offset="58" sl="236" path="0" offsetend="60" fileid="307" />
                <BranchPoint vc="0" uspid="8611" ordinal="5" offset="58" sl="236" path="1" offsetend="82" fileid="307" />
                <BranchPoint vc="0" uspid="8612" ordinal="6" offset="90" sl="240" path="0" offsetend="92" fileid="307" />
                <BranchPoint vc="0" uspid="8613" ordinal="7" offset="90" sl="240" path="1" offsetend="99" fileid="307" />
                <BranchPoint vc="0" uspid="8614" ordinal="8" offset="118" sl="244" path="0" offsetend="120" fileid="307" />
                <BranchPoint vc="0" uspid="8615" ordinal="9" offset="118" sl="244" path="1" offsetend="142" fileid="307" />
                <BranchPoint vc="0" uspid="8616" ordinal="10" offset="162" sl="248" path="0" offsetend="164" fileid="307" />
                <BranchPoint vc="0" uspid="8617" ordinal="11" offset="162" sl="248" path="1" offsetend="186" fileid="307" />
                <BranchPoint vc="0" uspid="8618" ordinal="12" offset="206" sl="252" path="0" offsetend="208" fileid="307" />
                <BranchPoint vc="0" uspid="8619" ordinal="13" offset="206" sl="252" path="1" offsetend="230" fileid="307" />
                <BranchPoint vc="0" uspid="8620" ordinal="14" offset="250" sl="256" path="0" offsetend="252" fileid="307" />
                <BranchPoint vc="0" uspid="8621" ordinal="15" offset="250" sl="256" path="1" offsetend="274" fileid="307" />
                <BranchPoint vc="0" uspid="8622" ordinal="16" offset="294" sl="260" path="0" offsetend="296" fileid="307" />
                <BranchPoint vc="0" uspid="8623" ordinal="17" offset="294" sl="260" path="1" offsetend="318" fileid="307" />
                <BranchPoint vc="0" uspid="8624" ordinal="18" offset="338" sl="264" path="0" offsetend="340" fileid="307" />
                <BranchPoint vc="0" uspid="8625" ordinal="19" offset="338" sl="264" path="1" offsetend="362" fileid="307" />
                <BranchPoint vc="0" uspid="8626" ordinal="20" offset="382" sl="268" path="0" offsetend="384" fileid="307" />
                <BranchPoint vc="0" uspid="8627" ordinal="21" offset="382" sl="268" path="1" offsetend="406" fileid="307" />
                <BranchPoint vc="0" uspid="8628" ordinal="22" offset="426" sl="272" path="0" offsetend="428" fileid="307" />
                <BranchPoint vc="0" uspid="8629" ordinal="23" offset="426" sl="272" path="1" offsetend="450" fileid="307" />
                <BranchPoint vc="0" uspid="8630" ordinal="24" offset="470" sl="276" path="0" offsetend="472" fileid="307" />
                <BranchPoint vc="0" uspid="8631" ordinal="25" offset="470" sl="276" path="1" offsetend="512" fileid="307" />
                <BranchPoint vc="0" uspid="8632" ordinal="26" offset="532" sl="285" path="0" offsetend="534" fileid="307" />
                <BranchPoint vc="0" uspid="8633" ordinal="27" offset="532" sl="285" path="1" offsetend="574" fileid="307" />
                <BranchPoint vc="0" uspid="8634" ordinal="28" offset="594" sl="294" path="0" offsetend="596" fileid="307" />
                <BranchPoint vc="0" uspid="8635" ordinal="29" offset="594" sl="294" path="1" offsetend="618" fileid="307" />
                <BranchPoint vc="0" uspid="8636" ordinal="30" offset="638" sl="298" path="0" offsetend="640" fileid="307" />
                <BranchPoint vc="0" uspid="8637" ordinal="31" offset="638" sl="298" path="1" offsetend="657" fileid="307" />
                <BranchPoint vc="0" uspid="8638" ordinal="32" offset="677" sl="302" path="0" offsetend="679" fileid="307" />
                <BranchPoint vc="0" uspid="8639" ordinal="33" offset="677" sl="302" path="1" offsetend="706" fileid="307" />
                <BranchPoint vc="0" uspid="8640" ordinal="34" offset="726" sl="306" path="0" offsetend="728" fileid="307" />
                <BranchPoint vc="0" uspid="8641" ordinal="35" offset="726" sl="306" path="1" offsetend="755" fileid="307" />
                <BranchPoint vc="0" uspid="8642" ordinal="36" offset="771" sl="310" path="0" offsetend="773" fileid="307" />
                <BranchPoint vc="0" uspid="8643" ordinal="37" offset="771" sl="310" path="1" offsetend="781" fileid="307" />
                <BranchPoint vc="0" uspid="8644" ordinal="38" offset="796" sl="314" path="0" offsetend="798" fileid="307" />
                <BranchPoint vc="0" uspid="8645" ordinal="39" offset="796" sl="314" path="1" offsetend="843" fileid="307" />
                <BranchPoint vc="0" uspid="8646" ordinal="40" offset="805" sl="316" path="0" offsetend="807" fileid="307" />
                <BranchPoint vc="0" uspid="8647" ordinal="41" offset="805" sl="316" path="1" offsetend="836" fileid="307" />
                <BranchPoint vc="0" uspid="8648" ordinal="42" offset="853" sl="322" path="0" offsetend="855" fileid="307" />
                <BranchPoint vc="0" uspid="8649" ordinal="43" offset="853" sl="322" path="1" offsetend="885" fileid="307" />
              </BranchPoints>
              <MethodPoint xsi:type="SequencePoint" vc="0" uspid="8530" ordinal="0" offset="0" sl="224" sc="13" el="224" ec="31" bec="2" bev="0" fileid="307" />
            </Method>
            <Method visited="false" cyclomaticComplexity="14" nPathComplexity="512" sequenceCoverage="0" branchCoverage="0" crapScore="210" isConstructor="false" isStatic="true" isGetter="false" isSetter="false">
              <Summary numSequencePoints="28" visitedSequencePoints="0" numBranchPoints="19" visitedBranchPoints="0" sequenceCoverage="0" branchCoverage="0" maxCyclomaticComplexity="14" minCyclomaticComplexity="14" maxCrapScore="210" minCrapScore="210" visitedClasses="0" numClasses="0" visitedMethods="0" numMethods="1" />
              <MetadataToken>100664733</MetadataToken>
              <Name>System.Boolean Xunit.Serialization.XunitSerializationInfo::CanSerializeObject(System.Object)</Name>
              <FileRef uid="307" />
              <SequencePoints>
                <SequencePoint vc="0" uspid="8650" ordinal="0" offset="0" sl="355" sc="13" el="355" ec="31" bec="2" bev="0" fileid="307" />
                <SequencePoint vc="0" uspid="8651" ordinal="1" offset="3" sl="356" sc="17" el="356" ec="29" bec="0" bev="0" fileid="307" />
                <SequencePoint vc="0" uspid="8652" ordinal="2" offset="5" sl="358" sc="13" el="358" ec="45" bec="0" bev="0" fileid="307" />
                <SequencePoint vc="0" uspid="8653" ordinal="3" offset="12" sl="360" sc="13" el="360" ec="35" bec="2" bev="0" fileid="307" />
                <SequencePoint vc="0" uspid="8654" ordinal="4" offset="20" sl="362" sc="17" el="362" ec="48" bec="0" bev="0" fileid="307" />
                <SequencePoint vc="0" uspid="8655" ordinal="5" offset="27" sl="363" sc="17" el="363" ec="36" bec="2" bev="0" fileid="307" />
                <SequencePoint vc="0" uspid="8656" ordinal="6" offset="30" sl="366" sc="44" el="366" ec="50" bec="0" bev="0" fileid="307" />
                <SequencePoint vc="0" uspid="8657" ordinal="7" offset="37" sl="366" sc="30" el="366" ec="40" bec="0" bev="0" fileid="307" />
                <SequencePoint vc="0" uspid="8658" ordinal="8" offset="41" sl="367" sc="25" el="367" ec="54" bec="2" bev="0" fileid="307" />
                <SequencePoint vc="0" uspid="8659" ordinal="9" offset="48" sl="368" sc="29" el="368" ec="42" bec="0" bev="0" fileid="307" />
                <SequencePoint vc="0" uspid="8660" ordinal="10" offset="56" sl="366" sc="41" el="366" ec="43" bec="0" bev="0" fileid="307" />
                <SequencePoint vc="0" uspid="8661" ordinal="11" offset="63" sl="369" sc="17" el="369" ec="18" bec="0" bev="0" fileid="307" />
                <SequencePoint vc="0" uspid="8662" ordinal="12" offset="65" sl="372" sc="44" el="372" ec="58" bec="0" bev="0" fileid="307" />
                <SequencePoint vc="0" uspid="8663" ordinal="13" offset="80" sl="372" sc="30" el="372" ec="40" bec="0" bev="0" fileid="307" />
                <SequencePoint vc="0" uspid="8664" ordinal="14" offset="87" sl="373" sc="25" el="373" ec="54" bec="2" bev="0" fileid="307" />
                <SequencePoint vc="0" uspid="8665" ordinal="15" offset="94" sl="374" sc="29" el="374" ec="42" bec="0" bev="0" fileid="307" />
                <SequencePoint vc="0" uspid="8666" ordinal="16" offset="99" sl="372" sc="41" el="372" ec="43" bec="0" bev="0" fileid="307" />
                <SequencePoint vc="0" uspid="8667" ordinal="17" offset="131" sl="376" sc="17" el="376" ec="29" bec="0" bev="0" fileid="307" />
                <SequencePoint vc="0" uspid="8668" ordinal="18" offset="133" sl="379" sc="44" el="379" ec="71" bec="0" bev="0" fileid="307" />
                <SequencePoint vc="0" uspid="8669" ordinal="19" offset="145" sl="379" sc="22" el="379" ec="40" bec="0" bev="0" fileid="307" />
                <SequencePoint vc="0" uspid="8670" ordinal="20" offset="150" sl="380" sc="17" el="380" ec="63" bec="2" bev="0" fileid="307" />
                <SequencePoint vc="0" uspid="8671" ordinal="21" offset="158" sl="381" sc="21" el="381" ec="33" bec="0" bev="0" fileid="307" />
                <SequencePoint vc="0" uspid="8672" ordinal="22" offset="166" sl="379" sc="41" el="379" ec="43" bec="0" bev="0" fileid="307" />
                <SequencePoint vc="0" uspid="8673" ordinal="23" offset="174" sl="383" sc="13" el="383" ec="42" bec="0" bev="0" fileid="307" />
                <SequencePoint vc="0" uspid="8674" ordinal="24" offset="176" sl="384" sc="13" el="384" ec="107" bec="4" bev="0" fileid="307" />
                <SequencePoint vc="0" uspid="8675" ordinal="25" offset="208" sl="385" sc="17" el="385" ec="58" bec="0" bev="0" fileid="307" />
                <SequencePoint vc="0" uspid="8676" ordinal="26" offset="215" sl="387" sc="13" el="387" ec="26" bec="0" bev="0" fileid="307" />
                <SequencePoint vc="0" uspid="8677" ordinal="27" offset="217" sl="388" sc="9" el="388" ec="10" bec="0" bev="0" fileid="307" />
              </SequencePoints>
              <BranchPoints>
                <BranchPoint vc="0" uspid="8678" ordinal="0" offset="1" sl="355" path="0" offsetend="3" fileid="307" />
                <BranchPoint vc="0" uspid="8679" ordinal="1" offset="1" sl="355" path="1" offsetend="5" fileid="307" />
                <BranchPoint vc="0" uspid="8680" ordinal="2" offset="18" sl="360" path="0" offsetend="20" fileid="307" />
                <BranchPoint vc="0" uspid="8681" ordinal="3" offset="18" sl="360" path="1" offsetend="133" fileid="307" />
                <BranchPoint vc="0" uspid="8682" ordinal="4" offset="28" sl="363" path="0" offsetend="30" fileid="307" />
                <BranchPoint vc="0" uspid="8683" ordinal="5" offset="28" sl="363" path="1" offsetend="65" fileid="307" />
                <BranchPoint vc="0" uspid="8684" ordinal="6" offset="46" sl="367" path="0" offsetend="48" fileid="307" />
                <BranchPoint vc="0" uspid="8685" ordinal="7" offset="46" sl="367" path="1" offsetend="50" fileid="307" />
                <BranchPoint vc="0" uspid="8688" ordinal="10" offset="92" sl="373" path="0" offsetend="94" fileid="307" />
                <BranchPoint vc="0" uspid="8689" ordinal="11" offset="92" sl="373" path="1" offsetend="99" fileid="307" />
                <BranchPoint vc="0" uspid="8692" ordinal="14" offset="156" sl="380" path="0" offsetend="158" fileid="307" />
                <BranchPoint vc="0" uspid="8693" ordinal="15" offset="156" sl="380" path="1" offsetend="160" fileid="307" />
                <BranchPoint vc="0" uspid="8696" ordinal="18" offset="182" sl="384" path="0" offsetend="184" fileid="307" />
                <BranchPoint vc="0" uspid="8697" ordinal="19" offset="182" sl="384" path="1" offsetend="208" fileid="307" />
                <BranchPoint vc="0" uspid="8698" ordinal="20" offset="190" sl="384" path="0" offsetend="192" fileid="307" />
                <BranchPoint vc="0" uspid="8699" ordinal="21" offset="190" sl="384" path="1" offsetend="208" fileid="307" />
                <BranchPoint vc="0" uspid="8700" ordinal="22" offset="206" sl="384" path="0" offsetend="208" fileid="307" />
                <BranchPoint vc="0" uspid="8701" ordinal="23" offset="206" sl="384" path="1" offsetend="215" fileid="307" />
              </BranchPoints>
              <MethodPoint xsi:type="SequencePoint" vc="0" uspid="8650" ordinal="0" offset="0" sl="355" sc="13" el="355" ec="31" bec="2" bev="0" fileid="307" />
            </Method>
            <Method visited="false" cyclomaticComplexity="1" nPathComplexity="0" sequenceCoverage="0" branchCoverage="0" crapScore="2" isConstructor="false" isStatic="true" isGetter="false" isSetter="false">
              <Summary numSequencePoints="2" visitedSequencePoints="0" numBranchPoints="1" visitedBranchPoints="0" sequenceCoverage="0" branchCoverage="0" maxCyclomaticComplexity="1" minCyclomaticComplexity="1" maxCrapScore="2" minCrapScore="2" visitedClasses="0" numClasses="0" visitedMethods="0" numMethods="1" />
              <MetadataToken>100664734</MetadataToken>
              <Name>System.String Xunit.Serialization.XunitSerializationInfo::FromBase64(System.String)</Name>
              <FileRef uid="307" />
              <SequencePoints>
                <SequencePoint vc="0" uspid="8702" ordinal="0" offset="0" sl="392" sc="13" el="392" ec="67" bec="0" bev="0" fileid="307" />
                <SequencePoint vc="0" uspid="8703" ordinal="1" offset="7" sl="393" sc="13" el="393" ec="68" bec="0" bev="0" fileid="307" />
              </SequencePoints>
              <BranchPoints />
              <MethodPoint xsi:type="SequencePoint" vc="0" uspid="8702" ordinal="0" offset="0" sl="392" sc="13" el="392" ec="67" bec="0" bev="0" fileid="307" />
            </Method>
            <Method visited="false" cyclomaticComplexity="1" nPathComplexity="0" sequenceCoverage="0" branchCoverage="0" crapScore="2" isConstructor="false" isStatic="true" isGetter="false" isSetter="false">
              <Summary numSequencePoints="2" visitedSequencePoints="0" numBranchPoints="1" visitedBranchPoints="0" sequenceCoverage="0" branchCoverage="0" maxCyclomaticComplexity="1" minCyclomaticComplexity="1" maxCrapScore="2" minCrapScore="2" visitedClasses="0" numClasses="0" visitedMethods="0" numMethods="1" />
              <MetadataToken>100664735</MetadataToken>
              <Name>System.String Xunit.Serialization.XunitSerializationInfo::ToBase64(System.String)</Name>
              <FileRef uid="307" />
              <SequencePoints>
                <SequencePoint vc="0" uspid="8704" ordinal="0" offset="0" sl="398" sc="13" el="398" ec="55" bec="0" bev="0" fileid="307" />
                <SequencePoint vc="0" uspid="8705" ordinal="1" offset="11" sl="399" sc="13" el="399" ec="50" bec="0" bev="0" fileid="307" />
              </SequencePoints>
              <BranchPoints />
              <MethodPoint xsi:type="SequencePoint" vc="0" uspid="8704" ordinal="0" offset="0" sl="398" sc="13" el="398" ec="55" bec="0" bev="0" fileid="307" />
            </Method>
            <Method visited="false" cyclomaticComplexity="1" nPathComplexity="0" sequenceCoverage="0" branchCoverage="0" crapScore="2" isConstructor="true" isStatic="true" isGetter="false" isSetter="false">
              <Summary numSequencePoints="1" visitedSequencePoints="0" numBranchPoints="1" visitedBranchPoints="0" sequenceCoverage="0" branchCoverage="0" maxCyclomaticComplexity="1" minCyclomaticComplexity="1" maxCrapScore="2" minCrapScore="2" visitedClasses="0" numClasses="0" visitedMethods="0" numMethods="1" />
              <MetadataToken>100664736</MetadataToken>
              <Name>System.Void Xunit.Serialization.XunitSerializationInfo::.cctor()</Name>
              <FileRef uid="307" />
              <SequencePoints>
                <SequencePoint vc="0" uspid="8706" ordinal="0" offset="0" sl="333" sc="9" el="351" ec="11" bec="0" bev="0" fileid="307" />
              </SequencePoints>
              <BranchPoints />
              <MethodPoint xsi:type="SequencePoint" vc="0" uspid="8706" ordinal="0" offset="0" sl="333" sc="9" el="351" ec="11" bec="0" bev="0" fileid="307" />
            </Method>
          </Methods>
        </Class>
        <Class>
          <Summary numSequencePoints="66" visitedSequencePoints="0" numBranchPoints="29" visitedBranchPoints="0" sequenceCoverage="0" branchCoverage="0" maxCyclomaticComplexity="9" minCyclomaticComplexity="1" maxCrapScore="90" minCrapScore="2" visitedClasses="0" numClasses="1" visitedMethods="0" numMethods="5" />
          <FullName>Xunit.Serialization.XunitSerializationInfo/ArraySerializer</FullName>
          <Methods>
            <Method visited="false" cyclomaticComplexity="1" nPathComplexity="0" sequenceCoverage="0" branchCoverage="0" crapScore="2" isConstructor="false" isStatic="false" isGetter="true" isSetter="false">
              <Summary numSequencePoints="1" visitedSequencePoints="0" numBranchPoints="1" visitedBranchPoints="0" sequenceCoverage="0" branchCoverage="0" maxCyclomaticComplexity="1" minCyclomaticComplexity="1" maxCrapScore="2" minCrapScore="2" visitedClasses="0" numClasses="0" visitedMethods="0" numMethods="1" />
              <MetadataToken>100665144</MetadataToken>
              <Name>System.Array Xunit.Serialization.XunitSerializationInfo/ArraySerializer::get_ArrayData()</Name>
              <FileRef uid="307" />
              <SequencePoints>
                <SequencePoint vc="0" uspid="8707" ordinal="0" offset="0" sl="407" sc="44" el="407" ec="57" bec="0" bev="0" fileid="307" />
              </SequencePoints>
              <BranchPoints />
              <MethodPoint xsi:type="SequencePoint" vc="0" uspid="8707" ordinal="0" offset="0" sl="407" sc="44" el="407" ec="57" bec="0" bev="0" fileid="307" />
            </Method>
            <Method visited="false" cyclomaticComplexity="1" nPathComplexity="0" sequenceCoverage="0" branchCoverage="0" crapScore="2" isConstructor="true" isStatic="false" isGetter="false" isSetter="false">
              <Summary numSequencePoints="2" visitedSequencePoints="0" numBranchPoints="1" visitedBranchPoints="0" sequenceCoverage="0" branchCoverage="0" maxCyclomaticComplexity="1" minCyclomaticComplexity="1" maxCrapScore="2" minCrapScore="2" visitedClasses="0" numClasses="0" visitedMethods="0" numMethods="1" />
              <MetadataToken>100665145</MetadataToken>
              <Name>System.Void Xunit.Serialization.XunitSerializationInfo/ArraySerializer::.ctor()</Name>
              <FileRef uid="307" />
              <SequencePoints>
                <SequencePoint vc="0" uspid="8708" ordinal="0" offset="0" sl="409" sc="13" el="409" ec="37" bec="0" bev="0" fileid="307" />
                <SequencePoint vc="0" uspid="8709" ordinal="1" offset="6" sl="409" sc="40" el="409" ec="41" bec="0" bev="0" fileid="307" />
              </SequencePoints>
              <BranchPoints />
              <MethodPoint xsi:type="SequencePoint" vc="0" uspid="8708" ordinal="0" offset="0" sl="409" sc="13" el="409" ec="37" bec="0" bev="0" fileid="307" />
            </Method>
            <Method visited="false" cyclomaticComplexity="3" nPathComplexity="4" sequenceCoverage="0" branchCoverage="0" crapScore="12" isConstructor="true" isStatic="false" isGetter="false" isSetter="false">
              <Summary numSequencePoints="8" visitedSequencePoints="0" numBranchPoints="5" visitedBranchPoints="0" sequenceCoverage="0" branchCoverage="0" maxCyclomaticComplexity="3" minCyclomaticComplexity="3" maxCrapScore="12" minCrapScore="12" visitedClasses="0" numClasses="0" visitedMethods="0" numMethods="1" />
              <MetadataToken>100665146</MetadataToken>
              <Name>System.Void Xunit.Serialization.XunitSerializationInfo/ArraySerializer::.ctor(System.Array)</Name>
              <FileRef uid="307" />
              <SequencePoints>
                <SequencePoint vc="0" uspid="8710" ordinal="0" offset="0" sl="411" sc="13" el="411" ec="48" bec="0" bev="0" fileid="307" />
                <SequencePoint vc="0" uspid="8711" ordinal="1" offset="6" sl="413" sc="17" el="413" ec="35" bec="2" bev="0" fileid="307" />
                <SequencePoint vc="0" uspid="8712" ordinal="2" offset="9" sl="414" sc="21" el="414" ec="68" bec="0" bev="0" fileid="307" />
                <SequencePoint vc="0" uspid="8713" ordinal="3" offset="20" sl="416" sc="17" el="416" ec="48" bec="2" bev="0" fileid="307" />
                <SequencePoint vc="0" uspid="8714" ordinal="4" offset="28" sl="417" sc="21" el="417" ec="136" bec="0" bev="0" fileid="307" />
                <SequencePoint vc="0" uspid="8715" ordinal="5" offset="44" sl="419" sc="17" el="419" ec="36" bec="0" bev="0" fileid="307" />
                <SequencePoint vc="0" uspid="8716" ordinal="6" offset="51" sl="420" sc="17" el="420" ec="64" bec="0" bev="0" fileid="307" />
                <SequencePoint vc="0" uspid="8717" ordinal="7" offset="68" sl="421" sc="13" el="421" ec="14" bec="0" bev="0" fileid="307" />
              </SequencePoints>
              <BranchPoints>
                <BranchPoint vc="0" uspid="8718" ordinal="0" offset="7" sl="413" path="0" offsetend="9" fileid="307" />
                <BranchPoint vc="0" uspid="8719" ordinal="1" offset="7" sl="413" path="1" offsetend="20" fileid="307" />
                <BranchPoint vc="0" uspid="8720" ordinal="2" offset="26" sl="416" path="0" offsetend="28" fileid="307" />
                <BranchPoint vc="0" uspid="8721" ordinal="3" offset="26" sl="416" path="1" offsetend="44" fileid="307" />
              </BranchPoints>
              <MethodPoint xsi:type="SequencePoint" vc="0" uspid="8710" ordinal="0" offset="0" sl="411" sc="13" el="411" ec="48" bec="0" bev="0" fileid="307" />
            </Method>
            <Method visited="false" cyclomaticComplexity="5" nPathComplexity="4" sequenceCoverage="0" branchCoverage="0" crapScore="30" isConstructor="false" isStatic="false" isGetter="false" isSetter="false">
              <Summary numSequencePoints="18" visitedSequencePoints="0" numBranchPoints="5" visitedBranchPoints="0" sequenceCoverage="0" branchCoverage="0" maxCyclomaticComplexity="5" minCyclomaticComplexity="5" maxCrapScore="30" minCrapScore="30" visitedClasses="0" numClasses="0" visitedMethods="0" numMethods="1" />
              <MetadataToken>100665147</MetadataToken>
              <Name>System.Void Xunit.Serialization.XunitSerializationInfo/ArraySerializer::Serialize(Xunit.Abstractions.IXunitSerializationInfo)</Name>
              <FileRef uid="307" />
              <SequencePoints>
                <SequencePoint vc="0" uspid="8722" ordinal="0" offset="0" sl="425" sc="17" el="425" ec="108" bec="0" bev="0" fileid="307" />
                <SequencePoint vc="0" uspid="8723" ordinal="1" offset="23" sl="426" sc="17" el="426" ec="51" bec="0" bev="0" fileid="307" />
                <SequencePoint vc="0" uspid="8724" ordinal="2" offset="51" sl="427" sc="17" el="427" ec="60" bec="0" bev="0" fileid="307" />
                <SequencePoint vc="0" uspid="8725" ordinal="3" offset="79" sl="429" sc="22" el="429" ec="39" bec="0" bev="0" fileid="307" />
                <SequencePoint vc="0" uspid="8726" ordinal="4" offset="83" sl="431" sc="21" el="431" ec="85" bec="0" bev="0" fileid="307" />
                <SequencePoint vc="0" uspid="8727" ordinal="5" offset="123" sl="429" sc="65" el="429" ec="76" bec="0" bev="0" fileid="307" />
                <SequencePoint vc="0" uspid="8728" ordinal="6" offset="127" sl="429" sc="41" el="429" ec="63" bec="2" bev="0" fileid="307" />
                <SequencePoint vc="0" uspid="8729" ordinal="7" offset="141" sl="433" sc="22" el="433" ec="39" bec="0" bev="0" fileid="307" />
                <SequencePoint vc="0" uspid="8730" ordinal="8" offset="145" sl="435" sc="21" el="435" ec="93" bec="0" bev="0" fileid="307" />
                <SequencePoint vc="0" uspid="8731" ordinal="9" offset="185" sl="433" sc="65" el="433" ec="76" bec="0" bev="0" fileid="307" />
                <SequencePoint vc="0" uspid="8732" ordinal="10" offset="189" sl="433" sc="41" el="433" ec="63" bec="2" bev="0" fileid="307" />
                <SequencePoint vc="0" uspid="8733" ordinal="11" offset="203" sl="438" sc="17" el="438" ec="27" bec="0" bev="0" fileid="307" />
                <SequencePoint vc="0" uspid="8734" ordinal="12" offset="205" sl="439" sc="40" el="439" ec="45" bec="0" bev="0" fileid="307" />
                <SequencePoint vc="0" uspid="8735" ordinal="13" offset="219" sl="439" sc="26" el="439" ec="36" bec="0" bev="0" fileid="307" />
                <SequencePoint vc="0" uspid="8736" ordinal="14" offset="227" sl="441" sc="21" el="441" ec="52" bec="0" bev="0" fileid="307" />
                <SequencePoint vc="0" uspid="8737" ordinal="15" offset="252" sl="442" sc="21" el="442" ec="25" bec="0" bev="0" fileid="307" />
                <SequencePoint vc="0" uspid="8738" ordinal="16" offset="256" sl="439" sc="37" el="439" ec="39" bec="0" bev="0" fileid="307" />
                <SequencePoint vc="0" uspid="8739" ordinal="17" offset="286" sl="444" sc="13" el="444" ec="14" bec="0" bev="0" fileid="307" />
              </SequencePoints>
              <BranchPoints>
                <BranchPoint vc="0" uspid="8740" ordinal="0" offset="139" sl="429" path="0" offsetend="141" fileid="307" />
                <BranchPoint vc="0" uspid="8741" ordinal="1" offset="139" sl="429" path="1" offsetend="83" fileid="307" />
                <BranchPoint vc="0" uspid="8742" ordinal="2" offset="201" sl="433" path="0" offsetend="203" fileid="307" />
                <BranchPoint vc="0" uspid="8743" ordinal="3" offset="201" sl="433" path="1" offsetend="145" fileid="307" />
              </BranchPoints>
              <MethodPoint xsi:type="SequencePoint" vc="0" uspid="8722" ordinal="0" offset="0" sl="425" sc="17" el="425" ec="108" bec="0" bev="0" fileid="307" />
            </Method>
            <Method visited="false" cyclomaticComplexity="9" nPathComplexity="256" sequenceCoverage="0" branchCoverage="0" crapScore="90" isConstructor="false" isStatic="false" isGetter="false" isSetter="false">
              <Summary numSequencePoints="37" visitedSequencePoints="0" numBranchPoints="17" visitedBranchPoints="0" sequenceCoverage="0" branchCoverage="0" maxCyclomaticComplexity="9" minCyclomaticComplexity="9" maxCrapScore="90" minCrapScore="90" visitedClasses="0" numClasses="0" visitedMethods="0" numMethods="1" />
              <MetadataToken>100665148</MetadataToken>
              <Name>System.Void Xunit.Serialization.XunitSerializationInfo/ArraySerializer::Deserialize(Xunit.Abstractions.IXunitSerializationInfo)</Name>
              <FileRef uid="307" />
              <SequencePoints>
                <SequencePoint vc="0" uspid="8746" ordinal="0" offset="0" sl="448" sc="17" el="448" ec="97" bec="0" bev="0" fileid="307" />
                <SequencePoint vc="0" uspid="8747" ordinal="1" offset="17" sl="449" sc="17" el="449" ec="55" bec="0" bev="0" fileid="307" />
                <SequencePoint vc="0" uspid="8748" ordinal="2" offset="29" sl="450" sc="17" el="450" ec="69" bec="0" bev="0" fileid="307" />
                <SequencePoint vc="0" uspid="8749" ordinal="3" offset="41" sl="452" sc="17" el="452" ec="47" bec="0" bev="0" fileid="307" />
                <SequencePoint vc="0" uspid="8750" ordinal="4" offset="48" sl="453" sc="17" el="453" ec="51" bec="0" bev="0" fileid="307" />
                <SequencePoint vc="0" uspid="8751" ordinal="5" offset="56" sl="454" sc="22" el="454" ec="31" bec="0" bev="0" fileid="307" />
                <SequencePoint vc="0" uspid="8752" ordinal="6" offset="61" sl="456" sc="21" el="456" ec="67" bec="0" bev="0" fileid="307" />
                <SequencePoint vc="0" uspid="8753" ordinal="7" offset="88" sl="457" sc="21" el="457" ec="75" bec="0" bev="0" fileid="307" />
                <SequencePoint vc="0" uspid="8754" ordinal="8" offset="116" sl="454" sc="53" el="454" ec="56" bec="0" bev="0" fileid="307" />
                <SequencePoint vc="0" uspid="8755" ordinal="9" offset="122" sl="454" sc="33" el="454" ec="51" bec="2" bev="0" fileid="307" />
                <SequencePoint vc="0" uspid="8756" ordinal="10" offset="129" sl="460" sc="17" el="460" ec="77" bec="0" bev="0" fileid="307" />
                <SequencePoint vc="0" uspid="8757" ordinal="11" offset="144" sl="462" sc="17" el="462" ec="47" bec="0" bev="0" fileid="307" />
                <SequencePoint vc="0" uspid="8758" ordinal="12" offset="152" sl="463" sc="22" el="463" ec="31" bec="0" bev="0" fileid="307" />
                <SequencePoint vc="0" uspid="8759" ordinal="13" offset="157" sl="465" sc="21" el="465" ec="49" bec="0" bev="0" fileid="307" />
                <SequencePoint vc="0" uspid="8760" ordinal="14" offset="167" sl="463" sc="53" el="463" ec="56" bec="0" bev="0" fileid="307" />
                <SequencePoint vc="0" uspid="8761" ordinal="15" offset="173" sl="463" sc="33" el="463" ec="51" bec="2" bev="0" fileid="307" />
                <SequencePoint vc="0" uspid="8762" ordinal="16" offset="181" sl="467" sc="22" el="467" ec="31" bec="0" bev="0" fileid="307" />
                <SequencePoint vc="0" uspid="8763" ordinal="17" offset="189" sl="469" sc="21" el="469" ec="43" bec="0" bev="0" fileid="307" />
                <SequencePoint vc="0" uspid="8764" ordinal="18" offset="192" sl="470" sc="26" el="470" ec="44" bec="0" bev="0" fileid="307" />
                <SequencePoint vc="0" uspid="8765" ordinal="19" offset="199" sl="472" sc="25" el="472" ec="77" bec="2" bev="0" fileid="307" />
                <SequencePoint vc="0" uspid="8766" ordinal="20" offset="216" sl="474" sc="29" el="474" ec="42" bec="2" bev="0" fileid="307" />
                <SequencePoint vc="0" uspid="8767" ordinal="21" offset="220" sl="476" sc="33" el="476" ec="49" bec="0" bev="0" fileid="307" />
                <SequencePoint vc="0" uspid="8768" ordinal="22" offset="223" sl="477" sc="33" el="477" ec="39" bec="0" bev="0" fileid="307" />
                <SequencePoint vc="0" uspid="8769" ordinal="23" offset="225" sl="479" sc="34" el="479" ec="45" bec="0" bev="0" fileid="307" />
                <SequencePoint vc="0" uspid="8770" ordinal="24" offset="231" sl="480" sc="33" el="480" ec="63" bec="0" bev="0" fileid="307" />
                <SequencePoint vc="0" uspid="8771" ordinal="25" offset="241" sl="479" sc="57" el="479" ec="60" bec="0" bev="0" fileid="307" />
                <SequencePoint vc="0" uspid="8772" ordinal="26" offset="247" sl="479" sc="47" el="479" ec="55" bec="2" bev="0" fileid="307" />
                <SequencePoint vc="0" uspid="8773" ordinal="27" offset="252" sl="481" sc="29" el="481" ec="48" bec="0" bev="0" fileid="307" />
                <SequencePoint vc="0" uspid="8774" ordinal="28" offset="268" sl="470" sc="56" el="470" ec="61" bec="0" bev="0" fileid="307" />
                <SequencePoint vc="0" uspid="8775" ordinal="29" offset="274" sl="470" sc="46" el="470" ec="54" bec="2" bev="0" fileid="307" />
                <SequencePoint vc="0" uspid="8776" ordinal="30" offset="279" sl="484" sc="21" el="484" ec="34" bec="2" bev="0" fileid="307" />
                <SequencePoint vc="0" uspid="8777" ordinal="31" offset="283" sl="488" sc="21" el="488" ec="70" bec="0" bev="0" fileid="307" />
                <SequencePoint vc="0" uspid="8778" ordinal="32" offset="309" sl="489" sc="21" el="489" ec="51" bec="0" bev="0" fileid="307" />
                <SequencePoint vc="0" uspid="8779" ordinal="33" offset="324" sl="490" sc="21" el="490" ec="41" bec="0" bev="0" fileid="307" />
                <SequencePoint vc="0" uspid="8780" ordinal="34" offset="339" sl="467" sc="50" el="467" ec="53" bec="0" bev="0" fileid="307" />
                <SequencePoint vc="0" uspid="8781" ordinal="35" offset="345" sl="467" sc="33" el="467" ec="48" bec="2" bev="0" fileid="307" />
                <SequencePoint vc="0" uspid="8782" ordinal="36" offset="353" sl="492" sc="13" el="492" ec="14" bec="0" bev="0" fileid="307" />
              </SequencePoints>
              <BranchPoints>
                <BranchPoint vc="0" uspid="8783" ordinal="0" offset="127" sl="454" path="0" offsetend="129" fileid="307" />
                <BranchPoint vc="0" uspid="8784" ordinal="1" offset="127" sl="454" path="1" offsetend="61" fileid="307" />
                <BranchPoint vc="0" uspid="8785" ordinal="2" offset="179" sl="463" path="0" offsetend="181" fileid="307" />
                <BranchPoint vc="0" uspid="8786" ordinal="3" offset="179" sl="463" path="1" offsetend="157" fileid="307" />
                <BranchPoint vc="0" uspid="8787" ordinal="4" offset="214" sl="472" path="0" offsetend="216" fileid="307" />
                <BranchPoint vc="0" uspid="8788" ordinal="5" offset="214" sl="472" path="1" offsetend="268" fileid="307" />
                <BranchPoint vc="0" uspid="8789" ordinal="6" offset="218" sl="474" path="0" offsetend="220" fileid="307" />
                <BranchPoint vc="0" uspid="8790" ordinal="7" offset="218" sl="474" path="1" offsetend="225" fileid="307" />
                <BranchPoint vc="0" uspid="8791" ordinal="8" offset="250" sl="479" path="0" offsetend="252" fileid="307" />
                <BranchPoint vc="0" uspid="8792" ordinal="9" offset="250" sl="479" path="1" offsetend="231" fileid="307" />
                <BranchPoint vc="0" uspid="8793" ordinal="10" offset="277" sl="470" path="0" offsetend="279" fileid="307" />
                <BranchPoint vc="0" uspid="8794" ordinal="11" offset="277" sl="470" path="1" offsetend="199" fileid="307" />
                <BranchPoint vc="0" uspid="8795" ordinal="12" offset="281" sl="484" path="0" offsetend="283" fileid="307" />
                <BranchPoint vc="0" uspid="8796" ordinal="13" offset="281" sl="484" path="1" offsetend="353" fileid="307" />
                <BranchPoint vc="0" uspid="8797" ordinal="14" offset="348" sl="467" path="0" offsetend="353" fileid="307" />
                <BranchPoint vc="0" uspid="8798" ordinal="15" offset="348" sl="467" path="1" offsetend="189" fileid="307" />
              </BranchPoints>
              <MethodPoint xsi:type="SequencePoint" vc="0" uspid="8746" ordinal="0" offset="0" sl="448" sc="17" el="448" ec="97" bec="0" bev="0" fileid="307" />
            </Method>
          </Methods>
        </Class>
        <Class>
          <Summary numSequencePoints="1" visitedSequencePoints="0" numBranchPoints="1" visitedBranchPoints="0" sequenceCoverage="0" branchCoverage="0" maxCyclomaticComplexity="1" minCyclomaticComplexity="1" maxCrapScore="2" minCrapScore="2" visitedClasses="0" numClasses="1" visitedMethods="0" numMethods="1" />
          <FullName>Xunit.Serialization.XunitSerializationInfo/&lt;&gt;c</FullName>
          <Methods>
            <Method visited="false" cyclomaticComplexity="1" nPathComplexity="0" sequenceCoverage="0" branchCoverage="0" crapScore="2" isConstructor="true" isStatic="true" isGetter="false" isSetter="false">
              <Summary numSequencePoints="0" visitedSequencePoints="0" numBranchPoints="0" visitedBranchPoints="0" sequenceCoverage="0" branchCoverage="0" maxCyclomaticComplexity="1" minCyclomaticComplexity="1" maxCrapScore="2" minCrapScore="2" visitedClasses="0" numClasses="0" visitedMethods="0" numMethods="0" />
              <MetadataToken>100665149</MetadataToken>
              <Name>System.Void Xunit.Serialization.XunitSerializationInfo/&lt;&gt;c::.cctor()</Name>
              <SequencePoints />
              <BranchPoints />
              <MethodPoint vc="0" uspid="8799" ordinal="0" offset="0" />
            </Method>
            <Method visited="false" cyclomaticComplexity="1" nPathComplexity="0" sequenceCoverage="0" branchCoverage="0" crapScore="2" isConstructor="true" isStatic="false" isGetter="false" isSetter="false">
              <Summary numSequencePoints="0" visitedSequencePoints="0" numBranchPoints="0" visitedBranchPoints="0" sequenceCoverage="0" branchCoverage="0" maxCyclomaticComplexity="1" minCyclomaticComplexity="1" maxCrapScore="2" minCrapScore="2" visitedClasses="0" numClasses="0" visitedMethods="0" numMethods="0" />
              <MetadataToken>100665150</MetadataToken>
              <Name>System.Void Xunit.Serialization.XunitSerializationInfo/&lt;&gt;c::.ctor()</Name>
              <SequencePoints />
              <BranchPoints />
              <MethodPoint vc="0" uspid="8800" ordinal="0" offset="0" />
            </Method>
            <Method visited="false" cyclomaticComplexity="1" nPathComplexity="0" sequenceCoverage="0" branchCoverage="0" crapScore="2" isConstructor="false" isStatic="false" isGetter="false" isSetter="false">
              <Summary numSequencePoints="1" visitedSequencePoints="0" numBranchPoints="1" visitedBranchPoints="0" sequenceCoverage="0" branchCoverage="0" maxCyclomaticComplexity="1" minCyclomaticComplexity="1" maxCrapScore="2" minCrapScore="2" visitedClasses="0" numClasses="0" visitedMethods="0" numMethods="1" />
              <MetadataToken>100665151</MetadataToken>
              <Name>System.String Xunit.Serialization.XunitSerializationInfo/&lt;&gt;c::&lt;ToSerializedString&gt;b__5_0(System.Collections.Generic.KeyValuePair`2&lt;System.String,Xunit.Serialization.XunitSerializationTriple&gt;)</Name>
              <FileRef uid="307" />
              <SequencePoints>
                <SequencePoint vc="0" uspid="8801" ordinal="0" offset="0" sl="62" sc="66" el="62" ec="92" bec="0" bev="0" fileid="307" />
              </SequencePoints>
              <BranchPoints />
              <MethodPoint xsi:type="SequencePoint" vc="0" uspid="8801" ordinal="0" offset="0" sl="62" sc="66" el="62" ec="92" bec="0" bev="0" fileid="307" />
            </Method>
          </Methods>
        </Class>
        <Class>
          <Summary numSequencePoints="5" visitedSequencePoints="0" numBranchPoints="1" visitedBranchPoints="0" sequenceCoverage="0" branchCoverage="0" maxCyclomaticComplexity="1" minCyclomaticComplexity="1" maxCrapScore="2" minCrapScore="2" visitedClasses="0" numClasses="1" visitedMethods="0" numMethods="1" />
          <FullName>Xunit.Serialization.XunitSerializationTriple</FullName>
          <Methods>
            <Method visited="false" cyclomaticComplexity="1" nPathComplexity="0" sequenceCoverage="0" branchCoverage="0" crapScore="2" isConstructor="true" isStatic="false" isGetter="false" isSetter="false">
              <Summary numSequencePoints="5" visitedSequencePoints="0" numBranchPoints="1" visitedBranchPoints="0" sequenceCoverage="0" branchCoverage="0" maxCyclomaticComplexity="1" minCyclomaticComplexity="1" maxCrapScore="2" minCrapScore="2" visitedClasses="0" numClasses="0" visitedMethods="0" numMethods="1" />
              <MetadataToken>100664737</MetadataToken>
              <Name>System.Void Xunit.Serialization.XunitSerializationTriple::.ctor(System.String,System.Object,System.Type)</Name>
              <FileRef uid="307" />
              <SequencePoints>
                <SequencePoint vc="0" uspid="8802" ordinal="0" offset="0" sl="523" sc="9" el="523" ec="77" bec="0" bev="0" fileid="307" />
                <SequencePoint vc="0" uspid="8803" ordinal="1" offset="6" sl="525" sc="13" el="525" ec="23" bec="0" bev="0" fileid="307" />
                <SequencePoint vc="0" uspid="8804" ordinal="2" offset="13" sl="526" sc="13" el="526" ec="27" bec="0" bev="0" fileid="307" />
                <SequencePoint vc="0" uspid="8805" ordinal="3" offset="20" sl="527" sc="13" el="527" ec="25" bec="0" bev="0" fileid="307" />
                <SequencePoint vc="0" uspid="8806" ordinal="4" offset="27" sl="528" sc="9" el="528" ec="10" bec="0" bev="0" fileid="307" />
              </SequencePoints>
              <BranchPoints />
              <MethodPoint xsi:type="SequencePoint" vc="0" uspid="8802" ordinal="0" offset="0" sl="523" sc="9" el="523" ec="77" bec="0" bev="0" fileid="307" />
            </Method>
          </Methods>
        </Class>
        <Class>
          <Summary numSequencePoints="2" visitedSequencePoints="0" numBranchPoints="2" visitedBranchPoints="0" sequenceCoverage="0" branchCoverage="0" maxCyclomaticComplexity="1" minCyclomaticComplexity="1" maxCrapScore="2" minCrapScore="2" visitedClasses="0" numClasses="1" visitedMethods="0" numMethods="2" />
          <FullName>Xunit.Sdk.LongLivedMarshalByRefObject</FullName>
          <Methods>
            <Method visited="false" cyclomaticComplexity="1" nPathComplexity="0" sequenceCoverage="0" branchCoverage="0" crapScore="2" isConstructor="false" isStatic="true" isGetter="false" isSetter="false">
              <Summary numSequencePoints="1" visitedSequencePoints="0" numBranchPoints="1" visitedBranchPoints="0" sequenceCoverage="0" branchCoverage="0" maxCyclomaticComplexity="1" minCyclomaticComplexity="1" maxCrapScore="2" minCrapScore="2" visitedClasses="0" numClasses="0" visitedMethods="0" numMethods="1" />
              <MetadataToken>100664738</MetadataToken>
              <Name>System.Void Xunit.Sdk.LongLivedMarshalByRefObject::DisconnectAll()</Name>
              <FileRef uid="311" />
              <SequencePoints>
                <SequencePoint vc="0" uspid="8807" ordinal="0" offset="0" sl="47" sc="46" el="47" ec="47" bec="0" bev="0" fileid="311" />
              </SequencePoints>
              <BranchPoints />
              <MethodPoint xsi:type="SequencePoint" vc="0" uspid="8807" ordinal="0" offset="0" sl="47" sc="46" el="47" ec="47" bec="0" bev="0" fileid="311" />
            </Method>
            <Method visited="false" cyclomaticComplexity="1" nPathComplexity="0" sequenceCoverage="0" branchCoverage="0" crapScore="2" isConstructor="false" isStatic="false" isGetter="false" isSetter="false">
              <Summary numSequencePoints="1" visitedSequencePoints="0" numBranchPoints="1" visitedBranchPoints="0" sequenceCoverage="0" branchCoverage="0" maxCyclomaticComplexity="1" minCyclomaticComplexity="1" maxCrapScore="2" minCrapScore="2" visitedClasses="0" numClasses="0" visitedMethods="0" numMethods="1" />
              <MetadataToken>100664739</MetadataToken>
              <Name>System.Object Xunit.Sdk.LongLivedMarshalByRefObject::InitializeLifetimeService()</Name>
              <FileRef uid="311" />
              <SequencePoints>
                <SequencePoint vc="0" uspid="8808" ordinal="0" offset="0" sl="54" sc="13" el="54" ec="25" bec="0" bev="0" fileid="311" />
              </SequencePoints>
              <BranchPoints />
              <MethodPoint xsi:type="SequencePoint" vc="0" uspid="8808" ordinal="0" offset="0" sl="54" sc="13" el="54" ec="25" bec="0" bev="0" fileid="311" />
            </Method>
            <Method visited="false" cyclomaticComplexity="1" nPathComplexity="0" sequenceCoverage="0" branchCoverage="0" crapScore="2" isConstructor="true" isStatic="false" isGetter="false" isSetter="false">
              <Summary numSequencePoints="0" visitedSequencePoints="0" numBranchPoints="0" visitedBranchPoints="0" sequenceCoverage="0" branchCoverage="0" maxCyclomaticComplexity="1" minCyclomaticComplexity="1" maxCrapScore="2" minCrapScore="2" visitedClasses="0" numClasses="0" visitedMethods="0" numMethods="0" />
              <MetadataToken>100664740</MetadataToken>
              <Name>System.Void Xunit.Sdk.LongLivedMarshalByRefObject::.ctor()</Name>
              <SequencePoints />
              <BranchPoints />
              <MethodPoint vc="0" uspid="8809" ordinal="0" offset="0" />
            </Method>
          </Methods>
        </Class>
        <Class>
          <Summary numSequencePoints="102" visitedSequencePoints="0" numBranchPoints="97" visitedBranchPoints="0" sequenceCoverage="0" branchCoverage="0" maxCyclomaticComplexity="21" minCyclomaticComplexity="1" maxCrapScore="462" minCrapScore="2" visitedClasses="0" numClasses="1" visitedMethods="0" numMethods="9" />
          <FullName>Xunit.Sdk.SerializationHelper</FullName>
          <Methods>
            <Method visited="false" cyclomaticComplexity="6" nPathComplexity="32" sequenceCoverage="0" branchCoverage="0" crapScore="42" isConstructor="false" isStatic="true" isGetter="false" isSetter="false">
              <Summary numSequencePoints="15" visitedSequencePoints="0" numBranchPoints="11" visitedBranchPoints="0" sequenceCoverage="0" branchCoverage="0" maxCyclomaticComplexity="6" minCyclomaticComplexity="6" maxCrapScore="42" minCrapScore="42" visitedClasses="0" numClasses="0" visitedMethods="0" numMethods="1" />
              <MetadataToken>100664741</MetadataToken>
              <Name>T Xunit.Sdk.SerializationHelper::Deserialize(System.String)</Name>
              <FileRef uid="312" />
              <SequencePoints>
                <SequencePoint vc="0" uspid="8810" ordinal="0" offset="0" sl="26" sc="13" el="26" ec="41" bec="2" bev="0" fileid="312" />
                <SequencePoint vc="0" uspid="8811" ordinal="1" offset="3" sl="27" sc="17" el="27" ec="74" bec="0" bev="0" fileid="312" />
                <SequencePoint vc="0" uspid="8812" ordinal="2" offset="14" sl="29" sc="13" el="29" ec="66" bec="0" bev="0" fileid="312" />
                <SequencePoint vc="0" uspid="8813" ordinal="3" offset="33" sl="30" sc="13" el="30" ec="36" bec="2" bev="0" fileid="312" />
                <SequencePoint vc="0" uspid="8814" ordinal="4" offset="39" sl="31" sc="17" el="31" ec="97" bec="0" bev="0" fileid="312" />
                <SequencePoint vc="0" uspid="8815" ordinal="5" offset="50" sl="33" sc="13" el="33" ec="55" bec="0" bev="0" fileid="312" />
                <SequencePoint vc="0" uspid="8816" ordinal="6" offset="59" sl="34" sc="13" el="34" ec="42" bec="2" bev="0" fileid="312" />
                <SequencePoint vc="0" uspid="8817" ordinal="7" offset="68" sl="35" sc="17" el="35" ec="153" bec="0" bev="0" fileid="312" />
                <SequencePoint vc="0" uspid="8818" ordinal="8" offset="93" sl="37" sc="13" el="37" ec="80" bec="2" bev="0" fileid="312" />
                <SequencePoint vc="0" uspid="8819" ordinal="9" offset="111" sl="38" sc="17" el="38" ec="166" bec="0" bev="0" fileid="312" />
                <SequencePoint vc="0" uspid="8820" ordinal="10" offset="147" sl="40" sc="13" el="40" ec="87" bec="0" bev="0" fileid="312" />
                <SequencePoint vc="0" uspid="8821" ordinal="11" offset="157" sl="41" sc="13" el="41" ec="81" bec="0" bev="0" fileid="312" />
                <SequencePoint vc="0" uspid="8822" ordinal="12" offset="164" sl="42" sc="13" el="42" ec="41" bec="2" bev="0" fileid="312" />
                <SequencePoint vc="0" uspid="8823" ordinal="13" offset="167" sl="43" sc="17" el="43" ec="49" bec="0" bev="0" fileid="312" />
                <SequencePoint vc="0" uspid="8824" ordinal="14" offset="174" sl="45" sc="13" el="45" ec="27" bec="0" bev="0" fileid="312" />
              </SequencePoints>
              <BranchPoints>
                <BranchPoint vc="0" uspid="8825" ordinal="0" offset="1" sl="26" path="0" offsetend="3" fileid="312" />
                <BranchPoint vc="0" uspid="8826" ordinal="1" offset="1" sl="26" path="1" offsetend="14" fileid="312" />
                <BranchPoint vc="0" uspid="8827" ordinal="2" offset="37" sl="30" path="0" offsetend="39" fileid="312" />
                <BranchPoint vc="0" uspid="8828" ordinal="3" offset="37" sl="30" path="1" offsetend="50" fileid="312" />
                <BranchPoint vc="0" uspid="8829" ordinal="4" offset="66" sl="34" path="0" offsetend="68" fileid="312" />
                <BranchPoint vc="0" uspid="8830" ordinal="5" offset="66" sl="34" path="1" offsetend="93" fileid="312" />
                <BranchPoint vc="0" uspid="8831" ordinal="6" offset="109" sl="37" path="0" offsetend="111" fileid="312" />
                <BranchPoint vc="0" uspid="8832" ordinal="7" offset="109" sl="37" path="1" offsetend="147" fileid="312" />
                <BranchPoint vc="0" uspid="8833" ordinal="8" offset="165" sl="42" path="0" offsetend="167" fileid="312" />
                <BranchPoint vc="0" uspid="8834" ordinal="9" offset="165" sl="42" path="1" offsetend="174" fileid="312" />
              </BranchPoints>
              <MethodPoint xsi:type="SequencePoint" vc="0" uspid="8810" ordinal="0" offset="0" sl="26" sc="13" el="26" ec="41" bec="2" bev="0" fileid="312" />
            </Method>
            <Method visited="false" cyclomaticComplexity="4" nPathComplexity="8" sequenceCoverage="0" branchCoverage="0" crapScore="20" isConstructor="false" isStatic="true" isGetter="false" isSetter="false">
              <Summary numSequencePoints="10" visitedSequencePoints="0" numBranchPoints="7" visitedBranchPoints="0" sequenceCoverage="0" branchCoverage="0" maxCyclomaticComplexity="4" minCyclomaticComplexity="4" maxCrapScore="20" minCrapScore="20" visitedClasses="0" numClasses="0" visitedMethods="0" numMethods="1" />
              <MetadataToken>100664742</MetadataToken>
              <Name>System.String Xunit.Sdk.SerializationHelper::Serialize(System.Object)</Name>
              <FileRef uid="312" />
              <SequencePoints>
                <SequencePoint vc="0" uspid="8835" ordinal="0" offset="0" sl="55" sc="13" el="55" ec="31" bec="2" bev="0" fileid="312" />
                <SequencePoint vc="0" uspid="8836" ordinal="1" offset="3" sl="56" sc="17" el="56" ec="64" bec="0" bev="0" fileid="312" />
                <SequencePoint vc="0" uspid="8837" ordinal="2" offset="14" sl="58" sc="13" el="58" ec="43" bec="0" bev="0" fileid="312" />
                <SequencePoint vc="0" uspid="8838" ordinal="3" offset="21" sl="59" sc="13" el="59" ec="31" bec="2" bev="0" fileid="312" />
                <SequencePoint vc="0" uspid="8839" ordinal="4" offset="24" sl="60" sc="17" el="60" ec="75" bec="0" bev="0" fileid="312" />
                <SequencePoint vc="0" uspid="8840" ordinal="5" offset="32" sl="62" sc="13" el="62" ec="60" bec="0" bev="0" fileid="312" />
                <SequencePoint vc="0" uspid="8841" ordinal="6" offset="38" sl="63" sc="13" el="63" ec="38" bec="2" bev="0" fileid="312" />
                <SequencePoint vc="0" uspid="8842" ordinal="7" offset="41" sl="64" sc="17" el="64" ec="153" bec="0" bev="0" fileid="312" />
                <SequencePoint vc="0" uspid="8843" ordinal="8" offset="77" sl="66" sc="13" el="66" ec="78" bec="0" bev="0" fileid="312" />
                <SequencePoint vc="0" uspid="8844" ordinal="9" offset="83" sl="67" sc="13" el="67" ec="111" bec="0" bev="0" fileid="312" />
              </SequencePoints>
              <BranchPoints>
                <BranchPoint vc="0" uspid="8845" ordinal="0" offset="1" sl="55" path="0" offsetend="3" fileid="312" />
                <BranchPoint vc="0" uspid="8846" ordinal="1" offset="1" sl="55" path="1" offsetend="14" fileid="312" />
                <BranchPoint vc="0" uspid="8847" ordinal="2" offset="22" sl="59" path="0" offsetend="24" fileid="312" />
                <BranchPoint vc="0" uspid="8848" ordinal="3" offset="22" sl="59" path="1" offsetend="32" fileid="312" />
                <BranchPoint vc="0" uspid="8849" ordinal="4" offset="39" sl="63" path="0" offsetend="41" fileid="312" />
                <BranchPoint vc="0" uspid="8850" ordinal="5" offset="39" sl="63" path="1" offsetend="77" fileid="312" />
              </BranchPoints>
              <MethodPoint xsi:type="SequencePoint" vc="0" uspid="8835" ordinal="0" offset="0" sl="55" sc="13" el="55" ec="31" bec="2" bev="0" fileid="312" />
            </Method>
            <Method visited="false" cyclomaticComplexity="1" nPathComplexity="0" sequenceCoverage="0" branchCoverage="0" crapScore="2" isConstructor="false" isStatic="true" isGetter="false" isSetter="false">
              <Summary numSequencePoints="1" visitedSequencePoints="0" numBranchPoints="1" visitedBranchPoints="0" sequenceCoverage="0" branchCoverage="0" maxCyclomaticComplexity="1" minCyclomaticComplexity="1" maxCrapScore="2" minCrapScore="2" visitedClasses="0" numClasses="0" visitedMethods="0" numMethods="1" />
              <MetadataToken>100664743</MetadataToken>
              <Name>System.Boolean Xunit.Sdk.SerializationHelper::IsSerializable(System.Object)</Name>
              <FileRef uid="312" />
              <SequencePoints>
                <SequencePoint vc="0" uspid="8851" ordinal="0" offset="0" sl="75" sc="13" el="75" ec="69" bec="0" bev="0" fileid="312" />
              </SequencePoints>
              <BranchPoints />
              <MethodPoint xsi:type="SequencePoint" vc="0" uspid="8851" ordinal="0" offset="0" sl="75" sc="13" el="75" ec="69" bec="0" bev="0" fileid="312" />
            </Method>
            <Method visited="false" cyclomaticComplexity="21" nPathComplexity="1048576" sequenceCoverage="0" branchCoverage="0" crapScore="462" isConstructor="false" isStatic="true" isGetter="false" isSetter="false">
              <Summary numSequencePoints="38" visitedSequencePoints="0" numBranchPoints="41" visitedBranchPoints="0" sequenceCoverage="0" branchCoverage="0" maxCyclomaticComplexity="21" minCyclomaticComplexity="21" maxCrapScore="462" minCrapScore="462" visitedClasses="0" numClasses="0" visitedMethods="0" numMethods="1" />
              <MetadataToken>100664744</MetadataToken>
              <Name>System.Type Xunit.Sdk.SerializationHelper::GetType(System.String)</Name>
              <FileRef uid="312" />
              <SequencePoints>
                <SequencePoint vc="0" uspid="8852" ordinal="0" offset="0" sl="85" sc="13" el="85" ec="74" bec="0" bev="0" fileid="312" />
                <SequencePoint vc="0" uspid="8853" ordinal="1" offset="9" sl="86" sc="13" el="86" ec="37" bec="2" bev="0" fileid="312" />
                <SequencePoint vc="0" uspid="8854" ordinal="2" offset="16" sl="88" sc="17" el="88" ec="71" bec="0" bev="0" fileid="312" />
                <SequencePoint vc="0" uspid="8855" ordinal="3" offset="25" sl="89" sc="17" el="89" ec="64" bec="3" bev="0" fileid="312" />
                <SequencePoint vc="0" uspid="8856" ordinal="4" offset="39" sl="93" sc="21" el="93" ec="35" bec="0" bev="0" fileid="312" />
                <SequencePoint vc="0" uspid="8857" ordinal="5" offset="41" sl="94" sc="21" el="94" ec="62" bec="0" bev="0" fileid="312" />
                <SequencePoint vc="0" uspid="8858" ordinal="6" offset="46" sl="95" sc="21" el="95" ec="55" bec="0" bev="0" fileid="312" />
                <SequencePoint vc="0" uspid="8859" ordinal="7" offset="51" sl="98" sc="25" el="98" ec="75" bec="6" bev="0" fileid="312" />
                <SequencePoint vc="0" uspid="8860" ordinal="8" offset="81" sl="100" sc="39" el="100" ec="47" bec="0" bev="0" fileid="312" />
                <SequencePoint vc="0" uspid="8861" ordinal="9" offset="85" sl="100" sc="48" el="100" ec="54" bec="0" bev="0" fileid="312" />
                <SequencePoint vc="0" uspid="8862" ordinal="10" offset="87" sl="101" sc="39" el="101" ec="47" bec="0" bev="0" fileid="312" />
                <SequencePoint vc="0" uspid="8863" ordinal="11" offset="91" sl="101" sc="48" el="101" ec="54" bec="0" bev="0" fileid="312" />
                <SequencePoint vc="0" uspid="8864" ordinal="12" offset="93" sl="103" sc="38" el="103" ec="67" bec="0" bev="0" fileid="312" />
                <SequencePoint vc="0" uspid="8865" ordinal="13" offset="96" sl="96" sc="92" el="96" ec="108" bec="0" bev="0" fileid="312" />
                <SequencePoint vc="0" uspid="8866" ordinal="14" offset="102" sl="96" sc="28" el="96" ec="90" bec="3" bev="0" fileid="312" />
                <SequencePoint vc="0" uspid="8867" ordinal="15" offset="116" sl="107" sc="21" el="107" ec="47" bec="2" bev="0" fileid="312" />
                <SequencePoint vc="0" uspid="8868" ordinal="16" offset="123" sl="109" sc="25" el="109" ec="40" bec="2" bev="0" fileid="312" />
                <SequencePoint vc="0" uspid="8869" ordinal="17" offset="126" sl="110" sc="29" el="110" ec="41" bec="0" bev="0" fileid="312" />
                <SequencePoint vc="0" uspid="8870" ordinal="18" offset="128" sl="112" sc="25" el="112" ec="142" bec="0" bev="0" fileid="312" />
                <SequencePoint vc="0" uspid="8871" ordinal="19" offset="143" sl="113" sc="25" el="113" ec="124" bec="2" bev="0" fileid="312" />
                <SequencePoint vc="0" uspid="8872" ordinal="20" offset="185" sl="114" sc="25" el="114" ec="91" bec="2" bev="0" fileid="312" />
                <SequencePoint vc="0" uspid="8873" ordinal="21" offset="228" sl="115" sc="25" el="115" ec="60" bec="4" bev="0" fileid="312" />
                <SequencePoint vc="0" uspid="8874" ordinal="22" offset="268" sl="116" sc="29" el="116" ec="41" bec="0" bev="0" fileid="312" />
                <SequencePoint vc="0" uspid="8875" ordinal="23" offset="270" sl="118" sc="25" el="118" ec="163" bec="0" bev="0" fileid="312" />
                <SequencePoint vc="0" uspid="8876" ordinal="24" offset="291" sl="119" sc="25" el="119" ec="80" bec="0" bev="0" fileid="312" />
                <SequencePoint vc="0" uspid="8877" ordinal="25" offset="298" sl="120" sc="25" el="120" ec="55" bec="2" bev="0" fileid="312" />
                <SequencePoint vc="0" uspid="8878" ordinal="26" offset="308" sl="121" sc="29" el="121" ec="41" bec="0" bev="0" fileid="312" />
                <SequencePoint vc="0" uspid="8879" ordinal="27" offset="310" sl="124" sc="25" el="124" ec="59" bec="0" bev="0" fileid="312" />
                <SequencePoint vc="0" uspid="8880" ordinal="28" offset="319" sl="127" sc="29" el="127" ec="79" bec="0" bev="0" fileid="312" />
                <SequencePoint vc="0" uspid="8881" ordinal="29" offset="333" sl="128" sc="29" el="128" ec="84" bec="0" bev="0" fileid="312" />
                <SequencePoint vc="0" uspid="8882" ordinal="30" offset="342" sl="125" sc="25" el="125" ec="58" bec="2" bev="0" fileid="312" />
                <SequencePoint vc="0" uspid="8883" ordinal="31" offset="351" sl="131" sc="25" el="131" ec="95" bec="0" bev="0" fileid="312" />
                <SequencePoint vc="0" uspid="8884" ordinal="32" offset="364" sl="134" sc="29" el="134" ec="57" bec="0" bev="0" fileid="312" />
                <SequencePoint vc="0" uspid="8885" ordinal="33" offset="373" sl="135" sc="29" el="135" ec="134" bec="2" bev="0" fileid="312" />
                <SequencePoint vc="0" uspid="8886" ordinal="34" offset="398" sl="132" sc="25" el="132" ec="53" bec="2" bev="0" fileid="312" />
                <SequencePoint vc="0" uspid="8887" ordinal="35" offset="408" sl="138" sc="25" el="138" ec="50" bec="0" bev="0" fileid="312" />
                <SequencePoint vc="0" uspid="8888" ordinal="36" offset="411" sl="143" sc="13" el="143" ec="87" bec="0" bev="0" fileid="312" />
                <SequencePoint vc="0" uspid="8889" ordinal="37" offset="419" sl="144" sc="13" el="147" ec="45" bec="4" bev="0" fileid="312" />
              </SequencePoints>
              <BranchPoints>
                <BranchPoint vc="0" uspid="8890" ordinal="0" offset="11" sl="86" path="0" offsetend="16" fileid="312" />
                <BranchPoint vc="0" uspid="8891" ordinal="1" offset="11" sl="86" path="1" offsetend="411" fileid="312" />
                <BranchPoint vc="0" uspid="8892" ordinal="2" offset="27" sl="89" path="0" offsetend="32" fileid="312" />
                <BranchPoint vc="0" uspid="8893" ordinal="3" offset="27" sl="89" path="1" offsetend="411" fileid="312" />
                <BranchPoint vc="0" uspid="8894" ordinal="4" offset="34" sl="89" path="0" offsetend="39" fileid="312" />
                <BranchPoint vc="0" uspid="8895" ordinal="5" offset="34" sl="89" path="1" offsetend="411" fileid="312" />
                <BranchPoint vc="0" uspid="8896" ordinal="6" offset="65" sl="98" path="0" offsetend="67" fileid="312" />
                <BranchPoint vc="0" uspid="8897" ordinal="7" offset="65" sl="98" path="1" offsetend="96" fileid="312" />
                <BranchPoint vc="0" uspid="8898" ordinal="8" offset="71" sl="98" path="0" offsetend="73" fileid="312" />
                <BranchPoint vc="0" uspid="8899" ordinal="9" offset="71" sl="98" path="1" offsetend="81" fileid="312" />
                <BranchPoint vc="0" uspid="8900" ordinal="10" offset="77" sl="98" path="0" offsetchain="79" offsetend="93" fileid="312" />
                <BranchPoint vc="0" uspid="8901" ordinal="11" offset="77" sl="98" path="1" offsetend="87" fileid="312" />
                <BranchPoint vc="0" uspid="8902" ordinal="12" offset="104" sl="96" path="0" offsetend="106" fileid="312" />
                <BranchPoint vc="0" uspid="8903" ordinal="13" offset="104" sl="96" path="1" offsetend="116" fileid="312" />
                <BranchPoint vc="0" uspid="8904" ordinal="14" offset="114" sl="96" path="0" offsetend="116" fileid="312" />
                <BranchPoint vc="0" uspid="8905" ordinal="15" offset="114" sl="96" path="1" offsetend="51" fileid="312" />
                <BranchPoint vc="0" uspid="8906" ordinal="16" offset="118" sl="107" path="0" offsetend="123" fileid="312" />
                <BranchPoint vc="0" uspid="8907" ordinal="17" offset="118" sl="107" path="1" offsetend="411" fileid="312" />
                <BranchPoint vc="0" uspid="8908" ordinal="18" offset="124" sl="109" path="0" offsetend="126" fileid="312" />
                <BranchPoint vc="0" uspid="8909" ordinal="19" offset="124" sl="109" path="1" offsetend="128" fileid="312" />
                <BranchPoint vc="0" uspid="8910" ordinal="20" offset="155" sl="113" path="0" offsetend="157" fileid="312" />
                <BranchPoint vc="0" uspid="8911" ordinal="21" offset="155" sl="113" path="1" offsetend="180" fileid="312" />
                <BranchPoint vc="0" uspid="8912" ordinal="22" offset="191" sl="114" path="0" offsetend="193" fileid="312" />
                <BranchPoint vc="0" uspid="8913" ordinal="23" offset="191" sl="114" path="1" offsetend="216" fileid="312" />
                <BranchPoint vc="0" uspid="8914" ordinal="24" offset="236" sl="115" path="0" offsetend="238" fileid="312" />
                <BranchPoint vc="0" uspid="8915" ordinal="25" offset="236" sl="115" path="1" offsetend="261" fileid="312" />
                <BranchPoint vc="0" uspid="8916" ordinal="26" offset="266" sl="115" path="0" offsetend="268" fileid="312" />
                <BranchPoint vc="0" uspid="8917" ordinal="27" offset="266" sl="115" path="1" offsetend="270" fileid="312" />
                <BranchPoint vc="0" uspid="8918" ordinal="28" offset="306" sl="120" path="0" offsetend="308" fileid="312" />
                <BranchPoint vc="0" uspid="8919" ordinal="29" offset="306" sl="120" path="1" offsetend="310" fileid="312" />
                <BranchPoint vc="0" uspid="8920" ordinal="30" offset="349" sl="125" path="0" offsetend="351" fileid="312" />
                <BranchPoint vc="0" uspid="8921" ordinal="31" offset="349" sl="125" path="1" offsetend="319" fileid="312" />
                <BranchPoint vc="0" uspid="8922" ordinal="32" offset="376" sl="135" path="0" offsetend="378" fileid="312" />
                <BranchPoint vc="0" uspid="8923" ordinal="33" offset="376" sl="135" path="1" offsetend="387" fileid="312" />
                <BranchPoint vc="0" uspid="8924" ordinal="34" offset="406" sl="132" path="0" offsetend="408" fileid="312" />
                <BranchPoint vc="0" uspid="8925" ordinal="35" offset="406" sl="132" path="1" offsetend="364" fileid="312" />
                <BranchPoint vc="0" uspid="8926" ordinal="36" offset="425" sl="144" path="0" offsetend="427" fileid="312" />
                <BranchPoint vc="0" uspid="8927" ordinal="37" offset="425" sl="144" path="1" offsetend="469" fileid="312" />
                <BranchPoint vc="0" uspid="8928" ordinal="38" offset="434" sl="144" path="0" offsetend="436" fileid="312" />
                <BranchPoint vc="0" uspid="8929" ordinal="39" offset="434" sl="144" path="1" offsetend="456" fileid="312" />
              </BranchPoints>
              <MethodPoint xsi:type="SequencePoint" vc="0" uspid="8852" ordinal="0" offset="0" sl="85" sc="13" el="85" ec="74" bec="0" bev="0" fileid="312" />
            </Method>
            <Method visited="false" cyclomaticComplexity="3" nPathComplexity="4" sequenceCoverage="0" branchCoverage="0" crapScore="12" isConstructor="false" isStatic="true" isGetter="false" isSetter="false">
              <Summary numSequencePoints="9" visitedSequencePoints="0" numBranchPoints="5" visitedBranchPoints="0" sequenceCoverage="0" branchCoverage="0" maxCyclomaticComplexity="3" minCyclomaticComplexity="3" maxCrapScore="12" minCrapScore="12" visitedClasses="0" numClasses="0" visitedMethods="0" numMethods="1" />
              <MetadataToken>100664745</MetadataToken>
              <Name>System.Type Xunit.Sdk.SerializationHelper::GetType(System.String,System.String)</Name>
              <FileRef uid="312" />
              <SequencePoints>
                <SequencePoint vc="0" uspid="8930" ordinal="0" offset="13" sl="165" sc="13" el="165" ec="152" bec="0" bev="0" fileid="312" />
                <SequencePoint vc="0" uspid="8931" ordinal="1" offset="41" sl="166" sc="13" el="166" ec="34" bec="2" bev="0" fileid="312" />
                <SequencePoint vc="0" uspid="8932" ordinal="2" offset="50" sl="170" sc="21" el="170" ec="60" bec="0" bev="0" fileid="312" />
                <SequencePoint vc="0" uspid="8933" ordinal="3" offset="62" sl="171" sc="17" el="171" ec="18" bec="0" bev="0" fileid="312" />
                <SequencePoint vc="0" uspid="8934" ordinal="4" offset="64" sl="172" sc="17" el="172" ec="22" bec="0" bev="0" fileid="312" />
                <SequencePoint vc="0" uspid="8935" ordinal="5" offset="65" sl="172" sc="25" el="172" ec="26" bec="0" bev="0" fileid="312" />
                <SequencePoint vc="0" uspid="8936" ordinal="6" offset="67" sl="186" sc="13" el="186" ec="34" bec="2" bev="0" fileid="312" />
                <SequencePoint vc="0" uspid="8937" ordinal="7" offset="76" sl="187" sc="17" el="187" ec="29" bec="0" bev="0" fileid="312" />
                <SequencePoint vc="0" uspid="8938" ordinal="8" offset="78" sl="189" sc="13" el="189" ec="47" bec="0" bev="0" fileid="312" />
              </SequencePoints>
              <BranchPoints>
                <BranchPoint vc="0" uspid="8939" ordinal="0" offset="48" sl="166" path="0" offsetend="50" fileid="312" />
                <BranchPoint vc="0" uspid="8940" ordinal="1" offset="48" sl="166" path="1" offsetend="67" fileid="312" />
                <BranchPoint vc="0" uspid="8941" ordinal="2" offset="74" sl="186" path="0" offsetend="76" fileid="312" />
                <BranchPoint vc="0" uspid="8942" ordinal="3" offset="74" sl="186" path="1" offsetend="78" fileid="312" />
              </BranchPoints>
              <MethodPoint vc="0" uspid="8943" ordinal="0" offset="0" />
            </Method>
            <Method visited="false" cyclomaticComplexity="2" nPathComplexity="2" sequenceCoverage="0" branchCoverage="0" crapScore="6" isConstructor="false" isStatic="true" isGetter="false" isSetter="false">
              <Summary numSequencePoints="3" visitedSequencePoints="0" numBranchPoints="3" visitedBranchPoints="0" sequenceCoverage="0" branchCoverage="0" maxCyclomaticComplexity="2" minCyclomaticComplexity="2" maxCrapScore="6" minCrapScore="6" visitedClasses="0" numClasses="0" visitedMethods="0" numMethods="1" />
              <MetadataToken>100664746</MetadataToken>
              <Name>System.String Xunit.Sdk.SerializationHelper::GetTypeNameForSerialization(System.Type)</Name>
              <FileRef uid="312" />
              <SequencePoints>
                <SequencePoint vc="0" uspid="8944" ordinal="0" offset="13" sl="199" sc="13" el="199" ec="53" bec="2" bev="0" fileid="312" />
                <SequencePoint vc="0" uspid="8945" ordinal="1" offset="36" sl="200" sc="17" el="200" ec="37" bec="0" bev="0" fileid="312" />
                <SequencePoint vc="0" uspid="8946" ordinal="2" offset="52" sl="202" sc="13" el="202" ec="74" bec="0" bev="0" fileid="312" />
              </SequencePoints>
              <BranchPoints>
                <BranchPoint vc="0" uspid="8947" ordinal="0" offset="34" sl="199" path="0" offsetend="36" fileid="312" />
                <BranchPoint vc="0" uspid="8948" ordinal="1" offset="34" sl="199" path="1" offsetend="52" fileid="312" />
              </BranchPoints>
              <MethodPoint vc="0" uspid="8949" ordinal="0" offset="0" />
            </Method>
            <Method visited="false" cyclomaticComplexity="5" nPathComplexity="16" sequenceCoverage="0" branchCoverage="0" crapScore="30" isConstructor="false" isStatic="true" isGetter="false" isSetter="false">
              <Summary numSequencePoints="6" visitedSequencePoints="0" numBranchPoints="9" visitedBranchPoints="0" sequenceCoverage="0" branchCoverage="0" maxCyclomaticComplexity="5" minCyclomaticComplexity="5" maxCrapScore="30" minCrapScore="30" visitedClasses="0" numClasses="0" visitedMethods="0" numMethods="1" />
              <MetadataToken>100664747</MetadataToken>
              <Name>System.String Xunit.Sdk.SerializationHelper::SubstringTrim(System.String,System.Int32,System.Int32)</Name>
              <FileRef uid="312" />
              <SequencePoints>
                <SequencePoint vc="0" uspid="8950" ordinal="0" offset="0" sl="262" sc="13" el="262" ec="48" bec="0" bev="0" fileid="312" />
                <SequencePoint vc="0" uspid="8951" ordinal="1" offset="6" sl="265" sc="17" el="265" ec="30" bec="0" bev="0" fileid="312" />
                <SequencePoint vc="0" uspid="8952" ordinal="2" offset="11" sl="264" sc="13" el="264" ec="80" bec="3" bev="0" fileid="312" />
                <SequencePoint vc="0" uspid="8953" ordinal="3" offset="31" sl="268" sc="17" el="268" ec="28" bec="0" bev="0" fileid="312" />
                <SequencePoint vc="0" uspid="8954" ordinal="4" offset="35" sl="267" sc="13" el="267" ec="82" bec="3" bev="0" fileid="312" />
                <SequencePoint vc="0" uspid="8955" ordinal="5" offset="55" sl="270" sc="13" el="270" ec="69" bec="0" bev="0" fileid="312" />
              </SequencePoints>
              <BranchPoints>
                <BranchPoint vc="0" uspid="8956" ordinal="0" offset="13" sl="264" path="0" offsetend="15" fileid="312" />
                <BranchPoint vc="0" uspid="8957" ordinal="1" offset="13" sl="264" path="1" offsetend="35" fileid="312" />
                <BranchPoint vc="0" uspid="8958" ordinal="2" offset="27" sl="264" path="0" offsetchain="29" offsetend="35" fileid="312" />
                <BranchPoint vc="0" uspid="8959" ordinal="3" offset="27" sl="264" path="1" offsetend="6" fileid="312" />
                <BranchPoint vc="0" uspid="8960" ordinal="4" offset="37" sl="267" path="0" offsetend="39" fileid="312" />
                <BranchPoint vc="0" uspid="8961" ordinal="5" offset="37" sl="267" path="1" offsetend="55" fileid="312" />
                <BranchPoint vc="0" uspid="8962" ordinal="6" offset="53" sl="267" path="0" offsetend="55" fileid="312" />
                <BranchPoint vc="0" uspid="8963" ordinal="7" offset="53" sl="267" path="1" offsetend="31" fileid="312" />
              </BranchPoints>
              <MethodPoint xsi:type="SequencePoint" vc="0" uspid="8950" ordinal="0" offset="0" sl="262" sc="13" el="262" ec="48" bec="0" bev="0" fileid="312" />
            </Method>
            <Method visited="false" cyclomaticComplexity="10" nPathComplexity="512" sequenceCoverage="0" branchCoverage="0" crapScore="110" isConstructor="false" isStatic="true" isGetter="false" isSetter="false">
              <Summary numSequencePoints="19" visitedSequencePoints="0" numBranchPoints="19" visitedBranchPoints="0" sequenceCoverage="0" branchCoverage="0" maxCyclomaticComplexity="10" minCyclomaticComplexity="10" maxCrapScore="110" minCrapScore="110" visitedClasses="0" numClasses="0" visitedMethods="0" numMethods="1" />
              <MetadataToken>100664748</MetadataToken>
              <Name>System.Collections.Generic.IList`1&lt;System.String&gt; Xunit.Sdk.SerializationHelper::SplitAtOuterCommas(System.String,System.Boolean)</Name>
              <FileRef uid="312" />
              <SequencePoints>
                <SequencePoint vc="0" uspid="8964" ordinal="0" offset="0" sl="275" sc="13" el="275" ec="46" bec="0" bev="0" fileid="312" />
                <SequencePoint vc="0" uspid="8965" ordinal="1" offset="6" sl="277" sc="13" el="277" ec="32" bec="0" bev="0" fileid="312" />
                <SequencePoint vc="0" uspid="8966" ordinal="2" offset="8" sl="278" sc="13" el="278" ec="30" bec="0" bev="0" fileid="312" />
                <SequencePoint vc="0" uspid="8967" ordinal="3" offset="10" sl="279" sc="13" el="279" ec="27" bec="0" bev="0" fileid="312" />
                <SequencePoint vc="0" uspid="8968" ordinal="4" offset="14" sl="283" sc="17" el="283" ec="41" bec="6" bev="0" fileid="312" />
                <SequencePoint vc="0" uspid="8969" ordinal="5" offset="43" sl="285" sc="31" el="285" ec="39" bec="0" bev="0" fileid="312" />
                <SequencePoint vc="0" uspid="8970" ordinal="6" offset="47" sl="285" sc="40" el="285" ec="46" bec="0" bev="0" fileid="312" />
                <SequencePoint vc="0" uspid="8971" ordinal="7" offset="49" sl="286" sc="31" el="286" ec="39" bec="0" bev="0" fileid="312" />
                <SequencePoint vc="0" uspid="8972" ordinal="8" offset="53" sl="286" sc="40" el="286" ec="46" bec="0" bev="0" fileid="312" />
                <SequencePoint vc="0" uspid="8973" ordinal="9" offset="55" sl="288" sc="25" el="288" ec="40" bec="2" bev="0" fileid="312" />
                <SequencePoint vc="0" uspid="8974" ordinal="10" offset="58" sl="290" sc="29" el="292" ec="85" bec="2" bev="0" fileid="312" />
                <SequencePoint vc="0" uspid="8975" ordinal="11" offset="89" sl="293" sc="29" el="293" ec="55" bec="0" bev="0" fileid="312" />
                <SequencePoint vc="0" uspid="8976" ordinal="12" offset="93" sl="281" sc="45" el="281" ec="55" bec="0" bev="0" fileid="312" />
                <SequencePoint vc="0" uspid="8977" ordinal="13" offset="97" sl="281" sc="20" el="281" ec="43" bec="2" bev="0" fileid="312" />
                <SequencePoint vc="0" uspid="8978" ordinal="14" offset="106" sl="299" sc="13" el="299" ec="54" bec="3" bev="0" fileid="312" />
                <SequencePoint vc="0" uspid="8979" ordinal="15" offset="113" sl="301" sc="17" el="301" ec="33" bec="0" bev="0" fileid="312" />
                <SequencePoint vc="0" uspid="8980" ordinal="16" offset="119" sl="302" sc="13" el="302" ec="14" bec="0" bev="0" fileid="312" />
                <SequencePoint vc="0" uspid="8981" ordinal="17" offset="121" sl="305" sc="17" el="307" ec="73" bec="2" bev="0" fileid="312" />
                <SequencePoint vc="0" uspid="8982" ordinal="18" offset="152" sl="310" sc="13" el="310" ec="28" bec="0" bev="0" fileid="312" />
              </SequencePoints>
              <BranchPoints>
                <BranchPoint vc="0" uspid="8983" ordinal="0" offset="27" sl="283" path="0" offsetend="29" fileid="312" />
                <BranchPoint vc="0" uspid="8984" ordinal="1" offset="27" sl="283" path="1" offsetend="55" fileid="312" />
                <BranchPoint vc="0" uspid="8985" ordinal="2" offset="33" sl="283" path="0" offsetend="35" fileid="312" />
                <BranchPoint vc="0" uspid="8986" ordinal="3" offset="33" sl="283" path="1" offsetend="43" fileid="312" />
                <BranchPoint vc="0" uspid="8987" ordinal="4" offset="39" sl="283" path="0" offsetchain="41" offsetend="93" fileid="312" />
                <BranchPoint vc="0" uspid="8988" ordinal="5" offset="39" sl="283" path="1" offsetend="49" fileid="312" />
                <BranchPoint vc="0" uspid="8989" ordinal="6" offset="56" sl="288" path="0" offsetend="58" fileid="312" />
                <BranchPoint vc="0" uspid="8990" ordinal="7" offset="56" sl="288" path="1" offsetend="93" fileid="312" />
                <BranchPoint vc="0" uspid="8991" ordinal="8" offset="60" sl="290" path="0" offsetend="62" fileid="312" />
                <BranchPoint vc="0" uspid="8992" ordinal="9" offset="60" sl="290" path="1" offsetend="74" fileid="312" />
                <BranchPoint vc="0" uspid="8993" ordinal="10" offset="104" sl="281" path="0" offsetend="106" fileid="312" />
                <BranchPoint vc="0" uspid="8994" ordinal="11" offset="104" sl="281" path="1" offsetend="14" fileid="312" />
                <BranchPoint vc="0" uspid="8995" ordinal="12" offset="107" sl="299" path="0" offsetend="109" fileid="312" />
                <BranchPoint vc="0" uspid="8996" ordinal="13" offset="107" sl="299" path="1" offsetend="113" fileid="312" />
                <BranchPoint vc="0" uspid="8997" ordinal="14" offset="111" sl="299" path="0" offsetend="113" fileid="312" />
                <BranchPoint vc="0" uspid="8998" ordinal="15" offset="111" sl="299" path="1" offsetend="121" fileid="312" />
                <BranchPoint vc="0" uspid="8999" ordinal="16" offset="123" sl="305" path="0" offsetend="125" fileid="312" />
                <BranchPoint vc="0" uspid="9000" ordinal="17" offset="123" sl="305" path="1" offsetend="137" fileid="312" />
              </BranchPoints>
              <MethodPoint xsi:type="SequencePoint" vc="0" uspid="8964" ordinal="0" offset="0" sl="275" sc="13" el="275" ec="46" bec="0" bev="0" fileid="312" />
            </Method>
            <Method visited="false" cyclomaticComplexity="1" nPathComplexity="0" sequenceCoverage="0" branchCoverage="0" crapScore="2" isConstructor="true" isStatic="true" isGetter="false" isSetter="false">
              <Summary numSequencePoints="1" visitedSequencePoints="0" numBranchPoints="1" visitedBranchPoints="0" sequenceCoverage="0" branchCoverage="0" maxCyclomaticComplexity="1" minCyclomaticComplexity="1" maxCrapScore="2" minCrapScore="2" visitedClasses="0" numClasses="0" visitedMethods="0" numMethods="1" />
              <MetadataToken>100664749</MetadataToken>
              <Name>System.Void Xunit.Sdk.SerializationHelper::.cctor()</Name>
              <FileRef uid="312" />
              <SequencePoints>
                <SequencePoint vc="0" uspid="9001" ordinal="0" offset="0" sl="16" sc="9" el="16" ec="121" bec="0" bev="0" fileid="312" />
              </SequencePoints>
              <BranchPoints />
              <MethodPoint xsi:type="SequencePoint" vc="0" uspid="9001" ordinal="0" offset="0" sl="16" sc="9" el="16" ec="121" bec="0" bev="0" fileid="312" />
            </Method>
          </Methods>
        </Class>
        <Class>
          <Summary numSequencePoints="4" visitedSequencePoints="0" numBranchPoints="4" visitedBranchPoints="0" sequenceCoverage="0" branchCoverage="0" maxCyclomaticComplexity="1" minCyclomaticComplexity="1" maxCrapScore="2" minCrapScore="2" visitedClasses="0" numClasses="1" visitedMethods="0" numMethods="4" />
          <FullName>Xunit.Sdk.SerializationHelper/&lt;&gt;c</FullName>
          <Methods>
            <Method visited="false" cyclomaticComplexity="1" nPathComplexity="0" sequenceCoverage="0" branchCoverage="0" crapScore="2" isConstructor="true" isStatic="true" isGetter="false" isSetter="false">
              <Summary numSequencePoints="0" visitedSequencePoints="0" numBranchPoints="0" visitedBranchPoints="0" sequenceCoverage="0" branchCoverage="0" maxCyclomaticComplexity="1" minCyclomaticComplexity="1" maxCrapScore="2" minCrapScore="2" visitedClasses="0" numClasses="0" visitedMethods="0" numMethods="0" />
              <MetadataToken>100665152</MetadataToken>
              <Name>System.Void Xunit.Sdk.SerializationHelper/&lt;&gt;c::.cctor()</Name>
              <SequencePoints />
              <BranchPoints />
              <MethodPoint vc="0" uspid="9002" ordinal="0" offset="0" />
            </Method>
            <Method visited="false" cyclomaticComplexity="1" nPathComplexity="0" sequenceCoverage="0" branchCoverage="0" crapScore="2" isConstructor="true" isStatic="false" isGetter="false" isSetter="false">
              <Summary numSequencePoints="0" visitedSequencePoints="0" numBranchPoints="0" visitedBranchPoints="0" sequenceCoverage="0" branchCoverage="0" maxCyclomaticComplexity="1" minCyclomaticComplexity="1" maxCrapScore="2" minCrapScore="2" visitedClasses="0" numClasses="0" visitedMethods="0" numMethods="0" />
              <MetadataToken>100665153</MetadataToken>
              <Name>System.Void Xunit.Sdk.SerializationHelper/&lt;&gt;c::.ctor()</Name>
              <SequencePoints />
              <BranchPoints />
              <MethodPoint vc="0" uspid="9003" ordinal="0" offset="0" />
            </Method>
            <Method visited="false" cyclomaticComplexity="1" nPathComplexity="0" sequenceCoverage="0" branchCoverage="0" crapScore="2" isConstructor="false" isStatic="false" isGetter="false" isSetter="false">
              <Summary numSequencePoints="1" visitedSequencePoints="0" numBranchPoints="1" visitedBranchPoints="0" sequenceCoverage="0" branchCoverage="0" maxCyclomaticComplexity="1" minCyclomaticComplexity="1" maxCrapScore="2" minCrapScore="2" visitedClasses="0" numClasses="0" visitedMethods="0" numMethods="1" />
              <MetadataToken>100665154</MetadataToken>
              <Name>System.String Xunit.Sdk.SerializationHelper/&lt;&gt;c::&lt;GetType&gt;b__4_0(System.String)</Name>
              <FileRef uid="312" />
              <SequencePoints>
                <SequencePoint vc="0" uspid="9004" ordinal="0" offset="0" sl="113" sc="94" el="113" ec="122" bec="0" bev="0" fileid="312" />
              </SequencePoints>
              <BranchPoints />
              <MethodPoint xsi:type="SequencePoint" vc="0" uspid="9004" ordinal="0" offset="0" sl="113" sc="94" el="113" ec="122" bec="0" bev="0" fileid="312" />
            </Method>
            <Method visited="false" cyclomaticComplexity="1" nPathComplexity="0" sequenceCoverage="0" branchCoverage="0" crapScore="2" isConstructor="false" isStatic="false" isGetter="false" isSetter="false">
              <Summary numSequencePoints="1" visitedSequencePoints="0" numBranchPoints="1" visitedBranchPoints="0" sequenceCoverage="0" branchCoverage="0" maxCyclomaticComplexity="1" minCyclomaticComplexity="1" maxCrapScore="2" minCrapScore="2" visitedClasses="0" numClasses="0" visitedMethods="0" numMethods="1" />
              <MetadataToken>100665155</MetadataToken>
              <Name>System.Type Xunit.Sdk.SerializationHelper/&lt;&gt;c::&lt;GetType&gt;b__4_1(System.String)</Name>
              <FileRef uid="312" />
              <SequencePoints>
                <SequencePoint vc="0" uspid="9005" ordinal="0" offset="0" sl="114" sc="69" el="114" ec="79" bec="0" bev="0" fileid="312" />
              </SequencePoints>
              <BranchPoints />
              <MethodPoint xsi:type="SequencePoint" vc="0" uspid="9005" ordinal="0" offset="0" sl="114" sc="69" el="114" ec="79" bec="0" bev="0" fileid="312" />
            </Method>
            <Method visited="false" cyclomaticComplexity="1" nPathComplexity="0" sequenceCoverage="0" branchCoverage="0" crapScore="2" isConstructor="false" isStatic="false" isGetter="false" isSetter="false">
              <Summary numSequencePoints="1" visitedSequencePoints="0" numBranchPoints="1" visitedBranchPoints="0" sequenceCoverage="0" branchCoverage="0" maxCyclomaticComplexity="1" minCyclomaticComplexity="1" maxCrapScore="2" minCrapScore="2" visitedClasses="0" numClasses="0" visitedMethods="0" numMethods="1" />
              <MetadataToken>100665156</MetadataToken>
              <Name>System.Boolean Xunit.Sdk.SerializationHelper/&lt;&gt;c::&lt;GetType&gt;b__4_2(System.Type)</Name>
              <FileRef uid="312" />
              <SequencePoints>
                <SequencePoint vc="0" uspid="9006" ordinal="0" offset="0" sl="115" sc="49" el="115" ec="58" bec="0" bev="0" fileid="312" />
              </SequencePoints>
              <BranchPoints />
              <MethodPoint xsi:type="SequencePoint" vc="0" uspid="9006" ordinal="0" offset="0" sl="115" sc="49" el="115" ec="58" bec="0" bev="0" fileid="312" />
            </Method>
            <Method visited="false" cyclomaticComplexity="1" nPathComplexity="0" sequenceCoverage="0" branchCoverage="0" crapScore="2" isConstructor="false" isStatic="false" isGetter="false" isSetter="false">
              <Summary numSequencePoints="1" visitedSequencePoints="0" numBranchPoints="1" visitedBranchPoints="0" sequenceCoverage="0" branchCoverage="0" maxCyclomaticComplexity="1" minCyclomaticComplexity="1" maxCrapScore="2" minCrapScore="2" visitedClasses="0" numClasses="0" visitedMethods="0" numMethods="1" />
              <MetadataToken>100665157</MetadataToken>
              <Name>System.String Xunit.Sdk.SerializationHelper/&lt;&gt;c::&lt;GetTypeNameForSerialization&gt;b__6_1(System.Type)</Name>
              <FileRef uid="312" />
              <SequencePoints>
                <SequencePoint vc="0" uspid="9007" ordinal="0" offset="0" sl="223" sc="60" el="223" ec="97" bec="0" bev="0" fileid="312" />
              </SequencePoints>
              <BranchPoints />
              <MethodPoint xsi:type="SequencePoint" vc="0" uspid="9007" ordinal="0" offset="0" sl="223" sc="60" el="223" ec="97" bec="0" bev="0" fileid="312" />
            </Method>
          </Methods>
        </Class>
        <Class>
          <Summary numSequencePoints="1" visitedSequencePoints="0" numBranchPoints="3" visitedBranchPoints="0" sequenceCoverage="0" branchCoverage="0" maxCyclomaticComplexity="2" minCyclomaticComplexity="1" maxCrapScore="6" minCrapScore="2" visitedClasses="0" numClasses="1" visitedMethods="0" numMethods="1" />
          <FullName>Xunit.Sdk.SerializationHelper/&lt;&gt;c__DisplayClass5_0</FullName>
          <Methods>
            <Method visited="false" cyclomaticComplexity="1" nPathComplexity="0" sequenceCoverage="0" branchCoverage="0" crapScore="2" isConstructor="true" isStatic="false" isGetter="false" isSetter="false">
              <Summary numSequencePoints="0" visitedSequencePoints="0" numBranchPoints="0" visitedBranchPoints="0" sequenceCoverage="0" branchCoverage="0" maxCyclomaticComplexity="1" minCyclomaticComplexity="1" maxCrapScore="2" minCrapScore="2" visitedClasses="0" numClasses="0" visitedMethods="0" numMethods="0" />
              <MetadataToken>100665158</MetadataToken>
              <Name>System.Void Xunit.Sdk.SerializationHelper/&lt;&gt;c__DisplayClass5_0::.ctor()</Name>
              <SequencePoints />
              <BranchPoints />
              <MethodPoint vc="0" uspid="9008" ordinal="0" offset="0" />
            </Method>
            <Method visited="false" cyclomaticComplexity="2" nPathComplexity="2" sequenceCoverage="0" branchCoverage="0" crapScore="6" isConstructor="false" isStatic="false" isGetter="false" isSetter="false">
              <Summary numSequencePoints="1" visitedSequencePoints="0" numBranchPoints="3" visitedBranchPoints="0" sequenceCoverage="0" branchCoverage="0" maxCyclomaticComplexity="2" minCyclomaticComplexity="2" maxCrapScore="6" minCrapScore="6" visitedClasses="0" numClasses="0" visitedMethods="0" numMethods="1" />
              <MetadataToken>100665159</MetadataToken>
              <Name>System.Boolean Xunit.Sdk.SerializationHelper/&lt;&gt;c__DisplayClass5_0::&lt;GetType&gt;b__0(System.Reflection.Assembly)</Name>
              <FileRef uid="312" />
              <SequencePoints>
                <SequencePoint vc="0" uspid="9009" ordinal="0" offset="0" sl="165" sc="88" el="165" ec="150" bec="2" bev="0" fileid="312" />
              </SequencePoints>
              <BranchPoints>
                <BranchPoint vc="0" uspid="9010" ordinal="0" offset="17" sl="165" path="0" offsetend="19" fileid="312" />
                <BranchPoint vc="0" uspid="9011" ordinal="1" offset="17" sl="165" path="1" offsetend="42" fileid="312" />
              </BranchPoints>
              <MethodPoint xsi:type="SequencePoint" vc="0" uspid="9009" ordinal="0" offset="0" sl="165" sc="88" el="165" ec="150" bec="2" bev="0" fileid="312" />
            </Method>
          </Methods>
        </Class>
        <Class>
          <Summary numSequencePoints="22" visitedSequencePoints="0" numBranchPoints="19" visitedBranchPoints="0" sequenceCoverage="0" branchCoverage="0" maxCyclomaticComplexity="10" minCyclomaticComplexity="1" maxCrapScore="110" minCrapScore="2" visitedClasses="0" numClasses="1" visitedMethods="0" numMethods="1" />
          <FullName>Xunit.Sdk.SerializationHelper/&lt;&gt;c__DisplayClass6_0</FullName>
          <Methods>
            <Method visited="false" cyclomaticComplexity="1" nPathComplexity="0" sequenceCoverage="0" branchCoverage="0" crapScore="2" isConstructor="true" isStatic="false" isGetter="false" isSetter="false">
              <Summary numSequencePoints="0" visitedSequencePoints="0" numBranchPoints="0" visitedBranchPoints="0" sequenceCoverage="0" branchCoverage="0" maxCyclomaticComplexity="1" minCyclomaticComplexity="1" maxCrapScore="2" minCrapScore="2" visitedClasses="0" numClasses="0" visitedMethods="0" numMethods="0" />
              <MetadataToken>100665160</MetadataToken>
              <Name>System.Void Xunit.Sdk.SerializationHelper/&lt;&gt;c__DisplayClass6_0::.ctor()</Name>
              <SequencePoints />
              <BranchPoints />
              <MethodPoint vc="0" uspid="9012" ordinal="0" offset="0" />
            </Method>
            <Method visited="false" cyclomaticComplexity="10" nPathComplexity="512" sequenceCoverage="0" branchCoverage="0" crapScore="110" isConstructor="false" isStatic="false" isGetter="false" isSetter="false">
              <Summary numSequencePoints="22" visitedSequencePoints="0" numBranchPoints="19" visitedBranchPoints="0" sequenceCoverage="0" branchCoverage="0" maxCyclomaticComplexity="10" minCyclomaticComplexity="10" maxCrapScore="110" minCrapScore="110" visitedClasses="0" numClasses="0" visitedMethods="0" numMethods="1" />
              <MetadataToken>100665161</MetadataToken>
              <Name>System.String Xunit.Sdk.SerializationHelper/&lt;&gt;c__DisplayClass6_0::&lt;GetTypeNameForSerialization&gt;g__GetTypeNameAsString0(System.Type)</Name>
              <FileRef uid="312" />
              <SequencePoints>
                <SequencePoint vc="0" uspid="9013" ordinal="0" offset="0" sl="206" sc="17" el="206" ec="49" bec="2" bev="0" fileid="312" />
                <SequencePoint vc="0" uspid="9014" ordinal="1" offset="13" sl="207" sc="21" el="207" ec="136" bec="0" bev="0" fileid="312" />
                <SequencePoint vc="0" uspid="9015" ordinal="2" offset="45" sl="209" sc="17" el="209" ec="51" bec="0" bev="0" fileid="312" />
                <SequencePoint vc="0" uspid="9016" ordinal="3" offset="52" sl="210" sc="17" el="210" ec="83" bec="0" bev="0" fileid="312" />
                <SequencePoint vc="0" uspid="9017" ordinal="4" offset="82" sl="212" sc="17" el="212" ec="51" bec="0" bev="0" fileid="312" />
                <SequencePoint vc="0" uspid="9018" ordinal="5" offset="90" sl="215" sc="21" el="215" ec="63" bec="0" bev="0" fileid="312" />
                <SequencePoint vc="0" uspid="9019" ordinal="6" offset="102" sl="216" sc="21" el="216" ec="60" bec="0" bev="0" fileid="312" />
                <SequencePoint vc="0" uspid="9020" ordinal="7" offset="110" sl="213" sc="17" el="213" ec="42" bec="2" bev="0" fileid="312" />
                <SequencePoint vc="0" uspid="9021" ordinal="8" offset="118" sl="219" sc="17" el="219" ec="87" bec="3" bev="0" fileid="312" />
                <SequencePoint vc="0" uspid="9022" ordinal="9" offset="140" sl="221" sc="21" el="221" ec="79" bec="0" bev="0" fileid="312" />
                <SequencePoint vc="0" uspid="9023" ordinal="10" offset="147" sl="222" sc="21" el="224" ec="58" bec="2" bev="0" fileid="312" />
                <SequencePoint vc="0" uspid="9024" ordinal="11" offset="196" sl="225" sc="21" el="225" ec="93" bec="0" bev="0" fileid="312" />
                <SequencePoint vc="0" uspid="9025" ordinal="12" offset="227" sl="229" sc="25" el="229" ec="41" bec="0" bev="0" fileid="312" />
                <SequencePoint vc="0" uspid="9026" ordinal="13" offset="239" sl="230" sc="30" el="230" ec="63" bec="0" bev="0" fileid="312" />
                <SequencePoint vc="0" uspid="9027" ordinal="14" offset="251" sl="231" sc="29" el="231" ec="45" bec="0" bev="0" fileid="312" />
                <SequencePoint vc="0" uspid="9028" ordinal="15" offset="263" sl="230" sc="77" el="230" ec="85" bec="0" bev="0" fileid="312" />
                <SequencePoint vc="0" uspid="9029" ordinal="16" offset="269" sl="230" sc="65" el="230" ec="75" bec="2" bev="0" fileid="312" />
                <SequencePoint vc="0" uspid="9030" ordinal="17" offset="274" sl="232" sc="25" el="232" ec="41" bec="0" bev="0" fileid="312" />
                <SequencePoint vc="0" uspid="9031" ordinal="18" offset="286" sl="227" sc="21" el="227" ec="49" bec="2" bev="0" fileid="312" />
                <SequencePoint vc="0" uspid="9032" ordinal="19" offset="295" sl="236" sc="17" el="237" ec="111" bec="3" bev="0" fileid="312" />
                <SequencePoint vc="0" uspid="9033" ordinal="20" offset="323" sl="238" sc="21" el="238" ec="37" bec="0" bev="0" fileid="312" />
                <SequencePoint vc="0" uspid="9034" ordinal="21" offset="325" sl="246" sc="17" el="246" ec="54" bec="0" bev="0" fileid="312" />
              </SequencePoints>
              <BranchPoints>
                <BranchPoint vc="0" uspid="9035" ordinal="0" offset="11" sl="206" path="0" offsetend="13" fileid="312" />
                <BranchPoint vc="0" uspid="9036" ordinal="1" offset="11" sl="206" path="1" offsetend="45" fileid="312" />
                <BranchPoint vc="0" uspid="9037" ordinal="2" offset="116" sl="213" path="0" offsetend="118" fileid="312" />
                <BranchPoint vc="0" uspid="9038" ordinal="3" offset="116" sl="213" path="1" offsetend="90" fileid="312" />
                <BranchPoint vc="0" uspid="9039" ordinal="4" offset="124" sl="219" path="0" offsetend="129" fileid="312" />
                <BranchPoint vc="0" uspid="9040" ordinal="5" offset="124" sl="219" path="1" offsetend="295" fileid="312" />
                <BranchPoint vc="0" uspid="9041" ordinal="6" offset="135" sl="219" path="0" offsetend="140" fileid="312" />
                <BranchPoint vc="0" uspid="9042" ordinal="7" offset="135" sl="219" path="1" offsetend="295" fileid="312" />
                <BranchPoint vc="0" uspid="9043" ordinal="8" offset="159" sl="222" path="0" offsetend="161" fileid="312" />
                <BranchPoint vc="0" uspid="9044" ordinal="9" offset="159" sl="222" path="1" offsetend="184" fileid="312" />
                <BranchPoint vc="0" uspid="9045" ordinal="10" offset="272" sl="230" path="0" offsetend="274" fileid="312" />
                <BranchPoint vc="0" uspid="9046" ordinal="11" offset="272" sl="230" path="1" offsetend="251" fileid="312" />
                <BranchPoint vc="0" uspid="9047" ordinal="12" offset="293" sl="227" path="0" offsetend="295" fileid="312" />
                <BranchPoint vc="0" uspid="9048" ordinal="13" offset="293" sl="227" path="1" offsetend="227" fileid="312" />
                <BranchPoint vc="0" uspid="9049" ordinal="14" offset="307" sl="236" path="0" offsetend="309" fileid="312" />
                <BranchPoint vc="0" uspid="9050" ordinal="15" offset="307" sl="236" path="1" offsetend="323" fileid="312" />
                <BranchPoint vc="0" uspid="9051" ordinal="16" offset="321" sl="236" path="0" offsetend="323" fileid="312" />
                <BranchPoint vc="0" uspid="9052" ordinal="17" offset="321" sl="236" path="1" offsetend="325" fileid="312" />
              </BranchPoints>
              <MethodPoint xsi:type="SequencePoint" vc="0" uspid="9013" ordinal="0" offset="0" sl="206" sc="17" el="206" ec="49" bec="2" bev="0" fileid="312" />
            </Method>
          </Methods>
        </Class>
        <Class>
          <Summary numSequencePoints="10" visitedSequencePoints="0" numBranchPoints="6" visitedBranchPoints="0" sequenceCoverage="0" branchCoverage="0" maxCyclomaticComplexity="2" minCyclomaticComplexity="1" maxCrapScore="6" minCrapScore="2" visitedClasses="0" numClasses="1" visitedMethods="0" numMethods="4" />
          <FullName>Xunit.Sdk.XunitWorkerThread</FullName>
          <Methods>
            <Method visited="false" cyclomaticComplexity="2" nPathComplexity="0" sequenceCoverage="0" branchCoverage="0" crapScore="6" isConstructor="true" isStatic="false" isGetter="false" isSetter="false">
              <Summary numSequencePoints="4" visitedSequencePoints="0" numBranchPoints="1" visitedBranchPoints="0" sequenceCoverage="0" branchCoverage="0" maxCyclomaticComplexity="2" minCyclomaticComplexity="2" maxCrapScore="6" minCrapScore="6" visitedClasses="0" numClasses="0" visitedMethods="0" numMethods="1" />
              <MetadataToken>100664750</MetadataToken>
              <Name>System.Void Xunit.Sdk.XunitWorkerThread::.ctor(System.Action)</Name>
              <FileRef uid="316" />
              <SequencePoints>
                <SequencePoint vc="0" uspid="9053" ordinal="0" offset="0" sl="70" sc="9" el="70" ec="52" bec="0" bev="0" fileid="316" />
                <SequencePoint vc="0" uspid="9054" ordinal="1" offset="6" sl="72" sc="13" el="72" ec="77" bec="0" bev="0" fileid="316" />
                <SequencePoint vc="0" uspid="9055" ordinal="2" offset="55" sl="73" sc="13" el="73" ec="38" bec="0" bev="0" fileid="316" />
                <SequencePoint vc="0" uspid="9056" ordinal="3" offset="67" sl="74" sc="9" el="74" ec="10" bec="0" bev="0" fileid="316" />
              </SequencePoints>
              <BranchPoints />
              <MethodPoint xsi:type="SequencePoint" vc="0" uspid="9053" ordinal="0" offset="0" sl="70" sc="9" el="70" ec="52" bec="0" bev="0" fileid="316" />
            </Method>
            <Method visited="false" cyclomaticComplexity="1" nPathComplexity="0" sequenceCoverage="0" branchCoverage="0" crapScore="2" isConstructor="false" isStatic="false" isGetter="false" isSetter="false">
              <Summary numSequencePoints="1" visitedSequencePoints="0" numBranchPoints="1" visitedBranchPoints="0" sequenceCoverage="0" branchCoverage="0" maxCyclomaticComplexity="1" minCyclomaticComplexity="1" maxCrapScore="2" minCrapScore="2" visitedClasses="0" numClasses="0" visitedMethods="0" numMethods="1" />
              <MetadataToken>100664751</MetadataToken>
              <Name>System.Void Xunit.Sdk.XunitWorkerThread::Dispose()</Name>
              <FileRef uid="316" />
              <SequencePoints>
                <SequencePoint vc="0" uspid="9059" ordinal="0" offset="0" sl="76" sc="33" el="76" ec="34" bec="0" bev="0" fileid="316" />
              </SequencePoints>
              <BranchPoints />
              <MethodPoint xsi:type="SequencePoint" vc="0" uspid="9059" ordinal="0" offset="0" sl="76" sc="33" el="76" ec="34" bec="0" bev="0" fileid="316" />
            </Method>
            <Method visited="false" cyclomaticComplexity="2" nPathComplexity="2" sequenceCoverage="0" branchCoverage="0" crapScore="6" isConstructor="false" isStatic="false" isGetter="false" isSetter="false">
              <Summary numSequencePoints="3" visitedSequencePoints="0" numBranchPoints="3" visitedBranchPoints="0" sequenceCoverage="0" branchCoverage="0" maxCyclomaticComplexity="2" minCyclomaticComplexity="2" maxCrapScore="6" minCrapScore="6" visitedClasses="0" numClasses="0" visitedMethods="0" numMethods="1" />
              <MetadataToken>100664752</MetadataToken>
              <Name>System.Void Xunit.Sdk.XunitWorkerThread::Join()</Name>
              <FileRef uid="316" />
              <SequencePoints>
                <SequencePoint vc="0" uspid="9060" ordinal="0" offset="0" sl="80" sc="13" el="80" ec="48" bec="2" bev="0" fileid="316" />
                <SequencePoint vc="0" uspid="9061" ordinal="1" offset="13" sl="81" sc="17" el="81" ec="31" bec="0" bev="0" fileid="316" />
                <SequencePoint vc="0" uspid="9062" ordinal="2" offset="24" sl="82" sc="9" el="82" ec="10" bec="0" bev="0" fileid="316" />
              </SequencePoints>
              <BranchPoints>
                <BranchPoint vc="0" uspid="9063" ordinal="0" offset="11" sl="80" path="0" offsetend="13" fileid="316" />
                <BranchPoint vc="0" uspid="9064" ordinal="1" offset="11" sl="80" path="1" offsetend="24" fileid="316" />
              </BranchPoints>
              <MethodPoint xsi:type="SequencePoint" vc="0" uspid="9060" ordinal="0" offset="0" sl="80" sc="13" el="80" ec="48" bec="2" bev="0" fileid="316" />
            </Method>
            <Method visited="false" cyclomaticComplexity="2" nPathComplexity="0" sequenceCoverage="0" branchCoverage="0" crapScore="6" isConstructor="false" isStatic="true" isGetter="false" isSetter="false">
              <Summary numSequencePoints="2" visitedSequencePoints="0" numBranchPoints="1" visitedBranchPoints="0" sequenceCoverage="0" branchCoverage="0" maxCyclomaticComplexity="2" minCyclomaticComplexity="2" maxCrapScore="6" minCrapScore="6" visitedClasses="0" numClasses="0" visitedMethods="0" numMethods="1" />
              <MetadataToken>100664753</MetadataToken>
              <Name>System.Void Xunit.Sdk.XunitWorkerThread::QueueUserWorkItem(System.Action,System.Threading.EventWaitHandle)</Name>
              <FileRef uid="316" />
              <SequencePoints>
                <SequencePoint vc="0" uspid="9065" ordinal="0" offset="0" sl="86" sc="13" el="100" ec="110" bec="0" bev="0" fileid="316" />
                <SequencePoint vc="0" uspid="9066" ordinal="1" offset="56" sl="101" sc="9" el="101" ec="10" bec="0" bev="0" fileid="316" />
              </SequencePoints>
              <BranchPoints />
              <MethodPoint xsi:type="SequencePoint" vc="0" uspid="9065" ordinal="0" offset="0" sl="86" sc="13" el="100" ec="110" bec="0" bev="0" fileid="316" />
            </Method>
          </Methods>
        </Class>
        <Class>
          <Summary numSequencePoints="0" visitedSequencePoints="0" numBranchPoints="0" visitedBranchPoints="0" sequenceCoverage="0" branchCoverage="0" maxCyclomaticComplexity="1" minCyclomaticComplexity="1" maxCrapScore="2" minCrapScore="2" visitedClasses="0" numClasses="0" visitedMethods="0" numMethods="0" />
          <FullName>Xunit.Sdk.XunitWorkerThread/State</FullName>
          <Methods>
            <Method visited="false" cyclomaticComplexity="1" nPathComplexity="0" sequenceCoverage="0" branchCoverage="0" crapScore="2" isConstructor="true" isStatic="false" isGetter="false" isSetter="false">
              <Summary numSequencePoints="0" visitedSequencePoints="0" numBranchPoints="0" visitedBranchPoints="0" sequenceCoverage="0" branchCoverage="0" maxCyclomaticComplexity="1" minCyclomaticComplexity="1" maxCrapScore="2" minCrapScore="2" visitedClasses="0" numClasses="0" visitedMethods="0" numMethods="0" />
              <MetadataToken>100665162</MetadataToken>
              <Name>System.Void Xunit.Sdk.XunitWorkerThread/State::.ctor()</Name>
              <SequencePoints />
              <BranchPoints />
              <MethodPoint vc="0" uspid="9069" ordinal="0" offset="0" />
            </Method>
          </Methods>
        </Class>
        <Class>
          <Summary numSequencePoints="8" visitedSequencePoints="0" numBranchPoints="4" visitedBranchPoints="0" sequenceCoverage="0" branchCoverage="0" maxCyclomaticComplexity="2" minCyclomaticComplexity="1" maxCrapScore="6" minCrapScore="2" visitedClasses="0" numClasses="1" visitedMethods="0" numMethods="2" />
          <FullName>Xunit.Sdk.XunitWorkerThread/&lt;&gt;c</FullName>
          <Methods>
            <Method visited="false" cyclomaticComplexity="1" nPathComplexity="0" sequenceCoverage="0" branchCoverage="0" crapScore="2" isConstructor="true" isStatic="true" isGetter="false" isSetter="false">
              <Summary numSequencePoints="0" visitedSequencePoints="0" numBranchPoints="0" visitedBranchPoints="0" sequenceCoverage="0" branchCoverage="0" maxCyclomaticComplexity="1" minCyclomaticComplexity="1" maxCrapScore="2" minCrapScore="2" visitedClasses="0" numClasses="0" visitedMethods="0" numMethods="0" />
              <MetadataToken>100665163</MetadataToken>
              <Name>System.Void Xunit.Sdk.XunitWorkerThread/&lt;&gt;c::.cctor()</Name>
              <SequencePoints />
              <BranchPoints />
              <MethodPoint vc="0" uspid="9070" ordinal="0" offset="0" />
            </Method>
            <Method visited="false" cyclomaticComplexity="1" nPathComplexity="0" sequenceCoverage="0" branchCoverage="0" crapScore="2" isConstructor="true" isStatic="false" isGetter="false" isSetter="false">
              <Summary numSequencePoints="0" visitedSequencePoints="0" numBranchPoints="0" visitedBranchPoints="0" sequenceCoverage="0" branchCoverage="0" maxCyclomaticComplexity="1" minCyclomaticComplexity="1" maxCrapScore="2" minCrapScore="2" visitedClasses="0" numClasses="0" visitedMethods="0" numMethods="0" />
              <MetadataToken>100665164</MetadataToken>
              <Name>System.Void Xunit.Sdk.XunitWorkerThread/&lt;&gt;c::.ctor()</Name>
              <SequencePoints />
              <BranchPoints />
              <MethodPoint vc="0" uspid="9071" ordinal="0" offset="0" />
            </Method>
            <Method visited="false" cyclomaticComplexity="1" nPathComplexity="0" sequenceCoverage="0" branchCoverage="0" crapScore="2" isConstructor="false" isStatic="false" isGetter="false" isSetter="false">
              <Summary numSequencePoints="1" visitedSequencePoints="0" numBranchPoints="1" visitedBranchPoints="0" sequenceCoverage="0" branchCoverage="0" maxCyclomaticComplexity="1" minCyclomaticComplexity="1" maxCrapScore="2" minCrapScore="2" visitedClasses="0" numClasses="0" visitedMethods="0" numMethods="1" />
              <MetadataToken>100665165</MetadataToken>
              <Name>System.Void Xunit.Sdk.XunitWorkerThread/&lt;&gt;c::&lt;.ctor&gt;b__1_0(System.Object)</Name>
              <FileRef uid="316" />
              <SequencePoints>
                <SequencePoint vc="0" uspid="9072" ordinal="0" offset="0" sl="72" sc="38" el="72" ec="51" bec="0" bev="0" fileid="316" />
              </SequencePoints>
              <BranchPoints />
              <MethodPoint xsi:type="SequencePoint" vc="0" uspid="9072" ordinal="0" offset="0" sl="72" sc="38" el="72" ec="51" bec="0" bev="0" fileid="316" />
            </Method>
            <Method visited="false" cyclomaticComplexity="2" nPathComplexity="2" sequenceCoverage="0" branchCoverage="0" crapScore="6" isConstructor="false" isStatic="false" isGetter="false" isSetter="false">
              <Summary numSequencePoints="7" visitedSequencePoints="0" numBranchPoints="3" visitedBranchPoints="0" sequenceCoverage="0" branchCoverage="0" maxCyclomaticComplexity="2" minCyclomaticComplexity="2" maxCrapScore="6" minCrapScore="6" visitedClasses="0" numClasses="0" visitedMethods="0" numMethods="1" />
              <MetadataToken>100665166</MetadataToken>
              <Name>System.Void Xunit.Sdk.XunitWorkerThread/&lt;&gt;c::&lt;QueueUserWorkItem&gt;b__4_0(System.Object)</Name>
              <FileRef uid="316" />
              <SequencePoints>
                <SequencePoint vc="0" uspid="9073" ordinal="0" offset="0" sl="88" sc="46" el="88" ec="67" bec="0" bev="0" fileid="316" />
                <SequencePoint vc="0" uspid="9074" ordinal="1" offset="7" sl="92" sc="50" el="92" ec="73" bec="0" bev="0" fileid="316" />
                <SequencePoint vc="0" uspid="9075" ordinal="2" offset="18" sl="93" sc="46" el="93" ec="47" bec="0" bev="0" fileid="316" />
                <SequencePoint vc="0" uspid="9076" ordinal="3" offset="20" sl="96" sc="50" el="96" ec="77" bec="2" bev="0" fileid="316" />
                <SequencePoint vc="0" uspid="9077" ordinal="4" offset="28" sl="97" sc="54" el="97" ec="75" bec="0" bev="0" fileid="316" />
                <SequencePoint vc="0" uspid="9078" ordinal="5" offset="40" sl="98" sc="46" el="98" ec="47" bec="0" bev="0" fileid="316" />
                <SequencePoint vc="0" uspid="9079" ordinal="6" offset="41" sl="99" sc="42" el="99" ec="43" bec="0" bev="0" fileid="316" />
              </SequencePoints>
              <BranchPoints>
                <BranchPoint vc="0" uspid="9080" ordinal="0" offset="26" sl="96" path="0" offsetend="28" fileid="316" />
                <BranchPoint vc="0" uspid="9081" ordinal="1" offset="26" sl="96" path="1" offsetend="40" fileid="316" />
              </BranchPoints>
              <MethodPoint xsi:type="SequencePoint" vc="0" uspid="9073" ordinal="0" offset="0" sl="88" sc="46" el="88" ec="67" bec="0" bev="0" fileid="316" />
            </Method>
          </Methods>
        </Class>
        <Class>
          <Summary numSequencePoints="175" visitedSequencePoints="0" numBranchPoints="142" visitedBranchPoints="0" sequenceCoverage="0" branchCoverage="0" maxCyclomaticComplexity="25" minCyclomaticComplexity="1" maxCrapScore="650" minCrapScore="2" visitedClasses="0" numClasses="1" visitedMethods="0" numMethods="52" />
          <FullName>Xunit.Runners.AssemblyRunner</FullName>
          <Methods>
            <Method visited="false" cyclomaticComplexity="1" nPathComplexity="0" sequenceCoverage="0" branchCoverage="0" crapScore="2" isConstructor="false" isStatic="false" isGetter="true" isSetter="false">
              <Summary numSequencePoints="1" visitedSequencePoints="0" numBranchPoints="1" visitedBranchPoints="0" sequenceCoverage="0" branchCoverage="0" maxCyclomaticComplexity="1" minCyclomaticComplexity="1" maxCrapScore="2" minCrapScore="2" visitedClasses="0" numClasses="0" visitedMethods="0" numMethods="1" />
              <MetadataToken>100664756</MetadataToken>
              <Name>System.Action`1&lt;Xunit.Runners.DiagnosticMessageInfo&gt; Xunit.Runners.AssemblyRunner::get_OnDiagnosticMessage()</Name>
              <FileRef uid="318" />
              <SequencePoints>
                <SequencePoint vc="0" uspid="9082" ordinal="0" offset="0" sl="63" sc="68" el="63" ec="72" bec="0" bev="0" fileid="318" />
              </SequencePoints>
              <BranchPoints />
              <MethodPoint xsi:type="SequencePoint" vc="0" uspid="9082" ordinal="0" offset="0" sl="63" sc="68" el="63" ec="72" bec="0" bev="0" fileid="318" />
            </Method>
            <Method visited="false" cyclomaticComplexity="1" nPathComplexity="0" sequenceCoverage="0" branchCoverage="0" crapScore="2" isConstructor="false" isStatic="false" isGetter="false" isSetter="true">
              <Summary numSequencePoints="1" visitedSequencePoints="0" numBranchPoints="1" visitedBranchPoints="0" sequenceCoverage="0" branchCoverage="0" maxCyclomaticComplexity="1" minCyclomaticComplexity="1" maxCrapScore="2" minCrapScore="2" visitedClasses="0" numClasses="0" visitedMethods="0" numMethods="1" />
              <MetadataToken>100664757</MetadataToken>
              <Name>System.Void Xunit.Runners.AssemblyRunner::set_OnDiagnosticMessage(System.Action`1&lt;Xunit.Runners.DiagnosticMessageInfo&gt;)</Name>
              <FileRef uid="318" />
              <SequencePoints>
                <SequencePoint vc="0" uspid="9083" ordinal="0" offset="0" sl="63" sc="73" el="63" ec="77" bec="0" bev="0" fileid="318" />
              </SequencePoints>
              <BranchPoints />
              <MethodPoint xsi:type="SequencePoint" vc="0" uspid="9083" ordinal="0" offset="0" sl="63" sc="73" el="63" ec="77" bec="0" bev="0" fileid="318" />
            </Method>
            <Method visited="false" cyclomaticComplexity="1" nPathComplexity="0" sequenceCoverage="0" branchCoverage="0" crapScore="2" isConstructor="false" isStatic="false" isGetter="true" isSetter="false">
              <Summary numSequencePoints="1" visitedSequencePoints="0" numBranchPoints="1" visitedBranchPoints="0" sequenceCoverage="0" branchCoverage="0" maxCyclomaticComplexity="1" minCyclomaticComplexity="1" maxCrapScore="2" minCrapScore="2" visitedClasses="0" numClasses="0" visitedMethods="0" numMethods="1" />
              <MetadataToken>100664758</MetadataToken>
              <Name>System.Action`1&lt;Xunit.Runners.DiscoveryCompleteInfo&gt; Xunit.Runners.AssemblyRunner::get_OnDiscoveryComplete()</Name>
              <FileRef uid="318" />
              <SequencePoints>
                <SequencePoint vc="0" uspid="9084" ordinal="0" offset="0" sl="68" sc="68" el="68" ec="72" bec="0" bev="0" fileid="318" />
              </SequencePoints>
              <BranchPoints />
              <MethodPoint xsi:type="SequencePoint" vc="0" uspid="9084" ordinal="0" offset="0" sl="68" sc="68" el="68" ec="72" bec="0" bev="0" fileid="318" />
            </Method>
            <Method visited="false" cyclomaticComplexity="1" nPathComplexity="0" sequenceCoverage="0" branchCoverage="0" crapScore="2" isConstructor="false" isStatic="false" isGetter="false" isSetter="true">
              <Summary numSequencePoints="1" visitedSequencePoints="0" numBranchPoints="1" visitedBranchPoints="0" sequenceCoverage="0" branchCoverage="0" maxCyclomaticComplexity="1" minCyclomaticComplexity="1" maxCrapScore="2" minCrapScore="2" visitedClasses="0" numClasses="0" visitedMethods="0" numMethods="1" />
              <MetadataToken>100664759</MetadataToken>
              <Name>System.Void Xunit.Runners.AssemblyRunner::set_OnDiscoveryComplete(System.Action`1&lt;Xunit.Runners.DiscoveryCompleteInfo&gt;)</Name>
              <FileRef uid="318" />
              <SequencePoints>
                <SequencePoint vc="0" uspid="9085" ordinal="0" offset="0" sl="68" sc="73" el="68" ec="77" bec="0" bev="0" fileid="318" />
              </SequencePoints>
              <BranchPoints />
              <MethodPoint xsi:type="SequencePoint" vc="0" uspid="9085" ordinal="0" offset="0" sl="68" sc="73" el="68" ec="77" bec="0" bev="0" fileid="318" />
            </Method>
            <Method visited="false" cyclomaticComplexity="1" nPathComplexity="0" sequenceCoverage="0" branchCoverage="0" crapScore="2" isConstructor="false" isStatic="false" isGetter="true" isSetter="false">
              <Summary numSequencePoints="1" visitedSequencePoints="0" numBranchPoints="1" visitedBranchPoints="0" sequenceCoverage="0" branchCoverage="0" maxCyclomaticComplexity="1" minCyclomaticComplexity="1" maxCrapScore="2" minCrapScore="2" visitedClasses="0" numClasses="0" visitedMethods="0" numMethods="1" />
              <MetadataToken>100664760</MetadataToken>
              <Name>System.Action`1&lt;Xunit.Runners.ErrorMessageInfo&gt; Xunit.Runners.AssemblyRunner::get_OnErrorMessage()</Name>
              <FileRef uid="318" />
              <SequencePoints>
                <SequencePoint vc="0" uspid="9086" ordinal="0" offset="0" sl="73" sc="58" el="73" ec="62" bec="0" bev="0" fileid="318" />
              </SequencePoints>
              <BranchPoints />
              <MethodPoint xsi:type="SequencePoint" vc="0" uspid="9086" ordinal="0" offset="0" sl="73" sc="58" el="73" ec="62" bec="0" bev="0" fileid="318" />
            </Method>
            <Method visited="false" cyclomaticComplexity="1" nPathComplexity="0" sequenceCoverage="0" branchCoverage="0" crapScore="2" isConstructor="false" isStatic="false" isGetter="false" isSetter="true">
              <Summary numSequencePoints="1" visitedSequencePoints="0" numBranchPoints="1" visitedBranchPoints="0" sequenceCoverage="0" branchCoverage="0" maxCyclomaticComplexity="1" minCyclomaticComplexity="1" maxCrapScore="2" minCrapScore="2" visitedClasses="0" numClasses="0" visitedMethods="0" numMethods="1" />
              <MetadataToken>100664761</MetadataToken>
              <Name>System.Void Xunit.Runners.AssemblyRunner::set_OnErrorMessage(System.Action`1&lt;Xunit.Runners.ErrorMessageInfo&gt;)</Name>
              <FileRef uid="318" />
              <SequencePoints>
                <SequencePoint vc="0" uspid="9087" ordinal="0" offset="0" sl="73" sc="63" el="73" ec="67" bec="0" bev="0" fileid="318" />
              </SequencePoints>
              <BranchPoints />
              <MethodPoint xsi:type="SequencePoint" vc="0" uspid="9087" ordinal="0" offset="0" sl="73" sc="63" el="73" ec="67" bec="0" bev="0" fileid="318" />
            </Method>
            <Method visited="false" cyclomaticComplexity="1" nPathComplexity="0" sequenceCoverage="0" branchCoverage="0" crapScore="2" isConstructor="false" isStatic="false" isGetter="true" isSetter="false">
              <Summary numSequencePoints="1" visitedSequencePoints="0" numBranchPoints="1" visitedBranchPoints="0" sequenceCoverage="0" branchCoverage="0" maxCyclomaticComplexity="1" minCyclomaticComplexity="1" maxCrapScore="2" minCrapScore="2" visitedClasses="0" numClasses="0" visitedMethods="0" numMethods="1" />
              <MetadataToken>100664762</MetadataToken>
              <Name>System.Action`1&lt;Xunit.Runners.ExecutionCompleteInfo&gt; Xunit.Runners.AssemblyRunner::get_OnExecutionComplete()</Name>
              <FileRef uid="318" />
              <SequencePoints>
                <SequencePoint vc="0" uspid="9088" ordinal="0" offset="0" sl="78" sc="68" el="78" ec="72" bec="0" bev="0" fileid="318" />
              </SequencePoints>
              <BranchPoints />
              <MethodPoint xsi:type="SequencePoint" vc="0" uspid="9088" ordinal="0" offset="0" sl="78" sc="68" el="78" ec="72" bec="0" bev="0" fileid="318" />
            </Method>
            <Method visited="false" cyclomaticComplexity="1" nPathComplexity="0" sequenceCoverage="0" branchCoverage="0" crapScore="2" isConstructor="false" isStatic="false" isGetter="false" isSetter="true">
              <Summary numSequencePoints="1" visitedSequencePoints="0" numBranchPoints="1" visitedBranchPoints="0" sequenceCoverage="0" branchCoverage="0" maxCyclomaticComplexity="1" minCyclomaticComplexity="1" maxCrapScore="2" minCrapScore="2" visitedClasses="0" numClasses="0" visitedMethods="0" numMethods="1" />
              <MetadataToken>100664763</MetadataToken>
              <Name>System.Void Xunit.Runners.AssemblyRunner::set_OnExecutionComplete(System.Action`1&lt;Xunit.Runners.ExecutionCompleteInfo&gt;)</Name>
              <FileRef uid="318" />
              <SequencePoints>
                <SequencePoint vc="0" uspid="9089" ordinal="0" offset="0" sl="78" sc="73" el="78" ec="77" bec="0" bev="0" fileid="318" />
              </SequencePoints>
              <BranchPoints />
              <MethodPoint xsi:type="SequencePoint" vc="0" uspid="9089" ordinal="0" offset="0" sl="78" sc="73" el="78" ec="77" bec="0" bev="0" fileid="318" />
            </Method>
            <Method visited="false" cyclomaticComplexity="1" nPathComplexity="0" sequenceCoverage="0" branchCoverage="0" crapScore="2" isConstructor="false" isStatic="false" isGetter="true" isSetter="false">
              <Summary numSequencePoints="1" visitedSequencePoints="0" numBranchPoints="1" visitedBranchPoints="0" sequenceCoverage="0" branchCoverage="0" maxCyclomaticComplexity="1" minCyclomaticComplexity="1" maxCrapScore="2" minCrapScore="2" visitedClasses="0" numClasses="0" visitedMethods="0" numMethods="1" />
              <MetadataToken>100664764</MetadataToken>
              <Name>System.Action`1&lt;Xunit.Runners.TestFailedInfo&gt; Xunit.Runners.AssemblyRunner::get_OnTestFailed()</Name>
              <FileRef uid="318" />
              <SequencePoints>
                <SequencePoint vc="0" uspid="9090" ordinal="0" offset="0" sl="83" sc="54" el="83" ec="58" bec="0" bev="0" fileid="318" />
              </SequencePoints>
              <BranchPoints />
              <MethodPoint xsi:type="SequencePoint" vc="0" uspid="9090" ordinal="0" offset="0" sl="83" sc="54" el="83" ec="58" bec="0" bev="0" fileid="318" />
            </Method>
            <Method visited="false" cyclomaticComplexity="1" nPathComplexity="0" sequenceCoverage="0" branchCoverage="0" crapScore="2" isConstructor="false" isStatic="false" isGetter="false" isSetter="true">
              <Summary numSequencePoints="1" visitedSequencePoints="0" numBranchPoints="1" visitedBranchPoints="0" sequenceCoverage="0" branchCoverage="0" maxCyclomaticComplexity="1" minCyclomaticComplexity="1" maxCrapScore="2" minCrapScore="2" visitedClasses="0" numClasses="0" visitedMethods="0" numMethods="1" />
              <MetadataToken>100664765</MetadataToken>
              <Name>System.Void Xunit.Runners.AssemblyRunner::set_OnTestFailed(System.Action`1&lt;Xunit.Runners.TestFailedInfo&gt;)</Name>
              <FileRef uid="318" />
              <SequencePoints>
                <SequencePoint vc="0" uspid="9091" ordinal="0" offset="0" sl="83" sc="59" el="83" ec="63" bec="0" bev="0" fileid="318" />
              </SequencePoints>
              <BranchPoints />
              <MethodPoint xsi:type="SequencePoint" vc="0" uspid="9091" ordinal="0" offset="0" sl="83" sc="59" el="83" ec="63" bec="0" bev="0" fileid="318" />
            </Method>
            <Method visited="false" cyclomaticComplexity="1" nPathComplexity="0" sequenceCoverage="0" branchCoverage="0" crapScore="2" isConstructor="false" isStatic="false" isGetter="true" isSetter="false">
              <Summary numSequencePoints="1" visitedSequencePoints="0" numBranchPoints="1" visitedBranchPoints="0" sequenceCoverage="0" branchCoverage="0" maxCyclomaticComplexity="1" minCyclomaticComplexity="1" maxCrapScore="2" minCrapScore="2" visitedClasses="0" numClasses="0" visitedMethods="0" numMethods="1" />
              <MetadataToken>100664766</MetadataToken>
              <Name>System.Action`1&lt;Xunit.Runners.TestFinishedInfo&gt; Xunit.Runners.AssemblyRunner::get_OnTestFinished()</Name>
              <FileRef uid="318" />
              <SequencePoints>
                <SequencePoint vc="0" uspid="9092" ordinal="0" offset="0" sl="88" sc="58" el="88" ec="62" bec="0" bev="0" fileid="318" />
              </SequencePoints>
              <BranchPoints />
              <MethodPoint xsi:type="SequencePoint" vc="0" uspid="9092" ordinal="0" offset="0" sl="88" sc="58" el="88" ec="62" bec="0" bev="0" fileid="318" />
            </Method>
            <Method visited="false" cyclomaticComplexity="1" nPathComplexity="0" sequenceCoverage="0" branchCoverage="0" crapScore="2" isConstructor="false" isStatic="false" isGetter="false" isSetter="true">
              <Summary numSequencePoints="1" visitedSequencePoints="0" numBranchPoints="1" visitedBranchPoints="0" sequenceCoverage="0" branchCoverage="0" maxCyclomaticComplexity="1" minCyclomaticComplexity="1" maxCrapScore="2" minCrapScore="2" visitedClasses="0" numClasses="0" visitedMethods="0" numMethods="1" />
              <MetadataToken>100664767</MetadataToken>
              <Name>System.Void Xunit.Runners.AssemblyRunner::set_OnTestFinished(System.Action`1&lt;Xunit.Runners.TestFinishedInfo&gt;)</Name>
              <FileRef uid="318" />
              <SequencePoints>
                <SequencePoint vc="0" uspid="9093" ordinal="0" offset="0" sl="88" sc="63" el="88" ec="67" bec="0" bev="0" fileid="318" />
              </SequencePoints>
              <BranchPoints />
              <MethodPoint xsi:type="SequencePoint" vc="0" uspid="9093" ordinal="0" offset="0" sl="88" sc="63" el="88" ec="67" bec="0" bev="0" fileid="318" />
            </Method>
            <Method visited="false" cyclomaticComplexity="1" nPathComplexity="0" sequenceCoverage="0" branchCoverage="0" crapScore="2" isConstructor="false" isStatic="false" isGetter="true" isSetter="false">
              <Summary numSequencePoints="1" visitedSequencePoints="0" numBranchPoints="1" visitedBranchPoints="0" sequenceCoverage="0" branchCoverage="0" maxCyclomaticComplexity="1" minCyclomaticComplexity="1" maxCrapScore="2" minCrapScore="2" visitedClasses="0" numClasses="0" visitedMethods="0" numMethods="1" />
              <MetadataToken>100664768</MetadataToken>
              <Name>System.Action`1&lt;Xunit.Runners.TestOutputInfo&gt; Xunit.Runners.AssemblyRunner::get_OnTestOutput()</Name>
              <FileRef uid="318" />
              <SequencePoints>
                <SequencePoint vc="0" uspid="9094" ordinal="0" offset="0" sl="95" sc="54" el="95" ec="58" bec="0" bev="0" fileid="318" />
              </SequencePoints>
              <BranchPoints />
              <MethodPoint xsi:type="SequencePoint" vc="0" uspid="9094" ordinal="0" offset="0" sl="95" sc="54" el="95" ec="58" bec="0" bev="0" fileid="318" />
            </Method>
            <Method visited="false" cyclomaticComplexity="1" nPathComplexity="0" sequenceCoverage="0" branchCoverage="0" crapScore="2" isConstructor="false" isStatic="false" isGetter="false" isSetter="true">
              <Summary numSequencePoints="1" visitedSequencePoints="0" numBranchPoints="1" visitedBranchPoints="0" sequenceCoverage="0" branchCoverage="0" maxCyclomaticComplexity="1" minCyclomaticComplexity="1" maxCrapScore="2" minCrapScore="2" visitedClasses="0" numClasses="0" visitedMethods="0" numMethods="1" />
              <MetadataToken>100664769</MetadataToken>
              <Name>System.Void Xunit.Runners.AssemblyRunner::set_OnTestOutput(System.Action`1&lt;Xunit.Runners.TestOutputInfo&gt;)</Name>
              <FileRef uid="318" />
              <SequencePoints>
                <SequencePoint vc="0" uspid="9095" ordinal="0" offset="0" sl="95" sc="59" el="95" ec="63" bec="0" bev="0" fileid="318" />
              </SequencePoints>
              <BranchPoints />
              <MethodPoint xsi:type="SequencePoint" vc="0" uspid="9095" ordinal="0" offset="0" sl="95" sc="59" el="95" ec="63" bec="0" bev="0" fileid="318" />
            </Method>
            <Method visited="false" cyclomaticComplexity="1" nPathComplexity="0" sequenceCoverage="0" branchCoverage="0" crapScore="2" isConstructor="false" isStatic="false" isGetter="true" isSetter="false">
              <Summary numSequencePoints="1" visitedSequencePoints="0" numBranchPoints="1" visitedBranchPoints="0" sequenceCoverage="0" branchCoverage="0" maxCyclomaticComplexity="1" minCyclomaticComplexity="1" maxCrapScore="2" minCrapScore="2" visitedClasses="0" numClasses="0" visitedMethods="0" numMethods="1" />
              <MetadataToken>100664770</MetadataToken>
              <Name>System.Action`1&lt;Xunit.Runners.TestPassedInfo&gt; Xunit.Runners.AssemblyRunner::get_OnTestPassed()</Name>
              <FileRef uid="318" />
              <SequencePoints>
                <SequencePoint vc="0" uspid="9096" ordinal="0" offset="0" sl="100" sc="54" el="100" ec="58" bec="0" bev="0" fileid="318" />
              </SequencePoints>
              <BranchPoints />
              <MethodPoint xsi:type="SequencePoint" vc="0" uspid="9096" ordinal="0" offset="0" sl="100" sc="54" el="100" ec="58" bec="0" bev="0" fileid="318" />
            </Method>
            <Method visited="false" cyclomaticComplexity="1" nPathComplexity="0" sequenceCoverage="0" branchCoverage="0" crapScore="2" isConstructor="false" isStatic="false" isGetter="false" isSetter="true">
              <Summary numSequencePoints="1" visitedSequencePoints="0" numBranchPoints="1" visitedBranchPoints="0" sequenceCoverage="0" branchCoverage="0" maxCyclomaticComplexity="1" minCyclomaticComplexity="1" maxCrapScore="2" minCrapScore="2" visitedClasses="0" numClasses="0" visitedMethods="0" numMethods="1" />
              <MetadataToken>100664771</MetadataToken>
              <Name>System.Void Xunit.Runners.AssemblyRunner::set_OnTestPassed(System.Action`1&lt;Xunit.Runners.TestPassedInfo&gt;)</Name>
              <FileRef uid="318" />
              <SequencePoints>
                <SequencePoint vc="0" uspid="9097" ordinal="0" offset="0" sl="100" sc="59" el="100" ec="63" bec="0" bev="0" fileid="318" />
              </SequencePoints>
              <BranchPoints />
              <MethodPoint xsi:type="SequencePoint" vc="0" uspid="9097" ordinal="0" offset="0" sl="100" sc="59" el="100" ec="63" bec="0" bev="0" fileid="318" />
            </Method>
            <Method visited="false" cyclomaticComplexity="1" nPathComplexity="0" sequenceCoverage="0" branchCoverage="0" crapScore="2" isConstructor="false" isStatic="false" isGetter="true" isSetter="false">
              <Summary numSequencePoints="1" visitedSequencePoints="0" numBranchPoints="1" visitedBranchPoints="0" sequenceCoverage="0" branchCoverage="0" maxCyclomaticComplexity="1" minCyclomaticComplexity="1" maxCrapScore="2" minCrapScore="2" visitedClasses="0" numClasses="0" visitedMethods="0" numMethods="1" />
              <MetadataToken>100664772</MetadataToken>
              <Name>System.Action`1&lt;Xunit.Runners.TestSkippedInfo&gt; Xunit.Runners.AssemblyRunner::get_OnTestSkipped()</Name>
              <FileRef uid="318" />
              <SequencePoints>
                <SequencePoint vc="0" uspid="9098" ordinal="0" offset="0" sl="105" sc="56" el="105" ec="60" bec="0" bev="0" fileid="318" />
              </SequencePoints>
              <BranchPoints />
              <MethodPoint xsi:type="SequencePoint" vc="0" uspid="9098" ordinal="0" offset="0" sl="105" sc="56" el="105" ec="60" bec="0" bev="0" fileid="318" />
            </Method>
            <Method visited="false" cyclomaticComplexity="1" nPathComplexity="0" sequenceCoverage="0" branchCoverage="0" crapScore="2" isConstructor="false" isStatic="false" isGetter="false" isSetter="true">
              <Summary numSequencePoints="1" visitedSequencePoints="0" numBranchPoints="1" visitedBranchPoints="0" sequenceCoverage="0" branchCoverage="0" maxCyclomaticComplexity="1" minCyclomaticComplexity="1" maxCrapScore="2" minCrapScore="2" visitedClasses="0" numClasses="0" visitedMethods="0" numMethods="1" />
              <MetadataToken>100664773</MetadataToken>
              <Name>System.Void Xunit.Runners.AssemblyRunner::set_OnTestSkipped(System.Action`1&lt;Xunit.Runners.TestSkippedInfo&gt;)</Name>
              <FileRef uid="318" />
              <SequencePoints>
                <SequencePoint vc="0" uspid="9099" ordinal="0" offset="0" sl="105" sc="61" el="105" ec="65" bec="0" bev="0" fileid="318" />
              </SequencePoints>
              <BranchPoints />
              <MethodPoint xsi:type="SequencePoint" vc="0" uspid="9099" ordinal="0" offset="0" sl="105" sc="61" el="105" ec="65" bec="0" bev="0" fileid="318" />
            </Method>
            <Method visited="false" cyclomaticComplexity="1" nPathComplexity="0" sequenceCoverage="0" branchCoverage="0" crapScore="2" isConstructor="false" isStatic="false" isGetter="true" isSetter="false">
              <Summary numSequencePoints="1" visitedSequencePoints="0" numBranchPoints="1" visitedBranchPoints="0" sequenceCoverage="0" branchCoverage="0" maxCyclomaticComplexity="1" minCyclomaticComplexity="1" maxCrapScore="2" minCrapScore="2" visitedClasses="0" numClasses="0" visitedMethods="0" numMethods="1" />
              <MetadataToken>100664774</MetadataToken>
              <Name>System.Action`1&lt;Xunit.Runners.TestStartingInfo&gt; Xunit.Runners.AssemblyRunner::get_OnTestStarting()</Name>
              <FileRef uid="318" />
              <SequencePoints>
                <SequencePoint vc="0" uspid="9100" ordinal="0" offset="0" sl="110" sc="58" el="110" ec="62" bec="0" bev="0" fileid="318" />
              </SequencePoints>
              <BranchPoints />
              <MethodPoint xsi:type="SequencePoint" vc="0" uspid="9100" ordinal="0" offset="0" sl="110" sc="58" el="110" ec="62" bec="0" bev="0" fileid="318" />
            </Method>
            <Method visited="false" cyclomaticComplexity="1" nPathComplexity="0" sequenceCoverage="0" branchCoverage="0" crapScore="2" isConstructor="false" isStatic="false" isGetter="false" isSetter="true">
              <Summary numSequencePoints="1" visitedSequencePoints="0" numBranchPoints="1" visitedBranchPoints="0" sequenceCoverage="0" branchCoverage="0" maxCyclomaticComplexity="1" minCyclomaticComplexity="1" maxCrapScore="2" minCrapScore="2" visitedClasses="0" numClasses="0" visitedMethods="0" numMethods="1" />
              <MetadataToken>100664775</MetadataToken>
              <Name>System.Void Xunit.Runners.AssemblyRunner::set_OnTestStarting(System.Action`1&lt;Xunit.Runners.TestStartingInfo&gt;)</Name>
              <FileRef uid="318" />
              <SequencePoints>
                <SequencePoint vc="0" uspid="9101" ordinal="0" offset="0" sl="110" sc="63" el="110" ec="67" bec="0" bev="0" fileid="318" />
              </SequencePoints>
              <BranchPoints />
              <MethodPoint xsi:type="SequencePoint" vc="0" uspid="9101" ordinal="0" offset="0" sl="110" sc="63" el="110" ec="67" bec="0" bev="0" fileid="318" />
            </Method>
            <Method visited="false" cyclomaticComplexity="3" nPathComplexity="4" sequenceCoverage="0" branchCoverage="0" crapScore="12" isConstructor="false" isStatic="false" isGetter="true" isSetter="false">
              <Summary numSequencePoints="5" visitedSequencePoints="0" numBranchPoints="5" visitedBranchPoints="0" sequenceCoverage="0" branchCoverage="0" maxCyclomaticComplexity="3" minCyclomaticComplexity="3" maxCrapScore="12" minCrapScore="12" visitedClasses="0" numClasses="0" visitedMethods="0" numMethods="1" />
              <MetadataToken>100664776</MetadataToken>
              <Name>Xunit.Runners.AssemblyRunnerStatus Xunit.Runners.AssemblyRunner::get_Status()</Name>
              <FileRef uid="318" />
              <SequencePoints>
                <SequencePoint vc="0" uspid="9102" ordinal="0" offset="0" sl="119" sc="17" el="119" ec="56" bec="2" bev="0" fileid="318" />
                <SequencePoint vc="0" uspid="9103" ordinal="1" offset="14" sl="120" sc="21" el="120" ec="61" bec="0" bev="0" fileid="318" />
                <SequencePoint vc="0" uspid="9104" ordinal="2" offset="16" sl="121" sc="17" el="121" ec="56" bec="2" bev="0" fileid="318" />
                <SequencePoint vc="0" uspid="9105" ordinal="3" offset="30" sl="122" sc="21" el="122" ec="59" bec="0" bev="0" fileid="318" />
                <SequencePoint vc="0" uspid="9106" ordinal="4" offset="32" sl="124" sc="17" el="124" ec="50" bec="0" bev="0" fileid="318" />
              </SequencePoints>
              <BranchPoints>
                <BranchPoint vc="0" uspid="9107" ordinal="0" offset="12" sl="119" path="0" offsetend="14" fileid="318" />
                <BranchPoint vc="0" uspid="9108" ordinal="1" offset="12" sl="119" path="1" offsetend="16" fileid="318" />
                <BranchPoint vc="0" uspid="9109" ordinal="2" offset="28" sl="121" path="0" offsetend="30" fileid="318" />
                <BranchPoint vc="0" uspid="9110" ordinal="3" offset="28" sl="121" path="1" offsetend="32" fileid="318" />
              </BranchPoints>
              <MethodPoint xsi:type="SequencePoint" vc="0" uspid="9102" ordinal="0" offset="0" sl="119" sc="17" el="119" ec="56" bec="2" bev="0" fileid="318" />
            </Method>
            <Method visited="false" cyclomaticComplexity="1" nPathComplexity="0" sequenceCoverage="0" branchCoverage="0" crapScore="2" isConstructor="false" isStatic="false" isGetter="true" isSetter="false">
              <Summary numSequencePoints="1" visitedSequencePoints="0" numBranchPoints="1" visitedBranchPoints="0" sequenceCoverage="0" branchCoverage="0" maxCyclomaticComplexity="1" minCyclomaticComplexity="1" maxCrapScore="2" minCrapScore="2" visitedClasses="0" numClasses="0" visitedMethods="0" numMethods="1" />
              <MetadataToken>100664777</MetadataToken>
              <Name>System.Func`2&lt;Xunit.Abstractions.ITestCase,System.Boolean&gt; Xunit.Runners.AssemblyRunner::get_TestCaseFilter()</Name>
              <FileRef uid="318" />
              <SequencePoints>
                <SequencePoint vc="0" uspid="9111" ordinal="0" offset="0" sl="132" sc="55" el="132" ec="59" bec="0" bev="0" fileid="318" />
              </SequencePoints>
              <BranchPoints />
              <MethodPoint xsi:type="SequencePoint" vc="0" uspid="9111" ordinal="0" offset="0" sl="132" sc="55" el="132" ec="59" bec="0" bev="0" fileid="318" />
            </Method>
            <Method visited="false" cyclomaticComplexity="1" nPathComplexity="0" sequenceCoverage="0" branchCoverage="0" crapScore="2" isConstructor="false" isStatic="false" isGetter="false" isSetter="true">
              <Summary numSequencePoints="1" visitedSequencePoints="0" numBranchPoints="1" visitedBranchPoints="0" sequenceCoverage="0" branchCoverage="0" maxCyclomaticComplexity="1" minCyclomaticComplexity="1" maxCrapScore="2" minCrapScore="2" visitedClasses="0" numClasses="0" visitedMethods="0" numMethods="1" />
              <MetadataToken>100664778</MetadataToken>
              <Name>System.Void Xunit.Runners.AssemblyRunner::set_TestCaseFilter(System.Func`2&lt;Xunit.Abstractions.ITestCase,System.Boolean&gt;)</Name>
              <FileRef uid="318" />
              <SequencePoints>
                <SequencePoint vc="0" uspid="9112" ordinal="0" offset="0" sl="132" sc="60" el="132" ec="64" bec="0" bev="0" fileid="318" />
              </SequencePoints>
              <BranchPoints />
              <MethodPoint xsi:type="SequencePoint" vc="0" uspid="9112" ordinal="0" offset="0" sl="132" sc="60" el="132" ec="64" bec="0" bev="0" fileid="318" />
            </Method>
            <Method visited="false" cyclomaticComplexity="1" nPathComplexity="0" sequenceCoverage="0" branchCoverage="0" crapScore="2" isConstructor="true" isStatic="true" isGetter="false" isSetter="false">
              <Summary numSequencePoints="19" visitedSequencePoints="0" numBranchPoints="1" visitedBranchPoints="0" sequenceCoverage="0" branchCoverage="0" maxCyclomaticComplexity="1" minCyclomaticComplexity="1" maxCrapScore="2" minCrapScore="2" visitedClasses="0" numClasses="0" visitedMethods="0" numMethods="1" />
              <MetadataToken>100664754</MetadataToken>
              <Name>System.Void Xunit.Runners.AssemblyRunner::.cctor()</Name>
              <FileRef uid="318" />
              <SequencePoints>
                <SequencePoint vc="0" uspid="9113" ordinal="0" offset="0" sl="29" sc="13" el="29" ec="63" bec="0" bev="0" fileid="318" />
                <SequencePoint vc="0" uspid="9114" ordinal="1" offset="10" sl="31" sc="13" el="31" ec="54" bec="0" bev="0" fileid="318" />
                <SequencePoint vc="0" uspid="9115" ordinal="2" offset="15" sl="32" sc="13" el="32" ec="61" bec="0" bev="0" fileid="318" />
                <SequencePoint vc="0" uspid="9116" ordinal="3" offset="20" sl="33" sc="13" el="33" ec="49" bec="0" bev="0" fileid="318" />
                <SequencePoint vc="0" uspid="9117" ordinal="4" offset="25" sl="34" sc="13" el="34" ec="63" bec="0" bev="0" fileid="318" />
                <SequencePoint vc="0" uspid="9118" ordinal="5" offset="30" sl="35" sc="13" el="35" ec="57" bec="0" bev="0" fileid="318" />
                <SequencePoint vc="0" uspid="9119" ordinal="6" offset="35" sl="36" sc="13" el="36" ec="59" bec="0" bev="0" fileid="318" />
                <SequencePoint vc="0" uspid="9120" ordinal="7" offset="40" sl="37" sc="13" el="37" ec="61" bec="0" bev="0" fileid="318" />
                <SequencePoint vc="0" uspid="9121" ordinal="8" offset="45" sl="38" sc="13" el="38" ec="60" bec="0" bev="0" fileid="318" />
                <SequencePoint vc="0" uspid="9122" ordinal="9" offset="50" sl="39" sc="13" el="39" ec="55" bec="0" bev="0" fileid="318" />
                <SequencePoint vc="0" uspid="9123" ordinal="10" offset="55" sl="40" sc="13" el="40" ec="65" bec="0" bev="0" fileid="318" />
                <SequencePoint vc="0" uspid="9124" ordinal="11" offset="60" sl="41" sc="13" el="41" ec="47" bec="0" bev="0" fileid="318" />
                <SequencePoint vc="0" uspid="9125" ordinal="12" offset="65" sl="42" sc="13" el="42" ec="49" bec="0" bev="0" fileid="318" />
                <SequencePoint vc="0" uspid="9126" ordinal="13" offset="70" sl="43" sc="13" el="43" ec="61" bec="0" bev="0" fileid="318" />
                <SequencePoint vc="0" uspid="9127" ordinal="14" offset="75" sl="44" sc="13" el="44" ec="47" bec="0" bev="0" fileid="318" />
                <SequencePoint vc="0" uspid="9128" ordinal="15" offset="80" sl="45" sc="13" el="45" ec="47" bec="0" bev="0" fileid="318" />
                <SequencePoint vc="0" uspid="9129" ordinal="16" offset="85" sl="46" sc="13" el="46" ec="48" bec="0" bev="0" fileid="318" />
                <SequencePoint vc="0" uspid="9130" ordinal="17" offset="90" sl="47" sc="13" el="47" ec="49" bec="0" bev="0" fileid="318" />
                <SequencePoint vc="0" uspid="9131" ordinal="18" offset="95" sl="48" sc="9" el="48" ec="10" bec="0" bev="0" fileid="318" />
              </SequencePoints>
              <BranchPoints />
              <MethodPoint xsi:type="SequencePoint" vc="0" uspid="9113" ordinal="0" offset="0" sl="29" sc="13" el="29" ec="63" bec="0" bev="0" fileid="318" />
            </Method>
            <Method visited="false" cyclomaticComplexity="1" nPathComplexity="0" sequenceCoverage="0" branchCoverage="0" crapScore="2" isConstructor="true" isStatic="false" isGetter="false" isSetter="false">
              <Summary numSequencePoints="8" visitedSequencePoints="0" numBranchPoints="1" visitedBranchPoints="0" sequenceCoverage="0" branchCoverage="0" maxCyclomaticComplexity="1" minCyclomaticComplexity="1" maxCrapScore="2" minCrapScore="2" visitedClasses="0" numClasses="0" visitedMethods="0" numMethods="1" />
              <MetadataToken>100664755</MetadataToken>
              <Name>System.Void Xunit.Runners.AssemblyRunner::.ctor(Xunit.AppDomainSupport,System.String,System.String,System.Boolean,System.String)</Name>
              <FileRef uid="318" />
              <SequencePoints>
                <SequencePoint vc="0" uspid="9132" ordinal="0" offset="0" sl="21" sc="9" el="21" ec="87" bec="0" bev="0" fileid="318" />
                <SequencePoint vc="0" uspid="9133" ordinal="1" offset="12" sl="22" sc="9" el="22" ec="87" bec="0" bev="0" fileid="318" />
                <SequencePoint vc="0" uspid="9134" ordinal="2" offset="24" sl="23" sc="9" el="23" ec="51" bec="0" bev="0" fileid="318" />
                <SequencePoint vc="0" uspid="9135" ordinal="3" offset="35" sl="25" sc="9" el="25" ec="73" bec="0" bev="0" fileid="318" />
                <SequencePoint vc="0" uspid="9136" ordinal="4" offset="46" sl="50" sc="9" el="54" ec="55" bec="0" bev="0" fileid="318" />
                <SequencePoint vc="0" uspid="9137" ordinal="5" offset="52" sl="56" sc="13" el="56" ec="187" bec="0" bev="0" fileid="318" />
                <SequencePoint vc="0" uspid="9138" ordinal="6" offset="77" sl="57" sc="13" el="57" ec="81" bec="0" bev="0" fileid="318" />
                <SequencePoint vc="0" uspid="9139" ordinal="7" offset="90" sl="58" sc="9" el="58" ec="10" bec="0" bev="0" fileid="318" />
              </SequencePoints>
              <BranchPoints />
              <MethodPoint xsi:type="SequencePoint" vc="0" uspid="9132" ordinal="0" offset="0" sl="21" sc="9" el="21" ec="87" bec="0" bev="0" fileid="318" />
            </Method>
            <Method visited="false" cyclomaticComplexity="1" nPathComplexity="0" sequenceCoverage="0" branchCoverage="0" crapScore="2" isConstructor="false" isStatic="true" isGetter="false" isSetter="false">
              <Summary numSequencePoints="1" visitedSequencePoints="0" numBranchPoints="1" visitedBranchPoints="0" sequenceCoverage="0" branchCoverage="0" maxCyclomaticComplexity="1" minCyclomaticComplexity="1" maxCrapScore="2" minCrapScore="2" visitedClasses="0" numClasses="0" visitedMethods="0" numMethods="1" />
              <MetadataToken>100664779</MetadataToken>
              <Name>System.Void Xunit.Runners.AssemblyRunner::AddMessageTypeName()</Name>
              <FileRef uid="318" />
              <SequencePoints>
                <SequencePoint vc="0" uspid="9140" ordinal="0" offset="0" sl="134" sc="48" el="134" ec="99" bec="0" bev="0" fileid="318" />
              </SequencePoints>
              <BranchPoints />
              <MethodPoint xsi:type="SequencePoint" vc="0" uspid="9140" ordinal="0" offset="0" sl="134" sc="48" el="134" ec="99" bec="0" bev="0" fileid="318" />
            </Method>
            <Method visited="false" cyclomaticComplexity="1" nPathComplexity="0" sequenceCoverage="0" branchCoverage="0" crapScore="2" isConstructor="false" isStatic="false" isGetter="false" isSetter="false">
              <Summary numSequencePoints="2" visitedSequencePoints="0" numBranchPoints="1" visitedBranchPoints="0" sequenceCoverage="0" branchCoverage="0" maxCyclomaticComplexity="1" minCyclomaticComplexity="1" maxCrapScore="2" minCrapScore="2" visitedClasses="0" numClasses="0" visitedMethods="0" numMethods="1" />
              <MetadataToken>100664780</MetadataToken>
              <Name>System.Void Xunit.Runners.AssemblyRunner::Cancel()</Name>
              <FileRef uid="318" />
              <SequencePoints>
                <SequencePoint vc="0" uspid="9141" ordinal="0" offset="0" sl="143" sc="13" el="143" ec="30" bec="0" bev="0" fileid="318" />
                <SequencePoint vc="0" uspid="9142" ordinal="1" offset="9" sl="144" sc="9" el="144" ec="10" bec="0" bev="0" fileid="318" />
              </SequencePoints>
              <BranchPoints />
              <MethodPoint xsi:type="SequencePoint" vc="0" uspid="9141" ordinal="0" offset="0" sl="143" sc="13" el="143" ec="30" bec="0" bev="0" fileid="318" />
            </Method>
            <Method visited="false" cyclomaticComplexity="4" nPathComplexity="4" sequenceCoverage="0" branchCoverage="0" crapScore="20" isConstructor="false" isStatic="false" isGetter="false" isSetter="false">
              <Summary numSequencePoints="11" visitedSequencePoints="0" numBranchPoints="5" visitedBranchPoints="0" sequenceCoverage="0" branchCoverage="0" maxCyclomaticComplexity="4" minCyclomaticComplexity="4" maxCrapScore="20" minCrapScore="20" visitedClasses="0" numClasses="0" visitedMethods="0" numMethods="1" />
              <MetadataToken>100664781</MetadataToken>
              <Name>System.Void Xunit.Runners.AssemblyRunner::Dispose()</Name>
              <FileRef uid="318" />
              <SequencePoints>
                <SequencePoint vc="0" uspid="9143" ordinal="0" offset="0" sl="149" sc="13" el="149" ec="30" bec="0" bev="0" fileid="318" />
                <SequencePoint vc="0" uspid="9144" ordinal="1" offset="17" sl="151" sc="17" el="151" ec="30" bec="2" bev="0" fileid="318" />
                <SequencePoint vc="0" uspid="9145" ordinal="2" offset="25" sl="152" sc="21" el="152" ec="28" bec="0" bev="0" fileid="318" />
                <SequencePoint vc="0" uspid="9146" ordinal="3" offset="27" sl="154" sc="17" el="154" ec="57" bec="2" bev="0" fileid="318" />
                <SequencePoint vc="0" uspid="9147" ordinal="4" offset="36" sl="155" sc="21" el="155" ec="114" bec="0" bev="0" fileid="318" />
                <SequencePoint vc="0" uspid="9148" ordinal="5" offset="47" sl="157" sc="17" el="157" ec="33" bec="0" bev="0" fileid="318" />
                <SequencePoint vc="0" uspid="9149" ordinal="6" offset="54" sl="158" sc="13" el="158" ec="14" bec="0" bev="0" fileid="318" />
                <SequencePoint vc="0" uspid="9150" ordinal="7" offset="66" sl="160" sc="13" el="160" ec="38" bec="0" bev="0" fileid="318" />
                <SequencePoint vc="0" uspid="9151" ordinal="8" offset="77" sl="161" sc="13" el="161" ec="50" bec="0" bev="0" fileid="318" />
                <SequencePoint vc="0" uspid="9152" ordinal="9" offset="88" sl="162" sc="13" el="162" ec="50" bec="0" bev="0" fileid="318" />
                <SequencePoint vc="0" uspid="9153" ordinal="10" offset="99" sl="163" sc="9" el="163" ec="10" bec="0" bev="0" fileid="318" />
              </SequencePoints>
              <BranchPoints>
                <BranchPoint vc="0" uspid="9154" ordinal="0" offset="23" sl="151" path="0" offsetend="25" fileid="318" />
                <BranchPoint vc="0" uspid="9155" ordinal="1" offset="23" sl="151" path="1" offsetend="27" fileid="318" />
                <BranchPoint vc="0" uspid="9156" ordinal="2" offset="34" sl="154" path="0" offsetend="36" fileid="318" />
                <BranchPoint vc="0" uspid="9157" ordinal="3" offset="34" sl="154" path="1" offsetend="47" fileid="318" />
              </BranchPoints>
              <MethodPoint xsi:type="SequencePoint" vc="0" uspid="9143" ordinal="0" offset="0" sl="149" sc="13" el="149" ec="30" bec="0" bev="0" fileid="318" />
            </Method>
            <Method visited="false" cyclomaticComplexity="5" nPathComplexity="16" sequenceCoverage="0" branchCoverage="0" crapScore="30" isConstructor="false" isStatic="false" isGetter="false" isSetter="false">
              <Summary numSequencePoints="11" visitedSequencePoints="0" numBranchPoints="9" visitedBranchPoints="0" sequenceCoverage="0" branchCoverage="0" maxCyclomaticComplexity="5" minCyclomaticComplexity="5" maxCrapScore="30" minCrapScore="30" visitedClasses="0" numClasses="0" visitedMethods="0" numMethods="1" />
              <MetadataToken>100664782</MetadataToken>
              <Name>Xunit.Abstractions.ITestFrameworkDiscoveryOptions Xunit.Runners.AssemblyRunner::GetDiscoveryOptions(System.Nullable`1&lt;System.Boolean&gt;,System.Nullable`1&lt;Xunit.TestMethodDisplay&gt;,System.Nullable`1&lt;System.Boolean&gt;,System.Nullable`1&lt;System.Boolean&gt;)</Name>
              <FileRef uid="318" />
              <SequencePoints>
                <SequencePoint vc="0" uspid="9158" ordinal="0" offset="0" sl="167" sc="13" el="167" ec="85" bec="0" bev="0" fileid="318" />
                <SequencePoint vc="0" uspid="9159" ordinal="1" offset="12" sl="168" sc="13" el="168" ec="67" bec="0" bev="0" fileid="318" />
                <SequencePoint vc="0" uspid="9160" ordinal="2" offset="24" sl="170" sc="13" el="170" ec="45" bec="2" bev="0" fileid="318" />
                <SequencePoint vc="0" uspid="9161" ordinal="3" offset="33" sl="171" sc="17" el="171" ec="76" bec="0" bev="0" fileid="318" />
                <SequencePoint vc="0" uspid="9162" ordinal="4" offset="40" sl="172" sc="13" el="172" ec="53" bec="2" bev="0" fileid="318" />
                <SequencePoint vc="0" uspid="9163" ordinal="5" offset="49" sl="173" sc="17" el="173" ec="84" bec="0" bev="0" fileid="318" />
                <SequencePoint vc="0" uspid="9164" ordinal="6" offset="57" sl="174" sc="13" el="174" ec="40" bec="2" bev="0" fileid="318" />
                <SequencePoint vc="0" uspid="9165" ordinal="7" offset="66" sl="175" sc="17" el="175" ec="66" bec="0" bev="0" fileid="318" />
                <SequencePoint vc="0" uspid="9166" ordinal="8" offset="73" sl="176" sc="13" el="176" ec="47" bec="2" bev="0" fileid="318" />
                <SequencePoint vc="0" uspid="9167" ordinal="9" offset="82" sl="177" sc="17" el="177" ec="80" bec="0" bev="0" fileid="318" />
                <SequencePoint vc="0" uspid="9168" ordinal="10" offset="89" sl="179" sc="13" el="179" ec="37" bec="0" bev="0" fileid="318" />
              </SequencePoints>
              <BranchPoints>
                <BranchPoint vc="0" uspid="9169" ordinal="0" offset="31" sl="170" path="0" offsetend="33" fileid="318" />
                <BranchPoint vc="0" uspid="9170" ordinal="1" offset="31" sl="170" path="1" offsetend="40" fileid="318" />
                <BranchPoint vc="0" uspid="9171" ordinal="2" offset="47" sl="172" path="0" offsetend="49" fileid="318" />
                <BranchPoint vc="0" uspid="9172" ordinal="3" offset="47" sl="172" path="1" offsetend="57" fileid="318" />
                <BranchPoint vc="0" uspid="9173" ordinal="4" offset="64" sl="174" path="0" offsetend="66" fileid="318" />
                <BranchPoint vc="0" uspid="9174" ordinal="5" offset="64" sl="174" path="1" offsetend="73" fileid="318" />
                <BranchPoint vc="0" uspid="9175" ordinal="6" offset="80" sl="176" path="0" offsetend="82" fileid="318" />
                <BranchPoint vc="0" uspid="9176" ordinal="7" offset="80" sl="176" path="1" offsetend="89" fileid="318" />
              </BranchPoints>
              <MethodPoint xsi:type="SequencePoint" vc="0" uspid="9158" ordinal="0" offset="0" sl="167" sc="13" el="167" ec="85" bec="0" bev="0" fileid="318" />
            </Method>
            <Method visited="false" cyclomaticComplexity="5" nPathComplexity="16" sequenceCoverage="0" branchCoverage="0" crapScore="30" isConstructor="false" isStatic="false" isGetter="false" isSetter="false">
              <Summary numSequencePoints="11" visitedSequencePoints="0" numBranchPoints="9" visitedBranchPoints="0" sequenceCoverage="0" branchCoverage="0" maxCyclomaticComplexity="5" minCyclomaticComplexity="5" maxCrapScore="30" minCrapScore="30" visitedClasses="0" numClasses="0" visitedMethods="0" numMethods="1" />
              <MetadataToken>100664783</MetadataToken>
              <Name>Xunit.Abstractions.ITestFrameworkExecutionOptions Xunit.Runners.AssemblyRunner::GetExecutionOptions(System.Nullable`1&lt;System.Boolean&gt;,System.Nullable`1&lt;System.Boolean&gt;,System.Nullable`1&lt;System.Int32&gt;,System.Nullable`1&lt;System.Boolean&gt;)</Name>
              <FileRef uid="318" />
              <SequencePoints>
                <SequencePoint vc="0" uspid="9177" ordinal="0" offset="0" sl="184" sc="13" el="184" ec="85" bec="0" bev="0" fileid="318" />
                <SequencePoint vc="0" uspid="9178" ordinal="1" offset="12" sl="185" sc="13" el="185" ec="67" bec="0" bev="0" fileid="318" />
                <SequencePoint vc="0" uspid="9179" ordinal="2" offset="24" sl="187" sc="13" el="187" ec="45" bec="2" bev="0" fileid="318" />
                <SequencePoint vc="0" uspid="9180" ordinal="3" offset="33" sl="188" sc="17" el="188" ec="76" bec="0" bev="0" fileid="318" />
                <SequencePoint vc="0" uspid="9181" ordinal="4" offset="40" sl="189" sc="13" el="189" ec="53" bec="2" bev="0" fileid="318" />
                <SequencePoint vc="0" uspid="9182" ordinal="5" offset="49" sl="190" sc="17" el="190" ec="84" bec="0" bev="0" fileid="318" />
                <SequencePoint vc="0" uspid="9183" ordinal="6" offset="57" sl="191" sc="13" el="191" ec="35" bec="2" bev="0" fileid="318" />
                <SequencePoint vc="0" uspid="9184" ordinal="7" offset="66" sl="192" sc="17" el="192" ec="91" bec="0" bev="0" fileid="318" />
                <SequencePoint vc="0" uspid="9185" ordinal="8" offset="87" sl="193" sc="13" el="193" ec="45" bec="2" bev="0" fileid="318" />
                <SequencePoint vc="0" uspid="9186" ordinal="9" offset="96" sl="194" sc="17" el="194" ec="76" bec="0" bev="0" fileid="318" />
                <SequencePoint vc="0" uspid="9187" ordinal="10" offset="103" sl="196" sc="13" el="196" ec="37" bec="0" bev="0" fileid="318" />
              </SequencePoints>
              <BranchPoints>
                <BranchPoint vc="0" uspid="9188" ordinal="0" offset="31" sl="187" path="0" offsetend="33" fileid="318" />
                <BranchPoint vc="0" uspid="9189" ordinal="1" offset="31" sl="187" path="1" offsetend="40" fileid="318" />
                <BranchPoint vc="0" uspid="9190" ordinal="2" offset="47" sl="189" path="0" offsetend="49" fileid="318" />
                <BranchPoint vc="0" uspid="9191" ordinal="3" offset="47" sl="189" path="1" offsetend="57" fileid="318" />
                <BranchPoint vc="0" uspid="9192" ordinal="4" offset="64" sl="191" path="0" offsetend="66" fileid="318" />
                <BranchPoint vc="0" uspid="9193" ordinal="5" offset="64" sl="191" path="1" offsetend="87" fileid="318" />
                <BranchPoint vc="0" uspid="9194" ordinal="6" offset="94" sl="193" path="0" offsetend="96" fileid="318" />
                <BranchPoint vc="0" uspid="9195" ordinal="7" offset="94" sl="193" path="1" offsetend="103" fileid="318" />
              </BranchPoints>
              <MethodPoint xsi:type="SequencePoint" vc="0" uspid="9177" ordinal="0" offset="0" sl="184" sc="13" el="184" ec="85" bec="0" bev="0" fileid="318" />
            </Method>
            <Method visited="false" cyclomaticComplexity="3" nPathComplexity="2" sequenceCoverage="0" branchCoverage="0" crapScore="12" isConstructor="false" isStatic="false" isGetter="false" isSetter="false">
              <Summary numSequencePoints="11" visitedSequencePoints="0" numBranchPoints="3" visitedBranchPoints="0" sequenceCoverage="0" branchCoverage="0" maxCyclomaticComplexity="3" minCyclomaticComplexity="3" maxCrapScore="12" minCrapScore="12" visitedClasses="0" numClasses="0" visitedMethods="0" numMethods="1" />
              <MetadataToken>100664784</MetadataToken>
              <Name>System.Void Xunit.Runners.AssemblyRunner::Start(System.String,System.Nullable`1&lt;System.Boolean&gt;,System.Nullable`1&lt;Xunit.TestMethodDisplay&gt;,System.Nullable`1&lt;System.Boolean&gt;,System.Nullable`1&lt;System.Boolean&gt;,System.Nullable`1&lt;System.Int32&gt;,System.Nullable`1&lt;System.Boolean&gt;)</Name>
              <FileRef uid="318" />
              <SequencePoints>
                <SequencePoint vc="0" uspid="9196" ordinal="0" offset="66" sl="226" sc="13" el="226" ec="30" bec="0" bev="0" fileid="318" />
                <SequencePoint vc="0" uspid="9197" ordinal="1" offset="83" sl="228" sc="17" el="228" ec="57" bec="2" bev="0" fileid="318" />
                <SequencePoint vc="0" uspid="9198" ordinal="2" offset="92" sl="229" sc="21" el="229" ec="124" bec="0" bev="0" fileid="318" />
                <SequencePoint vc="0" uspid="9199" ordinal="3" offset="103" sl="231" sc="17" el="231" ec="35" bec="0" bev="0" fileid="318" />
                <SequencePoint vc="0" uspid="9200" ordinal="4" offset="112" sl="232" sc="17" el="232" ec="41" bec="0" bev="0" fileid="318" />
                <SequencePoint vc="0" uspid="9201" ordinal="5" offset="119" sl="233" sc="17" el="233" ec="40" bec="0" bev="0" fileid="318" />
                <SequencePoint vc="0" uspid="9202" ordinal="6" offset="130" sl="234" sc="17" el="234" ec="48" bec="0" bev="0" fileid="318" />
                <SequencePoint vc="0" uspid="9203" ordinal="7" offset="142" sl="235" sc="17" el="235" ec="48" bec="0" bev="0" fileid="318" />
                <SequencePoint vc="0" uspid="9204" ordinal="8" offset="154" sl="236" sc="13" el="236" ec="14" bec="0" bev="0" fileid="318" />
                <SequencePoint vc="0" uspid="9205" ordinal="9" offset="166" sl="238" sc="13" el="258" ec="16" bec="0" bev="0" fileid="318" />
                <SequencePoint vc="0" uspid="9206" ordinal="10" offset="184" sl="259" sc="9" el="259" ec="10" bec="0" bev="0" fileid="318" />
              </SequencePoints>
              <BranchPoints>
                <BranchPoint vc="0" uspid="9207" ordinal="0" offset="90" sl="228" path="0" offsetend="92" fileid="318" />
                <BranchPoint vc="0" uspid="9208" ordinal="1" offset="90" sl="228" path="1" offsetend="103" fileid="318" />
              </BranchPoints>
              <MethodPoint vc="0" uspid="9209" ordinal="0" offset="0" />
            </Method>
            <Method visited="false" cyclomaticComplexity="2" nPathComplexity="2" sequenceCoverage="0" branchCoverage="0" crapScore="6" isConstructor="false" isStatic="true" isGetter="false" isSetter="false">
              <Summary numSequencePoints="2" visitedSequencePoints="0" numBranchPoints="3" visitedBranchPoints="0" sequenceCoverage="0" branchCoverage="0" maxCyclomaticComplexity="2" minCyclomaticComplexity="2" maxCrapScore="6" minCrapScore="6" visitedClasses="0" numClasses="0" visitedMethods="0" numMethods="1" />
              <MetadataToken>100664785</MetadataToken>
              <Name>Xunit.Runners.AssemblyRunner Xunit.Runners.AssemblyRunner::WithAppDomain(System.String,System.String,System.Boolean,System.String)</Name>
              <FileRef uid="318" />
              <SequencePoints>
                <SequencePoint vc="0" uspid="9210" ordinal="0" offset="0" sl="276" sc="13" el="276" ec="161" bec="2" bev="0" fileid="318" />
                <SequencePoint vc="0" uspid="9211" ordinal="1" offset="25" sl="278" sc="13" el="278" ec="130" bec="0" bev="0" fileid="318" />
              </SequencePoints>
              <BranchPoints>
                <BranchPoint vc="0" uspid="9212" ordinal="0" offset="11" sl="276" path="0" offsetend="13" fileid="318" />
                <BranchPoint vc="0" uspid="9213" ordinal="1" offset="11" sl="276" path="1" offsetend="19" fileid="318" />
              </BranchPoints>
              <MethodPoint xsi:type="SequencePoint" vc="0" uspid="9210" ordinal="0" offset="0" sl="276" sc="13" el="276" ec="161" bec="2" bev="0" fileid="318" />
            </Method>
            <Method visited="false" cyclomaticComplexity="1" nPathComplexity="0" sequenceCoverage="0" branchCoverage="0" crapScore="2" isConstructor="false" isStatic="true" isGetter="false" isSetter="false">
              <Summary numSequencePoints="1" visitedSequencePoints="0" numBranchPoints="1" visitedBranchPoints="0" sequenceCoverage="0" branchCoverage="0" maxCyclomaticComplexity="1" minCyclomaticComplexity="1" maxCrapScore="2" minCrapScore="2" visitedClasses="0" numClasses="0" visitedMethods="0" numMethods="1" />
              <MetadataToken>100664786</MetadataToken>
              <Name>Xunit.Runners.AssemblyRunner Xunit.Runners.AssemblyRunner::WithoutAppDomain(System.String)</Name>
              <FileRef uid="318" />
              <SequencePoints>
                <SequencePoint vc="0" uspid="9214" ordinal="0" offset="0" sl="288" sc="13" el="288" ec="82" bec="0" bev="0" fileid="318" />
              </SequencePoints>
              <BranchPoints />
              <MethodPoint xsi:type="SequencePoint" vc="0" uspid="9214" ordinal="0" offset="0" sl="288" sc="13" el="288" ec="82" bec="0" bev="0" fileid="318" />
            </Method>
            <Method visited="false" cyclomaticComplexity="4" nPathComplexity="8" sequenceCoverage="0" branchCoverage="0" crapScore="20" isConstructor="false" isStatic="false" isGetter="false" isSetter="false">
              <Summary numSequencePoints="4" visitedSequencePoints="0" numBranchPoints="7" visitedBranchPoints="0" sequenceCoverage="0" branchCoverage="0" maxCyclomaticComplexity="4" minCyclomaticComplexity="4" maxCrapScore="20" minCrapScore="20" visitedClasses="0" numClasses="0" visitedMethods="0" numMethods="1" />
              <MetadataToken>100664787</MetadataToken>
              <Name>System.Boolean Xunit.Runners.AssemblyRunner::DispatchMessage(Xunit.Abstractions.IMessageSinkMessage,System.Collections.Generic.HashSet`1&lt;System.String&gt;,System.Action`1&lt;TMessage&gt;)</Name>
              <FileRef uid="318" />
              <SequencePoints>
                <SequencePoint vc="0" uspid="9215" ordinal="0" offset="0" sl="294" sc="13" el="294" ec="143" bec="4" bev="0" fileid="318" />
                <SequencePoint vc="0" uspid="9216" ordinal="1" offset="36" sl="295" sc="17" el="295" ec="30" bec="0" bev="0" fileid="318" />
                <SequencePoint vc="0" uspid="9217" ordinal="2" offset="38" sl="297" sc="13" el="297" ec="40" bec="0" bev="0" fileid="318" />
                <SequencePoint vc="0" uspid="9218" ordinal="3" offset="50" sl="298" sc="13" el="298" ec="25" bec="0" bev="0" fileid="318" />
              </SequencePoints>
              <BranchPoints>
                <BranchPoint vc="0" uspid="9219" ordinal="0" offset="1" sl="294" path="0" offsetend="3" fileid="318" />
                <BranchPoint vc="0" uspid="9220" ordinal="1" offset="1" sl="294" path="1" offsetend="36" fileid="318" />
                <BranchPoint vc="0" uspid="9221" ordinal="2" offset="25" sl="294" path="0" offsetend="27" fileid="318" />
                <BranchPoint vc="0" uspid="9222" ordinal="3" offset="25" sl="294" path="1" offsetend="36" fileid="318" />
                <BranchPoint vc="0" uspid="9223" ordinal="4" offset="34" sl="294" path="0" offsetend="36" fileid="318" />
                <BranchPoint vc="0" uspid="9224" ordinal="5" offset="34" sl="294" path="1" offsetend="38" fileid="318" />
              </BranchPoints>
              <MethodPoint xsi:type="SequencePoint" vc="0" uspid="9215" ordinal="0" offset="0" sl="294" sc="13" el="294" ec="143" bec="4" bev="0" fileid="318" />
            </Method>
            <Method visited="false" cyclomaticComplexity="25" nPathComplexity="16777216" sequenceCoverage="0" branchCoverage="0" crapScore="650" isConstructor="false" isStatic="false" isGetter="false" isSetter="false">
              <Summary numSequencePoints="43" visitedSequencePoints="0" numBranchPoints="49" visitedBranchPoints="0" sequenceCoverage="0" branchCoverage="0" maxCyclomaticComplexity="25" minCyclomaticComplexity="25" maxCrapScore="650" minCrapScore="650" visitedClasses="0" numClasses="0" visitedMethods="0" numMethods="1" />
              <MetadataToken>100664788</MetadataToken>
              <Name>System.Boolean Xunit.Runners.AssemblyRunner::Xunit.IMessageSinkWithTypes.OnMessageWithTypes(Xunit.Abstractions.IMessageSinkMessage,System.Collections.Generic.HashSet`1&lt;System.String&gt;)</Name>
              <FileRef uid="318" />
              <SequencePoints>
                <SequencePoint vc="0" uspid="9225" ordinal="0" offset="0" sl="303" sc="13" el="308" ec="16" bec="2" bev="0" fileid="318" />
                <SequencePoint vc="0" uspid="9226" ordinal="1" offset="22" sl="309" sc="17" el="309" ec="35" bec="0" bev="0" fileid="318" />
                <SequencePoint vc="0" uspid="9227" ordinal="2" offset="34" sl="311" sc="13" el="315" ec="16" bec="2" bev="0" fileid="318" />
                <SequencePoint vc="0" uspid="9228" ordinal="3" offset="56" sl="316" sc="17" el="316" ec="35" bec="0" bev="0" fileid="318" />
                <SequencePoint vc="0" uspid="9229" ordinal="4" offset="68" sl="318" sc="13" el="322" ec="16" bec="2" bev="0" fileid="318" />
                <SequencePoint vc="0" uspid="9230" ordinal="5" offset="90" sl="323" sc="17" el="323" ec="35" bec="0" bev="0" fileid="318" />
                <SequencePoint vc="0" uspid="9231" ordinal="6" offset="102" sl="325" sc="13" el="325" ec="45" bec="2" bev="0" fileid="318" />
                <SequencePoint vc="0" uspid="9232" ordinal="7" offset="110" sl="326" sc="17" el="326" ec="144" bec="2" bev="0" fileid="318" />
                <SequencePoint vc="0" uspid="9233" ordinal="8" offset="132" sl="327" sc="21" el="327" ec="39" bec="0" bev="0" fileid="318" />
                <SequencePoint vc="0" uspid="9234" ordinal="9" offset="144" sl="328" sc="13" el="328" ec="38" bec="2" bev="0" fileid="318" />
                <SequencePoint vc="0" uspid="9235" ordinal="10" offset="152" sl="329" sc="17" el="329" ec="354" bec="2" bev="0" fileid="318" />
                <SequencePoint vc="0" uspid="9236" ordinal="11" offset="174" sl="330" sc="21" el="330" ec="39" bec="0" bev="0" fileid="318" />
                <SequencePoint vc="0" uspid="9237" ordinal="12" offset="186" sl="331" sc="13" el="331" ec="40" bec="2" bev="0" fileid="318" />
                <SequencePoint vc="0" uspid="9238" ordinal="13" offset="194" sl="332" sc="17" el="332" ec="264" bec="2" bev="0" fileid="318" />
                <SequencePoint vc="0" uspid="9239" ordinal="14" offset="216" sl="333" sc="21" el="333" ec="39" bec="0" bev="0" fileid="318" />
                <SequencePoint vc="0" uspid="9240" ordinal="15" offset="228" sl="334" sc="13" el="334" ec="38" bec="2" bev="0" fileid="318" />
                <SequencePoint vc="0" uspid="9241" ordinal="16" offset="236" sl="335" sc="17" el="335" ec="241" bec="2" bev="0" fileid="318" />
                <SequencePoint vc="0" uspid="9242" ordinal="17" offset="258" sl="336" sc="21" el="336" ec="39" bec="0" bev="0" fileid="318" />
                <SequencePoint vc="0" uspid="9243" ordinal="18" offset="270" sl="337" sc="13" el="337" ec="38" bec="2" bev="0" fileid="318" />
                <SequencePoint vc="0" uspid="9244" ordinal="19" offset="278" sl="338" sc="17" el="338" ec="258" bec="2" bev="0" fileid="318" />
                <SequencePoint vc="0" uspid="9245" ordinal="20" offset="300" sl="339" sc="21" el="339" ec="39" bec="0" bev="0" fileid="318" />
                <SequencePoint vc="0" uspid="9246" ordinal="21" offset="312" sl="340" sc="13" el="340" ec="39" bec="2" bev="0" fileid="318" />
                <SequencePoint vc="0" uspid="9247" ordinal="22" offset="320" sl="341" sc="17" el="341" ec="244" bec="2" bev="0" fileid="318" />
                <SequencePoint vc="0" uspid="9248" ordinal="23" offset="342" sl="342" sc="21" el="342" ec="39" bec="0" bev="0" fileid="318" />
                <SequencePoint vc="0" uspid="9249" ordinal="24" offset="354" sl="343" sc="13" el="343" ec="40" bec="2" bev="0" fileid="318" />
                <SequencePoint vc="0" uspid="9250" ordinal="25" offset="362" sl="344" sc="17" el="344" ec="237" bec="2" bev="0" fileid="318" />
                <SequencePoint vc="0" uspid="9251" ordinal="26" offset="384" sl="345" sc="21" el="345" ec="39" bec="0" bev="0" fileid="318" />
                <SequencePoint vc="0" uspid="9252" ordinal="27" offset="396" sl="347" sc="13" el="347" ec="40" bec="2" bev="0" fileid="318" />
                <SequencePoint vc="0" uspid="9253" ordinal="28" offset="407" sl="349" sc="17" el="349" ec="250" bec="2" bev="0" fileid="318" />
                <SequencePoint vc="0" uspid="9254" ordinal="29" offset="429" sl="350" sc="21" el="350" ec="39" bec="0" bev="0" fileid="318" />
                <SequencePoint vc="0" uspid="9255" ordinal="30" offset="441" sl="351" sc="17" el="351" ec="273" bec="2" bev="0" fileid="318" />
                <SequencePoint vc="0" uspid="9256" ordinal="31" offset="463" sl="352" sc="21" el="352" ec="39" bec="0" bev="0" fileid="318" />
                <SequencePoint vc="0" uspid="9257" ordinal="32" offset="475" sl="353" sc="17" el="353" ec="265" bec="2" bev="0" fileid="318" />
                <SequencePoint vc="0" uspid="9258" ordinal="33" offset="497" sl="354" sc="21" el="354" ec="39" bec="0" bev="0" fileid="318" />
                <SequencePoint vc="0" uspid="9259" ordinal="34" offset="509" sl="355" sc="17" el="355" ec="267" bec="2" bev="0" fileid="318" />
                <SequencePoint vc="0" uspid="9260" ordinal="35" offset="531" sl="356" sc="21" el="356" ec="39" bec="0" bev="0" fileid="318" />
                <SequencePoint vc="0" uspid="9261" ordinal="36" offset="543" sl="357" sc="17" el="357" ec="257" bec="2" bev="0" fileid="318" />
                <SequencePoint vc="0" uspid="9262" ordinal="37" offset="565" sl="358" sc="21" el="358" ec="39" bec="0" bev="0" fileid="318" />
                <SequencePoint vc="0" uspid="9263" ordinal="38" offset="577" sl="359" sc="17" el="359" ec="277" bec="2" bev="0" fileid="318" />
                <SequencePoint vc="0" uspid="9264" ordinal="39" offset="599" sl="360" sc="21" el="360" ec="39" bec="0" bev="0" fileid="318" />
                <SequencePoint vc="0" uspid="9265" ordinal="40" offset="611" sl="361" sc="17" el="361" ec="269" bec="0" bev="0" fileid="318" />
                <SequencePoint vc="0" uspid="9266" ordinal="41" offset="632" sl="362" sc="21" el="362" ec="39" bec="0" bev="0" fileid="318" />
                <SequencePoint vc="0" uspid="9267" ordinal="42" offset="644" sl="365" sc="13" el="365" ec="31" bec="0" bev="0" fileid="318" />
              </SequencePoints>
              <BranchPoints>
                <BranchPoint vc="0" uspid="9268" ordinal="0" offset="20" sl="303" path="0" offsetend="22" fileid="318" />
                <BranchPoint vc="0" uspid="9269" ordinal="1" offset="20" sl="303" path="1" offsetend="34" fileid="318" />
                <BranchPoint vc="0" uspid="9270" ordinal="2" offset="54" sl="311" path="0" offsetend="56" fileid="318" />
                <BranchPoint vc="0" uspid="9271" ordinal="3" offset="54" sl="311" path="1" offsetend="68" fileid="318" />
                <BranchPoint vc="0" uspid="9272" ordinal="4" offset="88" sl="318" path="0" offsetend="90" fileid="318" />
                <BranchPoint vc="0" uspid="9273" ordinal="5" offset="88" sl="318" path="1" offsetend="102" fileid="318" />
                <BranchPoint vc="0" uspid="9274" ordinal="6" offset="108" sl="325" path="0" offsetend="110" fileid="318" />
                <BranchPoint vc="0" uspid="9275" ordinal="7" offset="108" sl="325" path="1" offsetend="144" fileid="318" />
                <BranchPoint vc="0" uspid="9276" ordinal="8" offset="130" sl="326" path="0" offsetend="132" fileid="318" />
                <BranchPoint vc="0" uspid="9277" ordinal="9" offset="130" sl="326" path="1" offsetend="144" fileid="318" />
                <BranchPoint vc="0" uspid="9278" ordinal="10" offset="150" sl="328" path="0" offsetend="152" fileid="318" />
                <BranchPoint vc="0" uspid="9279" ordinal="11" offset="150" sl="328" path="1" offsetend="186" fileid="318" />
                <BranchPoint vc="0" uspid="9280" ordinal="12" offset="172" sl="329" path="0" offsetend="174" fileid="318" />
                <BranchPoint vc="0" uspid="9281" ordinal="13" offset="172" sl="329" path="1" offsetend="186" fileid="318" />
                <BranchPoint vc="0" uspid="9282" ordinal="14" offset="192" sl="331" path="0" offsetend="194" fileid="318" />
                <BranchPoint vc="0" uspid="9283" ordinal="15" offset="192" sl="331" path="1" offsetend="228" fileid="318" />
                <BranchPoint vc="0" uspid="9284" ordinal="16" offset="214" sl="332" path="0" offsetend="216" fileid="318" />
                <BranchPoint vc="0" uspid="9285" ordinal="17" offset="214" sl="332" path="1" offsetend="228" fileid="318" />
                <BranchPoint vc="0" uspid="9286" ordinal="18" offset="234" sl="334" path="0" offsetend="236" fileid="318" />
                <BranchPoint vc="0" uspid="9287" ordinal="19" offset="234" sl="334" path="1" offsetend="270" fileid="318" />
                <BranchPoint vc="0" uspid="9288" ordinal="20" offset="256" sl="335" path="0" offsetend="258" fileid="318" />
                <BranchPoint vc="0" uspid="9289" ordinal="21" offset="256" sl="335" path="1" offsetend="270" fileid="318" />
                <BranchPoint vc="0" uspid="9290" ordinal="22" offset="276" sl="337" path="0" offsetend="278" fileid="318" />
                <BranchPoint vc="0" uspid="9291" ordinal="23" offset="276" sl="337" path="1" offsetend="312" fileid="318" />
                <BranchPoint vc="0" uspid="9292" ordinal="24" offset="298" sl="338" path="0" offsetend="300" fileid="318" />
                <BranchPoint vc="0" uspid="9293" ordinal="25" offset="298" sl="338" path="1" offsetend="312" fileid="318" />
                <BranchPoint vc="0" uspid="9294" ordinal="26" offset="318" sl="340" path="0" offsetend="320" fileid="318" />
                <BranchPoint vc="0" uspid="9295" ordinal="27" offset="318" sl="340" path="1" offsetend="354" fileid="318" />
                <BranchPoint vc="0" uspid="9296" ordinal="28" offset="340" sl="341" path="0" offsetend="342" fileid="318" />
                <BranchPoint vc="0" uspid="9297" ordinal="29" offset="340" sl="341" path="1" offsetend="354" fileid="318" />
                <BranchPoint vc="0" uspid="9298" ordinal="30" offset="360" sl="343" path="0" offsetend="362" fileid="318" />
                <BranchPoint vc="0" uspid="9299" ordinal="31" offset="360" sl="343" path="1" offsetend="396" fileid="318" />
                <BranchPoint vc="0" uspid="9300" ordinal="32" offset="382" sl="344" path="0" offsetend="384" fileid="318" />
                <BranchPoint vc="0" uspid="9301" ordinal="33" offset="382" sl="344" path="1" offsetend="396" fileid="318" />
                <BranchPoint vc="0" uspid="9302" ordinal="34" offset="402" sl="347" path="0" offsetend="407" fileid="318" />
                <BranchPoint vc="0" uspid="9303" ordinal="35" offset="402" sl="347" path="1" offsetend="644" fileid="318" />
                <BranchPoint vc="0" uspid="9304" ordinal="36" offset="427" sl="349" path="0" offsetend="429" fileid="318" />
                <BranchPoint vc="0" uspid="9305" ordinal="37" offset="427" sl="349" path="1" offsetend="441" fileid="318" />
                <BranchPoint vc="0" uspid="9306" ordinal="38" offset="461" sl="351" path="0" offsetend="463" fileid="318" />
                <BranchPoint vc="0" uspid="9307" ordinal="39" offset="461" sl="351" path="1" offsetend="475" fileid="318" />
                <BranchPoint vc="0" uspid="9308" ordinal="40" offset="495" sl="353" path="0" offsetend="497" fileid="318" />
                <BranchPoint vc="0" uspid="9309" ordinal="41" offset="495" sl="353" path="1" offsetend="509" fileid="318" />
                <BranchPoint vc="0" uspid="9310" ordinal="42" offset="529" sl="355" path="0" offsetend="531" fileid="318" />
                <BranchPoint vc="0" uspid="9311" ordinal="43" offset="529" sl="355" path="1" offsetend="543" fileid="318" />
                <BranchPoint vc="0" uspid="9312" ordinal="44" offset="563" sl="357" path="0" offsetend="565" fileid="318" />
                <BranchPoint vc="0" uspid="9313" ordinal="45" offset="563" sl="357" path="1" offsetend="577" fileid="318" />
                <BranchPoint vc="0" uspid="9314" ordinal="46" offset="597" sl="359" path="0" offsetend="599" fileid="318" />
                <BranchPoint vc="0" uspid="9315" ordinal="47" offset="597" sl="359" path="1" offsetend="611" fileid="318" />
              </BranchPoints>
              <MethodPoint xsi:type="SequencePoint" vc="0" uspid="9225" ordinal="0" offset="0" sl="303" sc="13" el="308" ec="16" bec="2" bev="0" fileid="318" />
            </Method>
            <Method visited="false" cyclomaticComplexity="3" nPathComplexity="4" sequenceCoverage="0" branchCoverage="0" crapScore="12" isConstructor="false" isStatic="false" isGetter="false" isSetter="false">
              <Summary numSequencePoints="4" visitedSequencePoints="0" numBranchPoints="5" visitedBranchPoints="0" sequenceCoverage="0" branchCoverage="0" maxCyclomaticComplexity="3" minCyclomaticComplexity="3" maxCrapScore="12" minCrapScore="12" visitedClasses="0" numClasses="0" visitedMethods="0" numMethods="1" />
              <MetadataToken>100664789</MetadataToken>
              <Name>System.Void Xunit.Runners.AssemblyRunner::&lt;Xunit.IMessageSinkWithTypes.OnMessageWithTypes&gt;b__67_0(Xunit.Abstractions.ITestCaseDiscoveryMessage)</Name>
              <FileRef uid="318" />
              <SequencePoints>
                <SequencePoint vc="0" uspid="9316" ordinal="0" offset="0" sl="305" sc="17" el="305" ec="39" bec="0" bev="0" fileid="318" />
                <SequencePoint vc="0" uspid="9317" ordinal="1" offset="14" sl="306" sc="17" el="306" ec="87" bec="3" bev="0" fileid="318" />
                <SequencePoint vc="0" uspid="9318" ordinal="2" offset="41" sl="307" sc="21" el="307" ec="65" bec="0" bev="0" fileid="318" />
                <SequencePoint vc="0" uspid="9319" ordinal="3" offset="58" sl="308" sc="13" el="308" ec="14" bec="0" bev="0" fileid="318" />
              </SequencePoints>
              <BranchPoints>
                <BranchPoint vc="0" uspid="9320" ordinal="0" offset="20" sl="306" path="0" offsetend="22" fileid="318" />
                <BranchPoint vc="0" uspid="9321" ordinal="1" offset="20" sl="306" path="1" offsetend="41" fileid="318" />
                <BranchPoint vc="0" uspid="9322" ordinal="2" offset="39" sl="306" path="0" offsetend="41" fileid="318" />
                <BranchPoint vc="0" uspid="9323" ordinal="3" offset="39" sl="306" path="1" offsetend="58" fileid="318" />
              </BranchPoints>
              <MethodPoint xsi:type="SequencePoint" vc="0" uspid="9316" ordinal="0" offset="0" sl="305" sc="17" el="305" ec="39" bec="0" bev="0" fileid="318" />
            </Method>
            <Method visited="false" cyclomaticComplexity="2" nPathComplexity="2" sequenceCoverage="0" branchCoverage="0" crapScore="6" isConstructor="false" isStatic="false" isGetter="false" isSetter="false">
              <Summary numSequencePoints="3" visitedSequencePoints="0" numBranchPoints="3" visitedBranchPoints="0" sequenceCoverage="0" branchCoverage="0" maxCyclomaticComplexity="2" minCyclomaticComplexity="2" maxCrapScore="6" minCrapScore="6" visitedClasses="0" numClasses="0" visitedMethods="0" numMethods="1" />
              <MetadataToken>100664790</MetadataToken>
              <Name>System.Void Xunit.Runners.AssemblyRunner::&lt;Xunit.IMessageSinkWithTypes.OnMessageWithTypes&gt;b__67_1(Xunit.Abstractions.IDiscoveryCompleteMessage)</Name>
              <FileRef uid="318" />
              <SequencePoints>
                <SequencePoint vc="0" uspid="9324" ordinal="0" offset="0" sl="313" sc="17" el="313" ec="115" bec="2" bev="0" fileid="318" />
                <SequencePoint vc="0" uspid="9325" ordinal="1" offset="39" sl="314" sc="17" el="314" ec="46" bec="0" bev="0" fileid="318" />
                <SequencePoint vc="0" uspid="9326" ordinal="2" offset="51" sl="315" sc="13" el="315" ec="14" bec="0" bev="0" fileid="318" />
              </SequencePoints>
              <BranchPoints>
                <BranchPoint vc="0" uspid="9327" ordinal="0" offset="7" sl="313" path="0" offsetend="9" fileid="318" />
                <BranchPoint vc="0" uspid="9328" ordinal="1" offset="7" sl="313" path="1" offsetend="12" fileid="318" />
              </BranchPoints>
              <MethodPoint xsi:type="SequencePoint" vc="0" uspid="9324" ordinal="0" offset="0" sl="313" sc="17" el="313" ec="115" bec="2" bev="0" fileid="318" />
            </Method>
            <Method visited="false" cyclomaticComplexity="2" nPathComplexity="2" sequenceCoverage="0" branchCoverage="0" crapScore="6" isConstructor="false" isStatic="false" isGetter="false" isSetter="false">
              <Summary numSequencePoints="3" visitedSequencePoints="0" numBranchPoints="3" visitedBranchPoints="0" sequenceCoverage="0" branchCoverage="0" maxCyclomaticComplexity="2" minCyclomaticComplexity="2" maxCrapScore="6" minCrapScore="6" visitedClasses="0" numClasses="0" visitedMethods="0" numMethods="1" />
              <MetadataToken>100664791</MetadataToken>
              <Name>System.Void Xunit.Runners.AssemblyRunner::&lt;Xunit.IMessageSinkWithTypes.OnMessageWithTypes&gt;b__67_2(Xunit.Abstractions.ITestAssemblyFinished)</Name>
              <FileRef uid="318" />
              <SequencePoints>
                <SequencePoint vc="0" uspid="9329" ordinal="0" offset="0" sl="320" sc="17" el="320" ec="192" bec="2" bev="0" fileid="318" />
                <SequencePoint vc="0" uspid="9330" ordinal="1" offset="46" sl="321" sc="17" el="321" ec="46" bec="0" bev="0" fileid="318" />
                <SequencePoint vc="0" uspid="9331" ordinal="2" offset="58" sl="322" sc="13" el="322" ec="14" bec="0" bev="0" fileid="318" />
              </SequencePoints>
              <BranchPoints>
                <BranchPoint vc="0" uspid="9332" ordinal="0" offset="7" sl="320" path="0" offsetend="9" fileid="318" />
                <BranchPoint vc="0" uspid="9333" ordinal="1" offset="7" sl="320" path="1" offsetend="12" fileid="318" />
              </BranchPoints>
              <MethodPoint xsi:type="SequencePoint" vc="0" uspid="9329" ordinal="0" offset="0" sl="320" sc="17" el="320" ec="192" bec="2" bev="0" fileid="318" />
            </Method>
            <Method visited="false" cyclomaticComplexity="1" nPathComplexity="0" sequenceCoverage="0" branchCoverage="0" crapScore="2" isConstructor="false" isStatic="false" isGetter="false" isSetter="false">
              <Summary numSequencePoints="1" visitedSequencePoints="0" numBranchPoints="1" visitedBranchPoints="0" sequenceCoverage="0" branchCoverage="0" maxCyclomaticComplexity="1" minCyclomaticComplexity="1" maxCrapScore="2" minCrapScore="2" visitedClasses="0" numClasses="0" visitedMethods="0" numMethods="1" />
              <MetadataToken>100664792</MetadataToken>
              <Name>System.Void Xunit.Runners.AssemblyRunner::&lt;Xunit.IMessageSinkWithTypes.OnMessageWithTypes&gt;b__67_3(Xunit.Abstractions.IDiagnosticMessage)</Name>
              <FileRef uid="318" />
              <SequencePoints>
                <SequencePoint vc="0" uspid="9334" ordinal="0" offset="0" sl="326" sc="85" el="326" ec="142" bec="0" bev="0" fileid="318" />
              </SequencePoints>
              <BranchPoints />
              <MethodPoint xsi:type="SequencePoint" vc="0" uspid="9334" ordinal="0" offset="0" sl="326" sc="85" el="326" ec="142" bec="0" bev="0" fileid="318" />
            </Method>
            <Method visited="false" cyclomaticComplexity="1" nPathComplexity="0" sequenceCoverage="0" branchCoverage="0" crapScore="2" isConstructor="false" isStatic="false" isGetter="false" isSetter="false">
              <Summary numSequencePoints="1" visitedSequencePoints="0" numBranchPoints="1" visitedBranchPoints="0" sequenceCoverage="0" branchCoverage="0" maxCyclomaticComplexity="1" minCyclomaticComplexity="1" maxCrapScore="2" minCrapScore="2" visitedClasses="0" numClasses="0" visitedMethods="0" numMethods="1" />
              <MetadataToken>100664793</MetadataToken>
              <Name>System.Void Xunit.Runners.AssemblyRunner::&lt;Xunit.IMessageSinkWithTypes.OnMessageWithTypes&gt;b__67_4(Xunit.Abstractions.ITestFailed)</Name>
              <FileRef uid="318" />
              <SequencePoints>
                <SequencePoint vc="0" uspid="9335" ordinal="0" offset="0" sl="329" sc="78" el="329" ec="352" bec="0" bev="0" fileid="318" />
              </SequencePoints>
              <BranchPoints />
              <MethodPoint xsi:type="SequencePoint" vc="0" uspid="9335" ordinal="0" offset="0" sl="329" sc="78" el="329" ec="352" bec="0" bev="0" fileid="318" />
            </Method>
            <Method visited="false" cyclomaticComplexity="1" nPathComplexity="0" sequenceCoverage="0" branchCoverage="0" crapScore="2" isConstructor="false" isStatic="false" isGetter="false" isSetter="false">
              <Summary numSequencePoints="1" visitedSequencePoints="0" numBranchPoints="1" visitedBranchPoints="0" sequenceCoverage="0" branchCoverage="0" maxCyclomaticComplexity="1" minCyclomaticComplexity="1" maxCrapScore="2" minCrapScore="2" visitedClasses="0" numClasses="0" visitedMethods="0" numMethods="1" />
              <MetadataToken>100664794</MetadataToken>
              <Name>System.Void Xunit.Runners.AssemblyRunner::&lt;Xunit.IMessageSinkWithTypes.OnMessageWithTypes&gt;b__67_5(Xunit.Abstractions.ITestFinished)</Name>
              <FileRef uid="318" />
              <SequencePoints>
                <SequencePoint vc="0" uspid="9336" ordinal="0" offset="0" sl="332" sc="80" el="332" ec="262" bec="0" bev="0" fileid="318" />
              </SequencePoints>
              <BranchPoints />
              <MethodPoint xsi:type="SequencePoint" vc="0" uspid="9336" ordinal="0" offset="0" sl="332" sc="80" el="332" ec="262" bec="0" bev="0" fileid="318" />
            </Method>
            <Method visited="false" cyclomaticComplexity="1" nPathComplexity="0" sequenceCoverage="0" branchCoverage="0" crapScore="2" isConstructor="false" isStatic="false" isGetter="false" isSetter="false">
              <Summary numSequencePoints="1" visitedSequencePoints="0" numBranchPoints="1" visitedBranchPoints="0" sequenceCoverage="0" branchCoverage="0" maxCyclomaticComplexity="1" minCyclomaticComplexity="1" maxCrapScore="2" minCrapScore="2" visitedClasses="0" numClasses="0" visitedMethods="0" numMethods="1" />
              <MetadataToken>100664795</MetadataToken>
              <Name>System.Void Xunit.Runners.AssemblyRunner::&lt;Xunit.IMessageSinkWithTypes.OnMessageWithTypes&gt;b__67_6(Xunit.Abstractions.ITestOutput)</Name>
              <FileRef uid="318" />
              <SequencePoints>
                <SequencePoint vc="0" uspid="9337" ordinal="0" offset="0" sl="335" sc="78" el="335" ec="239" bec="0" bev="0" fileid="318" />
              </SequencePoints>
              <BranchPoints />
              <MethodPoint xsi:type="SequencePoint" vc="0" uspid="9337" ordinal="0" offset="0" sl="335" sc="78" el="335" ec="239" bec="0" bev="0" fileid="318" />
            </Method>
            <Method visited="false" cyclomaticComplexity="1" nPathComplexity="0" sequenceCoverage="0" branchCoverage="0" crapScore="2" isConstructor="false" isStatic="false" isGetter="false" isSetter="false">
              <Summary numSequencePoints="1" visitedSequencePoints="0" numBranchPoints="1" visitedBranchPoints="0" sequenceCoverage="0" branchCoverage="0" maxCyclomaticComplexity="1" minCyclomaticComplexity="1" maxCrapScore="2" minCrapScore="2" visitedClasses="0" numClasses="0" visitedMethods="0" numMethods="1" />
              <MetadataToken>100664796</MetadataToken>
              <Name>System.Void Xunit.Runners.AssemblyRunner::&lt;Xunit.IMessageSinkWithTypes.OnMessageWithTypes&gt;b__67_7(Xunit.Abstractions.ITestPassed)</Name>
              <FileRef uid="318" />
              <SequencePoints>
                <SequencePoint vc="0" uspid="9338" ordinal="0" offset="0" sl="338" sc="78" el="338" ec="256" bec="0" bev="0" fileid="318" />
              </SequencePoints>
              <BranchPoints />
              <MethodPoint xsi:type="SequencePoint" vc="0" uspid="9338" ordinal="0" offset="0" sl="338" sc="78" el="338" ec="256" bec="0" bev="0" fileid="318" />
            </Method>
            <Method visited="false" cyclomaticComplexity="1" nPathComplexity="0" sequenceCoverage="0" branchCoverage="0" crapScore="2" isConstructor="false" isStatic="false" isGetter="false" isSetter="false">
              <Summary numSequencePoints="1" visitedSequencePoints="0" numBranchPoints="1" visitedBranchPoints="0" sequenceCoverage="0" branchCoverage="0" maxCyclomaticComplexity="1" minCyclomaticComplexity="1" maxCrapScore="2" minCrapScore="2" visitedClasses="0" numClasses="0" visitedMethods="0" numMethods="1" />
              <MetadataToken>100664797</MetadataToken>
              <Name>System.Void Xunit.Runners.AssemblyRunner::&lt;Xunit.IMessageSinkWithTypes.OnMessageWithTypes&gt;b__67_8(Xunit.Abstractions.ITestSkipped)</Name>
              <FileRef uid="318" />
              <SequencePoints>
                <SequencePoint vc="0" uspid="9339" ordinal="0" offset="0" sl="341" sc="79" el="341" ec="242" bec="0" bev="0" fileid="318" />
              </SequencePoints>
              <BranchPoints />
              <MethodPoint xsi:type="SequencePoint" vc="0" uspid="9339" ordinal="0" offset="0" sl="341" sc="79" el="341" ec="242" bec="0" bev="0" fileid="318" />
            </Method>
            <Method visited="false" cyclomaticComplexity="1" nPathComplexity="0" sequenceCoverage="0" branchCoverage="0" crapScore="2" isConstructor="false" isStatic="false" isGetter="false" isSetter="false">
              <Summary numSequencePoints="1" visitedSequencePoints="0" numBranchPoints="1" visitedBranchPoints="0" sequenceCoverage="0" branchCoverage="0" maxCyclomaticComplexity="1" minCyclomaticComplexity="1" maxCrapScore="2" minCrapScore="2" visitedClasses="0" numClasses="0" visitedMethods="0" numMethods="1" />
              <MetadataToken>100664798</MetadataToken>
              <Name>System.Void Xunit.Runners.AssemblyRunner::&lt;Xunit.IMessageSinkWithTypes.OnMessageWithTypes&gt;b__67_9(Xunit.Abstractions.ITestStarting)</Name>
              <FileRef uid="318" />
              <SequencePoints>
                <SequencePoint vc="0" uspid="9340" ordinal="0" offset="0" sl="344" sc="80" el="344" ec="235" bec="0" bev="0" fileid="318" />
              </SequencePoints>
              <BranchPoints />
              <MethodPoint xsi:type="SequencePoint" vc="0" uspid="9340" ordinal="0" offset="0" sl="344" sc="80" el="344" ec="235" bec="0" bev="0" fileid="318" />
            </Method>
            <Method visited="false" cyclomaticComplexity="1" nPathComplexity="0" sequenceCoverage="0" branchCoverage="0" crapScore="2" isConstructor="false" isStatic="false" isGetter="false" isSetter="false">
              <Summary numSequencePoints="1" visitedSequencePoints="0" numBranchPoints="1" visitedBranchPoints="0" sequenceCoverage="0" branchCoverage="0" maxCyclomaticComplexity="1" minCyclomaticComplexity="1" maxCrapScore="2" minCrapScore="2" visitedClasses="0" numClasses="0" visitedMethods="0" numMethods="1" />
              <MetadataToken>100664799</MetadataToken>
              <Name>System.Void Xunit.Runners.AssemblyRunner::&lt;Xunit.IMessageSinkWithTypes.OnMessageWithTypes&gt;b__67_10(Xunit.Abstractions.IErrorMessage)</Name>
              <FileRef uid="318" />
              <SequencePoints>
                <SequencePoint vc="0" uspid="9341" ordinal="0" offset="0" sl="349" sc="80" el="349" ec="248" bec="0" bev="0" fileid="318" />
              </SequencePoints>
              <BranchPoints />
              <MethodPoint xsi:type="SequencePoint" vc="0" uspid="9341" ordinal="0" offset="0" sl="349" sc="80" el="349" ec="248" bec="0" bev="0" fileid="318" />
            </Method>
            <Method visited="false" cyclomaticComplexity="1" nPathComplexity="0" sequenceCoverage="0" branchCoverage="0" crapScore="2" isConstructor="false" isStatic="false" isGetter="false" isSetter="false">
              <Summary numSequencePoints="1" visitedSequencePoints="0" numBranchPoints="1" visitedBranchPoints="0" sequenceCoverage="0" branchCoverage="0" maxCyclomaticComplexity="1" minCyclomaticComplexity="1" maxCrapScore="2" minCrapScore="2" visitedClasses="0" numClasses="0" visitedMethods="0" numMethods="1" />
              <MetadataToken>100664800</MetadataToken>
              <Name>System.Void Xunit.Runners.AssemblyRunner::&lt;Xunit.IMessageSinkWithTypes.OnMessageWithTypes&gt;b__67_11(Xunit.Abstractions.ITestAssemblyCleanupFailure)</Name>
              <FileRef uid="318" />
              <SequencePoints>
                <SequencePoint vc="0" uspid="9342" ordinal="0" offset="0" sl="351" sc="94" el="351" ec="271" bec="0" bev="0" fileid="318" />
              </SequencePoints>
              <BranchPoints />
              <MethodPoint xsi:type="SequencePoint" vc="0" uspid="9342" ordinal="0" offset="0" sl="351" sc="94" el="351" ec="271" bec="0" bev="0" fileid="318" />
            </Method>
            <Method visited="false" cyclomaticComplexity="1" nPathComplexity="0" sequenceCoverage="0" branchCoverage="0" crapScore="2" isConstructor="false" isStatic="false" isGetter="false" isSetter="false">
              <Summary numSequencePoints="1" visitedSequencePoints="0" numBranchPoints="1" visitedBranchPoints="0" sequenceCoverage="0" branchCoverage="0" maxCyclomaticComplexity="1" minCyclomaticComplexity="1" maxCrapScore="2" minCrapScore="2" visitedClasses="0" numClasses="0" visitedMethods="0" numMethods="1" />
              <MetadataToken>100664801</MetadataToken>
              <Name>System.Void Xunit.Runners.AssemblyRunner::&lt;Xunit.IMessageSinkWithTypes.OnMessageWithTypes&gt;b__67_12(Xunit.Abstractions.ITestCaseCleanupFailure)</Name>
              <FileRef uid="318" />
              <SequencePoints>
                <SequencePoint vc="0" uspid="9343" ordinal="0" offset="0" sl="353" sc="90" el="353" ec="263" bec="0" bev="0" fileid="318" />
              </SequencePoints>
              <BranchPoints />
              <MethodPoint xsi:type="SequencePoint" vc="0" uspid="9343" ordinal="0" offset="0" sl="353" sc="90" el="353" ec="263" bec="0" bev="0" fileid="318" />
            </Method>
            <Method visited="false" cyclomaticComplexity="1" nPathComplexity="0" sequenceCoverage="0" branchCoverage="0" crapScore="2" isConstructor="false" isStatic="false" isGetter="false" isSetter="false">
              <Summary numSequencePoints="1" visitedSequencePoints="0" numBranchPoints="1" visitedBranchPoints="0" sequenceCoverage="0" branchCoverage="0" maxCyclomaticComplexity="1" minCyclomaticComplexity="1" maxCrapScore="2" minCrapScore="2" visitedClasses="0" numClasses="0" visitedMethods="0" numMethods="1" />
              <MetadataToken>100664802</MetadataToken>
              <Name>System.Void Xunit.Runners.AssemblyRunner::&lt;Xunit.IMessageSinkWithTypes.OnMessageWithTypes&gt;b__67_13(Xunit.Abstractions.ITestClassCleanupFailure)</Name>
              <FileRef uid="318" />
              <SequencePoints>
                <SequencePoint vc="0" uspid="9344" ordinal="0" offset="0" sl="355" sc="91" el="355" ec="265" bec="0" bev="0" fileid="318" />
              </SequencePoints>
              <BranchPoints />
              <MethodPoint xsi:type="SequencePoint" vc="0" uspid="9344" ordinal="0" offset="0" sl="355" sc="91" el="355" ec="265" bec="0" bev="0" fileid="318" />
            </Method>
            <Method visited="false" cyclomaticComplexity="1" nPathComplexity="0" sequenceCoverage="0" branchCoverage="0" crapScore="2" isConstructor="false" isStatic="false" isGetter="false" isSetter="false">
              <Summary numSequencePoints="1" visitedSequencePoints="0" numBranchPoints="1" visitedBranchPoints="0" sequenceCoverage="0" branchCoverage="0" maxCyclomaticComplexity="1" minCyclomaticComplexity="1" maxCrapScore="2" minCrapScore="2" visitedClasses="0" numClasses="0" visitedMethods="0" numMethods="1" />
              <MetadataToken>100664803</MetadataToken>
              <Name>System.Void Xunit.Runners.AssemblyRunner::&lt;Xunit.IMessageSinkWithTypes.OnMessageWithTypes&gt;b__67_14(Xunit.Abstractions.ITestCleanupFailure)</Name>
              <FileRef uid="318" />
              <SequencePoints>
                <SequencePoint vc="0" uspid="9345" ordinal="0" offset="0" sl="357" sc="86" el="357" ec="255" bec="0" bev="0" fileid="318" />
              </SequencePoints>
              <BranchPoints />
              <MethodPoint xsi:type="SequencePoint" vc="0" uspid="9345" ordinal="0" offset="0" sl="357" sc="86" el="357" ec="255" bec="0" bev="0" fileid="318" />
            </Method>
            <Method visited="false" cyclomaticComplexity="1" nPathComplexity="0" sequenceCoverage="0" branchCoverage="0" crapScore="2" isConstructor="false" isStatic="false" isGetter="false" isSetter="false">
              <Summary numSequencePoints="1" visitedSequencePoints="0" numBranchPoints="1" visitedBranchPoints="0" sequenceCoverage="0" branchCoverage="0" maxCyclomaticComplexity="1" minCyclomaticComplexity="1" maxCrapScore="2" minCrapScore="2" visitedClasses="0" numClasses="0" visitedMethods="0" numMethods="1" />
              <MetadataToken>100664804</MetadataToken>
              <Name>System.Void Xunit.Runners.AssemblyRunner::&lt;Xunit.IMessageSinkWithTypes.OnMessageWithTypes&gt;b__67_15(Xunit.Abstractions.ITestCollectionCleanupFailure)</Name>
              <FileRef uid="318" />
              <SequencePoints>
                <SequencePoint vc="0" uspid="9346" ordinal="0" offset="0" sl="359" sc="96" el="359" ec="275" bec="0" bev="0" fileid="318" />
              </SequencePoints>
              <BranchPoints />
              <MethodPoint xsi:type="SequencePoint" vc="0" uspid="9346" ordinal="0" offset="0" sl="359" sc="96" el="359" ec="275" bec="0" bev="0" fileid="318" />
            </Method>
            <Method visited="false" cyclomaticComplexity="1" nPathComplexity="0" sequenceCoverage="0" branchCoverage="0" crapScore="2" isConstructor="false" isStatic="false" isGetter="false" isSetter="false">
              <Summary numSequencePoints="1" visitedSequencePoints="0" numBranchPoints="1" visitedBranchPoints="0" sequenceCoverage="0" branchCoverage="0" maxCyclomaticComplexity="1" minCyclomaticComplexity="1" maxCrapScore="2" minCrapScore="2" visitedClasses="0" numClasses="0" visitedMethods="0" numMethods="1" />
              <MetadataToken>100664805</MetadataToken>
              <Name>System.Void Xunit.Runners.AssemblyRunner::&lt;Xunit.IMessageSinkWithTypes.OnMessageWithTypes&gt;b__67_16(Xunit.Abstractions.ITestMethodCleanupFailure)</Name>
              <FileRef uid="318" />
              <SequencePoints>
                <SequencePoint vc="0" uspid="9347" ordinal="0" offset="0" sl="361" sc="92" el="361" ec="267" bec="0" bev="0" fileid="318" />
              </SequencePoints>
              <BranchPoints />
              <MethodPoint xsi:type="SequencePoint" vc="0" uspid="9347" ordinal="0" offset="0" sl="361" sc="92" el="361" ec="267" bec="0" bev="0" fileid="318" />
            </Method>
          </Methods>
        </Class>
        <Class>
          <Summary numSequencePoints="13" visitedSequencePoints="0" numBranchPoints="7" visitedBranchPoints="0" sequenceCoverage="0" branchCoverage="0" maxCyclomaticComplexity="4" minCyclomaticComplexity="1" maxCrapScore="20" minCrapScore="2" visitedClasses="0" numClasses="1" visitedMethods="0" numMethods="1" />
          <FullName>Xunit.Runners.AssemblyRunner/&lt;&gt;c__DisplayClass63_0</FullName>
          <Methods>
            <Method visited="false" cyclomaticComplexity="1" nPathComplexity="0" sequenceCoverage="0" branchCoverage="0" crapScore="2" isConstructor="true" isStatic="false" isGetter="false" isSetter="false">
              <Summary numSequencePoints="0" visitedSequencePoints="0" numBranchPoints="0" visitedBranchPoints="0" sequenceCoverage="0" branchCoverage="0" maxCyclomaticComplexity="1" minCyclomaticComplexity="1" maxCrapScore="2" minCrapScore="2" visitedClasses="0" numClasses="0" visitedMethods="0" numMethods="0" />
              <MetadataToken>100665167</MetadataToken>
              <Name>System.Void Xunit.Runners.AssemblyRunner/&lt;&gt;c__DisplayClass63_0::.ctor()</Name>
              <SequencePoints />
              <BranchPoints />
              <MethodPoint vc="0" uspid="9348" ordinal="0" offset="0" />
            </Method>
            <Method visited="false" cyclomaticComplexity="4" nPathComplexity="8" sequenceCoverage="0" branchCoverage="0" crapScore="20" isConstructor="false" isStatic="false" isGetter="false" isSetter="false">
              <Summary numSequencePoints="13" visitedSequencePoints="0" numBranchPoints="7" visitedBranchPoints="0" sequenceCoverage="0" branchCoverage="0" maxCyclomaticComplexity="4" minCyclomaticComplexity="4" maxCrapScore="20" minCrapScore="20" visitedClasses="0" numClasses="0" visitedMethods="0" numMethods="1" />
              <MetadataToken>100665168</MetadataToken>
              <Name>System.Void Xunit.Runners.AssemblyRunner/&lt;&gt;c__DisplayClass63_0::&lt;Start&gt;b__0()</Name>
              <FileRef uid="318" />
              <SequencePoints>
                <SequencePoint vc="0" uspid="9349" ordinal="0" offset="0" sl="240" sc="17" el="240" ec="145" bec="0" bev="0" fileid="318" />
                <SequencePoint vc="0" uspid="9350" ordinal="1" offset="36" sl="241" sc="17" el="241" ec="38" bec="2" bev="0" fileid="318" />
                <SequencePoint vc="0" uspid="9351" ordinal="2" offset="44" sl="242" sc="21" el="242" ec="78" bec="0" bev="0" fileid="318" />
                <SequencePoint vc="0" uspid="9352" ordinal="3" offset="76" sl="244" sc="21" el="244" ec="68" bec="0" bev="0" fileid="318" />
                <SequencePoint vc="0" uspid="9353" ordinal="4" offset="100" sl="246" sc="17" el="246" ec="50" bec="0" bev="0" fileid="318" />
                <SequencePoint vc="0" uspid="9354" ordinal="5" offset="117" sl="247" sc="17" el="247" ec="31" bec="2" bev="0" fileid="318" />
                <SequencePoint vc="0" uspid="9355" ordinal="6" offset="132" sl="250" sc="21" el="250" ec="53" bec="2" bev="0" fileid="318" />
                <SequencePoint vc="0" uspid="9356" ordinal="7" offset="145" sl="251" sc="25" el="251" ec="74" bec="0" bev="0" fileid="318" />
                <SequencePoint vc="0" uspid="9357" ordinal="8" offset="166" sl="252" sc="21" el="252" ec="28" bec="0" bev="0" fileid="318" />
                <SequencePoint vc="0" uspid="9358" ordinal="9" offset="167" sl="255" sc="17" el="255" ec="138" bec="0" bev="0" fileid="318" />
                <SequencePoint vc="0" uspid="9359" ordinal="10" offset="203" sl="256" sc="17" el="256" ec="77" bec="0" bev="0" fileid="318" />
                <SequencePoint vc="0" uspid="9360" ordinal="11" offset="237" sl="257" sc="17" el="257" ec="50" bec="0" bev="0" fileid="318" />
                <SequencePoint vc="0" uspid="9361" ordinal="12" offset="254" sl="258" sc="13" el="258" ec="14" bec="0" bev="0" fileid="318" />
              </SequencePoints>
              <BranchPoints>
                <BranchPoint vc="0" uspid="9362" ordinal="0" offset="42" sl="241" path="0" offsetend="44" fileid="318" />
                <BranchPoint vc="0" uspid="9363" ordinal="1" offset="42" sl="241" path="1" offsetend="76" fileid="318" />
                <BranchPoint vc="0" uspid="9364" ordinal="2" offset="130" sl="247" path="0" offsetend="132" fileid="318" />
                <BranchPoint vc="0" uspid="9365" ordinal="3" offset="130" sl="247" path="1" offsetend="167" fileid="318" />
                <BranchPoint vc="0" uspid="9366" ordinal="4" offset="143" sl="250" path="0" offsetend="145" fileid="318" />
                <BranchPoint vc="0" uspid="9367" ordinal="5" offset="143" sl="250" path="1" offsetend="166" fileid="318" />
              </BranchPoints>
              <MethodPoint xsi:type="SequencePoint" vc="0" uspid="9349" ordinal="0" offset="0" sl="240" sc="17" el="240" ec="145" bec="0" bev="0" fileid="318" />
            </Method>
          </Methods>
        </Class>
        <Class>
          <Summary numSequencePoints="4" visitedSequencePoints="0" numBranchPoints="2" visitedBranchPoints="0" sequenceCoverage="0" branchCoverage="0" maxCyclomaticComplexity="1" minCyclomaticComplexity="1" maxCrapScore="2" minCrapScore="2" visitedClasses="0" numClasses="1" visitedMethods="0" numMethods="2" />
          <FullName>Xunit.Runners.DiagnosticMessageInfo</FullName>
          <Methods>
            <Method visited="false" cyclomaticComplexity="1" nPathComplexity="0" sequenceCoverage="0" branchCoverage="0" crapScore="2" isConstructor="false" isStatic="false" isGetter="true" isSetter="false">
              <Summary numSequencePoints="1" visitedSequencePoints="0" numBranchPoints="1" visitedBranchPoints="0" sequenceCoverage="0" branchCoverage="0" maxCyclomaticComplexity="1" minCyclomaticComplexity="1" maxCrapScore="2" minCrapScore="2" visitedClasses="0" numClasses="0" visitedMethods="0" numMethods="1" />
              <MetadataToken>100664807</MetadataToken>
              <Name>System.String Xunit.Runners.DiagnosticMessageInfo::get_Message()</Name>
              <FileRef uid="320" />
              <SequencePoints>
                <SequencePoint vc="0" uspid="9368" ordinal="0" offset="0" sl="17" sc="33" el="17" ec="37" bec="0" bev="0" fileid="320" />
              </SequencePoints>
              <BranchPoints />
              <MethodPoint xsi:type="SequencePoint" vc="0" uspid="9368" ordinal="0" offset="0" sl="17" sc="33" el="17" ec="37" bec="0" bev="0" fileid="320" />
            </Method>
            <Method visited="false" cyclomaticComplexity="1" nPathComplexity="0" sequenceCoverage="0" branchCoverage="0" crapScore="2" isConstructor="true" isStatic="false" isGetter="false" isSetter="false">
              <Summary numSequencePoints="3" visitedSequencePoints="0" numBranchPoints="1" visitedBranchPoints="0" sequenceCoverage="0" branchCoverage="0" maxCyclomaticComplexity="1" minCyclomaticComplexity="1" maxCrapScore="2" minCrapScore="2" visitedClasses="0" numClasses="0" visitedMethods="0" numMethods="1" />
              <MetadataToken>100664806</MetadataToken>
              <Name>System.Void Xunit.Runners.DiagnosticMessageInfo::.ctor(System.String)</Name>
              <FileRef uid="320" />
              <SequencePoints>
                <SequencePoint vc="0" uspid="9369" ordinal="0" offset="0" sl="9" sc="9" el="9" ec="53" bec="0" bev="0" fileid="320" />
                <SequencePoint vc="0" uspid="9370" ordinal="1" offset="6" sl="11" sc="13" el="11" ec="31" bec="0" bev="0" fileid="320" />
                <SequencePoint vc="0" uspid="9371" ordinal="2" offset="13" sl="12" sc="9" el="12" ec="10" bec="0" bev="0" fileid="320" />
              </SequencePoints>
              <BranchPoints />
              <MethodPoint xsi:type="SequencePoint" vc="0" uspid="9369" ordinal="0" offset="0" sl="9" sc="9" el="9" ec="53" bec="0" bev="0" fileid="320" />
            </Method>
          </Methods>
        </Class>
        <Class>
          <Summary numSequencePoints="6" visitedSequencePoints="0" numBranchPoints="3" visitedBranchPoints="0" sequenceCoverage="0" branchCoverage="0" maxCyclomaticComplexity="1" minCyclomaticComplexity="1" maxCrapScore="2" minCrapScore="2" visitedClasses="0" numClasses="1" visitedMethods="0" numMethods="3" />
          <FullName>Xunit.Runners.DiscoveryCompleteInfo</FullName>
          <Methods>
            <Method visited="false" cyclomaticComplexity="1" nPathComplexity="0" sequenceCoverage="0" branchCoverage="0" crapScore="2" isConstructor="false" isStatic="false" isGetter="true" isSetter="false">
              <Summary numSequencePoints="1" visitedSequencePoints="0" numBranchPoints="1" visitedBranchPoints="0" sequenceCoverage="0" branchCoverage="0" maxCyclomaticComplexity="1" minCyclomaticComplexity="1" maxCrapScore="2" minCrapScore="2" visitedClasses="0" numClasses="0" visitedMethods="0" numMethods="1" />
              <MetadataToken>100664809</MetadataToken>
              <Name>System.Int32 Xunit.Runners.DiscoveryCompleteInfo::get_TestCasesDiscovered()</Name>
              <FileRef uid="321" />
              <SequencePoints>
                <SequencePoint vc="0" uspid="9372" ordinal="0" offset="0" sl="18" sc="42" el="18" ec="46" bec="0" bev="0" fileid="321" />
              </SequencePoints>
              <BranchPoints />
              <MethodPoint xsi:type="SequencePoint" vc="0" uspid="9372" ordinal="0" offset="0" sl="18" sc="42" el="18" ec="46" bec="0" bev="0" fileid="321" />
            </Method>
            <Method visited="false" cyclomaticComplexity="1" nPathComplexity="0" sequenceCoverage="0" branchCoverage="0" crapScore="2" isConstructor="false" isStatic="false" isGetter="true" isSetter="false">
              <Summary numSequencePoints="1" visitedSequencePoints="0" numBranchPoints="1" visitedBranchPoints="0" sequenceCoverage="0" branchCoverage="0" maxCyclomaticComplexity="1" minCyclomaticComplexity="1" maxCrapScore="2" minCrapScore="2" visitedClasses="0" numClasses="0" visitedMethods="0" numMethods="1" />
              <MetadataToken>100664810</MetadataToken>
              <Name>System.Int32 Xunit.Runners.DiscoveryCompleteInfo::get_TestCasesToRun()</Name>
              <FileRef uid="321" />
              <SequencePoints>
                <SequencePoint vc="0" uspid="9373" ordinal="0" offset="0" sl="23" sc="37" el="23" ec="41" bec="0" bev="0" fileid="321" />
              </SequencePoints>
              <BranchPoints />
              <MethodPoint xsi:type="SequencePoint" vc="0" uspid="9373" ordinal="0" offset="0" sl="23" sc="37" el="23" ec="41" bec="0" bev="0" fileid="321" />
            </Method>
            <Method visited="false" cyclomaticComplexity="1" nPathComplexity="0" sequenceCoverage="0" branchCoverage="0" crapScore="2" isConstructor="true" isStatic="false" isGetter="false" isSetter="false">
              <Summary numSequencePoints="4" visitedSequencePoints="0" numBranchPoints="1" visitedBranchPoints="0" sequenceCoverage="0" branchCoverage="0" maxCyclomaticComplexity="1" minCyclomaticComplexity="1" maxCrapScore="2" minCrapScore="2" visitedClasses="0" numClasses="0" visitedMethods="0" numMethods="1" />
              <MetadataToken>100664808</MetadataToken>
              <Name>System.Void Xunit.Runners.DiscoveryCompleteInfo::.ctor(System.Int32,System.Int32)</Name>
              <FileRef uid="321" />
              <SequencePoints>
                <SequencePoint vc="0" uspid="9374" ordinal="0" offset="0" sl="9" sc="9" el="9" ec="82" bec="0" bev="0" fileid="321" />
                <SequencePoint vc="0" uspid="9375" ordinal="1" offset="6" sl="11" sc="13" el="11" ec="55" bec="0" bev="0" fileid="321" />
                <SequencePoint vc="0" uspid="9376" ordinal="2" offset="13" sl="12" sc="13" el="12" ec="45" bec="0" bev="0" fileid="321" />
                <SequencePoint vc="0" uspid="9377" ordinal="3" offset="20" sl="13" sc="9" el="13" ec="10" bec="0" bev="0" fileid="321" />
              </SequencePoints>
              <BranchPoints />
              <MethodPoint xsi:type="SequencePoint" vc="0" uspid="9374" ordinal="0" offset="0" sl="9" sc="9" el="9" ec="82" bec="0" bev="0" fileid="321" />
            </Method>
          </Methods>
        </Class>
        <Class>
          <Summary numSequencePoints="10" visitedSequencePoints="0" numBranchPoints="5" visitedBranchPoints="0" sequenceCoverage="0" branchCoverage="0" maxCyclomaticComplexity="1" minCyclomaticComplexity="1" maxCrapScore="2" minCrapScore="2" visitedClasses="0" numClasses="1" visitedMethods="0" numMethods="5" />
          <FullName>Xunit.Runners.ErrorMessageInfo</FullName>
          <Methods>
            <Method visited="false" cyclomaticComplexity="1" nPathComplexity="0" sequenceCoverage="0" branchCoverage="0" crapScore="2" isConstructor="false" isStatic="false" isGetter="true" isSetter="false">
              <Summary numSequencePoints="1" visitedSequencePoints="0" numBranchPoints="1" visitedBranchPoints="0" sequenceCoverage="0" branchCoverage="0" maxCyclomaticComplexity="1" minCyclomaticComplexity="1" maxCrapScore="2" minCrapScore="2" visitedClasses="0" numClasses="0" visitedMethods="0" numMethods="1" />
              <MetadataToken>100664812</MetadataToken>
              <Name>Xunit.Runners.ErrorMessageType Xunit.Runners.ErrorMessageInfo::get_MesssageType()</Name>
              <FileRef uid="322" />
              <SequencePoints>
                <SequencePoint vc="0" uspid="9378" ordinal="0" offset="0" sl="20" sc="48" el="20" ec="52" bec="0" bev="0" fileid="322" />
              </SequencePoints>
              <BranchPoints />
              <MethodPoint xsi:type="SequencePoint" vc="0" uspid="9378" ordinal="0" offset="0" sl="20" sc="48" el="20" ec="52" bec="0" bev="0" fileid="322" />
            </Method>
            <Method visited="false" cyclomaticComplexity="1" nPathComplexity="0" sequenceCoverage="0" branchCoverage="0" crapScore="2" isConstructor="false" isStatic="false" isGetter="true" isSetter="false">
              <Summary numSequencePoints="1" visitedSequencePoints="0" numBranchPoints="1" visitedBranchPoints="0" sequenceCoverage="0" branchCoverage="0" maxCyclomaticComplexity="1" minCyclomaticComplexity="1" maxCrapScore="2" minCrapScore="2" visitedClasses="0" numClasses="0" visitedMethods="0" numMethods="1" />
              <MetadataToken>100664813</MetadataToken>
              <Name>System.String Xunit.Runners.ErrorMessageInfo::get_ExceptionType()</Name>
              <FileRef uid="322" />
              <SequencePoints>
                <SequencePoint vc="0" uspid="9379" ordinal="0" offset="0" sl="25" sc="39" el="25" ec="43" bec="0" bev="0" fileid="322" />
              </SequencePoints>
              <BranchPoints />
              <MethodPoint xsi:type="SequencePoint" vc="0" uspid="9379" ordinal="0" offset="0" sl="25" sc="39" el="25" ec="43" bec="0" bev="0" fileid="322" />
            </Method>
            <Method visited="false" cyclomaticComplexity="1" nPathComplexity="0" sequenceCoverage="0" branchCoverage="0" crapScore="2" isConstructor="false" isStatic="false" isGetter="true" isSetter="false">
              <Summary numSequencePoints="1" visitedSequencePoints="0" numBranchPoints="1" visitedBranchPoints="0" sequenceCoverage="0" branchCoverage="0" maxCyclomaticComplexity="1" minCyclomaticComplexity="1" maxCrapScore="2" minCrapScore="2" visitedClasses="0" numClasses="0" visitedMethods="0" numMethods="1" />
              <MetadataToken>100664814</MetadataToken>
              <Name>System.String Xunit.Runners.ErrorMessageInfo::get_ExceptionMessage()</Name>
              <FileRef uid="322" />
              <SequencePoints>
                <SequencePoint vc="0" uspid="9380" ordinal="0" offset="0" sl="30" sc="42" el="30" ec="46" bec="0" bev="0" fileid="322" />
              </SequencePoints>
              <BranchPoints />
              <MethodPoint xsi:type="SequencePoint" vc="0" uspid="9380" ordinal="0" offset="0" sl="30" sc="42" el="30" ec="46" bec="0" bev="0" fileid="322" />
            </Method>
            <Method visited="false" cyclomaticComplexity="1" nPathComplexity="0" sequenceCoverage="0" branchCoverage="0" crapScore="2" isConstructor="false" isStatic="false" isGetter="true" isSetter="false">
              <Summary numSequencePoints="1" visitedSequencePoints="0" numBranchPoints="1" visitedBranchPoints="0" sequenceCoverage="0" branchCoverage="0" maxCyclomaticComplexity="1" minCyclomaticComplexity="1" maxCrapScore="2" minCrapScore="2" visitedClasses="0" numClasses="0" visitedMethods="0" numMethods="1" />
              <MetadataToken>100664815</MetadataToken>
              <Name>System.String Xunit.Runners.ErrorMessageInfo::get_ExceptionStackTrace()</Name>
              <FileRef uid="322" />
              <SequencePoints>
                <SequencePoint vc="0" uspid="9381" ordinal="0" offset="0" sl="35" sc="45" el="35" ec="49" bec="0" bev="0" fileid="322" />
              </SequencePoints>
              <BranchPoints />
              <MethodPoint xsi:type="SequencePoint" vc="0" uspid="9381" ordinal="0" offset="0" sl="35" sc="45" el="35" ec="49" bec="0" bev="0" fileid="322" />
            </Method>
            <Method visited="false" cyclomaticComplexity="1" nPathComplexity="0" sequenceCoverage="0" branchCoverage="0" crapScore="2" isConstructor="true" isStatic="false" isGetter="false" isSetter="false">
              <Summary numSequencePoints="6" visitedSequencePoints="0" numBranchPoints="1" visitedBranchPoints="0" sequenceCoverage="0" branchCoverage="0" maxCyclomaticComplexity="1" minCyclomaticComplexity="1" maxCrapScore="2" minCrapScore="2" visitedClasses="0" numClasses="0" visitedMethods="0" numMethods="1" />
              <MetadataToken>100664811</MetadataToken>
              <Name>System.Void Xunit.Runners.ErrorMessageInfo::.ctor(Xunit.Runners.ErrorMessageType,System.String,System.String,System.String)</Name>
              <FileRef uid="322" />
              <SequencePoints>
                <SequencePoint vc="0" uspid="9382" ordinal="0" offset="0" sl="9" sc="9" el="9" ec="137" bec="0" bev="0" fileid="322" />
                <SequencePoint vc="0" uspid="9383" ordinal="1" offset="6" sl="11" sc="13" el="11" ec="40" bec="0" bev="0" fileid="322" />
                <SequencePoint vc="0" uspid="9384" ordinal="2" offset="13" sl="12" sc="13" el="12" ec="43" bec="0" bev="0" fileid="322" />
                <SequencePoint vc="0" uspid="9385" ordinal="3" offset="20" sl="13" sc="13" el="13" ec="49" bec="0" bev="0" fileid="322" />
                <SequencePoint vc="0" uspid="9386" ordinal="4" offset="27" sl="14" sc="13" el="14" ec="55" bec="0" bev="0" fileid="322" />
                <SequencePoint vc="0" uspid="9387" ordinal="5" offset="35" sl="15" sc="9" el="15" ec="10" bec="0" bev="0" fileid="322" />
              </SequencePoints>
              <BranchPoints />
              <MethodPoint xsi:type="SequencePoint" vc="0" uspid="9382" ordinal="0" offset="0" sl="9" sc="9" el="9" ec="137" bec="0" bev="0" fileid="322" />
            </Method>
          </Methods>
        </Class>
        <Class>
          <Summary numSequencePoints="11" visitedSequencePoints="0" numBranchPoints="6" visitedBranchPoints="0" sequenceCoverage="0" branchCoverage="0" maxCyclomaticComplexity="1" minCyclomaticComplexity="1" maxCrapScore="2" minCrapScore="2" visitedClasses="0" numClasses="1" visitedMethods="0" numMethods="6" />
          <FullName>Xunit.Runners.ExecutionCompleteInfo</FullName>
          <Methods>
            <Method visited="false" cyclomaticComplexity="1" nPathComplexity="0" sequenceCoverage="0" branchCoverage="0" crapScore="2" isConstructor="false" isStatic="false" isGetter="true" isSetter="false">
              <Summary numSequencePoints="1" visitedSequencePoints="0" numBranchPoints="1" visitedBranchPoints="0" sequenceCoverage="0" branchCoverage="0" maxCyclomaticComplexity="1" minCyclomaticComplexity="1" maxCrapScore="2" minCrapScore="2" visitedClasses="0" numClasses="0" visitedMethods="0" numMethods="1" />
              <MetadataToken>100664817</MetadataToken>
              <Name>System.Int32 Xunit.Runners.ExecutionCompleteInfo::get_TotalTests()</Name>
              <FileRef uid="323" />
              <SequencePoints>
                <SequencePoint vc="0" uspid="9388" ordinal="0" offset="0" sl="20" sc="33" el="20" ec="37" bec="0" bev="0" fileid="323" />
              </SequencePoints>
              <BranchPoints />
              <MethodPoint xsi:type="SequencePoint" vc="0" uspid="9388" ordinal="0" offset="0" sl="20" sc="33" el="20" ec="37" bec="0" bev="0" fileid="323" />
            </Method>
            <Method visited="false" cyclomaticComplexity="1" nPathComplexity="0" sequenceCoverage="0" branchCoverage="0" crapScore="2" isConstructor="false" isStatic="false" isGetter="true" isSetter="false">
              <Summary numSequencePoints="1" visitedSequencePoints="0" numBranchPoints="1" visitedBranchPoints="0" sequenceCoverage="0" branchCoverage="0" maxCyclomaticComplexity="1" minCyclomaticComplexity="1" maxCrapScore="2" minCrapScore="2" visitedClasses="0" numClasses="0" visitedMethods="0" numMethods="1" />
              <MetadataToken>100664818</MetadataToken>
              <Name>System.Int32 Xunit.Runners.ExecutionCompleteInfo::get_TestsFailed()</Name>
              <FileRef uid="323" />
              <SequencePoints>
                <SequencePoint vc="0" uspid="9389" ordinal="0" offset="0" sl="25" sc="34" el="25" ec="38" bec="0" bev="0" fileid="323" />
              </SequencePoints>
              <BranchPoints />
              <MethodPoint xsi:type="SequencePoint" vc="0" uspid="9389" ordinal="0" offset="0" sl="25" sc="34" el="25" ec="38" bec="0" bev="0" fileid="323" />
            </Method>
            <Method visited="false" cyclomaticComplexity="1" nPathComplexity="0" sequenceCoverage="0" branchCoverage="0" crapScore="2" isConstructor="false" isStatic="false" isGetter="true" isSetter="false">
              <Summary numSequencePoints="1" visitedSequencePoints="0" numBranchPoints="1" visitedBranchPoints="0" sequenceCoverage="0" branchCoverage="0" maxCyclomaticComplexity="1" minCyclomaticComplexity="1" maxCrapScore="2" minCrapScore="2" visitedClasses="0" numClasses="0" visitedMethods="0" numMethods="1" />
              <MetadataToken>100664819</MetadataToken>
              <Name>System.Int32 Xunit.Runners.ExecutionCompleteInfo::get_TestsSkipped()</Name>
              <FileRef uid="323" />
              <SequencePoints>
                <SequencePoint vc="0" uspid="9390" ordinal="0" offset="0" sl="30" sc="35" el="30" ec="39" bec="0" bev="0" fileid="323" />
              </SequencePoints>
              <BranchPoints />
              <MethodPoint xsi:type="SequencePoint" vc="0" uspid="9390" ordinal="0" offset="0" sl="30" sc="35" el="30" ec="39" bec="0" bev="0" fileid="323" />
            </Method>
            <Method visited="false" cyclomaticComplexity="1" nPathComplexity="0" sequenceCoverage="0" branchCoverage="0" crapScore="2" isConstructor="false" isStatic="false" isGetter="true" isSetter="false">
              <Summary numSequencePoints="1" visitedSequencePoints="0" numBranchPoints="1" visitedBranchPoints="0" sequenceCoverage="0" branchCoverage="0" maxCyclomaticComplexity="1" minCyclomaticComplexity="1" maxCrapScore="2" minCrapScore="2" visitedClasses="0" numClasses="0" visitedMethods="0" numMethods="1" />
              <MetadataToken>100664820</MetadataToken>
              <Name>System.Decimal Xunit.Runners.ExecutionCompleteInfo::get_ExecutionTime()</Name>
              <FileRef uid="323" />
              <SequencePoints>
                <SequencePoint vc="0" uspid="9391" ordinal="0" offset="0" sl="35" sc="40" el="35" ec="44" bec="0" bev="0" fileid="323" />
              </SequencePoints>
              <BranchPoints />
              <MethodPoint xsi:type="SequencePoint" vc="0" uspid="9391" ordinal="0" offset="0" sl="35" sc="40" el="35" ec="44" bec="0" bev="0" fileid="323" />
            </Method>
            <Method visited="false" cyclomaticComplexity="1" nPathComplexity="0" sequenceCoverage="0" branchCoverage="0" crapScore="2" isConstructor="true" isStatic="false" isGetter="false" isSetter="false">
              <Summary numSequencePoints="6" visitedSequencePoints="0" numBranchPoints="1" visitedBranchPoints="0" sequenceCoverage="0" branchCoverage="0" maxCyclomaticComplexity="1" minCyclomaticComplexity="1" maxCrapScore="2" minCrapScore="2" visitedClasses="0" numClasses="0" visitedMethods="0" numMethods="1" />
              <MetadataToken>100664816</MetadataToken>
              <Name>System.Void Xunit.Runners.ExecutionCompleteInfo::.ctor(System.Int32,System.Int32,System.Int32,System.Decimal)</Name>
              <FileRef uid="323" />
              <SequencePoints>
                <SequencePoint vc="0" uspid="9392" ordinal="0" offset="0" sl="9" sc="9" el="9" ec="111" bec="0" bev="0" fileid="323" />
                <SequencePoint vc="0" uspid="9393" ordinal="1" offset="6" sl="11" sc="13" el="11" ec="37" bec="0" bev="0" fileid="323" />
                <SequencePoint vc="0" uspid="9394" ordinal="2" offset="13" sl="12" sc="13" el="12" ec="39" bec="0" bev="0" fileid="323" />
                <SequencePoint vc="0" uspid="9395" ordinal="3" offset="20" sl="13" sc="13" el="13" ec="41" bec="0" bev="0" fileid="323" />
                <SequencePoint vc="0" uspid="9396" ordinal="4" offset="27" sl="14" sc="13" el="14" ec="43" bec="0" bev="0" fileid="323" />
                <SequencePoint vc="0" uspid="9397" ordinal="5" offset="35" sl="15" sc="9" el="15" ec="10" bec="0" bev="0" fileid="323" />
              </SequencePoints>
              <BranchPoints />
              <MethodPoint xsi:type="SequencePoint" vc="0" uspid="9392" ordinal="0" offset="0" sl="9" sc="9" el="9" ec="111" bec="0" bev="0" fileid="323" />
            </Method>
            <Method visited="false" cyclomaticComplexity="1" nPathComplexity="0" sequenceCoverage="0" branchCoverage="0" crapScore="2" isConstructor="true" isStatic="true" isGetter="false" isSetter="false">
              <Summary numSequencePoints="1" visitedSequencePoints="0" numBranchPoints="1" visitedBranchPoints="0" sequenceCoverage="0" branchCoverage="0" maxCyclomaticComplexity="1" minCyclomaticComplexity="1" maxCrapScore="2" minCrapScore="2" visitedClasses="0" numClasses="0" visitedMethods="0" numMethods="1" />
              <MetadataToken>100664821</MetadataToken>
              <Name>System.Void Xunit.Runners.ExecutionCompleteInfo::.cctor()</Name>
              <FileRef uid="323" />
              <SequencePoints>
                <SequencePoint vc="0" uspid="9398" ordinal="0" offset="0" sl="40" sc="9" el="40" ec="101" bec="0" bev="0" fileid="323" />
              </SequencePoints>
              <BranchPoints />
              <MethodPoint xsi:type="SequencePoint" vc="0" uspid="9398" ordinal="0" offset="0" sl="40" sc="9" el="40" ec="101" bec="0" bev="0" fileid="323" />
            </Method>
          </Methods>
        </Class>
        <Class>
          <Summary numSequencePoints="6" visitedSequencePoints="0" numBranchPoints="5" visitedBranchPoints="0" sequenceCoverage="0" branchCoverage="0" maxCyclomaticComplexity="2" minCyclomaticComplexity="1" maxCrapScore="6" minCrapScore="2" visitedClasses="0" numClasses="1" visitedMethods="0" numMethods="3" />
          <FullName>Xunit.Runners.TestExecutedInfo</FullName>
          <Methods>
            <Method visited="false" cyclomaticComplexity="1" nPathComplexity="0" sequenceCoverage="0" branchCoverage="0" crapScore="2" isConstructor="false" isStatic="false" isGetter="true" isSetter="false">
              <Summary numSequencePoints="1" visitedSequencePoints="0" numBranchPoints="1" visitedBranchPoints="0" sequenceCoverage="0" branchCoverage="0" maxCyclomaticComplexity="1" minCyclomaticComplexity="1" maxCrapScore="2" minCrapScore="2" visitedClasses="0" numClasses="0" visitedMethods="0" numMethods="1" />
              <MetadataToken>100664823</MetadataToken>
              <Name>System.Decimal Xunit.Runners.TestExecutedInfo::get_ExecutionTime()</Name>
              <FileRef uid="324" />
              <SequencePoints>
                <SequencePoint vc="0" uspid="9399" ordinal="0" offset="0" sl="27" sc="40" el="27" ec="44" bec="0" bev="0" fileid="324" />
              </SequencePoints>
              <BranchPoints />
              <MethodPoint xsi:type="SequencePoint" vc="0" uspid="9399" ordinal="0" offset="0" sl="27" sc="40" el="27" ec="44" bec="0" bev="0" fileid="324" />
            </Method>
            <Method visited="false" cyclomaticComplexity="1" nPathComplexity="0" sequenceCoverage="0" branchCoverage="0" crapScore="2" isConstructor="false" isStatic="false" isGetter="true" isSetter="false">
              <Summary numSequencePoints="1" visitedSequencePoints="0" numBranchPoints="1" visitedBranchPoints="0" sequenceCoverage="0" branchCoverage="0" maxCyclomaticComplexity="1" minCyclomaticComplexity="1" maxCrapScore="2" minCrapScore="2" visitedClasses="0" numClasses="0" visitedMethods="0" numMethods="1" />
              <MetadataToken>100664824</MetadataToken>
              <Name>System.String Xunit.Runners.TestExecutedInfo::get_Output()</Name>
              <FileRef uid="324" />
              <SequencePoints>
                <SequencePoint vc="0" uspid="9400" ordinal="0" offset="0" sl="32" sc="32" el="32" ec="36" bec="0" bev="0" fileid="324" />
              </SequencePoints>
              <BranchPoints />
              <MethodPoint xsi:type="SequencePoint" vc="0" uspid="9400" ordinal="0" offset="0" sl="32" sc="32" el="32" ec="36" bec="0" bev="0" fileid="324" />
            </Method>
            <Method visited="false" cyclomaticComplexity="2" nPathComplexity="2" sequenceCoverage="0" branchCoverage="0" crapScore="6" isConstructor="true" isStatic="false" isGetter="false" isSetter="false">
              <Summary numSequencePoints="4" visitedSequencePoints="0" numBranchPoints="3" visitedBranchPoints="0" sequenceCoverage="0" branchCoverage="0" maxCyclomaticComplexity="2" minCyclomaticComplexity="2" maxCrapScore="6" minCrapScore="6" visitedClasses="0" numClasses="0" visitedMethods="0" numMethods="1" />
              <MetadataToken>100664822</MetadataToken>
              <Name>System.Void Xunit.Runners.TestExecutedInfo::.ctor(System.String,System.String,System.Collections.Generic.Dictionary`2&lt;System.String,System.Collections.Generic.List`1&lt;System.String&gt;&gt;,System.String,System.String,System.Decimal,System.String)</Name>
              <FileRef uid="324" />
              <SequencePoints>
                <SequencePoint vc="0" uspid="9401" ordinal="0" offset="0" sl="18" sc="15" el="18" ec="93" bec="0" bev="0" fileid="324" />
                <SequencePoint vc="0" uspid="9402" ordinal="1" offset="13" sl="20" sc="13" el="20" ec="43" bec="0" bev="0" fileid="324" />
                <SequencePoint vc="0" uspid="9403" ordinal="2" offset="21" sl="21" sc="13" el="21" ec="45" bec="2" bev="0" fileid="324" />
                <SequencePoint vc="0" uspid="9404" ordinal="3" offset="38" sl="22" sc="9" el="22" ec="10" bec="0" bev="0" fileid="324" />
              </SequencePoints>
              <BranchPoints>
                <BranchPoint vc="0" uspid="9405" ordinal="0" offset="25" sl="21" path="0" offsetend="27" fileid="324" />
                <BranchPoint vc="0" uspid="9406" ordinal="1" offset="25" sl="21" path="1" offsetend="33" fileid="324" />
              </BranchPoints>
              <MethodPoint xsi:type="SequencePoint" vc="0" uspid="9401" ordinal="0" offset="0" sl="18" sc="15" el="18" ec="93" bec="0" bev="0" fileid="324" />
            </Method>
          </Methods>
        </Class>
        <Class>
          <Summary numSequencePoints="8" visitedSequencePoints="0" numBranchPoints="4" visitedBranchPoints="0" sequenceCoverage="0" branchCoverage="0" maxCyclomaticComplexity="1" minCyclomaticComplexity="1" maxCrapScore="2" minCrapScore="2" visitedClasses="0" numClasses="1" visitedMethods="0" numMethods="4" />
          <FullName>Xunit.Runners.TestFailedInfo</FullName>
          <Methods>
            <Method visited="false" cyclomaticComplexity="1" nPathComplexity="0" sequenceCoverage="0" branchCoverage="0" crapScore="2" isConstructor="false" isStatic="false" isGetter="true" isSetter="false">
              <Summary numSequencePoints="1" visitedSequencePoints="0" numBranchPoints="1" visitedBranchPoints="0" sequenceCoverage="0" branchCoverage="0" maxCyclomaticComplexity="1" minCyclomaticComplexity="1" maxCrapScore="2" minCrapScore="2" visitedClasses="0" numClasses="0" visitedMethods="0" numMethods="1" />
              <MetadataToken>100664826</MetadataToken>
              <Name>System.String Xunit.Runners.TestFailedInfo::get_ExceptionType()</Name>
              <FileRef uid="325" />
              <SequencePoints>
                <SequencePoint vc="0" uspid="9407" ordinal="0" offset="0" sl="31" sc="39" el="31" ec="43" bec="0" bev="0" fileid="325" />
              </SequencePoints>
              <BranchPoints />
              <MethodPoint xsi:type="SequencePoint" vc="0" uspid="9407" ordinal="0" offset="0" sl="31" sc="39" el="31" ec="43" bec="0" bev="0" fileid="325" />
            </Method>
            <Method visited="false" cyclomaticComplexity="1" nPathComplexity="0" sequenceCoverage="0" branchCoverage="0" crapScore="2" isConstructor="false" isStatic="false" isGetter="true" isSetter="false">
              <Summary numSequencePoints="1" visitedSequencePoints="0" numBranchPoints="1" visitedBranchPoints="0" sequenceCoverage="0" branchCoverage="0" maxCyclomaticComplexity="1" minCyclomaticComplexity="1" maxCrapScore="2" minCrapScore="2" visitedClasses="0" numClasses="0" visitedMethods="0" numMethods="1" />
              <MetadataToken>100664827</MetadataToken>
              <Name>System.String Xunit.Runners.TestFailedInfo::get_ExceptionMessage()</Name>
              <FileRef uid="325" />
              <SequencePoints>
                <SequencePoint vc="0" uspid="9408" ordinal="0" offset="0" sl="36" sc="42" el="36" ec="46" bec="0" bev="0" fileid="325" />
              </SequencePoints>
              <BranchPoints />
              <MethodPoint xsi:type="SequencePoint" vc="0" uspid="9408" ordinal="0" offset="0" sl="36" sc="42" el="36" ec="46" bec="0" bev="0" fileid="325" />
            </Method>
            <Method visited="false" cyclomaticComplexity="1" nPathComplexity="0" sequenceCoverage="0" branchCoverage="0" crapScore="2" isConstructor="false" isStatic="false" isGetter="true" isSetter="false">
              <Summary numSequencePoints="1" visitedSequencePoints="0" numBranchPoints="1" visitedBranchPoints="0" sequenceCoverage="0" branchCoverage="0" maxCyclomaticComplexity="1" minCyclomaticComplexity="1" maxCrapScore="2" minCrapScore="2" visitedClasses="0" numClasses="0" visitedMethods="0" numMethods="1" />
              <MetadataToken>100664828</MetadataToken>
              <Name>System.String Xunit.Runners.TestFailedInfo::get_ExceptionStackTrace()</Name>
              <FileRef uid="325" />
              <SequencePoints>
                <SequencePoint vc="0" uspid="9409" ordinal="0" offset="0" sl="41" sc="45" el="41" ec="49" bec="0" bev="0" fileid="325" />
              </SequencePoints>
              <BranchPoints />
              <MethodPoint xsi:type="SequencePoint" vc="0" uspid="9409" ordinal="0" offset="0" sl="41" sc="45" el="41" ec="49" bec="0" bev="0" fileid="325" />
            </Method>
            <Method visited="false" cyclomaticComplexity="1" nPathComplexity="0" sequenceCoverage="0" branchCoverage="0" crapScore="2" isConstructor="true" isStatic="false" isGetter="false" isSetter="false">
              <Summary numSequencePoints="5" visitedSequencePoints="0" numBranchPoints="1" visitedBranchPoints="0" sequenceCoverage="0" branchCoverage="0" maxCyclomaticComplexity="1" minCyclomaticComplexity="1" maxCrapScore="2" minCrapScore="2" visitedClasses="0" numClasses="0" visitedMethods="0" numMethods="1" />
              <MetadataToken>100664825</MetadataToken>
              <Name>System.Void Xunit.Runners.TestFailedInfo::.ctor(System.String,System.String,System.Collections.Generic.Dictionary`2&lt;System.String,System.Collections.Generic.List`1&lt;System.String&gt;&gt;,System.String,System.String,System.Decimal,System.String,System.String,System.String,System.String)</Name>
              <FileRef uid="325" />
              <SequencePoints>
                <SequencePoint vc="0" uspid="9410" ordinal="0" offset="0" sl="21" sc="15" el="21" ec="116" bec="0" bev="0" fileid="325" />
                <SequencePoint vc="0" uspid="9411" ordinal="1" offset="17" sl="23" sc="13" el="23" ec="43" bec="0" bev="0" fileid="325" />
                <SequencePoint vc="0" uspid="9412" ordinal="2" offset="25" sl="24" sc="13" el="24" ec="49" bec="0" bev="0" fileid="325" />
                <SequencePoint vc="0" uspid="9413" ordinal="3" offset="33" sl="25" sc="13" el="25" ec="55" bec="0" bev="0" fileid="325" />
                <SequencePoint vc="0" uspid="9414" ordinal="4" offset="41" sl="26" sc="9" el="26" ec="10" bec="0" bev="0" fileid="325" />
              </SequencePoints>
              <BranchPoints />
              <MethodPoint xsi:type="SequencePoint" vc="0" uspid="9410" ordinal="0" offset="0" sl="21" sc="15" el="21" ec="116" bec="0" bev="0" fileid="325" />
            </Method>
          </Methods>
        </Class>
        <Class>
          <Summary numSequencePoints="2" visitedSequencePoints="0" numBranchPoints="1" visitedBranchPoints="0" sequenceCoverage="0" branchCoverage="0" maxCyclomaticComplexity="1" minCyclomaticComplexity="1" maxCrapScore="2" minCrapScore="2" visitedClasses="0" numClasses="1" visitedMethods="0" numMethods="1" />
          <FullName>Xunit.Runners.TestFinishedInfo</FullName>
          <Methods>
            <Method visited="false" cyclomaticComplexity="1" nPathComplexity="0" sequenceCoverage="0" branchCoverage="0" crapScore="2" isConstructor="true" isStatic="false" isGetter="false" isSetter="false">
              <Summary numSequencePoints="2" visitedSequencePoints="0" numBranchPoints="1" visitedBranchPoints="0" sequenceCoverage="0" branchCoverage="0" maxCyclomaticComplexity="1" minCyclomaticComplexity="1" maxCrapScore="2" minCrapScore="2" visitedClasses="0" numClasses="0" visitedMethods="0" numMethods="1" />
              <MetadataToken>100664829</MetadataToken>
              <Name>System.Void Xunit.Runners.TestFinishedInfo::.ctor(System.String,System.String,System.Collections.Generic.Dictionary`2&lt;System.String,System.Collections.Generic.List`1&lt;System.String&gt;&gt;,System.String,System.String,System.Decimal,System.String)</Name>
              <FileRef uid="326" />
              <SequencePoints>
                <SequencePoint vc="0" uspid="9415" ordinal="0" offset="0" sl="18" sc="15" el="18" ec="116" bec="0" bev="0" fileid="326" />
                <SequencePoint vc="0" uspid="9416" ordinal="1" offset="17" sl="19" sc="11" el="19" ec="12" bec="0" bev="0" fileid="326" />
              </SequencePoints>
              <BranchPoints />
              <MethodPoint xsi:type="SequencePoint" vc="0" uspid="9415" ordinal="0" offset="0" sl="18" sc="15" el="18" ec="116" bec="0" bev="0" fileid="326" />
            </Method>
          </Methods>
        </Class>
        <Class>
          <Summary numSequencePoints="12" visitedSequencePoints="0" numBranchPoints="8" visitedBranchPoints="0" sequenceCoverage="0" branchCoverage="0" maxCyclomaticComplexity="2" minCyclomaticComplexity="1" maxCrapScore="6" minCrapScore="2" visitedClasses="0" numClasses="1" visitedMethods="0" numMethods="6" />
          <FullName>Xunit.Runners.TestInfo</FullName>
          <Methods>
            <Method visited="false" cyclomaticComplexity="1" nPathComplexity="0" sequenceCoverage="0" branchCoverage="0" crapScore="2" isConstructor="false" isStatic="false" isGetter="true" isSetter="false">
              <Summary numSequencePoints="1" visitedSequencePoints="0" numBranchPoints="1" visitedBranchPoints="0" sequenceCoverage="0" branchCoverage="0" maxCyclomaticComplexity="1" minCyclomaticComplexity="1" maxCrapScore="2" minCrapScore="2" visitedClasses="0" numClasses="0" visitedMethods="0" numMethods="1" />
              <MetadataToken>100664831</MetadataToken>
              <Name>System.String Xunit.Runners.TestInfo::get_TypeName()</Name>
              <FileRef uid="327" />
              <SequencePoints>
                <SequencePoint vc="0" uspid="9417" ordinal="0" offset="0" sl="27" sc="34" el="27" ec="38" bec="0" bev="0" fileid="327" />
              </SequencePoints>
              <BranchPoints />
              <MethodPoint xsi:type="SequencePoint" vc="0" uspid="9417" ordinal="0" offset="0" sl="27" sc="34" el="27" ec="38" bec="0" bev="0" fileid="327" />
            </Method>
            <Method visited="false" cyclomaticComplexity="1" nPathComplexity="0" sequenceCoverage="0" branchCoverage="0" crapScore="2" isConstructor="false" isStatic="false" isGetter="true" isSetter="false">
              <Summary numSequencePoints="1" visitedSequencePoints="0" numBranchPoints="1" visitedBranchPoints="0" sequenceCoverage="0" branchCoverage="0" maxCyclomaticComplexity="1" minCyclomaticComplexity="1" maxCrapScore="2" minCrapScore="2" visitedClasses="0" numClasses="0" visitedMethods="0" numMethods="1" />
              <MetadataToken>100664832</MetadataToken>
              <Name>System.String Xunit.Runners.TestInfo::get_MethodName()</Name>
              <FileRef uid="327" />
              <SequencePoints>
                <SequencePoint vc="0" uspid="9418" ordinal="0" offset="0" sl="32" sc="36" el="32" ec="40" bec="0" bev="0" fileid="327" />
              </SequencePoints>
              <BranchPoints />
              <MethodPoint xsi:type="SequencePoint" vc="0" uspid="9418" ordinal="0" offset="0" sl="32" sc="36" el="32" ec="40" bec="0" bev="0" fileid="327" />
            </Method>
            <Method visited="false" cyclomaticComplexity="1" nPathComplexity="0" sequenceCoverage="0" branchCoverage="0" crapScore="2" isConstructor="false" isStatic="false" isGetter="true" isSetter="false">
              <Summary numSequencePoints="1" visitedSequencePoints="0" numBranchPoints="1" visitedBranchPoints="0" sequenceCoverage="0" branchCoverage="0" maxCyclomaticComplexity="1" minCyclomaticComplexity="1" maxCrapScore="2" minCrapScore="2" visitedClasses="0" numClasses="0" visitedMethods="0" numMethods="1" />
              <MetadataToken>100664833</MetadataToken>
              <Name>System.Collections.Generic.Dictionary`2&lt;System.String,System.Collections.Generic.List`1&lt;System.String&gt;&gt; Xunit.Runners.TestInfo::get_Traits()</Name>
              <FileRef uid="327" />
              <SequencePoints>
                <SequencePoint vc="0" uspid="9419" ordinal="0" offset="0" sl="37" sc="58" el="37" ec="62" bec="0" bev="0" fileid="327" />
              </SequencePoints>
              <BranchPoints />
              <MethodPoint xsi:type="SequencePoint" vc="0" uspid="9419" ordinal="0" offset="0" sl="37" sc="58" el="37" ec="62" bec="0" bev="0" fileid="327" />
            </Method>
            <Method visited="false" cyclomaticComplexity="1" nPathComplexity="0" sequenceCoverage="0" branchCoverage="0" crapScore="2" isConstructor="false" isStatic="false" isGetter="true" isSetter="false">
              <Summary numSequencePoints="1" visitedSequencePoints="0" numBranchPoints="1" visitedBranchPoints="0" sequenceCoverage="0" branchCoverage="0" maxCyclomaticComplexity="1" minCyclomaticComplexity="1" maxCrapScore="2" minCrapScore="2" visitedClasses="0" numClasses="0" visitedMethods="0" numMethods="1" />
              <MetadataToken>100664834</MetadataToken>
              <Name>System.String Xunit.Runners.TestInfo::get_TestDisplayName()</Name>
              <FileRef uid="327" />
              <SequencePoints>
                <SequencePoint vc="0" uspid="9420" ordinal="0" offset="0" sl="42" sc="41" el="42" ec="45" bec="0" bev="0" fileid="327" />
              </SequencePoints>
              <BranchPoints />
              <MethodPoint xsi:type="SequencePoint" vc="0" uspid="9420" ordinal="0" offset="0" sl="42" sc="41" el="42" ec="45" bec="0" bev="0" fileid="327" />
            </Method>
            <Method visited="false" cyclomaticComplexity="1" nPathComplexity="0" sequenceCoverage="0" branchCoverage="0" crapScore="2" isConstructor="false" isStatic="false" isGetter="true" isSetter="false">
              <Summary numSequencePoints="1" visitedSequencePoints="0" numBranchPoints="1" visitedBranchPoints="0" sequenceCoverage="0" branchCoverage="0" maxCyclomaticComplexity="1" minCyclomaticComplexity="1" maxCrapScore="2" minCrapScore="2" visitedClasses="0" numClasses="0" visitedMethods="0" numMethods="1" />
              <MetadataToken>100664835</MetadataToken>
              <Name>System.String Xunit.Runners.TestInfo::get_TestCollectionDisplayName()</Name>
              <FileRef uid="327" />
              <SequencePoints>
                <SequencePoint vc="0" uspid="9421" ordinal="0" offset="0" sl="47" sc="51" el="47" ec="55" bec="0" bev="0" fileid="327" />
              </SequencePoints>
              <BranchPoints />
              <MethodPoint xsi:type="SequencePoint" vc="0" uspid="9421" ordinal="0" offset="0" sl="47" sc="51" el="47" ec="55" bec="0" bev="0" fileid="327" />
            </Method>
            <Method visited="false" cyclomaticComplexity="2" nPathComplexity="2" sequenceCoverage="0" branchCoverage="0" crapScore="6" isConstructor="true" isStatic="false" isGetter="false" isSetter="false">
              <Summary numSequencePoints="7" visitedSequencePoints="0" numBranchPoints="3" visitedBranchPoints="0" sequenceCoverage="0" branchCoverage="0" maxCyclomaticComplexity="2" minCyclomaticComplexity="2" maxCrapScore="6" minCrapScore="6" visitedClasses="0" numClasses="0" visitedMethods="0" numMethods="1" />
              <MetadataToken>100664830</MetadataToken>
              <Name>System.Void Xunit.Runners.TestInfo::.ctor(System.String,System.String,System.Collections.Generic.Dictionary`2&lt;System.String,System.Collections.Generic.List`1&lt;System.String&gt;&gt;,System.String,System.String)</Name>
              <FileRef uid="327" />
              <SequencePoints>
                <SequencePoint vc="0" uspid="9422" ordinal="0" offset="0" sl="11" sc="9" el="15" ec="58" bec="0" bev="0" fileid="327" />
                <SequencePoint vc="0" uspid="9423" ordinal="1" offset="6" sl="17" sc="13" el="17" ec="33" bec="0" bev="0" fileid="327" />
                <SequencePoint vc="0" uspid="9424" ordinal="2" offset="13" sl="18" sc="13" el="18" ec="37" bec="0" bev="0" fileid="327" />
                <SequencePoint vc="0" uspid="9425" ordinal="3" offset="20" sl="19" sc="13" el="19" ec="71" bec="2" bev="0" fileid="327" />
                <SequencePoint vc="0" uspid="9426" ordinal="4" offset="36" sl="20" sc="13" el="20" ec="47" bec="0" bev="0" fileid="327" />
                <SequencePoint vc="0" uspid="9427" ordinal="5" offset="44" sl="21" sc="13" el="21" ec="67" bec="0" bev="0" fileid="327" />
                <SequencePoint vc="0" uspid="9428" ordinal="6" offset="52" sl="22" sc="9" el="22" ec="10" bec="0" bev="0" fileid="327" />
              </SequencePoints>
              <BranchPoints>
                <BranchPoint vc="0" uspid="9429" ordinal="0" offset="23" sl="19" path="0" offsetend="25" fileid="327" />
                <BranchPoint vc="0" uspid="9430" ordinal="1" offset="23" sl="19" path="1" offsetend="31" fileid="327" />
              </BranchPoints>
              <MethodPoint xsi:type="SequencePoint" vc="0" uspid="9422" ordinal="0" offset="0" sl="11" sc="9" el="15" ec="58" bec="0" bev="0" fileid="327" />
            </Method>
          </Methods>
        </Class>
        <Class>
          <Summary numSequencePoints="4" visitedSequencePoints="0" numBranchPoints="2" visitedBranchPoints="0" sequenceCoverage="0" branchCoverage="0" maxCyclomaticComplexity="1" minCyclomaticComplexity="1" maxCrapScore="2" minCrapScore="2" visitedClasses="0" numClasses="1" visitedMethods="0" numMethods="2" />
          <FullName>Xunit.Runners.TestOutputInfo</FullName>
          <Methods>
            <Method visited="false" cyclomaticComplexity="1" nPathComplexity="0" sequenceCoverage="0" branchCoverage="0" crapScore="2" isConstructor="false" isStatic="false" isGetter="true" isSetter="false">
              <Summary numSequencePoints="1" visitedSequencePoints="0" numBranchPoints="1" visitedBranchPoints="0" sequenceCoverage="0" branchCoverage="0" maxCyclomaticComplexity="1" minCyclomaticComplexity="1" maxCrapScore="2" minCrapScore="2" visitedClasses="0" numClasses="0" visitedMethods="0" numMethods="1" />
              <MetadataToken>100664837</MetadataToken>
              <Name>System.String Xunit.Runners.TestOutputInfo::get_Output()</Name>
              <FileRef uid="328" />
              <SequencePoints>
                <SequencePoint vc="0" uspid="9431" ordinal="0" offset="0" sl="25" sc="32" el="25" ec="36" bec="0" bev="0" fileid="328" />
              </SequencePoints>
              <BranchPoints />
              <MethodPoint xsi:type="SequencePoint" vc="0" uspid="9431" ordinal="0" offset="0" sl="25" sc="32" el="25" ec="36" bec="0" bev="0" fileid="328" />
            </Method>
            <Method visited="false" cyclomaticComplexity="1" nPathComplexity="0" sequenceCoverage="0" branchCoverage="0" crapScore="2" isConstructor="true" isStatic="false" isGetter="false" isSetter="false">
              <Summary numSequencePoints="3" visitedSequencePoints="0" numBranchPoints="1" visitedBranchPoints="0" sequenceCoverage="0" branchCoverage="0" maxCyclomaticComplexity="1" minCyclomaticComplexity="1" maxCrapScore="2" minCrapScore="2" visitedClasses="0" numClasses="0" visitedMethods="0" numMethods="1" />
              <MetadataToken>100664836</MetadataToken>
              <Name>System.Void Xunit.Runners.TestOutputInfo::.ctor(System.String,System.String,System.Collections.Generic.Dictionary`2&lt;System.String,System.Collections.Generic.List`1&lt;System.String&gt;&gt;,System.String,System.String,System.String)</Name>
              <FileRef uid="328" />
              <SequencePoints>
                <SequencePoint vc="0" uspid="9432" ordinal="0" offset="0" sl="17" sc="15" el="17" ec="93" bec="0" bev="0" fileid="328" />
                <SequencePoint vc="0" uspid="9433" ordinal="1" offset="13" sl="19" sc="13" el="19" ec="29" bec="0" bev="0" fileid="328" />
                <SequencePoint vc="0" uspid="9434" ordinal="2" offset="21" sl="20" sc="9" el="20" ec="10" bec="0" bev="0" fileid="328" />
              </SequencePoints>
              <BranchPoints />
              <MethodPoint xsi:type="SequencePoint" vc="0" uspid="9432" ordinal="0" offset="0" sl="17" sc="15" el="17" ec="93" bec="0" bev="0" fileid="328" />
            </Method>
          </Methods>
        </Class>
        <Class>
          <Summary numSequencePoints="2" visitedSequencePoints="0" numBranchPoints="1" visitedBranchPoints="0" sequenceCoverage="0" branchCoverage="0" maxCyclomaticComplexity="1" minCyclomaticComplexity="1" maxCrapScore="2" minCrapScore="2" visitedClasses="0" numClasses="1" visitedMethods="0" numMethods="1" />
          <FullName>Xunit.Runners.TestPassedInfo</FullName>
          <Methods>
            <Method visited="false" cyclomaticComplexity="1" nPathComplexity="0" sequenceCoverage="0" branchCoverage="0" crapScore="2" isConstructor="true" isStatic="false" isGetter="false" isSetter="false">
              <Summary numSequencePoints="2" visitedSequencePoints="0" numBranchPoints="1" visitedBranchPoints="0" sequenceCoverage="0" branchCoverage="0" maxCyclomaticComplexity="1" minCyclomaticComplexity="1" maxCrapScore="2" minCrapScore="2" visitedClasses="0" numClasses="0" visitedMethods="0" numMethods="1" />
              <MetadataToken>100664838</MetadataToken>
              <Name>System.Void Xunit.Runners.TestPassedInfo::.ctor(System.String,System.String,System.Collections.Generic.Dictionary`2&lt;System.String,System.Collections.Generic.List`1&lt;System.String&gt;&gt;,System.String,System.String,System.Decimal,System.String)</Name>
              <FileRef uid="329" />
              <SequencePoints>
                <SequencePoint vc="0" uspid="9435" ordinal="0" offset="0" sl="18" sc="15" el="18" ec="116" bec="0" bev="0" fileid="329" />
                <SequencePoint vc="0" uspid="9436" ordinal="1" offset="17" sl="19" sc="11" el="19" ec="12" bec="0" bev="0" fileid="329" />
              </SequencePoints>
              <BranchPoints />
              <MethodPoint xsi:type="SequencePoint" vc="0" uspid="9435" ordinal="0" offset="0" sl="18" sc="15" el="18" ec="116" bec="0" bev="0" fileid="329" />
            </Method>
          </Methods>
        </Class>
        <Class>
          <Summary numSequencePoints="4" visitedSequencePoints="0" numBranchPoints="2" visitedBranchPoints="0" sequenceCoverage="0" branchCoverage="0" maxCyclomaticComplexity="1" minCyclomaticComplexity="1" maxCrapScore="2" minCrapScore="2" visitedClasses="0" numClasses="1" visitedMethods="0" numMethods="2" />
          <FullName>Xunit.Runners.TestSkippedInfo</FullName>
          <Methods>
            <Method visited="false" cyclomaticComplexity="1" nPathComplexity="0" sequenceCoverage="0" branchCoverage="0" crapScore="2" isConstructor="false" isStatic="false" isGetter="true" isSetter="false">
              <Summary numSequencePoints="1" visitedSequencePoints="0" numBranchPoints="1" visitedBranchPoints="0" sequenceCoverage="0" branchCoverage="0" maxCyclomaticComplexity="1" minCyclomaticComplexity="1" maxCrapScore="2" minCrapScore="2" visitedClasses="0" numClasses="0" visitedMethods="0" numMethods="1" />
              <MetadataToken>100664840</MetadataToken>
              <Name>System.String Xunit.Runners.TestSkippedInfo::get_SkipReason()</Name>
              <FileRef uid="330" />
              <SequencePoints>
                <SequencePoint vc="0" uspid="9437" ordinal="0" offset="0" sl="25" sc="36" el="25" ec="40" bec="0" bev="0" fileid="330" />
              </SequencePoints>
              <BranchPoints />
              <MethodPoint xsi:type="SequencePoint" vc="0" uspid="9437" ordinal="0" offset="0" sl="25" sc="36" el="25" ec="40" bec="0" bev="0" fileid="330" />
            </Method>
            <Method visited="false" cyclomaticComplexity="1" nPathComplexity="0" sequenceCoverage="0" branchCoverage="0" crapScore="2" isConstructor="true" isStatic="false" isGetter="false" isSetter="false">
              <Summary numSequencePoints="3" visitedSequencePoints="0" numBranchPoints="1" visitedBranchPoints="0" sequenceCoverage="0" branchCoverage="0" maxCyclomaticComplexity="1" minCyclomaticComplexity="1" maxCrapScore="2" minCrapScore="2" visitedClasses="0" numClasses="0" visitedMethods="0" numMethods="1" />
              <MetadataToken>100664839</MetadataToken>
              <Name>System.Void Xunit.Runners.TestSkippedInfo::.ctor(System.String,System.String,System.Collections.Generic.Dictionary`2&lt;System.String,System.Collections.Generic.List`1&lt;System.String&gt;&gt;,System.String,System.String,System.String)</Name>
              <FileRef uid="330" />
              <SequencePoints>
                <SequencePoint vc="0" uspid="9438" ordinal="0" offset="0" sl="17" sc="15" el="17" ec="93" bec="0" bev="0" fileid="330" />
                <SequencePoint vc="0" uspid="9439" ordinal="1" offset="13" sl="19" sc="13" el="19" ec="37" bec="0" bev="0" fileid="330" />
                <SequencePoint vc="0" uspid="9440" ordinal="2" offset="21" sl="20" sc="9" el="20" ec="10" bec="0" bev="0" fileid="330" />
              </SequencePoints>
              <BranchPoints />
              <MethodPoint xsi:type="SequencePoint" vc="0" uspid="9438" ordinal="0" offset="0" sl="17" sc="15" el="17" ec="93" bec="0" bev="0" fileid="330" />
            </Method>
          </Methods>
        </Class>
        <Class>
          <Summary numSequencePoints="2" visitedSequencePoints="0" numBranchPoints="1" visitedBranchPoints="0" sequenceCoverage="0" branchCoverage="0" maxCyclomaticComplexity="1" minCyclomaticComplexity="1" maxCrapScore="2" minCrapScore="2" visitedClasses="0" numClasses="1" visitedMethods="0" numMethods="1" />
          <FullName>Xunit.Runners.TestStartingInfo</FullName>
          <Methods>
            <Method visited="false" cyclomaticComplexity="1" nPathComplexity="0" sequenceCoverage="0" branchCoverage="0" crapScore="2" isConstructor="true" isStatic="false" isGetter="false" isSetter="false">
              <Summary numSequencePoints="2" visitedSequencePoints="0" numBranchPoints="1" visitedBranchPoints="0" sequenceCoverage="0" branchCoverage="0" maxCyclomaticComplexity="1" minCyclomaticComplexity="1" maxCrapScore="2" minCrapScore="2" visitedClasses="0" numClasses="0" visitedMethods="0" numMethods="1" />
              <MetadataToken>100664841</MetadataToken>
              <Name>System.Void Xunit.Runners.TestStartingInfo::.ctor(System.String,System.String,System.Collections.Generic.Dictionary`2&lt;System.String,System.Collections.Generic.List`1&lt;System.String&gt;&gt;,System.String,System.String)</Name>
              <FileRef uid="331" />
              <SequencePoints>
                <SequencePoint vc="0" uspid="9441" ordinal="0" offset="0" sl="16" sc="15" el="16" ec="93" bec="0" bev="0" fileid="331" />
                <SequencePoint vc="0" uspid="9442" ordinal="1" offset="13" sl="17" sc="11" el="17" ec="12" bec="0" bev="0" fileid="331" />
              </SequencePoints>
              <BranchPoints />
              <MethodPoint xsi:type="SequencePoint" vc="0" uspid="9441" ordinal="0" offset="0" sl="16" sc="15" el="16" ec="93" bec="0" bev="0" fileid="331" />
            </Method>
          </Methods>
        </Class>
      </Classes>
    </Module>
    <Module skippedDueTo="MissingPdb" hash="90-BC-BE-B1-F2-84-BE-8F-78-5C-FB-A6-E3-66-B7-C7-F8-58-AF-D1">
      <ModulePath>C:\ProgramData\chocolatey\lib\XUnit\tools\xunit.abstractions.dll</ModulePath>
      <ModuleTime>2020-02-24T01:53:59.6763495Z</ModuleTime>
      <ModuleName>xunit.abstractions</ModuleName>
      <Classes />
    </Module>
    <Module skippedDueTo="Filter" hash="CC-DB-8A-78-1D-14-03-CA-9E-57-77-AD-02-B0-11-1E-9D-D0-F8-EB">
      <ModulePath>C:\WINDOWS\Microsoft.Net\assembly\GAC_MSIL\System.Core\v4.0_4.0.0.0__b77a5c561934e089\System.Core.dll</ModulePath>
      <ModuleTime>2019-12-07T06:03:04Z</ModuleTime>
      <ModuleName>System.Core</ModuleName>
      <Classes />
    </Module>
    <Module hash="AF-CB-39-96-5C-64-99-49-A5-B6-10-16-01-7E-5D-4D-D6-EC-C7-32">
      <Summary numSequencePoints="424" visitedSequencePoints="10" numBranchPoints="217" visitedBranchPoints="10" sequenceCoverage="2.36" branchCoverage="4.61" maxCyclomaticComplexity="9" minCyclomaticComplexity="1" maxCrapScore="90" minCrapScore="1" visitedClasses="5" numClasses="23" visitedMethods="10" numMethods="111" />
      <ModulePath>C:\ProgramData\chocolatey\lib\XUnit\tools\xunit.runner.reporters.net452.dll</ModulePath>
      <ModuleTime>2020-02-24T01:53:59.6863231Z</ModuleTime>
      <ModuleName>xunit.runner.reporters.net452</ModuleName>
      <Files>
        <File uid="601" fullPath="C:\Dev\xunit\xunit\src\xunit.runner.reporters\Utility\EnvironmentHelper.cs" />
        <File uid="602" fullPath="C:\Dev\xunit\xunit\src\common\XunitWorkerThread.cs" />
        <File uid="604" fullPath="C:\Dev\xunit\xunit\src\xunit.runner.reporters\AppVeyorClient.cs" />
        <File uid="608" fullPath="C:\Dev\xunit\xunit\src\xunit.runner.reporters\AppVeyorReporter.cs" />
        <File uid="609" fullPath="C:\Dev\xunit\xunit\src\xunit.runner.reporters\AppVeyorReporterMessageHandler.cs" />
        <File uid="610" fullPath="C:\Dev\xunit\xunit\src\xunit.runner.reporters\JsonExtentions.cs" />
        <File uid="612" fullPath="C:\Dev\xunit\xunit\src\xunit.runner.reporters\JsonReporter.cs" />
        <File uid="613" fullPath="C:\Dev\xunit\xunit\src\xunit.runner.reporters\JsonReporterMessageHandler.cs" />
        <File uid="616" fullPath="C:\Dev\xunit\xunit\src\xunit.runner.reporters\QuietReporter.cs" />
        <File uid="617" fullPath="C:\Dev\xunit\xunit\src\xunit.runner.reporters\QuietReporterMessageHandler.cs" />
        <File uid="618" fullPath="C:\Dev\xunit\xunit\src\xunit.runner.reporters\TeamCityReporter.cs" />
        <File uid="619" fullPath="C:\Dev\xunit\xunit\src\xunit.runner.reporters\TeamCityReporterMessageHandler.cs" />
        <File uid="621" fullPath="C:\Dev\xunit\xunit\src\xunit.runner.reporters\Utility\TeamCityDisplayNameFormatter.cs" />
        <File uid="622" fullPath="C:\Dev\xunit\xunit\src\xunit.runner.reporters\VerboseReporter.cs" />
        <File uid="623" fullPath="C:\Dev\xunit\xunit\src\xunit.runner.reporters\VerboseReporterMessageHandler.cs" />
      </Files>
      <Classes>
        <Class>
          <Summary numSequencePoints="0" visitedSequencePoints="0" numBranchPoints="0" visitedBranchPoints="0" sequenceCoverage="0" branchCoverage="0" maxCyclomaticComplexity="0" minCyclomaticComplexity="0" maxCrapScore="0" minCrapScore="0" visitedClasses="0" numClasses="0" visitedMethods="0" numMethods="0" />
          <FullName>&lt;Module&gt;</FullName>
          <Methods />
        </Class>
        <Class>
          <Summary numSequencePoints="1" visitedSequencePoints="0" numBranchPoints="1" visitedBranchPoints="0" sequenceCoverage="0" branchCoverage="0" maxCyclomaticComplexity="1" minCyclomaticComplexity="1" maxCrapScore="2" minCrapScore="2" visitedClasses="0" numClasses="1" visitedMethods="0" numMethods="1" />
          <FullName>Xunit.EnvironmentHelper</FullName>
          <Methods>
            <Method visited="false" cyclomaticComplexity="1" nPathComplexity="0" sequenceCoverage="0" branchCoverage="0" crapScore="2" isConstructor="false" isStatic="true" isGetter="false" isSetter="false">
              <Summary numSequencePoints="1" visitedSequencePoints="0" numBranchPoints="1" visitedBranchPoints="0" sequenceCoverage="0" branchCoverage="0" maxCyclomaticComplexity="1" minCyclomaticComplexity="1" maxCrapScore="2" minCrapScore="2" visitedClasses="0" numClasses="0" visitedMethods="0" numMethods="1" />
              <MetadataToken>100663297</MetadataToken>
              <Name>System.String Xunit.EnvironmentHelper::GetEnvironmentVariable(System.String)</Name>
              <FileRef uid="601" />
              <SequencePoints>
                <SequencePoint vc="0" uspid="9443" ordinal="0" offset="0" sl="11" sc="13" el="11" ec="65" bec="0" bev="0" fileid="601" />
              </SequencePoints>
              <BranchPoints />
              <MethodPoint xsi:type="SequencePoint" vc="0" uspid="9443" ordinal="0" offset="0" sl="11" sc="13" el="11" ec="65" bec="0" bev="0" fileid="601" />
            </Method>
          </Methods>
        </Class>
        <Class>
          <Summary numSequencePoints="10" visitedSequencePoints="0" numBranchPoints="6" visitedBranchPoints="0" sequenceCoverage="0" branchCoverage="0" maxCyclomaticComplexity="2" minCyclomaticComplexity="1" maxCrapScore="6" minCrapScore="2" visitedClasses="0" numClasses="1" visitedMethods="0" numMethods="4" />
          <FullName>Xunit.Sdk.XunitWorkerThread</FullName>
          <Methods>
            <Method visited="false" cyclomaticComplexity="2" nPathComplexity="0" sequenceCoverage="0" branchCoverage="0" crapScore="6" isConstructor="true" isStatic="false" isGetter="false" isSetter="false">
              <Summary numSequencePoints="4" visitedSequencePoints="0" numBranchPoints="1" visitedBranchPoints="0" sequenceCoverage="0" branchCoverage="0" maxCyclomaticComplexity="2" minCyclomaticComplexity="2" maxCrapScore="6" minCrapScore="6" visitedClasses="0" numClasses="0" visitedMethods="0" numMethods="1" />
              <MetadataToken>100663298</MetadataToken>
              <Name>System.Void Xunit.Sdk.XunitWorkerThread::.ctor(System.Action)</Name>
              <FileRef uid="602" />
              <SequencePoints>
                <SequencePoint vc="0" uspid="9444" ordinal="0" offset="0" sl="70" sc="9" el="70" ec="52" bec="0" bev="0" fileid="602" />
                <SequencePoint vc="0" uspid="9445" ordinal="1" offset="6" sl="72" sc="13" el="72" ec="77" bec="0" bev="0" fileid="602" />
                <SequencePoint vc="0" uspid="9446" ordinal="2" offset="55" sl="73" sc="13" el="73" ec="38" bec="0" bev="0" fileid="602" />
                <SequencePoint vc="0" uspid="9447" ordinal="3" offset="67" sl="74" sc="9" el="74" ec="10" bec="0" bev="0" fileid="602" />
              </SequencePoints>
              <BranchPoints />
              <MethodPoint xsi:type="SequencePoint" vc="0" uspid="9444" ordinal="0" offset="0" sl="70" sc="9" el="70" ec="52" bec="0" bev="0" fileid="602" />
            </Method>
            <Method visited="false" cyclomaticComplexity="1" nPathComplexity="0" sequenceCoverage="0" branchCoverage="0" crapScore="2" isConstructor="false" isStatic="false" isGetter="false" isSetter="false">
              <Summary numSequencePoints="1" visitedSequencePoints="0" numBranchPoints="1" visitedBranchPoints="0" sequenceCoverage="0" branchCoverage="0" maxCyclomaticComplexity="1" minCyclomaticComplexity="1" maxCrapScore="2" minCrapScore="2" visitedClasses="0" numClasses="0" visitedMethods="0" numMethods="1" />
              <MetadataToken>100663299</MetadataToken>
              <Name>System.Void Xunit.Sdk.XunitWorkerThread::Dispose()</Name>
              <FileRef uid="602" />
              <SequencePoints>
                <SequencePoint vc="0" uspid="9450" ordinal="0" offset="0" sl="76" sc="33" el="76" ec="34" bec="0" bev="0" fileid="602" />
              </SequencePoints>
              <BranchPoints />
              <MethodPoint xsi:type="SequencePoint" vc="0" uspid="9450" ordinal="0" offset="0" sl="76" sc="33" el="76" ec="34" bec="0" bev="0" fileid="602" />
            </Method>
            <Method visited="false" cyclomaticComplexity="2" nPathComplexity="2" sequenceCoverage="0" branchCoverage="0" crapScore="6" isConstructor="false" isStatic="false" isGetter="false" isSetter="false">
              <Summary numSequencePoints="3" visitedSequencePoints="0" numBranchPoints="3" visitedBranchPoints="0" sequenceCoverage="0" branchCoverage="0" maxCyclomaticComplexity="2" minCyclomaticComplexity="2" maxCrapScore="6" minCrapScore="6" visitedClasses="0" numClasses="0" visitedMethods="0" numMethods="1" />
              <MetadataToken>100663300</MetadataToken>
              <Name>System.Void Xunit.Sdk.XunitWorkerThread::Join()</Name>
              <FileRef uid="602" />
              <SequencePoints>
                <SequencePoint vc="0" uspid="9451" ordinal="0" offset="0" sl="80" sc="13" el="80" ec="48" bec="2" bev="0" fileid="602" />
                <SequencePoint vc="0" uspid="9452" ordinal="1" offset="13" sl="81" sc="17" el="81" ec="31" bec="0" bev="0" fileid="602" />
                <SequencePoint vc="0" uspid="9453" ordinal="2" offset="24" sl="82" sc="9" el="82" ec="10" bec="0" bev="0" fileid="602" />
              </SequencePoints>
              <BranchPoints>
                <BranchPoint vc="0" uspid="9454" ordinal="0" offset="11" sl="80" path="0" offsetend="13" fileid="602" />
                <BranchPoint vc="0" uspid="9455" ordinal="1" offset="11" sl="80" path="1" offsetend="24" fileid="602" />
              </BranchPoints>
              <MethodPoint xsi:type="SequencePoint" vc="0" uspid="9451" ordinal="0" offset="0" sl="80" sc="13" el="80" ec="48" bec="2" bev="0" fileid="602" />
            </Method>
            <Method visited="false" cyclomaticComplexity="2" nPathComplexity="0" sequenceCoverage="0" branchCoverage="0" crapScore="6" isConstructor="false" isStatic="true" isGetter="false" isSetter="false">
              <Summary numSequencePoints="2" visitedSequencePoints="0" numBranchPoints="1" visitedBranchPoints="0" sequenceCoverage="0" branchCoverage="0" maxCyclomaticComplexity="2" minCyclomaticComplexity="2" maxCrapScore="6" minCrapScore="6" visitedClasses="0" numClasses="0" visitedMethods="0" numMethods="1" />
              <MetadataToken>100663301</MetadataToken>
              <Name>System.Void Xunit.Sdk.XunitWorkerThread::QueueUserWorkItem(System.Action,System.Threading.EventWaitHandle)</Name>
              <FileRef uid="602" />
              <SequencePoints>
                <SequencePoint vc="0" uspid="9456" ordinal="0" offset="0" sl="86" sc="13" el="100" ec="110" bec="0" bev="0" fileid="602" />
                <SequencePoint vc="0" uspid="9457" ordinal="1" offset="56" sl="101" sc="9" el="101" ec="10" bec="0" bev="0" fileid="602" />
              </SequencePoints>
              <BranchPoints />
              <MethodPoint xsi:type="SequencePoint" vc="0" uspid="9456" ordinal="0" offset="0" sl="86" sc="13" el="100" ec="110" bec="0" bev="0" fileid="602" />
            </Method>
          </Methods>
        </Class>
        <Class>
          <Summary numSequencePoints="0" visitedSequencePoints="0" numBranchPoints="0" visitedBranchPoints="0" sequenceCoverage="0" branchCoverage="0" maxCyclomaticComplexity="1" minCyclomaticComplexity="1" maxCrapScore="2" minCrapScore="2" visitedClasses="0" numClasses="0" visitedMethods="0" numMethods="0" />
          <FullName>Xunit.Sdk.XunitWorkerThread/State</FullName>
          <Methods>
            <Method visited="false" cyclomaticComplexity="1" nPathComplexity="0" sequenceCoverage="0" branchCoverage="0" crapScore="2" isConstructor="true" isStatic="false" isGetter="false" isSetter="false">
              <Summary numSequencePoints="0" visitedSequencePoints="0" numBranchPoints="0" visitedBranchPoints="0" sequenceCoverage="0" branchCoverage="0" maxCyclomaticComplexity="1" minCyclomaticComplexity="1" maxCrapScore="2" minCrapScore="2" visitedClasses="0" numClasses="0" visitedMethods="0" numMethods="0" />
              <MetadataToken>100663390</MetadataToken>
              <Name>System.Void Xunit.Sdk.XunitWorkerThread/State::.ctor()</Name>
              <SequencePoints />
              <BranchPoints />
              <MethodPoint vc="0" uspid="9460" ordinal="0" offset="0" />
            </Method>
          </Methods>
        </Class>
        <Class>
          <Summary numSequencePoints="8" visitedSequencePoints="0" numBranchPoints="4" visitedBranchPoints="0" sequenceCoverage="0" branchCoverage="0" maxCyclomaticComplexity="2" minCyclomaticComplexity="1" maxCrapScore="6" minCrapScore="2" visitedClasses="0" numClasses="1" visitedMethods="0" numMethods="2" />
          <FullName>Xunit.Sdk.XunitWorkerThread/&lt;&gt;c</FullName>
          <Methods>
            <Method visited="false" cyclomaticComplexity="1" nPathComplexity="0" sequenceCoverage="0" branchCoverage="0" crapScore="2" isConstructor="true" isStatic="true" isGetter="false" isSetter="false">
              <Summary numSequencePoints="0" visitedSequencePoints="0" numBranchPoints="0" visitedBranchPoints="0" sequenceCoverage="0" branchCoverage="0" maxCyclomaticComplexity="1" minCyclomaticComplexity="1" maxCrapScore="2" minCrapScore="2" visitedClasses="0" numClasses="0" visitedMethods="0" numMethods="0" />
              <MetadataToken>100663391</MetadataToken>
              <Name>System.Void Xunit.Sdk.XunitWorkerThread/&lt;&gt;c::.cctor()</Name>
              <SequencePoints />
              <BranchPoints />
              <MethodPoint vc="0" uspid="9461" ordinal="0" offset="0" />
            </Method>
            <Method visited="false" cyclomaticComplexity="1" nPathComplexity="0" sequenceCoverage="0" branchCoverage="0" crapScore="2" isConstructor="true" isStatic="false" isGetter="false" isSetter="false">
              <Summary numSequencePoints="0" visitedSequencePoints="0" numBranchPoints="0" visitedBranchPoints="0" sequenceCoverage="0" branchCoverage="0" maxCyclomaticComplexity="1" minCyclomaticComplexity="1" maxCrapScore="2" minCrapScore="2" visitedClasses="0" numClasses="0" visitedMethods="0" numMethods="0" />
              <MetadataToken>100663392</MetadataToken>
              <Name>System.Void Xunit.Sdk.XunitWorkerThread/&lt;&gt;c::.ctor()</Name>
              <SequencePoints />
              <BranchPoints />
              <MethodPoint vc="0" uspid="9462" ordinal="0" offset="0" />
            </Method>
            <Method visited="false" cyclomaticComplexity="1" nPathComplexity="0" sequenceCoverage="0" branchCoverage="0" crapScore="2" isConstructor="false" isStatic="false" isGetter="false" isSetter="false">
              <Summary numSequencePoints="1" visitedSequencePoints="0" numBranchPoints="1" visitedBranchPoints="0" sequenceCoverage="0" branchCoverage="0" maxCyclomaticComplexity="1" minCyclomaticComplexity="1" maxCrapScore="2" minCrapScore="2" visitedClasses="0" numClasses="0" visitedMethods="0" numMethods="1" />
              <MetadataToken>100663393</MetadataToken>
              <Name>System.Void Xunit.Sdk.XunitWorkerThread/&lt;&gt;c::&lt;.ctor&gt;b__1_0(System.Object)</Name>
              <FileRef uid="602" />
              <SequencePoints>
                <SequencePoint vc="0" uspid="9463" ordinal="0" offset="0" sl="72" sc="38" el="72" ec="51" bec="0" bev="0" fileid="602" />
              </SequencePoints>
              <BranchPoints />
              <MethodPoint xsi:type="SequencePoint" vc="0" uspid="9463" ordinal="0" offset="0" sl="72" sc="38" el="72" ec="51" bec="0" bev="0" fileid="602" />
            </Method>
            <Method visited="false" cyclomaticComplexity="2" nPathComplexity="2" sequenceCoverage="0" branchCoverage="0" crapScore="6" isConstructor="false" isStatic="false" isGetter="false" isSetter="false">
              <Summary numSequencePoints="7" visitedSequencePoints="0" numBranchPoints="3" visitedBranchPoints="0" sequenceCoverage="0" branchCoverage="0" maxCyclomaticComplexity="2" minCyclomaticComplexity="2" maxCrapScore="6" minCrapScore="6" visitedClasses="0" numClasses="0" visitedMethods="0" numMethods="1" />
              <MetadataToken>100663394</MetadataToken>
              <Name>System.Void Xunit.Sdk.XunitWorkerThread/&lt;&gt;c::&lt;QueueUserWorkItem&gt;b__4_0(System.Object)</Name>
              <FileRef uid="602" />
              <SequencePoints>
                <SequencePoint vc="0" uspid="9464" ordinal="0" offset="0" sl="88" sc="46" el="88" ec="67" bec="0" bev="0" fileid="602" />
                <SequencePoint vc="0" uspid="9465" ordinal="1" offset="7" sl="92" sc="50" el="92" ec="73" bec="0" bev="0" fileid="602" />
                <SequencePoint vc="0" uspid="9466" ordinal="2" offset="18" sl="93" sc="46" el="93" ec="47" bec="0" bev="0" fileid="602" />
                <SequencePoint vc="0" uspid="9467" ordinal="3" offset="20" sl="96" sc="50" el="96" ec="77" bec="2" bev="0" fileid="602" />
                <SequencePoint vc="0" uspid="9468" ordinal="4" offset="28" sl="97" sc="54" el="97" ec="75" bec="0" bev="0" fileid="602" />
                <SequencePoint vc="0" uspid="9469" ordinal="5" offset="40" sl="98" sc="46" el="98" ec="47" bec="0" bev="0" fileid="602" />
                <SequencePoint vc="0" uspid="9470" ordinal="6" offset="41" sl="99" sc="42" el="99" ec="43" bec="0" bev="0" fileid="602" />
              </SequencePoints>
              <BranchPoints>
                <BranchPoint vc="0" uspid="9471" ordinal="0" offset="26" sl="96" path="0" offsetend="28" fileid="602" />
                <BranchPoint vc="0" uspid="9472" ordinal="1" offset="26" sl="96" path="1" offsetend="40" fileid="602" />
              </BranchPoints>
              <MethodPoint xsi:type="SequencePoint" vc="0" uspid="9464" ordinal="0" offset="0" sl="88" sc="46" el="88" ec="67" bec="0" bev="0" fileid="602" />
            </Method>
          </Methods>
        </Class>
        <Class>
          <Summary numSequencePoints="24" visitedSequencePoints="0" numBranchPoints="7" visitedBranchPoints="0" sequenceCoverage="0" branchCoverage="0" maxCyclomaticComplexity="2" minCyclomaticComplexity="1" maxCrapScore="6" minCrapScore="2" visitedClasses="0" numClasses="1" visitedMethods="0" numMethods="5" />
          <FullName>Xunit.Runner.Reporters.AppVeyorClient</FullName>
          <Methods>
            <Method visited="false" cyclomaticComplexity="1" nPathComplexity="0" sequenceCoverage="0" branchCoverage="0" crapScore="2" isConstructor="true" isStatic="false" isGetter="false" isSetter="false">
              <Summary numSequencePoints="11" visitedSequencePoints="0" numBranchPoints="1" visitedBranchPoints="0" sequenceCoverage="0" branchCoverage="0" maxCyclomaticComplexity="1" minCyclomaticComplexity="1" maxCrapScore="2" minCrapScore="2" visitedClasses="0" numClasses="0" visitedMethods="0" numMethods="1" />
              <MetadataToken>100663302</MetadataToken>
              <Name>System.Void Xunit.Runner.Reporters.AppVeyorClient::.ctor(Xunit.IRunnerLogger,System.String)</Name>
              <FileRef uid="604" />
              <SequencePoints>
                <SequencePoint vc="0" uspid="9473" ordinal="0" offset="0" sl="26" sc="9" el="26" ec="55" bec="0" bev="0" fileid="604" />
                <SequencePoint vc="0" uspid="9474" ordinal="1" offset="11" sl="27" sc="9" el="27" ec="122" bec="0" bev="0" fileid="604" />
                <SequencePoint vc="0" uspid="9475" ordinal="2" offset="27" sl="32" sc="9" el="32" ec="82" bec="0" bev="0" fileid="604" />
                <SequencePoint vc="0" uspid="9476" ordinal="3" offset="39" sl="33" sc="9" el="33" ec="83" bec="0" bev="0" fileid="604" />
                <SequencePoint vc="0" uspid="9477" ordinal="4" offset="51" sl="36" sc="9" el="36" ec="116" bec="0" bev="0" fileid="604" />
                <SequencePoint vc="0" uspid="9478" ordinal="5" offset="62" sl="38" sc="9" el="38" ec="119" bec="0" bev="0" fileid="604" />
                <SequencePoint vc="0" uspid="9479" ordinal="6" offset="73" sl="18" sc="9" el="18" ec="68" bec="0" bev="0" fileid="604" />
                <SequencePoint vc="0" uspid="9480" ordinal="7" offset="79" sl="20" sc="13" el="20" ec="34" bec="0" bev="0" fileid="604" />
                <SequencePoint vc="0" uspid="9481" ordinal="8" offset="86" sl="21" sc="13" el="21" ec="57" bec="0" bev="0" fileid="604" />
                <SequencePoint vc="0" uspid="9482" ordinal="9" offset="103" sl="23" sc="13" el="23" ec="42" bec="0" bev="0" fileid="604" />
                <SequencePoint vc="0" uspid="9483" ordinal="10" offset="126" sl="24" sc="9" el="24" ec="10" bec="0" bev="0" fileid="604" />
              </SequencePoints>
              <BranchPoints />
              <MethodPoint xsi:type="SequencePoint" vc="0" uspid="9473" ordinal="0" offset="0" sl="26" sc="9" el="26" ec="55" bec="0" bev="0" fileid="604" />
            </Method>
            <Method visited="false" cyclomaticComplexity="1" nPathComplexity="0" sequenceCoverage="0" branchCoverage="0" crapScore="2" isConstructor="false" isStatic="false" isGetter="false" isSetter="false">
              <Summary numSequencePoints="5" visitedSequencePoints="0" numBranchPoints="1" visitedBranchPoints="0" sequenceCoverage="0" branchCoverage="0" maxCyclomaticComplexity="1" minCyclomaticComplexity="1" maxCrapScore="2" minCrapScore="2" visitedClasses="0" numClasses="0" visitedMethods="0" numMethods="1" />
              <MetadataToken>100663303</MetadataToken>
              <Name>System.Void Xunit.Runner.Reporters.AppVeyorClient::WaitOne(System.Threading.CancellationToken)</Name>
              <FileRef uid="604" />
              <SequencePoints>
                <SequencePoint vc="0" uspid="9484" ordinal="0" offset="0" sl="43" sc="13" el="43" ec="31" bec="0" bev="0" fileid="604" />
                <SequencePoint vc="0" uspid="9485" ordinal="1" offset="9" sl="44" sc="13" el="44" ec="29" bec="0" bev="0" fileid="604" />
                <SequencePoint vc="0" uspid="9486" ordinal="2" offset="20" sl="46" sc="13" el="46" ec="46" bec="0" bev="0" fileid="604" />
                <SequencePoint vc="0" uspid="9487" ordinal="3" offset="32" sl="47" sc="13" el="47" ec="32" bec="0" bev="0" fileid="604" />
                <SequencePoint vc="0" uspid="9488" ordinal="4" offset="43" sl="48" sc="9" el="48" ec="10" bec="0" bev="0" fileid="604" />
              </SequencePoints>
              <BranchPoints />
              <MethodPoint xsi:type="SequencePoint" vc="0" uspid="9484" ordinal="0" offset="0" sl="43" sc="13" el="43" ec="31" bec="0" bev="0" fileid="604" />
            </Method>
            <Method visited="false" cyclomaticComplexity="1" nPathComplexity="0" sequenceCoverage="0" branchCoverage="0" crapScore="2" isConstructor="false" isStatic="false" isGetter="false" isSetter="false">
              <Summary numSequencePoints="0" visitedSequencePoints="0" numBranchPoints="0" visitedBranchPoints="0" sequenceCoverage="0" branchCoverage="0" maxCyclomaticComplexity="1" minCyclomaticComplexity="1" maxCrapScore="2" minCrapScore="2" visitedClasses="0" numClasses="0" visitedMethods="0" numMethods="0" />
              <MetadataToken>100663304</MetadataToken>
              <Name>System.Threading.Tasks.Task Xunit.Runner.Reporters.AppVeyorClient::RunLoop()</Name>
              <SequencePoints />
              <BranchPoints />
              <MethodPoint vc="0" uspid="9489" ordinal="0" offset="0" />
            </Method>
            <Method visited="false" cyclomaticComplexity="1" nPathComplexity="0" sequenceCoverage="0" branchCoverage="0" crapScore="2" isConstructor="false" isStatic="false" isGetter="false" isSetter="false">
              <Summary numSequencePoints="3" visitedSequencePoints="0" numBranchPoints="1" visitedBranchPoints="0" sequenceCoverage="0" branchCoverage="0" maxCyclomaticComplexity="1" minCyclomaticComplexity="1" maxCrapScore="2" minCrapScore="2" visitedClasses="0" numClasses="0" visitedMethods="0" numMethods="1" />
              <MetadataToken>100663305</MetadataToken>
              <Name>System.Void Xunit.Runner.Reporters.AppVeyorClient::AddTest(System.Collections.Generic.IDictionary`2&lt;System.String,System.Object&gt;)</Name>
              <FileRef uid="604" />
              <SequencePoints>
                <SequencePoint vc="0" uspid="9490" ordinal="0" offset="0" sl="82" sc="13" el="82" ec="39" bec="0" bev="0" fileid="604" />
                <SequencePoint vc="0" uspid="9491" ordinal="1" offset="12" sl="83" sc="13" el="83" ec="29" bec="0" bev="0" fileid="604" />
                <SequencePoint vc="0" uspid="9492" ordinal="2" offset="23" sl="84" sc="9" el="84" ec="10" bec="0" bev="0" fileid="604" />
              </SequencePoints>
              <BranchPoints />
              <MethodPoint xsi:type="SequencePoint" vc="0" uspid="9490" ordinal="0" offset="0" sl="82" sc="13" el="82" ec="39" bec="0" bev="0" fileid="604" />
            </Method>
            <Method visited="false" cyclomaticComplexity="1" nPathComplexity="0" sequenceCoverage="0" branchCoverage="0" crapScore="2" isConstructor="false" isStatic="false" isGetter="false" isSetter="false">
              <Summary numSequencePoints="3" visitedSequencePoints="0" numBranchPoints="1" visitedBranchPoints="0" sequenceCoverage="0" branchCoverage="0" maxCyclomaticComplexity="1" minCyclomaticComplexity="1" maxCrapScore="2" minCrapScore="2" visitedClasses="0" numClasses="0" visitedMethods="0" numMethods="1" />
              <MetadataToken>100663306</MetadataToken>
              <Name>System.Void Xunit.Runner.Reporters.AppVeyorClient::UpdateTest(System.Collections.Generic.IDictionary`2&lt;System.String,System.Object&gt;)</Name>
              <FileRef uid="604" />
              <SequencePoints>
                <SequencePoint vc="0" uspid="9493" ordinal="0" offset="0" sl="88" sc="13" el="88" ec="42" bec="0" bev="0" fileid="604" />
                <SequencePoint vc="0" uspid="9494" ordinal="1" offset="12" sl="89" sc="13" el="89" ec="29" bec="0" bev="0" fileid="604" />
                <SequencePoint vc="0" uspid="9495" ordinal="2" offset="23" sl="90" sc="9" el="90" ec="10" bec="0" bev="0" fileid="604" />
              </SequencePoints>
              <BranchPoints />
              <MethodPoint xsi:type="SequencePoint" vc="0" uspid="9493" ordinal="0" offset="0" sl="88" sc="13" el="88" ec="42" bec="0" bev="0" fileid="604" />
            </Method>
            <Method visited="false" cyclomaticComplexity="1" nPathComplexity="0" sequenceCoverage="0" branchCoverage="0" crapScore="2" isConstructor="false" isStatic="false" isGetter="false" isSetter="false">
              <Summary numSequencePoints="0" visitedSequencePoints="0" numBranchPoints="0" visitedBranchPoints="0" sequenceCoverage="0" branchCoverage="0" maxCyclomaticComplexity="1" minCyclomaticComplexity="1" maxCrapScore="2" minCrapScore="2" visitedClasses="0" numClasses="0" visitedMethods="0" numMethods="0" />
              <MetadataToken>100663307</MetadataToken>
              <Name>System.Threading.Tasks.Task Xunit.Runner.Reporters.AppVeyorClient::SendRequest(System.Net.Http.HttpMethod,System.Collections.Generic.ICollection`1&lt;System.Collections.Generic.IDictionary`2&lt;System.String,System.Object&gt;&gt;)</Name>
              <SequencePoints />
              <BranchPoints />
              <MethodPoint vc="0" uspid="9496" ordinal="0" offset="0" />
            </Method>
            <Method visited="false" cyclomaticComplexity="2" nPathComplexity="2" sequenceCoverage="0" branchCoverage="0" crapScore="6" isConstructor="false" isStatic="true" isGetter="false" isSetter="false">
              <Summary numSequencePoints="2" visitedSequencePoints="0" numBranchPoints="3" visitedBranchPoints="0" sequenceCoverage="0" branchCoverage="0" maxCyclomaticComplexity="2" minCyclomaticComplexity="2" maxCrapScore="6" minCrapScore="6" visitedClasses="0" numClasses="0" visitedMethods="0" numMethods="1" />
              <MetadataToken>100663308</MetadataToken>
              <Name>System.String Xunit.Runner.Reporters.AppVeyorClient::ToJson(System.Collections.Generic.IEnumerable`1&lt;System.Collections.Generic.IDictionary`2&lt;System.String,System.Object&gt;&gt;)</Name>
              <FileRef uid="604" />
              <SequencePoints>
                <SequencePoint vc="0" uspid="9497" ordinal="0" offset="0" sl="130" sc="13" el="130" ec="74" bec="2" bev="0" fileid="604" />
                <SequencePoint vc="0" uspid="9498" ordinal="1" offset="48" sl="131" sc="13" el="131" ec="35" bec="0" bev="0" fileid="604" />
              </SequencePoints>
              <BranchPoints>
                <BranchPoint vc="0" uspid="9499" ordinal="0" offset="12" sl="130" path="0" offsetend="14" fileid="604" />
                <BranchPoint vc="0" uspid="9500" ordinal="1" offset="12" sl="130" path="1" offsetend="37" fileid="604" />
              </BranchPoints>
              <MethodPoint xsi:type="SequencePoint" vc="0" uspid="9497" ordinal="0" offset="0" sl="130" sc="13" el="130" ec="74" bec="2" bev="0" fileid="604" />
            </Method>
          </Methods>
        </Class>
        <Class>
          <Summary numSequencePoints="12" visitedSequencePoints="0" numBranchPoints="11" visitedBranchPoints="0" sequenceCoverage="0" branchCoverage="0" maxCyclomaticComplexity="8" minCyclomaticComplexity="1" maxCrapScore="72" minCrapScore="2" visitedClasses="0" numClasses="1" visitedMethods="0" numMethods="1" />
          <FullName>Xunit.Runner.Reporters.AppVeyorClient/&lt;RunLoop&gt;d__13</FullName>
          <Methods>
            <Method visited="false" cyclomaticComplexity="8" nPathComplexity="32" sequenceCoverage="0" branchCoverage="0" crapScore="72" isConstructor="false" isStatic="false" isGetter="false" isSetter="false">
              <Summary numSequencePoints="12" visitedSequencePoints="0" numBranchPoints="11" visitedBranchPoints="0" sequenceCoverage="0" branchCoverage="0" maxCyclomaticComplexity="8" minCyclomaticComplexity="8" maxCrapScore="72" minCrapScore="72" visitedClasses="0" numClasses="0" visitedMethods="0" numMethods="1" />
              <MetadataToken>100663395</MetadataToken>
              <Name>System.Void Xunit.Runner.Reporters.AppVeyorClient/&lt;RunLoop&gt;d__13::MoveNext()</Name>
              <FileRef uid="604" />
              <SequencePoints>
                <SequencePoint vc="0" uspid="9501" ordinal="0" offset="28" sl="56" sc="21" el="56" ec="38" bec="0" bev="0" fileid="604" />
                <SequencePoint vc="0" uspid="9502" ordinal="1" offset="39" sl="57" sc="21" el="57" ec="39" bec="0" bev="0" fileid="604" />
                <SequencePoint vc="0" uspid="9503" ordinal="2" offset="50" sl="60" sc="21" el="60" ec="117" bec="0" bev="0" fileid="604" />
                <SequencePoint vc="0" uspid="9504" ordinal="3" offset="67" sl="61" sc="21" el="61" ec="120" bec="0" bev="0" fileid="604" />
                <SequencePoint vc="0" uspid="9505" ordinal="4" offset="84" sl="63" sc="21" el="63" ec="40" bec="2" bev="0" fileid="604" />
                <SequencePoint vc="0" uspid="9506" ordinal="5" offset="97" sl="66" sc="21" el="69" ec="45" bec="2" bev="0" fileid="604" />
                <SequencePoint vc="0" uspid="9507" ordinal="6" offset="246" sl="54" sc="17" el="54" ec="81" bec="4" bev="0" fileid="604" />
                <SequencePoint vc="0" uspid="9508" ordinal="7" offset="291" sl="71" sc="13" el="71" ec="14" bec="0" bev="0" fileid="604" />
                <SequencePoint vc="0" uspid="9509" ordinal="8" offset="293" sl="72" sc="13" el="72" ec="18" bec="0" bev="0" fileid="604" />
                <SequencePoint vc="0" uspid="9510" ordinal="9" offset="294" sl="72" sc="21" el="72" ec="22" bec="0" bev="0" fileid="604" />
                <SequencePoint vc="0" uspid="9511" ordinal="10" offset="302" sl="75" sc="17" el="75" ec="32" bec="0" bev="0" fileid="604" />
                <SequencePoint vc="0" uspid="9512" ordinal="11" offset="341" sl="77" sc="9" el="77" ec="10" bec="0" bev="0" fileid="604" />
              </SequencePoints>
              <BranchPoints>
                <BranchPoint vc="0" uspid="9513" ordinal="0" offset="92" sl="63" path="0" offsetend="97" fileid="604" />
                <BranchPoint vc="0" uspid="9514" ordinal="1" offset="92" sl="63" path="1" offsetend="291" fileid="604" />
                <BranchPoint vc="0" uspid="9515" ordinal="2" offset="172" sl="66" path="0" offsetend="174" fileid="604" />
                <BranchPoint vc="0" uspid="9516" ordinal="3" offset="172" sl="66" path="1" offsetend="239" fileid="604" />
                <BranchPoint vc="0" uspid="9517" ordinal="4" offset="254" sl="54" path="0" offsetend="259" fileid="604" />
                <BranchPoint vc="0" uspid="9518" ordinal="5" offset="254" sl="54" path="1" offsetend="28" fileid="604" />
                <BranchPoint vc="0" uspid="9519" ordinal="6" offset="270" sl="54" path="0" offsetend="275" fileid="604" />
                <BranchPoint vc="0" uspid="9520" ordinal="7" offset="270" sl="54" path="1" offsetend="28" fileid="604" />
                <BranchPoint vc="0" uspid="9521" ordinal="8" offset="286" sl="54" path="0" offsetend="291" fileid="604" />
                <BranchPoint vc="0" uspid="9522" ordinal="9" offset="286" sl="54" path="1" offsetend="28" fileid="604" />
              </BranchPoints>
              <MethodPoint vc="0" uspid="9525" ordinal="0" offset="0" />
            </Method>
            <Method visited="false" cyclomaticComplexity="1" nPathComplexity="0" sequenceCoverage="0" branchCoverage="0" crapScore="2" isConstructor="false" isStatic="false" isGetter="false" isSetter="false">
              <Summary numSequencePoints="0" visitedSequencePoints="0" numBranchPoints="0" visitedBranchPoints="0" sequenceCoverage="0" branchCoverage="0" maxCyclomaticComplexity="1" minCyclomaticComplexity="1" maxCrapScore="2" minCrapScore="2" visitedClasses="0" numClasses="0" visitedMethods="0" numMethods="0" />
              <MetadataToken>100663396</MetadataToken>
              <Name>System.Void Xunit.Runner.Reporters.AppVeyorClient/&lt;RunLoop&gt;d__13::SetStateMachine(System.Runtime.CompilerServices.IAsyncStateMachine)</Name>
              <SequencePoints />
              <BranchPoints />
              <MethodPoint vc="0" uspid="9526" ordinal="0" offset="0" />
            </Method>
          </Methods>
        </Class>
        <Class>
          <Summary numSequencePoints="18" visitedSequencePoints="0" numBranchPoints="11" visitedBranchPoints="0" sequenceCoverage="0" branchCoverage="0" maxCyclomaticComplexity="9" minCyclomaticComplexity="1" maxCrapScore="90" minCrapScore="2" visitedClasses="0" numClasses="1" visitedMethods="0" numMethods="1" />
          <FullName>Xunit.Runner.Reporters.AppVeyorClient/&lt;SendRequest&gt;d__16</FullName>
          <Methods>
            <Method visited="false" cyclomaticComplexity="9" nPathComplexity="32" sequenceCoverage="0" branchCoverage="0" crapScore="90" isConstructor="false" isStatic="false" isGetter="false" isSetter="false">
              <Summary numSequencePoints="18" visitedSequencePoints="0" numBranchPoints="11" visitedBranchPoints="0" sequenceCoverage="0" branchCoverage="0" maxCyclomaticComplexity="9" minCyclomaticComplexity="9" maxCrapScore="90" minCrapScore="90" visitedClasses="0" numClasses="0" visitedMethods="0" numMethods="1" />
              <MetadataToken>100663397</MetadataToken>
              <Name>System.Void Xunit.Runner.Reporters.AppVeyorClient/&lt;SendRequest&gt;d__16::MoveNext()</Name>
              <FileRef uid="604" />
              <SequencePoints>
                <SequencePoint vc="0" uspid="9527" ordinal="0" offset="17" sl="94" sc="13" el="94" ec="33" bec="2" bev="0" fileid="604" />
                <SequencePoint vc="0" uspid="9528" ordinal="1" offset="30" sl="95" sc="17" el="95" ec="24" bec="0" bev="0" fileid="604" />
                <SequencePoint vc="0" uspid="9529" ordinal="2" offset="35" sl="97" sc="13" el="97" ec="43" bec="2" bev="0" fileid="604" />
                <SequencePoint vc="0" uspid="9530" ordinal="3" offset="56" sl="101" sc="17" el="101" ec="68" bec="0" bev="0" fileid="604" />
                <SequencePoint vc="0" uspid="9531" ordinal="4" offset="73" sl="103" sc="17" el="106" ec="19" bec="0" bev="0" fileid="604" />
                <SequencePoint vc="0" uspid="9532" ordinal="5" offset="103" sl="107" sc="17" el="107" ec="69" bec="0" bev="0" fileid="604" />
                <SequencePoint vc="0" uspid="9533" ordinal="6" offset="125" sl="108" sc="17" el="108" ec="59" bec="0" bev="0" fileid="604" />
                <SequencePoint vc="0" uspid="9534" ordinal="7" offset="147" sl="110" sc="24" el="110" ec="87" bec="2" bev="0" fileid="604" />
                <SequencePoint vc="0" uspid="9535" ordinal="8" offset="176" sl="112" sc="21" el="112" ec="101" bec="2" bev="0" fileid="604" />
                <SequencePoint vc="0" uspid="9536" ordinal="9" offset="299" sl="113" sc="21" el="113" ec="55" bec="2" bev="0" fileid="604" />
                <SequencePoint vc="0" uspid="9537" ordinal="10" offset="308" sl="115" sc="25" el="115" ec="155" bec="0" bev="0" fileid="604" />
                <SequencePoint vc="0" uspid="9538" ordinal="11" offset="377" sl="116" sc="25" el="116" ec="47" bec="0" bev="0" fileid="604" />
                <SequencePoint vc="0" uspid="9539" ordinal="12" offset="386" sl="118" sc="17" el="118" ec="18" bec="0" bev="0" fileid="604" />
                <SequencePoint vc="0" uspid="9540" ordinal="13" offset="419" sl="119" sc="13" el="119" ec="14" bec="0" bev="0" fileid="604" />
                <SequencePoint vc="0" uspid="9541" ordinal="14" offset="421" sl="120" sc="13" el="120" ec="33" bec="0" bev="0" fileid="604" />
                <SequencePoint vc="0" uspid="9542" ordinal="15" offset="423" sl="122" sc="17" el="122" ec="132" bec="0" bev="0" fileid="604" />
                <SequencePoint vc="0" uspid="9543" ordinal="16" offset="487" sl="123" sc="17" el="123" ec="23" bec="0" bev="0" fileid="604" />
                <SequencePoint vc="0" uspid="9544" ordinal="17" offset="516" sl="125" sc="9" el="125" ec="10" bec="0" bev="0" fileid="604" />
              </SequencePoints>
              <BranchPoints>
                <BranchPoint vc="0" uspid="9545" ordinal="0" offset="28" sl="94" path="0" offsetend="30" fileid="604" />
                <BranchPoint vc="0" uspid="9546" ordinal="1" offset="28" sl="94" path="1" offsetend="35" fileid="604" />
                <BranchPoint vc="0" uspid="9547" ordinal="2" offset="54" sl="97" path="0" offsetend="56" fileid="604" />
                <BranchPoint vc="0" uspid="9548" ordinal="3" offset="54" sl="97" path="1" offsetend="172" fileid="604" />
                <BranchPoint vc="0" uspid="9549" ordinal="4" offset="174" sl="110" path="0" offsetend="176" fileid="604" />
                <BranchPoint vc="0" uspid="9550" ordinal="5" offset="174" sl="110" path="1" offsetend="261" fileid="604" />
                <BranchPoint vc="0" uspid="9551" ordinal="6" offset="223" sl="112" path="0" offsetend="225" fileid="604" />
                <BranchPoint vc="0" uspid="9552" ordinal="7" offset="223" sl="112" path="1" offsetend="290" fileid="604" />
                <BranchPoint vc="0" uspid="9553" ordinal="8" offset="306" sl="113" path="0" offsetend="308" fileid="604" />
                <BranchPoint vc="0" uspid="9554" ordinal="9" offset="306" sl="113" path="1" offsetend="386" fileid="604" />
              </BranchPoints>
              <MethodPoint vc="0" uspid="9555" ordinal="0" offset="0" />
            </Method>
            <Method visited="false" cyclomaticComplexity="1" nPathComplexity="0" sequenceCoverage="0" branchCoverage="0" crapScore="2" isConstructor="false" isStatic="false" isGetter="false" isSetter="false">
              <Summary numSequencePoints="0" visitedSequencePoints="0" numBranchPoints="0" visitedBranchPoints="0" sequenceCoverage="0" branchCoverage="0" maxCyclomaticComplexity="1" minCyclomaticComplexity="1" maxCrapScore="2" minCrapScore="2" visitedClasses="0" numClasses="0" visitedMethods="0" numMethods="0" />
              <MetadataToken>100663398</MetadataToken>
              <Name>System.Void Xunit.Runner.Reporters.AppVeyorClient/&lt;SendRequest&gt;d__16::SetStateMachine(System.Runtime.CompilerServices.IAsyncStateMachine)</Name>
              <SequencePoints />
              <BranchPoints />
              <MethodPoint vc="0" uspid="9556" ordinal="0" offset="0" />
            </Method>
          </Methods>
        </Class>
        <Class>
          <Summary numSequencePoints="1" visitedSequencePoints="0" numBranchPoints="1" visitedBranchPoints="0" sequenceCoverage="0" branchCoverage="0" maxCyclomaticComplexity="1" minCyclomaticComplexity="1" maxCrapScore="2" minCrapScore="2" visitedClasses="0" numClasses="1" visitedMethods="0" numMethods="1" />
          <FullName>Xunit.Runner.Reporters.AppVeyorClient/&lt;&gt;c</FullName>
          <Methods>
            <Method visited="false" cyclomaticComplexity="1" nPathComplexity="0" sequenceCoverage="0" branchCoverage="0" crapScore="2" isConstructor="true" isStatic="true" isGetter="false" isSetter="false">
              <Summary numSequencePoints="0" visitedSequencePoints="0" numBranchPoints="0" visitedBranchPoints="0" sequenceCoverage="0" branchCoverage="0" maxCyclomaticComplexity="1" minCyclomaticComplexity="1" maxCrapScore="2" minCrapScore="2" visitedClasses="0" numClasses="0" visitedMethods="0" numMethods="0" />
              <MetadataToken>100663399</MetadataToken>
              <Name>System.Void Xunit.Runner.Reporters.AppVeyorClient/&lt;&gt;c::.cctor()</Name>
              <SequencePoints />
              <BranchPoints />
              <MethodPoint vc="0" uspid="9557" ordinal="0" offset="0" />
            </Method>
            <Method visited="false" cyclomaticComplexity="1" nPathComplexity="0" sequenceCoverage="0" branchCoverage="0" crapScore="2" isConstructor="true" isStatic="false" isGetter="false" isSetter="false">
              <Summary numSequencePoints="0" visitedSequencePoints="0" numBranchPoints="0" visitedBranchPoints="0" sequenceCoverage="0" branchCoverage="0" maxCyclomaticComplexity="1" minCyclomaticComplexity="1" maxCrapScore="2" minCrapScore="2" visitedClasses="0" numClasses="0" visitedMethods="0" numMethods="0" />
              <MetadataToken>100663400</MetadataToken>
              <Name>System.Void Xunit.Runner.Reporters.AppVeyorClient/&lt;&gt;c::.ctor()</Name>
              <SequencePoints />
              <BranchPoints />
              <MethodPoint vc="0" uspid="9558" ordinal="0" offset="0" />
            </Method>
            <Method visited="false" cyclomaticComplexity="1" nPathComplexity="0" sequenceCoverage="0" branchCoverage="0" crapScore="2" isConstructor="false" isStatic="false" isGetter="false" isSetter="false">
              <Summary numSequencePoints="1" visitedSequencePoints="0" numBranchPoints="1" visitedBranchPoints="0" sequenceCoverage="0" branchCoverage="0" maxCyclomaticComplexity="1" minCyclomaticComplexity="1" maxCrapScore="2" minCrapScore="2" visitedClasses="0" numClasses="0" visitedMethods="0" numMethods="1" />
              <MetadataToken>100663401</MetadataToken>
              <Name>System.String Xunit.Runner.Reporters.AppVeyorClient/&lt;&gt;c::&lt;ToJson&gt;b__17_0(System.Collections.Generic.IDictionary`2&lt;System.String,System.Object&gt;)</Name>
              <FileRef uid="604" />
              <SequencePoints>
                <SequencePoint vc="0" uspid="9559" ordinal="0" offset="0" sl="130" sc="61" el="130" ec="71" bec="0" bev="0" fileid="604" />
              </SequencePoints>
              <BranchPoints />
              <MethodPoint xsi:type="SequencePoint" vc="0" uspid="9559" ordinal="0" offset="0" sl="130" sc="61" el="130" ec="71" bec="0" bev="0" fileid="604" />
            </Method>
          </Methods>
        </Class>
        <Class>
          <Summary numSequencePoints="5" visitedSequencePoints="2" numBranchPoints="6" visitedBranchPoints="2" sequenceCoverage="40" branchCoverage="33.33" maxCyclomaticComplexity="2" minCyclomaticComplexity="1" maxCrapScore="6" minCrapScore="1" visitedClasses="1" numClasses="1" visitedMethods="2" numMethods="4" />
          <FullName>Xunit.Runner.Reporters.AppVeyorReporter</FullName>
          <Methods>
            <Method visited="true" cyclomaticComplexity="1" nPathComplexity="0" sequenceCoverage="100" branchCoverage="100" crapScore="1" isConstructor="false" isStatic="false" isGetter="true" isSetter="false">
              <Summary numSequencePoints="1" visitedSequencePoints="1" numBranchPoints="1" visitedBranchPoints="1" sequenceCoverage="100" branchCoverage="100" maxCyclomaticComplexity="1" minCyclomaticComplexity="1" maxCrapScore="1" minCrapScore="1" visitedClasses="0" numClasses="0" visitedMethods="1" numMethods="1" />
              <MetadataToken>100663309</MetadataToken>
              <Name>System.String Xunit.Runner.Reporters.AppVeyorReporter::get_Description()</Name>
              <FileRef uid="608" />
              <SequencePoints>
                <SequencePoint vc="1" uspid="9560" ordinal="0" offset="0" sl="8" sc="16" el="8" ec="66" bec="0" bev="0" fileid="608" />
              </SequencePoints>
              <BranchPoints />
              <MethodPoint xsi:type="SequencePoint" vc="1" uspid="9560" ordinal="0" offset="0" sl="8" sc="16" el="8" ec="66" bec="0" bev="0" fileid="608" />
            </Method>
            <Method visited="false" cyclomaticComplexity="1" nPathComplexity="0" sequenceCoverage="0" branchCoverage="0" crapScore="2" isConstructor="false" isStatic="false" isGetter="true" isSetter="false">
              <Summary numSequencePoints="1" visitedSequencePoints="0" numBranchPoints="1" visitedBranchPoints="0" sequenceCoverage="0" branchCoverage="0" maxCyclomaticComplexity="1" minCyclomaticComplexity="1" maxCrapScore="2" minCrapScore="2" visitedClasses="0" numClasses="0" visitedMethods="0" numMethods="1" />
              <MetadataToken>100663310</MetadataToken>
              <Name>System.Boolean Xunit.Runner.Reporters.AppVeyorReporter::get_IsEnvironmentallyEnabled()</Name>
              <FileRef uid="608" />
              <SequencePoints>
                <SequencePoint vc="0" uspid="9561" ordinal="0" offset="0" sl="11" sc="16" el="11" ec="104" bec="0" bev="0" fileid="608" />
              </SequencePoints>
              <BranchPoints />
              <MethodPoint xsi:type="SequencePoint" vc="0" uspid="9561" ordinal="0" offset="0" sl="11" sc="16" el="11" ec="104" bec="0" bev="0" fileid="608" />
            </Method>
            <Method visited="true" cyclomaticComplexity="1" nPathComplexity="0" sequenceCoverage="100" branchCoverage="100" crapScore="1" isConstructor="false" isStatic="false" isGetter="true" isSetter="false">
              <Summary numSequencePoints="1" visitedSequencePoints="1" numBranchPoints="1" visitedBranchPoints="1" sequenceCoverage="100" branchCoverage="100" maxCyclomaticComplexity="1" minCyclomaticComplexity="1" maxCrapScore="1" minCrapScore="1" visitedClasses="0" numClasses="0" visitedMethods="1" numMethods="1" />
              <MetadataToken>100663311</MetadataToken>
              <Name>System.String Xunit.Runner.Reporters.AppVeyorReporter::get_RunnerSwitch()</Name>
              <FileRef uid="608" />
              <SequencePoints>
                <SequencePoint vc="3" uspid="9562" ordinal="0" offset="0" sl="14" sc="16" el="14" ec="26" bec="0" bev="0" fileid="608" />
              </SequencePoints>
              <BranchPoints />
              <MethodPoint xsi:type="SequencePoint" vc="3" uspid="9562" ordinal="0" offset="0" sl="14" sc="16" el="14" ec="26" bec="0" bev="0" fileid="608" />
            </Method>
            <Method visited="false" cyclomaticComplexity="2" nPathComplexity="2" sequenceCoverage="0" branchCoverage="0" crapScore="6" isConstructor="false" isStatic="false" isGetter="false" isSetter="false">
              <Summary numSequencePoints="2" visitedSequencePoints="0" numBranchPoints="3" visitedBranchPoints="0" sequenceCoverage="0" branchCoverage="0" maxCyclomaticComplexity="2" minCyclomaticComplexity="2" maxCrapScore="6" minCrapScore="6" visitedClasses="0" numClasses="0" visitedMethods="0" numMethods="1" />
              <MetadataToken>100663312</MetadataToken>
              <Name>Xunit.Abstractions.IMessageSink Xunit.Runner.Reporters.AppVeyorReporter::CreateMessageHandler(Xunit.IRunnerLogger)</Name>
              <FileRef uid="608" />
              <SequencePoints>
                <SequencePoint vc="0" uspid="9563" ordinal="0" offset="0" sl="18" sc="13" el="18" ec="88" bec="0" bev="0" fileid="608" />
                <SequencePoint vc="0" uspid="9564" ordinal="1" offset="11" sl="19" sc="13" el="21" ec="71" bec="2" bev="0" fileid="608" />
              </SequencePoints>
              <BranchPoints>
                <BranchPoint vc="0" uspid="9565" ordinal="0" offset="12" sl="19" path="0" offsetend="14" fileid="608" />
                <BranchPoint vc="0" uspid="9566" ordinal="1" offset="12" sl="19" path="1" offsetend="22" fileid="608" />
              </BranchPoints>
              <MethodPoint xsi:type="SequencePoint" vc="0" uspid="9563" ordinal="0" offset="0" sl="18" sc="13" el="18" ec="88" bec="0" bev="0" fileid="608" />
            </Method>
            <Method visited="false" cyclomaticComplexity="1" nPathComplexity="0" sequenceCoverage="0" branchCoverage="0" crapScore="2" isConstructor="true" isStatic="false" isGetter="false" isSetter="false">
              <Summary numSequencePoints="0" visitedSequencePoints="0" numBranchPoints="0" visitedBranchPoints="0" sequenceCoverage="0" branchCoverage="0" maxCyclomaticComplexity="1" minCyclomaticComplexity="1" maxCrapScore="2" minCrapScore="2" visitedClasses="0" numClasses="0" visitedMethods="0" numMethods="0" />
              <MetadataToken>100663313</MetadataToken>
              <Name>System.Void Xunit.Runner.Reporters.AppVeyorReporter::.ctor()</Name>
              <SequencePoints />
              <BranchPoints />
              <MethodPoint vc="0" uspid="9567" ordinal="0" offset="0" />
            </Method>
          </Methods>
        </Class>
        <Class>
          <Summary numSequencePoints="65" visitedSequencePoints="0" numBranchPoints="27" visitedBranchPoints="0" sequenceCoverage="0" branchCoverage="0" maxCyclomaticComplexity="6" minCyclomaticComplexity="1" maxCrapScore="42" minCrapScore="2" visitedClasses="0" numClasses="1" visitedMethods="0" numMethods="11" />
          <FullName>Xunit.Runner.Reporters.AppVeyorReporterMessageHandler</FullName>
          <Methods>
            <Method visited="false" cyclomaticComplexity="1" nPathComplexity="0" sequenceCoverage="0" branchCoverage="0" crapScore="2" isConstructor="true" isStatic="false" isGetter="false" isSetter="false">
              <Summary numSequencePoints="8" visitedSequencePoints="0" numBranchPoints="1" visitedBranchPoints="0" sequenceCoverage="0" branchCoverage="0" maxCyclomaticComplexity="1" minCyclomaticComplexity="1" maxCrapScore="2" minCrapScore="2" visitedClasses="0" numClasses="0" visitedMethods="0" numMethods="1" />
              <MetadataToken>100663314</MetadataToken>
              <Name>System.Void Xunit.Runner.Reporters.AppVeyorReporterMessageHandler::.ctor(Xunit.IRunnerLogger,System.String)</Name>
              <FileRef uid="609" />
              <SequencePoints>
                <SequencePoint vc="0" uspid="9568" ordinal="0" offset="0" sl="17" sc="9" el="17" ec="178" bec="0" bev="0" fileid="609" />
                <SequencePoint vc="0" uspid="9569" ordinal="1" offset="11" sl="22" sc="9" el="22" ec="51" bec="0" bev="0" fileid="609" />
                <SequencePoint vc="0" uspid="9570" ordinal="2" offset="22" sl="25" sc="15" el="25" ec="27" bec="0" bev="0" fileid="609" />
                <SequencePoint vc="0" uspid="9571" ordinal="3" offset="29" sl="27" sc="13" el="27" ec="49" bec="0" bev="0" fileid="609" />
                <SequencePoint vc="0" uspid="9572" ordinal="4" offset="52" sl="29" sc="13" el="29" ec="79" bec="0" bev="0" fileid="609" />
                <SequencePoint vc="0" uspid="9573" ordinal="5" offset="75" sl="30" sc="13" el="30" ec="63" bec="0" bev="0" fileid="609" />
                <SequencePoint vc="0" uspid="9574" ordinal="6" offset="98" sl="31" sc="13" el="31" ec="79" bec="0" bev="0" fileid="609" />
                <SequencePoint vc="0" uspid="9575" ordinal="7" offset="121" sl="32" sc="9" el="32" ec="10" bec="0" bev="0" fileid="609" />
              </SequencePoints>
              <BranchPoints />
              <MethodPoint xsi:type="SequencePoint" vc="0" uspid="9568" ordinal="0" offset="0" sl="17" sc="9" el="17" ec="178" bec="0" bev="0" fileid="609" />
            </Method>
            <Method visited="false" cyclomaticComplexity="3" nPathComplexity="2" sequenceCoverage="0" branchCoverage="0" crapScore="12" isConstructor="false" isStatic="false" isGetter="false" isSetter="false">
              <Summary numSequencePoints="7" visitedSequencePoints="0" numBranchPoints="3" visitedBranchPoints="0" sequenceCoverage="0" branchCoverage="0" maxCyclomaticComplexity="3" minCyclomaticComplexity="3" maxCrapScore="12" minCrapScore="12" visitedClasses="0" numClasses="0" visitedMethods="0" numMethods="1" />
              <MetadataToken>100663315</MetadataToken>
              <Name>System.Void Xunit.Runner.Reporters.AppVeyorReporterMessageHandler::HandleTestAssemblyFinished(Xunit.MessageHandlerArgs`1&lt;Xunit.Abstractions.ITestAssemblyFinished&gt;)</Name>
              <FileRef uid="609" />
              <SequencePoints>
                <SequencePoint vc="0" uspid="9576" ordinal="0" offset="0" sl="36" sc="13" el="36" ec="30" bec="0" bev="0" fileid="609" />
                <SequencePoint vc="0" uspid="9577" ordinal="1" offset="17" sl="38" sc="17" el="38" ec="38" bec="0" bev="0" fileid="609" />
                <SequencePoint vc="0" uspid="9578" ordinal="2" offset="31" sl="40" sc="17" el="40" ec="45" bec="2" bev="0" fileid="609" />
                <SequencePoint vc="0" uspid="9579" ordinal="3" offset="39" sl="43" sc="21" el="43" ec="60" bec="0" bev="0" fileid="609" />
                <SequencePoint vc="0" uspid="9580" ordinal="4" offset="55" sl="44" sc="21" el="44" ec="35" bec="0" bev="0" fileid="609" />
                <SequencePoint vc="0" uspid="9581" ordinal="5" offset="62" sl="46" sc="13" el="46" ec="14" bec="0" bev="0" fileid="609" />
                <SequencePoint vc="0" uspid="9582" ordinal="6" offset="74" sl="47" sc="9" el="47" ec="10" bec="0" bev="0" fileid="609" />
              </SequencePoints>
              <BranchPoints>
                <BranchPoint vc="0" uspid="9583" ordinal="0" offset="37" sl="40" path="0" offsetend="39" fileid="609" />
                <BranchPoint vc="0" uspid="9584" ordinal="1" offset="37" sl="40" path="1" offsetend="62" fileid="609" />
              </BranchPoints>
              <MethodPoint xsi:type="SequencePoint" vc="0" uspid="9576" ordinal="0" offset="0" sl="36" sc="13" el="36" ec="30" bec="0" bev="0" fileid="609" />
            </Method>
            <Method visited="false" cyclomaticComplexity="6" nPathComplexity="8" sequenceCoverage="0" branchCoverage="0" crapScore="42" isConstructor="false" isStatic="false" isGetter="false" isSetter="false">
              <Summary numSequencePoints="12" visitedSequencePoints="0" numBranchPoints="7" visitedBranchPoints="0" sequenceCoverage="0" branchCoverage="0" maxCyclomaticComplexity="6" minCyclomaticComplexity="6" maxCrapScore="42" minCrapScore="42" visitedClasses="0" numClasses="0" visitedMethods="0" numMethods="1" />
              <MetadataToken>100663316</MetadataToken>
              <Name>System.Void Xunit.Runner.Reporters.AppVeyorReporterMessageHandler::HandleTestAssemblyStarting(Xunit.MessageHandlerArgs`1&lt;Xunit.Abstractions.ITestAssemblyStarting&gt;)</Name>
              <FileRef uid="609" />
              <SequencePoints>
                <SequencePoint vc="0" uspid="9585" ordinal="0" offset="0" sl="51" sc="13" el="51" ec="30" bec="0" bev="0" fileid="609" />
                <SequencePoint vc="0" uspid="9586" ordinal="1" offset="17" sl="53" sc="17" el="53" ec="38" bec="0" bev="0" fileid="609" />
                <SequencePoint vc="0" uspid="9587" ordinal="2" offset="31" sl="56" sc="17" el="56" ec="156" bec="0" bev="0" fileid="609" />
                <SequencePoint vc="0" uspid="9588" ordinal="3" offset="62" sl="57" sc="17" el="57" ec="88" bec="2" bev="0" fileid="609" />
                <SequencePoint vc="0" uspid="9589" ordinal="4" offset="85" sl="59" sc="17" el="59" ec="106" bec="0" bev="0" fileid="609" />
                <SequencePoint vc="0" uspid="9590" ordinal="5" offset="112" sl="60" sc="17" el="60" ec="33" bec="2" bev="0" fileid="609" />
                <SequencePoint vc="0" uspid="9591" ordinal="6" offset="115" sl="61" sc="21" el="61" ec="70" bec="0" bev="0" fileid="609" />
                <SequencePoint vc="0" uspid="9592" ordinal="7" offset="128" sl="63" sc="17" el="63" ec="168" bec="0" bev="0" fileid="609" />
                <SequencePoint vc="0" uspid="9593" ordinal="8" offset="176" sl="65" sc="17" el="65" ec="36" bec="2" bev="0" fileid="609" />
                <SequencePoint vc="0" uspid="9594" ordinal="9" offset="184" sl="66" sc="21" el="66" ec="66" bec="0" bev="0" fileid="609" />
                <SequencePoint vc="0" uspid="9595" ordinal="10" offset="207" sl="67" sc="13" el="67" ec="14" bec="0" bev="0" fileid="609" />
                <SequencePoint vc="0" uspid="9596" ordinal="11" offset="219" sl="68" sc="9" el="68" ec="10" bec="0" bev="0" fileid="609" />
              </SequencePoints>
              <BranchPoints>
                <BranchPoint vc="0" uspid="9597" ordinal="0" offset="63" sl="57" path="0" offsetend="65" fileid="609" />
                <BranchPoint vc="0" uspid="9598" ordinal="1" offset="63" sl="57" path="1" offsetend="69" fileid="609" />
                <BranchPoint vc="0" uspid="9599" ordinal="2" offset="113" sl="60" path="0" offsetend="115" fileid="609" />
                <BranchPoint vc="0" uspid="9600" ordinal="3" offset="113" sl="60" path="1" offsetend="128" fileid="609" />
                <BranchPoint vc="0" uspid="9601" ordinal="4" offset="182" sl="65" path="0" offsetend="184" fileid="609" />
                <BranchPoint vc="0" uspid="9602" ordinal="5" offset="182" sl="65" path="1" offsetend="207" fileid="609" />
              </BranchPoints>
              <MethodPoint xsi:type="SequencePoint" vc="0" uspid="9585" ordinal="0" offset="0" sl="51" sc="13" el="51" ec="30" bec="0" bev="0" fileid="609" />
            </Method>
            <Method visited="false" cyclomaticComplexity="3" nPathComplexity="2" sequenceCoverage="0" branchCoverage="0" crapScore="12" isConstructor="false" isStatic="false" isGetter="false" isSetter="false">
              <Summary numSequencePoints="7" visitedSequencePoints="0" numBranchPoints="3" visitedBranchPoints="0" sequenceCoverage="0" branchCoverage="0" maxCyclomaticComplexity="3" minCyclomaticComplexity="3" maxCrapScore="12" minCrapScore="12" visitedClasses="0" numClasses="0" visitedMethods="0" numMethods="1" />
              <MetadataToken>100663317</MetadataToken>
              <Name>System.Void Xunit.Runner.Reporters.AppVeyorReporterMessageHandler::HandleTestStarting(Xunit.MessageHandlerArgs`1&lt;Xunit.Abstractions.ITestStarting&gt;)</Name>
              <FileRef uid="609" />
              <SequencePoints>
                <SequencePoint vc="0" uspid="9603" ordinal="0" offset="0" sl="72" sc="13" el="72" ec="58" bec="0" bev="0" fileid="609" />
                <SequencePoint vc="0" uspid="9604" ordinal="1" offset="17" sl="74" sc="13" el="74" ec="85" bec="0" bev="0" fileid="609" />
                <SequencePoint vc="0" uspid="9605" ordinal="2" offset="55" sl="75" sc="13" el="75" ec="24" bec="0" bev="0" fileid="609" />
                <SequencePoint vc="0" uspid="9606" ordinal="3" offset="67" sl="76" sc="17" el="76" ec="48" bec="2" bev="0" fileid="609" />
                <SequencePoint vc="0" uspid="9607" ordinal="4" offset="76" sl="77" sc="21" el="77" ec="63" bec="0" bev="0" fileid="609" />
                <SequencePoint vc="0" uspid="9608" ordinal="5" offset="112" sl="79" sc="13" el="79" ec="145" bec="0" bev="0" fileid="609" />
                <SequencePoint vc="0" uspid="9609" ordinal="6" offset="179" sl="80" sc="9" el="80" ec="10" bec="0" bev="0" fileid="609" />
              </SequencePoints>
              <BranchPoints>
                <BranchPoint vc="0" uspid="9610" ordinal="0" offset="74" sl="76" path="0" offsetend="76" fileid="609" />
                <BranchPoint vc="0" uspid="9611" ordinal="1" offset="74" sl="76" path="1" offsetend="100" fileid="609" />
              </BranchPoints>
              <MethodPoint xsi:type="SequencePoint" vc="0" uspid="9603" ordinal="0" offset="0" sl="72" sc="13" el="72" ec="58" bec="0" bev="0" fileid="609" />
            </Method>
            <Method visited="false" cyclomaticComplexity="1" nPathComplexity="0" sequenceCoverage="0" branchCoverage="0" crapScore="2" isConstructor="false" isStatic="false" isGetter="false" isSetter="false">
              <Summary numSequencePoints="5" visitedSequencePoints="0" numBranchPoints="1" visitedBranchPoints="0" sequenceCoverage="0" branchCoverage="0" maxCyclomaticComplexity="1" minCyclomaticComplexity="1" maxCrapScore="2" minCrapScore="2" visitedClasses="0" numClasses="0" visitedMethods="0" numMethods="1" />
              <MetadataToken>100663318</MetadataToken>
              <Name>System.Void Xunit.Runner.Reporters.AppVeyorReporterMessageHandler::HandleTestPassed(Xunit.MessageHandlerArgs`1&lt;Xunit.Abstractions.ITestPassed&gt;)</Name>
              <FileRef uid="609" />
              <SequencePoints>
                <SequencePoint vc="0" uspid="9612" ordinal="0" offset="0" sl="84" sc="13" el="84" ec="43" bec="0" bev="0" fileid="609" />
                <SequencePoint vc="0" uspid="9613" ordinal="1" offset="7" sl="85" sc="13" el="85" ec="85" bec="0" bev="0" fileid="609" />
                <SequencePoint vc="0" uspid="9614" ordinal="2" offset="45" sl="87" sc="13" el="88" ec="113" bec="0" bev="0" fileid="609" />
                <SequencePoint vc="0" uspid="9615" ordinal="3" offset="154" sl="90" sc="13" el="90" ec="41" bec="0" bev="0" fileid="609" />
                <SequencePoint vc="0" uspid="9616" ordinal="4" offset="161" sl="91" sc="9" el="91" ec="10" bec="0" bev="0" fileid="609" />
              </SequencePoints>
              <BranchPoints />
              <MethodPoint xsi:type="SequencePoint" vc="0" uspid="9612" ordinal="0" offset="0" sl="84" sc="13" el="84" ec="43" bec="0" bev="0" fileid="609" />
            </Method>
            <Method visited="false" cyclomaticComplexity="1" nPathComplexity="0" sequenceCoverage="0" branchCoverage="0" crapScore="2" isConstructor="false" isStatic="false" isGetter="false" isSetter="false">
              <Summary numSequencePoints="5" visitedSequencePoints="0" numBranchPoints="1" visitedBranchPoints="0" sequenceCoverage="0" branchCoverage="0" maxCyclomaticComplexity="1" minCyclomaticComplexity="1" maxCrapScore="2" minCrapScore="2" visitedClasses="0" numClasses="0" visitedMethods="0" numMethods="1" />
              <MetadataToken>100663319</MetadataToken>
              <Name>System.Void Xunit.Runner.Reporters.AppVeyorReporterMessageHandler::HandleTestSkipped(Xunit.MessageHandlerArgs`1&lt;Xunit.Abstractions.ITestSkipped&gt;)</Name>
              <FileRef uid="609" />
              <SequencePoints>
                <SequencePoint vc="0" uspid="9617" ordinal="0" offset="0" sl="95" sc="13" el="95" ec="44" bec="0" bev="0" fileid="609" />
                <SequencePoint vc="0" uspid="9618" ordinal="1" offset="7" sl="96" sc="13" el="96" ec="85" bec="0" bev="0" fileid="609" />
                <SequencePoint vc="0" uspid="9619" ordinal="2" offset="45" sl="98" sc="13" el="99" ec="101" bec="0" bev="0" fileid="609" />
                <SequencePoint vc="0" uspid="9620" ordinal="3" offset="149" sl="101" sc="13" el="101" ec="42" bec="0" bev="0" fileid="609" />
                <SequencePoint vc="0" uspid="9621" ordinal="4" offset="156" sl="102" sc="9" el="102" ec="10" bec="0" bev="0" fileid="609" />
              </SequencePoints>
              <BranchPoints />
              <MethodPoint xsi:type="SequencePoint" vc="0" uspid="9617" ordinal="0" offset="0" sl="95" sc="13" el="95" ec="44" bec="0" bev="0" fileid="609" />
            </Method>
            <Method visited="false" cyclomaticComplexity="1" nPathComplexity="0" sequenceCoverage="0" branchCoverage="0" crapScore="2" isConstructor="false" isStatic="false" isGetter="false" isSetter="false">
              <Summary numSequencePoints="5" visitedSequencePoints="0" numBranchPoints="1" visitedBranchPoints="0" sequenceCoverage="0" branchCoverage="0" maxCyclomaticComplexity="1" minCyclomaticComplexity="1" maxCrapScore="2" minCrapScore="2" visitedClasses="0" numClasses="0" visitedMethods="0" numMethods="1" />
              <MetadataToken>100663320</MetadataToken>
              <Name>System.Void Xunit.Runner.Reporters.AppVeyorReporterMessageHandler::HandleTestFailed(Xunit.MessageHandlerArgs`1&lt;Xunit.Abstractions.ITestFailed&gt;)</Name>
              <FileRef uid="609" />
              <SequencePoints>
                <SequencePoint vc="0" uspid="9622" ordinal="0" offset="0" sl="106" sc="13" el="106" ec="43" bec="0" bev="0" fileid="609" />
                <SequencePoint vc="0" uspid="9623" ordinal="1" offset="7" sl="108" sc="13" el="108" ec="85" bec="0" bev="0" fileid="609" />
                <SequencePoint vc="0" uspid="9624" ordinal="2" offset="45" sl="109" sc="13" el="111" ec="100" bec="0" bev="0" fileid="609" />
                <SequencePoint vc="0" uspid="9625" ordinal="3" offset="164" sl="113" sc="13" el="113" ec="41" bec="0" bev="0" fileid="609" />
                <SequencePoint vc="0" uspid="9626" ordinal="4" offset="171" sl="114" sc="9" el="114" ec="10" bec="0" bev="0" fileid="609" />
              </SequencePoints>
              <BranchPoints />
              <MethodPoint xsi:type="SequencePoint" vc="0" uspid="9622" ordinal="0" offset="0" sl="106" sc="13" el="106" ec="43" bec="0" bev="0" fileid="609" />
            </Method>
            <Method visited="false" cyclomaticComplexity="3" nPathComplexity="2" sequenceCoverage="0" branchCoverage="0" crapScore="12" isConstructor="false" isStatic="true" isGetter="false" isSetter="false">
              <Summary numSequencePoints="9" visitedSequencePoints="0" numBranchPoints="3" visitedBranchPoints="0" sequenceCoverage="0" branchCoverage="0" maxCyclomaticComplexity="3" minCyclomaticComplexity="3" maxCrapScore="12" minCrapScore="12" visitedClasses="0" numClasses="0" visitedMethods="0" numMethods="1" />
              <MetadataToken>100663321</MetadataToken>
              <Name>System.String Xunit.Runner.Reporters.AppVeyorReporterMessageHandler::GetFinishedTestName(System.String,System.Collections.Generic.Dictionary`2&lt;System.String,System.Int32&gt;)</Name>
              <FileRef uid="609" />
              <SequencePoints>
                <SequencePoint vc="0" uspid="9627" ordinal="0" offset="0" sl="120" sc="13" el="120" ec="31" bec="0" bev="0" fileid="609" />
                <SequencePoint vc="0" uspid="9628" ordinal="1" offset="12" sl="122" sc="17" el="122" ec="43" bec="0" bev="0" fileid="609" />
                <SequencePoint vc="0" uspid="9629" ordinal="2" offset="14" sl="123" sc="17" el="123" ec="32" bec="0" bev="0" fileid="609" />
                <SequencePoint vc="0" uspid="9630" ordinal="3" offset="16" sl="125" sc="17" el="125" ec="57" bec="2" bev="0" fileid="609" />
                <SequencePoint vc="0" uspid="9631" ordinal="4" offset="25" sl="127" sc="21" el="127" ec="54" bec="0" bev="0" fileid="609" />
                <SequencePoint vc="0" uspid="9632" ordinal="5" offset="33" sl="128" sc="21" el="128" ec="57" bec="0" bev="0" fileid="609" />
                <SequencePoint vc="0" uspid="9633" ordinal="6" offset="51" sl="131" sc="17" el="131" ec="54" bec="0" bev="0" fileid="609" />
                <SequencePoint vc="0" uspid="9634" ordinal="7" offset="61" sl="132" sc="17" el="132" ec="33" bec="0" bev="0" fileid="609" />
                <SequencePoint vc="0" uspid="9635" ordinal="8" offset="76" sl="134" sc="9" el="134" ec="10" bec="0" bev="0" fileid="609" />
              </SequencePoints>
              <BranchPoints>
                <BranchPoint vc="0" uspid="9636" ordinal="0" offset="23" sl="125" path="0" offsetend="25" fileid="609" />
                <BranchPoint vc="0" uspid="9637" ordinal="1" offset="23" sl="125" path="1" offsetend="51" fileid="609" />
              </BranchPoints>
              <MethodPoint xsi:type="SequencePoint" vc="0" uspid="9627" ordinal="0" offset="0" sl="120" sc="13" el="120" ec="31" bec="0" bev="0" fileid="609" />
            </Method>
            <Method visited="false" cyclomaticComplexity="1" nPathComplexity="0" sequenceCoverage="0" branchCoverage="0" crapScore="2" isConstructor="false" isStatic="false" isGetter="false" isSetter="false">
              <Summary numSequencePoints="3" visitedSequencePoints="0" numBranchPoints="1" visitedBranchPoints="0" sequenceCoverage="0" branchCoverage="0" maxCyclomaticComplexity="1" minCyclomaticComplexity="1" maxCrapScore="2" minCrapScore="2" visitedClasses="0" numClasses="0" visitedMethods="0" numMethods="1" />
              <MetadataToken>100663322</MetadataToken>
              <Name>System.Void Xunit.Runner.Reporters.AppVeyorReporterMessageHandler::AppVeyorAddTest(System.String,System.String,System.String,System.String,System.Nullable`1&lt;System.Int64&gt;,System.String,System.String,System.String)</Name>
              <FileRef uid="609" />
              <SequencePoints>
                <SequencePoint vc="0" uspid="9638" ordinal="0" offset="0" sl="139" sc="13" el="149" ec="15" bec="0" bev="0" fileid="609" />
                <SequencePoint vc="0" uspid="9639" ordinal="1" offset="117" sl="151" sc="13" el="151" ec="34" bec="0" bev="0" fileid="609" />
                <SequencePoint vc="0" uspid="9640" ordinal="2" offset="129" sl="152" sc="9" el="152" ec="10" bec="0" bev="0" fileid="609" />
              </SequencePoints>
              <BranchPoints />
              <MethodPoint xsi:type="SequencePoint" vc="0" uspid="9638" ordinal="0" offset="0" sl="139" sc="13" el="149" ec="15" bec="0" bev="0" fileid="609" />
            </Method>
            <Method visited="false" cyclomaticComplexity="1" nPathComplexity="0" sequenceCoverage="0" branchCoverage="0" crapScore="2" isConstructor="false" isStatic="false" isGetter="false" isSetter="false">
              <Summary numSequencePoints="3" visitedSequencePoints="0" numBranchPoints="1" visitedBranchPoints="0" sequenceCoverage="0" branchCoverage="0" maxCyclomaticComplexity="1" minCyclomaticComplexity="1" maxCrapScore="2" minCrapScore="2" visitedClasses="0" numClasses="0" visitedMethods="0" numMethods="1" />
              <MetadataToken>100663323</MetadataToken>
              <Name>System.Void Xunit.Runner.Reporters.AppVeyorReporterMessageHandler::AppVeyorUpdateTest(System.String,System.String,System.String,System.String,System.Nullable`1&lt;System.Int64&gt;,System.String,System.String,System.String)</Name>
              <FileRef uid="609" />
              <SequencePoints>
                <SequencePoint vc="0" uspid="9641" ordinal="0" offset="0" sl="157" sc="13" el="167" ec="15" bec="0" bev="0" fileid="609" />
                <SequencePoint vc="0" uspid="9642" ordinal="1" offset="117" sl="169" sc="13" el="169" ec="37" bec="0" bev="0" fileid="609" />
                <SequencePoint vc="0" uspid="9643" ordinal="2" offset="129" sl="170" sc="9" el="170" ec="10" bec="0" bev="0" fileid="609" />
              </SequencePoints>
              <BranchPoints />
              <MethodPoint xsi:type="SequencePoint" vc="0" uspid="9641" ordinal="0" offset="0" sl="157" sc="13" el="167" ec="15" bec="0" bev="0" fileid="609" />
            </Method>
            <Method visited="false" cyclomaticComplexity="3" nPathComplexity="4" sequenceCoverage="0" branchCoverage="0" crapScore="12" isConstructor="false" isStatic="true" isGetter="false" isSetter="false">
              <Summary numSequencePoints="1" visitedSequencePoints="0" numBranchPoints="5" visitedBranchPoints="0" sequenceCoverage="0" branchCoverage="0" maxCyclomaticComplexity="3" minCyclomaticComplexity="3" maxCrapScore="12" minCrapScore="12" visitedClasses="0" numClasses="0" visitedMethods="0" numMethods="1" />
              <MetadataToken>100663324</MetadataToken>
              <Name>System.String Xunit.Runner.Reporters.AppVeyorReporterMessageHandler::TrimStdOut(System.String)</Name>
              <FileRef uid="609" />
              <SequencePoints>
                <SequencePoint vc="0" uspid="9644" ordinal="0" offset="0" sl="173" sc="16" el="173" ec="89" bec="3" bev="0" fileid="609" />
              </SequencePoints>
              <BranchPoints>
                <BranchPoint vc="0" uspid="9645" ordinal="0" offset="1" sl="173" path="0" offsetend="3" fileid="609" />
                <BranchPoint vc="0" uspid="9646" ordinal="1" offset="1" sl="173" path="1" offsetend="16" fileid="609" />
                <BranchPoint vc="0" uspid="9647" ordinal="2" offset="14" sl="173" path="0" offsetend="16" fileid="609" />
                <BranchPoint vc="0" uspid="9648" ordinal="3" offset="14" sl="173" path="1" offsetend="18" fileid="609" />
              </BranchPoints>
              <MethodPoint xsi:type="SequencePoint" vc="0" uspid="9644" ordinal="0" offset="0" sl="173" sc="16" el="173" ec="89" bec="3" bev="0" fileid="609" />
            </Method>
          </Methods>
        </Class>
        <Class>
          <Summary numSequencePoints="77" visitedSequencePoints="0" numBranchPoints="48" visitedBranchPoints="0" sequenceCoverage="0" branchCoverage="0" maxCyclomaticComplexity="9" minCyclomaticComplexity="1" maxCrapScore="90" minCrapScore="2" visitedClasses="0" numClasses="1" visitedMethods="0" numMethods="18" />
          <FullName>Xunit.Runner.Reporters.JsonExtentions</FullName>
          <Methods>
            <Method visited="false" cyclomaticComplexity="3" nPathComplexity="0" sequenceCoverage="0" branchCoverage="0" crapScore="12" isConstructor="false" isStatic="true" isGetter="false" isSetter="false">
              <Summary numSequencePoints="6" visitedSequencePoints="0" numBranchPoints="1" visitedBranchPoints="0" sequenceCoverage="0" branchCoverage="0" maxCyclomaticComplexity="3" minCyclomaticComplexity="3" maxCrapScore="12" minCrapScore="12" visitedClasses="0" numClasses="0" visitedMethods="0" numMethods="1" />
              <MetadataToken>100663325</MetadataToken>
              <Name>System.String Xunit.Runner.Reporters.JsonExtentions::ToJson(System.Collections.Generic.IDictionary`2&lt;System.String,System.Object&gt;)</Name>
              <FileRef uid="610" />
              <SequencePoints>
                <SequencePoint vc="0" uspid="9649" ordinal="0" offset="0" sl="12" sc="13" el="12" ec="42" bec="0" bev="0" fileid="610" />
                <SequencePoint vc="0" uspid="9650" ordinal="1" offset="6" sl="14" sc="33" el="14" ec="37" bec="0" bev="0" fileid="610" />
                <SequencePoint vc="0" uspid="9651" ordinal="2" offset="15" sl="14" sc="22" el="14" ec="29" bec="0" bev="0" fileid="610" />
                <SequencePoint vc="0" uspid="9652" ordinal="3" offset="22" sl="15" sc="17" el="15" ec="50" bec="0" bev="0" fileid="610" />
                <SequencePoint vc="0" uspid="9653" ordinal="4" offset="42" sl="14" sc="30" el="14" ec="32" bec="0" bev="0" fileid="610" />
                <SequencePoint vc="0" uspid="9654" ordinal="5" offset="62" sl="17" sc="13" el="17" ec="46" bec="0" bev="0" fileid="610" />
              </SequencePoints>
              <BranchPoints />
              <MethodPoint xsi:type="SequencePoint" vc="0" uspid="9649" ordinal="0" offset="0" sl="12" sc="13" el="12" ec="42" bec="0" bev="0" fileid="610" />
            </Method>
            <Method visited="false" cyclomaticComplexity="9" nPathComplexity="256" sequenceCoverage="0" branchCoverage="0" crapScore="90" isConstructor="false" isStatic="true" isGetter="false" isSetter="false">
              <Summary numSequencePoints="10" visitedSequencePoints="0" numBranchPoints="17" visitedBranchPoints="0" sequenceCoverage="0" branchCoverage="0" maxCyclomaticComplexity="9" minCyclomaticComplexity="9" maxCrapScore="90" minCrapScore="90" visitedClasses="0" numClasses="0" visitedMethods="0" numMethods="1" />
              <MetadataToken>100663326</MetadataToken>
              <Name>System.Void Xunit.Runner.Reporters.JsonExtentions::AddValue(System.Text.StringBuilder,System.String,System.Object)</Name>
              <FileRef uid="610" />
              <SequencePoints>
                <SequencePoint vc="0" uspid="9657" ordinal="0" offset="0" sl="22" sc="13" el="22" ec="31" bec="2" bev="0" fileid="610" />
                <SequencePoint vc="0" uspid="9658" ordinal="1" offset="3" sl="23" sc="17" el="23" ec="24" bec="0" bev="0" fileid="610" />
                <SequencePoint vc="0" uspid="9659" ordinal="2" offset="4" sl="25" sc="13" el="25" ec="32" bec="2" bev="0" fileid="610" />
                <SequencePoint vc="0" uspid="9660" ordinal="3" offset="12" sl="26" sc="17" el="26" ec="32" bec="0" bev="0" fileid="610" />
                <SequencePoint vc="0" uspid="9661" ordinal="4" offset="21" sl="28" sc="13" el="28" ec="104" bec="6" bev="0" fileid="610" />
                <SequencePoint vc="0" uspid="9662" ordinal="5" offset="61" sl="29" sc="17" el="29" ec="131" bec="0" bev="0" fileid="610" />
                <SequencePoint vc="0" uspid="9663" ordinal="6" offset="86" sl="30" sc="18" el="30" ec="36" bec="2" bev="0" fileid="610" />
                <SequencePoint vc="0" uspid="9664" ordinal="7" offset="94" sl="31" sc="17" el="31" ec="83" bec="0" bev="0" fileid="610" />
                <SequencePoint vc="0" uspid="9665" ordinal="8" offset="119" sl="33" sc="17" el="33" ec="89" bec="0" bev="0" fileid="610" />
                <SequencePoint vc="0" uspid="9666" ordinal="9" offset="143" sl="34" sc="9" el="34" ec="10" bec="0" bev="0" fileid="610" />
              </SequencePoints>
              <BranchPoints>
                <BranchPoint vc="0" uspid="9667" ordinal="0" offset="1" sl="22" path="0" offsetend="3" fileid="610" />
                <BranchPoint vc="0" uspid="9668" ordinal="1" offset="1" sl="22" path="1" offsetend="4" fileid="610" />
                <BranchPoint vc="0" uspid="9669" ordinal="2" offset="10" sl="25" path="0" offsetend="12" fileid="610" />
                <BranchPoint vc="0" uspid="9670" ordinal="3" offset="10" sl="25" path="1" offsetend="21" fileid="610" />
                <BranchPoint vc="0" uspid="9671" ordinal="4" offset="27" sl="28" path="0" offsetend="29" fileid="610" />
                <BranchPoint vc="0" uspid="9672" ordinal="5" offset="27" sl="28" path="1" offsetend="61" fileid="610" />
                <BranchPoint vc="0" uspid="9673" ordinal="6" offset="35" sl="28" path="0" offsetend="37" fileid="610" />
                <BranchPoint vc="0" uspid="9674" ordinal="7" offset="35" sl="28" path="1" offsetend="61" fileid="610" />
                <BranchPoint vc="0" uspid="9675" ordinal="8" offset="43" sl="28" path="0" offsetend="45" fileid="610" />
                <BranchPoint vc="0" uspid="9676" ordinal="9" offset="43" sl="28" path="1" offsetend="61" fileid="610" />
                <BranchPoint vc="0" uspid="9677" ordinal="10" offset="51" sl="28" path="0" offsetend="53" fileid="610" />
                <BranchPoint vc="0" uspid="9678" ordinal="11" offset="51" sl="28" path="1" offsetend="61" fileid="610" />
                <BranchPoint vc="0" uspid="9679" ordinal="12" offset="59" sl="28" path="0" offsetend="61" fileid="610" />
                <BranchPoint vc="0" uspid="9680" ordinal="13" offset="59" sl="28" path="1" offsetend="86" fileid="610" />
                <BranchPoint vc="0" uspid="9681" ordinal="14" offset="92" sl="30" path="0" offsetend="94" fileid="610" />
                <BranchPoint vc="0" uspid="9682" ordinal="15" offset="92" sl="30" path="1" offsetend="119" fileid="610" />
              </BranchPoints>
              <MethodPoint xsi:type="SequencePoint" vc="0" uspid="9657" ordinal="0" offset="0" sl="22" sc="13" el="22" ec="31" bec="2" bev="0" fileid="610" />
            </Method>
            <Method visited="false" cyclomaticComplexity="8" nPathComplexity="48" sequenceCoverage="0" branchCoverage="0" crapScore="72" isConstructor="false" isStatic="true" isGetter="false" isSetter="false">
              <Summary numSequencePoints="19" visitedSequencePoints="0" numBranchPoints="13" visitedBranchPoints="0" sequenceCoverage="0" branchCoverage="0" maxCyclomaticComplexity="8" minCyclomaticComplexity="8" maxCrapScore="72" minCrapScore="72" visitedClasses="0" numClasses="0" visitedMethods="0" numMethods="1" />
              <MetadataToken>100663327</MetadataToken>
              <Name>System.String Xunit.Runner.Reporters.JsonExtentions::JsonEscape(System.String)</Name>
              <FileRef uid="610" />
              <SequencePoints>
                <SequencePoint vc="0" uspid="9683" ordinal="0" offset="0" sl="38" sc="13" el="38" ec="42" bec="0" bev="0" fileid="610" />
                <SequencePoint vc="0" uspid="9684" ordinal="1" offset="6" sl="40" sc="31" el="40" ec="36" bec="0" bev="0" fileid="610" />
                <SequencePoint vc="0" uspid="9685" ordinal="2" offset="15" sl="40" sc="22" el="40" ec="27" bec="0" bev="0" fileid="610" />
                <SequencePoint vc="0" uspid="9686" ordinal="3" offset="23" sl="41" sc="17" el="41" ec="27" bec="8" bev="0" fileid="610" />
                <SequencePoint vc="0" uspid="9687" ordinal="4" offset="62" sl="43" sc="32" el="43" ec="50" bec="0" bev="0" fileid="610" />
                <SequencePoint vc="0" uspid="9688" ordinal="5" offset="74" sl="43" sc="51" el="43" ec="57" bec="0" bev="0" fileid="610" />
                <SequencePoint vc="0" uspid="9689" ordinal="6" offset="76" sl="44" sc="31" el="44" ec="49" bec="0" bev="0" fileid="610" />
                <SequencePoint vc="0" uspid="9690" ordinal="7" offset="88" sl="44" sc="50" el="44" ec="56" bec="0" bev="0" fileid="610" />
                <SequencePoint vc="0" uspid="9691" ordinal="8" offset="90" sl="45" sc="32" el="45" ec="49" bec="0" bev="0" fileid="610" />
                <SequencePoint vc="0" uspid="9692" ordinal="9" offset="102" sl="45" sc="50" el="45" ec="56" bec="0" bev="0" fileid="610" />
                <SequencePoint vc="0" uspid="9693" ordinal="10" offset="104" sl="46" sc="32" el="46" ec="49" bec="0" bev="0" fileid="610" />
                <SequencePoint vc="0" uspid="9694" ordinal="11" offset="116" sl="46" sc="50" el="46" ec="56" bec="0" bev="0" fileid="610" />
                <SequencePoint vc="0" uspid="9695" ordinal="12" offset="118" sl="47" sc="32" el="47" ec="49" bec="0" bev="0" fileid="610" />
                <SequencePoint vc="0" uspid="9696" ordinal="13" offset="130" sl="47" sc="50" el="47" ec="56" bec="0" bev="0" fileid="610" />
                <SequencePoint vc="0" uspid="9697" ordinal="14" offset="132" sl="49" sc="25" el="49" ec="36" bec="2" bev="0" fileid="610" />
                <SequencePoint vc="0" uspid="9698" ordinal="15" offset="137" sl="50" sc="29" el="50" ec="66" bec="0" bev="0" fileid="610" />
                <SequencePoint vc="0" uspid="9699" ordinal="16" offset="157" sl="52" sc="29" el="52" ec="42" bec="0" bev="0" fileid="610" />
                <SequencePoint vc="0" uspid="9700" ordinal="17" offset="169" sl="40" sc="28" el="40" ec="30" bec="0" bev="0" fileid="610" />
                <SequencePoint vc="0" uspid="9701" ordinal="18" offset="181" sl="56" sc="13" el="56" ec="34" bec="0" bev="0" fileid="610" />
              </SequencePoints>
              <BranchPoints>
                <BranchPoint vc="0" uspid="9702" ordinal="0" offset="27" sl="41" path="0" offsetend="52" fileid="610" />
                <BranchPoint vc="0" uspid="9703" ordinal="1" offset="27" sl="41" path="1" offsetend="90" fileid="610" />
                <BranchPoint vc="0" uspid="9704" ordinal="2" offset="27" sl="41" path="2" offsetend="118" fileid="610" />
                <BranchPoint vc="0" uspid="9705" ordinal="3" offset="27" sl="41" path="3" offsetend="132" fileid="610" />
                <BranchPoint vc="0" uspid="9706" ordinal="4" offset="27" sl="41" path="4" offsetend="132" fileid="610" />
                <BranchPoint vc="0" uspid="9707" ordinal="5" offset="27" sl="41" path="5" offsetend="104" fileid="610" />
                <BranchPoint vc="0" uspid="9708" ordinal="6" offset="55" sl="41" path="0" offsetend="57" fileid="610" />
                <BranchPoint vc="0" uspid="9709" ordinal="7" offset="55" sl="41" path="1" offsetend="76" fileid="610" />
                <BranchPoint vc="0" uspid="9710" ordinal="8" offset="60" sl="41" path="0" offsetend="62" fileid="610" />
                <BranchPoint vc="0" uspid="9711" ordinal="9" offset="60" sl="41" path="1" offsetend="132" fileid="610" />
                <BranchPoint vc="0" uspid="9712" ordinal="10" offset="135" sl="49" path="0" offsetend="137" fileid="610" />
                <BranchPoint vc="0" uspid="9713" ordinal="11" offset="135" sl="49" path="1" offsetend="157" fileid="610" />
              </BranchPoints>
              <MethodPoint xsi:type="SequencePoint" vc="0" uspid="9683" ordinal="0" offset="0" sl="38" sc="13" el="38" ec="42" bec="0" bev="0" fileid="610" />
            </Method>
            <Method visited="false" cyclomaticComplexity="3" nPathComplexity="2" sequenceCoverage="0" branchCoverage="0" crapScore="12" isConstructor="false" isStatic="true" isGetter="false" isSetter="false">
              <Summary numSequencePoints="9" visitedSequencePoints="0" numBranchPoints="3" visitedBranchPoints="0" sequenceCoverage="0" branchCoverage="0" maxCyclomaticComplexity="3" minCyclomaticComplexity="3" maxCrapScore="12" minCrapScore="12" visitedClasses="0" numClasses="0" visitedMethods="0" numMethods="1" />
              <MetadataToken>100663328</MetadataToken>
              <Name>System.Collections.Generic.Dictionary`2&lt;System.String,System.Object&gt; Xunit.Runner.Reporters.JsonExtentions::initObject(System.String,System.Object,System.Type,System.String)</Name>
              <FileRef uid="610" />
              <SequencePoints>
                <SequencePoint vc="0" uspid="9716" ordinal="0" offset="0" sl="134" sc="13" el="134" ec="104" bec="0" bev="0" fileid="610" />
                <SequencePoint vc="0" uspid="9717" ordinal="1" offset="30" sl="136" sc="13" el="136" ec="86" bec="0" bev="0" fileid="610" />
                <SequencePoint vc="0" uspid="9718" ordinal="2" offset="48" sl="137" sc="13" el="137" ec="32" bec="2" bev="0" fileid="610" />
                <SequencePoint vc="0" uspid="9719" ordinal="3" offset="51" sl="138" sc="17" el="138" ec="41" bec="0" bev="0" fileid="610" />
                <SequencePoint vc="0" uspid="9720" ordinal="4" offset="63" sl="140" sc="35" el="140" ec="65" bec="0" bev="0" fileid="610" />
                <SequencePoint vc="0" uspid="9721" ordinal="5" offset="82" sl="140" sc="22" el="140" ec="31" bec="0" bev="0" fileid="610" />
                <SequencePoint vc="0" uspid="9722" ordinal="6" offset="89" sl="141" sc="17" el="141" ec="38" bec="0" bev="0" fileid="610" />
                <SequencePoint vc="0" uspid="9723" ordinal="7" offset="96" sl="140" sc="32" el="140" ec="34" bec="0" bev="0" fileid="610" />
                <SequencePoint vc="0" uspid="9724" ordinal="8" offset="121" sl="143" sc="13" el="143" ec="25" bec="0" bev="0" fileid="610" />
              </SequencePoints>
              <BranchPoints>
                <BranchPoint vc="0" uspid="9725" ordinal="0" offset="49" sl="137" path="0" offsetend="51" fileid="610" />
                <BranchPoint vc="0" uspid="9726" ordinal="1" offset="49" sl="137" path="1" offsetend="63" fileid="610" />
              </BranchPoints>
              <MethodPoint xsi:type="SequencePoint" vc="0" uspid="9716" ordinal="0" offset="0" sl="134" sc="13" el="134" ec="104" bec="0" bev="0" fileid="610" />
            </Method>
            <Method visited="false" cyclomaticComplexity="1" nPathComplexity="0" sequenceCoverage="0" branchCoverage="0" crapScore="2" isConstructor="false" isStatic="true" isGetter="false" isSetter="false">
              <Summary numSequencePoints="2" visitedSequencePoints="0" numBranchPoints="1" visitedBranchPoints="0" sequenceCoverage="0" branchCoverage="0" maxCyclomaticComplexity="1" minCyclomaticComplexity="1" maxCrapScore="2" minCrapScore="2" visitedClasses="0" numClasses="0" visitedMethods="0" numMethods="1" />
              <MetadataToken>100663329</MetadataToken>
              <Name>System.String Xunit.Runner.Reporters.JsonExtentions::ToJson(Xunit.Abstractions.ITestCollectionStarting,System.String)</Name>
              <FileRef uid="610" />
              <SequencePoints>
                <SequencePoint vc="0" uspid="9729" ordinal="0" offset="0" sl="150" sc="13" el="150" ec="126" bec="0" bev="0" fileid="610" />
                <SequencePoint vc="0" uspid="9730" ordinal="1" offset="22" sl="152" sc="13" el="152" ec="33" bec="0" bev="0" fileid="610" />
              </SequencePoints>
              <BranchPoints />
              <MethodPoint xsi:type="SequencePoint" vc="0" uspid="9729" ordinal="0" offset="0" sl="150" sc="13" el="150" ec="126" bec="0" bev="0" fileid="610" />
            </Method>
            <Method visited="false" cyclomaticComplexity="1" nPathComplexity="0" sequenceCoverage="0" branchCoverage="0" crapScore="2" isConstructor="false" isStatic="true" isGetter="false" isSetter="false">
              <Summary numSequencePoints="2" visitedSequencePoints="0" numBranchPoints="1" visitedBranchPoints="0" sequenceCoverage="0" branchCoverage="0" maxCyclomaticComplexity="1" minCyclomaticComplexity="1" maxCrapScore="2" minCrapScore="2" visitedClasses="0" numClasses="0" visitedMethods="0" numMethods="1" />
              <MetadataToken>100663330</MetadataToken>
              <Name>System.String Xunit.Runner.Reporters.JsonExtentions::ToJson(Xunit.Abstractions.ITestCollectionFinished,System.String)</Name>
              <FileRef uid="610" />
              <SequencePoints>
                <SequencePoint vc="0" uspid="9731" ordinal="0" offset="0" sl="157" sc="13" el="157" ec="126" bec="0" bev="0" fileid="610" />
                <SequencePoint vc="0" uspid="9732" ordinal="1" offset="22" sl="159" sc="13" el="159" ec="33" bec="0" bev="0" fileid="610" />
              </SequencePoints>
              <BranchPoints />
              <MethodPoint xsi:type="SequencePoint" vc="0" uspid="9731" ordinal="0" offset="0" sl="157" sc="13" el="157" ec="126" bec="0" bev="0" fileid="610" />
            </Method>
            <Method visited="false" cyclomaticComplexity="1" nPathComplexity="0" sequenceCoverage="0" branchCoverage="0" crapScore="2" isConstructor="false" isStatic="true" isGetter="false" isSetter="false">
              <Summary numSequencePoints="2" visitedSequencePoints="0" numBranchPoints="1" visitedBranchPoints="0" sequenceCoverage="0" branchCoverage="0" maxCyclomaticComplexity="1" minCyclomaticComplexity="1" maxCrapScore="2" minCrapScore="2" visitedClasses="0" numClasses="0" visitedMethods="0" numMethods="1" />
              <MetadataToken>100663331</MetadataToken>
              <Name>System.String Xunit.Runner.Reporters.JsonExtentions::ToJson(Xunit.Abstractions.ITestFailed,System.String)</Name>
              <FileRef uid="610" />
              <SequencePoints>
                <SequencePoint vc="0" uspid="9733" ordinal="0" offset="0" sl="164" sc="13" el="164" ec="90" bec="0" bev="0" fileid="610" />
                <SequencePoint vc="0" uspid="9734" ordinal="1" offset="22" sl="166" sc="13" el="166" ec="33" bec="0" bev="0" fileid="610" />
              </SequencePoints>
              <BranchPoints />
              <MethodPoint xsi:type="SequencePoint" vc="0" uspid="9733" ordinal="0" offset="0" sl="164" sc="13" el="164" ec="90" bec="0" bev="0" fileid="610" />
            </Method>
            <Method visited="false" cyclomaticComplexity="1" nPathComplexity="0" sequenceCoverage="0" branchCoverage="0" crapScore="2" isConstructor="false" isStatic="true" isGetter="false" isSetter="false">
              <Summary numSequencePoints="3" visitedSequencePoints="0" numBranchPoints="1" visitedBranchPoints="0" sequenceCoverage="0" branchCoverage="0" maxCyclomaticComplexity="1" minCyclomaticComplexity="1" maxCrapScore="2" minCrapScore="2" visitedClasses="0" numClasses="0" visitedMethods="0" numMethods="1" />
              <MetadataToken>100663332</MetadataToken>
              <Name>System.String Xunit.Runner.Reporters.JsonExtentions::ToJson(Xunit.Abstractions.ITestSkipped,System.String)</Name>
              <FileRef uid="610" />
              <SequencePoints>
                <SequencePoint vc="0" uspid="9735" ordinal="0" offset="0" sl="171" sc="13" el="171" ec="93" bec="0" bev="0" fileid="610" />
                <SequencePoint vc="0" uspid="9736" ordinal="1" offset="22" sl="172" sc="13" el="172" ec="49" bec="0" bev="0" fileid="610" />
                <SequencePoint vc="0" uspid="9737" ordinal="2" offset="39" sl="173" sc="13" el="173" ec="33" bec="0" bev="0" fileid="610" />
              </SequencePoints>
              <BranchPoints />
              <MethodPoint xsi:type="SequencePoint" vc="0" uspid="9735" ordinal="0" offset="0" sl="171" sc="13" el="171" ec="93" bec="0" bev="0" fileid="610" />
            </Method>
            <Method visited="false" cyclomaticComplexity="1" nPathComplexity="0" sequenceCoverage="0" branchCoverage="0" crapScore="2" isConstructor="false" isStatic="true" isGetter="false" isSetter="false">
              <Summary numSequencePoints="2" visitedSequencePoints="0" numBranchPoints="1" visitedBranchPoints="0" sequenceCoverage="0" branchCoverage="0" maxCyclomaticComplexity="1" minCyclomaticComplexity="1" maxCrapScore="2" minCrapScore="2" visitedClasses="0" numClasses="0" visitedMethods="0" numMethods="1" />
              <MetadataToken>100663333</MetadataToken>
              <Name>System.String Xunit.Runner.Reporters.JsonExtentions::ToJson(Xunit.Abstractions.ITestStarting,System.String)</Name>
              <FileRef uid="610" />
              <SequencePoints>
                <SequencePoint vc="0" uspid="9738" ordinal="0" offset="0" sl="178" sc="13" el="178" ec="96" bec="0" bev="0" fileid="610" />
                <SequencePoint vc="0" uspid="9739" ordinal="1" offset="22" sl="180" sc="13" el="180" ec="33" bec="0" bev="0" fileid="610" />
              </SequencePoints>
              <BranchPoints />
              <MethodPoint xsi:type="SequencePoint" vc="0" uspid="9738" ordinal="0" offset="0" sl="178" sc="13" el="178" ec="96" bec="0" bev="0" fileid="610" />
            </Method>
            <Method visited="false" cyclomaticComplexity="1" nPathComplexity="0" sequenceCoverage="0" branchCoverage="0" crapScore="2" isConstructor="false" isStatic="true" isGetter="false" isSetter="false">
              <Summary numSequencePoints="2" visitedSequencePoints="0" numBranchPoints="1" visitedBranchPoints="0" sequenceCoverage="0" branchCoverage="0" maxCyclomaticComplexity="1" minCyclomaticComplexity="1" maxCrapScore="2" minCrapScore="2" visitedClasses="0" numClasses="0" visitedMethods="0" numMethods="1" />
              <MetadataToken>100663334</MetadataToken>
              <Name>System.String Xunit.Runner.Reporters.JsonExtentions::ToJson(Xunit.Abstractions.IErrorMessage)</Name>
              <FileRef uid="610" />
              <SequencePoints>
                <SequencePoint vc="0" uspid="9740" ordinal="0" offset="0" sl="185" sc="13" el="185" ec="86" bec="0" bev="0" fileid="610" />
                <SequencePoint vc="0" uspid="9741" ordinal="1" offset="22" sl="187" sc="13" el="187" ec="33" bec="0" bev="0" fileid="610" />
              </SequencePoints>
              <BranchPoints />
              <MethodPoint xsi:type="SequencePoint" vc="0" uspid="9740" ordinal="0" offset="0" sl="185" sc="13" el="185" ec="86" bec="0" bev="0" fileid="610" />
            </Method>
            <Method visited="false" cyclomaticComplexity="1" nPathComplexity="0" sequenceCoverage="0" branchCoverage="0" crapScore="2" isConstructor="false" isStatic="true" isGetter="false" isSetter="false">
              <Summary numSequencePoints="2" visitedSequencePoints="0" numBranchPoints="1" visitedBranchPoints="0" sequenceCoverage="0" branchCoverage="0" maxCyclomaticComplexity="1" minCyclomaticComplexity="1" maxCrapScore="2" minCrapScore="2" visitedClasses="0" numClasses="0" visitedMethods="0" numMethods="1" />
              <MetadataToken>100663335</MetadataToken>
              <Name>System.String Xunit.Runner.Reporters.JsonExtentions::ToJson(Xunit.Abstractions.ITestPassed,System.String)</Name>
              <FileRef uid="610" />
              <SequencePoints>
                <SequencePoint vc="0" uspid="9742" ordinal="0" offset="0" sl="192" sc="13" el="192" ec="90" bec="0" bev="0" fileid="610" />
                <SequencePoint vc="0" uspid="9743" ordinal="1" offset="22" sl="194" sc="13" el="194" ec="33" bec="0" bev="0" fileid="610" />
              </SequencePoints>
              <BranchPoints />
              <MethodPoint xsi:type="SequencePoint" vc="0" uspid="9742" ordinal="0" offset="0" sl="192" sc="13" el="192" ec="90" bec="0" bev="0" fileid="610" />
            </Method>
            <Method visited="false" cyclomaticComplexity="1" nPathComplexity="0" sequenceCoverage="0" branchCoverage="0" crapScore="2" isConstructor="false" isStatic="true" isGetter="false" isSetter="false">
              <Summary numSequencePoints="2" visitedSequencePoints="0" numBranchPoints="1" visitedBranchPoints="0" sequenceCoverage="0" branchCoverage="0" maxCyclomaticComplexity="1" minCyclomaticComplexity="1" maxCrapScore="2" minCrapScore="2" visitedClasses="0" numClasses="0" visitedMethods="0" numMethods="1" />
              <MetadataToken>100663336</MetadataToken>
              <Name>System.String Xunit.Runner.Reporters.JsonExtentions::ToJson(Xunit.Abstractions.ITestMethodCleanupFailure)</Name>
              <FileRef uid="610" />
              <SequencePoints>
                <SequencePoint vc="0" uspid="9744" ordinal="0" offset="0" sl="199" sc="13" el="199" ec="125" bec="0" bev="0" fileid="610" />
                <SequencePoint vc="0" uspid="9745" ordinal="1" offset="22" sl="201" sc="13" el="201" ec="33" bec="0" bev="0" fileid="610" />
              </SequencePoints>
              <BranchPoints />
              <MethodPoint xsi:type="SequencePoint" vc="0" uspid="9744" ordinal="0" offset="0" sl="199" sc="13" el="199" ec="125" bec="0" bev="0" fileid="610" />
            </Method>
            <Method visited="false" cyclomaticComplexity="1" nPathComplexity="0" sequenceCoverage="0" branchCoverage="0" crapScore="2" isConstructor="false" isStatic="true" isGetter="false" isSetter="false">
              <Summary numSequencePoints="2" visitedSequencePoints="0" numBranchPoints="1" visitedBranchPoints="0" sequenceCoverage="0" branchCoverage="0" maxCyclomaticComplexity="1" minCyclomaticComplexity="1" maxCrapScore="2" minCrapScore="2" visitedClasses="0" numClasses="0" visitedMethods="0" numMethods="1" />
              <MetadataToken>100663337</MetadataToken>
              <Name>System.String Xunit.Runner.Reporters.JsonExtentions::ToJson(Xunit.Abstractions.ITestCleanupFailure)</Name>
              <FileRef uid="610" />
              <SequencePoints>
                <SequencePoint vc="0" uspid="9746" ordinal="0" offset="0" sl="206" sc="13" el="206" ec="106" bec="0" bev="0" fileid="610" />
                <SequencePoint vc="0" uspid="9747" ordinal="1" offset="22" sl="208" sc="13" el="208" ec="33" bec="0" bev="0" fileid="610" />
              </SequencePoints>
              <BranchPoints />
              <MethodPoint xsi:type="SequencePoint" vc="0" uspid="9746" ordinal="0" offset="0" sl="206" sc="13" el="206" ec="106" bec="0" bev="0" fileid="610" />
            </Method>
            <Method visited="false" cyclomaticComplexity="1" nPathComplexity="0" sequenceCoverage="0" branchCoverage="0" crapScore="2" isConstructor="false" isStatic="true" isGetter="false" isSetter="false">
              <Summary numSequencePoints="2" visitedSequencePoints="0" numBranchPoints="1" visitedBranchPoints="0" sequenceCoverage="0" branchCoverage="0" maxCyclomaticComplexity="1" minCyclomaticComplexity="1" maxCrapScore="2" minCrapScore="2" visitedClasses="0" numClasses="0" visitedMethods="0" numMethods="1" />
              <MetadataToken>100663338</MetadataToken>
              <Name>System.String Xunit.Runner.Reporters.JsonExtentions::ToJson(Xunit.Abstractions.ITestCollectionCleanupFailure)</Name>
              <FileRef uid="610" />
              <SequencePoints>
                <SequencePoint vc="0" uspid="9748" ordinal="0" offset="0" sl="213" sc="13" el="213" ec="136" bec="0" bev="0" fileid="610" />
                <SequencePoint vc="0" uspid="9749" ordinal="1" offset="22" sl="215" sc="13" el="215" ec="33" bec="0" bev="0" fileid="610" />
              </SequencePoints>
              <BranchPoints />
              <MethodPoint xsi:type="SequencePoint" vc="0" uspid="9748" ordinal="0" offset="0" sl="213" sc="13" el="213" ec="136" bec="0" bev="0" fileid="610" />
            </Method>
            <Method visited="false" cyclomaticComplexity="1" nPathComplexity="0" sequenceCoverage="0" branchCoverage="0" crapScore="2" isConstructor="false" isStatic="true" isGetter="false" isSetter="false">
              <Summary numSequencePoints="2" visitedSequencePoints="0" numBranchPoints="1" visitedBranchPoints="0" sequenceCoverage="0" branchCoverage="0" maxCyclomaticComplexity="1" minCyclomaticComplexity="1" maxCrapScore="2" minCrapScore="2" visitedClasses="0" numClasses="0" visitedMethods="0" numMethods="1" />
              <MetadataToken>100663339</MetadataToken>
              <Name>System.String Xunit.Runner.Reporters.JsonExtentions::ToJson(Xunit.Abstractions.ITestClassCleanupFailure)</Name>
              <FileRef uid="610" />
              <SequencePoints>
                <SequencePoint vc="0" uspid="9750" ordinal="0" offset="0" sl="220" sc="13" el="220" ec="121" bec="0" bev="0" fileid="610" />
                <SequencePoint vc="0" uspid="9751" ordinal="1" offset="22" sl="222" sc="13" el="222" ec="33" bec="0" bev="0" fileid="610" />
              </SequencePoints>
              <BranchPoints />
              <MethodPoint xsi:type="SequencePoint" vc="0" uspid="9750" ordinal="0" offset="0" sl="220" sc="13" el="220" ec="121" bec="0" bev="0" fileid="610" />
            </Method>
            <Method visited="false" cyclomaticComplexity="1" nPathComplexity="0" sequenceCoverage="0" branchCoverage="0" crapScore="2" isConstructor="false" isStatic="true" isGetter="false" isSetter="false">
              <Summary numSequencePoints="2" visitedSequencePoints="0" numBranchPoints="1" visitedBranchPoints="0" sequenceCoverage="0" branchCoverage="0" maxCyclomaticComplexity="1" minCyclomaticComplexity="1" maxCrapScore="2" minCrapScore="2" visitedClasses="0" numClasses="0" visitedMethods="0" numMethods="1" />
              <MetadataToken>100663340</MetadataToken>
              <Name>System.String Xunit.Runner.Reporters.JsonExtentions::ToJson(Xunit.Abstractions.ITestAssemblyCleanupFailure)</Name>
              <FileRef uid="610" />
              <SequencePoints>
                <SequencePoint vc="0" uspid="9752" ordinal="0" offset="0" sl="227" sc="13" el="227" ec="130" bec="0" bev="0" fileid="610" />
                <SequencePoint vc="0" uspid="9753" ordinal="1" offset="22" sl="229" sc="13" el="229" ec="33" bec="0" bev="0" fileid="610" />
              </SequencePoints>
              <BranchPoints />
              <MethodPoint xsi:type="SequencePoint" vc="0" uspid="9752" ordinal="0" offset="0" sl="227" sc="13" el="227" ec="130" bec="0" bev="0" fileid="610" />
            </Method>
            <Method visited="false" cyclomaticComplexity="1" nPathComplexity="0" sequenceCoverage="0" branchCoverage="0" crapScore="2" isConstructor="false" isStatic="true" isGetter="false" isSetter="false">
              <Summary numSequencePoints="2" visitedSequencePoints="0" numBranchPoints="1" visitedBranchPoints="0" sequenceCoverage="0" branchCoverage="0" maxCyclomaticComplexity="1" minCyclomaticComplexity="1" maxCrapScore="2" minCrapScore="2" visitedClasses="0" numClasses="0" visitedMethods="0" numMethods="1" />
              <MetadataToken>100663341</MetadataToken>
              <Name>System.String Xunit.Runner.Reporters.JsonExtentions::ToJson(Xunit.Abstractions.ITestCaseCleanupFailure)</Name>
              <FileRef uid="610" />
              <SequencePoints>
                <SequencePoint vc="0" uspid="9754" ordinal="0" offset="0" sl="234" sc="13" el="234" ec="126" bec="0" bev="0" fileid="610" />
                <SequencePoint vc="0" uspid="9755" ordinal="1" offset="22" sl="236" sc="13" el="236" ec="33" bec="0" bev="0" fileid="610" />
              </SequencePoints>
              <BranchPoints />
              <MethodPoint xsi:type="SequencePoint" vc="0" uspid="9754" ordinal="0" offset="0" sl="234" sc="13" el="234" ec="126" bec="0" bev="0" fileid="610" />
            </Method>
            <Method visited="false" cyclomaticComplexity="1" nPathComplexity="0" sequenceCoverage="0" branchCoverage="0" crapScore="2" isConstructor="true" isStatic="true" isGetter="false" isSetter="false">
              <Summary numSequencePoints="6" visitedSequencePoints="0" numBranchPoints="1" visitedBranchPoints="0" sequenceCoverage="0" branchCoverage="0" maxCyclomaticComplexity="1" minCyclomaticComplexity="1" maxCrapScore="2" minCrapScore="2" visitedClasses="0" numClasses="0" visitedMethods="0" numMethods="1" />
              <MetadataToken>100663342</MetadataToken>
              <Name>System.Void Xunit.Runner.Reporters.JsonExtentions::.cctor()</Name>
              <FileRef uid="610" />
              <SequencePoints>
                <SequencePoint vc="0" uspid="9756" ordinal="0" offset="0" sl="63" sc="9" el="72" ec="11" bec="0" bev="0" fileid="610" />
                <SequencePoint vc="0" uspid="9757" ordinal="1" offset="21" sl="74" sc="9" el="84" ec="11" bec="0" bev="0" fileid="610" />
                <SequencePoint vc="0" uspid="9758" ordinal="2" offset="42" sl="86" sc="9" el="94" ec="11" bec="0" bev="0" fileid="610" />
                <SequencePoint vc="0" uspid="9759" ordinal="3" offset="63" sl="96" sc="9" el="103" ec="11" bec="0" bev="0" fileid="610" />
                <SequencePoint vc="0" uspid="9760" ordinal="4" offset="84" sl="105" sc="9" el="113" ec="11" bec="0" bev="0" fileid="610" />
                <SequencePoint vc="0" uspid="9761" ordinal="5" offset="105" sl="115" sc="9" el="130" ec="11" bec="0" bev="0" fileid="610" />
              </SequencePoints>
              <BranchPoints />
              <MethodPoint xsi:type="SequencePoint" vc="0" uspid="9756" ordinal="0" offset="0" sl="63" sc="9" el="72" ec="11" bec="0" bev="0" fileid="610" />
            </Method>
          </Methods>
        </Class>
        <Class skippedDueTo="Delegate">
          <FullName>Xunit.Runner.Reporters.JsonExtentions/AddFields</FullName>
          <Methods />
        </Class>
        <Class>
          <Summary numSequencePoints="32" visitedSequencePoints="0" numBranchPoints="15" visitedBranchPoints="0" sequenceCoverage="0" branchCoverage="0" maxCyclomaticComplexity="2" minCyclomaticComplexity="1" maxCrapScore="6" minCrapScore="2" visitedClasses="0" numClasses="1" visitedMethods="0" numMethods="5" />
          <FullName>Xunit.Runner.Reporters.JsonExtentions/&lt;&gt;c</FullName>
          <Methods>
            <Method visited="false" cyclomaticComplexity="1" nPathComplexity="0" sequenceCoverage="0" branchCoverage="0" crapScore="2" isConstructor="true" isStatic="true" isGetter="false" isSetter="false">
              <Summary numSequencePoints="0" visitedSequencePoints="0" numBranchPoints="0" visitedBranchPoints="0" sequenceCoverage="0" branchCoverage="0" maxCyclomaticComplexity="1" minCyclomaticComplexity="1" maxCrapScore="2" minCrapScore="2" visitedClasses="0" numClasses="0" visitedMethods="0" numMethods="0" />
              <MetadataToken>100663406</MetadataToken>
              <Name>System.Void Xunit.Runner.Reporters.JsonExtentions/&lt;&gt;c::.cctor()</Name>
              <SequencePoints />
              <BranchPoints />
              <MethodPoint vc="0" uspid="9762" ordinal="0" offset="0" />
            </Method>
            <Method visited="false" cyclomaticComplexity="1" nPathComplexity="0" sequenceCoverage="0" branchCoverage="0" crapScore="2" isConstructor="true" isStatic="false" isGetter="false" isSetter="false">
              <Summary numSequencePoints="0" visitedSequencePoints="0" numBranchPoints="0" visitedBranchPoints="0" sequenceCoverage="0" branchCoverage="0" maxCyclomaticComplexity="1" minCyclomaticComplexity="1" maxCrapScore="2" minCrapScore="2" visitedClasses="0" numClasses="0" visitedMethods="0" numMethods="0" />
              <MetadataToken>100663407</MetadataToken>
              <Name>System.Void Xunit.Runner.Reporters.JsonExtentions/&lt;&gt;c::.ctor()</Name>
              <SequencePoints />
              <BranchPoints />
              <MethodPoint vc="0" uspid="9763" ordinal="0" offset="0" />
            </Method>
            <Method visited="false" cyclomaticComplexity="2" nPathComplexity="2" sequenceCoverage="0" branchCoverage="0" crapScore="6" isConstructor="false" isStatic="false" isGetter="false" isSetter="false">
              <Summary numSequencePoints="7" visitedSequencePoints="0" numBranchPoints="3" visitedBranchPoints="0" sequenceCoverage="0" branchCoverage="0" maxCyclomaticComplexity="2" minCyclomaticComplexity="2" maxCrapScore="6" minCrapScore="6" visitedClasses="0" numClasses="0" visitedMethods="0" numMethods="1" />
              <MetadataToken>100663408</MetadataToken>
              <Name>System.Void Xunit.Runner.Reporters.JsonExtentions/&lt;&gt;c::&lt;.cctor&gt;b__24_0(System.Object,System.Collections.Generic.Dictionary`2&lt;System.String,System.Object&gt;)</Name>
              <FileRef uid="610" />
              <SequencePoints>
                <SequencePoint vc="0" uspid="9764" ordinal="0" offset="0" sl="65" sc="13" el="65" ec="70" bec="0" bev="0" fileid="610" />
                <SequencePoint vc="0" uspid="9765" ordinal="1" offset="7" sl="66" sc="13" el="66" ec="46" bec="2" bev="0" fileid="610" />
                <SequencePoint vc="0" uspid="9766" ordinal="2" offset="10" sl="67" sc="17" el="67" ec="24" bec="0" bev="0" fileid="610" />
                <SequencePoint vc="0" uspid="9767" ordinal="3" offset="11" sl="69" sc="13" el="69" ec="80" bec="0" bev="0" fileid="610" />
                <SequencePoint vc="0" uspid="9768" ordinal="4" offset="38" sl="70" sc="13" el="70" ec="86" bec="0" bev="0" fileid="610" />
                <SequencePoint vc="0" uspid="9769" ordinal="5" offset="60" sl="71" sc="13" el="71" ec="81" bec="0" bev="0" fileid="610" />
                <SequencePoint vc="0" uspid="9770" ordinal="6" offset="87" sl="72" sc="9" el="72" ec="10" bec="0" bev="0" fileid="610" />
              </SequencePoints>
              <BranchPoints>
                <BranchPoint vc="0" uspid="9771" ordinal="0" offset="8" sl="66" path="0" offsetend="10" fileid="610" />
                <BranchPoint vc="0" uspid="9772" ordinal="1" offset="8" sl="66" path="1" offsetend="11" fileid="610" />
              </BranchPoints>
              <MethodPoint xsi:type="SequencePoint" vc="0" uspid="9764" ordinal="0" offset="0" sl="65" sc="13" el="65" ec="70" bec="0" bev="0" fileid="610" />
            </Method>
            <Method visited="false" cyclomaticComplexity="2" nPathComplexity="2" sequenceCoverage="0" branchCoverage="0" crapScore="6" isConstructor="false" isStatic="false" isGetter="false" isSetter="false">
              <Summary numSequencePoints="8" visitedSequencePoints="0" numBranchPoints="3" visitedBranchPoints="0" sequenceCoverage="0" branchCoverage="0" maxCyclomaticComplexity="2" minCyclomaticComplexity="2" maxCrapScore="6" minCrapScore="6" visitedClasses="0" numClasses="0" visitedMethods="0" numMethods="1" />
              <MetadataToken>100663409</MetadataToken>
              <Name>System.Void Xunit.Runner.Reporters.JsonExtentions/&lt;&gt;c::&lt;.cctor&gt;b__24_1(System.Object,System.Collections.Generic.Dictionary`2&lt;System.String,System.Object&gt;)</Name>
              <FileRef uid="610" />
              <SequencePoints>
                <SequencePoint vc="0" uspid="9773" ordinal="0" offset="0" sl="76" sc="13" el="76" ec="59" bec="0" bev="0" fileid="610" />
                <SequencePoint vc="0" uspid="9774" ordinal="1" offset="7" sl="77" sc="13" el="77" ec="41" bec="2" bev="0" fileid="610" />
                <SequencePoint vc="0" uspid="9775" ordinal="2" offset="10" sl="78" sc="17" el="78" ec="24" bec="0" bev="0" fileid="610" />
                <SequencePoint vc="0" uspid="9776" ordinal="3" offset="11" sl="80" sc="13" el="80" ec="67" bec="0" bev="0" fileid="610" />
                <SequencePoint vc="0" uspid="9777" ordinal="4" offset="33" sl="81" sc="13" el="81" ec="63" bec="0" bev="0" fileid="610" />
                <SequencePoint vc="0" uspid="9778" ordinal="5" offset="55" sl="82" sc="13" el="82" ec="57" bec="0" bev="0" fileid="610" />
                <SequencePoint vc="0" uspid="9779" ordinal="6" offset="77" sl="83" sc="13" el="83" ec="65" bec="0" bev="0" fileid="610" />
                <SequencePoint vc="0" uspid="9780" ordinal="7" offset="99" sl="84" sc="9" el="84" ec="10" bec="0" bev="0" fileid="610" />
              </SequencePoints>
              <BranchPoints>
                <BranchPoint vc="0" uspid="9781" ordinal="0" offset="8" sl="77" path="0" offsetend="10" fileid="610" />
                <BranchPoint vc="0" uspid="9782" ordinal="1" offset="8" sl="77" path="1" offsetend="11" fileid="610" />
              </BranchPoints>
              <MethodPoint xsi:type="SequencePoint" vc="0" uspid="9773" ordinal="0" offset="0" sl="76" sc="13" el="76" ec="59" bec="0" bev="0" fileid="610" />
            </Method>
            <Method visited="false" cyclomaticComplexity="2" nPathComplexity="2" sequenceCoverage="0" branchCoverage="0" crapScore="6" isConstructor="false" isStatic="false" isGetter="false" isSetter="false">
              <Summary numSequencePoints="6" visitedSequencePoints="0" numBranchPoints="3" visitedBranchPoints="0" sequenceCoverage="0" branchCoverage="0" maxCyclomaticComplexity="2" minCyclomaticComplexity="2" maxCrapScore="6" minCrapScore="6" visitedClasses="0" numClasses="0" visitedMethods="0" numMethods="1" />
              <MetadataToken>100663410</MetadataToken>
              <Name>System.Void Xunit.Runner.Reporters.JsonExtentions/&lt;&gt;c::&lt;.cctor&gt;b__24_2(System.Object,System.Collections.Generic.Dictionary`2&lt;System.String,System.Object&gt;)</Name>
              <FileRef uid="610" />
              <SequencePoints>
                <SequencePoint vc="0" uspid="9783" ordinal="0" offset="0" sl="88" sc="13" el="88" ec="63" bec="0" bev="0" fileid="610" />
                <SequencePoint vc="0" uspid="9784" ordinal="1" offset="7" sl="89" sc="13" el="89" ec="43" bec="2" bev="0" fileid="610" />
                <SequencePoint vc="0" uspid="9785" ordinal="2" offset="10" sl="90" sc="17" el="90" ec="24" bec="0" bev="0" fileid="610" />
                <SequencePoint vc="0" uspid="9786" ordinal="3" offset="11" sl="92" sc="13" el="92" ec="69" bec="0" bev="0" fileid="610" />
                <SequencePoint vc="0" uspid="9787" ordinal="4" offset="33" sl="93" sc="13" el="93" ec="55" bec="0" bev="0" fileid="610" />
                <SequencePoint vc="0" uspid="9788" ordinal="5" offset="50" sl="94" sc="9" el="94" ec="10" bec="0" bev="0" fileid="610" />
              </SequencePoints>
              <BranchPoints>
                <BranchPoint vc="0" uspid="9789" ordinal="0" offset="8" sl="89" path="0" offsetend="10" fileid="610" />
                <BranchPoint vc="0" uspid="9790" ordinal="1" offset="8" sl="89" path="1" offsetend="11" fileid="610" />
              </BranchPoints>
              <MethodPoint xsi:type="SequencePoint" vc="0" uspid="9783" ordinal="0" offset="0" sl="88" sc="13" el="88" ec="63" bec="0" bev="0" fileid="610" />
            </Method>
            <Method visited="false" cyclomaticComplexity="2" nPathComplexity="2" sequenceCoverage="0" branchCoverage="0" crapScore="6" isConstructor="false" isStatic="false" isGetter="false" isSetter="false">
              <Summary numSequencePoints="5" visitedSequencePoints="0" numBranchPoints="3" visitedBranchPoints="0" sequenceCoverage="0" branchCoverage="0" maxCyclomaticComplexity="2" minCyclomaticComplexity="2" maxCrapScore="6" minCrapScore="6" visitedClasses="0" numClasses="0" visitedMethods="0" numMethods="1" />
              <MetadataToken>100663411</MetadataToken>
              <Name>System.Void Xunit.Runner.Reporters.JsonExtentions/&lt;&gt;c::&lt;.cctor&gt;b__24_3(System.Object,System.Collections.Generic.Dictionary`2&lt;System.String,System.Object&gt;)</Name>
              <FileRef uid="610" />
              <SequencePoints>
                <SequencePoint vc="0" uspid="9791" ordinal="0" offset="0" sl="98" sc="13" el="98" ec="51" bec="0" bev="0" fileid="610" />
                <SequencePoint vc="0" uspid="9792" ordinal="1" offset="7" sl="99" sc="13" el="99" ec="37" bec="2" bev="0" fileid="610" />
                <SequencePoint vc="0" uspid="9793" ordinal="2" offset="10" sl="100" sc="17" el="100" ec="24" bec="0" bev="0" fileid="610" />
                <SequencePoint vc="0" uspid="9794" ordinal="3" offset="11" sl="102" sc="13" el="102" ec="61" bec="0" bev="0" fileid="610" />
                <SequencePoint vc="0" uspid="9795" ordinal="4" offset="33" sl="103" sc="9" el="103" ec="10" bec="0" bev="0" fileid="610" />
              </SequencePoints>
              <BranchPoints>
                <BranchPoint vc="0" uspid="9796" ordinal="0" offset="8" sl="99" path="0" offsetend="10" fileid="610" />
                <BranchPoint vc="0" uspid="9797" ordinal="1" offset="8" sl="99" path="1" offsetend="11" fileid="610" />
              </BranchPoints>
              <MethodPoint xsi:type="SequencePoint" vc="0" uspid="9791" ordinal="0" offset="0" sl="98" sc="13" el="98" ec="51" bec="0" bev="0" fileid="610" />
            </Method>
            <Method visited="false" cyclomaticComplexity="2" nPathComplexity="2" sequenceCoverage="0" branchCoverage="0" crapScore="6" isConstructor="false" isStatic="false" isGetter="false" isSetter="false">
              <Summary numSequencePoints="6" visitedSequencePoints="0" numBranchPoints="3" visitedBranchPoints="0" sequenceCoverage="0" branchCoverage="0" maxCyclomaticComplexity="2" minCyclomaticComplexity="2" maxCrapScore="6" minCrapScore="6" visitedClasses="0" numClasses="0" visitedMethods="0" numMethods="1" />
              <MetadataToken>100663412</MetadataToken>
              <Name>System.Void Xunit.Runner.Reporters.JsonExtentions/&lt;&gt;c::&lt;.cctor&gt;b__24_4(System.Object,System.Collections.Generic.Dictionary`2&lt;System.String,System.Object&gt;)</Name>
              <FileRef uid="610" />
              <SequencePoints>
                <SequencePoint vc="0" uspid="9798" ordinal="0" offset="0" sl="107" sc="13" el="107" ec="65" bec="0" bev="0" fileid="610" />
                <SequencePoint vc="0" uspid="9799" ordinal="1" offset="7" sl="108" sc="13" el="108" ec="44" bec="2" bev="0" fileid="610" />
                <SequencePoint vc="0" uspid="9800" ordinal="2" offset="10" sl="109" sc="17" el="109" ec="24" bec="0" bev="0" fileid="610" />
                <SequencePoint vc="0" uspid="9801" ordinal="3" offset="11" sl="111" sc="13" el="111" ec="90" bec="0" bev="0" fileid="610" />
                <SequencePoint vc="0" uspid="9802" ordinal="4" offset="28" sl="112" sc="13" el="112" ec="91" bec="0" bev="0" fileid="610" />
                <SequencePoint vc="0" uspid="9803" ordinal="5" offset="45" sl="113" sc="9" el="113" ec="10" bec="0" bev="0" fileid="610" />
              </SequencePoints>
              <BranchPoints>
                <BranchPoint vc="0" uspid="9804" ordinal="0" offset="8" sl="108" path="0" offsetend="10" fileid="610" />
                <BranchPoint vc="0" uspid="9805" ordinal="1" offset="8" sl="108" path="1" offsetend="11" fileid="610" />
              </BranchPoints>
              <MethodPoint xsi:type="SequencePoint" vc="0" uspid="9798" ordinal="0" offset="0" sl="107" sc="13" el="107" ec="65" bec="0" bev="0" fileid="610" />
            </Method>
          </Methods>
        </Class>
        <Class>
          <Summary numSequencePoints="4" visitedSequencePoints="2" numBranchPoints="4" visitedBranchPoints="2" sequenceCoverage="50" branchCoverage="50" maxCyclomaticComplexity="1" minCyclomaticComplexity="1" maxCrapScore="2" minCrapScore="1" visitedClasses="1" numClasses="1" visitedMethods="2" numMethods="4" />
          <FullName>Xunit.Runner.Reporters.JsonReporter</FullName>
          <Methods>
            <Method visited="true" cyclomaticComplexity="1" nPathComplexity="0" sequenceCoverage="100" branchCoverage="100" crapScore="1" isConstructor="false" isStatic="false" isGetter="true" isSetter="false">
              <Summary numSequencePoints="1" visitedSequencePoints="1" numBranchPoints="1" visitedBranchPoints="1" sequenceCoverage="100" branchCoverage="100" maxCyclomaticComplexity="1" minCyclomaticComplexity="1" maxCrapScore="1" minCrapScore="1" visitedClasses="0" numClasses="0" visitedMethods="1" numMethods="1" />
              <MetadataToken>100663343</MetadataToken>
              <Name>System.String Xunit.Runner.Reporters.JsonReporter::get_Description()</Name>
              <FileRef uid="612" />
              <SequencePoints>
                <SequencePoint vc="1" uspid="9806" ordinal="0" offset="0" sl="8" sc="16" el="8" ec="55" bec="0" bev="0" fileid="612" />
              </SequencePoints>
              <BranchPoints />
              <MethodPoint xsi:type="SequencePoint" vc="1" uspid="9806" ordinal="0" offset="0" sl="8" sc="16" el="8" ec="55" bec="0" bev="0" fileid="612" />
            </Method>
            <Method visited="false" cyclomaticComplexity="1" nPathComplexity="0" sequenceCoverage="0" branchCoverage="0" crapScore="2" isConstructor="false" isStatic="false" isGetter="true" isSetter="false">
              <Summary numSequencePoints="1" visitedSequencePoints="0" numBranchPoints="1" visitedBranchPoints="0" sequenceCoverage="0" branchCoverage="0" maxCyclomaticComplexity="1" minCyclomaticComplexity="1" maxCrapScore="2" minCrapScore="2" visitedClasses="0" numClasses="0" visitedMethods="0" numMethods="1" />
              <MetadataToken>100663344</MetadataToken>
              <Name>System.Boolean Xunit.Runner.Reporters.JsonReporter::get_IsEnvironmentallyEnabled()</Name>
              <FileRef uid="612" />
              <SequencePoints>
                <SequencePoint vc="0" uspid="9807" ordinal="0" offset="0" sl="11" sc="16" el="11" ec="21" bec="0" bev="0" fileid="612" />
              </SequencePoints>
              <BranchPoints />
              <MethodPoint xsi:type="SequencePoint" vc="0" uspid="9807" ordinal="0" offset="0" sl="11" sc="16" el="11" ec="21" bec="0" bev="0" fileid="612" />
            </Method>
            <Method visited="true" cyclomaticComplexity="1" nPathComplexity="0" sequenceCoverage="100" branchCoverage="100" crapScore="1" isConstructor="false" isStatic="false" isGetter="true" isSetter="false">
              <Summary numSequencePoints="1" visitedSequencePoints="1" numBranchPoints="1" visitedBranchPoints="1" sequenceCoverage="100" branchCoverage="100" maxCyclomaticComplexity="1" minCyclomaticComplexity="1" maxCrapScore="1" minCrapScore="1" visitedClasses="0" numClasses="0" visitedMethods="1" numMethods="1" />
              <MetadataToken>100663345</MetadataToken>
              <Name>System.String Xunit.Runner.Reporters.JsonReporter::get_RunnerSwitch()</Name>
              <FileRef uid="612" />
              <SequencePoints>
                <SequencePoint vc="3" uspid="9808" ordinal="0" offset="0" sl="14" sc="16" el="14" ec="22" bec="0" bev="0" fileid="612" />
              </SequencePoints>
              <BranchPoints />
              <MethodPoint xsi:type="SequencePoint" vc="3" uspid="9808" ordinal="0" offset="0" sl="14" sc="16" el="14" ec="22" bec="0" bev="0" fileid="612" />
            </Method>
            <Method visited="false" cyclomaticComplexity="1" nPathComplexity="0" sequenceCoverage="0" branchCoverage="0" crapScore="2" isConstructor="false" isStatic="false" isGetter="false" isSetter="false">
              <Summary numSequencePoints="1" visitedSequencePoints="0" numBranchPoints="1" visitedBranchPoints="0" sequenceCoverage="0" branchCoverage="0" maxCyclomaticComplexity="1" minCyclomaticComplexity="1" maxCrapScore="2" minCrapScore="2" visitedClasses="0" numClasses="0" visitedMethods="0" numMethods="1" />
              <MetadataToken>100663346</MetadataToken>
              <Name>Xunit.Abstractions.IMessageSink Xunit.Runner.Reporters.JsonReporter::CreateMessageHandler(Xunit.IRunnerLogger)</Name>
              <FileRef uid="612" />
              <SequencePoints>
                <SequencePoint vc="0" uspid="9809" ordinal="0" offset="0" sl="17" sc="16" el="17" ec="54" bec="0" bev="0" fileid="612" />
              </SequencePoints>
              <BranchPoints />
              <MethodPoint xsi:type="SequencePoint" vc="0" uspid="9809" ordinal="0" offset="0" sl="17" sc="16" el="17" ec="54" bec="0" bev="0" fileid="612" />
            </Method>
            <Method visited="false" cyclomaticComplexity="1" nPathComplexity="0" sequenceCoverage="0" branchCoverage="0" crapScore="2" isConstructor="true" isStatic="false" isGetter="false" isSetter="false">
              <Summary numSequencePoints="0" visitedSequencePoints="0" numBranchPoints="0" visitedBranchPoints="0" sequenceCoverage="0" branchCoverage="0" maxCyclomaticComplexity="1" minCyclomaticComplexity="1" maxCrapScore="2" minCrapScore="2" visitedClasses="0" numClasses="0" visitedMethods="0" numMethods="0" />
              <MetadataToken>100663347</MetadataToken>
              <Name>System.Void Xunit.Runner.Reporters.JsonReporter::.ctor()</Name>
              <SequencePoints />
              <BranchPoints />
              <MethodPoint vc="0" uspid="9810" ordinal="0" offset="0" />
            </Method>
          </Methods>
        </Class>
        <Class>
          <Summary numSequencePoints="34" visitedSequencePoints="0" numBranchPoints="9" visitedBranchPoints="0" sequenceCoverage="0" branchCoverage="0" maxCyclomaticComplexity="3" minCyclomaticComplexity="1" maxCrapScore="12" minCrapScore="2" visitedClasses="0" numClasses="1" visitedMethods="0" numMethods="3" />
          <FullName>Xunit.Runner.Reporters.JsonReporterMessageHandler</FullName>
          <Methods>
            <Method visited="false" cyclomaticComplexity="2" nPathComplexity="2" sequenceCoverage="0" branchCoverage="0" crapScore="6" isConstructor="true" isStatic="false" isGetter="false" isSetter="false">
              <Summary numSequencePoints="2" visitedSequencePoints="0" numBranchPoints="3" visitedBranchPoints="0" sequenceCoverage="0" branchCoverage="0" maxCyclomaticComplexity="2" minCyclomaticComplexity="2" maxCrapScore="6" minCrapScore="6" visitedClasses="0" numClasses="0" visitedMethods="0" numMethods="1" />
              <MetadataToken>100663348</MetadataToken>
              <Name>System.Void Xunit.Runner.Reporters.JsonReporterMessageHandler::.ctor(Xunit.IRunnerLogger)</Name>
              <FileRef uid="613" />
              <SequencePoints>
                <SequencePoint vc="0" uspid="9811" ordinal="0" offset="0" sl="14" sc="15" el="14" ec="62" bec="2" bev="0" fileid="613" />
                <SequencePoint vc="0" uspid="9812" ordinal="1" offset="38" sl="15" sc="11" el="15" ec="12" bec="0" bev="0" fileid="613" />
              </SequencePoints>
              <BranchPoints>
                <BranchPoint vc="0" uspid="9813" ordinal="0" offset="8" sl="14" path="0" offsetend="10" fileid="613" />
                <BranchPoint vc="0" uspid="9814" ordinal="1" offset="8" sl="14" path="1" offsetend="33" fileid="613" />
              </BranchPoints>
              <MethodPoint xsi:type="SequencePoint" vc="0" uspid="9811" ordinal="0" offset="0" sl="14" sc="15" el="14" ec="62" bec="2" bev="0" fileid="613" />
            </Method>
            <Method visited="false" cyclomaticComplexity="1" nPathComplexity="0" sequenceCoverage="0" branchCoverage="0" crapScore="2" isConstructor="true" isStatic="false" isGetter="false" isSetter="false">
              <Summary numSequencePoints="18" visitedSequencePoints="0" numBranchPoints="1" visitedBranchPoints="0" sequenceCoverage="0" branchCoverage="0" maxCyclomaticComplexity="1" minCyclomaticComplexity="1" maxCrapScore="2" minCrapScore="2" visitedClasses="0" numClasses="0" visitedMethods="0" numMethods="1" />
              <MetadataToken>100663349</MetadataToken>
              <Name>System.Void Xunit.Runner.Reporters.JsonReporterMessageHandler::.ctor(Xunit.IRunnerLogger,System.Func`2&lt;System.String,System.String&gt;)</Name>
              <FileRef uid="613" />
              <SequencePoints>
                <SequencePoint vc="0" uspid="9815" ordinal="0" offset="0" sl="10" sc="9" el="10" ec="93" bec="0" bev="0" fileid="613" />
                <SequencePoint vc="0" uspid="9816" ordinal="1" offset="11" sl="11" sc="9" el="11" ec="85" bec="0" bev="0" fileid="613" />
                <SequencePoint vc="0" uspid="9817" ordinal="2" offset="35" sl="17" sc="9" el="17" ec="99" bec="0" bev="0" fileid="613" />
                <SequencePoint vc="0" uspid="9818" ordinal="3" offset="48" sl="19" sc="13" el="19" ec="46" bec="0" bev="0" fileid="613" />
                <SequencePoint vc="0" uspid="9819" ordinal="4" offset="55" sl="21" sc="13" el="21" ec="104" bec="0" bev="0" fileid="613" />
                <SequencePoint vc="0" uspid="9820" ordinal="5" offset="78" sl="22" sc="13" el="22" ec="116" bec="0" bev="0" fileid="613" />
                <SequencePoint vc="0" uspid="9821" ordinal="6" offset="101" sl="23" sc="13" el="23" ec="113" bec="0" bev="0" fileid="613" />
                <SequencePoint vc="0" uspid="9822" ordinal="7" offset="124" sl="24" sc="13" el="24" ec="112" bec="0" bev="0" fileid="613" />
                <SequencePoint vc="0" uspid="9823" ordinal="8" offset="147" sl="25" sc="13" el="25" ec="118" bec="0" bev="0" fileid="613" />
                <SequencePoint vc="0" uspid="9824" ordinal="9" offset="170" sl="26" sc="13" el="26" ec="108" bec="0" bev="0" fileid="613" />
                <SequencePoint vc="0" uspid="9825" ordinal="10" offset="193" sl="27" sc="13" el="27" ec="114" bec="0" bev="0" fileid="613" />
                <SequencePoint vc="0" uspid="9826" ordinal="11" offset="216" sl="29" sc="13" el="29" ec="161" bec="0" bev="0" fileid="613" />
                <SequencePoint vc="0" uspid="9827" ordinal="12" offset="239" sl="30" sc="13" el="30" ec="161" bec="0" bev="0" fileid="613" />
                <SequencePoint vc="0" uspid="9828" ordinal="13" offset="262" sl="31" sc="13" el="31" ec="149" bec="0" bev="0" fileid="613" />
                <SequencePoint vc="0" uspid="9829" ordinal="14" offset="285" sl="32" sc="13" el="32" ec="149" bec="0" bev="0" fileid="613" />
                <SequencePoint vc="0" uspid="9830" ordinal="15" offset="308" sl="33" sc="13" el="33" ec="150" bec="0" bev="0" fileid="613" />
                <SequencePoint vc="0" uspid="9831" ordinal="16" offset="331" sl="34" sc="13" el="34" ec="151" bec="0" bev="0" fileid="613" />
                <SequencePoint vc="0" uspid="9832" ordinal="17" offset="354" sl="35" sc="9" el="35" ec="10" bec="0" bev="0" fileid="613" />
              </SequencePoints>
              <BranchPoints />
              <MethodPoint xsi:type="SequencePoint" vc="0" uspid="9815" ordinal="0" offset="0" sl="10" sc="9" el="10" ec="93" bec="0" bev="0" fileid="613" />
            </Method>
            <Method visited="false" cyclomaticComplexity="3" nPathComplexity="4" sequenceCoverage="0" branchCoverage="0" crapScore="12" isConstructor="false" isStatic="false" isGetter="false" isSetter="false">
              <Summary numSequencePoints="14" visitedSequencePoints="0" numBranchPoints="5" visitedBranchPoints="0" sequenceCoverage="0" branchCoverage="0" maxCyclomaticComplexity="3" minCyclomaticComplexity="3" maxCrapScore="12" minCrapScore="12" visitedClasses="0" numClasses="0" visitedMethods="0" numMethods="1" />
              <MetadataToken>100663350</MetadataToken>
              <Name>System.String Xunit.Runner.Reporters.JsonReporterMessageHandler::ToFlowId(System.String)</Name>
              <FileRef uid="613" />
              <SequencePoints>
                <SequencePoint vc="0" uspid="9833" ordinal="0" offset="0" sl="41" sc="13" el="41" ec="46" bec="0" bev="0" fileid="613" />
                <SequencePoint vc="0" uspid="9834" ordinal="1" offset="11" sl="45" sc="17" el="45" ec="78" bec="2" bev="0" fileid="613" />
                <SequencePoint vc="0" uspid="9835" ordinal="2" offset="27" sl="46" sc="21" el="46" ec="35" bec="0" bev="0" fileid="613" />
                <SequencePoint vc="0" uspid="9836" ordinal="3" offset="31" sl="47" sc="13" el="47" ec="14" bec="0" bev="0" fileid="613" />
                <SequencePoint vc="0" uspid="9837" ordinal="4" offset="33" sl="50" sc="17" el="50" ec="49" bec="0" bev="0" fileid="613" />
                <SequencePoint vc="0" uspid="9838" ordinal="5" offset="44" sl="51" sc="13" el="51" ec="14" bec="0" bev="0" fileid="613" />
                <SequencePoint vc="0" uspid="9839" ordinal="6" offset="45" sl="53" sc="13" el="53" ec="47" bec="0" bev="0" fileid="613" />
                <SequencePoint vc="0" uspid="9840" ordinal="7" offset="56" sl="57" sc="17" el="57" ec="79" bec="2" bev="0" fileid="613" />
                <SequencePoint vc="0" uspid="9841" ordinal="8" offset="72" sl="59" sc="21" el="59" ec="63" bec="0" bev="0" fileid="613" />
                <SequencePoint vc="0" uspid="9842" ordinal="9" offset="85" sl="60" sc="21" el="60" ec="63" bec="0" bev="0" fileid="613" />
                <SequencePoint vc="0" uspid="9843" ordinal="10" offset="98" sl="63" sc="17" el="63" ec="31" bec="0" bev="0" fileid="613" />
                <SequencePoint vc="0" uspid="9844" ordinal="11" offset="102" sl="67" sc="17" el="67" ec="50" bec="0" bev="0" fileid="613" />
                <SequencePoint vc="0" uspid="9845" ordinal="12" offset="113" sl="68" sc="13" el="68" ec="14" bec="0" bev="0" fileid="613" />
                <SequencePoint vc="0" uspid="9846" ordinal="13" offset="114" sl="69" sc="9" el="69" ec="10" bec="0" bev="0" fileid="613" />
              </SequencePoints>
              <BranchPoints>
                <BranchPoint vc="0" uspid="9847" ordinal="0" offset="25" sl="45" path="0" offsetend="27" fileid="613" />
                <BranchPoint vc="0" uspid="9848" ordinal="1" offset="25" sl="45" path="1" offsetend="31" fileid="613" />
                <BranchPoint vc="0" uspid="9849" ordinal="2" offset="70" sl="57" path="0" offsetend="72" fileid="613" />
                <BranchPoint vc="0" uspid="9850" ordinal="3" offset="70" sl="57" path="1" offsetend="98" fileid="613" />
              </BranchPoints>
              <MethodPoint xsi:type="SequencePoint" vc="0" uspid="9833" ordinal="0" offset="0" sl="41" sc="13" el="41" ec="46" bec="0" bev="0" fileid="613" />
            </Method>
          </Methods>
        </Class>
        <Class>
          <Summary numSequencePoints="1" visitedSequencePoints="0" numBranchPoints="1" visitedBranchPoints="0" sequenceCoverage="0" branchCoverage="0" maxCyclomaticComplexity="1" minCyclomaticComplexity="1" maxCrapScore="2" minCrapScore="2" visitedClasses="0" numClasses="1" visitedMethods="0" numMethods="1" />
          <FullName>Xunit.Runner.Reporters.JsonReporterMessageHandler/&lt;&gt;c</FullName>
          <Methods>
            <Method visited="false" cyclomaticComplexity="1" nPathComplexity="0" sequenceCoverage="0" branchCoverage="0" crapScore="2" isConstructor="true" isStatic="true" isGetter="false" isSetter="false">
              <Summary numSequencePoints="0" visitedSequencePoints="0" numBranchPoints="0" visitedBranchPoints="0" sequenceCoverage="0" branchCoverage="0" maxCyclomaticComplexity="1" minCyclomaticComplexity="1" maxCrapScore="2" minCrapScore="2" visitedClasses="0" numClasses="0" visitedMethods="0" numMethods="0" />
              <MetadataToken>100663413</MetadataToken>
              <Name>System.Void Xunit.Runner.Reporters.JsonReporterMessageHandler/&lt;&gt;c::.cctor()</Name>
              <SequencePoints />
              <BranchPoints />
              <MethodPoint vc="0" uspid="9851" ordinal="0" offset="0" />
            </Method>
            <Method visited="false" cyclomaticComplexity="1" nPathComplexity="0" sequenceCoverage="0" branchCoverage="0" crapScore="2" isConstructor="true" isStatic="false" isGetter="false" isSetter="false">
              <Summary numSequencePoints="0" visitedSequencePoints="0" numBranchPoints="0" visitedBranchPoints="0" sequenceCoverage="0" branchCoverage="0" maxCyclomaticComplexity="1" minCyclomaticComplexity="1" maxCrapScore="2" minCrapScore="2" visitedClasses="0" numClasses="0" visitedMethods="0" numMethods="0" />
              <MetadataToken>100663414</MetadataToken>
              <Name>System.Void Xunit.Runner.Reporters.JsonReporterMessageHandler/&lt;&gt;c::.ctor()</Name>
              <SequencePoints />
              <BranchPoints />
              <MethodPoint vc="0" uspid="9852" ordinal="0" offset="0" />
            </Method>
            <Method visited="false" cyclomaticComplexity="1" nPathComplexity="0" sequenceCoverage="0" branchCoverage="0" crapScore="2" isConstructor="false" isStatic="false" isGetter="false" isSetter="false">
              <Summary numSequencePoints="1" visitedSequencePoints="0" numBranchPoints="1" visitedBranchPoints="0" sequenceCoverage="0" branchCoverage="0" maxCyclomaticComplexity="1" minCyclomaticComplexity="1" maxCrapScore="2" minCrapScore="2" visitedClasses="0" numClasses="0" visitedMethods="0" numMethods="1" />
              <MetadataToken>100663415</MetadataToken>
              <Name>System.String Xunit.Runner.Reporters.JsonReporterMessageHandler/&lt;&gt;c::&lt;.ctor&gt;b__3_0(System.String)</Name>
              <FileRef uid="613" />
              <SequencePoints>
                <SequencePoint vc="0" uspid="9853" ordinal="0" offset="0" sl="14" sc="33" el="14" ec="61" bec="0" bev="0" fileid="613" />
              </SequencePoints>
              <BranchPoints />
              <MethodPoint xsi:type="SequencePoint" vc="0" uspid="9853" ordinal="0" offset="0" sl="14" sc="33" el="14" ec="61" bec="0" bev="0" fileid="613" />
            </Method>
          </Methods>
        </Class>
        <Class>
          <Summary numSequencePoints="13" visitedSequencePoints="0" numBranchPoints="13" visitedBranchPoints="0" sequenceCoverage="0" branchCoverage="0" maxCyclomaticComplexity="1" minCyclomaticComplexity="1" maxCrapScore="2" minCrapScore="2" visitedClasses="0" numClasses="1" visitedMethods="0" numMethods="13" />
          <FullName>Xunit.Runner.Reporters.JsonReporterMessageHandler/&lt;&gt;c__DisplayClass4_0</FullName>
          <Methods>
            <Method visited="false" cyclomaticComplexity="1" nPathComplexity="0" sequenceCoverage="0" branchCoverage="0" crapScore="2" isConstructor="true" isStatic="false" isGetter="false" isSetter="false">
              <Summary numSequencePoints="0" visitedSequencePoints="0" numBranchPoints="0" visitedBranchPoints="0" sequenceCoverage="0" branchCoverage="0" maxCyclomaticComplexity="1" minCyclomaticComplexity="1" maxCrapScore="2" minCrapScore="2" visitedClasses="0" numClasses="0" visitedMethods="0" numMethods="0" />
              <MetadataToken>100663416</MetadataToken>
              <Name>System.Void Xunit.Runner.Reporters.JsonReporterMessageHandler/&lt;&gt;c__DisplayClass4_0::.ctor()</Name>
              <SequencePoints />
              <BranchPoints />
              <MethodPoint vc="0" uspid="9854" ordinal="0" offset="0" />
            </Method>
            <Method visited="false" cyclomaticComplexity="1" nPathComplexity="0" sequenceCoverage="0" branchCoverage="0" crapScore="2" isConstructor="false" isStatic="false" isGetter="false" isSetter="false">
              <Summary numSequencePoints="1" visitedSequencePoints="0" numBranchPoints="1" visitedBranchPoints="0" sequenceCoverage="0" branchCoverage="0" maxCyclomaticComplexity="1" minCyclomaticComplexity="1" maxCrapScore="2" minCrapScore="2" visitedClasses="0" numClasses="0" visitedMethods="0" numMethods="1" />
              <MetadataToken>100663417</MetadataToken>
              <Name>System.Void Xunit.Runner.Reporters.JsonReporterMessageHandler/&lt;&gt;c__DisplayClass4_0::&lt;.ctor&gt;b__0(Xunit.MessageHandlerArgs`1&lt;Xunit.Abstractions.IErrorMessage&gt;)</Name>
              <FileRef uid="613" />
              <SequencePoints>
                <SequencePoint vc="0" uspid="9855" ordinal="0" offset="0" sl="21" sc="54" el="21" ec="103" bec="0" bev="0" fileid="613" />
              </SequencePoints>
              <BranchPoints />
              <MethodPoint xsi:type="SequencePoint" vc="0" uspid="9855" ordinal="0" offset="0" sl="21" sc="54" el="21" ec="103" bec="0" bev="0" fileid="613" />
            </Method>
            <Method visited="false" cyclomaticComplexity="1" nPathComplexity="0" sequenceCoverage="0" branchCoverage="0" crapScore="2" isConstructor="false" isStatic="false" isGetter="false" isSetter="false">
              <Summary numSequencePoints="1" visitedSequencePoints="0" numBranchPoints="1" visitedBranchPoints="0" sequenceCoverage="0" branchCoverage="0" maxCyclomaticComplexity="1" minCyclomaticComplexity="1" maxCrapScore="2" minCrapScore="2" visitedClasses="0" numClasses="0" visitedMethods="0" numMethods="1" />
              <MetadataToken>100663418</MetadataToken>
              <Name>System.Void Xunit.Runner.Reporters.JsonReporterMessageHandler/&lt;&gt;c__DisplayClass4_0::&lt;.ctor&gt;b__1(Xunit.MessageHandlerArgs`1&lt;Xunit.Abstractions.ITestAssemblyCleanupFailure&gt;)</Name>
              <FileRef uid="613" />
              <SequencePoints>
                <SequencePoint vc="0" uspid="9856" ordinal="0" offset="0" sl="22" sc="66" el="22" ec="115" bec="0" bev="0" fileid="613" />
              </SequencePoints>
              <BranchPoints />
              <MethodPoint xsi:type="SequencePoint" vc="0" uspid="9856" ordinal="0" offset="0" sl="22" sc="66" el="22" ec="115" bec="0" bev="0" fileid="613" />
            </Method>
            <Method visited="false" cyclomaticComplexity="1" nPathComplexity="0" sequenceCoverage="0" branchCoverage="0" crapScore="2" isConstructor="false" isStatic="false" isGetter="false" isSetter="false">
              <Summary numSequencePoints="1" visitedSequencePoints="0" numBranchPoints="1" visitedBranchPoints="0" sequenceCoverage="0" branchCoverage="0" maxCyclomaticComplexity="1" minCyclomaticComplexity="1" maxCrapScore="2" minCrapScore="2" visitedClasses="0" numClasses="0" visitedMethods="0" numMethods="1" />
              <MetadataToken>100663419</MetadataToken>
              <Name>System.Void Xunit.Runner.Reporters.JsonReporterMessageHandler/&lt;&gt;c__DisplayClass4_0::&lt;.ctor&gt;b__2(Xunit.MessageHandlerArgs`1&lt;Xunit.Abstractions.ITestClassCleanupFailure&gt;)</Name>
              <FileRef uid="613" />
              <SequencePoints>
                <SequencePoint vc="0" uspid="9857" ordinal="0" offset="0" sl="23" sc="63" el="23" ec="112" bec="0" bev="0" fileid="613" />
              </SequencePoints>
              <BranchPoints />
              <MethodPoint xsi:type="SequencePoint" vc="0" uspid="9857" ordinal="0" offset="0" sl="23" sc="63" el="23" ec="112" bec="0" bev="0" fileid="613" />
            </Method>
            <Method visited="false" cyclomaticComplexity="1" nPathComplexity="0" sequenceCoverage="0" branchCoverage="0" crapScore="2" isConstructor="false" isStatic="false" isGetter="false" isSetter="false">
              <Summary numSequencePoints="1" visitedSequencePoints="0" numBranchPoints="1" visitedBranchPoints="0" sequenceCoverage="0" branchCoverage="0" maxCyclomaticComplexity="1" minCyclomaticComplexity="1" maxCrapScore="2" minCrapScore="2" visitedClasses="0" numClasses="0" visitedMethods="0" numMethods="1" />
              <MetadataToken>100663420</MetadataToken>
              <Name>System.Void Xunit.Runner.Reporters.JsonReporterMessageHandler/&lt;&gt;c__DisplayClass4_0::&lt;.ctor&gt;b__3(Xunit.MessageHandlerArgs`1&lt;Xunit.Abstractions.ITestCaseCleanupFailure&gt;)</Name>
              <FileRef uid="613" />
              <SequencePoints>
                <SequencePoint vc="0" uspid="9858" ordinal="0" offset="0" sl="24" sc="62" el="24" ec="111" bec="0" bev="0" fileid="613" />
              </SequencePoints>
              <BranchPoints />
              <MethodPoint xsi:type="SequencePoint" vc="0" uspid="9858" ordinal="0" offset="0" sl="24" sc="62" el="24" ec="111" bec="0" bev="0" fileid="613" />
            </Method>
            <Method visited="false" cyclomaticComplexity="1" nPathComplexity="0" sequenceCoverage="0" branchCoverage="0" crapScore="2" isConstructor="false" isStatic="false" isGetter="false" isSetter="false">
              <Summary numSequencePoints="1" visitedSequencePoints="0" numBranchPoints="1" visitedBranchPoints="0" sequenceCoverage="0" branchCoverage="0" maxCyclomaticComplexity="1" minCyclomaticComplexity="1" maxCrapScore="2" minCrapScore="2" visitedClasses="0" numClasses="0" visitedMethods="0" numMethods="1" />
              <MetadataToken>100663421</MetadataToken>
              <Name>System.Void Xunit.Runner.Reporters.JsonReporterMessageHandler/&lt;&gt;c__DisplayClass4_0::&lt;.ctor&gt;b__4(Xunit.MessageHandlerArgs`1&lt;Xunit.Abstractions.ITestCollectionCleanupFailure&gt;)</Name>
              <FileRef uid="613" />
              <SequencePoints>
                <SequencePoint vc="0" uspid="9859" ordinal="0" offset="0" sl="25" sc="68" el="25" ec="117" bec="0" bev="0" fileid="613" />
              </SequencePoints>
              <BranchPoints />
              <MethodPoint xsi:type="SequencePoint" vc="0" uspid="9859" ordinal="0" offset="0" sl="25" sc="68" el="25" ec="117" bec="0" bev="0" fileid="613" />
            </Method>
            <Method visited="false" cyclomaticComplexity="1" nPathComplexity="0" sequenceCoverage="0" branchCoverage="0" crapScore="2" isConstructor="false" isStatic="false" isGetter="false" isSetter="false">
              <Summary numSequencePoints="1" visitedSequencePoints="0" numBranchPoints="1" visitedBranchPoints="0" sequenceCoverage="0" branchCoverage="0" maxCyclomaticComplexity="1" minCyclomaticComplexity="1" maxCrapScore="2" minCrapScore="2" visitedClasses="0" numClasses="0" visitedMethods="0" numMethods="1" />
              <MetadataToken>100663422</MetadataToken>
              <Name>System.Void Xunit.Runner.Reporters.JsonReporterMessageHandler/&lt;&gt;c__DisplayClass4_0::&lt;.ctor&gt;b__5(Xunit.MessageHandlerArgs`1&lt;Xunit.Abstractions.ITestCleanupFailure&gt;)</Name>
              <FileRef uid="613" />
              <SequencePoints>
                <SequencePoint vc="0" uspid="9860" ordinal="0" offset="0" sl="26" sc="58" el="26" ec="107" bec="0" bev="0" fileid="613" />
              </SequencePoints>
              <BranchPoints />
              <MethodPoint xsi:type="SequencePoint" vc="0" uspid="9860" ordinal="0" offset="0" sl="26" sc="58" el="26" ec="107" bec="0" bev="0" fileid="613" />
            </Method>
            <Method visited="false" cyclomaticComplexity="1" nPathComplexity="0" sequenceCoverage="0" branchCoverage="0" crapScore="2" isConstructor="false" isStatic="false" isGetter="false" isSetter="false">
              <Summary numSequencePoints="1" visitedSequencePoints="0" numBranchPoints="1" visitedBranchPoints="0" sequenceCoverage="0" branchCoverage="0" maxCyclomaticComplexity="1" minCyclomaticComplexity="1" maxCrapScore="2" minCrapScore="2" visitedClasses="0" numClasses="0" visitedMethods="0" numMethods="1" />
              <MetadataToken>100663423</MetadataToken>
              <Name>System.Void Xunit.Runner.Reporters.JsonReporterMessageHandler/&lt;&gt;c__DisplayClass4_0::&lt;.ctor&gt;b__6(Xunit.MessageHandlerArgs`1&lt;Xunit.Abstractions.ITestMethodCleanupFailure&gt;)</Name>
              <FileRef uid="613" />
              <SequencePoints>
                <SequencePoint vc="0" uspid="9861" ordinal="0" offset="0" sl="27" sc="64" el="27" ec="113" bec="0" bev="0" fileid="613" />
              </SequencePoints>
              <BranchPoints />
              <MethodPoint xsi:type="SequencePoint" vc="0" uspid="9861" ordinal="0" offset="0" sl="27" sc="64" el="27" ec="113" bec="0" bev="0" fileid="613" />
            </Method>
            <Method visited="false" cyclomaticComplexity="1" nPathComplexity="0" sequenceCoverage="0" branchCoverage="0" crapScore="2" isConstructor="false" isStatic="false" isGetter="false" isSetter="false">
              <Summary numSequencePoints="1" visitedSequencePoints="0" numBranchPoints="1" visitedBranchPoints="0" sequenceCoverage="0" branchCoverage="0" maxCyclomaticComplexity="1" minCyclomaticComplexity="1" maxCrapScore="2" minCrapScore="2" visitedClasses="0" numClasses="0" visitedMethods="0" numMethods="1" />
              <MetadataToken>100663424</MetadataToken>
              <Name>System.Void Xunit.Runner.Reporters.JsonReporterMessageHandler/&lt;&gt;c__DisplayClass4_0::&lt;.ctor&gt;b__7(Xunit.MessageHandlerArgs`1&lt;Xunit.Abstractions.ITestCollectionFinished&gt;)</Name>
              <FileRef uid="613" />
              <SequencePoints>
                <SequencePoint vc="0" uspid="9862" ordinal="0" offset="0" sl="29" sc="62" el="29" ec="160" bec="0" bev="0" fileid="613" />
              </SequencePoints>
              <BranchPoints />
              <MethodPoint xsi:type="SequencePoint" vc="0" uspid="9862" ordinal="0" offset="0" sl="29" sc="62" el="29" ec="160" bec="0" bev="0" fileid="613" />
            </Method>
            <Method visited="false" cyclomaticComplexity="1" nPathComplexity="0" sequenceCoverage="0" branchCoverage="0" crapScore="2" isConstructor="false" isStatic="false" isGetter="false" isSetter="false">
              <Summary numSequencePoints="1" visitedSequencePoints="0" numBranchPoints="1" visitedBranchPoints="0" sequenceCoverage="0" branchCoverage="0" maxCyclomaticComplexity="1" minCyclomaticComplexity="1" maxCrapScore="2" minCrapScore="2" visitedClasses="0" numClasses="0" visitedMethods="0" numMethods="1" />
              <MetadataToken>100663425</MetadataToken>
              <Name>System.Void Xunit.Runner.Reporters.JsonReporterMessageHandler/&lt;&gt;c__DisplayClass4_0::&lt;.ctor&gt;b__8(Xunit.MessageHandlerArgs`1&lt;Xunit.Abstractions.ITestCollectionStarting&gt;)</Name>
              <FileRef uid="613" />
              <SequencePoints>
                <SequencePoint vc="0" uspid="9863" ordinal="0" offset="0" sl="30" sc="62" el="30" ec="160" bec="0" bev="0" fileid="613" />
              </SequencePoints>
              <BranchPoints />
              <MethodPoint xsi:type="SequencePoint" vc="0" uspid="9863" ordinal="0" offset="0" sl="30" sc="62" el="30" ec="160" bec="0" bev="0" fileid="613" />
            </Method>
            <Method visited="false" cyclomaticComplexity="1" nPathComplexity="0" sequenceCoverage="0" branchCoverage="0" crapScore="2" isConstructor="false" isStatic="false" isGetter="false" isSetter="false">
              <Summary numSequencePoints="1" visitedSequencePoints="0" numBranchPoints="1" visitedBranchPoints="0" sequenceCoverage="0" branchCoverage="0" maxCyclomaticComplexity="1" minCyclomaticComplexity="1" maxCrapScore="2" minCrapScore="2" visitedClasses="0" numClasses="0" visitedMethods="0" numMethods="1" />
              <MetadataToken>100663426</MetadataToken>
              <Name>System.Void Xunit.Runner.Reporters.JsonReporterMessageHandler/&lt;&gt;c__DisplayClass4_0::&lt;.ctor&gt;b__9(Xunit.MessageHandlerArgs`1&lt;Xunit.Abstractions.ITestFailed&gt;)</Name>
              <FileRef uid="613" />
              <SequencePoints>
                <SequencePoint vc="0" uspid="9864" ordinal="0" offset="0" sl="31" sc="50" el="31" ec="148" bec="0" bev="0" fileid="613" />
              </SequencePoints>
              <BranchPoints />
              <MethodPoint xsi:type="SequencePoint" vc="0" uspid="9864" ordinal="0" offset="0" sl="31" sc="50" el="31" ec="148" bec="0" bev="0" fileid="613" />
            </Method>
            <Method visited="false" cyclomaticComplexity="1" nPathComplexity="0" sequenceCoverage="0" branchCoverage="0" crapScore="2" isConstructor="false" isStatic="false" isGetter="false" isSetter="false">
              <Summary numSequencePoints="1" visitedSequencePoints="0" numBranchPoints="1" visitedBranchPoints="0" sequenceCoverage="0" branchCoverage="0" maxCyclomaticComplexity="1" minCyclomaticComplexity="1" maxCrapScore="2" minCrapScore="2" visitedClasses="0" numClasses="0" visitedMethods="0" numMethods="1" />
              <MetadataToken>100663427</MetadataToken>
              <Name>System.Void Xunit.Runner.Reporters.JsonReporterMessageHandler/&lt;&gt;c__DisplayClass4_0::&lt;.ctor&gt;b__10(Xunit.MessageHandlerArgs`1&lt;Xunit.Abstractions.ITestPassed&gt;)</Name>
              <FileRef uid="613" />
              <SequencePoints>
                <SequencePoint vc="0" uspid="9865" ordinal="0" offset="0" sl="32" sc="50" el="32" ec="148" bec="0" bev="0" fileid="613" />
              </SequencePoints>
              <BranchPoints />
              <MethodPoint xsi:type="SequencePoint" vc="0" uspid="9865" ordinal="0" offset="0" sl="32" sc="50" el="32" ec="148" bec="0" bev="0" fileid="613" />
            </Method>
            <Method visited="false" cyclomaticComplexity="1" nPathComplexity="0" sequenceCoverage="0" branchCoverage="0" crapScore="2" isConstructor="false" isStatic="false" isGetter="false" isSetter="false">
              <Summary numSequencePoints="1" visitedSequencePoints="0" numBranchPoints="1" visitedBranchPoints="0" sequenceCoverage="0" branchCoverage="0" maxCyclomaticComplexity="1" minCyclomaticComplexity="1" maxCrapScore="2" minCrapScore="2" visitedClasses="0" numClasses="0" visitedMethods="0" numMethods="1" />
              <MetadataToken>100663428</MetadataToken>
              <Name>System.Void Xunit.Runner.Reporters.JsonReporterMessageHandler/&lt;&gt;c__DisplayClass4_0::&lt;.ctor&gt;b__11(Xunit.MessageHandlerArgs`1&lt;Xunit.Abstractions.ITestSkipped&gt;)</Name>
              <FileRef uid="613" />
              <SequencePoints>
                <SequencePoint vc="0" uspid="9866" ordinal="0" offset="0" sl="33" sc="51" el="33" ec="149" bec="0" bev="0" fileid="613" />
              </SequencePoints>
              <BranchPoints />
              <MethodPoint xsi:type="SequencePoint" vc="0" uspid="9866" ordinal="0" offset="0" sl="33" sc="51" el="33" ec="149" bec="0" bev="0" fileid="613" />
            </Method>
            <Method visited="false" cyclomaticComplexity="1" nPathComplexity="0" sequenceCoverage="0" branchCoverage="0" crapScore="2" isConstructor="false" isStatic="false" isGetter="false" isSetter="false">
              <Summary numSequencePoints="1" visitedSequencePoints="0" numBranchPoints="1" visitedBranchPoints="0" sequenceCoverage="0" branchCoverage="0" maxCyclomaticComplexity="1" minCyclomaticComplexity="1" maxCrapScore="2" minCrapScore="2" visitedClasses="0" numClasses="0" visitedMethods="0" numMethods="1" />
              <MetadataToken>100663429</MetadataToken>
              <Name>System.Void Xunit.Runner.Reporters.JsonReporterMessageHandler/&lt;&gt;c__DisplayClass4_0::&lt;.ctor&gt;b__12(Xunit.MessageHandlerArgs`1&lt;Xunit.Abstractions.ITestStarting&gt;)</Name>
              <FileRef uid="613" />
              <SequencePoints>
                <SequencePoint vc="0" uspid="9867" ordinal="0" offset="0" sl="34" sc="52" el="34" ec="150" bec="0" bev="0" fileid="613" />
              </SequencePoints>
              <BranchPoints />
              <MethodPoint xsi:type="SequencePoint" vc="0" uspid="9867" ordinal="0" offset="0" sl="34" sc="52" el="34" ec="150" bec="0" bev="0" fileid="613" />
            </Method>
          </Methods>
        </Class>
        <Class>
          <Summary numSequencePoints="4" visitedSequencePoints="2" numBranchPoints="4" visitedBranchPoints="2" sequenceCoverage="50" branchCoverage="50" maxCyclomaticComplexity="1" minCyclomaticComplexity="1" maxCrapScore="2" minCrapScore="1" visitedClasses="1" numClasses="1" visitedMethods="2" numMethods="4" />
          <FullName>Xunit.Runner.Reporters.QuietReporter</FullName>
          <Methods>
            <Method visited="true" cyclomaticComplexity="1" nPathComplexity="0" sequenceCoverage="100" branchCoverage="100" crapScore="1" isConstructor="false" isStatic="false" isGetter="true" isSetter="false">
              <Summary numSequencePoints="1" visitedSequencePoints="1" numBranchPoints="1" visitedBranchPoints="1" sequenceCoverage="100" branchCoverage="100" maxCyclomaticComplexity="1" minCyclomaticComplexity="1" maxCrapScore="1" minCrapScore="1" visitedClasses="0" numClasses="0" visitedMethods="1" numMethods="1" />
              <MetadataToken>100663351</MetadataToken>
              <Name>System.String Xunit.Runner.Reporters.QuietReporter::get_Description()</Name>
              <FileRef uid="616" />
              <SequencePoints>
                <SequencePoint vc="1" uspid="9868" ordinal="0" offset="0" sl="8" sc="16" el="8" ec="47" bec="0" bev="0" fileid="616" />
              </SequencePoints>
              <BranchPoints />
              <MethodPoint xsi:type="SequencePoint" vc="1" uspid="9868" ordinal="0" offset="0" sl="8" sc="16" el="8" ec="47" bec="0" bev="0" fileid="616" />
            </Method>
            <Method visited="false" cyclomaticComplexity="1" nPathComplexity="0" sequenceCoverage="0" branchCoverage="0" crapScore="2" isConstructor="false" isStatic="false" isGetter="true" isSetter="false">
              <Summary numSequencePoints="1" visitedSequencePoints="0" numBranchPoints="1" visitedBranchPoints="0" sequenceCoverage="0" branchCoverage="0" maxCyclomaticComplexity="1" minCyclomaticComplexity="1" maxCrapScore="2" minCrapScore="2" visitedClasses="0" numClasses="0" visitedMethods="0" numMethods="1" />
              <MetadataToken>100663352</MetadataToken>
              <Name>System.Boolean Xunit.Runner.Reporters.QuietReporter::get_IsEnvironmentallyEnabled()</Name>
              <FileRef uid="616" />
              <SequencePoints>
                <SequencePoint vc="0" uspid="9869" ordinal="0" offset="0" sl="11" sc="16" el="11" ec="21" bec="0" bev="0" fileid="616" />
              </SequencePoints>
              <BranchPoints />
              <MethodPoint xsi:type="SequencePoint" vc="0" uspid="9869" ordinal="0" offset="0" sl="11" sc="16" el="11" ec="21" bec="0" bev="0" fileid="616" />
            </Method>
            <Method visited="true" cyclomaticComplexity="1" nPathComplexity="0" sequenceCoverage="100" branchCoverage="100" crapScore="1" isConstructor="false" isStatic="false" isGetter="true" isSetter="false">
              <Summary numSequencePoints="1" visitedSequencePoints="1" numBranchPoints="1" visitedBranchPoints="1" sequenceCoverage="100" branchCoverage="100" maxCyclomaticComplexity="1" minCyclomaticComplexity="1" maxCrapScore="1" minCrapScore="1" visitedClasses="0" numClasses="0" visitedMethods="1" numMethods="1" />
              <MetadataToken>100663353</MetadataToken>
              <Name>System.String Xunit.Runner.Reporters.QuietReporter::get_RunnerSwitch()</Name>
              <FileRef uid="616" />
              <SequencePoints>
                <SequencePoint vc="3" uspid="9870" ordinal="0" offset="0" sl="14" sc="16" el="14" ec="23" bec="0" bev="0" fileid="616" />
              </SequencePoints>
              <BranchPoints />
              <MethodPoint xsi:type="SequencePoint" vc="3" uspid="9870" ordinal="0" offset="0" sl="14" sc="16" el="14" ec="23" bec="0" bev="0" fileid="616" />
            </Method>
            <Method visited="false" cyclomaticComplexity="1" nPathComplexity="0" sequenceCoverage="0" branchCoverage="0" crapScore="2" isConstructor="false" isStatic="false" isGetter="false" isSetter="false">
              <Summary numSequencePoints="1" visitedSequencePoints="0" numBranchPoints="1" visitedBranchPoints="0" sequenceCoverage="0" branchCoverage="0" maxCyclomaticComplexity="1" minCyclomaticComplexity="1" maxCrapScore="2" minCrapScore="2" visitedClasses="0" numClasses="0" visitedMethods="0" numMethods="1" />
              <MetadataToken>100663354</MetadataToken>
              <Name>Xunit.Abstractions.IMessageSink Xunit.Runner.Reporters.QuietReporter::CreateMessageHandler(Xunit.IRunnerLogger)</Name>
              <FileRef uid="616" />
              <SequencePoints>
                <SequencePoint vc="0" uspid="9871" ordinal="0" offset="0" sl="17" sc="16" el="17" ec="55" bec="0" bev="0" fileid="616" />
              </SequencePoints>
              <BranchPoints />
              <MethodPoint xsi:type="SequencePoint" vc="0" uspid="9871" ordinal="0" offset="0" sl="17" sc="16" el="17" ec="55" bec="0" bev="0" fileid="616" />
            </Method>
            <Method visited="false" cyclomaticComplexity="1" nPathComplexity="0" sequenceCoverage="0" branchCoverage="0" crapScore="2" isConstructor="true" isStatic="false" isGetter="false" isSetter="false">
              <Summary numSequencePoints="0" visitedSequencePoints="0" numBranchPoints="0" visitedBranchPoints="0" sequenceCoverage="0" branchCoverage="0" maxCyclomaticComplexity="1" minCyclomaticComplexity="1" maxCrapScore="2" minCrapScore="2" visitedClasses="0" numClasses="0" visitedMethods="0" numMethods="0" />
              <MetadataToken>100663355</MetadataToken>
              <Name>System.Void Xunit.Runner.Reporters.QuietReporter::.ctor()</Name>
              <SequencePoints />
              <BranchPoints />
              <MethodPoint vc="0" uspid="9872" ordinal="0" offset="0" />
            </Method>
          </Methods>
        </Class>
        <Class>
          <Summary numSequencePoints="7" visitedSequencePoints="0" numBranchPoints="1" visitedBranchPoints="0" sequenceCoverage="0" branchCoverage="0" maxCyclomaticComplexity="1" minCyclomaticComplexity="1" maxCrapScore="2" minCrapScore="2" visitedClasses="0" numClasses="1" visitedMethods="0" numMethods="1" />
          <FullName>Xunit.Runner.Reporters.QuietReporterMessageHandler</FullName>
          <Methods>
            <Method visited="false" cyclomaticComplexity="1" nPathComplexity="0" sequenceCoverage="0" branchCoverage="0" crapScore="2" isConstructor="true" isStatic="false" isGetter="false" isSetter="false">
              <Summary numSequencePoints="7" visitedSequencePoints="0" numBranchPoints="1" visitedBranchPoints="0" sequenceCoverage="0" branchCoverage="0" maxCyclomaticComplexity="1" minCyclomaticComplexity="1" maxCrapScore="2" minCrapScore="2" visitedClasses="0" numClasses="0" visitedMethods="0" numMethods="1" />
              <MetadataToken>100663356</MetadataToken>
              <Name>System.Void Xunit.Runner.Reporters.QuietReporterMessageHandler::.ctor(Xunit.IRunnerLogger)</Name>
              <FileRef uid="617" />
              <SequencePoints>
                <SequencePoint vc="0" uspid="9873" ordinal="0" offset="0" sl="5" sc="68" el="5" ec="80" bec="0" bev="0" fileid="617" />
                <SequencePoint vc="0" uspid="9874" ordinal="1" offset="7" sl="7" sc="13" el="7" ec="94" bec="0" bev="0" fileid="617" />
                <SequencePoint vc="0" uspid="9875" ordinal="2" offset="31" sl="8" sc="13" el="8" ec="94" bec="0" bev="0" fileid="617" />
                <SequencePoint vc="0" uspid="9876" ordinal="3" offset="55" sl="9" sc="13" el="9" ec="94" bec="0" bev="0" fileid="617" />
                <SequencePoint vc="0" uspid="9877" ordinal="4" offset="79" sl="10" sc="13" el="10" ec="94" bec="0" bev="0" fileid="617" />
                <SequencePoint vc="0" uspid="9878" ordinal="5" offset="103" sl="11" sc="13" el="11" ec="76" bec="0" bev="0" fileid="617" />
                <SequencePoint vc="0" uspid="9879" ordinal="6" offset="127" sl="12" sc="9" el="12" ec="10" bec="0" bev="0" fileid="617" />
              </SequencePoints>
              <BranchPoints />
              <MethodPoint xsi:type="SequencePoint" vc="0" uspid="9873" ordinal="0" offset="0" sl="5" sc="68" el="5" ec="80" bec="0" bev="0" fileid="617" />
            </Method>
          </Methods>
        </Class>
        <Class>
          <Summary numSequencePoints="4" visitedSequencePoints="2" numBranchPoints="4" visitedBranchPoints="2" sequenceCoverage="50" branchCoverage="50" maxCyclomaticComplexity="1" minCyclomaticComplexity="1" maxCrapScore="2" minCrapScore="1" visitedClasses="1" numClasses="1" visitedMethods="2" numMethods="4" />
          <FullName>Xunit.Runner.Reporters.TeamCityReporter</FullName>
          <Methods>
            <Method visited="true" cyclomaticComplexity="1" nPathComplexity="0" sequenceCoverage="100" branchCoverage="100" crapScore="1" isConstructor="false" isStatic="false" isGetter="true" isSetter="false">
              <Summary numSequencePoints="1" visitedSequencePoints="1" numBranchPoints="1" visitedBranchPoints="1" sequenceCoverage="100" branchCoverage="100" maxCyclomaticComplexity="1" minCyclomaticComplexity="1" maxCrapScore="1" minCrapScore="1" visitedClasses="0" numClasses="0" visitedMethods="1" numMethods="1" />
              <MetadataToken>100663357</MetadataToken>
              <Name>System.String Xunit.Runner.Reporters.TeamCityReporter::get_Description()</Name>
              <FileRef uid="618" />
              <SequencePoints>
                <SequencePoint vc="1" uspid="9880" ordinal="0" offset="0" sl="8" sc="16" el="8" ec="63" bec="0" bev="0" fileid="618" />
              </SequencePoints>
              <BranchPoints />
              <MethodPoint xsi:type="SequencePoint" vc="1" uspid="9880" ordinal="0" offset="0" sl="8" sc="16" el="8" ec="63" bec="0" bev="0" fileid="618" />
            </Method>
            <Method visited="false" cyclomaticComplexity="1" nPathComplexity="0" sequenceCoverage="0" branchCoverage="0" crapScore="2" isConstructor="false" isStatic="false" isGetter="true" isSetter="false">
              <Summary numSequencePoints="1" visitedSequencePoints="0" numBranchPoints="1" visitedBranchPoints="0" sequenceCoverage="0" branchCoverage="0" maxCyclomaticComplexity="1" minCyclomaticComplexity="1" maxCrapScore="2" minCrapScore="2" visitedClasses="0" numClasses="0" visitedMethods="0" numMethods="1" />
              <MetadataToken>100663358</MetadataToken>
              <Name>System.Boolean Xunit.Runner.Reporters.TeamCityReporter::get_IsEnvironmentallyEnabled()</Name>
              <FileRef uid="618" />
              <SequencePoints>
                <SequencePoint vc="0" uspid="9881" ordinal="0" offset="0" sl="11" sc="16" el="11" ec="109" bec="0" bev="0" fileid="618" />
              </SequencePoints>
              <BranchPoints />
              <MethodPoint xsi:type="SequencePoint" vc="0" uspid="9881" ordinal="0" offset="0" sl="11" sc="16" el="11" ec="109" bec="0" bev="0" fileid="618" />
            </Method>
            <Method visited="true" cyclomaticComplexity="1" nPathComplexity="0" sequenceCoverage="100" branchCoverage="100" crapScore="1" isConstructor="false" isStatic="false" isGetter="true" isSetter="false">
              <Summary numSequencePoints="1" visitedSequencePoints="1" numBranchPoints="1" visitedBranchPoints="1" sequenceCoverage="100" branchCoverage="100" maxCyclomaticComplexity="1" minCyclomaticComplexity="1" maxCrapScore="1" minCrapScore="1" visitedClasses="0" numClasses="0" visitedMethods="1" numMethods="1" />
              <MetadataToken>100663359</MetadataToken>
              <Name>System.String Xunit.Runner.Reporters.TeamCityReporter::get_RunnerSwitch()</Name>
              <FileRef uid="618" />
              <SequencePoints>
                <SequencePoint vc="3" uspid="9882" ordinal="0" offset="0" sl="14" sc="16" el="14" ec="26" bec="0" bev="0" fileid="618" />
              </SequencePoints>
              <BranchPoints />
              <MethodPoint xsi:type="SequencePoint" vc="3" uspid="9882" ordinal="0" offset="0" sl="14" sc="16" el="14" ec="26" bec="0" bev="0" fileid="618" />
            </Method>
            <Method visited="false" cyclomaticComplexity="1" nPathComplexity="0" sequenceCoverage="0" branchCoverage="0" crapScore="2" isConstructor="false" isStatic="false" isGetter="false" isSetter="false">
              <Summary numSequencePoints="1" visitedSequencePoints="0" numBranchPoints="1" visitedBranchPoints="0" sequenceCoverage="0" branchCoverage="0" maxCyclomaticComplexity="1" minCyclomaticComplexity="1" maxCrapScore="2" minCrapScore="2" visitedClasses="0" numClasses="0" visitedMethods="0" numMethods="1" />
              <MetadataToken>100663360</MetadataToken>
              <Name>Xunit.Abstractions.IMessageSink Xunit.Runner.Reporters.TeamCityReporter::CreateMessageHandler(Xunit.IRunnerLogger)</Name>
              <FileRef uid="618" />
              <SequencePoints>
                <SequencePoint vc="0" uspid="9883" ordinal="0" offset="0" sl="17" sc="16" el="17" ec="58" bec="0" bev="0" fileid="618" />
              </SequencePoints>
              <BranchPoints />
              <MethodPoint xsi:type="SequencePoint" vc="0" uspid="9883" ordinal="0" offset="0" sl="17" sc="16" el="17" ec="58" bec="0" bev="0" fileid="618" />
            </Method>
            <Method visited="false" cyclomaticComplexity="1" nPathComplexity="0" sequenceCoverage="0" branchCoverage="0" crapScore="2" isConstructor="true" isStatic="false" isGetter="false" isSetter="false">
              <Summary numSequencePoints="0" visitedSequencePoints="0" numBranchPoints="0" visitedBranchPoints="0" sequenceCoverage="0" branchCoverage="0" maxCyclomaticComplexity="1" minCyclomaticComplexity="1" maxCrapScore="2" minCrapScore="2" visitedClasses="0" numClasses="0" visitedMethods="0" numMethods="0" />
              <MetadataToken>100663361</MetadataToken>
              <Name>System.Void Xunit.Runner.Reporters.TeamCityReporter::.ctor()</Name>
              <SequencePoints />
              <BranchPoints />
              <MethodPoint vc="0" uspid="9884" ordinal="0" offset="0" />
            </Method>
          </Methods>
        </Class>
        <Class>
          <Summary numSequencePoints="87" visitedSequencePoints="0" numBranchPoints="32" visitedBranchPoints="0" sequenceCoverage="0" branchCoverage="0" maxCyclomaticComplexity="4" minCyclomaticComplexity="1" maxCrapScore="20" minCrapScore="2" visitedClasses="0" numClasses="1" visitedMethods="0" numMethods="18" />
          <FullName>Xunit.Runner.Reporters.TeamCityReporterMessageHandler</FullName>
          <Methods>
            <Method visited="false" cyclomaticComplexity="4" nPathComplexity="8" sequenceCoverage="0" branchCoverage="0" crapScore="20" isConstructor="true" isStatic="false" isGetter="false" isSetter="false">
              <Summary numSequencePoints="20" visitedSequencePoints="0" numBranchPoints="7" visitedBranchPoints="0" sequenceCoverage="0" branchCoverage="0" maxCyclomaticComplexity="4" minCyclomaticComplexity="4" maxCrapScore="20" minCrapScore="20" visitedClasses="0" numClasses="0" visitedMethods="0" numMethods="1" />
              <MetadataToken>100663362</MetadataToken>
              <Name>System.Void Xunit.Runner.Reporters.TeamCityReporterMessageHandler::.ctor(Xunit.IRunnerLogger,System.Func`2&lt;System.String,System.String&gt;,Xunit.Runner.Reporters.TeamCityDisplayNameFormatter)</Name>
              <FileRef uid="619" />
              <SequencePoints>
                <SequencePoint vc="0" uspid="9885" ordinal="0" offset="0" sl="12" sc="9" el="12" ec="93" bec="0" bev="0" fileid="619" />
                <SequencePoint vc="0" uspid="9886" ordinal="1" offset="11" sl="13" sc="9" el="13" ec="85" bec="0" bev="0" fileid="619" />
                <SequencePoint vc="0" uspid="9887" ordinal="2" offset="22" sl="16" sc="9" el="18" ec="104" bec="0" bev="0" fileid="619" />
                <SequencePoint vc="0" uspid="9888" ordinal="3" offset="28" sl="20" sc="13" el="20" ec="34" bec="0" bev="0" fileid="619" />
                <SequencePoint vc="0" uspid="9889" ordinal="4" offset="35" sl="21" sc="13" el="21" ec="85" bec="3" bev="0" fileid="619" />
                <SequencePoint vc="0" uspid="9890" ordinal="5" offset="77" sl="22" sc="13" el="22" ec="100" bec="2" bev="0" fileid="619" />
                <SequencePoint vc="0" uspid="9891" ordinal="6" offset="93" sl="24" sc="13" el="24" ec="65" bec="0" bev="0" fileid="619" />
                <SequencePoint vc="0" uspid="9892" ordinal="7" offset="117" sl="26" sc="13" el="26" ec="91" bec="0" bev="0" fileid="619" />
                <SequencePoint vc="0" uspid="9893" ordinal="8" offset="141" sl="27" sc="13" el="27" ec="83" bec="0" bev="0" fileid="619" />
                <SequencePoint vc="0" uspid="9894" ordinal="9" offset="165" sl="28" sc="13" el="28" ec="84" bec="0" bev="0" fileid="619" />
                <SequencePoint vc="0" uspid="9895" ordinal="10" offset="189" sl="29" sc="13" el="29" ec="95" bec="0" bev="0" fileid="619" />
                <SequencePoint vc="0" uspid="9896" ordinal="11" offset="213" sl="30" sc="13" el="30" ec="83" bec="0" bev="0" fileid="619" />
                <SequencePoint vc="0" uspid="9897" ordinal="12" offset="237" sl="31" sc="13" el="31" ec="83" bec="0" bev="0" fileid="619" />
                <SequencePoint vc="0" uspid="9898" ordinal="13" offset="261" sl="32" sc="13" el="32" ec="75" bec="0" bev="0" fileid="619" />
                <SequencePoint vc="0" uspid="9899" ordinal="14" offset="285" sl="33" sc="13" el="33" ec="59" bec="0" bev="0" fileid="619" />
                <SequencePoint vc="0" uspid="9900" ordinal="15" offset="309" sl="34" sc="13" el="34" ec="87" bec="0" bev="0" fileid="619" />
                <SequencePoint vc="0" uspid="9901" ordinal="16" offset="333" sl="35" sc="13" el="35" ec="59" bec="0" bev="0" fileid="619" />
                <SequencePoint vc="0" uspid="9902" ordinal="17" offset="357" sl="36" sc="13" el="36" ec="61" bec="0" bev="0" fileid="619" />
                <SequencePoint vc="0" uspid="9903" ordinal="18" offset="381" sl="37" sc="13" el="37" ec="63" bec="0" bev="0" fileid="619" />
                <SequencePoint vc="0" uspid="9904" ordinal="19" offset="405" sl="38" sc="9" el="38" ec="10" bec="0" bev="0" fileid="619" />
              </SequencePoints>
              <BranchPoints>
                <BranchPoint vc="0" uspid="9905" ordinal="0" offset="38" sl="21" path="0" offsetend="40" fileid="619" />
                <BranchPoint vc="0" uspid="9906" ordinal="1" offset="38" sl="21" path="1" offsetend="72" fileid="619" />
                <BranchPoint vc="0" uspid="9907" ordinal="2" offset="47" sl="21" path="0" offsetend="49" fileid="619" />
                <BranchPoint vc="0" uspid="9908" ordinal="3" offset="47" sl="21" path="1" offsetend="72" fileid="619" />
                <BranchPoint vc="0" uspid="9909" ordinal="4" offset="80" sl="22" path="0" offsetend="82" fileid="619" />
                <BranchPoint vc="0" uspid="9910" ordinal="5" offset="80" sl="22" path="1" offsetend="88" fileid="619" />
              </BranchPoints>
              <MethodPoint xsi:type="SequencePoint" vc="0" uspid="9885" ordinal="0" offset="0" sl="12" sc="9" el="12" ec="93" bec="0" bev="0" fileid="619" />
            </Method>
            <Method visited="false" cyclomaticComplexity="1" nPathComplexity="0" sequenceCoverage="0" branchCoverage="0" crapScore="2" isConstructor="false" isStatic="false" isGetter="false" isSetter="false">
              <Summary numSequencePoints="3" visitedSequencePoints="0" numBranchPoints="1" visitedBranchPoints="0" sequenceCoverage="0" branchCoverage="0" maxCyclomaticComplexity="1" minCyclomaticComplexity="1" maxCrapScore="2" minCrapScore="2" visitedClasses="0" numClasses="0" visitedMethods="0" numMethods="1" />
              <MetadataToken>100663363</MetadataToken>
              <Name>System.Void Xunit.Runner.Reporters.TeamCityReporterMessageHandler::HandleErrorMessage(Xunit.MessageHandlerArgs`1&lt;Xunit.Abstractions.IErrorMessage&gt;)</Name>
              <FileRef uid="619" />
              <SequencePoints>
                <SequencePoint vc="0" uspid="9911" ordinal="0" offset="0" sl="42" sc="13" el="42" ec="38" bec="0" bev="0" fileid="619" />
                <SequencePoint vc="0" uspid="9912" ordinal="1" offset="7" sl="43" sc="13" el="43" ec="44" bec="0" bev="0" fileid="619" />
                <SequencePoint vc="0" uspid="9913" ordinal="2" offset="19" sl="44" sc="9" el="44" ec="10" bec="0" bev="0" fileid="619" />
              </SequencePoints>
              <BranchPoints />
              <MethodPoint xsi:type="SequencePoint" vc="0" uspid="9911" ordinal="0" offset="0" sl="42" sc="13" el="42" ec="38" bec="0" bev="0" fileid="619" />
            </Method>
            <Method visited="false" cyclomaticComplexity="1" nPathComplexity="0" sequenceCoverage="0" branchCoverage="0" crapScore="2" isConstructor="false" isStatic="false" isGetter="false" isSetter="false">
              <Summary numSequencePoints="3" visitedSequencePoints="0" numBranchPoints="1" visitedBranchPoints="0" sequenceCoverage="0" branchCoverage="0" maxCyclomaticComplexity="1" minCyclomaticComplexity="1" maxCrapScore="2" minCrapScore="2" visitedClasses="0" numClasses="0" visitedMethods="0" numMethods="1" />
              <MetadataToken>100663364</MetadataToken>
              <Name>System.Void Xunit.Runner.Reporters.TeamCityReporterMessageHandler::HandleTestAssemblyCleanupFailure(Xunit.MessageHandlerArgs`1&lt;Xunit.Abstractions.ITestAssemblyCleanupFailure&gt;)</Name>
              <FileRef uid="619" />
              <SequencePoints>
                <SequencePoint vc="0" uspid="9914" ordinal="0" offset="0" sl="48" sc="13" el="48" ec="47" bec="0" bev="0" fileid="619" />
                <SequencePoint vc="0" uspid="9915" ordinal="1" offset="7" sl="49" sc="13" el="49" ec="126" bec="0" bev="0" fileid="619" />
                <SequencePoint vc="0" uspid="9916" ordinal="2" offset="40" sl="50" sc="9" el="50" ec="10" bec="0" bev="0" fileid="619" />
              </SequencePoints>
              <BranchPoints />
              <MethodPoint xsi:type="SequencePoint" vc="0" uspid="9914" ordinal="0" offset="0" sl="48" sc="13" el="48" ec="47" bec="0" bev="0" fileid="619" />
            </Method>
            <Method visited="false" cyclomaticComplexity="1" nPathComplexity="0" sequenceCoverage="0" branchCoverage="0" crapScore="2" isConstructor="false" isStatic="false" isGetter="false" isSetter="false">
              <Summary numSequencePoints="3" visitedSequencePoints="0" numBranchPoints="1" visitedBranchPoints="0" sequenceCoverage="0" branchCoverage="0" maxCyclomaticComplexity="1" minCyclomaticComplexity="1" maxCrapScore="2" minCrapScore="2" visitedClasses="0" numClasses="0" visitedMethods="0" numMethods="1" />
              <MetadataToken>100663365</MetadataToken>
              <Name>System.Void Xunit.Runner.Reporters.TeamCityReporterMessageHandler::HandleTestCaseCleanupFailure(Xunit.MessageHandlerArgs`1&lt;Xunit.Abstractions.ITestCaseCleanupFailure&gt;)</Name>
              <FileRef uid="619" />
              <SequencePoints>
                <SequencePoint vc="0" uspid="9917" ordinal="0" offset="0" sl="54" sc="13" el="54" ec="47" bec="0" bev="0" fileid="619" />
                <SequencePoint vc="0" uspid="9918" ordinal="1" offset="7" sl="55" sc="13" el="55" ec="108" bec="0" bev="0" fileid="619" />
                <SequencePoint vc="0" uspid="9919" ordinal="2" offset="35" sl="56" sc="9" el="56" ec="10" bec="0" bev="0" fileid="619" />
              </SequencePoints>
              <BranchPoints />
              <MethodPoint xsi:type="SequencePoint" vc="0" uspid="9917" ordinal="0" offset="0" sl="54" sc="13" el="54" ec="47" bec="0" bev="0" fileid="619" />
            </Method>
            <Method visited="false" cyclomaticComplexity="1" nPathComplexity="0" sequenceCoverage="0" branchCoverage="0" crapScore="2" isConstructor="false" isStatic="false" isGetter="false" isSetter="false">
              <Summary numSequencePoints="3" visitedSequencePoints="0" numBranchPoints="1" visitedBranchPoints="0" sequenceCoverage="0" branchCoverage="0" maxCyclomaticComplexity="1" minCyclomaticComplexity="1" maxCrapScore="2" minCrapScore="2" visitedClasses="0" numClasses="0" visitedMethods="0" numMethods="1" />
              <MetadataToken>100663366</MetadataToken>
              <Name>System.Void Xunit.Runner.Reporters.TeamCityReporterMessageHandler::HandleTestCaseCleanupFailure(Xunit.MessageHandlerArgs`1&lt;Xunit.Abstractions.ITestClassCleanupFailure&gt;)</Name>
              <FileRef uid="619" />
              <SequencePoints>
                <SequencePoint vc="0" uspid="9920" ordinal="0" offset="0" sl="60" sc="13" el="60" ec="47" bec="0" bev="0" fileid="619" />
                <SequencePoint vc="0" uspid="9921" ordinal="1" offset="7" sl="61" sc="13" el="61" ec="109" bec="0" bev="0" fileid="619" />
                <SequencePoint vc="0" uspid="9922" ordinal="2" offset="40" sl="62" sc="9" el="62" ec="10" bec="0" bev="0" fileid="619" />
              </SequencePoints>
              <BranchPoints />
              <MethodPoint xsi:type="SequencePoint" vc="0" uspid="9920" ordinal="0" offset="0" sl="60" sc="13" el="60" ec="47" bec="0" bev="0" fileid="619" />
            </Method>
            <Method visited="false" cyclomaticComplexity="1" nPathComplexity="0" sequenceCoverage="0" branchCoverage="0" crapScore="2" isConstructor="false" isStatic="false" isGetter="false" isSetter="false">
              <Summary numSequencePoints="3" visitedSequencePoints="0" numBranchPoints="1" visitedBranchPoints="0" sequenceCoverage="0" branchCoverage="0" maxCyclomaticComplexity="1" minCyclomaticComplexity="1" maxCrapScore="2" minCrapScore="2" visitedClasses="0" numClasses="0" visitedMethods="0" numMethods="1" />
              <MetadataToken>100663367</MetadataToken>
              <Name>System.Void Xunit.Runner.Reporters.TeamCityReporterMessageHandler::HandleTestCollectionCleanupFailure(Xunit.MessageHandlerArgs`1&lt;Xunit.Abstractions.ITestCollectionCleanupFailure&gt;)</Name>
              <FileRef uid="619" />
              <SequencePoints>
                <SequencePoint vc="0" uspid="9923" ordinal="0" offset="0" sl="66" sc="13" el="66" ec="47" bec="0" bev="0" fileid="619" />
                <SequencePoint vc="0" uspid="9924" ordinal="1" offset="7" sl="67" sc="13" el="67" ec="120" bec="0" bev="0" fileid="619" />
                <SequencePoint vc="0" uspid="9925" ordinal="2" offset="35" sl="68" sc="9" el="68" ec="10" bec="0" bev="0" fileid="619" />
              </SequencePoints>
              <BranchPoints />
              <MethodPoint xsi:type="SequencePoint" vc="0" uspid="9923" ordinal="0" offset="0" sl="66" sc="13" el="66" ec="47" bec="0" bev="0" fileid="619" />
            </Method>
            <Method visited="false" cyclomaticComplexity="1" nPathComplexity="0" sequenceCoverage="0" branchCoverage="0" crapScore="2" isConstructor="false" isStatic="false" isGetter="false" isSetter="false">
              <Summary numSequencePoints="3" visitedSequencePoints="0" numBranchPoints="1" visitedBranchPoints="0" sequenceCoverage="0" branchCoverage="0" maxCyclomaticComplexity="1" minCyclomaticComplexity="1" maxCrapScore="2" minCrapScore="2" visitedClasses="0" numClasses="0" visitedMethods="0" numMethods="1" />
              <MetadataToken>100663368</MetadataToken>
              <Name>System.Void Xunit.Runner.Reporters.TeamCityReporterMessageHandler::HandleTestCollectionFinished(Xunit.MessageHandlerArgs`1&lt;Xunit.Abstractions.ITestCollectionFinished&gt;)</Name>
              <FileRef uid="619" />
              <SequencePoints>
                <SequencePoint vc="0" uspid="9926" ordinal="0" offset="0" sl="72" sc="13" el="72" ec="55" bec="0" bev="0" fileid="619" />
                <SequencePoint vc="0" uspid="9927" ordinal="1" offset="7" sl="73" sc="13" el="73" ec="234" bec="0" bev="0" fileid="619" />
                <SequencePoint vc="0" uspid="9928" ordinal="2" offset="67" sl="74" sc="9" el="74" ec="10" bec="0" bev="0" fileid="619" />
              </SequencePoints>
              <BranchPoints />
              <MethodPoint xsi:type="SequencePoint" vc="0" uspid="9926" ordinal="0" offset="0" sl="72" sc="13" el="72" ec="55" bec="0" bev="0" fileid="619" />
            </Method>
            <Method visited="false" cyclomaticComplexity="1" nPathComplexity="0" sequenceCoverage="0" branchCoverage="0" crapScore="2" isConstructor="false" isStatic="false" isGetter="false" isSetter="false">
              <Summary numSequencePoints="3" visitedSequencePoints="0" numBranchPoints="1" visitedBranchPoints="0" sequenceCoverage="0" branchCoverage="0" maxCyclomaticComplexity="1" minCyclomaticComplexity="1" maxCrapScore="2" minCrapScore="2" visitedClasses="0" numClasses="0" visitedMethods="0" numMethods="1" />
              <MetadataToken>100663369</MetadataToken>
              <Name>System.Void Xunit.Runner.Reporters.TeamCityReporterMessageHandler::HandleTestCollectionStarting(Xunit.MessageHandlerArgs`1&lt;Xunit.Abstractions.ITestCollectionStarting&gt;)</Name>
              <FileRef uid="619" />
              <SequencePoints>
                <SequencePoint vc="0" uspid="9929" ordinal="0" offset="0" sl="78" sc="13" el="78" ec="55" bec="0" bev="0" fileid="619" />
                <SequencePoint vc="0" uspid="9930" ordinal="1" offset="7" sl="79" sc="13" el="79" ec="233" bec="0" bev="0" fileid="619" />
                <SequencePoint vc="0" uspid="9931" ordinal="2" offset="67" sl="80" sc="9" el="80" ec="10" bec="0" bev="0" fileid="619" />
              </SequencePoints>
              <BranchPoints />
              <MethodPoint xsi:type="SequencePoint" vc="0" uspid="9929" ordinal="0" offset="0" sl="78" sc="13" el="78" ec="55" bec="0" bev="0" fileid="619" />
            </Method>
            <Method visited="false" cyclomaticComplexity="1" nPathComplexity="0" sequenceCoverage="0" branchCoverage="0" crapScore="2" isConstructor="false" isStatic="false" isGetter="false" isSetter="false">
              <Summary numSequencePoints="3" visitedSequencePoints="0" numBranchPoints="1" visitedBranchPoints="0" sequenceCoverage="0" branchCoverage="0" maxCyclomaticComplexity="1" minCyclomaticComplexity="1" maxCrapScore="2" minCrapScore="2" visitedClasses="0" numClasses="0" visitedMethods="0" numMethods="1" />
              <MetadataToken>100663370</MetadataToken>
              <Name>System.Void Xunit.Runner.Reporters.TeamCityReporterMessageHandler::HandleTestCleanupFailure(Xunit.MessageHandlerArgs`1&lt;Xunit.Abstractions.ITestCleanupFailure&gt;)</Name>
              <FileRef uid="619" />
              <SequencePoints>
                <SequencePoint vc="0" uspid="9932" ordinal="0" offset="0" sl="84" sc="13" el="84" ec="47" bec="0" bev="0" fileid="619" />
                <SequencePoint vc="0" uspid="9933" ordinal="1" offset="7" sl="85" sc="13" el="85" ec="99" bec="0" bev="0" fileid="619" />
                <SequencePoint vc="0" uspid="9934" ordinal="2" offset="35" sl="86" sc="9" el="86" ec="10" bec="0" bev="0" fileid="619" />
              </SequencePoints>
              <BranchPoints />
              <MethodPoint xsi:type="SequencePoint" vc="0" uspid="9932" ordinal="0" offset="0" sl="84" sc="13" el="84" ec="47" bec="0" bev="0" fileid="619" />
            </Method>
            <Method visited="false" cyclomaticComplexity="1" nPathComplexity="0" sequenceCoverage="0" branchCoverage="0" crapScore="2" isConstructor="false" isStatic="false" isGetter="false" isSetter="false">
              <Summary numSequencePoints="4" visitedSequencePoints="0" numBranchPoints="1" visitedBranchPoints="0" sequenceCoverage="0" branchCoverage="0" maxCyclomaticComplexity="1" minCyclomaticComplexity="1" maxCrapScore="2" minCrapScore="2" visitedClasses="0" numClasses="0" visitedMethods="0" numMethods="1" />
              <MetadataToken>100663371</MetadataToken>
              <Name>System.Void Xunit.Runner.Reporters.TeamCityReporterMessageHandler::HandleTestFailed(Xunit.MessageHandlerArgs`1&lt;Xunit.Abstractions.ITestFailed&gt;)</Name>
              <FileRef uid="619" />
              <SequencePoints>
                <SequencePoint vc="0" uspid="9935" ordinal="0" offset="0" sl="90" sc="13" el="90" ec="43" bec="0" bev="0" fileid="619" />
                <SequencePoint vc="0" uspid="9936" ordinal="1" offset="7" sl="91" sc="13" el="91" ec="319" bec="0" bev="0" fileid="619" />
                <SequencePoint vc="0" uspid="9937" ordinal="2" offset="107" sl="92" sc="13" el="92" ec="35" bec="0" bev="0" fileid="619" />
                <SequencePoint vc="0" uspid="9938" ordinal="3" offset="114" sl="93" sc="9" el="93" ec="10" bec="0" bev="0" fileid="619" />
              </SequencePoints>
              <BranchPoints />
              <MethodPoint xsi:type="SequencePoint" vc="0" uspid="9935" ordinal="0" offset="0" sl="90" sc="13" el="90" ec="43" bec="0" bev="0" fileid="619" />
            </Method>
            <Method visited="false" cyclomaticComplexity="1" nPathComplexity="0" sequenceCoverage="0" branchCoverage="0" crapScore="2" isConstructor="false" isStatic="false" isGetter="false" isSetter="false">
              <Summary numSequencePoints="3" visitedSequencePoints="0" numBranchPoints="1" visitedBranchPoints="0" sequenceCoverage="0" branchCoverage="0" maxCyclomaticComplexity="1" minCyclomaticComplexity="1" maxCrapScore="2" minCrapScore="2" visitedClasses="0" numClasses="0" visitedMethods="0" numMethods="1" />
              <MetadataToken>100663372</MetadataToken>
              <Name>System.Void Xunit.Runner.Reporters.TeamCityReporterMessageHandler::HandleTestMethodCleanupFailure(Xunit.MessageHandlerArgs`1&lt;Xunit.Abstractions.ITestMethodCleanupFailure&gt;)</Name>
              <FileRef uid="619" />
              <SequencePoints>
                <SequencePoint vc="0" uspid="9939" ordinal="0" offset="0" sl="97" sc="13" el="97" ec="47" bec="0" bev="0" fileid="619" />
                <SequencePoint vc="0" uspid="9940" ordinal="1" offset="7" sl="98" sc="13" el="98" ec="112" bec="0" bev="0" fileid="619" />
                <SequencePoint vc="0" uspid="9941" ordinal="2" offset="40" sl="99" sc="9" el="99" ec="10" bec="0" bev="0" fileid="619" />
              </SequencePoints>
              <BranchPoints />
              <MethodPoint xsi:type="SequencePoint" vc="0" uspid="9939" ordinal="0" offset="0" sl="97" sc="13" el="97" ec="47" bec="0" bev="0" fileid="619" />
            </Method>
            <Method visited="false" cyclomaticComplexity="1" nPathComplexity="0" sequenceCoverage="0" branchCoverage="0" crapScore="2" isConstructor="false" isStatic="false" isGetter="false" isSetter="false">
              <Summary numSequencePoints="3" visitedSequencePoints="0" numBranchPoints="1" visitedBranchPoints="0" sequenceCoverage="0" branchCoverage="0" maxCyclomaticComplexity="1" minCyclomaticComplexity="1" maxCrapScore="2" minCrapScore="2" visitedClasses="0" numClasses="0" visitedMethods="0" numMethods="1" />
              <MetadataToken>100663373</MetadataToken>
              <Name>System.Void Xunit.Runner.Reporters.TeamCityReporterMessageHandler::HandleTestPassed(Xunit.MessageHandlerArgs`1&lt;Xunit.Abstractions.ITestPassed&gt;)</Name>
              <FileRef uid="619" />
              <SequencePoints>
                <SequencePoint vc="0" uspid="9942" ordinal="0" offset="0" sl="103" sc="13" el="103" ec="43" bec="0" bev="0" fileid="619" />
                <SequencePoint vc="0" uspid="9943" ordinal="1" offset="7" sl="104" sc="13" el="104" ec="35" bec="0" bev="0" fileid="619" />
                <SequencePoint vc="0" uspid="9944" ordinal="2" offset="14" sl="105" sc="9" el="105" ec="10" bec="0" bev="0" fileid="619" />
              </SequencePoints>
              <BranchPoints />
              <MethodPoint xsi:type="SequencePoint" vc="0" uspid="9942" ordinal="0" offset="0" sl="103" sc="13" el="103" ec="43" bec="0" bev="0" fileid="619" />
            </Method>
            <Method visited="false" cyclomaticComplexity="1" nPathComplexity="0" sequenceCoverage="0" branchCoverage="0" crapScore="2" isConstructor="false" isStatic="false" isGetter="false" isSetter="false">
              <Summary numSequencePoints="4" visitedSequencePoints="0" numBranchPoints="1" visitedBranchPoints="0" sequenceCoverage="0" branchCoverage="0" maxCyclomaticComplexity="1" minCyclomaticComplexity="1" maxCrapScore="2" minCrapScore="2" visitedClasses="0" numClasses="0" visitedMethods="0" numMethods="1" />
              <MetadataToken>100663374</MetadataToken>
              <Name>System.Void Xunit.Runner.Reporters.TeamCityReporterMessageHandler::HandleTestSkipped(Xunit.MessageHandlerArgs`1&lt;Xunit.Abstractions.ITestSkipped&gt;)</Name>
              <FileRef uid="619" />
              <SequencePoints>
                <SequencePoint vc="0" uspid="9945" ordinal="0" offset="0" sl="109" sc="13" el="109" ec="44" bec="0" bev="0" fileid="619" />
                <SequencePoint vc="0" uspid="9946" ordinal="1" offset="7" sl="110" sc="13" el="110" ec="235" bec="0" bev="0" fileid="619" />
                <SequencePoint vc="0" uspid="9947" ordinal="2" offset="78" sl="111" sc="13" el="111" ec="36" bec="0" bev="0" fileid="619" />
                <SequencePoint vc="0" uspid="9948" ordinal="3" offset="85" sl="112" sc="9" el="112" ec="10" bec="0" bev="0" fileid="619" />
              </SequencePoints>
              <BranchPoints />
              <MethodPoint xsi:type="SequencePoint" vc="0" uspid="9945" ordinal="0" offset="0" sl="109" sc="13" el="109" ec="44" bec="0" bev="0" fileid="619" />
            </Method>
            <Method visited="false" cyclomaticComplexity="1" nPathComplexity="0" sequenceCoverage="0" branchCoverage="0" crapScore="2" isConstructor="false" isStatic="false" isGetter="false" isSetter="false">
              <Summary numSequencePoints="3" visitedSequencePoints="0" numBranchPoints="1" visitedBranchPoints="0" sequenceCoverage="0" branchCoverage="0" maxCyclomaticComplexity="1" minCyclomaticComplexity="1" maxCrapScore="2" minCrapScore="2" visitedClasses="0" numClasses="0" visitedMethods="0" numMethods="1" />
              <MetadataToken>100663375</MetadataToken>
              <Name>System.Void Xunit.Runner.Reporters.TeamCityReporterMessageHandler::HandleTestStarting(Xunit.MessageHandlerArgs`1&lt;Xunit.Abstractions.ITestStarting&gt;)</Name>
              <FileRef uid="619" />
              <SequencePoints>
                <SequencePoint vc="0" uspid="9949" ordinal="0" offset="0" sl="116" sc="13" el="116" ec="45" bec="0" bev="0" fileid="619" />
                <SequencePoint vc="0" uspid="9950" ordinal="1" offset="7" sl="117" sc="13" el="117" ec="198" bec="0" bev="0" fileid="619" />
                <SequencePoint vc="0" uspid="9951" ordinal="2" offset="67" sl="118" sc="9" el="118" ec="10" bec="0" bev="0" fileid="619" />
              </SequencePoints>
              <BranchPoints />
              <MethodPoint xsi:type="SequencePoint" vc="0" uspid="9949" ordinal="0" offset="0" sl="116" sc="13" el="116" ec="45" bec="0" bev="0" fileid="619" />
            </Method>
            <Method visited="false" cyclomaticComplexity="1" nPathComplexity="0" sequenceCoverage="0" branchCoverage="0" crapScore="2" isConstructor="false" isStatic="false" isGetter="false" isSetter="false">
              <Summary numSequencePoints="4" visitedSequencePoints="0" numBranchPoints="1" visitedBranchPoints="0" sequenceCoverage="0" branchCoverage="0" maxCyclomaticComplexity="1" minCyclomaticComplexity="1" maxCrapScore="2" minCrapScore="2" visitedClasses="0" numClasses="0" visitedMethods="0" numMethods="1" />
              <MetadataToken>100663376</MetadataToken>
              <Name>System.Void Xunit.Runner.Reporters.TeamCityReporterMessageHandler::LogError(System.String,Xunit.Abstractions.IFailureInformation)</Name>
              <FileRef uid="619" />
              <SequencePoints>
                <SequencePoint vc="0" uspid="9952" ordinal="0" offset="0" sl="124" sc="13" el="124" ec="127" bec="0" bev="0" fileid="619" />
                <SequencePoint vc="0" uspid="9953" ordinal="1" offset="26" sl="125" sc="13" el="125" ec="74" bec="0" bev="0" fileid="619" />
                <SequencePoint vc="0" uspid="9954" ordinal="2" offset="33" sl="127" sc="13" el="127" ec="135" bec="0" bev="0" fileid="619" />
                <SequencePoint vc="0" uspid="9955" ordinal="3" offset="66" sl="128" sc="9" el="128" ec="10" bec="0" bev="0" fileid="619" />
              </SequencePoints>
              <BranchPoints />
              <MethodPoint xsi:type="SequencePoint" vc="0" uspid="9952" ordinal="0" offset="0" sl="124" sc="13" el="124" ec="127" bec="0" bev="0" fileid="619" />
            </Method>
            <Method visited="false" cyclomaticComplexity="2" nPathComplexity="2" sequenceCoverage="0" branchCoverage="0" crapScore="6" isConstructor="false" isStatic="false" isGetter="false" isSetter="false">
              <Summary numSequencePoints="5" visitedSequencePoints="0" numBranchPoints="3" visitedBranchPoints="0" sequenceCoverage="0" branchCoverage="0" maxCyclomaticComplexity="2" minCyclomaticComplexity="2" maxCrapScore="6" minCrapScore="6" visitedClasses="0" numClasses="0" visitedMethods="0" numMethods="1" />
              <MetadataToken>100663377</MetadataToken>
              <Name>System.Void Xunit.Runner.Reporters.TeamCityReporterMessageHandler::LogFinish(Xunit.Abstractions.ITestResultMessage)</Name>
              <FileRef uid="619" />
              <SequencePoints>
                <SequencePoint vc="0" uspid="9956" ordinal="0" offset="0" sl="132" sc="13" el="132" ec="91" bec="0" bev="0" fileid="619" />
                <SequencePoint vc="0" uspid="9957" ordinal="1" offset="23" sl="134" sc="13" el="134" ec="63" bec="2" bev="0" fileid="619" />
                <SequencePoint vc="0" uspid="9958" ordinal="2" offset="36" sl="135" sc="17" el="135" ec="128" bec="0" bev="0" fileid="619" />
                <SequencePoint vc="0" uspid="9959" ordinal="3" offset="69" sl="137" sc="13" el="137" ec="204" bec="0" bev="0" fileid="619" />
                <SequencePoint vc="0" uspid="9960" ordinal="4" offset="139" sl="138" sc="9" el="138" ec="10" bec="0" bev="0" fileid="619" />
              </SequencePoints>
              <BranchPoints>
                <BranchPoint vc="0" uspid="9961" ordinal="0" offset="34" sl="134" path="0" offsetend="36" fileid="619" />
                <BranchPoint vc="0" uspid="9962" ordinal="1" offset="34" sl="134" path="1" offsetend="69" fileid="619" />
              </BranchPoints>
              <MethodPoint xsi:type="SequencePoint" vc="0" uspid="9956" ordinal="0" offset="0" sl="132" sc="13" el="132" ec="91" bec="0" bev="0" fileid="619" />
            </Method>
            <Method visited="false" cyclomaticComplexity="2" nPathComplexity="2" sequenceCoverage="0" branchCoverage="0" crapScore="6" isConstructor="false" isStatic="true" isGetter="false" isSetter="false">
              <Summary numSequencePoints="3" visitedSequencePoints="0" numBranchPoints="3" visitedBranchPoints="0" sequenceCoverage="0" branchCoverage="0" maxCyclomaticComplexity="2" minCyclomaticComplexity="2" maxCrapScore="6" minCrapScore="6" visitedClasses="0" numClasses="0" visitedMethods="0" numMethods="1" />
              <MetadataToken>100663378</MetadataToken>
              <Name>System.String Xunit.Runner.Reporters.TeamCityReporterMessageHandler::Escape(System.String)</Name>
              <FileRef uid="619" />
              <SequencePoints>
                <SequencePoint vc="0" uspid="9963" ordinal="0" offset="0" sl="142" sc="13" el="142" ec="31" bec="2" bev="0" fileid="619" />
                <SequencePoint vc="0" uspid="9964" ordinal="1" offset="3" sl="143" sc="17" el="143" ec="37" bec="0" bev="0" fileid="619" />
                <SequencePoint vc="0" uspid="9965" ordinal="2" offset="9" sl="145" sc="13" el="153" ec="50" bec="0" bev="0" fileid="619" />
              </SequencePoints>
              <BranchPoints>
                <BranchPoint vc="0" uspid="9966" ordinal="0" offset="1" sl="142" path="0" offsetend="3" fileid="619" />
                <BranchPoint vc="0" uspid="9967" ordinal="1" offset="1" sl="142" path="1" offsetend="9" fileid="619" />
              </BranchPoints>
              <MethodPoint xsi:type="SequencePoint" vc="0" uspid="9963" ordinal="0" offset="0" sl="142" sc="13" el="142" ec="31" bec="2" bev="0" fileid="619" />
            </Method>
            <Method visited="false" cyclomaticComplexity="3" nPathComplexity="4" sequenceCoverage="0" branchCoverage="0" crapScore="12" isConstructor="false" isStatic="false" isGetter="false" isSetter="false">
              <Summary numSequencePoints="14" visitedSequencePoints="0" numBranchPoints="5" visitedBranchPoints="0" sequenceCoverage="0" branchCoverage="0" maxCyclomaticComplexity="3" minCyclomaticComplexity="3" maxCrapScore="12" minCrapScore="12" visitedClasses="0" numClasses="0" visitedMethods="0" numMethods="1" />
              <MetadataToken>100663379</MetadataToken>
              <Name>System.String Xunit.Runner.Reporters.TeamCityReporterMessageHandler::ToFlowId(System.String)</Name>
              <FileRef uid="619" />
              <SequencePoints>
                <SequencePoint vc="0" uspid="9968" ordinal="0" offset="0" sl="160" sc="13" el="160" ec="46" bec="0" bev="0" fileid="619" />
                <SequencePoint vc="0" uspid="9969" ordinal="1" offset="11" sl="164" sc="17" el="164" ec="78" bec="2" bev="0" fileid="619" />
                <SequencePoint vc="0" uspid="9970" ordinal="2" offset="27" sl="165" sc="21" el="165" ec="35" bec="0" bev="0" fileid="619" />
                <SequencePoint vc="0" uspid="9971" ordinal="3" offset="31" sl="166" sc="13" el="166" ec="14" bec="0" bev="0" fileid="619" />
                <SequencePoint vc="0" uspid="9972" ordinal="4" offset="33" sl="169" sc="17" el="169" ec="49" bec="0" bev="0" fileid="619" />
                <SequencePoint vc="0" uspid="9973" ordinal="5" offset="44" sl="170" sc="13" el="170" ec="14" bec="0" bev="0" fileid="619" />
                <SequencePoint vc="0" uspid="9974" ordinal="6" offset="45" sl="172" sc="13" el="172" ec="47" bec="0" bev="0" fileid="619" />
                <SequencePoint vc="0" uspid="9975" ordinal="7" offset="56" sl="176" sc="17" el="176" ec="79" bec="2" bev="0" fileid="619" />
                <SequencePoint vc="0" uspid="9976" ordinal="8" offset="72" sl="178" sc="21" el="178" ec="63" bec="0" bev="0" fileid="619" />
                <SequencePoint vc="0" uspid="9977" ordinal="9" offset="85" sl="179" sc="21" el="179" ec="63" bec="0" bev="0" fileid="619" />
                <SequencePoint vc="0" uspid="9978" ordinal="10" offset="98" sl="182" sc="17" el="182" ec="31" bec="0" bev="0" fileid="619" />
                <SequencePoint vc="0" uspid="9979" ordinal="11" offset="102" sl="186" sc="17" el="186" ec="50" bec="0" bev="0" fileid="619" />
                <SequencePoint vc="0" uspid="9980" ordinal="12" offset="113" sl="187" sc="13" el="187" ec="14" bec="0" bev="0" fileid="619" />
                <SequencePoint vc="0" uspid="9981" ordinal="13" offset="114" sl="188" sc="9" el="188" ec="10" bec="0" bev="0" fileid="619" />
              </SequencePoints>
              <BranchPoints>
                <BranchPoint vc="0" uspid="9982" ordinal="0" offset="25" sl="164" path="0" offsetend="27" fileid="619" />
                <BranchPoint vc="0" uspid="9983" ordinal="1" offset="25" sl="164" path="1" offsetend="31" fileid="619" />
                <BranchPoint vc="0" uspid="9984" ordinal="2" offset="70" sl="176" path="0" offsetend="72" fileid="619" />
                <BranchPoint vc="0" uspid="9985" ordinal="3" offset="70" sl="176" path="1" offsetend="98" fileid="619" />
              </BranchPoints>
              <MethodPoint xsi:type="SequencePoint" vc="0" uspid="9968" ordinal="0" offset="0" sl="160" sc="13" el="160" ec="46" bec="0" bev="0" fileid="619" />
            </Method>
          </Methods>
        </Class>
        <Class>
          <Summary numSequencePoints="1" visitedSequencePoints="0" numBranchPoints="1" visitedBranchPoints="0" sequenceCoverage="0" branchCoverage="0" maxCyclomaticComplexity="1" minCyclomaticComplexity="1" maxCrapScore="2" minCrapScore="2" visitedClasses="0" numClasses="1" visitedMethods="0" numMethods="1" />
          <FullName>Xunit.Runner.Reporters.TeamCityReporterMessageHandler/&lt;&gt;c</FullName>
          <Methods>
            <Method visited="false" cyclomaticComplexity="1" nPathComplexity="0" sequenceCoverage="0" branchCoverage="0" crapScore="2" isConstructor="true" isStatic="true" isGetter="false" isSetter="false">
              <Summary numSequencePoints="0" visitedSequencePoints="0" numBranchPoints="0" visitedBranchPoints="0" sequenceCoverage="0" branchCoverage="0" maxCyclomaticComplexity="1" minCyclomaticComplexity="1" maxCrapScore="2" minCrapScore="2" visitedClasses="0" numClasses="0" visitedMethods="0" numMethods="0" />
              <MetadataToken>100663430</MetadataToken>
              <Name>System.Void Xunit.Runner.Reporters.TeamCityReporterMessageHandler/&lt;&gt;c::.cctor()</Name>
              <SequencePoints />
              <BranchPoints />
              <MethodPoint vc="0" uspid="9986" ordinal="0" offset="0" />
            </Method>
            <Method visited="false" cyclomaticComplexity="1" nPathComplexity="0" sequenceCoverage="0" branchCoverage="0" crapScore="2" isConstructor="true" isStatic="false" isGetter="false" isSetter="false">
              <Summary numSequencePoints="0" visitedSequencePoints="0" numBranchPoints="0" visitedBranchPoints="0" sequenceCoverage="0" branchCoverage="0" maxCyclomaticComplexity="1" minCyclomaticComplexity="1" maxCrapScore="2" minCrapScore="2" visitedClasses="0" numClasses="0" visitedMethods="0" numMethods="0" />
              <MetadataToken>100663431</MetadataToken>
              <Name>System.Void Xunit.Runner.Reporters.TeamCityReporterMessageHandler/&lt;&gt;c::.ctor()</Name>
              <SequencePoints />
              <BranchPoints />
              <MethodPoint vc="0" uspid="9987" ordinal="0" offset="0" />
            </Method>
            <Method visited="false" cyclomaticComplexity="1" nPathComplexity="0" sequenceCoverage="0" branchCoverage="0" crapScore="2" isConstructor="false" isStatic="false" isGetter="false" isSetter="false">
              <Summary numSequencePoints="1" visitedSequencePoints="0" numBranchPoints="1" visitedBranchPoints="0" sequenceCoverage="0" branchCoverage="0" maxCyclomaticComplexity="1" minCyclomaticComplexity="1" maxCrapScore="2" minCrapScore="2" visitedClasses="0" numClasses="0" visitedMethods="0" numMethods="1" />
              <MetadataToken>100663432</MetadataToken>
              <Name>System.String Xunit.Runner.Reporters.TeamCityReporterMessageHandler/&lt;&gt;c::&lt;.ctor&gt;b__5_0(System.String)</Name>
              <FileRef uid="619" />
              <SequencePoints>
                <SequencePoint vc="0" uspid="9988" ordinal="0" offset="0" sl="21" sc="55" el="21" ec="83" bec="0" bev="0" fileid="619" />
              </SequencePoints>
              <BranchPoints />
              <MethodPoint xsi:type="SequencePoint" vc="0" uspid="9988" ordinal="0" offset="0" sl="21" sc="55" el="21" ec="83" bec="0" bev="0" fileid="619" />
            </Method>
          </Methods>
        </Class>
        <Class>
          <Summary numSequencePoints="8" visitedSequencePoints="0" numBranchPoints="5" visitedBranchPoints="0" sequenceCoverage="0" branchCoverage="0" maxCyclomaticComplexity="3" minCyclomaticComplexity="1" maxCrapScore="12" minCrapScore="2" visitedClasses="0" numClasses="1" visitedMethods="0" numMethods="3" />
          <FullName>Xunit.Runner.Reporters.TeamCityDisplayNameFormatter</FullName>
          <Methods>
            <Method visited="false" cyclomaticComplexity="3" nPathComplexity="2" sequenceCoverage="0" branchCoverage="0" crapScore="12" isConstructor="false" isStatic="false" isGetter="false" isSetter="false">
              <Summary numSequencePoints="6" visitedSequencePoints="0" numBranchPoints="3" visitedBranchPoints="0" sequenceCoverage="0" branchCoverage="0" maxCyclomaticComplexity="3" minCyclomaticComplexity="3" maxCrapScore="12" minCrapScore="12" visitedClasses="0" numClasses="0" visitedMethods="0" numMethods="1" />
              <MetadataToken>100663380</MetadataToken>
              <Name>System.String Xunit.Runner.Reporters.TeamCityDisplayNameFormatter::DisplayName(Xunit.Abstractions.ITestCollection)</Name>
              <FileRef uid="621" />
              <SequencePoints>
                <SequencePoint vc="0" uspid="9989" ordinal="0" offset="0" sl="16" sc="13" el="16" ec="36" bec="0" bev="0" fileid="621" />
                <SequencePoint vc="0" uspid="9990" ordinal="1" offset="17" sl="18" sc="17" el="18" ec="102" bec="2" bev="0" fileid="621" />
                <SequencePoint vc="0" uspid="9991" ordinal="2" offset="48" sl="20" sc="21" el="20" ec="67" bec="0" bev="0" fileid="621" />
                <SequencePoint vc="0" uspid="9992" ordinal="3" offset="60" sl="21" sc="21" el="21" ec="86" bec="0" bev="0" fileid="621" />
                <SequencePoint vc="0" uspid="9993" ordinal="4" offset="88" sl="23" sc="13" el="23" ec="14" bec="0" bev="0" fileid="621" />
                <SequencePoint vc="0" uspid="9994" ordinal="5" offset="100" sl="25" sc="13" el="25" ec="59" bec="0" bev="0" fileid="621" />
              </SequencePoints>
              <BranchPoints>
                <BranchPoint vc="0" uspid="9995" ordinal="0" offset="46" sl="18" path="0" offsetend="48" fileid="621" />
                <BranchPoint vc="0" uspid="9996" ordinal="1" offset="46" sl="18" path="1" offsetend="88" fileid="621" />
              </BranchPoints>
              <MethodPoint xsi:type="SequencePoint" vc="0" uspid="9989" ordinal="0" offset="0" sl="16" sc="13" el="16" ec="36" bec="0" bev="0" fileid="621" />
            </Method>
            <Method visited="false" cyclomaticComplexity="1" nPathComplexity="0" sequenceCoverage="0" branchCoverage="0" crapScore="2" isConstructor="false" isStatic="false" isGetter="false" isSetter="false">
              <Summary numSequencePoints="1" visitedSequencePoints="0" numBranchPoints="1" visitedBranchPoints="0" sequenceCoverage="0" branchCoverage="0" maxCyclomaticComplexity="1" minCyclomaticComplexity="1" maxCrapScore="2" minCrapScore="2" visitedClasses="0" numClasses="0" visitedMethods="0" numMethods="1" />
              <MetadataToken>100663381</MetadataToken>
              <Name>System.String Xunit.Runner.Reporters.TeamCityDisplayNameFormatter::DisplayName(Xunit.Abstractions.ITest)</Name>
              <FileRef uid="621" />
              <SequencePoints>
                <SequencePoint vc="0" uspid="9997" ordinal="0" offset="0" sl="30" sc="13" el="30" ec="37" bec="0" bev="0" fileid="621" />
              </SequencePoints>
              <BranchPoints />
              <MethodPoint xsi:type="SequencePoint" vc="0" uspid="9997" ordinal="0" offset="0" sl="30" sc="13" el="30" ec="37" bec="0" bev="0" fileid="621" />
            </Method>
            <Method visited="false" cyclomaticComplexity="1" nPathComplexity="0" sequenceCoverage="0" branchCoverage="0" crapScore="2" isConstructor="true" isStatic="false" isGetter="false" isSetter="false">
              <Summary numSequencePoints="1" visitedSequencePoints="0" numBranchPoints="1" visitedBranchPoints="0" sequenceCoverage="0" branchCoverage="0" maxCyclomaticComplexity="1" minCyclomaticComplexity="1" maxCrapScore="2" minCrapScore="2" visitedClasses="0" numClasses="0" visitedMethods="0" numMethods="1" />
              <MetadataToken>100663382</MetadataToken>
              <Name>System.Void Xunit.Runner.Reporters.TeamCityDisplayNameFormatter::.ctor()</Name>
              <FileRef uid="621" />
              <SequencePoints>
                <SequencePoint vc="0" uspid="9998" ordinal="0" offset="0" sl="10" sc="9" el="10" ec="91" bec="0" bev="0" fileid="621" />
              </SequencePoints>
              <BranchPoints />
              <MethodPoint xsi:type="SequencePoint" vc="0" uspid="9998" ordinal="0" offset="0" sl="10" sc="9" el="10" ec="91" bec="0" bev="0" fileid="621" />
            </Method>
          </Methods>
        </Class>
        <Class>
          <Summary numSequencePoints="4" visitedSequencePoints="2" numBranchPoints="4" visitedBranchPoints="2" sequenceCoverage="50" branchCoverage="50" maxCyclomaticComplexity="1" minCyclomaticComplexity="1" maxCrapScore="2" minCrapScore="1" visitedClasses="1" numClasses="1" visitedMethods="2" numMethods="4" />
          <FullName>Xunit.Runner.Reporters.VerboseReporter</FullName>
          <Methods>
            <Method visited="true" cyclomaticComplexity="1" nPathComplexity="0" sequenceCoverage="100" branchCoverage="100" crapScore="1" isConstructor="false" isStatic="false" isGetter="true" isSetter="false">
              <Summary numSequencePoints="1" visitedSequencePoints="1" numBranchPoints="1" visitedBranchPoints="1" sequenceCoverage="100" branchCoverage="100" maxCyclomaticComplexity="1" minCyclomaticComplexity="1" maxCrapScore="1" minCrapScore="1" visitedClasses="0" numClasses="0" visitedMethods="1" numMethods="1" />
              <MetadataToken>100663383</MetadataToken>
              <Name>System.String Xunit.Runner.Reporters.VerboseReporter::get_Description()</Name>
              <FileRef uid="622" />
              <SequencePoints>
                <SequencePoint vc="1" uspid="9999" ordinal="0" offset="0" sl="8" sc="16" el="8" ec="48" bec="0" bev="0" fileid="622" />
              </SequencePoints>
              <BranchPoints />
              <MethodPoint xsi:type="SequencePoint" vc="1" uspid="9999" ordinal="0" offset="0" sl="8" sc="16" el="8" ec="48" bec="0" bev="0" fileid="622" />
            </Method>
            <Method visited="false" cyclomaticComplexity="1" nPathComplexity="0" sequenceCoverage="0" branchCoverage="0" crapScore="2" isConstructor="false" isStatic="false" isGetter="true" isSetter="false">
              <Summary numSequencePoints="1" visitedSequencePoints="0" numBranchPoints="1" visitedBranchPoints="0" sequenceCoverage="0" branchCoverage="0" maxCyclomaticComplexity="1" minCyclomaticComplexity="1" maxCrapScore="2" minCrapScore="2" visitedClasses="0" numClasses="0" visitedMethods="0" numMethods="1" />
              <MetadataToken>100663384</MetadataToken>
              <Name>System.Boolean Xunit.Runner.Reporters.VerboseReporter::get_IsEnvironmentallyEnabled()</Name>
              <FileRef uid="622" />
              <SequencePoints>
                <SequencePoint vc="0" uspid="10000" ordinal="0" offset="0" sl="11" sc="16" el="11" ec="21" bec="0" bev="0" fileid="622" />
              </SequencePoints>
              <BranchPoints />
              <MethodPoint xsi:type="SequencePoint" vc="0" uspid="10000" ordinal="0" offset="0" sl="11" sc="16" el="11" ec="21" bec="0" bev="0" fileid="622" />
            </Method>
            <Method visited="true" cyclomaticComplexity="1" nPathComplexity="0" sequenceCoverage="100" branchCoverage="100" crapScore="1" isConstructor="false" isStatic="false" isGetter="true" isSetter="false">
              <Summary numSequencePoints="1" visitedSequencePoints="1" numBranchPoints="1" visitedBranchPoints="1" sequenceCoverage="100" branchCoverage="100" maxCyclomaticComplexity="1" minCyclomaticComplexity="1" maxCrapScore="1" minCrapScore="1" visitedClasses="0" numClasses="0" visitedMethods="1" numMethods="1" />
              <MetadataToken>100663385</MetadataToken>
              <Name>System.String Xunit.Runner.Reporters.VerboseReporter::get_RunnerSwitch()</Name>
              <FileRef uid="622" />
              <SequencePoints>
                <SequencePoint vc="3" uspid="10001" ordinal="0" offset="0" sl="14" sc="16" el="14" ec="25" bec="0" bev="0" fileid="622" />
              </SequencePoints>
              <BranchPoints />
              <MethodPoint xsi:type="SequencePoint" vc="3" uspid="10001" ordinal="0" offset="0" sl="14" sc="16" el="14" ec="25" bec="0" bev="0" fileid="622" />
            </Method>
            <Method visited="false" cyclomaticComplexity="1" nPathComplexity="0" sequenceCoverage="0" branchCoverage="0" crapScore="2" isConstructor="false" isStatic="false" isGetter="false" isSetter="false">
              <Summary numSequencePoints="1" visitedSequencePoints="0" numBranchPoints="1" visitedBranchPoints="0" sequenceCoverage="0" branchCoverage="0" maxCyclomaticComplexity="1" minCyclomaticComplexity="1" maxCrapScore="2" minCrapScore="2" visitedClasses="0" numClasses="0" visitedMethods="0" numMethods="1" />
              <MetadataToken>100663386</MetadataToken>
              <Name>Xunit.Abstractions.IMessageSink Xunit.Runner.Reporters.VerboseReporter::CreateMessageHandler(Xunit.IRunnerLogger)</Name>
              <FileRef uid="622" />
              <SequencePoints>
                <SequencePoint vc="0" uspid="10002" ordinal="0" offset="0" sl="17" sc="16" el="17" ec="57" bec="0" bev="0" fileid="622" />
              </SequencePoints>
              <BranchPoints />
              <MethodPoint xsi:type="SequencePoint" vc="0" uspid="10002" ordinal="0" offset="0" sl="17" sc="16" el="17" ec="57" bec="0" bev="0" fileid="622" />
            </Method>
            <Method visited="false" cyclomaticComplexity="1" nPathComplexity="0" sequenceCoverage="0" branchCoverage="0" crapScore="2" isConstructor="true" isStatic="false" isGetter="false" isSetter="false">
              <Summary numSequencePoints="0" visitedSequencePoints="0" numBranchPoints="0" visitedBranchPoints="0" sequenceCoverage="0" branchCoverage="0" maxCyclomaticComplexity="1" minCyclomaticComplexity="1" maxCrapScore="2" minCrapScore="2" visitedClasses="0" numClasses="0" visitedMethods="0" numMethods="0" />
              <MetadataToken>100663387</MetadataToken>
              <Name>System.Void Xunit.Runner.Reporters.VerboseReporter::.ctor()</Name>
              <SequencePoints />
              <BranchPoints />
              <MethodPoint vc="0" uspid="10003" ordinal="0" offset="0" />
            </Method>
          </Methods>
        </Class>
        <Class>
          <Summary numSequencePoints="4" visitedSequencePoints="0" numBranchPoints="2" visitedBranchPoints="0" sequenceCoverage="0" branchCoverage="0" maxCyclomaticComplexity="1" minCyclomaticComplexity="1" maxCrapScore="2" minCrapScore="2" visitedClasses="0" numClasses="1" visitedMethods="0" numMethods="2" />
          <FullName>Xunit.Runner.Reporters.VerboseReporterMessageHandler</FullName>
          <Methods>
            <Method visited="false" cyclomaticComplexity="1" nPathComplexity="0" sequenceCoverage="0" branchCoverage="0" crapScore="2" isConstructor="true" isStatic="false" isGetter="false" isSetter="false">
              <Summary numSequencePoints="3" visitedSequencePoints="0" numBranchPoints="1" visitedBranchPoints="0" sequenceCoverage="0" branchCoverage="0" maxCyclomaticComplexity="1" minCyclomaticComplexity="1" maxCrapScore="2" minCrapScore="2" visitedClasses="0" numClasses="0" visitedMethods="0" numMethods="1" />
              <MetadataToken>100663388</MetadataToken>
              <Name>System.Void Xunit.Runner.Reporters.VerboseReporterMessageHandler::.ctor(Xunit.IRunnerLogger)</Name>
              <FileRef uid="623" />
              <SequencePoints>
                <SequencePoint vc="0" uspid="10004" ordinal="0" offset="0" sl="6" sc="15" el="6" ec="27" bec="0" bev="0" fileid="623" />
                <SequencePoint vc="0" uspid="10005" ordinal="1" offset="7" sl="8" sc="13" el="8" ec="118" bec="0" bev="0" fileid="623" />
                <SequencePoint vc="0" uspid="10006" ordinal="2" offset="30" sl="9" sc="9" el="9" ec="10" bec="0" bev="0" fileid="623" />
              </SequencePoints>
              <BranchPoints />
              <MethodPoint xsi:type="SequencePoint" vc="0" uspid="10004" ordinal="0" offset="0" sl="6" sc="15" el="6" ec="27" bec="0" bev="0" fileid="623" />
            </Method>
            <Method visited="false" cyclomaticComplexity="1" nPathComplexity="0" sequenceCoverage="0" branchCoverage="0" crapScore="2" isConstructor="false" isStatic="false" isGetter="false" isSetter="false">
              <Summary numSequencePoints="1" visitedSequencePoints="0" numBranchPoints="1" visitedBranchPoints="0" sequenceCoverage="0" branchCoverage="0" maxCyclomaticComplexity="1" minCyclomaticComplexity="1" maxCrapScore="2" minCrapScore="2" visitedClasses="0" numClasses="0" visitedMethods="0" numMethods="1" />
              <MetadataToken>100663389</MetadataToken>
              <Name>System.Void Xunit.Runner.Reporters.VerboseReporterMessageHandler::&lt;.ctor&gt;b__0_0(Xunit.MessageHandlerArgs`1&lt;Xunit.Abstractions.ITestStarting&gt;)</Name>
              <FileRef uid="623" />
              <SequencePoints>
                <SequencePoint vc="0" uspid="10007" ordinal="0" offset="0" sl="8" sc="52" el="8" ec="117" bec="0" bev="0" fileid="623" />
              </SequencePoints>
              <BranchPoints />
              <MethodPoint xsi:type="SequencePoint" vc="0" uspid="10007" ordinal="0" offset="0" sl="8" sc="52" el="8" ec="117" bec="0" bev="0" fileid="623" />
            </Method>
          </Methods>
        </Class>
      </Classes>
    </Module>
    <Module skippedDueTo="Filter" hash="57-32-E5-72-2D-2C-B5-A6-68-AB-C1-9A-ED-64-34-85-2D-0A-4F-C8">
      <ModulePath>C:\WINDOWS\Microsoft.Net\assembly\GAC_MSIL\System.Net.Http\v4.0_4.0.0.0__b03f5f7f11d50a3a\System.Net.Http.dll</ModulePath>
      <ModuleTime>2019-03-28T09:11:14Z</ModuleTime>
      <ModuleName>System.Net.Http</ModuleName>
      <Classes />
    </Module>
    <Module skippedDueTo="Filter" hash="4A-9D-81-85-DC-CF-74-ED-91-AC-6F-7B-37-3D-3E-0B-36-5C-56-66">
      <ModulePath>C:\WINDOWS\Microsoft.Net\assembly\GAC_MSIL\System\v4.0_4.0.0.0__b77a5c561934e089\System.dll</ModulePath>
      <ModuleTime>2019-07-24T02:58:28Z</ModuleTime>
      <ModuleName>System</ModuleName>
      <Classes />
    </Module>
    <Module skippedDueTo="Filter" hash="4D-1B-0D-8C-95-B0-F6-E4-23-A6-F4-64-1B-BD-C7-E9-24-22-EC-3A">
      <ModulePath>C:\WINDOWS\Microsoft.Net\assembly\GAC_32\System.Web\v4.0_4.0.0.0__b03f5f7f11d50a3a\System.Web.dll</ModulePath>
      <ModuleTime>2019-11-23T05:17:10Z</ModuleTime>
      <ModuleName>System.Web</ModuleName>
      <Classes />
    </Module>
    <Module skippedDueTo="Filter" hash="32-74-EF-25-E3-A9-11-0C-F0-FD-2D-7E-1A-97-75-45-D0-5E-8A-A8">
      <ModulePath>C:\WINDOWS\Microsoft.Net\assembly\GAC_MSIL\System.Xml.Linq\v4.0_4.0.0.0__b77a5c561934e089\System.Xml.Linq.dll</ModulePath>
      <ModuleTime>2019-03-28T09:11:14Z</ModuleTime>
      <ModuleName>System.Xml.Linq</ModuleName>
      <Classes />
    </Module>
    <Module skippedDueTo="Filter" hash="2D-4E-7D-93-79-73-1D-3F-7A-CD-83-B3-5F-27-A4-33-E4-E0-D0-C0">
      <ModulePath>C:\WINDOWS\Microsoft.Net\assembly\GAC_MSIL\System.Xml\v4.0_4.0.0.0__b77a5c561934e089\System.Xml.dll</ModulePath>
      <ModuleTime>2019-03-28T09:11:14Z</ModuleTime>
      <ModuleName>System.Xml</ModuleName>
      <Classes />
    </Module>
  </Modules>
</CoverageSession>